date Thu Jul 26 20:45:34.079 2018
base hex timestamps absolute
// ADAS version 7.0.0
// K-Matrix MBC SLP9
begin Triggerblock  date Thu Jul 26 20:45:34.079 2018
 20:45:34.079 Start of measurement
 20:45:34.095 
 20:45:34.095 
 20:45:34.096 t20083FFF033FFF7FFFFF
 20:45:34.096 t20180000000000000000
 20:45:34.096 t20280000000000000000
 20:45:34.096 t20380000000000000000
 20:45:34.096 t20480000000000000000
 20:45:34.096 t20580000000000000000
 20:45:34.161 t20083FFF033FFF7FFFFF
 20:45:34.161 t20180000000000000000
 20:45:34.161 t20280000000000000000
 20:45:34.161 t20380000000000000000
 20:45:34.161 t20480000000000000000
 20:45:34.161 t20580000000000000000
 20:45:34.261 t20083FFF033FFF7FFFFF
 20:45:34.261 t20180000000000000000
 20:45:34.261 t20280000000000000000
 20:45:34.261 t20380000000000000000
 20:45:34.261 t20480000000000000000
 20:45:34.261 t20580000000000000000
 20:45:34.360 t20083FFF033FFF7FFFFF
 20:45:34.360 t20180000000000000000
 20:45:34.361 t20280000000000000000
 20:45:34.361 t20380000000000000000
 20:45:34.361 t20480000000000000000
 20:45:34.361 t20580000000000000000
 20:45:34.460 t20083FFF033FFF7FFFFF
 20:45:34.460 t20180000000000000000
 20:45:34.461 t20280000000000000000
 20:45:34.461 t20380000000000000000
 20:45:34.461 t20480000000000000000
 20:45:34.461 t20580000000000000000
 20:45:34.560 t20083FFF033FFF7FFFFF
 20:45:34.561 t20180000000000000000
 20:45:34.561 t20280000000000000000
 20:45:34.561 t20380000000000000000
 20:45:34.561 t20480000000000000000
 20:45:34.561 t20580000000000000000
 20:45:34.660 t20083FFF033FFF7FFFFF
 20:45:34.660 t20180000000000000000
 20:45:34.660 t20280000000000000000
 20:45:34.661 t20380000000000000000
 20:45:34.661 t20480000000000000000
 20:45:34.661 t20580000000000000000
 20:45:34.760 t20083FFF033FFF7FFFFF
 20:45:34.761 t20180000000000000000
 20:45:34.761 t20280000000000000000
 20:45:34.761 t20380000000000000000
 20:45:34.761 t20480000000000000000
 20:45:34.761 t20580000000000000000
 20:45:34.860 t20083FFF033FFF7FFFFF
 20:45:34.861 t20180000000000000000
 20:45:34.861 t20280000000000000000
 20:45:34.862 t20380000000000000000
 20:45:34.862 t20480000000000000000
 20:45:34.862 t20580000000000000000
 20:45:34.960 t20083FFF033FFF7FFFFF
 20:45:34.960 t20180000000000000000
 20:45:34.960 t20280000000000000000
 20:45:34.961 t20380000000000000000
 20:45:34.961 t20480000000000000000
 20:45:34.961 t20580000000000000000
 20:45:35.063 t20083FFF033FFF7FFFFF
 20:45:35.063 t20180000000000000000
 20:45:35.063 t20280000000000000000
 20:45:35.064 t20380000000000000000
 20:45:35.064 t20480000000000000000
 20:45:35.064 t20580000000000000000
 20:45:35.161 t20083FFF033FFF7FFFFF
 20:45:35.161 t20180000000000000000
 20:45:35.161 t20280000000000000000
 20:45:35.161 t20380000000000000000
 20:45:35.162 t20480000000000000000
 20:45:35.162 t20580000000000000000
 20:45:35.264 t20083FFF033FFF7FFFFF
 20:45:35.264 t20180000000000000000
 20:45:35.265 t20280000000000000000
 20:45:35.265 t20380000000000000000
 20:45:35.265 t20480000000000000000
 20:45:35.265 t20580000000000000000
 20:45:35.361 t20083FFF033FFF7FFFFF
 20:45:35.361 t20180000000000000000
 20:45:35.361 t20280000000000000000
 20:45:35.362 t20380000000000000000
 20:45:35.362 t20480000000000000000
 20:45:35.362 t20580000000000000000
 20:45:35.461 t20083FFF033FFF7FFFFF
 20:45:35.461 t20180000000000000000
 20:45:35.462 t20280000000000000000
 20:45:35.462 t20380000000000000000
 20:45:35.462 t20480000000000000000
 20:45:35.462 t20580000000000000000
 20:45:35.561 t20083FFF033FFF7FFFFF
 20:45:35.561 t20180000000000000000
 20:45:35.562 t20280000000000000000
 20:45:35.562 t20380000000000000000
 20:45:35.562 t20480000000000000000
 20:45:35.562 t20580000000000000000
 20:45:35.661 t20083FFF033FFF7FFFFF
 20:45:35.661 t20180000000000000000
 20:45:35.661 t20280000000000000000
 20:45:35.662 t20380000000000000000
 20:45:35.662 t20480000000000000000
 20:45:35.662 t20580000000000000000
 20:45:35.761 t20083FFF033FFF7FFFFF
 20:45:35.761 t20180000000000000000
 20:45:35.761 t20280000000000000000
 20:45:35.761 t20380000000000000000
 20:45:35.761 t20480000000000000000
 20:45:35.761 t20580000000000000000
 20:45:35.862 t20083FFF033FFF7FFFFF
 20:45:35.862 t20180000000000000000
 20:45:35.863 t20280000000000000000
 20:45:35.863 t20380000000000000000
 20:45:35.863 t20480000000000000000
 20:45:35.863 t20580000000000000000
 20:45:35.961 t20083FFF033FFF7FFFFF
 20:45:35.961 t20180000000000000000
 20:45:35.961 t20280000000000000000
 20:45:35.961 t20380000000000000000
 20:45:35.962 t20480000000000000000
 20:45:35.962 t20580000000000000000
 20:45:36.061 t20083FFF033FFF7FFFFF
 20:45:36.061 t20180000000000000000
 20:45:36.061 t20280000000000000000
 20:45:36.061 t20380000000000000000
 20:45:36.061 t20480000000000000000
 20:45:36.061 t20580000000000000000
 20:45:36.161 t20083FFF033FFF7FFFFF
 20:45:36.161 t20180000000000000000
 20:45:36.161 t20280000000000000000
 20:45:36.161 t20380000000000000000
 20:45:36.162 t20480000000000000000
 20:45:36.162 t20580000000000000000
 20:45:36.261 t20083FFF033FFF7FFFFF
 20:45:36.262 t20180000000000000000
 20:45:36.262 t20280000000000000000
 20:45:36.262 t20380000000000000000
 20:45:36.262 t20480000000000000000
 20:45:36.262 t20580000000000000000
 20:45:36.361 t20083FFF033FFF7FFFFF
 20:45:36.361 t20180000000000000000
 20:45:36.361 t20280000000000000000
 20:45:36.361 t20380000000000000000
 20:45:36.361 t20480000000000000000
 20:45:36.361 t20580000000000000000
 20:45:36.461 t20083FFF033FFF7FFFFF
 20:45:36.462 t20180000000000000000
 20:45:36.462 t20280000000000000000
 20:45:36.462 t20380000000000000000
 20:45:36.462 t20480000000000000000
 20:45:36.462 t20580000000000000000
 20:45:36.561 t20083FFF033FFF7FFFFF
 20:45:36.561 t20180000000000000000
 20:45:36.561 t20280000000000000000
 20:45:36.561 t20380000000000000000
 20:45:36.562 t20480000000000000000
 20:45:36.562 t20580000000000000000
 20:45:36.661 t20083FFF033FFF7FFFFF
 20:45:36.661 t20180000000000000000
 20:45:36.661 t20280000000000000000
 20:45:36.661 t20380000000000000000
 20:45:36.661 t20480000000000000000
 20:45:36.661 t20580000000000000000
 20:45:36.761 t20083FFF033FFF7FFFFF
 20:45:36.761 t20180000000000000000
 20:45:36.761 t20280000000000000000
 20:45:36.761 t20380000000000000000
 20:45:36.761 t20480000000000000000
 20:45:36.761 t20580000000000000000
 20:45:36.861 t20083FFF033FFF7FFFFF
 20:45:36.861 t20180000000000000000
 20:45:36.861 t20280000000000000000
 20:45:36.862 t20380000000000000000
 20:45:36.862 t20480000000000000000
 20:45:36.862 t20580000000000000000
 20:45:36.961 t20083FFF033FFF7FFFFF
 20:45:36.961 t20180000000000000000
 20:45:36.961 t20280000000000000000
 20:45:36.961 t20380000000000000000
 20:45:36.961 t20480000000000000000
 20:45:36.961 t20580000000000000000
 20:45:37.063 t20083FFF033FFF7FFFFF
 20:45:37.063 t20180000000000000000
 20:45:37.063 t20280000000000000000
 20:45:37.063 t20380000000000000000
 20:45:37.063 t20480000000000000000
 20:45:37.063 t20580000000000000000
 20:45:37.160 t20083FFF033FFF7FFFFF
 20:45:37.161 t20180000000000000000
 20:45:37.161 t20280000000000000000
 20:45:37.161 t20380000000000000000
 20:45:37.161 t20480000000000000000
 20:45:37.161 t20580000000000000000
 20:45:37.261 t20083FFF033FFF7FFFFF
 20:45:37.261 t20180000000000000000
 20:45:37.261 t20280000000000000000
 20:45:37.261 t20380000000000000000
 20:45:37.261 t20480000000000000000
 20:45:37.261 t20580000000000000000
 20:45:37.360 t20083FFF033FFF7FFFFF
 20:45:37.361 t20180000000000000000
 20:45:37.361 t20280000000000000000
 20:45:37.361 t20380000000000000000
 20:45:37.361 t20480000000000000000
 20:45:37.361 t20580000000000000000
 20:45:37.460 t20083FFF033FFF7FFFFF
 20:45:37.460 t20180000000000000000
 20:45:37.461 t20280000000000000000
 20:45:37.461 t20380000000000000000
 20:45:37.461 t20480000000000000000
 20:45:37.461 t20580000000000000000
 20:45:37.561 t20083FFF033FFF7FFFFF
 20:45:37.561 t20180000000000000000
 20:45:37.561 t20280000000000000000
 20:45:37.561 t20380000000000000000
 20:45:37.561 t20480000000000000000
 20:45:37.562 t20580000000000000000
 20:45:37.661 t20083FFF033FFF7FFFFF
 20:45:37.661 t20180000000000000000
 20:45:37.661 t20280000000000000000
 20:45:37.661 t20380000000000000000
 20:45:37.662 t20480000000000000000
 20:45:37.662 t20580000000000000000
 20:45:37.761 t20083FFF033FFF7FFFFF
 20:45:37.761 t20180000000000000000
 20:45:37.761 t20280000000000000000
 20:45:37.761 t20380000000000000000
 20:45:37.761 t20480000000000000000
 20:45:37.761 t20580000000000000000
 20:45:37.860 t20083FFF033FFF7FFFFF
 20:45:37.861 t20180000000000000000
 20:45:37.861 t20280000000000000000
 20:45:37.861 t20380000000000000000
 20:45:37.861 t20480000000000000000
 20:45:37.862 t20580000000000000000
 20:45:37.960 t20083FFF033FFF7FFFFF
 20:45:37.960 t20180000000000000000
 20:45:37.961 t20280000000000000000
 20:45:37.961 t20380000000000000000
 20:45:37.961 t20480000000000000000
 20:45:37.961 t20580000000000000000
 20:45:38.060 t20083FFF033FFF7FFFFF
 20:45:38.060 t20180000000000000000
 20:45:38.060 t20280000000000000000
 20:45:38.061 t20380000000000000000
 20:45:38.061 t20480000000000000000
 20:45:38.061 t20580000000000000000
 20:45:38.160 t20083FFF033FFF7FFFFF
 20:45:38.160 t20180000000000000000
 20:45:38.161 t20280000000000000000
 20:45:38.161 t20380000000000000000
 20:45:38.161 t20480000000000000000
 20:45:38.161 t20580000000000000000
 20:45:38.260 t20083FFF033FFF7FFFFF
 20:45:38.260 t20180000000000000000
 20:45:38.261 t20280000000000000000
 20:45:38.265 t20380000000000000000
 20:45:38.265 t20480000000000000000
 20:45:38.265 t20580000000000000000
 20:45:38.360 t20083FFF033FFF7FFFFF
 20:45:38.361 t20180000000000000000
 20:45:38.361 t20280000000000000000
 20:45:38.361 t20380000000000000000
 20:45:38.361 t20480000000000000000
 20:45:38.361 t20580000000000000000
 20:45:38.460 t20083FFF033FFF7FFFFF
 20:45:38.460 t20180000000000000000
 20:45:38.460 t20280000000000000000
 20:45:38.461 t20380000000000000000
 20:45:38.461 t20480000000000000000
 20:45:38.461 t20580000000000000000
 20:45:38.560 t20083FFF033FFF7FFFFF
 20:45:38.560 t20180000000000000000
 20:45:38.561 t20280000000000000000
 20:45:38.561 t20380000000000000000
 20:45:38.561 t20480000000000000000
 20:45:38.561 t20580000000000000000
 20:45:38.662 t20083FFF033FFF7FFFFF
 20:45:38.662 t20180000000000000000
 20:45:38.662 t20280000000000000000
 20:45:38.662 t20380000000000000000
 20:45:38.662 t20480000000000000000
 20:45:38.662 t20580000000000000000
 20:45:38.761 t20083FFF033FFF7FFFFF
 20:45:38.761 t20180000000000000000
 20:45:38.762 t20280000000000000000
 20:45:38.762 t20380000000000000000
 20:45:38.762 t20480000000000000000
 20:45:38.762 t20580000000000000000
 20:45:38.861 t20083FFF033FFF7FFFFF
 20:45:38.861 t20180000000000000000
 20:45:38.862 t20280000000000000000
 20:45:38.862 t20380000000000000000
 20:45:38.862 t20480000000000000000
 20:45:38.862 t20580000000000000000
 20:45:38.967 t20083FFF033FFF7FFFFF
 20:45:38.967 t20180000000000000000
 20:45:38.967 t20280000000000000000
 20:45:38.967 t20380000000000000000
 20:45:38.967 t20480000000000000000
 20:45:38.967 t20580000000000000000
 20:45:39.061 t20083FFF033FFF7FFFFF
 20:45:39.061 t20180000000000000000
 20:45:39.061 t20280000000000000000
 20:45:39.062 t20380000000000000000
 20:45:39.062 t20480000000000000000
 20:45:39.062 t20580000000000000000
 20:45:39.161 t20083FFF033FFF7FFFFF
 20:45:39.161 t20180000000000000000
 20:45:39.161 t20280000000000000000
 20:45:39.161 t20380000000000000000
 20:45:39.161 t20480000000000000000
 20:45:39.162 t20580000000000000000
 20:45:39.261 t20083FFF033FFF7FFFFF
 20:45:39.261 t20180000000000000000
 20:45:39.262 t20280000000000000000
 20:45:39.262 t20380000000000000000
 20:45:39.262 t20480000000000000000
 20:45:39.262 t20580000000000000000
 20:45:39.361 t20083FFF033FFF7FFFFF
 20:45:39.361 t20180000000000000000
 20:45:39.361 t20280000000000000000
 20:45:39.361 t20380000000000000000
 20:45:39.361 t20480000000000000000
 20:45:39.361 t20580000000000000000
 20:45:39.461 t20083FFF033FFF7FFFFF
 20:45:39.461 t20180000000000000000
 20:45:39.461 t20280000000000000000
 20:45:39.461 t20380000000000000000
 20:45:39.462 t20480000000000000000
 20:45:39.462 t20580000000000000000
 20:45:39.561 t20083FFF033FFF7FFFFF
 20:45:39.561 t20180000000000000000
 20:45:39.561 t20280000000000000000
 20:45:39.561 t20380000000000000000
 20:45:39.561 t20480000000000000000
 20:45:39.561 t20580000000000000000
 20:45:39.662 t20083FFF033FFF7FFFFF
 20:45:39.662 t20180000000000000000
 20:45:39.662 t20280000000000000000
 20:45:39.662 t20380000000000000000
 20:45:39.662 t20480000000000000000
 20:45:39.662 t20580000000000000000
 20:45:39.761 t20083FFF433FFF7FFFFF
 20:45:39.761 t20185FFF40A8F8A0075F
 20:45:39.761 t20281FFF401400A0FE5F
 20:45:39.761 t20380000400000000000
 20:45:39.762 t20480000400000000000
 20:45:39.762 t2058C4006039FFFF3F00
 20:45:39.861 t20082000883E0044CA00
 20:45:39.861 t20184000880CF2F10979
 20:45:39.861 t202860008020F2F100F9
 20:45:39.861 t2038800088200107D9C4
 20:45:39.861 t2048BFFF80F8FFFFFFFF
 20:45:39.861 t2058D188A2027FFF5000
 20:45:39.961 t20082000C83E0044CA00
 20:45:39.961 t20184057C80CF2F18979
 20:45:39.961 t20286000C022F2F100F9
 20:45:39.961 t20388000C808010A7E3B
 20:45:39.962 t2048BFFFC0F8FFFFFFFF
 20:45:39.962 t2058D188E2027FFF5000
 20:45:40.061 t20082000083E0044CA00
 20:45:40.061 t20184184080CF2F1F17A
 20:45:40.061 t202860000022F2F100F9
 20:45:40.061 t20388057080808F7FA28
 20:45:40.061 t2048BFFF00F8FFFFFFFF
 20:45:40.061 t2058D18822027FFF5000
 20:45:40.161 t20082000483E0044CA00
 20:45:40.161 t20184000480EF2F10979
 20:45:40.161 t202860004022F2F100F9
 20:45:40.161 t20388125482003081607
 20:45:40.161 t2048BFFF40F8FFFFFFFF
 20:45:40.161 t2058D18862027FFF5000
 20:45:40.261 t20082000883E0044CA00
 20:45:40.261 t20184057880EF2F18979
 20:45:40.261 t202860008022F2F100F9
 20:45:40.261 t20388184882001C82609
 20:45:40.261 t2048BFFF80F8FFFFFFFF
 20:45:40.261 t2058D188A2027FFF5000
 20:45:40.361 t20082000C83E0044CA00
 20:45:40.361 t20184184C80EF2F1F17A
 20:45:40.361 t20286000C022F2F100F9
 20:45:40.361 t20388125C8080308DA35
 20:45:40.362 t2048BFFFC040FFFF000E
 20:45:40.362 t2058D188E2027FFF5000
 20:45:40.461 t20082000083E0044CA00
 20:45:40.461 t20184000080EF2F10979
 20:45:40.461 t202860000022F2F100F9
 20:45:40.461 t20388184080801C911A1
 20:45:40.462 t2048BFFF0040FFFF000E
 20:45:40.462 t2058D18822027FFF5000
 20:45:40.561 t20082000483E0044CA00
 20:45:40.561 t20184057480EF2F18979
 20:45:40.561 t202860004022F2F100F9
 20:45:40.561 t203881BD482006382E0D
 20:45:40.562 t2048BFFF4040FFFF000E
 20:45:40.562 t2058D18862027FFF5000
 20:45:40.661 t20082000883E0044CA00
 20:45:40.661 t201842B7880CF2F1F17B
 20:45:40.661 t2028639488244AF1FBF9
 20:45:40.662 t2038800088220107D9C4
 20:45:40.662 t2048BFFF8040FFFF000E
 20:45:40.662 t2058D188A2027FFF5000
 20:45:40.761 t20082000C83E0044CA00
 20:45:40.761 t20184394C80CAAF1F17A
 20:45:40.761 t20286394C818AAF1F9FA
 20:45:40.761 t203881BDC8080637C5AF
 20:45:40.761 t2048BFFFC040FFFF000E
 20:45:40.761 t2058D188E2027FFF5000
 20:45:40.860 t20082000083E0044CA00
 20:45:40.861 t201843D1080CF2F1F17A
 20:45:40.861 t202860000022F2F100F9
 20:45:40.861 t20388000080A010A7E3B
 20:45:40.861 t2048BFFF0040FFFF000E
 20:45:40.861 t2058D18822027FFF5000
 20:45:40.960 t20082000483E0044CA00
 20:45:40.961 t20184000490C4AF1F179
 20:45:40.961 t2028639448264AF1FBF9
 20:45:40.961 t20388057482208F80A04
 20:45:40.961 t20480000400000000000
 20:45:40.961 t2058D18862027FFF5000
 20:45:41.061 t20082000883E0044CA00
 20:45:41.061 t20184000880EF2F10979
 20:45:41.061 t20286394881AAAF1F9FA
 20:45:41.061 t20388125882203081607
 20:45:41.061 t20480000800000000000
 20:45:41.062 t2058D188A2027FFF5000
 20:45:41.161 t20082000C83E0044CA00
 20:45:41.161 t20184057C80EF2F18979
 20:45:41.161 t20286000C022F2F100F9
 20:45:41.161 t20388057C80A08F7FA28
 20:45:41.162 t20480000C00000000000
 20:45:41.162 t2058D188E2027FFF5000
 20:45:41.260 t20082000083E0044CA00
 20:45:41.260 t20184184080EF2F1F17A
 20:45:41.261 t2028639408264AF1FBF9
 20:45:41.261 t20388125080A0308DA35
 20:45:41.261 t20480000000000000000
 20:45:41.261 t2058D18822027FFF5000
 20:45:41.360 t20082000483E0044CA00
 20:45:41.361 t201842B7480EF2F1F17B
 20:45:41.361 t20286394481AAAF1F9FA
 20:45:41.361 t203882B8482002B84A0C
 20:45:41.361 t20480000400000000000
 20:45:41.361 t2058D18862027FFF5000
 20:45:41.460 t20082000883E0044CA00
 20:45:41.461 t20184394880EAAF1F17A
 20:45:41.461 t202860008022F2F100F9
 20:45:41.461 t20388394882003D80E07
 20:45:41.461 t20480000800000000000
 20:45:41.461 t2058D188A2027FFF5000
 20:45:41.560 t20082000C83E0044CA00
 20:45:41.560 t201843D1C80EF2F1F17A
 20:45:41.561 t20286394C8264AF1FBF9
 20:45:41.561 t203882B8C80802B6A1AE
 20:45:41.561 t20480000C00000000000
 20:45:41.561 t2058D188E2027FFF5000
 20:45:41.660 t20082000083E0044CA00
 20:45:41.661 t20184000090E4AF1F179
 20:45:41.661 t20286394081AAAF1F9FA
 20:45:41.661 t20388394080803D6A1A8
 20:45:41.661 t20480000000000000000
 20:45:41.661 t2058D18822027FFF5000
 20:45:41.761 t20082000483E0044CA00
 20:45:41.761 t20184000480EF2F10979
 20:45:41.761 t202860004022F2F100F9
 20:45:41.761 t20388000492001B81604
 20:45:41.762 t20480000400000000000
 20:45:41.762 t2058D18862027FFF5000
 20:45:41.860 t20082000883E0044CA00
 20:45:41.860 t20184057880EF2F18979
 20:45:41.860 t2028639488264AF1FBF9
 20:45:41.860 t2038802F89203FF80BFF
 20:45:41.861 t20480000800000000000
 20:45:41.861 t2058D188A2027FFF5000
 20:45:41.960 t20082000C83E0044CA00
 20:45:41.961 t20184184C80EF2F1F17A
 20:45:41.961 t20286394C81AAAF1F9FA
 20:45:41.961 t20388000C90801B952CC
 20:45:41.961 t20480000C00000000000
 20:45:41.961 t2058D188E2027FFF5000
 20:45:42.060 t20082000083E0044CA00
 20:45:42.061 t201842B7080EF2F1F17B
 20:45:42.061 t202860000022F2F100F9
 20:45:42.061 t2038802F09083FFBBFFF
 20:45:42.062 t20480000000000000000
 20:45:42.062 t2058D18822027FFF5000
 20:45:42.160 t20082000483E0044CA00
 20:45:42.160 t20184394480EAAF1F17A
 20:45:42.160 t2028639448264AF1FBF9
 20:45:42.160 t2038800048220107D9C4
 20:45:42.161 t20480000400000000000
 20:45:42.161 t2058D18862027FFF5000
 20:45:42.260 t20082000883E0044CA00
 20:45:42.260 t201843D1880EF2F1F17A
 20:45:42.260 t20286394881AAAF1F9FA
 20:45:42.260 t20388057882208F80A04
 20:45:42.260 t20480000800000000000
 20:45:42.261 t2058D188A2027FFF5000
 20:45:42.360 t20082000C83E0044CA00
 20:45:42.360 t20184000C90E4AF1F179
 20:45:42.361 t20286000C022F2F100F9
 20:45:42.361 t20388000C80A010A7E3B
 20:45:42.361 t20480000C00000000000
 20:45:42.361 t2058D188E2027FFF5000
 20:45:42.460 t20082000083E0044CA00
 20:45:42.460 t20184000080EF2F10979
 20:45:42.461 t2028639408264AF1FBF9
 20:45:42.461 t20388057080A08F7FA28
 20:45:42.462 t20480000000000000000
 20:45:42.462 t2058D18822027FFF5000
 20:45:42.560 t20082000483E0044CA00
 20:45:42.560 t20184057480EF2F18979
 20:45:42.560 t20286394481AAAF1F9FA
 20:45:42.561 t20388125482203081607
 20:45:42.561 t20480000400000000000
 20:45:42.561 t2058D18862027FFF5000
 20:45:42.660 t20082000883E0044CA00
 20:45:42.660 t20184184880EF2F1F17A
 20:45:42.661 t202860008022F2F100F9
 20:45:42.661 t20388184882201C82609
 20:45:42.661 t20480000800000000000
 20:45:42.661 t2058D188A2027FFF5000
 20:45:42.760 t20082000C83E0044CA00
 20:45:42.760 t201842B7C80EF2F1F17B
 20:45:42.760 t20286394C8264AF1FBF9
 20:45:42.760 t20388125C80A0308DA35
 20:45:42.760 t20480000C00000000000
 20:45:42.760 t2058D188E2027FFF5000
 20:45:42.860 t20082000083E0044CA00
 20:45:42.860 t20184394080EAAF1F17A
 20:45:42.860 t20286394081AAAF1F9FA
 20:45:42.861 t20388184080A01C911A1
 20:45:42.861 t20480000000000000000
 20:45:42.861 t2058D18822027FFF5000
 20:45:42.960 t20082000483E0044CA00
 20:45:42.960 t201843D1480EF2F1F17A
 20:45:42.960 t202860004022F2F100F9
 20:45:42.960 t203881BD482206382E0D
 20:45:42.960 t20480000400000000000
 20:45:42.960 t2058D18862027FFF5000
 20:45:43.061 t20082000883E0044CA00
 20:45:43.062 t20184000890E4AF1F179
 20:45:43.062 t2028639488264AF1FBF9
 20:45:43.062 t203882B8882202B84A0C
 20:45:43.062 t20480000800000000000
 20:45:43.063 t2058D188A2027FFF5000
 20:45:43.161 t20082000C83E0044CA00
 20:45:43.161 t20184000C80EF2F10979
 20:45:43.162 t20286394C81AAAF1F9FA
 20:45:43.162 t203881BDC80A0637C5AF
 20:45:43.162 t20480000C00000000000
 20:45:43.162 t2058D188E2027FFF5000
 20:45:43.261 t20082000083E0044CA00
 20:45:43.261 t20184057080EF2F18979
 20:45:43.261 t202860000022F2F100F9
 20:45:43.262 t203882B8080A02B6A1AE
 20:45:43.262 t20480000000000000000
 20:45:43.262 t2058D18822027FFF5000
 20:45:43.361 t20082000483E0044CA00
 20:45:43.361 t20184184480EF2F1F17A
 20:45:43.361 t2028639448264AF1FBF9
 20:45:43.362 t20388394482203D80E07
 20:45:43.362 t20480000400000000000
 20:45:43.362 t2058D18862027FFF5000
 20:45:43.461 t20082000883E0044CA00
 20:45:43.461 t201842B7880EF2F1F17B
 20:45:43.461 t20286394881AAAF1F9FA
 20:45:43.461 t20388000892201B81604
 20:45:43.461 t20480000800000000000
 20:45:43.461 t2058D188A2027FFF5000
 20:45:43.561 t20082000C83E0044CA00
 20:45:43.561 t20184394C80EAAF1F17A
 20:45:43.561 t20286000C022F2F100F9
 20:45:43.561 t20388394C80A03D6A1A8
 20:45:43.561 t20480000C00000000000
 20:45:43.561 t2058D188E2027FFF5000
 20:45:43.661 t20082000083E0044CA00
 20:45:43.661 t201843D1080EF2F1F17A
 20:45:43.661 t2028639408264AF1FBF9
 20:45:43.662 t20388000090A01B952CC
 20:45:43.662 t20480000000000000000
 20:45:43.662 t2058D18822027FFF5000
 20:45:43.761 t20082000483E0044CA00
 20:45:43.761 t20184000490E4AF1F179
 20:45:43.761 t20286394481AAAF1F9FA
 20:45:43.762 t2038802F49223FF80BFF
 20:45:43.762 t20480000400000000000
 20:45:43.762 t2058D18862027FFF5000
 20:45:43.861 t20082000883E0044CA00
 20:45:43.861 t20184000880EF2F10979
 20:45:43.861 t202860008022F2F100F9
 20:45:43.862 t2038800088220107D9C4
 20:45:43.862 t20480000800000000000
 20:45:43.862 t2058D188A2027FFF5000
 20:45:43.961 t20082000C83E0044CA00
 20:45:43.961 t20184057C80EF2F18979
 20:45:43.961 t20286394C8264AF1FBF9
 20:45:43.961 t2038802FC90A3FFBBFFF
 20:45:43.962 t20480000C00000000000
 20:45:43.962 t2058D188E2027FFF5000
 20:45:44.061 t20082002083E0044CA00
 20:45:44.061 t20184184080EF2F1F17A
 20:45:44.061 t20286394081AAAF1F9FA
 20:45:44.061 t20388000080A010A7E3B
 20:45:44.062 t20480000000000000000
 20:45:44.062 t2058D18822027FFF5000
 20:45:44.161 t20082005483E0044CA00
 20:45:44.161 t201842B7480EF2F1F17B
 20:45:44.161 t202860004022F2F100F9
 20:45:44.161 t20388057482208F80A04
 20:45:44.161 t20480000400000000000
 20:45:44.161 t2058D18862027FFF5000
 20:45:44.260 t20082008883E0044CA00
 20:45:44.261 t20184394880EAAF1F17A
 20:45:44.261 t2028639488264AF1FBF9
 20:45:44.261 t20388125882203081607
 20:45:44.261 t20480000800000000000
 20:45:44.261 t2058D188A2027FFF5000
 20:45:44.361 t2008200BC83E0044CA00
 20:45:44.361 t201843D1C80EF2F1F17A
 20:45:44.361 t20286394C81AAAF1F9FA
 20:45:44.361 t20388057C80A08F7FA28
 20:45:44.361 t20480000C00000000000
 20:45:44.361 t2058D188E2027FFF5000
 20:45:44.461 t2008200D083E0044CA00
 20:45:44.461 t20184000090E4AF1F179
 20:45:44.461 t202860000022F2F100F9
 20:45:44.461 t20388125080A0308DA35
 20:45:44.462 t20480000000000000000
 20:45:44.462 t2058D18822027FFF5000
 20:45:44.561 t20082010483E0044CA00
 20:45:44.561 t20184000480EF2F10979
 20:45:44.561 t2028639448264AF1FBF9
 20:45:44.561 t20388184482201C82609
 20:45:44.562 t20480000400000000000
 20:45:44.562 t2058D18862027FFF5000
 20:45:44.661 t20082013883E0044CA00
 20:45:44.661 t20184057880EF2F18979
 20:45:44.661 t20286394881AAAF1F9FA
 20:45:44.661 t203881BD882206382E0D
 20:45:44.661 t20480000800000000000
 20:45:44.662 t2058D188A2027FFF5000
 20:45:44.760 t20082016C83E0044CA00
 20:45:44.761 t20184184C80EF2F1F17A
 20:45:44.761 t20286000C022F2F100F9
 20:45:44.761 t20388184C80A01C911A1
 20:45:44.761 t20480000C00000000000
 20:45:44.761 t2058D188E2027FFF5000
 20:45:44.860 t20082019083E0044CA00
 20:45:44.860 t201842B7080EF2F1F17B
 20:45:44.861 t2028639408264AF1FBF9
 20:45:44.861 t203881BD080A0637C5AF
 20:45:44.861 t20480000000000000000
 20:45:44.861 t2058D18822027FFF5000
 20:45:44.962 t2008201B483E0044CA00
 20:45:44.962 t20184394480EAAF1F17A
 20:45:44.962 t20286394481AAAF1F9FA
 20:45:44.962 t203882B8482202B84A0C
 20:45:44.962 t20480000400000000000
 20:45:44.962 t2058D18862027FFF5000
 20:45:45.060 t2008201E883E0044CA00
 20:45:45.060 t201843D1880EF2F1F17A
 20:45:45.061 t202860008022F2F100F9
 20:45:45.061 t20388394882203D80E07
 20:45:45.061 t20480000800000000000
 20:45:45.061 t2058D188A2027FFF5000
 20:45:45.160 t20082021C83E0044CA00
 20:45:45.160 t20184000C90E4AF1F179
 20:45:45.161 t20286394C8264AF1FBF9
 20:45:45.161 t203881BDC82206382E0D
 20:45:45.161 t20480000C00000000000
 20:45:45.161 t2058D188E2027FFF5000
 20:45:45.260 t20082024083E0044CA00
 20:45:45.261 t201843D1080EF2F1F17A
 20:45:45.261 t20286394081AAAF1F9FA
 20:45:45.261 t203882B8082202B84A0C
 20:45:45.262 t20480000000000000000
 20:45:45.262 t2058D18822027FFF5000
 20:45:45.360 t20082026483E0044CA00
 20:45:45.361 t20184000490E4AF1F179
 20:45:45.361 t202860004022F2F100F9
 20:45:45.361 t20388184482201C82609
 20:45:45.361 t20480000400000000000
 20:45:45.361 t2058D18862027FFF5000
 20:45:45.461 t20082029883E0044CA00
 20:45:45.461 t20184000890E4AF1F179
 20:45:45.461 t202860008022F2F100F9
 20:45:45.461 t203881BD882206382E0D
 20:45:45.462 t20480000800000000000
 20:45:45.462 t2058D188A2027FFF5000
 20:45:45.560 t2008202CC83E0044CA00
 20:45:45.560 t20184000C80EF2F10979
 20:45:45.560 t20286394C8264AF1FBF9
 20:45:45.561 t20388057C82208F80A04
 20:45:45.561 t20480000C00000000000
 20:45:45.561 t2058D188E2027FFF5000
 20:45:45.660 t2008202F083E0044CA00
 20:45:45.660 t20184184080EF2F1F17A
 20:45:45.661 t2028639408264AF1FBF9
 20:45:45.661 t20388125082203081607
 20:45:45.661 t20480000000000000000
 20:45:45.661 t2058D18822027FFF5000
 20:45:45.760 t20082032483E0044CA00
 20:45:45.761 t201842B7480EF2F1F17B
 20:45:45.761 t20286394481AAAF1F9FA
 20:45:45.761 t20388125482203081607
 20:45:45.761 t20480000400000000000
 20:45:45.761 t2058D18862027FFF5000
 20:45:45.860 t20082034883E0044CA00
 20:45:45.861 t20184000880EF2F10979
 20:45:45.861 t2028639488264AF1FBF9
 20:45:45.861 t20388184882201C82609
 20:45:45.861 t20480000800000000000
 20:45:45.861 t2058D188A2027FFF5000
 20:45:45.960 t20082037C83E0044CA00
 20:45:45.961 t20184057C80EF2F18979
 20:45:45.961 t20286394C81AAAF1F9FA
 20:45:45.961 t20388184C82201C82609
 20:45:45.961 t20480000C00000000000
 20:45:45.961 t2058D188E2027FFF5000
 20:45:46.061 t2008203A083E0044CA00
 20:45:46.062 t20184057080EF2F18979
 20:45:46.062 t202860000022F2F100F9
 20:45:46.063 t203881BD082206382E0D
 20:45:46.063 t20480000000000000000
 20:45:46.063 t2058D18822027FFF5000
 20:45:46.160 t2008203D483E0044CA00
 20:45:46.160 t20184184480EF2F1F17A
 20:45:46.160 t2028639448264AF1FBF9
 20:45:46.160 t20388000492201B81604
 20:45:46.161 t20480000400000000000
 20:45:46.161 t2058D18862027FFF5000
 20:45:46.260 t2008203F883E0044CA00
 20:45:46.260 t201842B7880EF2F1F17B
 20:45:46.260 t20286394881AAAF1F9FA
 20:45:46.260 t2038802F89223FF80BFF
 20:45:46.260 t20480000800000000000
 20:45:46.260 t2058D188A2027FFF5000
 20:45:46.360 t20082042C83E0044CA00
 20:45:46.360 t20184394C80EAAF1F17A
 20:45:46.361 t20286000C022F2F100F9
 20:45:46.361 t20388000C8220107D9C4
 20:45:46.361 t20480000C00000000000
 20:45:46.361 t2058D188E2027FFF5000
 20:45:46.460 t20082045083E0044CA00
 20:45:46.460 t201843D1080EF2F1F17A
 20:45:46.460 t2028639408264AF1FBF9
 20:45:46.461 t20388057082208F80A04
 20:45:46.461 t20480000000000000000
 20:45:46.461 t2058D18822027FFF5000
 20:45:46.560 t20082048483E0044CA00
 20:45:46.560 t20184000490E4AF1F179
 20:45:46.560 t20286394481AAAF1F9FA
 20:45:46.561 t20388125482203081607
 20:45:46.561 t20480000400000000000
 20:45:46.561 t2058D18862027FFF5000
 20:45:46.660 t2008204B883E0044CA00
 20:45:46.660 t20184000880EF2F10979
 20:45:46.660 t202860008022F2F100F9
 20:45:46.660 t20388184882201C82609
 20:45:46.660 t20480000800000000000
 20:45:46.660 t2058D188A2027FFF5000
 20:45:46.760 t2008204DC83E0044CA00
 20:45:46.760 t20184057C80EF2F18979
 20:45:46.760 t20286394C8264AF1FBF9
 20:45:46.761 t203881BDC82206382E0D
 20:45:46.761 t20480000C00000000000
 20:45:46.761 t2058D188E2027FFF5000
 20:45:46.860 t20082050083E0044CA00
 20:45:46.860 t20184184080EF2F1F17A
 20:45:46.860 t20286394081AAAF1F9FA
 20:45:46.860 t203882B8082202B84A0C
 20:45:46.860 t20480000000000000000
 20:45:46.860 t2058D18822027FFF5000
 20:45:46.960 t20082053483E0044CA00
 20:45:46.960 t201842B7480EF2F1F17B
 20:45:46.960 t202860004022F2F100F9
 20:45:46.960 t20388394482203D80E07
 20:45:46.960 t20480000400000000000
 20:45:46.960 t2058D18862027FFF5000
 20:45:47.061 t20082056883E0044CA00
 20:45:47.061 t20184394880EAAF1F17A
 20:45:47.061 t2028639488264AF1FBF9
 20:45:47.062 t20388000892201B81604
 20:45:47.062 t20480000800000000000
 20:45:47.062 t2058D188A2027FFF5000
 20:45:47.161 t20082058C83E0044CA00
 20:45:47.161 t201843D1C80EF2F1F17A
 20:45:47.161 t20286394C81AAAF1F9FA
 20:45:47.161 t2038802FC9223FF80BFF
 20:45:47.162 t20480000C00000000000
 20:45:47.162 t2058D188E2027FFF5000
 20:45:47.261 t2008205B083E0044CA00
 20:45:47.261 t20184000090E4AF1F179
 20:45:47.261 t202860000022F2F100F9
 20:45:47.262 t2038800008220107D9C4
 20:45:47.262 t20480000000000000000
 20:45:47.262 t2058D18822027FFF5000
 20:45:47.361 t2008205E483E0044CA00
 20:45:47.361 t20184000480EF2F10979
 20:45:47.361 t2028639448264AF1FBF9
 20:45:47.362 t20388057482208F80A04
 20:45:47.362 t20480000400000000000
 20:45:47.362 t2058D18862027FFF5000
 20:45:47.462 t20082060883E0044CA00
 20:45:47.462 t20184057880EF2F18979
 20:45:47.462 t20286394881AAAF1F9FA
 20:45:47.462 t20388125882203081607
 20:45:47.463 t20480000800000000000
 20:45:47.463 t2058D188A2027FFF5000
 20:45:47.561 t20082063C83E0044CA00
 20:45:47.561 t20184184C80EF2F1F17A
 20:45:47.561 t20286000C022F2F100F9
 20:45:47.561 t20388184C82201C82609
 20:45:47.561 t20480000C00000000000
 20:45:47.561 t2058D188E2027FFF5000
 20:45:47.661 t20082066083E0044CA00
 20:45:47.661 t201842B7080EF2F1F17B
 20:45:47.661 t2028639408264AF1FBF9
 20:45:47.661 t203881BD082206382E0D
 20:45:47.661 t20480000000000000000
 20:45:47.661 t2058D18822027FFF5000
 20:45:47.761 t20082069483E0044CA00
 20:45:47.761 t20184394480EAAF1F17A
 20:45:47.761 t20286394481AAAF1F9FA
 20:45:47.761 t203882B8482202B84A0C
 20:45:47.761 t20480000400000000000
 20:45:47.761 t2058D18862027FFF5000
 20:45:47.861 t2008206B883E0044CA00
 20:45:47.861 t201843D1880EF2F1F17A
 20:45:47.861 t202860008022F2F100F9
 20:45:47.861 t20388394882203D80E07
 20:45:47.862 t20480000800000000000
 20:45:47.862 t2058D188A2027FFF5000
 20:45:47.961 t2008206EC83E0044CA00
 20:45:47.961 t20184000C90E4AF1F179
 20:45:47.961 t20286394C8264AF1FBF9
 20:45:47.961 t20388000C92201B81604
 20:45:47.962 t20480000C00000000000
 20:45:47.962 t2058D188E2027FFF5000
 20:45:48.061 t20082071083E0044CA00
 20:45:48.061 t20184000080EF2F10979
 20:45:48.061 t20286394081AAAF1F9FA
 20:45:48.061 t2038802F09223FF80BFF
 20:45:48.062 t20480000000000000000
 20:45:48.062 t2058D18822027FFF5000
 20:45:48.160 t20082074483E0044CA00
 20:45:48.161 t20184057480EF2F18979
 20:45:48.161 t202860004022F2F100F9
 20:45:48.161 t2038800048220107D9C4
 20:45:48.161 t20480000400000000000
 20:45:48.161 t2058D18862027FFF5000
 20:45:48.260 t20082077883E0044CA00
 20:45:48.261 t20184184880EF2F1F17A
 20:45:48.261 t2028639488264AF1FBF9
 20:45:48.261 t20388057882208F80A04
 20:45:48.261 t20480000800000000000
 20:45:48.261 t2058D188A2027FFF5000
 20:45:48.361 t20082079C83E0044CA00
 20:45:48.361 t201842B7C80EF2F1F17B
 20:45:48.361 t20286394C81AAAF1F9FA
 20:45:48.361 t20388125C82203081607
 20:45:48.361 t20480000C00000000000
 20:45:48.362 t2058D188E2027FFF5000
 20:45:48.460 t2008207C083E0044CA00
 20:45:48.461 t20184394080EAAF1F17A
 20:45:48.461 t202860000022F2F100F9
 20:45:48.461 t20388184082201C82609
 20:45:48.461 t20480000000000000000
 20:45:48.461 t2058D18822027FFF5000
 20:45:48.561 t2008207F483E0044CA00
 20:45:48.561 t201843D1480EF2F1F17A
 20:45:48.561 t2028639448264AF1FBF9
 20:45:48.561 t203881BD482206382E0D
 20:45:48.561 t20480000400000000000
 20:45:48.562 t2058D18862027FFF5000
 20:45:48.661 t20082082883E0044CA00
 20:45:48.661 t20184000890E4AF1F179
 20:45:48.662 t20286394881AAAF1F9FA
 20:45:48.662 t203882B8882202B84A0C
 20:45:48.663 t20480000800000000000
 20:45:48.663 t2058D188A2027FFF5000
 20:45:48.760 t20082084C83E0044CA00
 20:45:48.761 t20184000C80EF2F10979
 20:45:48.761 t20286000C022F2F100F9
 20:45:48.761 t20388394C82203D80E07
 20:45:48.761 t20480000C00000000000
 20:45:48.762 t2058D188E2027FFF5000
 20:45:48.860 t20082087083E0044CA00
 20:45:48.860 t20184057080EF2F18979
 20:45:48.861 t2028639408264AF1FBF9
 20:45:48.861 t20388000092201B81604
 20:45:48.861 t20480000000000000000
 20:45:48.861 t2058D18822027FFF5000
 20:45:48.960 t2008208A483E0044CA00
 20:45:48.960 t20184184480EF2F1F17A
 20:45:48.960 t20286394481AAAF1F9FA
 20:45:48.961 t2038802F49223FF80BFF
 20:45:48.961 t20480000400000000000
 20:45:48.961 t2058D18862027FFF5000
 20:45:49.060 t2008208D883E0044CA00
 20:45:49.061 t201842B7880EF2F1F17B
 20:45:49.061 t202860008022F2F100F9
 20:45:49.061 t2038800088220107D9C4
 20:45:49.061 t20480000800000000000
 20:45:49.062 t2058D188A2027FFF5000
 20:45:49.160 t20082090C83E0044CA00
 20:45:49.161 t20184394C80EAAF1F17A
 20:45:49.161 t20286394C8264AF1FBF9
 20:45:49.161 t20388057C82208F80A04
 20:45:49.161 t20480000C00000000000
 20:45:49.162 t2058D188E2027FFF5000
 20:45:49.260 t20082092083E0044CA00
 20:45:49.261 t201843D1080EF2F1F17A
 20:45:49.261 t20286394081AAAF1F9FA
 20:45:49.261 t20388125082203081607
 20:45:49.261 t20480000000000000000
 20:45:49.261 t2058D18822027FFF5000
 20:45:49.360 t20082095483E0044CA00
 20:45:49.360 t20184000490E4AF1F179
 20:45:49.361 t202860004022F2F100F9
 20:45:49.361 t2038842048203FF80FFF
 20:45:49.361 t20480000400000000000
 20:45:49.361 t2058D18862027FFF5000
 20:45:49.462 t20082098883E0044CA00
 20:45:49.462 t20184000880EF2F10979
 20:45:49.462 t2028639488264AF1FBF9
 20:45:49.462 t20388057882208F80A04
 20:45:49.462 t20480000800000000000
 20:45:49.463 t2058D188A2027FFF5000
 20:45:49.560 t2008209BC83E0044CA00
 20:45:49.560 t20184057C80EF2F18979
 20:45:49.560 t20286394C81AAAF1F9FA
 20:45:49.560 t20388125C82203081607
 20:45:49.561 t20480000C00000000000
 20:45:49.561 t2058D188E2027FFF5000
 20:45:49.660 t2008209D083E0044CA00
 20:45:49.660 t20184184080EF2F1F17A
 20:45:49.660 t202860000022F2F100F9
 20:45:49.660 t20388184082201C82609
 20:45:49.660 t20480000000000000000
 20:45:49.662 t2058D18822027FFF5000
 20:45:49.760 t200820A0483E0044CA00
 20:45:49.760 t201842B7480EF2F1F17B
 20:45:49.760 t2028639448264AF1FBF9
 20:45:49.760 t203881BD482206382E0D
 20:45:49.761 t20480000400000000000
 20:45:49.761 t2058D18862027FFF5000
 20:45:49.860 t200820A3883E0044CA00
 20:45:49.860 t20184394880EAAF1F17A
 20:45:49.860 t20286394881AAAF1F9FA
 20:45:49.860 t203882B8882202B84A0C
 20:45:49.860 t20480000800000000000
 20:45:49.861 t2058D188A2027FFF5000
 20:45:49.960 t200820A6C83E0044CA00
 20:45:49.960 t201843D1C80EF2F1F17A
 20:45:49.960 t20286000C022F2F100F9
 20:45:49.960 t20388394C82203D80E07
 20:45:49.960 t20480000C00000000000
 20:45:49.961 t2058D188E2027FFF5000
 20:45:50.060 t200820A9083E0044CA00
 20:45:50.060 t20184000090E4AF1F179
 20:45:50.061 t2028639408264AF1FBF9
 20:45:50.061 t2038842008223FF80FFF
 20:45:50.061 t20480000000000000000
 20:45:50.061 t2058D18822027FFF5000
 20:45:50.160 t200820AB483E0044CA00
 20:45:50.160 t20184000480EF2F10979
 20:45:50.160 t20286394481AAAF1F9FA
 20:45:50.161 t20388000492201B81604
 20:45:50.161 t20480000400000000000
 20:45:50.161 t2058D18862027FFF5000
 20:45:50.260 t200820AE883E0044CA00
 20:45:50.260 t20184057880EF2F18979
 20:45:50.260 t202860008022F2F100F9
 20:45:50.261 t2038802F89223FF80BFF
 20:45:50.261 t20480000800000000000
 20:45:50.261 t2058D188A2027FFF5000
 20:45:50.360 t200820B1C83E0044CA00
 20:45:50.360 t20184184C80EF2F1F17A
 20:45:50.360 t20286394C8264AF1FBF9
 20:45:50.360 t20388057C82208F80A04
 20:45:50.360 t20480000C00000000000
 20:45:50.360 t2058D188E2027FFF5000
 20:45:50.460 t200820B4083E0044CA00
 20:45:50.460 t201842B7080EF2F1F17B
 20:45:50.461 t20286394081AAAF1F9FA
 20:45:50.461 t20388125082203081607
 20:45:50.461 t20480000000000000000
 20:45:50.461 t2058D18822027FFF5000
 20:45:50.560 t200820B6483E0044CA00
 20:45:50.560 t20184394480EAAF1F17A
 20:45:50.560 t202860004022F2F100F9
 20:45:50.561 t20388184482201C82609
 20:45:50.561 t20480000400000000000
 20:45:50.561 t2058D18862027FFF5000
 20:45:50.660 t200820B9883E0044CA00
 20:45:50.660 t201843D1880EF2F1F17A
 20:45:50.661 t2028639488264AF1FBF9
 20:45:50.661 t203881BD882206382E0D
 20:45:50.661 t20480000800000000000
 20:45:50.661 t2058D188A2027FFF5000
 20:45:50.760 t200820BCC83E0044CA00
 20:45:50.761 t20184000C90E4AF1F179
 20:45:50.761 t20286394C81AAAF1F9FA
 20:45:50.761 t203882B8C82202B84A0C
 20:45:50.761 t20480000C00000000000
 20:45:50.761 t2058D188E2027FFF5000
 20:45:50.860 t200820BF083E0044CA00
 20:45:50.860 t20184000080EF2F10979
 20:45:50.860 t202860000022F2F100F9
 20:45:50.861 t20388394082203D80E07
 20:45:50.861 t20480000000000000000
 20:45:50.861 t2058D18822027FFF5000
 20:45:50.960 t200820C2483E0044CA00
 20:45:50.960 t20184057480EF2F18979
 20:45:50.960 t2028639448264AF1FBF9
 20:45:50.960 t2038842048223FF80FFF
 20:45:50.961 t20480000400000000000
 20:45:50.961 t2058D18862027FFF5000
 20:45:51.060 t200820C4883E0044CA00
 20:45:51.060 t20184184880EF2F1F17A
 20:45:51.060 t20286394881AAAF1F9FA
 20:45:51.060 t20388000892201B81604
 20:45:51.061 t20480000800000000000
 20:45:51.061 t2058D188A2027FFF5000
 20:45:51.161 t200820C7C83E0044CA00
 20:45:51.161 t201842B7C80EF2F1F17B
 20:45:51.161 t20286000C022F2F100F9
 20:45:51.162 t2038802FC9223FF80BFF
 20:45:51.162 t20480000C00000000000
 20:45:51.162 t2058D188E2027FFF5000
 20:45:51.261 t200820CA083E0044CA00
 20:45:51.261 t20184394080EAAF1F17A
 20:45:51.261 t2028639408264AF1FBF9
 20:45:51.261 t20388057082208F80A04
 20:45:51.262 t20480000000000000000
 20:45:51.262 t2058D18822027FFF5000
 20:45:51.361 t200820CD483E0044CA00
 20:45:51.361 t201843D1480EF2F1F17A
 20:45:51.361 t20286394481AAAF1F9FA
 20:45:51.361 t20388125482203081607
 20:45:51.361 t20480000400000000000
 20:45:51.361 t2058D18862027FFF5000
 20:45:51.461 t200820CF883E0044CA00
 20:45:51.461 t20184000890E4AF1F179
 20:45:51.462 t202860008022F2F100F9
 20:45:51.462 t20388184882201C82609
 20:45:51.462 t20480000800000000000
 20:45:51.462 t2058D188A2027FFF5000
 20:45:51.561 t200820D2C83E0044CA00
 20:45:51.561 t20184000C80EF2F10979
 20:45:51.561 t20286394C8264AF1FBF9
 20:45:51.561 t203881BDC82206382E0D
 20:45:51.561 t20480000C00000000000
 20:45:51.561 t2058D188E2027FFF5000
 20:45:51.661 t200820D5083E0044CA00
 20:45:51.661 t20184057080EF2F18979
 20:45:51.661 t20286394081AAAF1F9FA
 20:45:51.661 t203882B8082202B84A0C
 20:45:51.662 t20480000000000000000
 20:45:51.662 t2058D18822027FFF5000
 20:45:51.760 t200820D8483E0044CA00
 20:45:51.761 t20184184480EF2F1F17A
 20:45:51.761 t202860004022F2F100F9
 20:45:51.761 t20388394482203D80E07
 20:45:51.761 t20480000400000000000
 20:45:51.761 t2058D18862027FFF5000
 20:45:51.861 t200820DB883E0044CA00
 20:45:51.861 t201842B7880EF2F1F17B
 20:45:51.861 t2028639488264AF1FBF9
 20:45:51.861 t2038842088223FF80FFF
 20:45:51.862 t20480000800000000000
 20:45:51.862 t2058D188A2027FFF5000
 20:45:51.961 t200820DDC83E0044CA00
 20:45:51.961 t20184394C80EAAF1F17A
 20:45:51.961 t20286394C81AAAF1F9FA
 20:45:51.961 t20388000C92201B81604
 20:45:51.962 t20480000C00000000000
 20:45:51.962 t2058D188E2027FFF5000
 20:45:52.060 t200820E0083E0044CA00
 20:45:52.061 t201843D1080EF2F1F17A
 20:45:52.061 t202860000022F2F100F9
 20:45:52.061 t2038802F09223FF80BFF
 20:45:52.061 t20480000000000000000
 20:45:52.062 t2058D18822027FFF5000
 20:45:52.161 t200820E3483E0044CA00
 20:45:52.161 t20184000490E4AF1F179
 20:45:52.161 t2028639448264AF1FBF9
 20:45:52.162 t20388057482208F80A04
 20:45:52.162 t20480000400000000000
 20:45:52.162 t2058D18862027FFF5000
 20:45:52.261 t200820E6883E0044CA00
 20:45:52.261 t20184449880CF2F1F17B
 20:45:52.261 t20286449881402F1FCFB
 20:45:52.262 t20388125882203081607
 20:45:52.262 t20480000800000000000
 20:45:52.262 t2058D188A2027FFF5000
 20:45:52.360 t200820E8C83E0044CA00
 20:45:52.361 t20184000C80EF2F10979
 20:45:52.361 t20286449C818F2F1FAFB
 20:45:52.361 t20388184C82201C82609
 20:45:52.361 t20480000C00000000000
 20:45:52.361 t2058D188E2027FFF5000
 20:45:52.460 t200820EB083E0044CA00
 20:45:52.460 t20184057080EF2F18979
 20:45:52.461 t202860000022F2F100F9
 20:45:52.461 t203881BD082206382E0D
 20:45:52.461 t20480000000000000000
 20:45:52.461 t2058D18822027FFF5000
 20:45:52.561 t200820EE483E0044CA00
 20:45:52.561 t20184184480EF2F1F17A
 20:45:52.561 t2028639448264AF1FBF9
 20:45:52.561 t203882B8482202B84A0C
 20:45:52.561 t20480000400000000000
 20:45:52.561 t2058D18862027FFF5000
 20:45:52.660 t200820F1883E0044CA00
 20:45:52.661 t201842B7880EF2F1F17B
 20:45:52.661 t20286394881AAAF1F9FA
 20:45:52.661 t20388394882203D80E07
 20:45:52.661 t20480000800000000000
 20:45:52.661 t2058D188A2027FFF5000
 20:45:52.769 t200820F4C83E0044CA00
 20:45:52.769 t20184394C80EAAF1F17A
 20:45:52.769 t20286449C81602F1FCFB
 20:45:52.769 t20388420C8223FF80FFF
 20:45:52.770 t20480000C00000000000
 20:45:52.770 t2058D188E2027FFF5000
 20:45:52.860 t200820F6083E0044CA00
 20:45:52.861 t201843D1080EF2F1F17A
 20:45:52.861 t20286449081AF2F1FAFB
 20:45:52.861 t20388000092201B81604
 20:45:52.861 t20480000000000000000
 20:45:52.861 t2058D18822027FFF5000
 20:45:52.962 t200820F9483E0044CA00
 20:45:52.962 t20184449480EF2F1F17B
 20:45:52.963 t202860004022F2F100F9
 20:45:52.963 t2038802F49223FF80BFF
 20:45:52.963 t20480000400000000000
 20:45:52.963 t2058D18862027FFF5000
 20:45:53.060 t200820FC883E0044CA00
 20:45:53.060 t20184000890E4AF1F179
 20:45:53.061 t2028639488264AF1FBF9
 20:45:53.061 t20388057882208F80A04
 20:45:53.061 t20480000800000000000
 20:45:53.061 t2058D188A2027FFF5000
 20:45:53.160 t200820FFC83E0044CA00
 20:45:53.160 t20184000C80EF2F10979
 20:45:53.160 t20286394C81AAAF1F9FA
 20:45:53.160 t20388125C82203081607
 20:45:53.161 t20480000C00000000000
 20:45:53.161 t2058D188E2027FFF5000
 20:45:53.261 t20082101083E0044CA00
 20:45:53.261 t20184057080EF2F18979
 20:45:53.261 t20286449081602F1FCFB
 20:45:53.261 t20388184082201C82609
 20:45:53.261 t20480000000000000000
 20:45:53.261 t2058D18822027FFF5000
 20:45:53.361 t20082104483E0044CA00
 20:45:53.361 t20184184480EF2F1F17A
 20:45:53.362 t20286449481AF2F1FAFB
 20:45:53.362 t203881BD482206382E0D
 20:45:53.362 t20480000400000000000
 20:45:53.362 t2058D18862027FFF5000
 20:45:53.462 t20082107883E0044CA00
 20:45:53.463 t201842B7880EF2F1F17B
 20:45:53.463 t202860008022F2F100F9
 20:45:53.463 t203882B8882202B84A0C
 20:45:53.463 t20480000800000000000
 20:45:53.464 t2058D188A2027FFF5000
 20:45:53.560 t2008210AC83E0044CA00
 20:45:53.561 t20184394C80EAAF1F17A
 20:45:53.561 t20286394C8264AF1FBF9
 20:45:53.561 t20388394C82203D80E07
 20:45:53.561 t20480000C00000000000
 20:45:53.561 t2058D188E2027FFF5000
 20:45:53.661 t2008210D083E0044CA00
 20:45:53.661 t201843D1080EF2F1F17A
 20:45:53.662 t20286394081AAAF1F9FA
 20:45:53.662 t2038842008223FF80FFF
 20:45:53.662 t20480000000000000000
 20:45:53.662 t2058D18822027FFF5000
 20:45:53.760 t2008210F483E0044CA00
 20:45:53.760 t20184449480EF2F1F17B
 20:45:53.760 t20286449481602F1FCFB
 20:45:53.761 t20388000492201B81604
 20:45:53.761 t20480000400000000000
 20:45:53.761 t2058D18862027FFF5000
 20:45:53.860 t20082112883E0044CA00
 20:45:53.860 t20184000890E4AF1F179
 20:45:53.860 t20286449881AF2F1FAFB
 20:45:53.860 t2038802F89223FF80BFF
 20:45:53.860 t20480000800000000000
 20:45:53.861 t2058D188A2027FFF5000
 20:45:53.960 t20082115C83E0044CA00
 20:45:53.960 t20184000C80EF2F10979
 20:45:53.960 t20286000C022F2F100F9
 20:45:53.960 t20388057C82208F80A04
 20:45:53.960 t20480000C00000000000
 20:45:53.961 t2058D188E2027FFF5000
 20:45:54.060 t20082118083E0044CA00
 20:45:54.060 t20184057080EF2F18979
 20:45:54.060 t2028639408264AF1FBF9
 20:45:54.060 t20388125082203081607
 20:45:54.060 t20480000000000000000
 20:45:54.061 t2058D18822027FFF5000
 20:45:54.160 t2008211A483E0044CA00
 20:45:54.160 t20184184480EF2F1F17A
 20:45:54.160 t20286394481AAAF1F9FA
 20:45:54.160 t20388184482201C82609
 20:45:54.160 t20480000400000000000
 20:45:54.160 t2058D18862027FFF5000
 20:45:54.260 t2008211D883E0044CA00
 20:45:54.260 t201842B7880EF2F1F17B
 20:45:54.260 t20286449881602F1FCFB
 20:45:54.260 t203881BD882206382E0D
 20:45:54.260 t20480000800000000000
 20:45:54.261 t2058D188A2027FFF5000
 20:45:54.360 t20082120C83E0044CA00
 20:45:54.360 t20184394C80EAAF1F17A
 20:45:54.360 t20286449C81AF2F1FAFB
 20:45:54.361 t203882B8C82202B84A0C
 20:45:54.361 t20480000C00000000000
 20:45:54.361 t2058D188E2027FFF5000
 20:45:54.462 t20082123083E0044CA00
 20:45:54.462 t201843D1080EF2F1F17A
 20:45:54.462 t202860000022F2F100F9
 20:45:54.462 t20388394082203D80E07
 20:45:54.462 t20480000000000000000
 20:45:54.463 t2058D18822027FFF5000
 20:45:54.560 t20082126483E0044CA00
 20:45:54.560 t20184449480EF2F1F17B
 20:45:54.560 t2028639448264AF1FBF9
 20:45:54.560 t2038842048223FF80FFF
 20:45:54.560 t20480000400000000000
 20:45:54.560 t2058D18862027FFF5000
 20:45:54.660 t20082128883E0044CA00
 20:45:54.660 t20184000890E4AF1F179
 20:45:54.660 t20286394881AAAF1F9FA
 20:45:54.660 t20388000892201B81604
 20:45:54.660 t20480000800000000000
 20:45:54.660 t2058D188A2027FFF5000
 20:45:54.760 t2008212BC83E0044CA00
 20:45:54.760 t20184000C80EF2F10979
 20:45:54.760 t20286449C81602F1FCFB
 20:45:54.760 t2038802FC9223FF80BFF
 20:45:54.760 t20480000C00000000000
 20:45:54.760 t2058D188E2027FFF5000
 20:45:54.860 t2008212E083E0044CA00
 20:45:54.860 t20184057080EF2F18979
 20:45:54.860 t20286449081AF2F1FAFB
 20:45:54.861 t20388057082208F80A04
 20:45:54.861 t20480000000000000000
 20:45:54.861 t2058D18822027FFF5000
 20:45:54.960 t20082131483E0044CA00
 20:45:54.960 t20184184480EF2F1F17A
 20:45:54.960 t202860004022F2F100F9
 20:45:54.961 t20388125482203081607
 20:45:54.961 t20480000400000000000
 20:45:54.961 t2058D18862027FFF5000
 20:45:55.061 t20082133883E0044CA00
 20:45:55.061 t201842B7880EF2F1F17B
 20:45:55.061 t2028639488264AF1FBF9
 20:45:55.061 t20388184882201C82609
 20:45:55.062 t20480000800000000000
 20:45:55.062 t2058D188A2027FFF5000
 20:45:55.162 t20082136C83E0044CA00
 20:45:55.163 t20184394C80EAAF1F17A
 20:45:55.163 t20286394C81AAAF1F9FA
 20:45:55.163 t203881BDC82206382E0D
 20:45:55.163 t20480000C00000000000
 20:45:55.163 t2058D188E2027FFF5000
 20:45:55.261 t20082139083E0044CA00
 20:45:55.261 t201843D1080EF2F1F17A
 20:45:55.261 t20286449081602F1FCFB
 20:45:55.261 t203882B8082202B84A0C
 20:45:55.261 t20480000000000000000
 20:45:55.261 t2058D18822027FFF5000
 20:45:55.361 t2008213C483E0044CA00
 20:45:55.361 t20184449480EF2F1F17B
 20:45:55.361 t20286449481AF2F1FAFB
 20:45:55.361 t20388394482203D80E07
 20:45:55.362 t20480000400000000000
 20:45:55.362 t2058D18862027FFF5000
 20:45:55.461 t2008213F883E0044CA00
 20:45:55.461 t20184000890E4AF1F179
 20:45:55.461 t202860008022F2F100F9
 20:45:55.461 t2038842088223FF80FFF
 20:45:55.462 t20480000800000000000
 20:45:55.462 t2058D188A2027FFF5000
 20:45:55.561 t20082141C83E0044CA00
 20:45:55.561 t20184000C80EF2F10979
 20:45:55.561 t20286394C8264AF1FBF9
 20:45:55.561 t20388000C92201B81604
 20:45:55.561 t20480000C00000000000
 20:45:55.561 t2058D188E2027FFF5000
 20:45:55.661 t20082144083E0044CA00
 20:45:55.661 t20184057080EF2F18979
 20:45:55.661 t20286394081AAAF1F9FA
 20:45:55.661 t2038802F09223FF80BFF
 20:45:55.662 t20480000000000000000
 20:45:55.662 t2058D18822027FFF5000
 20:45:55.763 t20082147483E0044CA00
 20:45:55.764 t20184184480EF2F1F17A
 20:45:55.764 t20286449481602F1FCFB
 20:45:55.764 t20388057482208F80A04
 20:45:55.764 t20480000400000000000
 20:45:55.765 t2058D18862027FFF5000
 20:45:55.861 t2008214A883E0044CA00
 20:45:55.861 t201842B7880EF2F1F17B
 20:45:55.861 t20286449881AF2F1FAFB
 20:45:55.861 t20388125882203081607
 20:45:55.861 t20480000800000000000
 20:45:55.861 t2058D188A2027FFF5000
 20:45:55.960 t2008214CC83E0044CA00
 20:45:55.961 t20184394C80EAAF1F17A
 20:45:55.961 t20286000C022F2F100F9
 20:45:55.961 t20388184C82201C82609
 20:45:55.961 t20480000C00000000000
 20:45:55.961 t2058D188E2027FFF5000
 20:45:56.060 t2008214F083E0044CA00
 20:45:56.061 t201843D1080EF2F1F17A
 20:45:56.061 t2028639408264AF1FBF9
 20:45:56.061 t203881BD082206382E0D
 20:45:56.061 t20480000000000000000
 20:45:56.062 t2058D18822027FFF5000
 20:45:56.160 t20082152483E0044CA00
 20:45:56.161 t20184449480EF2F1F17B
 20:45:56.161 t20286394481AAAF1F9FA
 20:45:56.161 t203882B8482202B84A0C
 20:45:56.161 t20480000400000000000
 20:45:56.162 t2058D18862027FFF5000
 20:45:56.260 t20082155883E0044CA00
 20:45:56.261 t20184000890E4AF1F179
 20:45:56.261 t20286449881602F1FCFB
 20:45:56.261 t20388394882203D80E07
 20:45:56.261 t20480000800000000000
 20:45:56.261 t2058D188A2027FFF5000
 20:45:56.360 t20082158C83E0044CA00
 20:45:56.361 t20184057C80EF2F18979
 20:45:56.361 t20286449C81AF2F1FAFB
 20:45:56.361 t20388420C8223FF80FFF
 20:45:56.361 t20480000C00000000000
 20:45:56.361 t2058D188E2027FFF5000
 20:45:56.461 t2008215A083E0044CA00
 20:45:56.461 t20184184080EF2F1F17A
 20:45:56.461 t202860000022F2F100F9
 20:45:56.461 t20388000092201B81604
 20:45:56.461 t20480000000000000000
 20:45:56.461 t2058D18822027FFF5000
 20:45:56.560 t2008215D483E0044CA00
 20:45:56.560 t201842B7480EF2F1F17B
 20:45:56.560 t2028639448264AF1FBF9
 20:45:56.560 t2038802F49223FF80BFF
 20:45:56.561 t20480000400000000000
 20:45:56.561 t2058D18862027FFF5000
 20:45:56.660 t20082160883E0044CA00
 20:45:56.660 t20184394880EAAF1F17A
 20:45:56.661 t20286394881AAAF1F9FA
 20:45:56.661 t20388057882208F80A04
 20:45:56.661 t20480000800000000000
 20:45:56.661 t2058D188A2027FFF5000
 20:45:56.760 t20082163C83E0044CA00
 20:45:56.760 t201843D1C80EF2F1F17A
 20:45:56.761 t20286449C81602F1FCFB
 20:45:56.761 t20388125C82203081607
 20:45:56.761 t20480000C00000000000
 20:45:56.761 t2058D188E2027FFF5000
 20:45:56.861 t20082165083E0044CA00
 20:45:56.861 t20184449080EF2F1F17B
 20:45:56.861 t20286449081AF2F1FAFB
 20:45:56.861 t20388184082201C82609
 20:45:56.861 t20480000000000000000
 20:45:56.862 t2058D18822027FFF5000
 20:45:56.960 t20082168483E0044CA00
 20:45:56.960 t20184000490E4AF1F179
 20:45:56.961 t202860004022F2F100F9
 20:45:56.961 t203881BD482206382E0D
 20:45:56.961 t20480000400000000000
 20:45:56.961 t2058D18862027FFF5000
 20:45:57.061 t2008216B883E0044CA00
 20:45:57.061 t20184057880EF2F18979
 20:45:57.061 t2028639488264AF1FBF9
 20:45:57.061 t203882B8882202B84A0C
 20:45:57.061 t20480000800000000000
 20:45:57.062 t2058D188A2027FFF5000
 20:45:57.160 t2008216EC83E0044CA00
 20:45:57.160 t20184184C80EF2F1F17A
 20:45:57.160 t20286394C81AAAF1F9FA
 20:45:57.161 t20388420C82002A80E01
 20:45:57.161 t20480000C00000000000
 20:45:57.161 t2058D188E2027FFF5000
 20:45:57.260 t20082171083E0044CA00
 20:45:57.260 t201842B7080EF2F1F17B
 20:45:57.260 t20286449081602F1FCFB
 20:45:57.260 t203884DE082002E7E1FC
 20:45:57.260 t20480000000000000000
 20:45:57.260 t2058D18822027FFF5000
 20:45:57.360 t20082173483E0044CA00
 20:45:57.360 t20184394480EAAF1F17A
 20:45:57.360 t20286449481AF2F1FAFB
 20:45:57.361 t20388125482203081607
 20:45:57.361 t20480000400000000000
 20:45:57.361 t2058D18862027FFF5000
 20:45:57.460 t20082176883E0044CA00
 20:45:57.460 t201843D1880EF2F1F17A
 20:45:57.460 t202860008022F2F100F9
 20:45:57.461 t20388184882201C82609
 20:45:57.461 t20480000800000000000
 20:45:57.461 t2058D188A2027FFF5000
 20:45:57.560 t20082179C83E0044CA00
 20:45:57.560 t20184449C80EF2F1F17B
 20:45:57.560 t20286394C8264AF1FBF9
 20:45:57.561 t203881BDC82206382E0D
 20:45:57.561 t20480000C00000000000
 20:45:57.561 t2058D188E2027FFF5000
 20:45:57.660 t2008217C083E0044CA00
 20:45:57.660 t20184000090E4AF1F179
 20:45:57.660 t20286394081AAAF1F9FA
 20:45:57.661 t203882B8082202B84A0C
 20:45:57.661 t20480000000000000000
 20:45:57.661 t2058D18822027FFF5000
 20:45:57.766 t2008217E483E0044CA00
 20:45:57.766 t20184057480EF2F18979
 20:45:57.766 t20286449481602F1FCFB
 20:45:57.766 t20388394482203D80E07
 20:45:57.766 t20480000400000000000
 20:45:57.767 t2058D18862027FFF5000
 20:45:57.860 t20082181883E0044CA00
 20:45:57.860 t20184184880EF2F1F17A
 20:45:57.861 t20286449881AF2F1FAFB
 20:45:57.861 t20388420882202A80E01
 20:45:57.861 t20480000800000000000
 20:45:57.861 t2058D188A2027FFF5000
 20:45:57.960 t20082184C83E0046CA00
 20:45:57.960 t201842B7C80EF2F1F17B
 20:45:57.960 t20286000C022F2F100F9
 20:45:57.960 t203884DEC82202E7E1FC
 20:45:57.960 t20480000C00000000000
 20:45:57.960 t2058D188E2027FFF5000
 20:45:58.060 t20082187083E0046CA00
 20:45:58.060 t20184394080EAAF1F17A
 20:45:58.060 t2028639408264AF1FBF9
 20:45:58.061 t20388000092201B81604
 20:45:58.061 t20480000000000000000
 20:45:58.061 t2058D18822027FFF5000
 20:45:58.160 t2008218A483E0046CA00
 20:45:58.160 t201843D1480EF2F1F17A
 20:45:58.160 t20286394481AAAF1F9FA
 20:45:58.160 t2038802F49223FF80BFF
 20:45:58.161 t20480000400000000000
 20:45:58.161 t2058D18862027FFF5000
 20:45:58.261 t2008218C883E0046CA00
 20:45:58.261 t20184449880EF2F1F17B
 20:45:58.261 t20286449881602F1FCFB
 20:45:58.261 t20388125882203081607
 20:45:58.261 t20480000800000000000
 20:45:58.261 t2058D188A2027FFF5000
 20:45:58.361 t2008218FC83E0046CA00
 20:45:58.361 t20184000C90E4AF1F179
 20:45:58.361 t20286449C81AF2F1FAFB
 20:45:58.362 t20388184C82201C82609
 20:45:58.362 t20480000C00000000000
 20:45:58.362 t2058D188E2027FFF5000
 20:45:58.461 t20082192083E0046CA00
 20:45:58.461 t20184057080EF2F18979
 20:45:58.461 t202860000022F2F100F9
 20:45:58.461 t203881BD082206382E0D
 20:45:58.462 t20480000000000000000
 20:45:58.462 t2058D18822027FFF5000
 20:45:58.561 t20082195483E0046CA00
 20:45:58.561 t20184184480EF2F1F17A
 20:45:58.561 t2028639448264AF1FBF9
 20:45:58.562 t203882B8482202B84A0C
 20:45:58.562 t20480000400000000000
 20:45:58.562 t2058D18862027FFF5000
 20:45:58.661 t20082198883E0046CA00
 20:45:58.661 t201842B7880EF2F1F17B
 20:45:58.661 t20286394881AAAF1F9FA
 20:45:58.661 t20388394882203D80E07
 20:45:58.661 t20480000800000000000
 20:45:58.662 t2058D188A2027FFF5000
 20:45:58.761 t2008219AC83E0046CA00
 20:45:58.761 t20184394C80EAAF1F17A
 20:45:58.761 t20286449C81602F1FCFB
 20:45:58.761 t20388420C82202A80E01
 20:45:58.761 t20480000C00000000000
 20:45:58.761 t2058D188E2027FFF5000
 20:45:58.861 t2008219D083E0046CA00
 20:45:58.861 t201843D1080EF2F1F17A
 20:45:58.861 t20286449081AF2F1FAFB
 20:45:58.861 t203884DE082202E7E1FC
 20:45:58.861 t20480000000000000000
 20:45:58.862 t2058D18822027FFF5000
 20:45:58.961 t200821A0483E0046CA00
 20:45:58.961 t20184449480EF2F1F17B
 20:45:58.961 t202860004022F2F100F9
 20:45:58.961 t20388000492201B81604
 20:45:58.961 t20480000400000000000
 20:45:58.961 t2058D18862027FFF5000
 20:45:59.061 t200821A3883E0046CA00
 20:45:59.061 t20184000890E4AF1F179
 20:45:59.061 t2028639488264AF1FBF9
 20:45:59.061 t2038802F89223FF80BFF
 20:45:59.061 t20480000800000000000
 20:45:59.062 t2058D188A2027FFF5000
 20:45:59.162 t200821A5C83E0046CA00
 20:45:59.162 t20184057C80EF2F18979
 20:45:59.162 t20286394C81AAAF1F9FA
 20:45:59.162 t20388125C82203081607
 20:45:59.162 t20480000C00000000000
 20:45:59.162 t2058D188E2027FFF5000
 20:45:59.260 t200821A8083E0046CA00
 20:45:59.260 t2018450C080CF2F1F17A
 20:45:59.260 t20286449081602F1FCFB
 20:45:59.261 t20388184082201C82609
 20:45:59.261 t20480000000000000000
 20:45:59.261 t2058D18822027FFF5000
 20:45:59.360 t200821AB483E0046CA00
 20:45:59.361 t20184057480EF2F18979
 20:45:59.361 t20286449481AF2F1FAFB
 20:45:59.361 t203881BD482206382E0D
 20:45:59.361 t20480000400000000000
 20:45:59.361 t2058D18862027FFF5000
 20:45:59.461 t200821AE883E0046CA00
 20:45:59.461 t20184184880EF2F1F17A
 20:45:59.461 t202860008022F2F100F9
 20:45:59.461 t203882B8882202B84A0C
 20:45:59.461 t20480000800000000000
 20:45:59.461 t2058D188A2027FFF5000
 20:45:59.560 t200821B1C83E0046CA00
 20:45:59.560 t201842B7C80EF2F1F17B
 20:45:59.561 t20286394C8264AF1FBF9
 20:45:59.561 t20388394C82203D80E07
 20:45:59.561 t20480000C00000000000
 20:45:59.561 t2058D188E2027FFF5000
 20:45:59.660 t200821B3083E0046CA00
 20:45:59.660 t20184394080EAAF1F17A
 20:45:59.660 t20286394081AAAF1F9FA
 20:45:59.660 t20388420082202A80E01
 20:45:59.661 t20480000000000000000
 20:45:59.661 t2058D18822027FFF5000
 20:45:59.764 t200821B6483E0046CA00
 20:45:59.764 t201843D1480EF2F1F17A
 20:45:59.764 t20286449481602F1FCFB
 20:45:59.764 t203884DE482202E7E1FC
 20:45:59.764 t20480000400000000000
 20:45:59.764 t2058D18862027FFF5000
 20:45:59.863 t200821B9883E0046CA00
 20:45:59.863 t20184449880EF2F1F17B
 20:45:59.863 t20286449881AF2F1FAFB
 20:45:59.863 t20388000892201B81604
 20:45:59.863 t20480000800000000000
 20:45:59.864 t2058D188A2027FFF5000
 20:45:59.965 t200821BCC83E0046CA00
 20:45:59.965 t2018450CC80EF2F1F17A
 20:45:59.965 t20286000C022F2F100F9
 20:45:59.965 t2038802FC9223FF80BFF
 20:45:59.965 t20480000C00000000000
 20:45:59.966 t2058D188E2027FFF5000
 20:46:00.060 t200821BE083E0046CA00
 20:46:00.060 t20184000090E4AF1F179
 20:46:00.060 t2028639408264AF1FBF9
 20:46:00.060 t20388125082203081607
 20:46:00.060 t20480000000000000000
 20:46:00.061 t2058D18822027FFF5000
 20:46:00.160 t200821C1483E0046CA00
 20:46:00.160 t20184057480EF2F18979
 20:46:00.161 t20286394481AAAF1F9FA
 20:46:00.161 t20388184482201C82609
 20:46:00.161 t20480000400000000000
 20:46:00.162 t2058D18862027FFF5000
 20:46:00.260 t200821C3883E0046CA00
 20:46:00.260 t20184184880EF2F1F17A
 20:46:00.261 t20286449881602F1FCFB
 20:46:00.261 t203881BD882206382E0D
 20:46:00.261 t20480000800000000000
 20:46:00.262 t2058D188A2027FFF5000
 20:46:00.360 t200821C6C83E0046CA00
 20:46:00.360 t201842B7C80EF2F1F17B
 20:46:00.360 t20286449C81AF2F1FAFB
 20:46:00.360 t203882B8C82202B84A0C
 20:46:00.361 t20480000C00000000000
 20:46:00.361 t2058D188E2027FFF5000
 20:46:00.460 t200821C9083E0046CA00
 20:46:00.460 t20184394080EAAF1F17A
 20:46:00.460 t202860000022F2F100F9
 20:46:00.461 t20388394082203D80E07
 20:46:00.461 t20480000000000000000
 20:46:00.461 t2058D18822027FFF5000
 20:46:00.560 t200821CC483E0046CA00
 20:46:00.560 t201843D1480EF2F1F17A
 20:46:00.560 t2028639448264AF1FBF9
 20:46:00.561 t20388420482202A80E01
 20:46:00.561 t20480000400000000000
 20:46:00.561 t2058D18862027FFF5000
 20:46:00.660 t200821CF883E0046CA00
 20:46:00.660 t20184449880EF2F1F17B
 20:46:00.660 t20286394881AAAF1F9FA
 20:46:00.660 t203884DE882202E7E1FC
 20:46:00.660 t20480000800000000000
 20:46:00.660 t2058D188A2027FFF5000
 20:46:00.760 t200821D1C83E0046CA00
 20:46:00.760 t2018450CC80EF2F1F17A
 20:46:00.760 t20286449C81602F1FCFB
 20:46:00.760 t20388000C92201B81604
 20:46:00.760 t20480000C00000000000
 20:46:00.760 t2058D188E2027FFF5000
 20:46:00.860 t200821D4083E0046CA00
 20:46:00.860 t20184000090E4AF1F179
 20:46:00.860 t20286449081AF2F1FAFB
 20:46:00.861 t2038802F09223FF80BFF
 20:46:00.861 t20480000000000000000
 20:46:00.861 t2058D18822027FFF5000
 20:46:00.960 t200821D7483E0046CA00
 20:46:00.960 t20184057480EF2F18979
 20:46:00.961 t202860004022F2F100F9
 20:46:00.961 t20388125482203081607
 20:46:00.961 t20480000400000000000
 20:46:00.961 t2058D18862027FFF5000
 20:46:01.060 t200821DA883E0046CA00
 20:46:01.060 t20184184880EF2F1F17A
 20:46:01.061 t2028639488264AF1FBF9
 20:46:01.061 t20388184882201C82609
 20:46:01.061 t20480000800000000000
 20:46:01.061 t2058D188A2027FFF5000
 20:46:01.160 t200821DCC83E0046CA00
 20:46:01.160 t201842B7C80EF2F1F17B
 20:46:01.160 t20286394C81AAAF1F9FA
 20:46:01.160 t203881BDC82206382E0D
 20:46:01.160 t20480000C00000000000
 20:46:01.160 t2058D188E2027FFF5000
 20:46:01.260 t200821DF083E0046CA00
 20:46:01.261 t20184394080EAAF1F17A
 20:46:01.261 t20286449081602F1FCFB
 20:46:01.261 t203882B8082202B84A0C
 20:46:01.263 t20480000000000000000
 20:46:01.264 t2058D18822027FFF5000
 20:46:01.360 t200821E2483E0046CA00
 20:46:01.360 t201843D1480EF2F1F17A
 20:46:01.360 t20286449481AF2F1FAFB
 20:46:01.361 t20388394482203D80E07
 20:46:01.361 t20480000400000000000
 20:46:01.361 t2058D18862027FFF5000
 20:46:01.460 t200821E5883E0046CA00
 20:46:01.460 t20184449880EF2F1F17B
 20:46:01.460 t202860008022F2F100F9
 20:46:01.460 t20388420882202A80E01
 20:46:01.460 t20480000800000000000
 20:46:01.460 t2058D188A2027FFF5000
 20:46:01.560 t200821E8C83E0046CA00
 20:46:01.560 t2018450CC80EF2F1F17A
 20:46:01.560 t20286394C8264AF1FBF9
 20:46:01.561 t203884DEC82202E7E1FC
 20:46:01.561 t20480000C00000000000
 20:46:01.561 t2058D188E2027FFF5000
 20:46:01.660 t200821EA083E0046CA00
 20:46:01.660 t20184000090E4AF1F179
 20:46:01.661 t20286394081AAAF1F9FA
 20:46:01.661 t20388000092201B81604
 20:46:01.661 t20480000000000000000
 20:46:01.661 t2058D18822027FFF5000
 20:46:01.760 t200821ED483E0046CA00
 20:46:01.760 t20184057480EF2F18979
 20:46:01.760 t20286449481602F1FCFB
 20:46:01.761 t2038802F49223FF80BFF
 20:46:01.761 t20480000400000000000
 20:46:01.761 t2058D18862027FFF5000
 20:46:01.860 t200821F0883E0046CA00
 20:46:01.860 t20184184880EF2F1F17A
 20:46:01.860 t20286449881AF2F1FAFB
 20:46:01.861 t20388184882201C82609
 20:46:01.861 t20480000800000000000
 20:46:01.861 t2058D188A2027FFF5000
 20:46:01.960 t200821F3C83E0046CA00
 20:46:01.960 t201842B7C80EF2F1F17B
 20:46:01.960 t20286000C022F2F100F9
 20:46:01.960 t203881BDC82206382E0D
 20:46:01.960 t20480000C00000000000
 20:46:01.961 t2058D188E2027FFF5000
 20:46:02.060 t200821F5083E0046CA00
 20:46:02.061 t20184394080EAAF1F17A
 20:46:02.061 t2028639408264AF1FBF9
 20:46:02.061 t203882B8082202B84A0C
 20:46:02.061 t20480000000000000000
 20:46:02.061 t2058D18822027FFF5000
 20:46:02.160 t200821F8483E0046CA00
 20:46:02.160 t201843D1480EF2F1F17A
 20:46:02.160 t20286394481AAAF1F9FA
 20:46:02.160 t20388394482203D80E07
 20:46:02.161 t20480000400000000000
 20:46:02.161 t2058D18862027FFF5000
 20:46:02.260 t200821FB883E0046CA00
 20:46:02.260 t20184449880EF2F1F17B
 20:46:02.260 t20286449881602F1FCFB
 20:46:02.260 t20388420882202A80E01
 20:46:02.260 t20480000800000000000
 20:46:02.260 t2058D188A2027FFF5000
 20:46:02.361 t200821FEC83E0046CA00
 20:46:02.361 t2018450CC80EF2F1F17A
 20:46:02.361 t20286449C81AF2F1FAFB
 20:46:02.361 t203884DEC82202E7E1FC
 20:46:02.362 t20480000C00000000000
 20:46:02.362 t2058D188E2027FFF5000
 20:46:02.461 t20082201083E0046CA00
 20:46:02.461 t20184000090E4AF1F179
 20:46:02.461 t202860000022F2F100F9
 20:46:02.461 t20388000092201B81604
 20:46:02.462 t20480000000000000000
 20:46:02.462 t2058D18822027FFF5000
 20:46:02.561 t20082203483E0046CA00
 20:46:02.561 t20184057480EF2F18979
 20:46:02.561 t2028639448264AF1FBF9
 20:46:02.561 t2038802F49223FF80BFF
 20:46:02.561 t20480000400000000000
 20:46:02.562 t2058D18862027FFF5000
 20:46:02.661 t20082206883E0046CA00
 20:46:02.661 t20184184880EF2F1F17A
 20:46:02.661 t20286394881AAAF1F9FA
 20:46:02.661 t20388184882201C82609
 20:46:02.661 t20480000800000000000
 20:46:02.661 t2058D188A2027FFF5000
 20:46:02.760 t20082209C83E0046CA00
 20:46:02.761 t201842B7C80EF2F1F17B
 20:46:02.761 t20286449C81602F1FCFB
 20:46:02.761 t203881BDC82206382E0D
 20:46:02.761 t20480000C00000000000
 20:46:02.761 t2058D188E2027FFF5000
 20:46:02.860 t2008220C083E0046CA00
 20:46:02.861 t20184394080EAAF1F17A
 20:46:02.861 t20286449081AF2F1FAFB
 20:46:02.861 t203882B8082202B84A0C
 20:46:02.861 t20480000000000000000
 20:46:02.861 t2058D18822027FFF5000
 20:46:02.961 t2008220E483E0046CA00
 20:46:02.961 t201843D1480EF2F1F17A
 20:46:02.961 t202860004022F2F100F9
 20:46:02.961 t20388394482203D80E07
 20:46:02.961 t20480000400000000000
 20:46:02.962 t2058D18862027FFF5000
 20:46:03.061 t20082211883E0046CA00
 20:46:03.061 t20184449880EF2F1F17B
 20:46:03.061 t2028639488264AF1FBF9
 20:46:03.061 t20388420882202A80E01
 20:46:03.061 t20480000800000000000
 20:46:03.062 t2058D188A2027FFF5000
 20:46:03.160 t20082214C83E0046CA00
 20:46:03.161 t2018450CC80EF2F1F17A
 20:46:03.161 t20286394C81AAAF1F9FA
 20:46:03.161 t203884DEC82202E7E1FC
 20:46:03.161 t20480000C00000000000
 20:46:03.161 t2058D188E2027FFF5000
 20:46:03.268 t20082217083E0046CA00
 20:46:03.268 t20184000090E4AF1F179
 20:46:03.268 t20286449081602F1FCFB
 20:46:03.268 t20388000092201B81604
 20:46:03.268 t20480000000000000000
 20:46:03.269 t2058D18822027FFF5000
 20:46:03.361 t2008221A483E0046CA00
 20:46:03.361 t20184057480EF2F18979
 20:46:03.362 t20286449481AF2F1FAFB
 20:46:03.362 t2038802F49223FF80BFF
 20:46:03.362 t20480000400000000000
 20:46:03.362 t2058D18862027FFF5000
 20:46:03.461 t2008221C883E0046CA00
 20:46:03.461 t20184184880EF2F1F17A
 20:46:03.461 t202860008022F2F100F9
 20:46:03.461 t20388184882201C82609
 20:46:03.461 t20480000800000000000
 20:46:03.462 t2058D188A2027FFF5000
 20:46:03.561 t2008221FC83E0046CA00
 20:46:03.561 t201842B7C80EF2F1F17B
 20:46:03.561 t20286394C8264AF1FBF9
 20:46:03.562 t203881BDC82206382E0D
 20:46:03.562 t20480000C00000000000
 20:46:03.562 t2058D188E2027FFF5000
 20:46:03.660 t20082222083E0046CA00
 20:46:03.661 t20184394080EAAF1F17A
 20:46:03.661 t20286394081AAAF1F9FA
 20:46:03.661 t203882B8082202B84A0C
 20:46:03.662 t20480000000000000000
 20:46:03.662 t2058D18822027FFF5000
 20:46:03.761 t20082225483E0046CA00
 20:46:03.761 t201843D1480EF2F1F17A
 20:46:03.762 t20286449481602F1FCFB
 20:46:03.762 t2038857048203FF7FBFF
 20:46:03.762 t20480000400000000000
 20:46:03.762 t2058D18862027FFF5000
 20:46:03.860 t20082228883E0046CA00
 20:46:03.860 t20184449880EF2F1F17B
 20:46:03.861 t20286449881AF2F1FAFB
 20:46:03.861 t203881BD882206382E0D
 20:46:03.861 t20480000800000000000
 20:46:03.861 t2058D188A2027FFF5000
 20:46:03.961 t2008222AC83E0046CA00
 20:46:03.961 t2018450CC80EF2F1F17A
 20:46:03.962 t20286000C022F2F100F9
 20:46:03.962 t203882B8C82202B84A0C
 20:46:03.962 t20480000C00000000000
 20:46:03.962 t2058D188E2027FFF5000
 20:46:04.061 t2008222D083E0046CA00
 20:46:04.061 t20184000090E4AF1F179
 20:46:04.061 t2028639408264AF1FBF9
 20:46:04.062 t20388394082203D80E07
 20:46:04.062 t20480000000000000000
 20:46:04.062 t2058D18822027FFF5000
 20:46:04.168 t20082230483E0046CA00
 20:46:04.169 t20184057480EF2F18979
 20:46:04.169 t20286394481AAAF1F9FA
 20:46:04.169 t20388420482202A80E01
 20:46:04.170 t20480000400000000000
 20:46:04.171 t2058D18862027FFF5000
 20:46:04.262 t20082233883E0046CA00
 20:46:04.263 t20184184880EF2F1F17A
 20:46:04.263 t20286449881602F1FCFB
 20:46:04.263 t203884DE882202E7E1FC
 20:46:04.263 t20480000800000000000
 20:46:04.263 t2058D188A2027FFF5000
 20:46:04.361 t20082235C83E0046CA00
 20:46:04.361 t201842B7C80EF2F1F17B
 20:46:04.361 t20286449C81AF2F1FAFB
 20:46:04.361 t20388570C8223FF7FBFF
 20:46:04.361 t20480000C00000000000
 20:46:04.361 t2058D188E2027FFF5000
 20:46:04.460 t20082238083E0046CA00
 20:46:04.460 t20184394080EAAF1F17A
 20:46:04.461 t202860000022F2F100F9
 20:46:04.461 t20388000092201B81604
 20:46:04.461 t20480000000000000000
 20:46:04.461 t2058D18822027FFF5000
 20:46:04.560 t2008223B483E0046CA00
 20:46:04.560 t201843D1480EF2F1F17A
 20:46:04.560 t2028639448264AF1FBF9
 20:46:04.560 t2038802F49223FF80BFF
 20:46:04.561 t20480000400000000000
 20:46:04.561 t2058D18862027FFF5000
 20:46:04.660 t2008223E883E0046CA00
 20:46:04.660 t20184449880EF2F1F17B
 20:46:04.661 t20286394881AAAF1F9FA
 20:46:04.661 t203881BD882206382E0D
 20:46:04.661 t20480000800000000000
 20:46:04.661 t2058D188A2027FFF5000
 20:46:04.760 t20082241C83E0046CA00
 20:46:04.760 t2018450CC80EF2F1F17A
 20:46:04.761 t20286449C81602F1FCFB
 20:46:04.761 t203882B8C82202B84A0C
 20:46:04.761 t20480000C00000000000
 20:46:04.761 t2058D188E2027FFF5000
 20:46:04.861 t20082243083E0046CA00
 20:46:04.861 t20184000090E4AF1F179
 20:46:04.861 t20286449081AF2F1FAFB
 20:46:04.862 t20388394082203D80E07
 20:46:04.862 t20480000000000000000
 20:46:04.862 t2058D18822027FFF5000
 20:46:04.960 t20082246483E0046CA00
 20:46:04.960 t20184057480EF2F18979
 20:46:04.960 t202860004022F2F100F9
 20:46:04.960 t20388420482202A80E01
 20:46:04.960 t20480000400000000000
 20:46:04.961 t2058D18862027FFF5000
 20:46:05.061 t20082249883E0046CA00
 20:46:05.062 t20184184880EF2F1F17A
 20:46:05.062 t2028639488264AF1FBF9
 20:46:05.062 t203884DE882202E7E1FC
 20:46:05.062 t20480000800000000000
 20:46:05.062 t2058D188A2027FFF5000
 20:46:05.160 t2008224CC83E0046CA00
 20:46:05.160 t201842B7C80EF2F1F17B
 20:46:05.160 t20286394C81AAAF1F9FA
 20:46:05.160 t20388570C8223FF7FBFF
 20:46:05.160 t20480000C00000000000
 20:46:05.161 t2058D188E2027FFF5000
 20:46:05.260 t2008224E083E0046CA00
 20:46:05.260 t20184394080EAAF1F17A
 20:46:05.260 t20286449081602F1FCFB
 20:46:05.260 t20388000092201B81604
 20:46:05.260 t20480000000000000000
 20:46:05.261 t2058D18822027FFF5000
 20:46:05.360 t20082251483E0046CA00
 20:46:05.360 t201843D1480EF2F1F17A
 20:46:05.361 t20286449481AF2F1FAFB
 20:46:05.361 t2038802F49223FF80BFF
 20:46:05.361 t20480000400000000000
 20:46:05.361 t2058D18862027FFF5000
 20:46:05.461 t20082254883E0046CA00
 20:46:05.461 t20184449880EF2F1F17B
 20:46:05.461 t202860008022F2F100F9
 20:46:05.461 t203881BD882206382E0D
 20:46:05.461 t20480000800000000000
 20:46:05.461 t2058D188A2027FFF5000
 20:46:05.561 t20082257C83E0046CA00
 20:46:05.561 t2018450CC80EF2F1F17A
 20:46:05.561 t20286394C8264AF1FBF9
 20:46:05.561 t203882B8C82202B84A0C
 20:46:05.561 t20480000C00000000000
 20:46:05.561 t2058D188E2027FFF5000
 20:46:05.660 t2008225A083E0046CA00
 20:46:05.660 t20184000090E4AF1F179
 20:46:05.660 t20286394081AAAF1F9FA
 20:46:05.661 t20388394082203D80E07
 20:46:05.661 t20480000000000000000
 20:46:05.661 t2058D18822027FFF5000
 20:46:05.760 t2008225C483E0046CA00
 20:46:05.760 t20184057480EF2F18979
 20:46:05.760 t20286449481602F1FCFB
 20:46:05.761 t20388420482202A80E01
 20:46:05.761 t20480000400000000000
 20:46:05.761 t2058D18862027FFF5000
 20:46:05.860 t2008225F883E0046CA00
 20:46:05.860 t20184184880EF2F1F17A
 20:46:05.861 t20286449881AF2F1FAFB
 20:46:05.861 t203884DE882202E7E1FC
 20:46:05.862 t20480000800000000000
 20:46:05.862 t2058D188A2027FFF5000
 20:46:05.960 t20082262C83E0046CA00
 20:46:05.960 t201842B7C80EF2F1F17B
 20:46:05.961 t20286000C022F2F100F9
 20:46:05.961 t20388570C8223FF7FBFF
 20:46:05.961 t20480000C00000000000
 20:46:05.962 t2058D188E2027FFF5000
 20:46:06.060 t20082265083E0046CA00
 20:46:06.060 t20184394080EAAF1F17A
 20:46:06.061 t2028639408264AF1FBF9
 20:46:06.061 t20388000092201B81604
 20:46:06.061 t20480000000000000000
 20:46:06.062 t2058D18822027FFF5000
 20:46:06.160 t20082267483E0046CA00
 20:46:06.160 t201843D1480EF2F1F17A
 20:46:06.161 t20286394481AAAF1F9FA
 20:46:06.161 t2038802F49223FF80BFF
 20:46:06.161 t20480000400000000000
 20:46:06.161 t2058D18862027FFF5000
 20:46:06.260 t2008226A883E0046CA00
 20:46:06.260 t20184449880EF2F1F17B
 20:46:06.260 t20286449881602F1FCFB
 20:46:06.260 t203881BD882206382E0D
 20:46:06.260 t20480000800000000000
 20:46:06.261 t2058D188A2027FFF5000
 20:46:06.360 t2008226DC83E0046CA00
 20:46:06.360 t2018450CC80EF2F1F17A
 20:46:06.360 t20286449C81AF2F1FAFB
 20:46:06.360 t203882B8C82202B84A0C
 20:46:06.361 t20480000C00000000000
 20:46:06.361 t2058D188E2027FFF5000
 20:46:06.461 t20082270083E0046CA00
 20:46:06.461 t20184000090E4AF1F179
 20:46:06.461 t202860000022F2F100F9
 20:46:06.461 t20388394082203D80E07
 20:46:06.462 t20480000000000000000
 20:46:06.462 t2058D18822027FFF5000
 20:46:06.563 t20082273483E0046CA00
 20:46:06.563 t20184184480EF2F1F17A
 20:46:06.564 t2028639448264AF1FBF9
 20:46:06.564 t20388420482202A80E01
 20:46:06.564 t20480000400000000000
 20:46:06.564 t2058D18862027FFF5000
 20:46:06.661 t20082275883E0046CA00
 20:46:06.661 t201842B7880EF2F1F17B
 20:46:06.661 t20286394881AAAF1F9FA
 20:46:06.662 t203884DE882202E7E1FC
 20:46:06.662 t20480000800000000000
 20:46:06.663 t2058D188A2027FFF5000
 20:46:06.761 t20082278C83E0046CA00
 20:46:06.761 t20184394C80EAAF1F17A
 20:46:06.761 t20286449C81602F1FCFB
 20:46:06.761 t20388570C8223FF7FBFF
 20:46:06.761 t20480000C00000000000
 20:46:06.762 t2058D188E2027FFF5000
 20:46:06.862 t2008227B083E0046CA00
 20:46:06.862 t201843D1080EF2F1F17A
 20:46:06.862 t20286449081AF2F1FAFB
 20:46:06.862 t20388000092201B81604
 20:46:06.862 t20480000000000000000
 20:46:06.862 t2058D18822027FFF5000
 20:46:06.960 t2008227E483E0046CA00
 20:46:06.961 t20184449480EF2F1F17B
 20:46:06.961 t202860004022F2F100F9
 20:46:06.961 t2038802F49223FF80BFF
 20:46:06.961 t20480000400000000000
 20:46:06.961 t2058D18862027FFF5000
 20:46:07.060 t20082281883E0046CA00
 20:46:07.060 t2018450C880EF2F1F17A
 20:46:07.061 t2028639488264AF1FBF9
 20:46:07.061 t203881BD882206382E0D
 20:46:07.061 t20480000800000000000
 20:46:07.061 t2058D188A2027FFF5000
 20:46:07.160 t20082283C83E0046CA00
 20:46:07.160 t20184000C90E4AF1F179
 20:46:07.161 t20286394C81AAAF1F9FA
 20:46:07.161 t203882B8C82202B84A0C
 20:46:07.161 t20480000C00000000000
 20:46:07.161 t2058D188E2027FFF5000
 20:46:07.263 t20082286083E0046CA00
 20:46:07.264 t20184184080EF2F1F17A
 20:46:07.264 t20286449081602F1FCFB
 20:46:07.264 t20388394082203D80E07
 20:46:07.264 t20480000000000000000
 20:46:07.265 t2058D18822027FFF5000
 20:46:07.360 t20082289483E0046CA00
 20:46:07.361 t201842B7480EF2F1F17B
 20:46:07.361 t20286449481AF2F1FAFB
 20:46:07.361 t20388420482202A80E01
 20:46:07.361 t20480000400000000000
 20:46:07.361 t2058D18862027FFF5000
 20:46:07.461 t2008228C883E0046CA00
 20:46:07.461 t20184394880EAAF1F17A
 20:46:07.461 t202860008022F2F100F9
 20:46:07.461 t203884DE882202E7E1FC
 20:46:07.462 t20480000800000000000
 20:46:07.462 t2058D188A2027FFF5000
 20:46:07.562 t2008228EC83E0046CA00
 20:46:07.562 t201843D1C80EF2F1F17A
 20:46:07.562 t20286394C8264AF1FBF9
 20:46:07.562 t20388570C8223FF7FBFF
 20:46:07.562 t20480000C00000000000
 20:46:07.562 t2058D188E2027FFF5000
 20:46:07.661 t20082291083E0046CA00
 20:46:07.661 t20184449080EF2F1F17B
 20:46:07.662 t20286394081AAAF1F9FA
 20:46:07.662 t20388000092201B81604
 20:46:07.662 t20480000000000000000
 20:46:07.662 t2058D18822027FFF5000
 20:46:07.761 t20082294483E0046CA00
 20:46:07.761 t2018450C480EF2F1F17A
 20:46:07.762 t20286449481602F1FCFB
 20:46:07.762 t2038802F49223FF80BFF
 20:46:07.762 t20480000400000000000
 20:46:07.762 t2058D18862027FFF5000
 20:46:07.860 t20082297883E0046CA00
 20:46:07.860 t20184000890E4AF1F179
 20:46:07.860 t20286449881AF2F1FAFB
 20:46:07.860 t203881BD882206382E0D
 20:46:07.861 t20480000800000000000
 20:46:07.861 t2058D188A2027FFF5000
 20:46:07.962 t2008229AC83E0046CA00
 20:46:07.962 t20184184C80EF2F1F17A
 20:46:07.962 t20286000C022F2F100F9
 20:46:07.963 t203882B8C82202B84A0C
 20:46:07.963 t20480000C00000000000
 20:46:07.963 t2058D188E2027FFF5000
 20:46:08.060 t2008229C083E0046CA00
 20:46:08.060 t201842B7080EF2F1F17B
 20:46:08.060 t2028639408264AF1FBF9
 20:46:08.061 t20388394082203D80E07
 20:46:08.061 t20480000000000000000
 20:46:08.061 t2058D18822027FFF5000
 20:46:08.161 t2008229F483E0046CA00
 20:46:08.161 t20184394480EAAF1F17A
 20:46:08.161 t20286394481AAAF1F9FA
 20:46:08.161 t20388420482202A80E01
 20:46:08.162 t20480000400000000000
 20:46:08.162 t2058D18862027FFF5000
 20:46:08.260 t200822A2883E0046CA00
 20:46:08.260 t201843D1880EF2F1F17A
 20:46:08.260 t20286449881602F1FCFB
 20:46:08.260 t203884DE882202E7E1FC
 20:46:08.260 t20480000800000000000
 20:46:08.260 t2058D188A2027FFF5000
 20:46:08.360 t200822A5C83E0046CA00
 20:46:08.360 t20184449C80EF2F1F17B
 20:46:08.360 t20286449C81AF2F1FAFB
 20:46:08.360 t20388570C82005E7FA00
 20:46:08.360 t20480000C00000000000
 20:46:08.360 t2058D188E2027FFF5000
 20:46:08.460 t200822A7083E0046CA00
 20:46:08.460 t2018450C080EF2F1F17A
 20:46:08.461 t202860000022F2F100F9
 20:46:08.461 t2038861D08203FF80BFF
 20:46:08.462 t20480000000000000000
 20:46:08.462 t2058D18822027FFF5000
 20:46:08.560 t200822AA483E0046CA00
 20:46:08.560 t20184000490E4AF1F179
 20:46:08.561 t2028639448264AF1FBF9
 20:46:08.561 t203882B8482202B84A0C
 20:46:08.561 t20480000400000000000
 20:46:08.561 t2058D18862027FFF5000
 20:46:08.660 t200822AD883E0046CA00
 20:46:08.660 t20184184880EF2F1F17A
 20:46:08.660 t20286394881AAAF1F9FA
 20:46:08.661 t20388394882203D80E07
 20:46:08.661 t20480000800000000000
 20:46:08.661 t2058D188A2027FFF5000
 20:46:08.760 t200822B0C83E0046CA00
 20:46:08.760 t201842B7C80EF2F1F17B
 20:46:08.760 t20286449C81602F1FCFB
 20:46:08.760 t20388420C82202A80E01
 20:46:08.760 t20480000C00000000000
 20:46:08.760 t2058D188E2027FFF5000
 20:46:08.860 t200822B3083E0046CA00
 20:46:08.861 t20184394080EAAF1F17A
 20:46:08.861 t20286449081AF2F1FAFB
 20:46:08.861 t203884DE082202E7E1FC
 20:46:08.861 t20480000000000000000
 20:46:08.861 t2058D18822027FFF5000
 20:46:08.960 t200822B5483E0046CA00
 20:46:08.960 t201843D1480EF2F1F17A
 20:46:08.960 t202860004022F2F100F9
 20:46:08.960 t20388570482205E7FA00
 20:46:08.961 t20480000400000000000
 20:46:08.961 t2058D18862027FFF5000
 20:46:09.060 t200822B9883E0046CA00
 20:46:09.060 t20184449880EF2F1F17B
 20:46:09.060 t2028639488264AF1FBF9
 20:46:09.060 t20388000892201B81604
 20:46:09.061 t20480000800000000000
 20:46:09.061 t2058D188A2027FFF5000
 20:46:09.176 t200822BBC83E0046CA00
 20:46:09.177 t2018450CC80EF2F1F17A
 20:46:09.177 t20286394C81AAAF1F9FA
 20:46:09.177 t2038802FC9223FF80BFF
 20:46:09.177 t20480000C00000000000
 20:46:09.177 t2058D188E2027FFF5000
 20:46:09.260 t200822BE083E0046CA00
 20:46:09.260 t20184000090E4AF1F179
 20:46:09.260 t20286449081602F1FCFB
 20:46:09.260 t2038861D08223FF80BFF
 20:46:09.260 t20480000000000000000
 20:46:09.260 t2058D18822027FFF5000
 20:46:09.360 t200822C1483E0046CA00
 20:46:09.360 t20184184480EF2F1F17A
 20:46:09.360 t20286449481AF2F1FAFB
 20:46:09.361 t203882B8482202B84A0C
 20:46:09.361 t20480000400000000000
 20:46:09.361 t2058D18862027FFF5000
 20:46:09.460 t200822C4883E0046CA00
 20:46:09.460 t201842B7880EF2F1F17B
 20:46:09.460 t202860008022F2F100F9
 20:46:09.460 t20388394882203D80E07
 20:46:09.460 t20480000800000000000
 20:46:09.460 t2058D188A2027FFF5000
 20:46:09.560 t200822C7C83E0046CA00
 20:46:09.560 t20184394C80EAAF1F17A
 20:46:09.560 t20286394C8264AF1FBF9
 20:46:09.561 t20388420C82202A80E01
 20:46:09.561 t20480000C00000000000
 20:46:09.561 t2058D188E2027FFF5000
 20:46:09.662 t200822C9083E0046CA00
 20:46:09.662 t201843D1080EF2F1F17A
 20:46:09.662 t20286394081AAAF1F9FA
 20:46:09.662 t203884DE082202E7E1FC
 20:46:09.662 t20480000000000000000
 20:46:09.662 t2058D18822027FFF5000
 20:46:09.761 t200822CC483E0046CA00
 20:46:09.761 t20184449480EF2F1F17B
 20:46:09.761 t20286449481602F1FCFB
 20:46:09.761 t20388570482205E7FA00
 20:46:09.762 t20480000400000000000
 20:46:09.762 t2058D18862027FFF5000
 20:46:09.860 t200822CF883E0046CA00
 20:46:09.860 t2018450C880EF2F1F17A
 20:46:09.860 t20286449881AF2F1FAFB
 20:46:09.860 t20388000892201B81604
 20:46:09.860 t20480000800000000000
 20:46:09.860 t2058D188A2027FFF5000
 20:46:09.960 t200822D2C83E0046CA00
 20:46:09.960 t20184000C90E4AF1F179
 20:46:09.960 t20286000C022F2F100F9
 20:46:09.960 t2038802FC9223FF80BFF
 20:46:09.960 t20480000C00000000000
 20:46:09.961 t2058D188E2027FFF5000
 20:46:10.060 t200822D5083E0046CA00
 20:46:10.060 t20184184080EF2F1F17A
 20:46:10.060 t2028639408264AF1FBF9
 20:46:10.060 t2038861D08223FF80BFF
 20:46:10.060 t20480000000000000000
 20:46:10.061 t2058D18822027FFF5000
 20:46:10.161 t200822D7483E0046CA00
 20:46:10.161 t201842B7480EF2F1F17B
 20:46:10.161 t20286394481AAAF1F9FA
 20:46:10.161 t203882B8482202B84A0C
 20:46:10.161 t20480000400000000000
 20:46:10.162 t2058D18862027FFF5000
 20:46:10.276 t200822DA883E0046CA00
 20:46:10.276 t20184394880EAAF1F17A
 20:46:10.276 t20286449881602F1FCFB
 20:46:10.276 t20388394882203D80E07
 20:46:10.276 t20480000800000000000
 20:46:10.276 t2058D188A2027FFF5000
 20:46:10.361 t200822DDC83E0046CA00
 20:46:10.361 t201843D1C80EF2F1F17A
 20:46:10.361 t20286449C81AF2F1FAFB
 20:46:10.361 t20388420C82202A80E01
 20:46:10.361 t20480000C00000000000
 20:46:10.362 t2058D188E2027FFF5000
 20:46:10.461 t200822E0083E0046CA00
 20:46:10.461 t20184449080EF2F1F17B
 20:46:10.461 t202860000022F2F100F9
 20:46:10.461 t203884DE082202E7E1FC
 20:46:10.461 t20480000000000000000
 20:46:10.462 t2058D18822027FFF5000
 20:46:10.561 t200822E3483E0046CA00
 20:46:10.561 t2018450C480EF2F1F17A
 20:46:10.561 t2028639448264AF1FBF9
 20:46:10.561 t20388570482205E7FA00
 20:46:10.561 t20480000400000000000
 20:46:10.561 t2058D18862027FFF5000
 20:46:10.660 t200822E6883E0046CA00
 20:46:10.661 t20184000890E4AF1F179
 20:46:10.661 t20286394881AAAF1F9FA
 20:46:10.661 t20388000892201B81604
 20:46:10.661 t20480000800000000000
 20:46:10.661 t2058D188A2027FFF5000
 20:46:10.760 t200822E8C83E0046CA00
 20:46:10.761 t20184184C80EF2F1F17A
 20:46:10.761 t20286449C81602F1FCFB
 20:46:10.761 t2038802FC9223FF80BFF
 20:46:10.761 t20480000C00000000000
 20:46:10.761 t2058D188E2027FFF5000
 20:46:10.860 t200822EB083E0046CA00
 20:46:10.861 t201842B7080EF2F1F17B
 20:46:10.861 t20286449081AF2F1FAFB
 20:46:10.861 t2038861D08223FF80BFF
 20:46:10.861 t20480000000000000000
 20:46:10.861 t2058D18822027FFF5000
 20:46:10.960 t200822EE483E0046CA00
 20:46:10.961 t20184394480EAAF1F17A
 20:46:10.961 t202860004022F2F100F9
 20:46:10.961 t203882B8482202B84A0C
 20:46:10.962 t20480000400000000000
 20:46:10.962 t2058D18862027FFF5000
 20:46:11.060 t200822F1883E0046CA00
 20:46:11.060 t201843D1880EF2F1F17A
 20:46:11.060 t2028639488264AF1FBF9
 20:46:11.061 t20388394882203D80E07
 20:46:11.061 t20480000800000000000
 20:46:11.061 t2058D188A2027FFF5000
 20:46:11.160 t200822F3C83E0046CA00
 20:46:11.160 t20184449C80EF2F1F17B
 20:46:11.160 t20286394C81AAAF1F9FA
 20:46:11.160 t20388420C82202A80E01
 20:46:11.160 t20480000C00000000000
 20:46:11.161 t2058D188E2027FFF5000
 20:46:11.260 t200822F6083E0046CA00
 20:46:11.261 t2018450C080EF2F1F17A
 20:46:11.261 t20286449081602F1FCFB
 20:46:11.261 t203884DE082202E7E1FC
 20:46:11.261 t20480000000000000000
 20:46:11.261 t2058D18822027FFF5000
 20:46:11.360 t200822F9483E0046CA00
 20:46:11.360 t20184000490E4AF1F179
 20:46:11.361 t20286449481AF2F1FAFB
 20:46:11.361 t20388570482205E7FA00
 20:46:11.361 t20480000400000000000
 20:46:11.361 t2058D18862027FFF5000
 20:46:11.460 t200822FC883E0046CA00
 20:46:11.460 t20184184880EF2F1F17A
 20:46:11.460 t202860008022F2F100F9
 20:46:11.461 t20388000892201B81604
 20:46:11.461 t20480000800000000000
 20:46:11.461 t2058D188A2027FFF5000
 20:46:11.560 t200822FFC83E0046CA00
 20:46:11.560 t201842B7C80EF2F1F17B
 20:46:11.561 t20286394C8264AF1FBF9
 20:46:11.561 t2038802FC9223FF80BFF
 20:46:11.561 t20480000C00000000000
 20:46:11.561 t2058D188E2027FFF5000
 20:46:11.661 t20082301083E0046CA00
 20:46:11.661 t20184394080EAAF1F17A
 20:46:11.661 t20286394081AAAF1F9FA
 20:46:11.662 t2038861D08223FF80BFF
 20:46:11.662 t20480000000000000000
 20:46:11.662 t2058D18822027FFF5000
 20:46:11.760 t20082304483E0046CA00
 20:46:11.760 t201843D1480EF2F1F17A
 20:46:11.760 t20286449481602F1FCFB
 20:46:11.760 t203882B8482202B84A0C
 20:46:11.761 t20480000400000000000
 20:46:11.761 t2058D18862027FFF5000
 20:46:11.860 t20082307883E0046CA00
 20:46:11.860 t20184449880EF2F1F17B
 20:46:11.860 t20286449881AF2F1FAFB
 20:46:11.860 t20388394882203D80E07
 20:46:11.860 t20480000800000000000
 20:46:11.860 t2058D188A2027FFF5000
 20:46:11.960 t2008230AC83E0046CA00
 20:46:11.960 t2018450CC80EF2F1F17A
 20:46:11.960 t20286000C022F2F100F9
 20:46:11.960 t20388420C82202A80E01
 20:46:11.960 t20480000C00000000000
 20:46:11.960 t2058D188E2027FFF5000
 20:46:12.060 t2008230D083E0046CA00
 20:46:12.060 t20184000090E4AF1F179
 20:46:12.060 t2028639408264AF1FBF9
 20:46:12.061 t203884DE082202E7E1FC
 20:46:12.061 t20480000000000000000
 20:46:12.061 t2058D18822027FFF5000
 20:46:12.160 t2008230F483E0046CA00
 20:46:12.160 t20184184480EF2F1F17A
 20:46:12.160 t20286394481AAAF1F9FA
 20:46:12.161 t20388570482205E7FA00
 20:46:12.161 t20480000400000000000
 20:46:12.161 t2058D18862027FFF5000
 20:46:12.260 t20082312883E0046CA00
 20:46:12.260 t201842B7880EF2F1F17B
 20:46:12.260 t20286449881602F1FCFB
 20:46:12.261 t20388000892201B81604
 20:46:12.261 t20480000800000000000
 20:46:12.261 t2058D188A2027FFF5000
 20:46:12.360 t20082315C83E0046CA00
 20:46:12.360 t20184394C80EAAF1F17A
 20:46:12.361 t20286449C81AF2F1FAFB
 20:46:12.361 t2038802FC9223FF80BFF
 20:46:12.361 t20480000C00000000000
 20:46:12.361 t2058D188E2027FFF5000
 20:46:12.460 t20082318083E0046CA00
 20:46:12.460 t201843D1080EF2F1F17A
 20:46:12.460 t202860000022F2F100F9
 20:46:12.460 t2038861D08223FF80BFF
 20:46:12.460 t20480000000000000000
 20:46:12.460 t2058D18822027FFF5000
 20:46:12.560 t2008231B483E0046CA00
 20:46:12.560 t20184449480EF2F1F17B
 20:46:12.560 t2028639448264AF1FBF9
 20:46:12.561 t203882B8482202B84A0C
 20:46:12.561 t20480000400000000000
 20:46:12.561 t2058D18862027FFF5000
 20:46:12.660 t2008231D883E0046CA00
 20:46:12.660 t2018450C880EF2F1F17A
 20:46:12.660 t20286394881AAAF1F9FA
 20:46:12.661 t20388394882203D80E07
 20:46:12.661 t20480000800000000000
 20:46:12.661 t2058D188A2027FFF5000
 20:46:12.760 t20082320C83E0046CA00
 20:46:12.760 t20184000C90E4AF1F179
 20:46:12.760 t20286449C81602F1FCFB
 20:46:12.761 t20388420C82202A80E01
 20:46:12.761 t20480000C00000000000
 20:46:12.761 t2058D188E2027FFF5000
 20:46:12.860 t20082323083E0046CA00
 20:46:12.860 t20184184080EF2F1F17A
 20:46:12.860 t20286449081AF2F1FAFB
 20:46:12.860 t203884DE082202E7E1FC
 20:46:12.861 t20480000000000000000
 20:46:12.861 t2058D18822027FFF5000
 20:46:12.961 t20082326483E0046CA00
 20:46:12.961 t201842B7480EF2F1F17B
 20:46:12.961 t202860004022F2F100F9
 20:46:12.961 t20388570482205E7FA00
 20:46:12.962 t20480000400000000000
 20:46:12.962 t2058D18862027FFF5000
 20:46:13.060 t20082328883E0046CA00
 20:46:13.060 t20184394880EAAF1F17A
 20:46:13.060 t2028639488264AF1FBF9
 20:46:13.060 t20388000892201B81604
 20:46:13.060 t20480000800000000000
 20:46:13.061 t2058D188A2027FFF5000
 20:46:13.160 t2008232BC83E0046CA00
 20:46:13.160 t201843D1C80EF2F1F17A
 20:46:13.160 t20286394C81AAAF1F9FA
 20:46:13.160 t2038802FC9223FF80BFF
 20:46:13.160 t20480000C00000000000
 20:46:13.160 t2058D188E2027FFF5000
 20:46:13.260 t2008232E083E0046CA00
 20:46:13.260 t20184449080EF2F1F17B
 20:46:13.260 t20286449081602F1FCFB
 20:46:13.260 t2038861D08223FF80BFF
 20:46:13.261 t20480000000000000000
 20:46:13.261 t2058D18822027FFF5000
 20:46:13.360 t20082331483E0046CA00
 20:46:13.360 t2018450C480EF2F1F17A
 20:46:13.360 t20286449481AF2F1FAFB
 20:46:13.360 t203882B8482202B84A0C
 20:46:13.361 t20480000400000000000
 20:46:13.361 t2058D18862027FFF5000
 20:46:13.460 t20082334883E0046CA00
 20:46:13.460 t20184000890E4AF1F179
 20:46:13.460 t202860008022F2F100F9
 20:46:13.460 t20388394882203D80E07
 20:46:13.461 t20480000800000000000
 20:46:13.461 t2058D188A2027FFF5000
 20:46:13.560 t20082336C83E0046CA00
 20:46:13.560 t20184184C80EF2F1F17A
 20:46:13.560 t20286394C8264AF1FBF9
 20:46:13.560 t20388420C82202A80E01
 20:46:13.560 t20480000C00000000000
 20:46:13.560 t2058D188E2027FFF5000
 20:46:13.660 t20082339083E0046CA00
 20:46:13.660 t201842B7080EF2F1F17B
 20:46:13.660 t20286394081AAAF1F9FA
 20:46:13.660 t203884DE082202E7E1FC
 20:46:13.660 t20480000000000000000
 20:46:13.660 t2058D18822027FFF5000
 20:46:13.760 t2008233C483E0046CA00
 20:46:13.760 t20184394480EAAF1F17A
 20:46:13.760 t20286449481602F1FCFB
 20:46:13.760 t20388570482205E7FA00
 20:46:13.761 t20480000400000000000
 20:46:13.761 t2058D18862027FFF5000
 20:46:13.860 t2008233F883E0046CA00
 20:46:13.860 t201843D1880EF2F1F17A
 20:46:13.860 t20286449881AF2F1FAFB
 20:46:13.860 t20388000892201B81604
 20:46:13.860 t20480000800000000000
 20:46:13.861 t2058D188A2027FFF5000
 20:46:13.960 t20082342C83E0046CA00
 20:46:13.960 t20184449C80EF2F1F17B
 20:46:13.960 t20286000C022F2F100F9
 20:46:13.960 t2038802FC9223FF80BFF
 20:46:13.960 t20480000C00000000000
 20:46:13.961 t2058D188E2027FFF5000
 20:46:14.060 t20082344083E0046CA00
 20:46:14.060 t2018450C080EF2F1F17A
 20:46:14.060 t2028639408264AF1FBF9
 20:46:14.061 t2038861D08223FF80BFF
 20:46:14.061 t20480000000000000000
 20:46:14.061 t2058D18822027FFF5000
 20:46:14.159 t20082347483E0046CA00
 20:46:14.160 t20184000490E4AF1F179
 20:46:14.160 t20286394481AAAF1F9FA
 20:46:14.160 t203882B8482202B84A0C
 20:46:14.160 t20480000400000000000
 20:46:14.161 t2058D18862027FFF5000
 20:46:14.260 t2008234A883E0046CA00
 20:46:14.261 t20184184880EF2F1F17A
 20:46:14.261 t20286449881602F1FCFB
 20:46:14.261 t20388394882203D80E07
 20:46:14.261 t20480000800000000000
 20:46:14.262 t2058D188A2027FFF5000
 20:46:14.361 t2008234DC83E0046CA00
 20:46:14.361 t201842B7C80EF2F1F17B
 20:46:14.361 t20286449C81AF2F1FAFB
 20:46:14.361 t20388420C82202A80E01
 20:46:14.361 t20480000C00000000000
 20:46:14.361 t2058D188E2027FFF5000
 20:46:14.460 t2008234F083E0046CA00
 20:46:14.461 t20184394080EAAF1F17A
 20:46:14.461 t202860000022F2F100F9
 20:46:14.461 t203884DE082202E7E1FC
 20:46:14.461 t20480000000000000000
 20:46:14.461 t2058D18822027FFF5000
 20:46:14.561 t20082352483E0046CA00
 20:46:14.561 t201843D1480EF2F1F17A
 20:46:14.562 t2028639448264AF1FBF9
 20:46:14.562 t20388570482205E7FA00
 20:46:14.562 t20480000400000000000
 20:46:14.562 t2058D18862027FFF5000
 20:46:14.661 t20082355883E0046CA00
 20:46:14.662 t20184449880EF2F1F17B
 20:46:14.662 t20286394881AAAF1F9FA
 20:46:14.662 t20388000892201B81604
 20:46:14.662 t20480000800000000000
 20:46:14.663 t2058D188A2027FFF5000
 20:46:14.760 t20082358C83E0046CA00
 20:46:14.761 t2018450CC80EF2F1F17A
 20:46:14.761 t20286449C81602F1FCFB
 20:46:14.761 t2038802FC9223FF80BFF
 20:46:14.761 t20480000C00000000000
 20:46:14.762 t2058D188E2027FFF5000
 20:46:14.860 t2008235B083E0046CA00
 20:46:14.861 t20184000090E4AF1F179
 20:46:14.861 t20286449081AF2F1FAFB
 20:46:14.861 t2038861D08223FF80BFF
 20:46:14.861 t20480000000000000000
 20:46:14.861 t2058D18822027FFF5000
 20:46:14.960 t2008235D483E0046CA00
 20:46:14.960 t20184184480EF2F1F17A
 20:46:14.961 t202860004022F2F100F9
 20:46:14.961 t203882B8482202B84A0C
 20:46:14.961 t20480000400000000000
 20:46:14.961 t2058D18862027FFF5000
 20:46:15.060 t20082360883E0046CA00
 20:46:15.061 t201842B7880EF2F1F17B
 20:46:15.063 t2028639488264AF1FBF9
 20:46:15.063 t20388394882203D80E07
 20:46:15.063 t20480000800000000000
 20:46:15.063 t2058D188A2027FFF5000
 20:46:15.160 t20082363C83E0046CA00
 20:46:15.160 t20184394C80EAAF1F17A
 20:46:15.160 t20286394C81AAAF1F9FA
 20:46:15.160 t20388420C82202A80E01
 20:46:15.160 t20480000C00000000000
 20:46:15.160 t2058D188E2027FFF5000
 20:46:15.260 t20082366083E0046CA00
 20:46:15.260 t201843D1080EF2F1F17A
 20:46:15.261 t20286449081602F1FCFB
 20:46:15.261 t203884DE082202E7E1FC
 20:46:15.261 t20480000000000000000
 20:46:15.261 t2058D18822027FFF5000
 20:46:15.360 t20082369483E0046CA00
 20:46:15.360 t20184449480EF2F1F17B
 20:46:15.361 t20286449481AF2F1FAFB
 20:46:15.361 t2038861D48200A580A05
 20:46:15.361 t20480000400000000000
 20:46:15.361 t2058D18862027FFF5000
 20:46:15.460 t2008236B883E0046CA00
 20:46:15.460 t2018450C880EF2F1F17A
 20:46:15.461 t202860008022F2F100F9
 20:46:15.461 t2038872E882003681A0B
 20:46:15.461 t20480000800000000000
 20:46:15.461 t2058D188A2027FFF5000
 20:46:15.560 t2008236EC83E0046CA00
 20:46:15.560 t20184000C90E4AF1F179
 20:46:15.561 t20286394C8264AF1FBF9
 20:46:15.561 t20388394C82203D80E07
 20:46:15.561 t20480000C00000000000
 20:46:15.561 t2058D188E2027FFF5000
 20:46:15.660 t20082371083E0046CA00
 20:46:15.660 t20184184080EF2F1F17A
 20:46:15.660 t20286394081AAAF1F9FA
 20:46:15.661 t20388420082202A80E01
 20:46:15.661 t20480000000000000000
 20:46:15.661 t2058D18822027FFF5000
 20:46:15.760 t20082374483E0046CA00
 20:46:15.760 t201842B7480EF2F1F17B
 20:46:15.760 t20286449481602F1FCFB
 20:46:15.760 t203884DE482202E7E1FC
 20:46:15.760 t20480000400000000000
 20:46:15.760 t2058D18862027FFF5000
 20:46:15.860 t20082377883E0046CA00
 20:46:15.860 t20184394880EAAF1F17A
 20:46:15.860 t20286449881AF2F1FAFB
 20:46:15.861 t20388570882205E7FA00
 20:46:15.861 t20480000800000000000
 20:46:15.861 t2058D188A2027FFF5000
 20:46:15.960 t20082379C83E0046CA00
 20:46:15.960 t201843D1C80EF2F1F17A
 20:46:15.960 t20286000C022F2F100F9
 20:46:15.960 t20388000C92201B81604
 20:46:15.960 t20480000C00000000000
 20:46:15.961 t2058D188E2027FFF5000
 20:46:16.060 t2008237C083E0046CA00
 20:46:16.060 t20184449080EF2F1F17B
 20:46:16.060 t2028639408264AF1FBF9
 20:46:16.060 t2038802F09223FF80BFF
 20:46:16.061 t20480000000000000000
 20:46:16.061 t2058D18822027FFF5000
 20:46:16.160 t2008237F483E0046CA00
 20:46:16.160 t2018450C480EF2F1F17A
 20:46:16.161 t20286394481AAAF1F9FA
 20:46:16.161 t2038861D48220A580A05
 20:46:16.161 t20480000400000000000
 20:46:16.161 t2058D18862027FFF5000
 20:46:16.260 t20082382883E0046CA00
 20:46:16.261 t20184000890E4AF1F179
 20:46:16.261 t20286449881602F1FCFB
 20:46:16.261 t2038872E882203681A0B
 20:46:16.261 t20480000800000000000
 20:46:16.261 t2058D188A2027FFF5000
 20:46:16.360 t20082384C83E0046CA00
 20:46:16.361 t20184184C80EF2F1F17A
 20:46:16.361 t20286449C81AF2F1FAFB
 20:46:16.361 t20388394C82203D80E07
 20:46:16.361 t20480000C00000000000
 20:46:16.361 t2058D188E2027FFF5000
 20:46:16.460 t20082387083E0046CA00
 20:46:16.460 t201842B7080EF2F1F17B
 20:46:16.460 t202860000022F2F100F9
 20:46:16.460 t20388420082202A80E01
 20:46:16.461 t20480000000000000000
 20:46:16.461 t2058D18822027FFF5000
 20:46:16.560 t2008238A483E0046CA00
 20:46:16.561 t20184394480EAAF1F17A
 20:46:16.561 t2028639448264AF1FBF9
 20:46:16.561 t203884DE482202E7E1FC
 20:46:16.561 t20480000400000000000
 20:46:16.562 t2058D18862027FFF5000
 20:46:16.660 t2008238D883E0046CA00
 20:46:16.660 t201843D1880EF2F1F17A
 20:46:16.660 t20286394881AAAF1F9FA
 20:46:16.660 t20388570882205E7FA00
 20:46:16.660 t20480000800000000000
 20:46:16.660 t2058D188A2027FFF5000
 20:46:16.760 t20082390C83E0046CA00
 20:46:16.760 t20184449C80EF2F1F17B
 20:46:16.760 t20286449C81602F1FCFB
 20:46:16.760 t20388000C92201B81604
 20:46:16.760 t20480000C00000000000
 20:46:16.760 t2058D188E2027FFF5000
 20:46:16.860 t20082392083E0046CA00
 20:46:16.860 t2018450C080EF2F1F17A
 20:46:16.860 t20286449081AF2F1FAFB
 20:46:16.861 t2038802F09223FF80BFF
 20:46:16.861 t20480000000000000000
 20:46:16.861 t2058D18822027FFF5000
 20:46:16.960 t20082395483E0048CA00
 20:46:16.960 t20184000490E4AF1F179
 20:46:16.960 t202860004022F2F100F9
 20:46:16.960 t2038861D48220A580A05
 20:46:16.960 t20480000400000000000
 20:46:16.960 t2058D18862027FFF5000
 20:46:17.060 t20082398883E0048CA00
 20:46:17.060 t20184184880EF2F1F17A
 20:46:17.060 t2028639488264AF1FBF9
 20:46:17.060 t2038872E882203681A0B
 20:46:17.061 t20480000800000000000
 20:46:17.061 t2058D188A2027FFF5000
 20:46:17.160 t2008239BC83E0048CA00
 20:46:17.160 t201842B7C80EF2F1F17B
 20:46:17.160 t20286394C81AAAF1F9FA
 20:46:17.160 t20388394C82203D80E07
 20:46:17.161 t20480000C00000000000
 20:46:17.161 t2058D188E2027FFF5000
 20:46:17.260 t2008239E083E0048CA00
 20:46:17.260 t20184394080EAAF1F17A
 20:46:17.260 t20286449081602F1FCFB
 20:46:17.260 t20388420082202A80E01
 20:46:17.260 t20480000000000000000
 20:46:17.261 t2058D18822027FFF5000
 20:46:17.360 t200823A0483E0048CA00
 20:46:17.360 t201843D1480EF2F1F17A
 20:46:17.360 t20286449481AF2F1FAFB
 20:46:17.360 t203884DE482202E7E1FC
 20:46:17.361 t20480000400000000000
 20:46:17.361 t2058D18862027FFF5000
 20:46:17.459 t200823A3883E0048CA00
 20:46:17.460 t20184449880EF2F1F17B
 20:46:17.460 t202860008022F2F100F9
 20:46:17.460 t20388570882205E7FA00
 20:46:17.460 t20480000800000000000
 20:46:17.460 t2058D188A2027FFF5000
 20:46:17.560 t200823A6C83E0048CA00
 20:46:17.560 t2018450CC80EF2F1F17A
 20:46:17.560 t20286394C8264AF1FBF9
 20:46:17.560 t20388000C92201B81604
 20:46:17.560 t20480000C00000000000
 20:46:17.561 t2058D188E2027FFF5000
 20:46:17.661 t200823A9083E0048CA00
 20:46:17.661 t20184000090E4AF1F179
 20:46:17.661 t20286394081AAAF1F9FA
 20:46:17.661 t2038802F09223FF80BFF
 20:46:17.661 t20480000000000000000
 20:46:17.662 t2058D18822027FFF5000
 20:46:17.761 t200823AC483E0048CA00
 20:46:17.761 t201842B7480EF2F1F17B
 20:46:17.762 t20286449481602F1FCFB
 20:46:17.762 t2038861D48220A580A05
 20:46:17.762 t20480000400000000000
 20:46:17.762 t2058D18862027FFF5000
 20:46:17.859 t200823AE883E0048CA00
 20:46:17.859 t20184394880EAAF1F17A
 20:46:17.860 t20286449881AF2F1FAFB
 20:46:17.860 t2038872E882203681A0B
 20:46:17.860 t20480000800000000000
 20:46:17.860 t2058D188A2027FFF5000
 20:46:17.959 t200823B1C83E0048CA00
 20:46:17.960 t201843D1C80EF2F1F17A
 20:46:17.960 t20286000C022F2F100F9
 20:46:17.960 t20388394C82203D80E07
 20:46:17.960 t20480000C00000000000
 20:46:17.960 t2058D188E2027FFF5000
 20:46:18.059 t200823B4083E0048CA00
 20:46:18.059 t20184449080EF2F1F17B
 20:46:18.060 t2028639408264AF1FBF9
 20:46:18.060 t20388420082202A80E01
 20:46:18.060 t20480000000000000000
 20:46:18.060 t2058D18822027FFF5000
 20:46:18.160 t200823B7483E0048CA00
 20:46:18.161 t2018450C480EF2F1F17A
 20:46:18.161 t20286394481AAAF1F9FA
 20:46:18.161 t203884DE482202E7E1FC
 20:46:18.161 t20480000400000000000
 20:46:18.162 t2058D18862027FFF5000
 20:46:18.261 t200823B9883E0048CA00
 20:46:18.261 t20184000890E4AF1F179
 20:46:18.261 t20286449881602F1FCFB
 20:46:18.261 t20388570882205E7FA00
 20:46:18.261 t20480000800000000000
 20:46:18.262 t2058D188A2027FFF5000
 20:46:18.360 t200823BCC83E0048CA00
 20:46:18.361 t201842B7C80EF2F1F17B
 20:46:18.361 t20286449C81AF2F1FAFB
 20:46:18.361 t20388000C92201B81604
 20:46:18.361 t20480000C00000000000
 20:46:18.361 t2058D188E2027FFF5000
 20:46:18.460 t200823BF083E0048CA00
 20:46:18.460 t20184394080EAAF1F17A
 20:46:18.460 t202860000022F2F100F9
 20:46:18.461 t2038802F09223FF80BFF
 20:46:18.461 t20480000000000000000
 20:46:18.461 t2058D18822027FFF5000
 20:46:18.560 t200823C2483E0048CA00
 20:46:18.560 t201843D1480EF2F1F17A
 20:46:18.561 t2028639448264AF1FBF9
 20:46:18.561 t2038861D48220A580A05
 20:46:18.561 t20480000400000000000
 20:46:18.561 t2058D18862027FFF5000
 20:46:18.660 t200823C4883E0048CA00
 20:46:18.660 t20184449880EF2F1F17B
 20:46:18.660 t20286394881AAAF1F9FA
 20:46:18.660 t2038872E882203681A0B
 20:46:18.661 t20480000800000000000
 20:46:18.661 t2058D188A2027FFF5000
 20:46:18.760 t200823C7C83E0048CA00
 20:46:18.761 t2018450CC80EF2F1F17A
 20:46:18.761 t20286449C81602F1FCFB
 20:46:18.761 t20388394C82203D80E07
 20:46:18.761 t20480000C00000000000
 20:46:18.762 t2058D188E2027FFF5000
 20:46:18.860 t200823CA083E0048CA00
 20:46:18.860 t2018472E080CF2F1F17B
 20:46:18.861 t20286449081AF2F1FAFB
 20:46:18.861 t20388420082202A80E01
 20:46:18.861 t20480000000000000000
 20:46:18.861 t2058D18822027FFF5000
 20:46:18.961 t200823CD483E0048CA00
 20:46:18.961 t201842B7480EF2F1F17B
 20:46:18.961 t202860004022F2F100F9
 20:46:18.961 t203884DE482202E7E1FC
 20:46:18.961 t20480000400000000000
 20:46:18.961 t2058D18862027FFF5000
 20:46:19.069 t200823D0883E0048CA00
 20:46:19.069 t20184394880EAAF1F17A
 20:46:19.069 t2028639488264AF1FBF9
 20:46:19.069 t20388570882205E7FA00
 20:46:19.069 t20480000800000000000
 20:46:19.070 t2058D188A2027FFF5000
 20:46:19.160 t200823D2C83E0048CA00
 20:46:19.160 t201843D1C80EF2F1F17A
 20:46:19.160 t20286394C81AAAF1F9FA
 20:46:19.160 t20388000C92201B81604
 20:46:19.160 t20480000C00000000000
 20:46:19.160 t2058D188E2027FFF5000
 20:46:19.260 t200823D5083E0048CA00
 20:46:19.260 t20184449080EF2F1F17B
 20:46:19.261 t20286449081602F1FCFB
 20:46:19.261 t2038802F09223FF80BFF
 20:46:19.261 t20480000000000000000
 20:46:19.261 t2058D18822027FFF5000
 20:46:19.360 t200823D8483E0048CA00
 20:46:19.360 t2018450C480EF2F1F17A
 20:46:19.360 t20286449481AF2F1FAFB
 20:46:19.361 t2038861D48220A580A05
 20:46:19.361 t20480000400000000000
 20:46:19.361 t2058D18862027FFF5000
 20:46:19.460 t200823DA883E0048CA00
 20:46:19.460 t20184000890E4AF1F179
 20:46:19.460 t202860008022F2F100F9
 20:46:19.460 t2038872E882203681A0B
 20:46:19.461 t20480000800000000000
 20:46:19.461 t2058D188A2027FFF5000
 20:46:19.560 t200823DDC83E0048CA00
 20:46:19.560 t2018472EC80EF2F1F17B
 20:46:19.560 t20286394C8264AF1FBF9
 20:46:19.560 t20388394C82203D80E07
 20:46:19.561 t20480000C00000000000
 20:46:19.561 t2058D188E2027FFF5000
 20:46:19.660 t200823E0083E0048CA00
 20:46:19.660 t201842B7080EF2F1F17B
 20:46:19.660 t20286394081AAAF1F9FA
 20:46:19.660 t20388420082202A80E01
 20:46:19.661 t20480000000000000000
 20:46:19.661 t2058D18822027FFF5000
 20:46:19.770 t200823E3483E0048CA00
 20:46:19.770 t20184394480EAAF1F17A
 20:46:19.770 t20286449481602F1FCFB
 20:46:19.770 t203884DE482202E7E1FC
 20:46:19.771 t20480000400000000000
 20:46:19.771 t2058D18862027FFF5000
 20:46:19.862 t200823E5883E0048CA00
 20:46:19.862 t201843D1880EF2F1F17A
 20:46:19.862 t20286449881AF2F1FAFB
 20:46:19.862 t20388570882205E7FA00
 20:46:19.862 t20480000800000000000
 20:46:19.862 t2058D188A2027FFF5000
 20:46:19.960 t200823E8C83E0048CA00
 20:46:19.960 t20184449C80EF2F1F17B
 20:46:19.960 t20286000C022F2F100F9
 20:46:19.960 t20388000C92201B81604
 20:46:19.960 t20480000C00000000000
 20:46:19.960 t2058D188E2027FFF5000
 20:46:20.060 t200823EB083E0048CA00
 20:46:20.060 t2018450C080EF2F1F17A
 20:46:20.061 t2028639408264AF1FBF9
 20:46:20.061 t2038802F09223FF80BFF
 20:46:20.061 t20480000000000000000
 20:46:20.061 t2058D18822027FFF5000
 20:46:20.160 t200823EE483E0048CA00
 20:46:20.160 t20184000490E4AF1F179
 20:46:20.160 t20286394481AAAF1F9FA
 20:46:20.160 t2038861D48220A580A05
 20:46:20.160 t20480000400000000000
 20:46:20.161 t2058D18862027FFF5000
 20:46:20.260 t200823F1883E0048CA00
 20:46:20.260 t2018472E880EF2F1F17B
 20:46:20.260 t20286449881602F1FCFB
 20:46:20.260 t2038872E882203681A0B
 20:46:20.260 t20480000800000000000
 20:46:20.261 t2058D188A2027FFF5000
 20:46:20.360 t200823F3C83E0048CA00
 20:46:20.360 t201842B7C80EF2F1F17B
 20:46:20.360 t20286449C81AF2F1FAFB
 20:46:20.361 t20388394C82203D80E07
 20:46:20.361 t20480000C00000000000
 20:46:20.361 t2058D188E2027FFF5000
 20:46:20.460 t200823F6083E0048CA00
 20:46:20.460 t20184394080EAAF1F17A
 20:46:20.461 t202860000022F2F100F9
 20:46:20.461 t20388420082202A80E01
 20:46:20.461 t20480000000000000000
 20:46:20.461 t2058D18822027FFF5000
 20:46:20.560 t200823F9483E0048CA00
 20:46:20.560 t201843D1480EF2F1F17A
 20:46:20.560 t2028639448264AF1FBF9
 20:46:20.560 t203884DE482202E7E1FC
 20:46:20.561 t20480000400000000000
 20:46:20.561 t2058D18862027FFF5000
 20:46:20.660 t200823FC883E0048CA00
 20:46:20.660 t20184449880EF2F1F17B
 20:46:20.660 t20286394881AAAF1F9FA
 20:46:20.660 t20388570882205E7FA00
 20:46:20.661 t20480000800000000000
 20:46:20.661 t2058D188A2027FFF5000
 20:46:20.760 t200823FEC83E0048CA00
 20:46:20.760 t2018450CC80EF2F1F17A
 20:46:20.760 t20286449C81602F1FCFB
 20:46:20.760 t20388000C92201B81604
 20:46:20.761 t20480000C00000000000
 20:46:20.761 t2058D188E2027FFF5000
 20:46:20.860 t20082401083E0048CA00
 20:46:20.860 t20184000090E4AF1F179
 20:46:20.860 t20286449081AF2F1FAFB
 20:46:20.860 t2038802F09223FF80BFF
 20:46:20.861 t20480000000000000000
 20:46:20.861 t2058D18822027FFF5000
 20:46:20.960 t20082404483E0048CA00
 20:46:20.960 t2018472E480EF2F1F17B
 20:46:20.960 t202860004022F2F100F9
 20:46:20.960 t2038861D48220A580A05
 20:46:20.961 t20480000400000000000
 20:46:20.961 t2058D18862027FFF5000
 20:46:21.060 t20082407883E0048CA00
 20:46:21.060 t201842B7880EF2F1F17B
 20:46:21.060 t2028639488264AF1FBF9
 20:46:21.060 t2038872E882203681A0B
 20:46:21.061 t20480000800000000000
 20:46:21.061 t2058D188A2027FFF5000
 20:46:21.160 t20082409C83E0048CA00
 20:46:21.160 t20184394C80EAAF1F17A
 20:46:21.161 t20286394C81AAAF1F9FA
 20:46:21.161 t20388394C82203D80E07
 20:46:21.161 t20480000C00000000000
 20:46:21.161 t2058D188E2027FFF5000
 20:46:21.259 t2008240C083E0048CA00
 20:46:21.260 t201843D1080EF2F1F17A
 20:46:21.260 t20286449081602F1FCFB
 20:46:21.260 t20388420082202A80E01
 20:46:21.260 t20480000000000000000
 20:46:21.260 t2058D18822027FFF5000
 20:46:21.360 t2008240F483E0048CA00
 20:46:21.360 t20184449480EF2F1F17B
 20:46:21.360 t20286449481AF2F1FAFB
 20:46:21.360 t203884DE482202E7E1FC
 20:46:21.361 t20480000400000000000
 20:46:21.361 t2058D18862027FFF5000
 20:46:21.460 t20082412883E0048CA00
 20:46:21.460 t2018450C880EF2F1F17A
 20:46:21.460 t202860008022F2F100F9
 20:46:21.460 t20388570882205E7FA00
 20:46:21.460 t20480000800000000000
 20:46:21.461 t2058D188A2027FFF5000
 20:46:21.560 t20082415C83E0048CA00
 20:46:21.560 t20184000C90E4AF1F179
 20:46:21.560 t20286394C8264AF1FBF9
 20:46:21.560 t20388000C92201B81604
 20:46:21.560 t20480000C00000000000
 20:46:21.561 t2058D188E2027FFF5000
 20:46:21.660 t20082417083E0048CA00
 20:46:21.660 t201842B7080EF2F1F17B
 20:46:21.660 t20286394081AAAF1F9FA
 20:46:21.660 t2038802F09223FF80BFF
 20:46:21.660 t20480000000000000000
 20:46:21.661 t2058D18822027FFF5000
 20:46:21.760 t2008241A483E0048CA00
 20:46:21.760 t20184394480EAAF1F17A
 20:46:21.760 t20286449481602F1FCFB
 20:46:21.760 t20388394482003D80E07
 20:46:21.761 t20480000400000000000
 20:46:21.761 t2058D18862027FFF5000
 20:46:21.859 t2008241D883E0048CA00
 20:46:21.860 t201843D1880EF2F1F17A
 20:46:21.860 t20286449881AF2F1FAFB
 20:46:21.860 t20388420882002A80E01
 20:46:21.860 t20480000800000000000
 20:46:21.860 t2058D188A2027FFF5000
 20:46:21.959 t20082420C83E0046CA00
 20:46:21.960 t20184449C80EF2F1F17B
 20:46:21.960 t20286000C022F2F100F9
 20:46:21.960 t203884DEC82002E7E1FC
 20:46:21.960 t20480000C00000000000
 20:46:21.960 t2058D188E2027FFF5000
 20:46:22.059 t20082422083E0046CA00
 20:46:22.060 t2018450C080EF2F1F17A
 20:46:22.060 t2028639408264AF1FBF9
 20:46:22.060 t203885CE082005080202
 20:46:22.060 t20480000000000000000
 20:46:22.060 t2058D18822027FFF5000
 20:46:22.159 t20082425483E0046CA00
 20:46:22.160 t2018472E480EF2F1F17B
 20:46:22.160 t20286394481AAAF1F9FA
 20:46:22.160 t203886B0482007E81606
 20:46:22.160 t20480000400000000000
 20:46:22.160 t2058D18862027FFF5000
 20:46:22.260 t20082428883E0046CA00
 20:46:22.261 t201842B7880EF2F1F17B
 20:46:22.261 t20286449881602F1FCFB
 20:46:22.261 t20388743882002281E0B
 20:46:22.261 t20480000800000000000
 20:46:22.262 t2058D188A2027FFF5000
 20:46:22.360 t2008242BC83E0046CA00
 20:46:22.361 t20184394C80EAAF1F17A
 20:46:22.361 t20286449C81AF2F1FAFB
 20:46:22.361 t20388394C82203D80E07
 20:46:22.361 t20480000C00000000000
 20:46:22.361 t2058D188E2027FFF5000
 20:46:22.460 t2008242D083E0046CA00
 20:46:22.461 t201843D1080EF2F1F17A
 20:46:22.461 t202860000022F2F100F9
 20:46:22.461 t20388420082202A80E01
 20:46:22.461 t20480000000000000000
 20:46:22.461 t2058D18822027FFF5000
 20:46:22.561 t20082430483E0046CA00
 20:46:22.561 t20184449480EF2F1F17B
 20:46:22.561 t2028639448264AF1FBF9
 20:46:22.561 t203884DE482202E7E1FC
 20:46:22.561 t20480000400000000000
 20:46:22.561 t2058D18862027FFF5000
 20:46:22.660 t20082433883E0046CA00
 20:46:22.660 t2018450C880EF2F1F17A
 20:46:22.661 t20286394881AAAF1F9FA
 20:46:22.661 t203885CE882205080202
 20:46:22.661 t20480000800000000000
 20:46:22.661 t2058D188A2027FFF5000
 20:46:22.760 t20082436C83E0046CA00
 20:46:22.760 t2018472EC80EF2F1F17B
 20:46:22.761 t20286449C81602F1FCFB
 20:46:22.761 t203886B0C82207E81606
 20:46:22.761 t20480000C00000000000
 20:46:22.761 t2058D188E2027FFF5000
 20:46:22.860 t20082439083E0046CA00
 20:46:22.861 t201842B7080EF2F1F17B
 20:46:22.861 t20286449081AF2F1FAFB
 20:46:22.861 t20388743082202281E0B
 20:46:22.861 t20480000000000000000
 20:46:22.861 t2058D18822027FFF5000
 20:46:22.960 t2008243B483E0046CA00
 20:46:22.960 t20184394480EAAF1F17A
 20:46:22.961 t202860004022F2F100F9
 20:46:22.961 t20388394482203D80E07
 20:46:22.961 t20480000400000000000
 20:46:22.961 t2058D18862027FFF5000
 20:46:23.060 t2008243E883E0046CA00
 20:46:23.060 t201843D1880EF2F1F17A
 20:46:23.061 t2028639488264AF1FBF9
 20:46:23.061 t20388420882202A80E01
 20:46:23.061 t20480000800000000000
 20:46:23.062 t2058D188A2027FFF5000
 20:46:23.160 t20082441C83E0046CA00
 20:46:23.160 t20184449C80EF2F1F17B
 20:46:23.160 t20286394C81AAAF1F9FA
 20:46:23.161 t203884DEC82202E7E1FC
 20:46:23.161 t20480000C00000000000
 20:46:23.161 t2058D188E2027FFF5000
 20:46:23.260 t20082444083E0046CA00
 20:46:23.260 t2018450C080EF2F1F17A
 20:46:23.260 t20286449081602F1FCFB
 20:46:23.260 t203885CE082205080202
 20:46:23.261 t20480000000000000000
 20:46:23.261 t2058D18822027FFF5000
 20:46:23.360 t20082447483E0046CA00
 20:46:23.360 t2018472E480EF2F1F17B
 20:46:23.360 t20286449481AF2F1FAFB
 20:46:23.361 t203886B0482207E81606
 20:46:23.361 t20480000400000000000
 20:46:23.361 t2058D18862027FFF5000
 20:46:23.460 t2008244A883E004ACA00
 20:46:23.460 t201842B7880EF2F1F17B
 20:46:23.460 t202860008022F2F100F9
 20:46:23.461 t20388743882202281E0B
 20:46:23.461 t20480000800000000000
 20:46:23.461 t2058D188A2027FFF5000
 20:46:23.560 t2008244CC83E004ACA00
 20:46:23.560 t20184394C80EAAF1F17A
 20:46:23.560 t20286394C8264AF1FBF9
 20:46:23.561 t20388394C82203D80E07
 20:46:23.561 t20480000C00000000000
 20:46:23.561 t2058D188E2027FFF5000
 20:46:23.660 t2008244F083E004ACA00
 20:46:23.660 t201843D1080EF2F1F17A
 20:46:23.660 t20286394081AAAF1F9FA
 20:46:23.661 t20388420082202A80E01
 20:46:23.661 t20480000000000000000
 20:46:23.661 t2058D18822027FFF5000
 20:46:23.760 t20082452483E004ACA00
 20:46:23.760 t20184449480EF2F1F17B
 20:46:23.760 t20286449481602F1FCFB
 20:46:23.761 t203884DE482202E7E1FC
 20:46:23.761 t20480000400000000000
 20:46:23.761 t2058D18862027FFF5000
 20:46:23.860 t20082455883E004ACA00
 20:46:23.860 t2018450C880EF2F1F17A
 20:46:23.861 t20286449881AF2F1FAFB
 20:46:23.861 t203885CE882205080202
 20:46:23.861 t20480000800000000000
 20:46:23.861 t2058D188A2027FFF5000
 20:46:23.960 t20082457C83E004ACA00
 20:46:23.960 t2018472EC80EF2F1F17B
 20:46:23.960 t20286000C022F2F100F9
 20:46:23.961 t203887FDC8203FF80BFF
 20:46:23.961 t20480000C00000000000
 20:46:23.961 t2058D188E2027FFF5000
 20:46:24.066 t2008245A083E004ACA00
 20:46:24.066 t201842B7080EF2F1F17B
 20:46:24.066 t2028639408264AF1FBF9
 20:46:24.066 t20388420082202A80E01
 20:46:24.066 t20480000000000000000
 20:46:24.066 t2058D18822027FFF5000
 20:46:24.160 t2008245D483E004ACA00
 20:46:24.160 t20184394480EAAF1F17A
 20:46:24.160 t20286394481AAAF1F9FA
 20:46:24.160 t203884DE482202E7E1FC
 20:46:24.160 t20480000400000000000
 20:46:24.160 t2058D18862027FFF5000
 20:46:24.260 t20082460883E004ACA00
 20:46:24.260 t201843D1880EF2F1F17A
 20:46:24.260 t20286449881602F1FCFB
 20:46:24.260 t203885CE882205080202
 20:46:24.260 t20480000800000000000
 20:46:24.260 t2058D188A2027FFF5000
 20:46:24.360 t20082463C83E004ACA00
 20:46:24.360 t20184449C80EF2F1F17B
 20:46:24.360 t20286449C81AF2F1FAFB
 20:46:24.360 t203886B0C82207E81606
 20:46:24.361 t20480000C00000000000
 20:46:24.361 t2058D188E2027FFF5000
 20:46:24.460 t20082465083E004ACA00
 20:46:24.460 t2018450C080EF2F1F17A
 20:46:24.460 t202860000022F2F100F9
 20:46:24.460 t20388743082202281E0B
 20:46:24.461 t20480000000000000000
 20:46:24.461 t2058D18822027FFF5000
 20:46:24.560 t20082468483E004ACA00
 20:46:24.560 t2018472E480EF2F1F17B
 20:46:24.560 t2028639448264AF1FBF9
 20:46:24.560 t203887FD48223FF80BFF
 20:46:24.560 t20480000400000000000
 20:46:24.561 t2058D18862027FFF5000
 20:46:24.660 t2008246B883E004ACA00
 20:46:24.660 t201842B7880EF2F1F17B
 20:46:24.660 t20286394881AAAF1F9FA
 20:46:24.660 t20388420882202A80E01
 20:46:24.660 t20480000800000000000
 20:46:24.660 t2058D188A2027FFF5000
 20:46:24.760 t2008246EC83E004ACA00
 20:46:24.760 t20184394C80EAAF1F17A
 20:46:24.760 t20286449C81602F1FCFB
 20:46:24.760 t203884DEC82202E7E1FC
 20:46:24.760 t20480000C00000000000
 20:46:24.760 t2058D188E2027FFF5000
 20:46:24.860 t20082470083E004ACA00
 20:46:24.860 t201843D1080EF2F1F17A
 20:46:24.860 t20286449081AF2F1FAFB
 20:46:24.860 t203885CE082205080202
 20:46:24.860 t20480000000000000000
 20:46:24.861 t2058D18822027FFF5000
 20:46:24.960 t20082473483E004ACA00
 20:46:24.960 t20184449480EF2F1F17B
 20:46:24.960 t202860004022F2F100F9
 20:46:24.960 t203886B0482207E81606
 20:46:24.960 t20480000400000000000
 20:46:24.961 t2058D18862027FFF5000
 20:46:25.059 t20082476883E004ACA00
 20:46:25.060 t2018450C880EF2F1F17A
 20:46:25.060 t2028639488264AF1FBF9
 20:46:25.060 t20388743882202281E0B
 20:46:25.060 t20480000800000000000
 20:46:25.060 t2058D188A2027FFF5000
 20:46:25.160 t20082479C83E004ACA00
 20:46:25.160 t2018472EC80EF2F1F17B
 20:46:25.160 t20286394C81AAAF1F9FA
 20:46:25.160 t203887FDC8223FF80BFF
 20:46:25.160 t20480000C00000000000
 20:46:25.160 t2058D188E2027FFF5000
 20:46:25.259 t2008247C083E004ACA00
 20:46:25.260 t201842B7080EF2F1F17B
 20:46:25.260 t20286449081602F1FCFB
 20:46:25.260 t20388420082202A80E01
 20:46:25.260 t20480000000000000000
 20:46:25.261 t2058D18822027FFF5000
 20:46:25.362 t2008247E483E004ACA00
 20:46:25.362 t20184394480EAAF1F17A
 20:46:25.363 t20286449481AF2F1FAFB
 20:46:25.363 t203884DE482202E7E1FC
 20:46:25.363 t20480000400000000000
 20:46:25.363 t2058D18862027FFF5000
 20:46:25.459 t20082481883E004ACA00
 20:46:25.460 t201843D1880EF2F1F17A
 20:46:25.460 t202860008022F2F100F9
 20:46:25.460 t203885CE882205080202
 20:46:25.460 t20480000800000000000
 20:46:25.460 t2058D188A2027FFF5000
 20:46:25.559 t20082484C83E004ACA00
 20:46:25.560 t20184449C80EF2F1F17B
 20:46:25.560 t20286449C81602F1FCFB
 20:46:25.560 t203886B0C82207E81606
 20:46:25.560 t20480000C00000000000
 20:46:25.560 t2058D188E2027FFF5000
 20:46:25.659 t20082487083E004ACA00
 20:46:25.659 t2018450C080EF2F1F17A
 20:46:25.660 t20286449081AF2F1FAFB
 20:46:25.660 t20388743082202281E0B
 20:46:25.660 t20480000000000000000
 20:46:25.660 t2058D18822027FFF5000
 20:46:25.760 t20082489483E004ACA00
 20:46:25.760 t2018472E480EF2F1F17B
 20:46:25.761 t202860004022F2F100F9
 20:46:25.761 t203887FD48223FF80BFF
 20:46:25.761 t20480000400000000000
 20:46:25.761 t2058D18862027FFF5000
 20:46:25.859 t2008248C883E004ACA00
 20:46:25.859 t20184394880EAAF1F17A
 20:46:25.860 t20286449881602F1FCFB
 20:46:25.860 t20388420882202A80E01
 20:46:25.860 t20480000800000000000
 20:46:25.860 t2058D188A2027FFF5000
 20:46:25.959 t2008248FC83E004ACA00
 20:46:25.960 t201843D1C80EF2F1F17A
 20:46:25.960 t20286449C81AF2F1FAFB
 20:46:25.960 t203884DEC82202E7E1FC
 20:46:25.960 t20480000C00000000000
 20:46:25.960 t2058D188E2027FFF5000
 20:46:26.060 t20082492083E004ACA00
 20:46:26.060 t20184449080EF2F1F17B
 20:46:26.060 t202860000022F2F100F9
 20:46:26.060 t203885CE082205080202
 20:46:26.060 t20480000000000000000
 20:46:26.060 t2058D18822027FFF5000
 20:46:26.160 t20082495483E004ACA00
 20:46:26.160 t2018450C480EF2F1F17A
 20:46:26.160 t20286449481602F1FCFB
 20:46:26.160 t203886B0482207E81606
 20:46:26.160 t20480000400000000000
 20:46:26.160 t2058D18862027FFF5000
 20:46:26.260 t20082497883E004ACA00
 20:46:26.260 t201847FC880CAAF1F17A
 20:46:26.260 t202867FC88284AF902F9
 20:46:26.260 t20388743882202281E0B
 20:46:26.260 t20480000800000000000
 20:46:26.261 t2058D188A2027FFF5000
 20:46:26.360 t2008249AC83E004ACA00
 20:46:26.361 t20184000CA0C4AF9F179
 20:46:26.361 t202867FCC818AAF102FA
 20:46:26.361 t20388000CA200037F601
 20:46:26.361 t20480000C00000000000
 20:46:26.361 t2058D188E2027FFF5000
 20:46:26.460 t2008249D083E004ACA00
 20:46:26.460 t201840300A0CF2F9F179
 20:46:26.461 t202861AB0A1402F9FDF9
 20:46:26.461 t2038801C0A20015805F0
 20:46:26.461 t20480000000000000000
 20:46:26.461 t2058D18822027FFF5000
 20:46:26.560 t200824A0483E004ACA00
 20:46:26.561 t2018424E4A0CF1F1F17C
 20:46:26.561 t202861AB4A18F2F9FDF9
 20:46:26.561 t2038806B4A20036791E5
 20:46:26.561 t20480000400000000000
 20:46:26.561 t2058D18862027FFF5000
 20:46:26.660 t200824A2883E004ACA00
 20:46:26.660 t20184394880EAAF1F17A
 20:46:26.660 t2028624E8A1401F1FDFC
 20:46:26.661 t2038810A8A2000782A02
 20:46:26.661 t20480000800000000000
 20:46:26.661 t2058D188A2027FFF5000
 20:46:26.760 t200824A5C83E004ACA00
 20:46:26.760 t201843D1C80EF2F1F17A
 20:46:26.760 t2028624ECA18F1F100FC
 20:46:26.760 t20388420C82002A80E01
 20:46:26.761 t20480000C00000000000
 20:46:26.761 t2058D188E2027FFF5000
 20:46:26.860 t200824A8083E004ACA00
 20:46:26.860 t20184449080EF2F1F17B
 20:46:26.860 t202860000022F2F100F9
 20:46:26.860 t203884DE082002E7E1FC
 20:46:26.860 t20480000000000000000
 20:46:26.860 t2058D18822027FFF5000
 20:46:26.960 t200824AB483E004ACA00
 20:46:26.960 t2018450C480EF2F1F17A
 20:46:26.960 t20286449481602F1FCFB
 20:46:26.961 t20388570482005E7FA00
 20:46:26.961 t20480000400000000000
 20:46:26.961 t2058D18862027FFF5000
 20:46:27.060 t200824AE883E004ACA00
 20:46:27.060 t2018472E880EF2F1F17B
 20:46:27.061 t20286449881AF2F1FAFB
 20:46:27.061 t2038861D88200A580A05
 20:46:27.061 t20480000800000000000
 20:46:27.061 t2058D188A2027FFF5000
 20:46:27.160 t200824B0C83E004ACA00
 20:46:27.160 t201847FCC80EAAF1F17A
 20:46:27.160 t202867FCC82A4AF902F9
 20:46:27.160 t2038872EC82003681A0B
 20:46:27.160 t20480000C00000000000
 20:46:27.161 t2058D188E2027FFF5000
 20:46:27.262 t200824B3083E004ACA00
 20:46:27.262 t201840000A0E4AF9F179
 20:46:27.263 t202867FC081AAAF102FA
 20:46:27.263 t203887FD08203FF80BFF
 20:46:27.263 t20480000000000000000
 20:46:27.263 t2058D18822027FFF5000
 20:46:27.360 t200824B6483E004ACA00
 20:46:27.360 t201840304A0EF2F9F179
 20:46:27.360 t202861AB4A1602F9FDF9
 20:46:27.361 t203881334A2004080A02
 20:46:27.361 t20480000400000000000
 20:46:27.361 t2058D18862027FFF5000
 20:46:27.460 t200824B9883E004ACA00
 20:46:27.461 t2018424E8A0EF1F1F17C
 20:46:27.461 t202861AB8A1AF2F9FDF9
 20:46:27.461 t203881AB8A200747F1FA
 20:46:27.461 t20480000800000000000
 20:46:27.461 t2058D188A2027FFF5000
 20:46:27.560 t200824BBC83E004ACA00
 20:46:27.560 t20184394C80EAAF1F17A
 20:46:27.560 t2028624ECA1601F1FDFC
 20:46:27.560 t2038822BCA20024801FC
 20:46:27.560 t20480000C00000000000
 20:46:27.560 t2058D188E2027FFF5000
 20:46:27.660 t200824BE083E004ACA00
 20:46:27.660 t201843D1080EF2F1F17A
 20:46:27.660 t2028624E0A1AF1F100FC
 20:46:27.661 t20388420082202A80E01
 20:46:27.661 t20480000000000000000
 20:46:27.661 t2058D18822027FFF5000
 20:46:27.760 t200824C1483E004ACA00
 20:46:27.760 t20184449480EF2F1F17B
 20:46:27.760 t202860004022F2F100F9
 20:46:27.761 t203884DE482202E7E1FC
 20:46:27.761 t20480000400000000000
 20:46:27.761 t2058D18862027FFF5000
 20:46:27.860 t200824C4883E004ACA00
 20:46:27.860 t2018450C880EF2F1F17A
 20:46:27.860 t20286449881602F1FCFB
 20:46:27.860 t20388570882205E7FA00
 20:46:27.860 t20480000800000000000
 20:46:27.860 t2058D188A2027FFF5000
 20:46:27.960 t200824C7C83E004ACA00
 20:46:27.960 t2018472EC80EF2F1F17B
 20:46:27.960 t20286449C81AF2F1FAFB
 20:46:27.961 t2038861DC8220A580A05
 20:46:27.961 t20480000C00000000000
 20:46:27.961 t2058D188E2027FFF5000
 20:46:28.060 t200824C9083E004ACA00
 20:46:28.060 t2018482E080CF2F1F17A
 20:46:28.061 t202867FC082A4AF902F9
 20:46:28.061 t2038872E082203681A0B
 20:46:28.061 t20480000000000000000
 20:46:28.061 t2058D18822027FFF5000
 20:46:28.160 t200824CC483E004ACA00
 20:46:28.160 t201843D1480EF2F1F17A
 20:46:28.160 t202867FC481AAAF102FA
 20:46:28.160 t203887FD48223FF80BFF
 20:46:28.160 t20480000400000000000
 20:46:28.160 t2058D18862027FFF5000
 20:46:28.260 t200824CF883E004ACA00
 20:46:28.260 t20184449880EF2F1F17B
 20:46:28.260 t202861AB8A1602F9FDF9
 20:46:28.260 t203880008A220037F601
 20:46:28.261 t20480000800000000000
 20:46:28.261 t2058D188A2027FFF5000
 20:46:28.360 t200824D2C83E004ACA00
 20:46:28.360 t2018450CC80EF2F1F17A
 20:46:28.360 t202861ABCA1AF2F9FDF9
 20:46:28.360 t20388449C820095805F8
 20:46:28.360 t20480000C00000000000
 20:46:28.360 t2058D188E2027FFF5000
 20:46:28.460 t200824D4083E004ACA00
 20:46:28.460 t2018472E080EF2F1F17B
 20:46:28.460 t2028624E0A1601F1FDFC
 20:46:28.460 t2038850D08200C17F200
 20:46:28.460 t20480000000000000000
 20:46:28.461 t2058D18822027FFF5000
 20:46:28.560 t200824D7483E004ACA00
 20:46:28.560 t201847FC480EAAF1F17A
 20:46:28.560 t2028624E4A1AF1F100FC
 20:46:28.560 t2038861D482009380A05
 20:46:28.561 t20480000400000000000
 20:46:28.561 t2058D18862027FFF5000
 20:46:28.660 t200824DA883E004ACA00
 20:46:28.660 t2018482E880EF2F1F17A
 20:46:28.660 t202860008022F2F100F9
 20:46:28.660 t2038872E882001581A07
 20:46:28.660 t20480000800000000000
 20:46:28.661 t2058D188A2027FFF5000
 20:46:28.760 t200824DDC83E004ACA00
 20:46:28.760 t20184000CA0E4AF9F179
 20:46:28.760 t20286449C81602F1FCFB
 20:46:28.761 t20388764C82009882E02
 20:46:28.761 t20480000C00000000000
 20:46:28.761 t2058D188E2027FFF5000
 20:46:28.859 t200824E0083E004ACA00
 20:46:28.859 t201840300A0EF2F9F179
 20:46:28.860 t20286449081AF2F1FAFB
 20:46:28.860 t2038882E08203FF813FF
 20:46:28.860 t20480000000000000000
 20:46:28.860 t2058D18822027FFF5000
 20:46:28.959 t200824E2483E004ACA00
 20:46:28.960 t2018424E4A0EF1F1F17C
 20:46:28.960 t202867FC482A4AF902F9
 20:46:28.960 t203884494822095805F8
 20:46:28.961 t20480000400000000000
 20:46:28.961 t2058D18862027FFF5000
 20:46:29.059 t200824E5883E004ACA00
 20:46:29.060 t201843D1880EF2F1F17A
 20:46:29.060 t202867FC881AAAF102FA
 20:46:29.061 t2038850D88220C17F200
 20:46:29.061 t20480000800000000000
 20:46:29.061 t2058D188A2027FFF5000
 20:46:29.159 t200824E8C83E004ACA00
 20:46:29.160 t20184449C80EF2F1F17B
 20:46:29.160 t202861ABCA1602F9FDF9
 20:46:29.160 t2038861DC82209380A05
 20:46:29.160 t20480000C00000000000
 20:46:29.160 t2058D188E2027FFF5000
 20:46:29.259 t200824EB083E004ACA00
 20:46:29.260 t2018450C080EF2F1F17A
 20:46:29.260 t202861AB0A1AF2F9FDF9
 20:46:29.260 t2038872E082201581A07
 20:46:29.260 t20480000000000000000
 20:46:29.261 t2058D18822027FFF5000
 20:46:29.361 t200824ED483E004ACA00
 20:46:29.362 t2018472E480EF2F1F17B
 20:46:29.362 t2028624E4A1601F1FDFC
 20:46:29.362 t20388764482209882E02
 20:46:29.362 t20480000400000000000
 20:46:29.363 t2058D18862027FFF5000
 20:46:29.459 t200824F0883E004ACA00
 20:46:29.459 t201847FC880EAAF1F17A
 20:46:29.459 t2028624E8A1AF1F100FC
 20:46:29.460 t2038882E88223FF813FF
 20:46:29.460 t20480000800000000000
 20:46:29.460 t2058D188A2027FFF5000
 20:46:29.563 t200824F3C83E004ACA00
 20:46:29.563 t2018482EC80EF2F1F17A
 20:46:29.564 t20286000C022F2F100F9
 20:46:29.564 t20388000CA220037F601
 20:46:29.566 t20480000C00000000000
 20:46:29.566 t2058D188E2027FFF5000
 20:46:29.659 t200824F6083E004ACA00
 20:46:29.659 t201840000A0E4AF9F179
 20:46:29.659 t20286449081602F1FCFB
 20:46:29.659 t2038801C0A22015805F0
 20:46:29.659 t20480000000000000000
 20:46:29.660 t2058D18822027FFF5000
 20:46:29.759 t200824F9483E004ACA00
 20:46:29.759 t201840304A0EF2F9F179
 20:46:29.759 t20286449481AF2F1FAFB
 20:46:29.759 t2038806B4A22036791E5
 20:46:29.760 t20480000400000000000
 20:46:29.760 t2058D18862027FFF5000
 20:46:29.859 t200824FB883E004ACA00
 20:46:29.859 t2018424E8A0EF1F1F17C
 20:46:29.859 t202867FC882A4AF902F9
 20:46:29.859 t2038810A8A2200782A02
 20:46:29.860 t20480000800000000000
 20:46:29.860 t2058D188A2027FFF5000
 20:46:29.959 t200824FEC83E004ACA00
 20:46:29.959 t201843D1C80EF2F1F17A
 20:46:29.959 t202867FCC81AAAF102FA
 20:46:29.959 t20388133CA2204080A02
 20:46:29.959 t20480000C00000000000
 20:46:29.960 t2058D188E2027FFF5000
 20:46:30.059 t20082501083E004ACA00
 20:46:30.059 t20184449080EF2F1F17B
 20:46:30.060 t202861AB0A1602F9FDF9
 20:46:30.060 t203881AB0A220747F1FA
 20:46:30.060 t20480000000000000000
 20:46:30.060 t2058D18822027FFF5000
 20:46:30.159 t20082504483E004ACA00
 20:46:30.160 t2018450C480EF2F1F17A
 20:46:30.160 t202861AB4A1AF2F9FDF9
 20:46:30.160 t2038822B4A22024801FC
 20:46:30.160 t20480000400000000000
 20:46:30.160 t2058D18862027FFF5000
 20:46:30.260 t20082506883E004ACA00
 20:46:30.260 t2018472E880EF2F1F17B
 20:46:30.260 t2028624E8A1601F1FDFC
 20:46:30.260 t203884498822095805F8
 20:46:30.261 t20480000800000000000
 20:46:30.261 t2058D188A2027FFF5000
 20:46:30.360 t20082509C83E004ACA00
 20:46:30.360 t201847FCC80EAAF1F17A
 20:46:30.360 t2028624ECA1AF1F100FC
 20:46:30.361 t2038850DC8220C17F200
 20:46:30.361 t20480000C00000000000
 20:46:30.361 t2058D188E2027FFF5000
 20:46:30.460 t2008250C083E0048CA00
 20:46:30.460 t2018482E080EF2F1F17A
 20:46:30.461 t202860000022F2F100F9
 20:46:30.461 t2038861D082209380A05
 20:46:30.461 t20480000000000000000
 20:46:30.461 t2058D18822027FFF5000
 20:46:30.560 t2008250E483E0048CA00
 20:46:30.560 t201840004A0E4AF9F179
 20:46:30.560 t20286449481602F1FCFB
 20:46:30.560 t2038872E482201581A07
 20:46:30.560 t20480000400000000000
 20:46:30.561 t2058D18862027FFF5000
 20:46:30.660 t20082511883E0048CA00
 20:46:30.661 t201840308A0EF2F9F179
 20:46:30.661 t20286449881AF2F1FAFB
 20:46:30.661 t20388764882209882E02
 20:46:30.661 t20480000800000000000
 20:46:30.661 t2058D188A2027FFF5000
 20:46:30.760 t20082514C83E0048CA00
 20:46:30.760 t2018424ECA0EF1F1F17C
 20:46:30.760 t202867FCC82A4AF902F9
 20:46:30.761 t2038882EC8223FF813FF
 20:46:30.761 t20480000C00000000000
 20:46:30.761 t2058D188E2027FFF5000
 20:46:30.860 t20082517083E0048CA00
 20:46:30.860 t201843D1080EF2F1F17A
 20:46:30.860 t202867FC081AAAF102FA
 20:46:30.861 t203880000A220037F601
 20:46:30.861 t20480000000000000000
 20:46:30.861 t2058D18822027FFF5000
 20:46:30.960 t20082519483E0048CA00
 20:46:30.960 t20184449480EF2F1F17B
 20:46:30.960 t202861AB4A1602F9FDF9
 20:46:30.960 t2038801C4A22015805F0
 20:46:30.960 t20480000400000000000
 20:46:30.960 t2058D18862027FFF5000
 20:46:31.060 t2008251C883E0048CA00
 20:46:31.060 t2018450C880EF2F1F17A
 20:46:31.060 t202861AB8A1AF2F9FDF9
 20:46:31.061 t2038806B8A22036791E5
 20:46:31.061 t20480000800000000000
 20:46:31.061 t2058D188A2027FFF5000
 20:46:31.160 t2008251FC83E0048CA00
 20:46:31.160 t2018472EC80EF2F1F17B
 20:46:31.160 t2028624ECA1601F1FDFC
 20:46:31.161 t2038810ACA2200782A02
 20:46:31.161 t20480000C00000000000
 20:46:31.161 t2058D188E2027FFF5000
 20:46:31.260 t20082522083E0048CA00
 20:46:31.260 t201847FC080EAAF1F17A
 20:46:31.260 t2028624E0A1AF1F100FC
 20:46:31.261 t203881330A2204080A02
 20:46:31.261 t20480000000000000000
 20:46:31.261 t2058D18822027FFF5000
 20:46:31.360 t20082525483E0048CA00
 20:46:31.360 t2018482E480EF2F1F17A
 20:46:31.360 t202860004022F2F100F9
 20:46:31.361 t203881AB4A220747F1FA
 20:46:31.361 t20480000400000000000
 20:46:31.361 t2058D18862027FFF5000
 20:46:31.465 t20082527883E0048CA00
 20:46:31.466 t201840008A0E4AF9F179
 20:46:31.466 t20286449881602F1FCFB
 20:46:31.466 t2038822B8A22024801FC
 20:46:31.466 t20480000800000000000
 20:46:31.467 t2058D188A2027FFF5000
 20:46:31.563 t2008252AC83E0048CA00
 20:46:31.563 t20184030CA0EF2F9F179
 20:46:31.563 t20286449C81AF2F1FAFB
 20:46:31.564 t20388449C822095805F8
 20:46:31.564 t20480000C00000000000
 20:46:31.564 t2058D188E2027FFF5000
 20:46:31.663 t2008252D083E0048CA00
 20:46:31.663 t2018424E0A0EF1F1F17C
 20:46:31.663 t202867FC082A4AF902F9
 20:46:31.664 t2038850D08220C17F200
 20:46:31.664 t20480000000000000000
 20:46:31.664 t2058D18822027FFF5000
 20:46:31.764 t20082530483E0048CA00
 20:46:31.765 t201843D1480EF2F1F17A
 20:46:31.765 t202867FC481AAAF102FA
 20:46:31.765 t2038861D482209380A05
 20:46:31.765 t20480000400000000000
 20:46:31.765 t2058D18862027FFF5000
 20:46:31.863 t20082532883E0048CA00
 20:46:31.863 t20184449880EF2F1F17B
 20:46:31.863 t202861AB8A1602F9FDF9
 20:46:31.863 t2038872E882201581A07
 20:46:31.863 t20480000800000000000
 20:46:31.864 t2058D188A2027FFF5000
 20:46:31.960 t20082535C83E0048CA00
 20:46:31.960 t2018450CC80EF2F1F17A
 20:46:31.960 t202861ABCA1AF2F9FDF9
 20:46:31.960 t20388764C82209882E02
 20:46:31.961 t20480000C00000000000
 20:46:31.961 t2058D188E2027FFF5000
 20:46:32.060 t20082538083E0048CA00
 20:46:32.060 t2018472E080EF2F1F17B
 20:46:32.060 t2028624E0A1601F1FDFC
 20:46:32.060 t2038882E08223FF813FF
 20:46:32.061 t20480000000000000000
 20:46:32.061 t2058D18822027FFF5000
 20:46:32.160 t2008253B483E0048CA00
 20:46:32.160 t201847FC480EAAF1F17A
 20:46:32.160 t2028624E4A1AF1F100FC
 20:46:32.160 t203880004A220037F601
 20:46:32.160 t20480000400000000000
 20:46:32.160 t2058D18862027FFF5000
 20:46:32.260 t2008253E883E0048CA00
 20:46:32.260 t2018482E880EF2F1F17A
 20:46:32.260 t202860008022F2F100F9
 20:46:32.260 t2038801C8A22015805F0
 20:46:32.260 t20480000800000000000
 20:46:32.260 t2058D188A2027FFF5000
 20:46:32.359 t20082540C83E0048CA00
 20:46:32.360 t20184000CA0E4AF9F179
 20:46:32.360 t202867FCC82A4AF902F9
 20:46:32.360 t2038806BCA22036791E5
 20:46:32.360 t20480000C00000000000
 20:46:32.360 t2058D188E2027FFF5000
 20:46:32.459 t20082543083E0048CA00
 20:46:32.459 t201840300A0EF2F9F179
 20:46:32.460 t202867FC081AAAF102FA
 20:46:32.460 t2038810A0A2200782A02
 20:46:32.460 t20480000000000000000
 20:46:32.461 t2058D18822027FFF5000
 20:46:32.560 t20082546483E0048CA00
 20:46:32.560 t2018424E4A0EF1F1F17C
 20:46:32.560 t202861AB4A1602F9FDF9
 20:46:32.560 t203881334A2204080A02
 20:46:32.560 t20480000400000000000
 20:46:32.561 t2058D18862027FFF5000
 20:46:32.659 t20082549883E0048CA00
 20:46:32.660 t20184449880EF2F1F17B
 20:46:32.660 t202861AB8A1AF2F9FDF9
 20:46:32.660 t203881AB8A220747F1FA
 20:46:32.660 t20480000800000000000
 20:46:32.660 t2058D188A2027FFF5000
 20:46:32.759 t2008254BC83E0048CA00
 20:46:32.759 t2018450CC80EF2F1F17A
 20:46:32.760 t2028624ECA1601F1FDFC
 20:46:32.760 t2038822BCA22024801FC
 20:46:32.760 t20480000C00000000000
 20:46:32.760 t2058D188E2027FFF5000
 20:46:32.859 t2008254E083E0048CA00
 20:46:32.859 t2018472E080EF2F1F17B
 20:46:32.860 t2028624E0A1AF1F100FC
 20:46:32.860 t203884490822095805F8
 20:46:32.860 t20480000000000000000
 20:46:32.860 t2058D18822027FFF5000
 20:46:32.960 t20082551483E0048CA00
 20:46:32.960 t201847FC480EAAF1F17A
 20:46:32.960 t202860004022F2F100F9
 20:46:32.960 t2038850D48220C17F200
 20:46:32.960 t20480000400000000000
 20:46:32.960 t2058D18862027FFF5000
 20:46:33.059 t20082554883E0048CA00
 20:46:33.059 t2018482E880EF2F1F17A
 20:46:33.059 t202867FC882A4AF902F9
 20:46:33.059 t2038861D882209380A05
 20:46:33.060 t20480000800000000000
 20:46:33.060 t2058D188A2027FFF5000
 20:46:33.159 t20082556C83E0048CA00
 20:46:33.160 t20184000CA0E4AF9F179
 20:46:33.160 t202867FCC81AAAF102FA
 20:46:33.160 t2038872EC82201581A07
 20:46:33.160 t20480000C00000000000
 20:46:33.160 t2058D188E2027FFF5000
 20:46:33.261 t20082559083E0048CA00
 20:46:33.262 t201840300A0EF2F9F179
 20:46:33.262 t202861AB0A1602F9FDF9
 20:46:33.262 t20388764082209882E02
 20:46:33.263 t20480000000000000000
 20:46:33.263 t2058D18822027FFF5000
 20:46:33.362 t2008255C483E0048CA00
 20:46:33.362 t2018424E4A0EF1F1F17C
 20:46:33.362 t202861AB4A1AF2F9FDF9
 20:46:33.363 t2038882E48223FF813FF
 20:46:33.363 t20480000400000000000
 20:46:33.363 t2058D18862027FFF5000
 20:46:33.459 t2008255F883E0048CA00
 20:46:33.459 t20184449880EF2F1F17B
 20:46:33.459 t2028624E8A1601F1FDFC
 20:46:33.459 t203880008A220037F601
 20:46:33.460 t20480000800000000000
 20:46:33.460 t2058D188A2027FFF5000
 20:46:33.559 t20082562C83E0048CA00
 20:46:33.559 t2018450CC80EF2F1F17A
 20:46:33.559 t2028624ECA1AF1F100FC
 20:46:33.560 t2038801CCA22015805F0
 20:46:33.560 t20480000C00000000000
 20:46:33.560 t2058D188E2027FFF5000
 20:46:33.659 t20082564083E0048CA00
 20:46:33.659 t2018472E080EF2F1F17B
 20:46:33.660 t202860000022F2F100F9
 20:46:33.660 t2038806B0A22036791E5
 20:46:33.660 t20480000000000000000
 20:46:33.660 t2058D18822027FFF5000
 20:46:33.760 t20082567483E0048CA00
 20:46:33.760 t201847FC480EAAF1F17A
 20:46:33.760 t202867FC482A4AF902F9
 20:46:33.760 t2038882E482007B811FF
 20:46:33.760 t20480000400000000000
 20:46:33.761 t2058D18862027FFF5000
 20:46:33.860 t2008256A883E0048CA00
 20:46:33.861 t201848CF880CF2F1F17B
 20:46:33.861 t202868CF881402F102FB
 20:46:33.861 t203888CF88203FF7EFFF
 20:46:33.861 t20480000800000000000
 20:46:33.861 t2058D188A2027FFF5000
 20:46:33.960 t2008256DC83E0048CA00
 20:46:33.960 t20184449C80EF2F1F17B
 20:46:33.961 t202868CFC818F2F101FB
 20:46:33.961 t2038850DC8220C17F200
 20:46:33.961 t20480000C00000000000
 20:46:33.961 t2058D188E2027FFF5000
 20:46:34.060 t2008256F083E0048CA00
 20:46:34.060 t2018450C080EF2F1F17A
 20:46:34.060 t202860000022F2F100F9
 20:46:34.061 t2038861D082209380A05
 20:46:34.061 t20480000000000000000
 20:46:34.061 t2058D18822027FFF5000
 20:46:34.160 t20082572483E0048CA00
 20:46:34.160 t2018472E480EF2F1F17B
 20:46:34.160 t202867FC482A4AF902F9
 20:46:34.161 t2038872E482201581A07
 20:46:34.161 t20480000400000000000
 20:46:34.161 t2058D18862027FFF5000
 20:46:34.260 t20082575883E0048CA00
 20:46:34.260 t201847FC880EAAF1F17A
 20:46:34.260 t202867FC881AAAF102FA
 20:46:34.260 t20388764882209882E02
 20:46:34.260 t20480000800000000000
 20:46:34.261 t2058D188A2027FFF5000
 20:46:34.360 t20082578C83E0048CA00
 20:46:34.360 t2018482EC80EF2F1F17A
 20:46:34.360 t202868CFC81602F102FB
 20:46:34.360 t2038882EC82207B811FF
 20:46:34.360 t20480000C00000000000
 20:46:34.360 t2058D188E2027FFF5000
 20:46:34.460 t2008257B083E0048CA00
 20:46:34.460 t201848CF080EF2F1F17B
 20:46:34.460 t202868CF081AF2F101FB
 20:46:34.460 t203888CF08223FF7EFFF
 20:46:34.460 t20480000000000000000
 20:46:34.460 t2058D18822027FFF5000
 20:46:34.560 t2008257D483E0048CA00
 20:46:34.560 t201840004A0E4AF9F179
 20:46:34.560 t202861AB4A1602F9FDF9
 20:46:34.561 t203880004A220037F601
 20:46:34.561 t20480000400000000000
 20:46:34.561 t2058D18862027FFF5000
 20:46:34.660 t20082580883E0048CA00
 20:46:34.660 t201840308A0EF2F9F179
 20:46:34.660 t202861AB8A1AF2F9FDF9
 20:46:34.661 t2038801C8A22015805F0
 20:46:34.661 t20480000800000000000
 20:46:34.661 t2058D188A2027FFF5000
 20:46:34.760 t20082583C83E0048CA00
 20:46:34.760 t2018424ECA0EF1F1F17C
 20:46:34.761 t2028624ECA1601F1FDFC
 20:46:34.761 t2038806BCA22036791E5
 20:46:34.761 t20480000C00000000000
 20:46:34.762 t2058D188E2027FFF5000
 20:46:34.860 t20082586083E0048CA00
 20:46:34.860 t20184449080EF2F1F17B
 20:46:34.860 t2028624E0A1AF1F100FC
 20:46:34.860 t2038810A0A2200782A02
 20:46:34.860 t20480000000000000000
 20:46:34.860 t2058D18822027FFF5000
 20:46:34.960 t20082588483E0048CA00
 20:46:34.960 t2018450C480EF2F1F17A
 20:46:34.960 t202860004022F2F100F9
 20:46:34.960 t203881334A2204080A02
 20:46:34.960 t20480000400000000000
 20:46:34.961 t2058D18862027FFF5000
 20:46:35.060 t2008258B883E0048CA00
 20:46:35.060 t2018472E880EF2F1F17B
 20:46:35.060 t202867FC882A4AF902F9
 20:46:35.060 t203881AB8A220747F1FA
 20:46:35.060 t20480000800000000000
 20:46:35.060 t2058D188A2027FFF5000
 20:46:35.160 t2008258EC83E0048CA00
 20:46:35.160 t201847FCC80EAAF1F17A
 20:46:35.160 t202867FCC81AAAF102FA
 20:46:35.160 t2038822BCA22024801FC
 20:46:35.161 t20480000C00000000000
 20:46:35.161 t2058D188E2027FFF5000
 20:46:35.260 t20082591083E0048CA00
 20:46:35.260 t2018482E080EF2F1F17A
 20:46:35.260 t202868CF081602F102FB
 20:46:35.260 t2038850D08220C17F200
 20:46:35.261 t20480000000000000000
 20:46:35.261 t2058D18822027FFF5000
 20:46:35.360 t20082594483E0048CA00
 20:46:35.360 t201848CF480EF2F1F17B
 20:46:35.360 t202868CF481AF2F101FB
 20:46:35.360 t2038861D482209380A05
 20:46:35.361 t20480000400000000000
 20:46:35.361 t2058D18862027FFF5000
 20:46:35.460 t20082596883E0048CA00
 20:46:35.460 t201840008A0E4AF9F179
 20:46:35.460 t202861AB8A1602F9FDF9
 20:46:35.460 t2038872E882201581A07
 20:46:35.461 t20480000800000000000
 20:46:35.461 t2058D188A2027FFF5000
 20:46:35.560 t20082599C83E0048CA00
 20:46:35.560 t20184030CA0EF2F9F179
 20:46:35.560 t202861ABCA1AF2F9FDF9
 20:46:35.560 t20388764C82209882E02
 20:46:35.560 t20480000C00000000000
 20:46:35.561 t2058D188E2027FFF5000
 20:46:35.659 t2008259C083E0048CA00
 20:46:35.660 t2018424E0A0EF1F1F17C
 20:46:35.660 t2028624E0A1601F1FDFC
 20:46:35.660 t2038882E082207B811FF
 20:46:35.660 t20480000000000000000
 20:46:35.660 t2058D18822027FFF5000
 20:46:35.760 t2008259F483E0048CA00
 20:46:35.760 t20184449480EF2F1F17B
 20:46:35.760 t2028624E4A1AF1F100FC
 20:46:35.761 t203888CF48223FF7EFFF
 20:46:35.761 t20480000400000000000
 20:46:35.761 t2058D18862027FFF5000
 20:46:35.860 t200825A1883E0048CA00
 20:46:35.860 t2018450C880EF2F1F17A
 20:46:35.860 t202860008022F2F100F9
 20:46:35.860 t203880008A220037F601
 20:46:35.861 t20480000800000000000
 20:46:35.861 t2058D188A2027FFF5000
 20:46:35.960 t200825A4C83E0048CA00
 20:46:35.960 t2018472EC80EF2F1F17B
 20:46:35.960 t202867FCC82A4AF902F9
 20:46:35.960 t2038801CCA22015805F0
 20:46:35.960 t20480000C00000000000
 20:46:35.961 t2058D188E2027FFF5000
 20:46:36.060 t200825A7083E0048CA00
 20:46:36.060 t201847FC080EAAF1F17A
 20:46:36.060 t202867FC081AAAF102FA
 20:46:36.060 t2038806B0A22036791E5
 20:46:36.060 t20480000000000000000
 20:46:36.061 t2058D18822027FFF5000
 20:46:36.160 t200825AA483E0048CA00
 20:46:36.160 t2018482E480EF2F1F17A
 20:46:36.161 t202868CF481602F102FB
 20:46:36.161 t2038810A4A2200782A02
 20:46:36.161 t20480000400000000000
 20:46:36.161 t2058D18862027FFF5000
 20:46:36.260 t200825AC883E0048CA00
 20:46:36.260 t201848CF880EF2F1F17B
 20:46:36.260 t202868CF881AF2F101FB
 20:46:36.260 t203881338A2204080A02
 20:46:36.260 t20480000800000000000
 20:46:36.260 t2058D188A2027FFF5000
 20:46:36.359 t200825AFC83E0048CA00
 20:46:36.360 t20184000CA0E4AF9F179
 20:46:36.360 t202861ABCA1602F9FDF9
 20:46:36.360 t203881ABCA220747F1FA
 20:46:36.360 t20480000C00000000000
 20:46:36.361 t2058D188E2027FFF5000
 20:46:36.460 t200825B2083E0048CA00
 20:46:36.460 t201840300A0EF2F9F179
 20:46:36.460 t202861AB0A1AF2F9FDF9
 20:46:36.460 t2038822B0A22024801FC
 20:46:36.460 t20480000000000000000
 20:46:36.461 t2058D18822027FFF5000
 20:46:36.559 t200825B5483E0048CA00
 20:46:36.560 t2018424E4A0EF1F1F17C
 20:46:36.560 t2028624E4A1601F1FDFC
 20:46:36.560 t2038850D48220C17F200
 20:46:36.560 t20480000400000000000
 20:46:36.560 t2058D18862027FFF5000
 20:46:36.659 t200825B8883E0048CA00
 20:46:36.660 t20184449880EF2F1F17B
 20:46:36.660 t2028624E8A1AF1F100FC
 20:46:36.660 t2038861D882209380A05
 20:46:36.660 t20480000800000000000
 20:46:36.660 t2058D188A2027FFF5000
 20:46:36.759 t200825BAC83E0048CA00
 20:46:36.760 t2018450CC80EF2F1F17A
 20:46:36.760 t20286000C022F2F100F9
 20:46:36.760 t2038872EC82201581A07
 20:46:36.760 t20480000C00000000000
 20:46:36.760 t2058D188E2027FFF5000
 20:46:36.861 t200825BD083E0048CA00
 20:46:36.861 t2018491E080CAAF1F17B
 20:46:36.861 t2028691E082C4AF116F9
 20:46:36.861 t20388764082209882E02
 20:46:36.861 t20480000000000000000
 20:46:36.861 t2058D18822027FFF5000
 20:46:36.959 t200825C0483E0048CA00
 20:46:36.960 t201840004B0C4AF1F179
 20:46:36.960 t2028691E4818AAF101FB
 20:46:36.960 t203880004B200027FE0A
 20:46:36.960 t20480000400000000000
 20:46:36.961 t2058D18862027FFF5000
 20:46:37.059 t200825C3883E0048CA00
 20:46:37.059 t20184449880EF2F1F17B
 20:46:37.060 t202860008022F2F100F9
 20:46:37.060 t2038850D88220C17F200
 20:46:37.060 t20480000800000000000
 20:46:37.060 t2058D188A2027FFF5000
 20:46:37.159 t200825C5C83E0048CA00
 20:46:37.159 t2018450CC80EF2F1F17A
 20:46:37.160 t202867FCC82A4AF902F9
 20:46:37.160 t2038861DC82209380A05
 20:46:37.160 t20480000C00000000000
 20:46:37.160 t2058D188E2027FFF5000
 20:46:37.259 t200825C8083E0048CA00
 20:46:37.259 t2018472E080EF2F1F17B
 20:46:37.260 t202867FC081AAAF102FA
 20:46:37.260 t2038872E082201581A07
 20:46:37.260 t20480000000000000000
 20:46:37.260 t2058D18822027FFF5000
 20:46:37.359 t200825CB483E0048CA00
 20:46:37.359 t201847FC480EAAF1F17A
 20:46:37.360 t202868CF481602F102FB
 20:46:37.360 t20388764482209882E02
 20:46:37.360 t20480000400000000000
 20:46:37.360 t2058D18862027FFF5000
 20:46:37.459 t200825CE883E0048CA00
 20:46:37.459 t2018482E880EF2F1F17A
 20:46:37.460 t202868CF881AF2F101FB
 20:46:37.460 t2038882E882207B811FF
 20:46:37.460 t20480000800000000000
 20:46:37.461 t2058D188A2027FFF5000
 20:46:37.559 t200825D1C83E0048CA00
 20:46:37.560 t201848CFC80EF2F1F17B
 20:46:37.560 t2028691EC82E4AF116F9
 20:46:37.560 t203888CFC8223FF7EFFF
 20:46:37.560 t20480000C00000000000
 20:46:37.560 t2058D188E2027FFF5000
 20:46:37.659 t200825D3083E0048CA00
 20:46:37.659 t2018491E080EAAF1F17B
 20:46:37.659 t2028691E081AAAF101FB
 20:46:37.659 t203880000A220037F601
 20:46:37.659 t20480000000000000000
 20:46:37.659 t2058D18822027FFF5000
 20:46:37.759 t200825D6483E0048CA00
 20:46:37.759 t201840004A0E4AF9F179
 20:46:37.759 t202861AB4A1602F9FDF9
 20:46:37.760 t2038801C4A22015805F0
 20:46:37.760 t20480000400000000000
 20:46:37.760 t2058D18862027FFF5000
 20:46:37.859 t200825D9883E0048CA00
 20:46:37.859 t201840308A0EF2F9F179
 20:46:37.859 t202861AB8A1AF2F9FDF9
 20:46:37.859 t2038806B8A22036791E5
 20:46:37.859 t20480000800000000000
 20:46:37.860 t2058D188A2027FFF5000
 20:46:37.960 t200825DCC83E0048CA00
 20:46:37.961 t2018424ECA0EF1F1F17C
 20:46:37.961 t2028624ECA1601F1FDFC
 20:46:37.961 t2038810ACA2200782A02
 20:46:37.961 t20480000C00000000000
 20:46:37.962 t2058D188E2027FFF5000
 20:46:38.060 t200825DE083E0048CA00
 20:46:38.060 t20184942080CF2F1F17B
 20:46:38.060 t20286942081402F104FB
 20:46:38.061 t203881330A2204080A02
 20:46:38.061 t20480000000000000000
 20:46:38.061 t2058D18822027FFF5000
 20:46:38.160 t200825E1483E0048CA00
 20:46:38.160 t20184449480EF2F1F17B
 20:46:38.160 t202869424818F2F102FB
 20:46:38.160 t203881AB4A220747F1FA
 20:46:38.161 t20480000400000000000
 20:46:38.161 t2058D18862027FFF5000
 20:46:38.260 t200825E4883E0048CA00
 20:46:38.260 t2018450C880EF2F1F17A
 20:46:38.261 t202860008022F2F100F9
 20:46:38.261 t2038822B8A22024801FC
 20:46:38.261 t20480000800000000000
 20:46:38.261 t2058D188A2027FFF5000
 20:46:38.360 t200825E7C83E0048CA00
 20:46:38.360 t2018472EC80EF2F1F17B
 20:46:38.360 t202867FCC82A4AF902F9
 20:46:38.360 t20388000CB220027FE0A
 20:46:38.361 t20480000C00000000000
 20:46:38.361 t2058D188E2027FFF5000
 20:46:38.460 t200825E9083E0048CA00
 20:46:38.461 t201847FC080EAAF1F17A
 20:46:38.461 t202867FC081AAAF102FA
 20:46:38.461 t2038850D08220C17F200
 20:46:38.461 t20480000000000000000
 20:46:38.461 t2058D18822027FFF5000
 20:46:38.560 t200825EC483E0048CA00
 20:46:38.560 t2018482E480EF2F1F17A
 20:46:38.560 t202868CF481602F102FB
 20:46:38.560 t2038861D482209380A05
 20:46:38.560 t20480000400000000000
 20:46:38.560 t2058D18862027FFF5000
 20:46:38.660 t200825EF883E0048CA00
 20:46:38.660 t201848CF880EF2F1F17B
 20:46:38.660 t202868CF881AF2F101FB
 20:46:38.661 t2038872E882201581A07
 20:46:38.661 t20480000800000000000
 20:46:38.661 t2058D188A2027FFF5000
 20:46:38.760 t200825F2C83E0048CA00
 20:46:38.760 t2018491EC80EAAF1F17B
 20:46:38.760 t2028691EC82E4AF116F9
 20:46:38.761 t20388764C82209882E02
 20:46:38.761 t20480000C00000000000
 20:46:38.761 t2058D188E2027FFF5000
 20:46:38.860 t200825F5083E0048CA00
 20:46:38.860 t20184942080EF2F1F17B
 20:46:38.860 t2028691E081AAAF101FB
 20:46:38.860 t2038882E082207B811FF
 20:46:38.860 t20480000000000000000
 20:46:38.861 t2058D18822027FFF5000
 20:46:38.959 t200825F7483E0048CA00
 20:46:38.960 t201840004A0E4AF9F179
 20:46:38.960 t20286942481602F104FB
 20:46:38.960 t203888CF48223FF7EFFF
 20:46:38.960 t20480000400000000000
 20:46:38.960 t2058D18862027FFF5000
 20:46:39.060 t200825FA883E0048CA00
 20:46:39.060 t201840308A0EF2F9F179
 20:46:39.060 t20286942881AF2F102FB
 20:46:39.060 t203880008A220037F601
 20:46:39.061 t20480000800000000000
 20:46:39.061 t2058D188A2027FFF5000
 20:46:39.160 t200825FDC83E0048CA00
 20:46:39.160 t2018424ECA0EF1F1F17C
 20:46:39.160 t202861ABCA1602F9FDF9
 20:46:39.160 t2038801CCA22015805F0
 20:46:39.161 t20480000C00000000000
 20:46:39.161 t2058D188E2027FFF5000
 20:46:39.260 t20082600083E0048CA00
 20:46:39.260 t201840000B0E4AF1F179
 20:46:39.260 t202861AB0A1AF2F9FDF9
 20:46:39.260 t2038806B0A22036791E5
 20:46:39.261 t20480000000000000000
 20:46:39.261 t2058D18822027FFF5000
 20:46:39.360 t20082602483E0048CA00
 20:46:39.360 t2018450C480EF2F1F17A
 20:46:39.360 t2028624E4A1601F1FDFC
 20:46:39.360 t2038810A4A2200782A02
 20:46:39.360 t20480000400000000000
 20:46:39.361 t2058D18862027FFF5000
 20:46:39.461 t20082605883E0048CA00
 20:46:39.461 t2018472E880EF2F1F17B
 20:46:39.461 t2028624E8A1AF1F100FC
 20:46:39.461 t203881338A2204080A02
 20:46:39.462 t20480000800000000000
 20:46:39.462 t2058D188A2027FFF5000
 20:46:39.563 t20082608C83E0048CA00
 20:46:39.563 t201847FCC80EAAF1F17A
 20:46:39.563 t20286000C022F2F100F9
 20:46:39.563 t203881ABCA220747F1FA
 20:46:39.563 t20480000C00000000000
 20:46:39.563 t2058D188E2027FFF5000
 20:46:39.660 t2008260B083E0048CA00
 20:46:39.660 t2018482E080EF2F1F17A
 20:46:39.660 t202867FC082A4AF902F9
 20:46:39.661 t2038822B0A22024801FC
 20:46:39.661 t20480000000000000000
 20:46:39.661 t2058D18822027FFF5000
 20:46:39.760 t2008260E483E0048CA00
 20:46:39.760 t201848CF480EF2F1F17B
 20:46:39.760 t202867FC481AAAF102FA
 20:46:39.761 t203880004B220027FE0A
 20:46:39.761 t20480000400000000000
 20:46:39.761 t2058D18862027FFF5000
 20:46:39.860 t20082610883E0048CA00
 20:46:39.860 t2018491E880EAAF1F17B
 20:46:39.860 t202868CF881602F102FB
 20:46:39.860 t2038850D88220C17F200
 20:46:39.860 t20480000800000000000
 20:46:39.860 t2058D188A2027FFF5000
 20:46:39.959 t20082613C83E0048CA00
 20:46:39.960 t20184942C80EF2F1F17B
 20:46:39.960 t202868CFC81AF2F101FB
 20:46:39.960 t2038861DC82209380A05
 20:46:39.960 t20480000C00000000000
 20:46:39.961 t2058D188E2027FFF5000
 20:46:40.059 t20082616083E0048CA00
 20:46:40.060 t201840000A0E4AF9F179
 20:46:40.060 t2028691E082E4AF116F9
 20:46:40.060 t2038872E082201581A07
 20:46:40.060 t20480000000000000000
 20:46:40.061 t2058D18822027FFF5000
 20:46:40.160 t20082619483E0048CA00
 20:46:40.160 t201840304A0EF2F9F179
 20:46:40.160 t2028691E481AAAF101FB
 20:46:40.160 t20388764482209882E02
 20:46:40.161 t20480000400000000000
 20:46:40.161 t2058D18862027FFF5000
 20:46:40.260 t2008261B883E0048CA00
 20:46:40.260 t2018424E8A0EF1F1F17C
 20:46:40.260 t20286942881602F104FB
 20:46:40.260 t2038882E882207B811FF
 20:46:40.260 t20480000800000000000
 20:46:40.260 t2058D188A2027FFF5000
 20:46:40.359 t2008261EC83E0046CA00
 20:46:40.359 t20184000CB0E4AF1F179
 20:46:40.359 t20286942C81AF2F102FB
 20:46:40.359 t203888CFC8223FF7EFFF
 20:46:40.360 t20480000C00000000000
 20:46:40.360 t2058D188E2027FFF5000
 20:46:40.459 t20082621083E0046CA00
 20:46:40.460 t2018450C080EF2F1F17A
 20:46:40.460 t202861AB0A1602F9FDF9
 20:46:40.460 t203880000A220037F601
 20:46:40.460 t20480000000000000000
 20:46:40.461 t2058D18822027FFF5000
 20:46:40.559 t20082624483E0046CA00
 20:46:40.560 t2018472E480EF2F1F17B
 20:46:40.560 t202861AB4A1AF2F9FDF9
 20:46:40.560 t2038801C4A22015805F0
 20:46:40.560 t20480000400000000000
 20:46:40.560 t2058D18862027FFF5000
 20:46:40.659 t20082627883E0046CA00
 20:46:40.659 t201847FC880EAAF1F17A
 20:46:40.660 t2028624E8A1601F1FDFC
 20:46:40.660 t2038806B8A22036791E5
 20:46:40.660 t20480000800000000000
 20:46:40.660 t2058D188A2027FFF5000
 20:46:40.759 t2008262AC83E0046CA00
 20:46:40.759 t2018482EC80EF2F1F17A
 20:46:40.760 t2028624ECA1AF1F100FC
 20:46:40.760 t2038810ACA2200782A02
 20:46:40.760 t20480000C00000000000
 20:46:40.760 t2058D188E2027FFF5000
 20:46:40.860 t2008262C083E0046CA00
 20:46:40.860 t201848CF080EF2F1F17B
 20:46:40.860 t202860000022F2F100F9
 20:46:40.860 t203881330A2204080A02
 20:46:40.860 t20480000000000000000
 20:46:40.861 t2058D18822027FFF5000
 20:46:40.960 t2008262F483E0046CA00
 20:46:40.960 t2018491E480EAAF1F17B
 20:46:40.960 t202867FC482A4AF902F9
 20:46:40.960 t203881AB4A220747F1FA
 20:46:40.961 t20480000400000000000
 20:46:40.961 t2058D18862027FFF5000
 20:46:41.059 t20082632883E0046CA00
 20:46:41.059 t20184942880EF2F1F17B
 20:46:41.059 t202867FC881AAAF102FA
 20:46:41.059 t2038822B8A22024801FC
 20:46:41.059 t20480000800000000000
 20:46:41.060 t2058D188A2027FFF5000
 20:46:41.159 t20082635C83E0046CA00
 20:46:41.159 t20184000CA0E4AF9F179
 20:46:41.160 t202868CFC81602F102FB
 20:46:41.160 t20388000CB220027FE0A
 20:46:41.160 t20480000C00000000000
 20:46:41.160 t2058D188E2027FFF5000
 20:46:41.259 t20082637083E0046CA00
 20:46:41.259 t201840300A0EF2F9F179
 20:46:41.259 t202868CF081AF2F101FB
 20:46:41.260 t2038850D08220C17F200
 20:46:41.260 t20480000000000000000
 20:46:41.260 t2058D18822027FFF5000
 20:46:41.359 t2008263A483E0046CA00
 20:46:41.359 t2018424E4A0EF1F1F17C
 20:46:41.359 t2028691E482E4AF116F9
 20:46:41.360 t2038861D482209380A05
 20:46:41.360 t20480000400000000000
 20:46:41.360 t2058D18862027FFF5000
 20:46:41.459 t2008263D883E0046CA00
 20:46:41.459 t201840008B0E4AF1F179
 20:46:41.459 t2028691E881AAAF101FB
 20:46:41.460 t2038872E882201581A07
 20:46:41.460 t20480000800000000000
 20:46:41.460 t2058D188A2027FFF5000
 20:46:41.559 t20082640C83E0046CA00
 20:46:41.559 t2018450CC80EF2F1F17A
 20:46:41.559 t20286942C81602F104FB
 20:46:41.560 t20388764C82209882E02
 20:46:41.560 t20480000C00000000000
 20:46:41.560 t2058D188E2027FFF5000
 20:46:41.661 t20082643083E0046CA00
 20:46:41.662 t2018472E080EF2F1F17B
 20:46:41.662 t20286942081AF2F102FB
 20:46:41.662 t2038882E082207B811FF
 20:46:41.662 t20480000000000000000
 20:46:41.662 t2058D18822027FFF5000
 20:46:41.759 t20082645483E0046CA00
 20:46:41.759 t201847FC480EAAF1F17A
 20:46:41.759 t202861AB4A1602F9FDF9
 20:46:41.760 t203888CF48223FF7EFFF
 20:46:41.760 t20480000400000000000
 20:46:41.760 t2058D18862027FFF5000
 20:46:41.860 t20082648883E0046CA00
 20:46:41.860 t2018482E880EF2F1F17A
 20:46:41.860 t202861AB8A1AF2F9FDF9
 20:46:41.860 t203880008A220037F601
 20:46:41.861 t20480000800000000000
 20:46:41.861 t2058D188A2027FFF5000
 20:46:41.960 t2008264BC83E0046CA00
 20:46:41.960 t201848CFC80EF2F1F17B
 20:46:41.960 t2028624ECA1601F1FDFC
 20:46:41.961 t2038801CCA22015805F0
 20:46:41.961 t20480000C00000000000
 20:46:41.961 t2058D188E2027FFF5000
 20:46:42.060 t2008264E083E0046CA00
 20:46:42.060 t2018491E080EAAF1F17B
 20:46:42.060 t2028624E0A1AF1F100FC
 20:46:42.060 t2038806B0A22036791E5
 20:46:42.060 t20480000000000000000
 20:46:42.061 t2058D18822027FFF5000
 20:46:42.160 t20082650483E0046CA00
 20:46:42.160 t20184942480EF2F1F17B
 20:46:42.160 t202860004022F2F100F9
 20:46:42.160 t2038810A4A2200782A02
 20:46:42.160 t20480000400000000000
 20:46:42.160 t2058D18862027FFF5000
 20:46:42.261 t20082653883E0046CA00
 20:46:42.261 t201840008A0E4AF9F179
 20:46:42.261 t202867FC882A4AF902F9
 20:46:42.261 t203881338A2204080A02
 20:46:42.261 t20480000800000000000
 20:46:42.261 t2058D188A2027FFF5000
 20:46:42.360 t20082656C83E0046CA00
 20:46:42.360 t20184030CA0EF2F9F179
 20:46:42.360 t202867FCC81AAAF102FA
 20:46:42.360 t203888CFC8200507EE01
 20:46:42.360 t20480000C00000000000
 20:46:42.360 t2058D188E2027FFF5000
 20:46:42.460 t20082659083E0046CA00
 20:46:42.460 t2018424E0A0EF1F1F17C
 20:46:42.460 t202868CF081602F102FB
 20:46:42.461 t2038894208200837E5F9
 20:46:42.461 t20480000000000000000
 20:46:42.461 t2058D18822027FFF5000
 20:46:42.560 t2008265C483E0046CA00
 20:46:42.560 t201840004B0E4AF1F179
 20:46:42.560 t202868CF481AF2F101FB
 20:46:42.560 t203889EA48203FF7D7FF
 20:46:42.561 t20480000400000000000
 20:46:42.561 t2058D18862027FFF5000
 20:46:42.660 t2008265E883E0046CA00
 20:46:42.660 t201849C5880CAAF1F17A
 20:46:42.660 t2028691E882E4AF116F9
 20:46:42.660 t2038861D882209380A05
 20:46:42.661 t20480000800000000000
 20:46:42.661 t2058D188A2027FFF5000
 20:46:42.760 t20082661C83E0046CA00
 20:46:42.760 t2018450CC80EF2F1F17A
 20:46:42.760 t2028691EC81AAAF101FB
 20:46:42.760 t2038872EC82201581A07
 20:46:42.761 t20480000C00000000000
 20:46:42.761 t2058D188E2027FFF5000
 20:46:42.860 t20082664083E0046CA00
 20:46:42.860 t2018472E080EF2F1F17B
 20:46:42.860 t202869C508304AF902F9
 20:46:42.860 t20388764082209882E02
 20:46:42.860 t20480000000000000000
 20:46:42.860 t2058D18822027FFF5000
 20:46:42.960 t20082667483E0046CA00
 20:46:42.960 t201847FC480EAAF1F17A
 20:46:42.960 t202869C54818AAF102FA
 20:46:42.960 t2038882E482207B811FF
 20:46:42.960 t20480000400000000000
 20:46:42.960 t2058D18862027FFF5000
 20:46:43.060 t20082669883E0046CA00
 20:46:43.060 t2018482E880EF2F1F17A
 20:46:43.060 t202860008022F2F100F9
 20:46:43.060 t203888CF88220507EE01
 20:46:43.060 t20480000800000000000
 20:46:43.061 t2058D188A2027FFF5000
 20:46:43.160 t2008266CC83E0046CA00
 20:46:43.160 t201848CFC80EF2F1F17B
 20:46:43.160 t202867FCC82A4AF902F9
 20:46:43.160 t20388942C8220837E5F9
 20:46:43.160 t20480000C00000000000
 20:46:43.161 t2058D188E2027FFF5000
 20:46:43.260 t2008266F083E0046CA00
 20:46:43.260 t2018491E080EAAF1F17B
 20:46:43.260 t202867FC081AAAF102FA
 20:46:43.260 t203889EA08223FF7D7FF
 20:46:43.260 t20480000000000000000
 20:46:43.261 t2058D18822027FFF5000
 20:46:43.359 t20082672483E0046CA00
 20:46:43.360 t20184942480EF2F1F17B
 20:46:43.360 t202868CF481602F102FB
 20:46:43.360 t203880004A220037F601
 20:46:43.360 t20480000400000000000
 20:46:43.361 t2058D18862027FFF5000
 20:46:43.459 t20082675883E0046CA00
 20:46:43.460 t201849C5880EAAF1F17A
 20:46:43.460 t202868CF881AF2F101FB
 20:46:43.460 t2038801C8A22015805F0
 20:46:43.460 t20480000800000000000
 20:46:43.460 t2058D188A2027FFF5000
 20:46:43.560 t20082677C83E0046CA00
 20:46:43.560 t20184000CA0E4AF9F179
 20:46:43.560 t2028691EC82E4AF116F9
 20:46:43.560 t2038806BCA22036791E5
 20:46:43.560 t20480000C00000000000
 20:46:43.561 t2058D188E2027FFF5000
 20:46:43.659 t2008267A083E0046CA00
 20:46:43.659 t201840300A0EF2F9F179
 20:46:43.659 t2028691E081AAAF101FB
 20:46:43.659 t2038810A0A2200782A02
 20:46:43.660 t20480000000000000000
 20:46:43.660 t2058D18822027FFF5000
 20:46:43.759 t2008267D483E0046CA00
 20:46:43.759 t2018424E4A0EF1F1F17C
 20:46:43.759 t20286942481602F104FB
 20:46:43.760 t203881334A2204080A02
 20:46:43.760 t20480000400000000000
 20:46:43.760 t2058D18862027FFF5000
 20:46:43.859 t20082680883E0046CA00
 20:46:43.860 t201840008B0E4AF1F179
 20:46:43.860 t20286942881AF2F102FB
 20:46:43.860 t203881AB8A220747F1FA
 20:46:43.860 t20480000800000000000
 20:46:43.860 t2058D188A2027FFF5000
 20:46:43.959 t20082682C83E0046CA00
 20:46:43.959 t2018450CC80EF2F1F17A
 20:46:43.960 t202869C5C8324AF902F9
 20:46:43.960 t2038822BCA22024801FC
 20:46:43.960 t20480000C00000000000
 20:46:43.960 t2058D188E2027FFF5000
 20:46:44.059 t20082685083E0046CA00
 20:46:44.059 t201849EA080CF2F1F17A
 20:46:44.060 t202869C5081AAAF102FA
 20:46:44.060 t203880000B220027FE0A
 20:46:44.060 t20480000000000000000
 20:46:44.060 t2058D18822027FFF5000
 20:46:44.160 t20082688483E0046CA00
 20:46:44.160 t2018450C480EF2F1F17A
 20:46:44.160 t202861AB4A1602F9FDF9
 20:46:44.161 t2038861D482209380A05
 20:46:44.161 t20480000400000000000
 20:46:44.161 t2058D18862027FFF5000
 20:46:44.259 t2008268B883E0046CA00
 20:46:44.259 t2018472E880EF2F1F17B
 20:46:44.260 t202861AB8A1AF2F9FDF9
 20:46:44.260 t2038872E882201581A07
 20:46:44.260 t20480000800000000000
 20:46:44.260 t2058D188A2027FFF5000
 20:46:44.359 t2008268EC83E0046CA00
 20:46:44.359 t201847FCC80EAAF1F17A
 20:46:44.360 t2028624ECA1601F1FDFC
 20:46:44.360 t20388764C82209882E02
 20:46:44.360 t20480000C00000000000
 20:46:44.360 t2058D188E2027FFF5000
 20:46:44.459 t20082690083E0046CA00
 20:46:44.459 t2018482E080EF2F1F17A
 20:46:44.459 t2028624E0A1AF1F100FC
 20:46:44.460 t2038882E082207B811FF
 20:46:44.460 t20480000000000000000
 20:46:44.460 t2058D18822027FFF5000
 20:46:44.559 t20082693483E0046CA00
 20:46:44.559 t201848CF480EF2F1F17B
 20:46:44.559 t202860004022F2F100F9
 20:46:44.560 t203888CF48220507EE01
 20:46:44.560 t20480000400000000000
 20:46:44.560 t2058D18862027FFF5000
 20:46:44.659 t20082696883E0046CA00
 20:46:44.659 t2018491E880EAAF1F17B
 20:46:44.659 t202867FC882A4AF902F9
 20:46:44.660 t2038894288220837E5F9
 20:46:44.660 t20480000800000000000
 20:46:44.660 t2058D188A2027FFF5000
 20:46:44.759 t20082699C83E0046CA00
 20:46:44.759 t20184942C80EF2F1F17B
 20:46:44.759 t202867FCC81AAAF102FA
 20:46:44.760 t203889EAC8223FF7D7FF
 20:46:44.760 t20480000C00000000000
 20:46:44.760 t2058D188E2027FFF5000
 20:46:44.859 t2008269B083E0046CA00
 20:46:44.859 t201849C5080EAAF1F17A
 20:46:44.860 t202868CF081602F102FB
 20:46:44.860 t203880000A220037F601
 20:46:44.860 t20480000000000000000
 20:46:44.860 t2058D18822027FFF5000
 20:46:44.959 t2008269E483E0046CA00
 20:46:44.959 t201849EA480EF2F1F17A
 20:46:44.959 t202868CF481AF2F101FB
 20:46:44.960 t2038801C4A22015805F0
 20:46:44.960 t20480000400000000000
 20:46:44.960 t2058D18862027FFF5000
 20:46:45.059 t200826A1883E0046CA00
 20:46:45.059 t201840008A0E4AF9F179
 20:46:45.059 t2028691E882E4AF116F9
 20:46:45.060 t2038806B8A22036791E5
 20:46:45.060 t20480000800000000000
 20:46:45.060 t2058D188A2027FFF5000
 20:46:45.160 t200826A4C83E0046CA00
 20:46:45.160 t20184030CA0EF2F9F179
 20:46:45.160 t2028691EC81AAAF101FB
 20:46:45.160 t2038861DC8200A580A05
 20:46:45.160 t20480000C00000000000
 20:46:45.160 t2058D188E2027FFF5000
 20:46:45.260 t200826A7083E0046CA00
 20:46:45.260 t2018424E0A0EF1F1F17C
 20:46:45.260 t20286942081602F104FB
 20:46:45.261 t2038872E082003681A0B
 20:46:45.261 t20480000000000000000
 20:46:45.261 t2058D18822027FFF5000
 20:46:45.360 t200826A9483E0046CA00
 20:46:45.360 t201840004B0E4AF1F179
 20:46:45.360 t20286942481AF2F102FB
 20:46:45.361 t203887FD482003280A04
 20:46:45.361 t20480000400000000000
 20:46:45.361 t2058D18862027FFF5000
 20:46:45.460 t200826AC883E0046CA00
 20:46:45.460 t2018450C880EF2F1F17A
 20:46:45.460 t202869C588324AF902F9
 20:46:45.461 t203888A988200267FDFB
 20:46:45.461 t20480000800000000000
 20:46:45.461 t2058D188A2027FFF5000
 20:46:45.560 t200826AFC83E0046CA00
 20:46:45.560 t2018472EC80EF2F1F17B
 20:46:45.560 t202869C5C81AAAF102FA
 20:46:45.560 t2038891FC820024805F9
 20:46:45.560 t20480000C00000000000
 20:46:45.560 t2058D188E2027FFF5000
 20:46:45.660 t200826B2083E0046CA00
 20:46:45.660 t201847FC080EAAF1F17A
 20:46:45.660 t202861AB0A1602F9FDF9
 20:46:45.660 t203889C508200257E5F5
 20:46:45.660 t20480000000000000000
 20:46:45.660 t2058D18822027FFF5000
 20:46:45.760 t200826B4483E0046CA00
 20:46:45.760 t2018482E480EF2F1F17A
 20:46:45.760 t202861AB4A1AF2F9FDF9
 20:46:45.760 t2038861D48220A580A05
 20:46:45.760 t20480000400000000000
 20:46:45.761 t2058D18862027FFF5000
 20:46:45.860 t200826B7883E0046CA00
 20:46:45.860 t201848CF880EF2F1F17B
 20:46:45.860 t2028624E8A1601F1FDFC
 20:46:45.860 t2038872E882203681A0B
 20:46:45.861 t20480000800000000000
 20:46:45.861 t2058D188A2027FFF5000
 20:46:45.960 t200826BAC83E0046CA00
 20:46:45.960 t2018491EC80EAAF1F17B
 20:46:45.960 t2028624ECA1AF1F100FC
 20:46:45.960 t203887FDC82203280A04
 20:46:45.961 t20480000C00000000000
 20:46:45.961 t2058D188E2027FFF5000
 20:46:46.060 t200826BD083E0046CA00
 20:46:46.060 t20184942080EF2F1F17B
 20:46:46.060 t202860000022F2F100F9
 20:46:46.060 t203888A908220267FDFB
 20:46:46.061 t20480000000000000000
 20:46:46.061 t2058D18822027FFF5000
 20:46:46.160 t200826C0483E0046CA00
 20:46:46.161 t201849C5480EAAF1F17A
 20:46:46.161 t202867FC482A4AF902F9
 20:46:46.161 t2038891F4822024805F9
 20:46:46.161 t20480000400000000000
 20:46:46.161 t2058D18862027FFF5000
 20:46:46.260 t200826C2883E0046CA00
 20:46:46.260 t201849EA880EF2F1F17A
 20:46:46.260 t202867FC881AAAF102FA
 20:46:46.260 t203889C588220257E5F5
 20:46:46.260 t20480000800000000000
 20:46:46.261 t2058D188A2027FFF5000
 20:46:46.359 t200826C5C83E0046CA00
 20:46:46.360 t20184000CA0E4AF9F179
 20:46:46.360 t202868CFC81602F102FB
 20:46:46.360 t20388000CA220037F601
 20:46:46.360 t20480000C00000000000
 20:46:46.360 t2058D188E2027FFF5000
 20:46:46.459 t200826C8083E0046CA00
 20:46:46.460 t201840300A0EF2F9F179
 20:46:46.460 t202868CF081AF2F101FB
 20:46:46.460 t2038801C0A22015805F0
 20:46:46.460 t20480000000000000000
 20:46:46.461 t2058D18822027FFF5000
 20:46:46.559 t200826CB483E0046CA00
 20:46:46.560 t2018424E4A0EF1F1F17C
 20:46:46.560 t2028691E482E4AF116F9
 20:46:46.560 t2038806B4A22036791E5
 20:46:46.560 t20480000400000000000
 20:46:46.561 t2058D18862027FFF5000
 20:46:46.659 t200826CD883E0046CA00
 20:46:46.660 t201840008B0E4AF1F179
 20:46:46.660 t2028691E881AAAF101FB
 20:46:46.660 t2038810A8A2200782A02
 20:46:46.660 t20480000800000000000
 20:46:46.660 t2058D188A2027FFF5000
 20:46:46.759 t200826D0C83E0046CA00
 20:46:46.760 t2018450CC80EF2F1F17A
 20:46:46.760 t20286942C81602F104FB
 20:46:46.760 t20388133CA2204080A02
 20:46:46.760 t20480000C00000000000
 20:46:46.760 t2058D188E2027FFF5000
 20:46:46.859 t200826D3083E0046CA00
 20:46:46.860 t2018472E080EF2F1F17B
 20:46:46.860 t20286942081AF2F102FB
 20:46:46.860 t203881AB0A220747F1FA
 20:46:46.860 t20480000000000000000
 20:46:46.860 t2058D18822027FFF5000
 20:46:46.959 t200826D6483E0046CA00
 20:46:46.960 t201847FC480EAAF1F17A
 20:46:46.960 t202869C548324AF902F9
 20:46:46.960 t2038822B4A22024801FC
 20:46:46.960 t20480000400000000000
 20:46:46.960 t2058D18862027FFF5000
 20:46:47.059 t200826D8883E0046CA00
 20:46:47.059 t2018482E880EF2F1F17A
 20:46:47.059 t202869C5881AAAF102FA
 20:46:47.059 t203880008B220027FE0A
 20:46:47.059 t20480000800000000000
 20:46:47.059 t2058D188A2027FFF5000
 20:46:47.159 t200826DBC83E0046CA00
 20:46:47.159 t201848CFC80EF2F1F17B
 20:46:47.159 t202861ABCA1602F9FDF9
 20:46:47.159 t2038861DC8220A580A05
 20:46:47.159 t20480000C00000000000
 20:46:47.160 t2058D188E2027FFF5000
 20:46:47.259 t200826DE083E0046CA00
 20:46:47.259 t2018491E080EAAF1F17B
 20:46:47.259 t202861AB0A1AF2F9FDF9
 20:46:47.259 t2038872E082203681A0B
 20:46:47.259 t20480000000000000000
 20:46:47.259 t2058D18822027FFF5000
 20:46:47.359 t200826E1483E0046CA00
 20:46:47.359 t20184942480EF2F1F17B
 20:46:47.360 t2028624E4A1601F1FDFC
 20:46:47.360 t203887FD482203280A04
 20:46:47.360 t20480000400000000000
 20:46:47.360 t2058D18862027FFF5000
 20:46:47.459 t200826E4883E0046CA00
 20:46:47.459 t201849C5880EAAF1F17A
 20:46:47.460 t2028624E8A1AF1F100FC
 20:46:47.460 t203888A988220267FDFB
 20:46:47.460 t20480000800000000000
 20:46:47.460 t2058D188A2027FFF5000
 20:46:47.559 t200826E6C83E0046CA00
 20:46:47.559 t201849EAC80EF2F1F17A
 20:46:47.559 t20286000C022F2F100F9
 20:46:47.559 t2038891FC822024805F9
 20:46:47.559 t20480000C00000000000
 20:46:47.560 t2058D188E2027FFF5000
 20:46:47.659 t200826E9083E0046CA00
 20:46:47.659 t201840000A0E4AF9F179
 20:46:47.659 t202867FC082A4AF902F9
 20:46:47.659 t203889C508220257E5F5
 20:46:47.659 t20480000000000000000
 20:46:47.659 t2058D18822027FFF5000
 20:46:47.759 t200826EC483E0046CA00
 20:46:47.759 t201840304A0EF2F9F179
 20:46:47.759 t202867FC481AAAF102FA
 20:46:47.760 t203880004A220037F601
 20:46:47.760 t20480000400000000000
 20:46:47.760 t2058D18862027FFF5000
 20:46:47.859 t200826EF883E0046CA00
 20:46:47.859 t2018424E8A0EF1F1F17C
 20:46:47.859 t202868CF881602F102FB
 20:46:47.859 t2038801C8A22015805F0
 20:46:47.859 t20480000800000000000
 20:46:47.859 t2058D188A2027FFF5000
 20:46:47.959 t200826F1C83E0046CA00
 20:46:47.959 t20184000CB0E4AF1F179
 20:46:47.959 t202868CFC81AF2F101FB
 20:46:47.960 t2038806BCA22036791E5
 20:46:47.960 t20480000C00000000000
 20:46:47.960 t2058D188E2027FFF5000
 20:46:48.059 t200826F4083E0046CA00
 20:46:48.059 t2018450C080EF2F1F17A
 20:46:48.059 t2028691E082E4AF116F9
 20:46:48.060 t2038810A0A2200782A02
 20:46:48.060 t20480000000000000000
 20:46:48.060 t2058D18822027FFF5000
 20:46:48.159 t200826F7483E0046CA00
 20:46:48.159 t2018472E480EF2F1F17B
 20:46:48.159 t2028691E481AAAF101FB
 20:46:48.159 t203881334A2204080A02
 20:46:48.159 t20480000400000000000
 20:46:48.159 t2058D18862027FFF5000
 20:46:48.262 t200826FA883E0046CA00
 20:46:48.262 t201847FC880EAAF1F17A
 20:46:48.262 t20286942881602F104FB
 20:46:48.262 t203881AB8A220747F1FA
 20:46:48.262 t20480000800000000000
 20:46:48.263 t2058D188A2027FFF5000
 20:46:48.361 t200826FDC83E0046CA00
 20:46:48.361 t2018482EC80EF2F1F17A
 20:46:48.361 t20286942C81AF2F102FB
 20:46:48.361 t2038822BCA22024801FC
 20:46:48.361 t20480000C00000000000
 20:46:48.361 t2058D188E2027FFF5000
 20:46:48.460 t200826FF083E0046CA00
 20:46:48.460 t201848CF080EF2F1F17B
 20:46:48.460 t202869C508324AF902F9
 20:46:48.460 t203880000B220027FE0A
 20:46:48.461 t20480000000000000000
 20:46:48.461 t2058D18822027FFF5000
 20:46:48.560 t20082702483E0046CA00
 20:46:48.560 t2018491E480EAAF1F17B
 20:46:48.560 t202869C5481AAAF102FA
 20:46:48.560 t2038861D48220A580A05
 20:46:48.561 t20480000400000000000
 20:46:48.561 t2058D18862027FFF5000
 20:46:48.660 t20082705883E0046CA00
 20:46:48.660 t20184942880EF2F1F17B
 20:46:48.661 t202861AB8A1602F9FDF9
 20:46:48.661 t2038872E882203681A0B
 20:46:48.661 t20480000800000000000
 20:46:48.661 t2058D188A2027FFF5000
 20:46:48.760 t20082708C83E0046CA00
 20:46:48.760 t201849C5C80EAAF1F17A
 20:46:48.760 t202861ABCA1AF2F9FDF9
 20:46:48.760 t203887FDC82203280A04
 20:46:48.761 t20480000C00000000000
 20:46:48.761 t2058D188E2027FFF5000
 20:46:48.860 t2008270A083E0046CA00
 20:46:48.860 t201849EA080EF2F1F17A
 20:46:48.860 t2028624E0A1601F1FDFC
 20:46:48.860 t203888A908220267FDFB
 20:46:48.860 t20480000000000000000
 20:46:48.860 t2058D18822027FFF5000
 20:46:48.960 t2008270D483E0046CA00
 20:46:48.960 t201840004A0E4AF9F179
 20:46:48.960 t2028624E4A1AF1F100FC
 20:46:48.961 t2038891F4822024805F9
 20:46:48.961 t20480000400000000000
 20:46:48.961 t2058D18862027FFF5000
 20:46:49.060 t20082710883E0046CA00
 20:46:49.060 t201840308A0EF2F9F179
 20:46:49.060 t202860008022F2F100F9
 20:46:49.060 t203889C588220257E5F5
 20:46:49.061 t20480000800000000000
 20:46:49.061 t2058D188A2027FFF5000
 20:46:49.160 t20082713C83E0046CA00
 20:46:49.160 t2018424ECA0EF1F1F17C
 20:46:49.160 t202867FCC82A4AF902F9
 20:46:49.160 t20388000CA220037F601
 20:46:49.161 t20480000C00000000000
 20:46:49.161 t2058D188E2027FFF5000
 20:46:49.260 t20082716083E0046CA00
 20:46:49.260 t201840000B0E4AF1F179
 20:46:49.260 t202867FC081AAAF102FA
 20:46:49.260 t2038801C0A22015805F0
 20:46:49.260 t20480000000000000000
 20:46:49.261 t2058D18822027FFF5000
 20:46:49.360 t20082718483E0046CA00
 20:46:49.360 t2018450C480EF2F1F17A
 20:46:49.360 t202868CF481602F102FB
 20:46:49.360 t2038806B4A22036791E5
 20:46:49.360 t20480000400000000000
 20:46:49.361 t2058D18862027FFF5000
 20:46:49.460 t2008271B883E0046CA00
 20:46:49.460 t2018472E880EF2F1F17B
 20:46:49.460 t202868CF881AF2F101FB
 20:46:49.460 t2038810A8A2200782A02
 20:46:49.460 t20480000800000000000
 20:46:49.460 t2058D188A2027FFF5000
 20:46:49.560 t2008271EC83E0046CA00
 20:46:49.561 t201847FCC80EAAF1F17A
 20:46:49.561 t2028691EC82E4AF116F9
 20:46:49.561 t20388133CA2204080A02
 20:46:49.561 t20480000C00000000000
 20:46:49.561 t2058D188E2027FFF5000
 20:46:49.660 t20082721083E0046CA00
 20:46:49.660 t2018482E080EF2F1F17A
 20:46:49.660 t2028691E081AAAF101FB
 20:46:49.660 t203881AB0A220747F1FA
 20:46:49.660 t20480000000000000000
 20:46:49.661 t2058D18822027FFF5000
 20:46:49.759 t20082723483E0046CA00
 20:46:49.759 t201848CF480EF2F1F17B
 20:46:49.760 t20286942481602F104FB
 20:46:49.760 t2038822B4A22024801FC
 20:46:49.760 t20480000400000000000
 20:46:49.760 t2058D18862027FFF5000
 20:46:49.859 t20082726883E0046CA00
 20:46:49.859 t2018491E880EAAF1F17B
 20:46:49.860 t20286942881AF2F102FB
 20:46:49.860 t203880008B220027FE0A
 20:46:49.860 t20480000800000000000
 20:46:49.860 t2058D188A2027FFF5000
 20:46:49.959 t20082729C83E0046CA00
 20:46:49.959 t20184942C80EF2F1F17B
 20:46:49.960 t202869C5C8324AF902F9
 20:46:49.960 t2038861DC8220A580A05
 20:46:49.960 t20480000C00000000000
 20:46:49.960 t2058D188E2027FFF5000
 20:46:50.059 t2008272C083E0046CA00
 20:46:50.060 t201849C5080EAAF1F17A
 20:46:50.060 t202869C5081AAAF102FA
 20:46:50.060 t2038872E082203681A0B
 20:46:50.060 t20480000000000000000
 20:46:50.060 t2058D18822027FFF5000
 20:46:50.159 t2008272F483E0046CA00
 20:46:50.160 t201849EA480EF2F1F17A
 20:46:50.160 t202861AB4A1602F9FDF9
 20:46:50.160 t203887FD482203280A04
 20:46:50.160 t20480000400000000000
 20:46:50.160 t2058D18862027FFF5000
 20:46:50.260 t20082732883E0046CA00
 20:46:50.260 t20184A92880CF2F1F17B
 20:46:50.260 t20286A92881402F103FB
 20:46:50.260 t203888A988220267FDFB
 20:46:50.260 t20480000800000000000
 20:46:50.261 t2058D188A2027FFF5000
 20:46:50.359 t20082734C83E0046CA00
 20:46:50.359 t2018450CC80EF2F1F17A
 20:46:50.359 t20286A92C818F2F102FB
 20:46:50.359 t2038891FC822024805F9
 20:46:50.360 t20480000C00000000000
 20:46:50.360 t2058D188E2027FFF5000
 20:46:50.459 t20082737083E0046CA00
 20:46:50.459 t2018472E080EF2F1F17B
 20:46:50.460 t202860000022F2F100F9
 20:46:50.460 t203889C508220257E5F5
 20:46:50.460 t20480000000000000000
 20:46:50.460 t2058D18822027FFF5000
 20:46:50.559 t2008273A483E0046CA00
 20:46:50.559 t201847FC480EAAF1F17A
 20:46:50.560 t202867FC482A4AF902F9
 20:46:50.560 t203880004A220037F601
 20:46:50.560 t20480000400000000000
 20:46:50.560 t2058D18862027FFF5000
 20:46:50.659 t2008273D883E0046CA00
 20:46:50.659 t2018482E880EF2F1F17A
 20:46:50.659 t202867FC881AAAF102FA
 20:46:50.659 t2038801C8A22015805F0
 20:46:50.660 t20480000800000000000
 20:46:50.660 t2058D188A2027FFF5000
 20:46:50.759 t2008273FC83E0046CA00
 20:46:50.759 t201848CFC80EF2F1F17B
 20:46:50.760 t202868CFC81602F102FB
 20:46:50.760 t2038806BCA22036791E5
 20:46:50.760 t20480000C00000000000
 20:46:50.760 t2058D188E2027FFF5000
 20:46:50.860 t20082742083E0046CA00
 20:46:50.860 t2018491E080EAAF1F17B
 20:46:50.860 t202868CF081AF2F101FB
 20:46:50.860 t2038810A0A2200782A02
 20:46:50.861 t20480000000000000000
 20:46:50.861 t2058D18822027FFF5000
 20:46:50.960 t20082745483E0046CA00
 20:46:50.960 t20184942480EF2F1F17B
 20:46:50.960 t2028691E482E4AF116F9
 20:46:50.960 t203881334A2204080A02
 20:46:50.960 t20480000400000000000
 20:46:50.960 t2058D18862027FFF5000
 20:46:51.059 t20082748883E0046CA00
 20:46:51.059 t201849C5880EAAF1F17A
 20:46:51.059 t2028691E881AAAF101FB
 20:46:51.060 t203881AB8A220747F1FA
 20:46:51.060 t20480000800000000000
 20:46:51.060 t2058D188A2027FFF5000
 20:46:51.159 t2008274BC83E0046CA00
 20:46:51.159 t201849EAC80EF2F1F17A
 20:46:51.159 t20286942C81602F104FB
 20:46:51.159 t20388A61C8200317C9EE
 20:46:51.160 t20480000C00000000000
 20:46:51.160 t2058D188E2027FFF5000
 20:46:51.259 t2008274D083E0046CA00
 20:46:51.259 t201840000A0E4AF9F179
 20:46:51.259 t20286942081AF2F102FB
 20:46:51.260 t2038872E082203681A0B
 20:46:51.260 t20480000000000000000
 20:46:51.260 t2058D18822027FFF5000
 20:46:51.359 t20082750483E0046CA00
 20:46:51.359 t201840304A0EF2F9F179
 20:46:51.360 t202869C548324AF902F9
 20:46:51.360 t203887FD482203280A04
 20:46:51.360 t20480000400000000000
 20:46:51.360 t2058D18862027FFF5000
 20:46:51.459 t20082753883E0046CA00
 20:46:51.459 t2018424E8A0EF1F1F17C
 20:46:51.459 t202869C5881AAAF102FA
 20:46:51.460 t203888A988220267FDFB
 20:46:51.460 t20480000800000000000
 20:46:51.460 t2058D188A2027FFF5000
 20:46:51.559 t20082756C83E0046CA00
 20:46:51.559 t20184A92C80EF2F1F17B
 20:46:51.560 t202861ABCA1602F9FDF9
 20:46:51.560 t2038891FC822024805F9
 20:46:51.560 t20480000C00000000000
 20:46:51.560 t2058D188E2027FFF5000
 20:46:51.659 t20082758083E0046CA00
 20:46:51.659 t201840000B0E4AF1F179
 20:46:51.659 t202861AB0A1AF2F9FDF9
 20:46:51.659 t203889C508220257E5F5
 20:46:51.659 t20480000000000000000
 20:46:51.659 t2058D18822027FFF5000
 20:46:51.759 t2008275B483E0046CA00
 20:46:51.759 t2018450C480EF2F1F17A
 20:46:51.759 t2028624E4A1601F1FDFC
 20:46:51.760 t203880004A220037F601
 20:46:51.760 t20480000400000000000
 20:46:51.760 t2058D18862027FFF5000
 20:46:51.859 t2008275E883E0046CA00
 20:46:51.859 t2018472E880EF2F1F17B
 20:46:51.859 t2028624E8A1AF1F100FC
 20:46:51.860 t2038801C8A22015805F0
 20:46:51.860 t20480000800000000000
 20:46:51.860 t2058D188A2027FFF5000
 20:46:51.959 t20082761C83E0046CA00
 20:46:51.959 t201847FCC80EAAF1F17A
 20:46:51.959 t20286A92C81602F103FB
 20:46:51.960 t2038806BCA22036791E5
 20:46:51.960 t20480000C00000000000
 20:46:51.960 t2058D188E2027FFF5000
 20:46:52.060 t20082764083E0046CA00
 20:46:52.060 t2018482E080EF2F1F17A
 20:46:52.060 t20286A92081AF2F102FB
 20:46:52.060 t2038810A0A2200782A02
 20:46:52.060 t20480000000000000000
 20:46:52.061 t2058D18822027FFF5000
 20:46:52.160 t20082766483E0048CA00
 20:46:52.160 t201848CF480EF2F1F17B
 20:46:52.160 t202860004022F2F100F9
 20:46:52.160 t203881334A2204080A02
 20:46:52.161 t20480000400000000000
 20:46:52.161 t2058D18862027FFF5000
 20:46:52.260 t20082769883E0048CA00
 20:46:52.260 t2018491E880EAAF1F17B
 20:46:52.260 t202867FC882A4AF902F9
 20:46:52.260 t203881AB8A220747F1FA
 20:46:52.260 t20480000800000000000
 20:46:52.260 t2058D188A2027FFF5000
 20:46:52.359 t2008276CC83E0048CA00
 20:46:52.360 t20184942C80EF2F1F17B
 20:46:52.360 t202867FCC81AAAF102FA
 20:46:52.360 t2038822BCA22024801FC
 20:46:52.360 t20480000C00000000000
 20:46:52.360 t2058D188E2027FFF5000
 20:46:52.460 t2008276E083E0048CA00
 20:46:52.460 t201849C5080EAAF1F17A
 20:46:52.460 t202868CF081602F102FB
 20:46:52.460 t20388A6108220317C9EE
 20:46:52.461 t20480000000000000000
 20:46:52.461 t2058D18822027FFF5000
 20:46:52.560 t20082771483E0048CA00
 20:46:52.560 t201849EA480EF2F1F17A
 20:46:52.560 t202868CF481AF2F101FB
 20:46:52.560 t203880004B220027FE0A
 20:46:52.561 t20480000400000000000
 20:46:52.561 t2058D18862027FFF5000
 20:46:52.660 t20082774883E0048CA00
 20:46:52.660 t201840008A0E4AF9F179
 20:46:52.660 t2028691E882E4AF116F9
 20:46:52.660 t2038872E882203681A0B
 20:46:52.661 t20480000800000000000
 20:46:52.661 t2058D188A2027FFF5000
 20:46:52.760 t20082777C83E0048CA00
 20:46:52.760 t20184030CA0EF2F9F179
 20:46:52.760 t2028691EC81AAAF101FB
 20:46:52.760 t203887FDC82203280A04
 20:46:52.760 t20480000C00000000000
 20:46:52.761 t2058D188E2027FFF5000
 20:46:52.861 t2008277A083E0048CA00
 20:46:52.861 t2018424E0A0EF1F1F17C
 20:46:52.861 t20286942081602F104FB
 20:46:52.862 t203888A908220267FDFB
 20:46:52.862 t20480000000000000000
 20:46:52.862 t2058D18822027FFF5000
 20:46:52.960 t2008277C483E0048CA00
 20:46:52.960 t20184A92480EF2F1F17B
 20:46:52.960 t20286942481AF2F102FB
 20:46:52.960 t2038891F4822024805F9
 20:46:52.960 t20480000400000000000
 20:46:52.960 t2058D18862027FFF5000
 20:46:53.059 t2008277F883E0048CA00
 20:46:53.060 t201840008B0E4AF1F179
 20:46:53.060 t202869C588324AF902F9
 20:46:53.060 t203889C588220257E5F5
 20:46:53.060 t20480000800000000000
 20:46:53.061 t2058D188A2027FFF5000
 20:46:53.159 t20082782C83E0048CA00
 20:46:53.160 t2018450CC80EF2F1F17A
 20:46:53.160 t202869C5C81AAAF102FA
 20:46:53.160 t20388000CA220037F601
 20:46:53.160 t20480000C00000000000
 20:46:53.161 t2058D188E2027FFF5000
 20:46:53.260 t20082785083E0048CA00
 20:46:53.260 t2018472E080EF2F1F17B
 20:46:53.260 t202861AB0A1602F9FDF9
 20:46:53.260 t2038801C0A22015805F0
 20:46:53.260 t20480000000000000000
 20:46:53.261 t2058D18822027FFF5000
 20:46:53.360 t20082787483E0048CA00
 20:46:53.360 t201847FC480EAAF1F17A
 20:46:53.360 t202861AB4A1AF2F9FDF9
 20:46:53.360 t2038806B4A22036791E5
 20:46:53.361 t20480000400000000000
 20:46:53.361 t2058D18862027FFF5000
 20:46:53.459 t2008278A883E0048CA00
 20:46:53.460 t2018482E880EF2F1F17A
 20:46:53.460 t2028624E8A1601F1FDFC
 20:46:53.460 t2038810A8A2200782A02
 20:46:53.460 t20480000800000000000
 20:46:53.460 t2058D188A2027FFF5000
 20:46:53.559 t2008278DC83E0048CA00
 20:46:53.560 t201848CFC80EF2F1F17B
 20:46:53.560 t2028624ECA1AF1F100FC
 20:46:53.560 t20388133CA2204080A02
 20:46:53.560 t20480000C00000000000
 20:46:53.560 t2058D188E2027FFF5000
 20:46:53.659 t20082790083E0048CA00
 20:46:53.659 t2018491E080EAAF1F17B
 20:46:53.659 t20286A92081602F103FB
 20:46:53.660 t203881AB0A220747F1FA
 20:46:53.660 t20480000000000000000
 20:46:53.660 t2058D18822027FFF5000
 20:46:53.759 t20082793483E0048CA00
 20:46:53.760 t20184942480EF2F1F17B
 20:46:53.760 t20286A92481AF2F102FB
 20:46:53.760 t2038822B4A22024801FC
 20:46:53.760 t20480000400000000000
 20:46:53.760 t2058D18862027FFF5000
 20:46:53.859 t20082795883E0048CA00
 20:46:53.860 t201849C5880EAAF1F17A
 20:46:53.860 t202860008022F2F100F9
 20:46:53.860 t20388A6188220317C9EE
 20:46:53.860 t20480000800000000000
 20:46:53.860 t2058D188A2027FFF5000
 20:46:53.959 t20082798C83E0048CA00
 20:46:53.960 t201849EAC80EF2F1F17A
 20:46:53.960 t202867FCC82A4AF902F9
 20:46:53.960 t20388000CB220027FE0A
 20:46:53.960 t20480000C00000000000
 20:46:53.960 t2058D188E2027FFF5000
 20:46:54.059 t2008279B083E0048CA00
 20:46:54.060 t201840000A0E4AF9F179
 20:46:54.060 t202867FC081AAAF102FA
 20:46:54.060 t2038872E082203681A0B
 20:46:54.060 t20480000000000000000
 20:46:54.061 t2058D18822027FFF5000
 20:46:54.159 t2008279E483E0048CA00
 20:46:54.160 t201840304A0EF2F9F179
 20:46:54.160 t202868CF481602F102FB
 20:46:54.160 t203887FD482203280A04
 20:46:54.161 t20480000400000000000
 20:46:54.161 t2058D18862027FFF5000
 20:46:54.259 t200827A1883E0048CA00
 20:46:54.260 t2018424E8A0EF1F1F17C
 20:46:54.260 t202868CF881AF2F101FB
 20:46:54.260 t203888A988220267FDFB
 20:46:54.260 t20480000800000000000
 20:46:54.260 t2058D188A2027FFF5000
 20:46:54.359 t200827A3C83E0048CA00
 20:46:54.359 t20184A92C80EF2F1F17B
 20:46:54.359 t2028691EC82E4AF116F9
 20:46:54.359 t2038891FC822024805F9
 20:46:54.360 t20480000C00000000000
 20:46:54.360 t2058D188E2027FFF5000
 20:46:54.459 t200827A6083E0048CA00
 20:46:54.459 t201840000B0E4AF1F179
 20:46:54.460 t2028691E081AAAF101FB
 20:46:54.460 t203889C508220257E5F5
 20:46:54.460 t20480000000000000000
 20:46:54.460 t2058D18822027FFF5000
 20:46:54.559 t200827A9483E0048CA00
 20:46:54.559 t2018450C480EF2F1F17A
 20:46:54.560 t20286942481602F104FB
 20:46:54.560 t203880004A220037F601
 20:46:54.560 t20480000400000000000
 20:46:54.560 t2058D18862027FFF5000
 20:46:54.659 t200827AC883E0048CA00
 20:46:54.659 t2018472E880EF2F1F17B
 20:46:54.659 t20286942881AF2F102FB
 20:46:54.659 t2038801C8A22015805F0
 20:46:54.659 t20480000800000000000
 20:46:54.660 t2058D188A2027FFF5000
 20:46:54.759 t200827AEC83E0048CA00
 20:46:54.759 t201847FCC80EAAF1F17A
 20:46:54.760 t202869C5C8324AF902F9
 20:46:54.760 t2038806BCA22036791E5
 20:46:54.760 t20480000C00000000000
 20:46:54.760 t2058D188E2027FFF5000
 20:46:54.859 t200827B1083E0048CA00
 20:46:54.859 t2018482E080EF2F1F17A
 20:46:54.859 t202869C5081AAAF102FA
 20:46:54.859 t2038810A0A2200782A02
 20:46:54.860 t20480000000000000000
 20:46:54.860 t2058D18822027FFF5000
 20:46:54.959 t200827B4483E0048CA00
 20:46:54.960 t201848CF480EF2F1F17B
 20:46:54.960 t202861AB4A1602F9FDF9
 20:46:54.960 t203881334A2204080A02
 20:46:54.960 t20480000400000000000
 20:46:54.960 t2058D18862027FFF5000
 20:46:55.059 t200827B7883E0048CA00
 20:46:55.059 t2018491E880EAAF1F17B
 20:46:55.059 t202861AB8A1AF2F9FDF9
 20:46:55.060 t203881AB8A220747F1FA
 20:46:55.060 t20480000800000000000
 20:46:55.060 t2058D188A2027FFF5000
 20:46:55.159 t200827BAC83E0048CA00
 20:46:55.160 t20184942C80EF2F1F17B
 20:46:55.160 t2028624ECA1601F1FDFC
 20:46:55.160 t2038822BCA22024801FC
 20:46:55.160 t20480000C00000000000
 20:46:55.160 t2058D188E2027FFF5000
 20:46:55.259 t200827BC083E0048CA00
 20:46:55.259 t201849C5080EAAF1F17A
 20:46:55.260 t2028624E0A1AF1F100FC
 20:46:55.260 t20388A6108220317C9EE
 20:46:55.260 t20480000000000000000
 20:46:55.260 t2058D18822027FFF5000
 20:46:55.359 t200827BF483E0048CA00
 20:46:55.359 t201849EA480EF2F1F17A
 20:46:55.359 t20286A92481602F103FB
 20:46:55.360 t203880004B220027FE0A
 20:46:55.360 t20480000400000000000
 20:46:55.360 t2058D18862027FFF5000
 20:46:55.459 t200827C2883E0048CA00
 20:46:55.459 t201840008A0E4AF9F179
 20:46:55.459 t20286A92881AF2F102FB
 20:46:55.459 t2038872E882203681A0B
 20:46:55.459 t20480000800000000000
 20:46:55.459 t2058D188A2027FFF5000
 20:46:55.559 t200827C5C83E0048CA00
 20:46:55.559 t20184030CA0EF2F9F179
 20:46:55.559 t20286000C022F2F100F9
 20:46:55.559 t203887FDC82203280A04
 20:46:55.560 t20480000C00000000000
 20:46:55.560 t2058D188E2027FFF5000
 20:46:55.659 t200827C7083E0048CA00
 20:46:55.659 t2018424E0A0EF1F1F17C
 20:46:55.659 t202867FC082A4AF902F9
 20:46:55.659 t203888A908220267FDFB
 20:46:55.659 t20480000000000000000
 20:46:55.659 t2058D18822027FFF5000
 20:46:55.759 t200827CA483E0048CA00
 20:46:55.759 t20184A92480EF2F1F17B
 20:46:55.759 t202867FC481AAAF102FA
 20:46:55.760 t2038891F4822024805F9
 20:46:55.760 t20480000400000000000
 20:46:55.760 t2058D18862027FFF5000
 20:46:55.859 t200827CD883E0048CA00
 20:46:55.859 t201840008B0E4AF1F179
 20:46:55.859 t202868CF881602F102FB
 20:46:55.860 t203889C588220257E5F5
 20:46:55.860 t20480000800000000000
 20:46:55.860 t2058D188A2027FFF5000
 20:46:55.959 t200827D0C83E0048CA00
 20:46:55.959 t2018450CC80EF2F1F17A
 20:46:55.959 t202868CFC81AF2F101FB
 20:46:55.959 t20388000CA220037F601
 20:46:55.960 t20480000C00000000000
 20:46:55.960 t2058D188E2027FFF5000
 20:46:56.059 t200827D3083E0048CA00
 20:46:56.059 t2018472E080EF2F1F17B
 20:46:56.059 t2028691E082E4AF116F9
 20:46:56.059 t2038801C0A22015805F0
 20:46:56.060 t20480000000000000000
 20:46:56.060 t2058D18822027FFF5000
 20:46:56.160 t200827D5483E0048CA00
 20:46:56.160 t201847FC480EAAF1F17A
 20:46:56.160 t2028691E481AAAF101FB
 20:46:56.161 t2038806B4A22036791E5
 20:46:56.161 t20480000400000000000
 20:46:56.161 t2058D18862027FFF5000
 20:46:56.259 t200827D8883E0048CA00
 20:46:56.259 t2018482E880EF2F1F17A
 20:46:56.259 t20286942881602F104FB
 20:46:56.259 t2038810A8A2200782A02
 20:46:56.259 t20480000800000000000
 20:46:56.259 t2058D188A2027FFF5000
 20:46:56.360 t200827DBC83E0048CA00
 20:46:56.360 t201848CFC80EF2F1F17B
 20:46:56.361 t20286942C81AF2F102FB
 20:46:56.361 t20388133CA2204080A02
 20:46:56.361 t20480000C00000000000
 20:46:56.361 t2058D188E2027FFF5000
 20:46:56.461 t200827DE083E0048CA00
 20:46:56.461 t2018491E080EAAF1F17B
 20:46:56.461 t202869C508324AF902F9
 20:46:56.461 t203881AB0A220747F1FA
 20:46:56.461 t20480000000000000000
 20:46:56.461 t2058D18822027FFF5000
 20:46:56.560 t200827E1483E0048CA00
 20:46:56.560 t20184942480EF2F1F17B
 20:46:56.560 t202869C5481AAAF102FA
 20:46:56.560 t2038822B4A22024801FC
 20:46:56.560 t20480000400000000000
 20:46:56.560 t2058D18862027FFF5000
 20:46:56.660 t200827E3883E0048CA00
 20:46:56.660 t201849C5880EAAF1F17A
 20:46:56.660 t202861AB8A1602F9FDF9
 20:46:56.660 t20388A6188220317C9EE
 20:46:56.661 t20480000800000000000
 20:46:56.661 t2058D188A2027FFF5000
 20:46:56.760 t200827E6C83E0048CA00
 20:46:56.760 t201849EAC80EF2F1F17A
 20:46:56.760 t202861ABCA1AF2F9FDF9
 20:46:56.760 t20388000CB220027FE0A
 20:46:56.761 t20480000C00000000000
 20:46:56.761 t2058D188E2027FFF5000
 20:46:56.859 t200827E9083E0048CA00
 20:46:56.860 t201840000A0E4AF9F179
 20:46:56.860 t2028624E0A1601F1FDFC
 20:46:56.860 t2038872E082203681A0B
 20:46:56.860 t20480000000000000000
 20:46:56.860 t2058D18822027FFF5000
 20:46:56.959 t200827EC483E0048CA00
 20:46:56.959 t201840304A0EF2F9F179
 20:46:56.960 t2028624E4A1AF1F100FC
 20:46:56.960 t20388764482009882E02
 20:46:56.960 t20480000400000000000
 20:46:56.960 t2058D18862027FFF5000
 20:46:57.060 t200827EE883E0048CA00
 20:46:57.060 t2018424E8A0EF1F1F17C
 20:46:57.060 t20286A92881602F103FB
 20:46:57.060 t2038882E882007B811FF
 20:46:57.060 t20480000800000000000
 20:46:57.061 t2058D188A2027FFF5000
 20:46:57.160 t200827F1C83E0048CA00
 20:46:57.160 t20184A92C80EF2F1F17B
 20:46:57.160 t20286A92C81AF2F102FB
 20:46:57.160 t203888CFC8200507EE01
 20:46:57.160 t20480000C00000000000
 20:46:57.161 t2058D188E2027FFF5000
 20:46:57.259 t200827F4083E0048CA00
 20:46:57.260 t201840000B0E4AF1F179
 20:46:57.260 t202860000022F2F100F9
 20:46:57.260 t2038894208200837E5F9
 20:46:57.260 t20480000000000000000
 20:46:57.261 t2058D18822027FFF5000
 20:46:57.359 t200827F7483E0048CA00
 20:46:57.360 t2018450C480EF2F1F17A
 20:46:57.360 t202867FC482A4AF902F9
 20:46:57.360 t203889EA48200777D5F2
 20:46:57.360 t20480000400000000000
 20:46:57.360 t2058D18862027FFF5000
 20:46:57.460 t200827FA883E0048CA00
 20:46:57.461 t20184B5D880CF2F1F17A
 20:46:57.461 t202867FC881AAAF102FA
 20:46:57.461 t20388A92882009F7B9EB
 20:46:57.461 t20480000800000000000
 20:46:57.462 t2058D188A2027FFF5000
 20:46:57.560 t20083FFFC23E0043FFFE
 20:46:57.560 t2018450CC80EF2F1F17A
 20:46:57.560 t202868CFC81602F102FB
 20:46:57.560 t20388764C82209882E02
 20:46:57.560 t20480000C00000000000
 20:46:57.560 t2058D188E2027FFF5000
 20:46:57.659 t200820030A3E0044CA00
 20:46:57.660 t2018472E080EF2F1F17B
 20:46:57.660 t202868CF081AF2F101FB
 20:46:57.660 t2038882E082207B811FF
 20:46:57.661 t20480000000000000000
 20:46:57.661 t2058D18822027FFF5000
 20:46:57.759 t200820064A3E0044CA00
 20:46:57.760 t201840004A0C4AF9F179
 20:46:57.760 t202860004028F2F900F9
 20:46:57.760 t203880034A08019A9301
 20:46:57.760 t20480000400000000000
 20:46:57.760 t2058D18862027FFF5000
 20:46:57.859 t200820098A3E0044CA00
 20:46:57.860 t201840308A0CF2F9F179
 20:46:57.860 t202861AB8A1402F9FDF9
 20:46:57.860 t203880318A0803ABF6FA
 20:46:57.860 t20480000800000000000
 20:46:57.860 t2058D188A2027FFF5000
 20:46:57.959 t2008200BCA3E0044CA00
 20:46:57.959 t2018424ECA0CF1F1F17C
 20:46:57.960 t202861ABCA18F2F9FDF9
 20:46:57.960 t203880A1CA200697960A
 20:46:57.960 t20480000C00000000000
 20:46:57.960 t2058D188E2027FFF5000
 20:46:58.059 t2008200E0A3E0044CA00
 20:46:58.059 t201842FC0A0CF1F1F17B
 20:46:58.060 t2028624E0A1401F1FDFC
 20:46:58.060 t203881110A2002380A02
 20:46:58.060 t20480000000000000000
 20:46:58.060 t2058D18822027FFF5000
 20:46:58.159 t200820114A3E0044CA00
 20:46:58.159 t201840004A0E4AF9F179
 20:46:58.159 t2028624E4A18F1F100FC
 20:46:58.160 t203880A14A08069BF702
 20:46:58.160 t20480000400000000000
 20:46:58.160 t2058D18862027FFF5000
 20:46:58.260 t200820148A3E0044CA00
 20:46:58.260 t201840308A0EF2F9F179
 20:46:58.261 t20286000802AF2F900F9
 20:46:58.261 t203881118A08023ADE51
 20:46:58.261 t20480000800000000000
 20:46:58.261 t2058D188A2027FFF5000
 20:46:58.359 t20082016CA3E0044CA00
 20:46:58.359 t2018424ECA0EF1F1F17C
 20:46:58.359 t202861ABCA1602F9FDF9
 20:46:58.360 t20388173CA20038809FC
 20:46:58.360 t20480000C00000000000
 20:46:58.360 t2058D188E2027FFF5000
 20:46:58.459 t200820190A3E0044CA00
 20:46:58.459 t201842FC0A0EF1F1F17B
 20:46:58.460 t202861AB0A1AF2F9FDF9
 20:46:58.460 t2038821F0A2000C7EA00
 20:46:58.460 t20480000000000000000
 20:46:58.460 t2058D18822027FFF5000
 20:46:58.559 t2008201C4A3E0044CA00
 20:46:58.559 t201840004A0E4AF9F179
 20:46:58.560 t2028624E4A1601F1FDFC
 20:46:58.560 t203881734A08038735F5
 20:46:58.560 t20480000400000000000
 20:46:58.560 t2058D18862027FFF5000
 20:46:58.660 t2008201F8A3E0044CA00
 20:46:58.660 t201840308A0EF2F9F179
 20:46:58.660 t2028624E8A1AF1F100FC
 20:46:58.660 t2038821F8A0800C88225
 20:46:58.660 t20480000800000000000
 20:46:58.661 t2058D188A2027FFF5000
 20:46:58.759 t20082022CA3E0044CA00
 20:46:58.759 t2018424ECA0EF1F1F17C
 20:46:58.759 t20286000C02AF2F900F9
 20:46:58.760 t2038824FCA2006A7F1F0
 20:46:58.760 t20480000C00000000000
 20:46:58.760 t2058D188E2027FFF5000
 20:46:58.859 t200820240A3E0044CA00
 20:46:58.860 t201842FC0A0EF1F1F17B
 20:46:58.860 t202861AB0A1602F9FDF9
 20:46:58.860 t203882DC0A2000C7F5FE
 20:46:58.860 t20480000000000000000
 20:46:58.860 t2058D18822027FFF5000
 20:46:58.959 t200820274A3E0044CA00
 20:46:58.959 t201840004A0E4AF9F179
 20:46:58.959 t202861AB4A1AF2F9FDF9
 20:46:58.959 t2038824F4A0806A7955B
 20:46:58.960 t20480000400000000000
 20:46:58.960 t2058D18862027FFF5000
 20:46:59.059 t2008202A8A3E0044CA00
 20:46:59.059 t201840308A0EF2F9F179
 20:46:59.059 t2028624E8A1601F1FDFC
 20:46:59.060 t203882DC8A0800CC01FF
 20:46:59.060 t20480000800000000000
 20:46:59.060 t2058D188A2027FFF5000
 20:46:59.159 t2008202DCA3E0044CA00
 20:46:59.159 t2018424ECA0EF1F1F17C
 20:46:59.159 t2028624ECA1AF1F100FC
 20:46:59.159 t203882FCCA200257D5F8
 20:46:59.160 t20480000C00000000000
 20:46:59.160 t2058D188E2027FFF5000
 20:46:59.259 t2008202F0A3E0044CA00
 20:46:59.259 t201842FC0A0EF1F1F17B
 20:46:59.259 t20286000002AF2F900F9
 20:46:59.259 t203883400A203FF7DFFF
 20:46:59.260 t20480000000000000000
 20:46:59.260 t2058D18822027FFF5000
 20:46:59.359 t200820314A3E0044CA00
 20:46:59.359 t201840004A0E4AF9F179
 20:46:59.359 t202861AB4A1602F9FDF9
 20:46:59.360 t203882FC4A0802579DF2
 20:46:59.360 t20480000400000000000
 20:46:59.360 t2058D18862027FFF5000
 20:46:59.460 t200820348A3E0044CA00
 20:46:59.461 t201840308A0EF2F9F179
 20:46:59.461 t202861AB8A1AF2F9FDF9
 20:46:59.461 t203883408A083FF797FF
 20:46:59.461 t20480000800000000000
 20:46:59.461 t2058D188A2027FFF5000
 20:46:59.560 t20082037CA3E0044CA00
 20:46:59.561 t2018424ECA0EF1F1F17C
 20:46:59.561 t2028624ECA1601F1FDFC
 20:46:59.561 t20388031CA2203A7C1E4
 20:46:59.561 t20480000C00000000000
 20:46:59.561 t2058D188E2027FFF5000
 20:46:59.659 t2008203A0A3E0044CA00
 20:46:59.659 t201842FC0A0EF1F1F17B
 20:46:59.659 t2028624E0A1AF1F100FC
 20:46:59.659 t203880A10A220697960A
 20:46:59.659 t20480000000000000000
 20:46:59.659 t2058D18822027FFF5000
 20:46:59.759 t2008203C4A3E0044CA00
 20:46:59.759 t201840004A0E4AF9F179
 20:46:59.759 t20286000402AF2F900F9
 20:46:59.759 t203880314A0A03ABF6FA
 20:46:59.759 t20480000400000000000
 20:46:59.759 t2058D18862027FFF5000
 20:46:59.859 t2008203F8A3E0044CA00
 20:46:59.859 t201840308A0EF2F9F179
 20:46:59.859 t202861AB8A1602F9FDF9
 20:46:59.859 t203880A18A0A069BF702
 20:46:59.859 t20480000800000000000
 20:46:59.859 t2058D188A2027FFF5000
 20:46:59.959 t20082042CA3E0044CA00
 20:46:59.959 t2018424ECA0EF1F1F17C
 20:46:59.959 t202861ABCA1AF2F9FDF9
 20:46:59.959 t20388111CA2202380A02
 20:46:59.960 t20480000C00000000000
 20:46:59.960 t2058D188E2027FFF5000
 20:47:00.059 t200820450A3E0044CA00
 20:47:00.059 t201842FC0A0EF1F1F17B
 20:47:00.060 t2028624E0A1601F1FDFC
 20:47:00.060 t203881730A22038809FC
 20:47:00.060 t20480000000000000000
 20:47:00.060 t2058D18822027FFF5000
 20:47:00.159 t200820484A3E0044CA00
 20:47:00.159 t201840004A0E4AF9F179
 20:47:00.159 t2028624E4A1AF1F100FC
 20:47:00.159 t203881114A0A023ADE51
 20:47:00.159 t20480000400000000000
 20:47:00.160 t2058D18862027FFF5000
 20:47:00.260 t2008204A8A3E0044CA00
 20:47:00.260 t201840308A0EF2F9F179
 20:47:00.260 t20286000802AF2F900F9
 20:47:00.260 t203881738A0A038735F5
 20:47:00.260 t20480000800000000000
 20:47:00.260 t2058D188A2027FFF5000
 20:47:00.360 t2008204DCA3E0044CA00
 20:47:00.360 t2018424ECA0EF1F1F17C
 20:47:00.360 t202861ABCA1602F9FDF9
 20:47:00.360 t2038821FCA2200C7EA00
 20:47:00.361 t20480000C00000000000
 20:47:00.361 t2058D188E2027FFF5000
 20:47:00.460 t200820500A3E0044CA00
 20:47:00.460 t201842FC0A0EF1F1F17B
 20:47:00.460 t202861AB0A1AF2F9FDF9
 20:47:00.460 t2038824F0A2206A7F1F0
 20:47:00.460 t20480000000000000000
 20:47:00.461 t2058D18822027FFF5000
 20:47:00.560 t200820534A3E0044CA00
 20:47:00.560 t201840004A0E4AF9F179
 20:47:00.560 t2028624E4A1601F1FDFC
 20:47:00.560 t2038821F4A0A00C88225
 20:47:00.561 t20480000400000000000
 20:47:00.561 t2058D18862027FFF5000
 20:47:00.659 t200820558A3E0044CA00
 20:47:00.660 t201840308A0EF2F9F179
 20:47:00.660 t2028624E8A1AF1F100FC
 20:47:00.660 t2038824F8A0A06A7955B
 20:47:00.660 t20480000800000000000
 20:47:00.661 t2058D188A2027FFF5000
 20:47:00.759 t20082058CA3E0044CA00
 20:47:00.760 t2018424ECA0EF1F1F17C
 20:47:00.760 t20286000C02AF2F900F9
 20:47:00.760 t203882DCCA2200C7F5FE
 20:47:00.760 t20480000C00000000000
 20:47:00.761 t2058D188E2027FFF5000
 20:47:00.860 t2008205B0A3E0044CA00
 20:47:00.860 t201842FC0A0EF1F1F17B
 20:47:00.860 t202861AB0A1602F9FDF9
 20:47:00.860 t203882FC0A220257D5F8
 20:47:00.860 t20480000000000000000
 20:47:00.860 t2058D18822027FFF5000
 20:47:00.959 t2008205E4A3E0044CA00
 20:47:00.959 t201840004A0E4AF9F179
 20:47:00.959 t202861AB4A1AF2F9FDF9
 20:47:00.959 t203882DC4A0A00CC01FF
 20:47:00.960 t20480000400000000000
 20:47:00.960 t2058D18862027FFF5000
 20:47:01.059 t200820618A3E0044CA00
 20:47:01.060 t201840308A0EF2F9F179
 20:47:01.060 t2028624E8A1601F1FDFC
 20:47:01.060 t203882FC8A0A02579DF2
 20:47:01.060 t20480000800000000000
 20:47:01.060 t2058D188A2027FFF5000
 20:47:01.159 t20082063CA3E0044CA00
 20:47:01.160 t2018424ECA0EF1F1F17C
 20:47:01.160 t2028624ECA1AF1F100FC
 20:47:01.160 t20388340CA223FF7DFFF
 20:47:01.160 t20480000C00000000000
 20:47:01.160 t2058D188E2027FFF5000
 20:47:01.259 t200820660A3E0044CA00
 20:47:01.260 t201842FC0A0EF1F1F17B
 20:47:01.260 t20286000002AF2F900F9
 20:47:01.260 t203880310A2203A7C1E4
 20:47:01.260 t20480000000000000000
 20:47:01.260 t2058D18822027FFF5000
 20:47:01.359 t200820694A3E0044CA00
 20:47:01.359 t201840004A0E4AF9F179
 20:47:01.359 t202861AB4A1602F9FDF9
 20:47:01.359 t203883404A0A3FF797FF
 20:47:01.360 t20480000400000000000
 20:47:01.360 t2058D18862027FFF5000
 20:47:01.459 t2008206C8A3E0044CA00
 20:47:01.459 t201840308A0EF2F9F179
 20:47:01.460 t202861AB8A1AF2F9FDF9
 20:47:01.460 t203880318A0A03ABF6FA
 20:47:01.460 t20480000800000000000
 20:47:01.460 t2058D188A2027FFF5000
 20:47:01.559 t2008206ECA3E0044CA00
 20:47:01.560 t2018424ECA0EF1F1F17C
 20:47:01.560 t2028624ECA1601F1FDFC
 20:47:01.560 t203880A1CA220697960A
 20:47:01.560 t20480000C00000000000
 20:47:01.560 t2058D188E2027FFF5000
 20:47:01.659 t200820710A3E0044CA00
 20:47:01.659 t201842FC0A0EF1F1F17B
 20:47:01.659 t2028624E0A1AF1F100FC
 20:47:01.660 t203881110A2202380A02
 20:47:01.660 t20480000000000000000
 20:47:01.660 t2058D18822027FFF5000
 20:47:01.759 t200820744A3E0044CA00
 20:47:01.759 t201840004A0E4AF9F179
 20:47:01.759 t20286000402AF2F900F9
 20:47:01.760 t203880A14A0A069BF702
 20:47:01.760 t20480000400000000000
 20:47:01.760 t2058D18862027FFF5000
 20:47:01.859 t200820778A3E0044CA00
 20:47:01.859 t201840308A0EF2F9F179
 20:47:01.859 t202861AB8A1602F9FDF9
 20:47:01.860 t203881118A0A023ADE51
 20:47:01.860 t20480000800000000000
 20:47:01.860 t2058D188A2027FFF5000
 20:47:01.959 t2008207ACA3E0044CA00
 20:47:01.959 t2018424ECA0EF1F1F17C
 20:47:01.959 t202861ABCA1AF2F9FDF9
 20:47:01.960 t20388173CA22038809FC
 20:47:01.960 t20480000C00000000000
 20:47:01.960 t2058D188E2027FFF5000
 20:47:02.059 t2008207C0A3E0044CA00
 20:47:02.059 t201842FC0A0EF1F1F17B
 20:47:02.059 t2028624E0A1601F1FDFC
 20:47:02.060 t2038821F0A2200C7EA00
 20:47:02.060 t20480000000000000000
 20:47:02.060 t2058D18822027FFF5000
 20:47:02.159 t2008207F4A3E0044CA00
 20:47:02.159 t201840004A0E4AF9F179
 20:47:02.159 t2028624E4A1AF1F100FC
 20:47:02.159 t203881734A0A038735F5
 20:47:02.159 t20480000400000000000
 20:47:02.160 t2058D18862027FFF5000
 20:47:02.259 t200820828A3E0044CA00
 20:47:02.259 t201840308A0EF2F9F179
 20:47:02.259 t20286000802AF2F900F9
 20:47:02.259 t2038821F8A0A00C88225
 20:47:02.259 t20480000800000000000
 20:47:02.260 t2058D188A2027FFF5000
 20:47:02.359 t20082085CA3E0044CA00
 20:47:02.359 t2018424ECA0EF1F1F17C
 20:47:02.360 t202861ABCA1602F9FDF9
 20:47:02.360 t2038824FCA2206A7F1F0
 20:47:02.360 t20480000C00000000000
 20:47:02.360 t2058D188E2027FFF5000
 20:47:02.459 t200820870A3E0044CA00
 20:47:02.459 t201842FC0A0EF1F1F17B
 20:47:02.459 t202861AB0A1AF2F9FDF9
 20:47:02.460 t203882DC0A2200C7F5FE
 20:47:02.460 t20480000000000000000
 20:47:02.460 t2058D18822027FFF5000
 20:47:02.559 t2008208A4A3E0044CA00
 20:47:02.559 t201840004A0E4AF9F179
 20:47:02.559 t2028624E4A1601F1FDFC
 20:47:02.560 t2038824F4A0A06A7955B
 20:47:02.560 t20480000400000000000
 20:47:02.560 t2058D18862027FFF5000
 20:47:02.659 t2008208D8A3E0044CA00
 20:47:02.659 t201840308A0EF2F9F179
 20:47:02.659 t2028624E8A1AF1F100FC
 20:47:02.660 t203882DC8A0A00CC01FF
 20:47:02.660 t20480000800000000000
 20:47:02.660 t2058D188A2027FFF5000
 20:47:02.759 t20082090CA3E0044CA00
 20:47:02.759 t2018424ECA0EF1F1F17C
 20:47:02.759 t20286000C02AF2F900F9
 20:47:02.760 t203882FCCA220257D5F8
 20:47:02.760 t20480000C00000000000
 20:47:02.760 t2058D188E2027FFF5000
 20:47:02.868 t200820930A3E0044CA00
 20:47:02.868 t201842FC0A0EF1F1F17B
 20:47:02.868 t202861AB0A1602F9FDF9
 20:47:02.868 t203883400A223FF7DFFF
 20:47:02.868 t20480000000000000000
 20:47:02.868 t2058D18822027FFF5000
 20:47:02.959 t200820954A3E0044CA00
 20:47:02.959 t201840004A0E4AF9F179
 20:47:02.959 t202861AB4A1AF2F9FDF9
 20:47:02.959 t203882FC4A0A02579DF2
 20:47:02.959 t20480000400000000000
 20:47:02.959 t2058D18862027FFF5000
 20:47:03.059 t200820988A3E0044CA00
 20:47:03.059 t201840308A0EF2F9F179
 20:47:03.059 t2028624E8A1601F1FDFC
 20:47:03.059 t203883408A0A3FF797FF
 20:47:03.060 t20480000800000000000
 20:47:03.060 t2058D188A2027FFF5000
 20:47:03.159 t2008209BCA3E0044CA00
 20:47:03.159 t2018424ECA0EF1F1F17C
 20:47:03.159 t2028624ECA1AF1F100FC
 20:47:03.160 t20388031CA2203A7C1E4
 20:47:03.160 t20480000C00000000000
 20:47:03.160 t2058D188E2027FFF5000
 20:47:03.259 t2008209E0A3E0044CA00
 20:47:03.259 t201842FC0A0EF1F1F17B
 20:47:03.259 t20286000002AF2F900F9
 20:47:03.260 t203880A10A220697960A
 20:47:03.260 t20480000000000000000
 20:47:03.260 t2058D18822027FFF5000
 20:47:03.359 t200820A04A3E0044CA00
 20:47:03.359 t201840304A0EF2F9F179
 20:47:03.359 t202861AB4A1602F9FDF9
 20:47:03.359 t203880314A0A03ABF6FA
 20:47:03.360 t20480000400000000000
 20:47:03.360 t2058D18862027FFF5000
 20:47:03.459 t200820A38A3E0044CA00
 20:47:03.459 t2018424E8A0EF1F1F17C
 20:47:03.459 t202861AB8A1AF2F9FDF9
 20:47:03.459 t203880A18A0A069BF702
 20:47:03.459 t20480000800000000000
 20:47:03.460 t2058D188A2027FFF5000
 20:47:03.559 t200820A6CA3E0044CA00
 20:47:03.559 t201842FCCA0EF1F1F17B
 20:47:03.559 t2028624ECA1601F1FDFC
 20:47:03.559 t20388111CA2202380A02
 20:47:03.559 t20480000C00000000000
 20:47:03.559 t2058D188E2027FFF5000
 20:47:03.659 t200820A90A3E0044CA00
 20:47:03.659 t201840300A0EF2F9F179
 20:47:03.659 t2028624E0A1AF1F100FC
 20:47:03.659 t203881730A22038809FC
 20:47:03.659 t20480000000000000000
 20:47:03.660 t2058D18822027FFF5000
 20:47:03.759 t200820AC4A3E0044CA00
 20:47:03.759 t2018424E4A0EF1F1F17C
 20:47:03.759 t20286000402AF2F900F9
 20:47:03.759 t203881114A0A023ADE51
 20:47:03.759 t20480000400000000000
 20:47:03.760 t2058D18862027FFF5000
 20:47:03.859 t200820AE8A3E0044CA00
 20:47:03.859 t201842FC8A0EF1F1F17B
 20:47:03.859 t202861AB8A1602F9FDF9
 20:47:03.860 t203881738A0A038735F5
 20:47:03.860 t20480000800000000000
 20:47:03.860 t2058D188A2027FFF5000
 20:47:03.958 t200820B1CA3E0044CA00
 20:47:03.959 t20184030CA0EF2F9F179
 20:47:03.959 t202861ABCA1AF2F9FDF9
 20:47:03.959 t2038821FCA2200C7EA00
 20:47:03.959 t20480000C00000000000
 20:47:03.960 t2058D188E2027FFF5000
 20:47:04.059 t200820B40A3E0044CA00
 20:47:04.059 t2018424E0A0EF1F1F17C
 20:47:04.059 t2028624E0A1601F1FDFC
 20:47:04.059 t2038824F0A2206A7F1F0
 20:47:04.059 t20480000000000000000
 20:47:04.060 t2058D18822027FFF5000
 20:47:04.159 t200820B74A3E0044CA00
 20:47:04.159 t201842FC4A0EF1F1F17B
 20:47:04.160 t2028624E4A1AF1F100FC
 20:47:04.160 t2038821F4A0A00C88225
 20:47:04.160 t20480000400000000000
 20:47:04.160 t2058D18862027FFF5000
 20:47:04.259 t200820B98A3E0044CA00
 20:47:04.260 t201840308A0EF2F9F179
 20:47:04.260 t20286000802AF2F900F9
 20:47:04.260 t2038824F8A0A06A7955B
 20:47:04.260 t20480000800000000000
 20:47:04.260 t2058D188A2027FFF5000
 20:47:04.359 t200820BCCA3E0044CA00
 20:47:04.360 t2018424ECA0EF1F1F17C
 20:47:04.360 t202861ABCA1602F9FDF9
 20:47:04.360 t203882DCCA2200C7F5FE
 20:47:04.360 t20480000C00000000000
 20:47:04.361 t2058D188E2027FFF5000
 20:47:04.459 t200820BF0A3E0044CA00
 20:47:04.460 t201842FC0A0EF1F1F17B
 20:47:04.460 t202861AB0A1AF2F9FDF9
 20:47:04.460 t203882FC0A220257D5F8
 20:47:04.460 t20480000000000000000
 20:47:04.460 t2058D18822027FFF5000
 20:47:04.559 t200820C24A3E0044CA00
 20:47:04.560 t201840304A0EF2F9F179
 20:47:04.560 t2028624E4A1601F1FDFC
 20:47:04.560 t203882DC4A0A00CC01FF
 20:47:04.560 t20480000400000000000
 20:47:04.560 t2058D18862027FFF5000
 20:47:04.659 t200820C58A3E0044CA00
 20:47:04.660 t2018424E8A0EF1F1F17C
 20:47:04.660 t2028624E8A1AF1F100FC
 20:47:04.660 t203882FC8A0A02579DF2
 20:47:04.660 t20480000800000000000
 20:47:04.660 t2058D188A2027FFF5000
 20:47:04.759 t200820C7CA3E0044CA00
 20:47:04.760 t201842FCCA0EF1F1F17B
 20:47:04.760 t20286000C02AF2F900F9
 20:47:04.760 t20388340CA223FF7DFFF
 20:47:04.760 t20480000C00000000000
 20:47:04.760 t2058D188E2027FFF5000
 20:47:04.859 t200820CA0A3E0044CA00
 20:47:04.860 t201840300A0EF2F9F179
 20:47:04.860 t202861AB0A1602F9FDF9
 20:47:04.860 t203880310A2203A7C1E4
 20:47:04.860 t20480000000000000000
 20:47:04.860 t2058D18822027FFF5000
 20:47:04.959 t200820CD4A3E0044CA00
 20:47:04.959 t2018424E4A0EF1F1F17C
 20:47:04.959 t202861AB4A1AF2F9FDF9
 20:47:04.959 t203883404A0A3FF797FF
 20:47:04.960 t20480000400000000000
 20:47:04.960 t2058D18862027FFF5000
 20:47:05.060 t200820D08A3E0044CA00
 20:47:05.060 t201842FC8A0EF1F1F17B
 20:47:05.061 t2028624E8A1601F1FDFC
 20:47:05.061 t203880318A0A03ABF6FA
 20:47:05.061 t20480000800000000000
 20:47:05.061 t2058D188A2027FFF5000
 20:47:05.159 t200820D2CA3E0044CA00
 20:47:05.159 t20184030CA0EF2F9F179
 20:47:05.160 t2028624ECA1AF1F100FC
 20:47:05.160 t20388340CA200DD7DDF7
 20:47:05.160 t20480000C00000000000
 20:47:05.160 t2058D188E2027FFF5000
 20:47:05.259 t200820D50A3E0044CA00
 20:47:05.259 t2018424E0A0EF1F1F17C
 20:47:05.260 t20286000002AF2F900F9
 20:47:05.260 t203880A10A220697960A
 20:47:05.260 t20480000000000000000
 20:47:05.260 t2058D18822027FFF5000
 20:47:05.359 t200820D84A3E0044CA00
 20:47:05.360 t201842FC4A0EF1F1F17B
 20:47:05.360 t202861AB4A1602F9FDF9
 20:47:05.360 t203883404A080DD795E7
 20:47:05.360 t20480000400000000000
 20:47:05.360 t2058D18862027FFF5000
 20:47:05.460 t200820DB8A3E0044CA00
 20:47:05.461 t201840308A0EF2F9F179
 20:47:05.461 t202861AB8A1AF2F9FDF9
 20:47:05.461 t203880A18A0A069BF702
 20:47:05.461 t20480000800000000000
 20:47:05.461 t2058D188A2027FFF5000
 20:47:05.559 t200820DECA3E0044CA00
 20:47:05.559 t2018424ECA0EF1F1F17C
 20:47:05.560 t2028624ECA1601F1FDFC
 20:47:05.560 t20388111CA2202380A02
 20:47:05.560 t20480000C00000000000
 20:47:05.560 t2058D188E2027FFF5000
 20:47:05.659 t200820E00A3E0044CA00
 20:47:05.659 t201842FC0A0EF1F1F17B
 20:47:05.659 t2028624E0A1AF1F100FC
 20:47:05.659 t203881730A22038809FC
 20:47:05.659 t20480000000000000000
 20:47:05.659 t2058D18822027FFF5000
 20:47:05.759 t200820E34A3E0044CA00
 20:47:05.759 t201840304A0EF2F9F179
 20:47:05.759 t20286000402AF2F900F9
 20:47:05.760 t203881114A0A023ADE51
 20:47:05.760 t20480000400000000000
 20:47:05.760 t2058D18862027FFF5000
 20:47:05.859 t200820E68A3E0044CA00
 20:47:05.859 t2018424E8A0EF1F1F17C
 20:47:05.859 t202861AB8A1602F9FDF9
 20:47:05.860 t203881738A0A038735F5
 20:47:05.860 t20480000800000000000
 20:47:05.860 t2058D188A2027FFF5000
 20:47:05.959 t200820E9CA3E0044CA00
 20:47:05.959 t201842FCCA0EF1F1F17B
 20:47:05.959 t202861ABCA1AF2F9FDF9
 20:47:05.960 t2038821FCA2200C7EA00
 20:47:05.960 t20480000C00000000000
 20:47:05.960 t2058D188E2027FFF5000
 20:47:06.059 t200820EB0A3E0044CA00
 20:47:06.060 t201840300A0EF2F9F179
 20:47:06.060 t2028624E0A1601F1FDFC
 20:47:06.060 t2038824F0A2206A7F1F0
 20:47:06.060 t20480000000000000000
 20:47:06.061 t2058D18822027FFF5000
 20:47:06.159 t200820EE4A3E0044CA00
 20:47:06.159 t2018424E4A0EF1F1F17C
 20:47:06.159 t2028624E4A1AF1F100FC
 20:47:06.159 t2038821F4A0A00C88225
 20:47:06.160 t20480000400000000000
 20:47:06.160 t2058D18862027FFF5000
 20:47:06.259 t200820F18A3E0044CA00
 20:47:06.260 t201842FC8A0EF1F1F17B
 20:47:06.260 t20286000802AF2F900F9
 20:47:06.260 t2038824F8A0A06A7955B
 20:47:06.260 t20480000800000000000
 20:47:06.260 t2058D188A2027FFF5000
 20:47:06.359 t200820F4CA3E0044CA00
 20:47:06.359 t20184030CA0EF2F9F179
 20:47:06.359 t202861ABCA1602F9FDF9
 20:47:06.359 t203882DCCA2200C7F5FE
 20:47:06.360 t20480000C00000000000
 20:47:06.360 t2058D188E2027FFF5000
 20:47:06.459 t200820F70A3E0044CA00
 20:47:06.459 t2018424E0A0EF1F1F17C
 20:47:06.459 t202861AB0A1AF2F9FDF9
 20:47:06.460 t203882FC0A220257D5F8
 20:47:06.460 t20480000000000000000
 20:47:06.460 t2058D18822027FFF5000
 20:47:06.559 t200820F94A3E0044CA00
 20:47:06.559 t201842FC4A0EF1F1F17B
 20:47:06.559 t2028624E4A1601F1FDFC
 20:47:06.559 t203882DC4A0A00CC01FF
 20:47:06.560 t20480000400000000000
 20:47:06.560 t2058D18862027FFF5000
 20:47:06.659 t200820FC8A3E0044CA00
 20:47:06.659 t201840308A0EF2F9F179
 20:47:06.659 t2028624E8A1AF1F100FC
 20:47:06.660 t203882FC8A0A02579DF2
 20:47:06.660 t20480000800000000000
 20:47:06.660 t2058D188A2027FFF5000
 20:47:06.759 t200820FFCA3E0044CA00
 20:47:06.759 t2018424ECA0EF1F1F17C
 20:47:06.759 t20286000C02AF2F900F9
 20:47:06.759 t20388340CA220DD7DDF7
 20:47:06.759 t20480000C00000000000
 20:47:06.759 t2058D188E2027FFF5000
 20:47:06.859 t200821020A3E0044CA00
 20:47:06.860 t201842FC0A0EF1F1F17B
 20:47:06.860 t202861AB0A1602F9FDF9
 20:47:06.860 t203880A10A220697960A
 20:47:06.860 t20480000000000000000
 20:47:06.860 t2058D18822027FFF5000
 20:47:06.959 t200821044A3E0044CA00
 20:47:06.959 t201840304A0EF2F9F179
 20:47:06.959 t202861AB4A1AF2F9FDF9
 20:47:06.959 t203883404A0A0DD795E7
 20:47:06.960 t20480000400000000000
 20:47:06.960 t2058D18862027FFF5000
 20:47:07.059 t200821078A3E0044CA00
 20:47:07.059 t2018424E8A0EF1F1F17C
 20:47:07.059 t2028624E8A1601F1FDFC
 20:47:07.059 t203880A18A0A069BF702
 20:47:07.060 t20480000800000000000
 20:47:07.060 t2058D188A2027FFF5000
 20:47:07.159 t2008210ACA3E0044CA00
 20:47:07.159 t201842FCCA0EF1F1F17B
 20:47:07.159 t2028624ECA1AF1F100FC
 20:47:07.160 t20388111CA2202380A02
 20:47:07.160 t20480000C00000000000
 20:47:07.160 t2058D188E2027FFF5000
 20:47:07.259 t2008210D0A3E0044CA00
 20:47:07.259 t201840300A0EF2F9F179
 20:47:07.259 t20286000002AF2F900F9
 20:47:07.259 t203881730A22038809FC
 20:47:07.259 t20480000000000000000
 20:47:07.260 t2058D18822027FFF5000
 20:47:07.359 t200821104A3E0044CA00
 20:47:07.359 t2018424E4A0EF1F1F17C
 20:47:07.359 t202861AB4A1602F9FDF9
 20:47:07.359 t203881114A0A023ADE51
 20:47:07.360 t20480000400000000000
 20:47:07.360 t2058D18862027FFF5000
 20:47:07.459 t200821138A3E0044CA00
 20:47:07.459 t201842FC8A0EF1F1F17B
 20:47:07.460 t202861AB8A1AF2F9FDF9
 20:47:07.460 t203881738A0A038735F5
 20:47:07.460 t20480000800000000000
 20:47:07.460 t2058D188A2027FFF5000
 20:47:07.559 t20082115CA3E0044CA00
 20:47:07.559 t20184030CA0EF2F9F179
 20:47:07.559 t2028624ECA1601F1FDFC
 20:47:07.559 t2038821FCA2200C7EA00
 20:47:07.560 t20480000C00000000000
 20:47:07.560 t2058D188E2027FFF5000
 20:47:07.658 t200821180A3E0044CA00
 20:47:07.659 t2018424E0A0EF1F1F17C
 20:47:07.659 t2028624E0A1AF1F100FC
 20:47:07.659 t2038824F0A2206A7F1F0
 20:47:07.659 t20480000000000000000
 20:47:07.660 t2058D18822027FFF5000
 20:47:07.759 t2008211B4A3E0044CA00
 20:47:07.759 t201842FC4A0EF1F1F17B
 20:47:07.759 t20286000402AF2F900F9
 20:47:07.759 t203882DC4A2200C7F5FE
 20:47:07.759 t20480000400000000000
 20:47:07.760 t2058D18862027FFF5000
 20:47:07.859 t2008211E8A3E0044CA00
 20:47:07.859 t201840308A0EF2F9F179
 20:47:07.859 t202861AB8A1602F9FDF9
 20:47:07.860 t203882FC8A220257D5F8
 20:47:07.860 t20480000800000000000
 20:47:07.860 t2058D188A2027FFF5000
 20:47:07.959 t20082121CA3E0044CA00
 20:47:07.959 t2018424ECA0EF1F1F17C
 20:47:07.959 t202861ABCA1AF2F9FDF9
 20:47:07.959 t20388340CA220DD7DDF7
 20:47:07.960 t20480000C00000000000
 20:47:07.960 t2058D188E2027FFF5000
 20:47:08.059 t200821230A3E0044CA00
 20:47:08.059 t201842FC0A0EF1F1F17B
 20:47:08.059 t2028624E0A1601F1FDFC
 20:47:08.059 t203880A10A220697960A
 20:47:08.059 t20480000000000000000
 20:47:08.060 t2058D18822027FFF5000
 20:47:08.159 t200821264A3E0044CA00
 20:47:08.159 t201840304A0EF2F9F179
 20:47:08.159 t2028624E4A1AF1F100FC
 20:47:08.159 t203881114A2202380A02
 20:47:08.160 t20480000400000000000
 20:47:08.160 t2058D18862027FFF5000
 20:47:08.258 t200821298A3E0044CA00
 20:47:08.258 t2018424E8A0EF1F1F17C
 20:47:08.258 t20286000802AF2F900F9
 20:47:08.259 t203881738A22038809FC
 20:47:08.259 t20480000800000000000
 20:47:08.259 t2058D188A2027FFF5000
 20:47:08.359 t2008212CCA3E0044CA00
 20:47:08.360 t201842FCCA0EF1F1F17B
 20:47:08.360 t202861ABCA1602F9FDF9
 20:47:08.360 t2038821FCA2200C7EA00
 20:47:08.360 t20480000C00000000000
 20:47:08.360 t2058D188E2027FFF5000
 20:47:08.459 t2008212E0A3E0044CA00
 20:47:08.460 t201840300A0EF2F9F179
 20:47:08.460 t202861AB0A1AF2F9FDF9
 20:47:08.460 t2038824F0A2206A7F1F0
 20:47:08.460 t20480000000000000000
 20:47:08.460 t2058D18822027FFF5000
 20:47:08.559 t200821314A3E0044CA00
 20:47:08.560 t2018424E4A0EF1F1F17C
 20:47:08.560 t2028624E4A1601F1FDFC
 20:47:08.560 t203882DC4A2200C7F5FE
 20:47:08.560 t20480000400000000000
 20:47:08.560 t2058D18862027FFF5000
 20:47:08.659 t200821348A3E0044CA00
 20:47:08.660 t201842FC8A0EF1F1F17B
 20:47:08.660 t2028624E8A1AF1F100FC
 20:47:08.660 t203882FC8A220257D5F8
 20:47:08.660 t20480000800000000000
 20:47:08.660 t2058D188A2027FFF5000
 20:47:08.760 t20082137CA3E0044CA00
 20:47:08.760 t20184030CA0EF2F9F179
 20:47:08.761 t20286000C02AF2F900F9
 20:47:08.761 t20388340CA220DD7DDF7
 20:47:08.761 t20480000C00000000000
 20:47:08.761 t2058D188E2027FFF5000
 20:47:08.859 t2008213A0A3E0044CA00
 20:47:08.860 t2018424E0A0EF1F1F17C
 20:47:08.860 t202861AB0A1602F9FDF9
 20:47:08.860 t203880A10A220697960A
 20:47:08.860 t20480000000000000000
 20:47:08.860 t2058D18822027FFF5000
 20:47:08.959 t2008213C4A3E0044CA00
 20:47:08.959 t201842FC4A0EF1F1F17B
 20:47:08.959 t202861AB4A1AF2F9FDF9
 20:47:08.959 t203881114A2202380A02
 20:47:08.959 t20480000400000000000
 20:47:08.960 t2058D18862027FFF5000
 20:47:09.059 t2008213F8A3E0044CA00
 20:47:09.059 t201840308A0EF2F9F179
 20:47:09.060 t2028624E8A1601F1FDFC
 20:47:09.060 t203881738A22038809FC
 20:47:09.060 t20480000800000000000
 20:47:09.060 t2058D188A2027FFF5000
 20:47:09.159 t20082142CA3E0044CA00
 20:47:09.160 t2018424ECA0EF1F1F17C
 20:47:09.160 t2028624ECA1AF1F100FC
 20:47:09.160 t2038821FCA2200C7EA00
 20:47:09.160 t20480000C00000000000
 20:47:09.160 t2058D188E2027FFF5000
 20:47:09.259 t200821450A3E0044CA00
 20:47:09.259 t201842FC0A0EF1F1F17B
 20:47:09.260 t20286000002AF2F900F9
 20:47:09.260 t2038824F0A2206A7F1F0
 20:47:09.260 t20480000000000000000
 20:47:09.260 t2058D18822027FFF5000
 20:47:09.359 t200821474A3E0044CA00
 20:47:09.359 t2018452E4A0CF1F1F17C
 20:47:09.360 t202861AB4A1602F9FDF9
 20:47:09.360 t203882DC4A2200C7F5FE
 20:47:09.360 t20480000400000000000
 20:47:09.360 t2058D18862027FFF5000
 20:47:09.461 t2008214A8A3E0044CA00
 20:47:09.461 t201840308A0EF2F9F179
 20:47:09.462 t202861AB8A1AF2F9FDF9
 20:47:09.462 t203882FC8A220257D5F8
 20:47:09.462 t20480000800000000000
 20:47:09.462 t2058D188A2027FFF5000
 20:47:09.561 t2008214DCA3E0044CA00
 20:47:09.562 t2018424ECA0EF1F1F17C
 20:47:09.562 t2028624ECA1601F1FDFC
 20:47:09.562 t20388340CA220DD7DDF7
 20:47:09.562 t20480000C00000000000
 20:47:09.562 t2058D188E2027FFF5000
 20:47:09.659 t200821500A3E0044CA00
 20:47:09.659 t201842FC0A0EF1F1F17B
 20:47:09.659 t2028624E0A1AF1F100FC
 20:47:09.659 t203880A10A220697960A
 20:47:09.659 t20480000000000000000
 20:47:09.660 t2058D18822027FFF5000
 20:47:09.759 t200821534A3E0044CA00
 20:47:09.759 t2018452E4A0EF1F1F17C
 20:47:09.759 t20286000402AF2F900F9
 20:47:09.760 t203881114A2202380A02
 20:47:09.760 t20480000400000000000
 20:47:09.760 t2058D18862027FFF5000
 20:47:09.859 t200821558A3E0044CA00
 20:47:09.859 t201840308A0EF2F9F179
 20:47:09.859 t202861AB8A1602F9FDF9
 20:47:09.859 t203881738A22038809FC
 20:47:09.859 t20480000800000000000
 20:47:09.859 t2058D188A2027FFF5000
 20:47:09.959 t20082158CA3E0044CA00
 20:47:09.959 t2018424ECA0EF1F1F17C
 20:47:09.959 t202861ABCA1AF2F9FDF9
 20:47:09.960 t2038821FCA2200C7EA00
 20:47:09.960 t20480000C00000000000
 20:47:09.960 t2058D188E2027FFF5000
 20:47:10.059 t2008215B0A3E0044CA00
 20:47:10.059 t201842FC0A0EF1F1F17B
 20:47:10.059 t2028624E0A1601F1FDFC
 20:47:10.060 t2038824F0A2206A7F1F0
 20:47:10.060 t20480000000000000000
 20:47:10.060 t2058D18822027FFF5000
 20:47:10.159 t2008215E4A3E0044CA00
 20:47:10.160 t2018452E4A0EF1F1F17C
 20:47:10.160 t2028624E4A1AF1F100FC
 20:47:10.160 t203882DC4A2200C7F5FE
 20:47:10.160 t20480000400000000000
 20:47:10.160 t2058D18862027FFF5000
 20:47:10.259 t200821608A3E0044CA00
 20:47:10.259 t201840308A0EF2F9F179
 20:47:10.260 t20286000802AF2F900F9
 20:47:10.260 t203882FC8A220257D5F8
 20:47:10.260 t20480000800000000000
 20:47:10.260 t2058D188A2027FFF5000
 20:47:10.359 t20082163CA3E0044CA00
 20:47:10.359 t2018424ECA0EF1F1F17C
 20:47:10.359 t202861ABCA1602F9FDF9
 20:47:10.359 t20388340CA220DD7DDF7
 20:47:10.359 t20480000C00000000000
 20:47:10.359 t2058D188E2027FFF5000
 20:47:10.459 t200821660A3E0044CA00
 20:47:10.459 t201842FC0A0EF1F1F17B
 20:47:10.459 t202861AB0A1AF2F9FDF9
 20:47:10.460 t203880A10A220697960A
 20:47:10.460 t20480000000000000000
 20:47:10.460 t2058D18822027FFF5000
 20:47:10.559 t200821694A3E0044CA00
 20:47:10.559 t2018452E4A0EF1F1F17C
 20:47:10.559 t2028624E4A1601F1FDFC
 20:47:10.560 t203881114A2202380A02
 20:47:10.560 t20480000400000000000
 20:47:10.560 t2058D18862027FFF5000
 20:47:10.659 t2008216C8A3E0044CA00
 20:47:10.659 t201840308A0EF2F9F179
 20:47:10.659 t2028624E8A1AF1F100FC
 20:47:10.660 t203881738A22038809FC
 20:47:10.660 t20480000800000000000
 20:47:10.660 t2058D188A2027FFF5000
 20:47:10.759 t2008216ECA3E0044CA00
 20:47:10.759 t2018424ECA0EF1F1F17C
 20:47:10.759 t20286000C02AF2F900F9
 20:47:10.760 t2038821FCA2200C7EA00
 20:47:10.760 t20480000C00000000000
 20:47:10.760 t2058D188E2027FFF5000
 20:47:10.859 t200821710A3E0044CA00
 20:47:10.859 t201842FC0A0EF1F1F17B
 20:47:10.859 t202861AB0A1602F9FDF9
 20:47:10.859 t2038824F0A2206A7F1F0
 20:47:10.860 t20480000000000000000
 20:47:10.860 t2058D18822027FFF5000
 20:47:10.959 t200821744A3E0044CA00
 20:47:10.959 t2018452E4A0EF1F1F17C
 20:47:10.959 t202861AB4A1AF2F9FDF9
 20:47:10.960 t203882DC4A2200C7F5FE
 20:47:10.960 t20480000400000000000
 20:47:10.960 t2058D18862027FFF5000
 20:47:11.059 t200821778A3E0044CA00
 20:47:11.059 t201840308A0EF2F9F179
 20:47:11.059 t2028624E8A1601F1FDFC
 20:47:11.060 t203882FC8A220257D5F8
 20:47:11.060 t20480000800000000000
 20:47:11.060 t2058D188A2027FFF5000
 20:47:11.159 t20082179CA3E0044CA00
 20:47:11.159 t2018424ECA0EF1F1F17C
 20:47:11.159 t2028624ECA1AF1F100FC
 20:47:11.159 t20388340CA220DD7DDF7
 20:47:11.160 t20480000C00000000000
 20:47:11.160 t2058D188E2027FFF5000
 20:47:11.259 t2008217C0A3E0044CA00
 20:47:11.259 t201842FC0A0EF1F1F17B
 20:47:11.259 t20286000002AF2F900F9
 20:47:11.260 t203880A10A220697960A
 20:47:11.260 t20480000000000000000
 20:47:11.260 t2058D18822027FFF5000
 20:47:11.359 t2008217F4A3E0044CA00
 20:47:11.359 t2018452E4A0EF1F1F17C
 20:47:11.359 t202861AB4A1602F9FDF9
 20:47:11.359 t203881114A2202380A02
 20:47:11.359 t20480000400000000000
 20:47:11.360 t2058D18862027FFF5000
 20:47:11.459 t200821828A3E0044CA00
 20:47:11.459 t201840308A0EF2F9F179
 20:47:11.459 t202861AB8A1AF2F9FDF9
 20:47:11.459 t203881738A22038809FC
 20:47:11.460 t20480000800000000000
 20:47:11.460 t2058D188A2027FFF5000
 20:47:11.559 t20082185CA3E0044CA00
 20:47:11.559 t2018424ECA0EF1F1F17C
 20:47:11.559 t2028624ECA1601F1FDFC
 20:47:11.559 t2038821FCA2200C7EA00
 20:47:11.559 t20480000C00000000000
 20:47:11.559 t2058D188E2027FFF5000
 20:47:11.658 t200821870A3E0044CA00
 20:47:11.658 t201842FC0A0EF1F1F17B
 20:47:11.659 t2028624E0A1AF1F100FC
 20:47:11.659 t2038824F0A2206A7F1F0
 20:47:11.659 t20480000000000000000
 20:47:11.659 t2058D18822027FFF5000
 20:47:11.758 t2008218A4A3E0044CA00
 20:47:11.758 t2018452E4A0EF1F1F17C
 20:47:11.759 t20286000402AF2F900F9
 20:47:11.759 t203882DC4A2200C7F5FE
 20:47:11.759 t20480000400000000000
 20:47:11.759 t2058D18862027FFF5000
 20:47:11.858 t2008218D8A3E0044CA00
 20:47:11.858 t201840308A0EF2F9F179
 20:47:11.859 t202861AB8A1602F9FDF9
 20:47:11.859 t203882FC8A220257D5F8
 20:47:11.859 t20480000800000000000
 20:47:11.859 t2058D188A2027FFF5000
 20:47:11.958 t20082190CA3E0044CA00
 20:47:11.959 t2018424ECA0EF1F1F17C
 20:47:11.959 t202861ABCA1AF2F9FDF9
 20:47:11.959 t20388340CA220DD7DDF7
 20:47:11.959 t20480000C00000000000
 20:47:11.959 t2058D188E2027FFF5000
 20:47:12.058 t200821920A3E0044CA00
 20:47:12.059 t201842FC0A0EF1F1F17B
 20:47:12.059 t2028624E0A1601F1FDFC
 20:47:12.059 t203881110A2202380A02
 20:47:12.059 t20480000000000000000
 20:47:12.059 t2058D18822027FFF5000
 20:47:12.159 t200821954A3E0044CA00
 20:47:12.160 t2018452E4A0EF1F1F17C
 20:47:12.160 t2028624E4A1AF1F100FC
 20:47:12.160 t203881734A22038809FC
 20:47:12.160 t20480000400000000000
 20:47:12.160 t2058D18862027FFF5000
 20:47:12.259 t200821988A3E0044CA00
 20:47:12.260 t201840308A0EF2F9F179
 20:47:12.260 t20286000802AF2F900F9
 20:47:12.260 t2038821F8A2200C7EA00
 20:47:12.260 t20480000800000000000
 20:47:12.260 t2058D188A2027FFF5000
 20:47:12.358 t2008219BCA3E0044CA00
 20:47:12.359 t2018424ECA0EF1F1F17C
 20:47:12.359 t202861ABCA1602F9FDF9
 20:47:12.359 t2038824FCA2206A7F1F0
 20:47:12.359 t20480000C00000000000
 20:47:12.359 t2058D188E2027FFF5000
 20:47:12.459 t2008219E0A3E0044CA00
 20:47:12.460 t201842FC0A0EF1F1F17B
 20:47:12.460 t202861AB0A1AF2F9FDF9
 20:47:12.460 t203882DC0A2200C7F5FE
 20:47:12.460 t20480000000000000000
 20:47:12.460 t2058D18822027FFF5000
 20:47:12.559 t200821A04A3E0044CA00
 20:47:12.560 t2018452E4A0EF1F1F17C
 20:47:12.560 t2028624E4A1601F1FDFC
 20:47:12.560 t203882FC4A220257D5F8
 20:47:12.560 t20480000400000000000
 20:47:12.560 t2058D18862027FFF5000
 20:47:12.659 t200821A38A3E0044CA00
 20:47:12.660 t201840308A0EF2F9F179
 20:47:12.660 t2028624E8A1AF1F100FC
 20:47:12.660 t203883408A220DD7DDF7
 20:47:12.660 t20480000800000000000
 20:47:12.660 t2058D188A2027FFF5000
 20:47:12.759 t200821A6CA3E0044CA00
 20:47:12.759 t2018424ECA0EF1F1F17C
 20:47:12.759 t20286000C02AF2F900F9
 20:47:12.759 t20388111CA2202380A02
 20:47:12.759 t20480000C00000000000
 20:47:12.760 t2058D188E2027FFF5000
 20:47:12.861 t200821A90A3E0044CA00
 20:47:12.861 t201842FC0A0EF1F1F17B
 20:47:12.861 t202861AB0A1602F9FDF9
 20:47:12.861 t203881730A22038809FC
 20:47:12.861 t20480000000000000000
 20:47:12.861 t2058D18822027FFF5000
 20:47:12.959 t200821AC4A3E0044CA00
 20:47:12.959 t2018452E4A0EF1F1F17C
 20:47:12.959 t202861AB4A1AF2F9FDF9
 20:47:12.959 t2038821F4A2200C7EA00
 20:47:12.959 t20480000400000000000
 20:47:12.960 t2058D18862027FFF5000
 20:47:13.059 t200821AF8A3E0044CA00
 20:47:13.059 t201840308A0EF2F9F179
 20:47:13.060 t2028624E8A1601F1FDFC
 20:47:13.060 t2038824F8A2206A7F1F0
 20:47:13.060 t20480000800000000000
 20:47:13.060 t2058D188A2027FFF5000
 20:47:13.159 t200821B1CA3E0044CA00
 20:47:13.159 t2018424ECA0EF1F1F17C
 20:47:13.160 t2028624ECA1AF1F100FC
 20:47:13.160 t203882DCCA2200C7F5FE
 20:47:13.160 t20480000C00000000000
 20:47:13.160 t2058D188E2027FFF5000
 20:47:13.259 t200821B40A3E0044CA00
 20:47:13.259 t201842FC0A0EF1F1F17B
 20:47:13.260 t20286000002AF2F900F9
 20:47:13.260 t203882FC0A220257D5F8
 20:47:13.260 t20480000000000000000
 20:47:13.260 t2058D18822027FFF5000
 20:47:13.359 t200821B74A3E0044CA00
 20:47:13.359 t2018452E4A0EF1F1F17C
 20:47:13.360 t202861AB4A1602F9FDF9
 20:47:13.360 t203883404A220DD7DDF7
 20:47:13.360 t20480000400000000000
 20:47:13.360 t2058D18862027FFF5000
 20:47:13.460 t200821BA8A3E0044CA00
 20:47:13.461 t201840308A0EF2F9F179
 20:47:13.461 t202861AB8A1AF2F9FDF9
 20:47:13.461 t203881118A2202380A02
 20:47:13.461 t20480000800000000000
 20:47:13.462 t2058D188A2027FFF5000
 20:47:13.559 t200821BCCA3E0044CA00
 20:47:13.560 t2018424ECA0EF1F1F17C
 20:47:13.560 t2028624ECA1601F1FDFC
 20:47:13.560 t2038852ECA203FF7E3FF
 20:47:13.560 t20480000C00000000000
 20:47:13.560 t2058D188E2027FFF5000
 20:47:13.659 t200821BF0A3E0044CA00
 20:47:13.659 t201842FC0A0EF1F1F17B
 20:47:13.659 t2028624E0A1AF1F100FC
 20:47:13.660 t203881730A22038809FC
 20:47:13.660 t20480000000000000000
 20:47:13.660 t2058D18822027FFF5000
 20:47:13.761 t200821C24A3E0044CA00
 20:47:13.761 t2018452E4A0EF1F1F17C
 20:47:13.761 t20286000402AF2F900F9
 20:47:13.761 t2038821F4A2200C7EA00
 20:47:13.761 t20480000400000000000
 20:47:13.762 t2058D18862027FFF5000
 20:47:13.859 t200821C58A3E0044CA00
 20:47:13.860 t201840308A0EF2F9F179
 20:47:13.860 t202861AB8A1602F9FDF9
 20:47:13.860 t2038824F8A2206A7F1F0
 20:47:13.860 t20480000800000000000
 20:47:13.860 t2058D188A2027FFF5000
 20:47:13.959 t200821C8CA3E0044CA00
 20:47:13.959 t2018424ECA0EF1F1F17C
 20:47:13.959 t202861ABCA1AF2F9FDF9
 20:47:13.960 t203882DCCA2200C7F5FE
 20:47:13.960 t20480000C00000000000
 20:47:13.960 t2058D188E2027FFF5000
 20:47:14.059 t200821CA0A3E0044CA00
 20:47:14.059 t201842FC0A0EF1F1F17B
 20:47:14.059 t2028624E0A1601F1FDFC
 20:47:14.060 t203882FC0A220257D5F8
 20:47:14.060 t20480000000000000000
 20:47:14.060 t2058D18822027FFF5000
 20:47:14.159 t200821CD4A3E0044CA00
 20:47:14.159 t2018452E4A0EF1F1F17C
 20:47:14.159 t2028624E4A1AF1F100FC
 20:47:14.160 t203883404A220DD7DDF7
 20:47:14.160 t20480000400000000000
 20:47:14.160 t2058D18862027FFF5000
 20:47:14.259 t200821D08A3E0044CA00
 20:47:14.259 t201840308A0EF2F9F179
 20:47:14.259 t20286000802AF2F900F9
 20:47:14.259 t2038852E8A223FF7E3FF
 20:47:14.259 t20480000800000000000
 20:47:14.259 t2058D188A2027FFF5000
 20:47:14.359 t200821D3CA3E0044CA00
 20:47:14.359 t2018424ECA0EF1F1F17C
 20:47:14.359 t202861ABCA1602F9FDF9
 20:47:14.359 t20388173CA22038809FC
 20:47:14.359 t20480000C00000000000
 20:47:14.359 t2058D188E2027FFF5000
 20:47:14.459 t200821D50A3E0044CA00
 20:47:14.459 t201842FC0A0EF1F1F17B
 20:47:14.459 t202861AB0A1AF2F9FDF9
 20:47:14.460 t2038821F0A2200C7EA00
 20:47:14.460 t20480000000000000000
 20:47:14.460 t2058D18822027FFF5000
 20:47:14.559 t200821D84A3E0044CA00
 20:47:14.559 t2018452E4A0EF1F1F17C
 20:47:14.559 t2028624E4A1601F1FDFC
 20:47:14.560 t2038824F4A2206A7F1F0
 20:47:14.560 t20480000400000000000
 20:47:14.560 t2058D18862027FFF5000
 20:47:14.659 t200821DB8A3E0044CA00
 20:47:14.659 t201840308A0EF2F9F179
 20:47:14.659 t2028624E8A1AF1F100FC
 20:47:14.659 t203882DC8A2200C7F5FE
 20:47:14.660 t20480000800000000000
 20:47:14.660 t2058D188A2027FFF5000
 20:47:14.759 t200821DECA3E0044CA00
 20:47:14.759 t2018424ECA0EF1F1F17C
 20:47:14.760 t20286000C02AF2F900F9
 20:47:14.760 t203882FCCA220257D5F8
 20:47:14.760 t20480000C00000000000
 20:47:14.760 t2058D188E2027FFF5000
 20:47:14.863 t200821E10A3E0044CA00
 20:47:14.863 t201842FC0A0EF1F1F17B
 20:47:14.863 t202861AB0A1602F9FDF9
 20:47:14.863 t203883400A220DD7DDF7
 20:47:14.864 t20480000000000000000
 20:47:14.864 t2058D18822027FFF5000
 20:47:14.958 t200821E34A3E0044CA00
 20:47:14.959 t2018452E4A0EF1F1F17C
 20:47:14.959 t202861AB4A1AF2F9FDF9
 20:47:14.959 t2038852E4A223FF7E3FF
 20:47:14.959 t20480000400000000000
 20:47:14.959 t2058D18862027FFF5000
 20:47:15.059 t200821E68A3E0044CA00
 20:47:15.059 t201840308A0EF2F9F179
 20:47:15.059 t2028624E8A1601F1FDFC
 20:47:15.059 t203881738A22038809FC
 20:47:15.060 t20480000800000000000
 20:47:15.060 t2058D188A2027FFF5000
 20:47:15.159 t200821E9CA3E0044CA00
 20:47:15.159 t2018424ECA0EF1F1F17C
 20:47:15.159 t2028624ECA1AF1F100FC
 20:47:15.159 t2038821FCA2200C7EA00
 20:47:15.159 t20480000C00000000000
 20:47:15.160 t2058D188E2027FFF5000
 20:47:15.259 t200821EC0A3E0044CA00
 20:47:15.259 t201842FC0A0EF1F1F17B
 20:47:15.259 t20286000002AF2F900F9
 20:47:15.259 t2038824F0A2206A7F1F0
 20:47:15.260 t20480000000000000000
 20:47:15.260 t2058D18822027FFF5000
 20:47:15.358 t200821EE4A3E0044CA00
 20:47:15.358 t2018452E4A0EF1F1F17C
 20:47:15.359 t202861AB4A1602F9FDF9
 20:47:15.359 t203882DC4A2200C7F5FE
 20:47:15.359 t20480000400000000000
 20:47:15.359 t2058D18862027FFF5000
 20:47:15.459 t200821F18A3E0044CA00
 20:47:15.459 t201840308A0EF2F9F179
 20:47:15.459 t202861AB8A1AF2F9FDF9
 20:47:15.459 t203882FC8A220257D5F8
 20:47:15.459 t20480000800000000000
 20:47:15.459 t2058D188A2027FFF5000
 20:47:15.559 t200821F4CA3E0044CA00
 20:47:15.559 t2018424ECA0EF1F1F17C
 20:47:15.559 t2028624ECA1601F1FDFC
 20:47:15.560 t20388340CA220DD7DDF7
 20:47:15.560 t20480000C00000000000
 20:47:15.560 t2058D188E2027FFF5000
 20:47:15.658 t200821F70A3E0044CA00
 20:47:15.659 t201842FC0A0EF1F1F17B
 20:47:15.659 t2028624E0A1AF1F100FC
 20:47:15.659 t2038852E0A223FF7E3FF
 20:47:15.659 t20480000000000000000
 20:47:15.659 t2058D18822027FFF5000
 20:47:15.758 t200821FA4A3E0044CA00
 20:47:15.759 t2018452E4A0EF1F1F17C
 20:47:15.759 t20286000402AF2F900F9
 20:47:15.759 t203881734A22038809FC
 20:47:15.759 t20480000400000000000
 20:47:15.760 t2058D18862027FFF5000
 20:47:15.858 t200821FC8A3E0044CA00
 20:47:15.859 t201840308A0EF2F9F179
 20:47:15.859 t202861AB8A1602F9FDF9
 20:47:15.859 t2038821F8A2200C7EA00
 20:47:15.859 t20480000800000000000
 20:47:15.859 t2058D188A2027FFF5000
 20:47:15.958 t200821FFCA3E0044CA00
 20:47:15.959 t2018424ECA0EF1F1F17C
 20:47:15.959 t202861ABCA1AF2F9FDF9
 20:47:15.959 t2038824FCA2206A7F1F0
 20:47:15.959 t20480000C00000000000
 20:47:15.960 t2058D188E2027FFF5000
 20:47:16.058 t200822020A3E0044CA00
 20:47:16.059 t201842FC0A0EF1F1F17B
 20:47:16.059 t2028624E0A1601F1FDFC
 20:47:16.059 t203882DC0A2200C7F5FE
 20:47:16.059 t20480000000000000000
 20:47:16.059 t2058D18822027FFF5000
 20:47:16.159 t200822054A3E0044CA00
 20:47:16.159 t2018452E4A0EF1F1F17C
 20:47:16.159 t2028624E4A1AF1F100FC
 20:47:16.159 t203882FC4A220257D5F8
 20:47:16.159 t20480000400000000000
 20:47:16.160 t2058D18862027FFF5000
 20:47:16.258 t200822078A3E0044CA00
 20:47:16.258 t201840308A0EF2F9F179
 20:47:16.259 t20286000802AF2F900F9
 20:47:16.259 t203883408A220DD7DDF7
 20:47:16.259 t20480000800000000000
 20:47:16.259 t2058D188A2027FFF5000
 20:47:16.359 t2008220ACA3E0044CA00
 20:47:16.360 t2018424ECA0EF1F1F17C
 20:47:16.360 t202861ABCA1602F9FDF9
 20:47:16.360 t2038852ECA223FF7E3FF
 20:47:16.360 t20480000C00000000000
 20:47:16.360 t2058D188E2027FFF5000
 20:47:16.459 t2008220D0A3E0044CA00
 20:47:16.459 t201842FC0A0EF1F1F17B
 20:47:16.459 t202861AB0A1AF2F9FDF9
 20:47:16.460 t203881730A22038809FC
 20:47:16.460 t20480000000000000000
 20:47:16.460 t2058D18822027FFF5000
 20:47:16.559 t200822104A3E0044CA00
 20:47:16.559 t201845F44A0CA9F1F17B
 20:47:16.560 t202865F44A3449F100F9
 20:47:16.560 t2038821F4A2200C7EA00
 20:47:16.560 t20480000400000000000
 20:47:16.560 t2058D18862027FFF5000
 20:47:16.659 t200822138A3E0044CA00
 20:47:16.659 t201840008D0C49F1F179
 20:47:16.660 t202865F48A18A9F100FB
 20:47:16.660 t2038824F8A2206A7F1F0
 20:47:16.660 t20480000800000000000
 20:47:16.660 t2058D188A2027FFF5000
 20:47:16.760 t20082215CA3E0044CA00
 20:47:16.760 t20184030CA0EF2F9F179
 20:47:16.760 t20286000C02AF2F900F9
 20:47:16.760 t203882DCCA2200C7F5FE
 20:47:16.760 t20480000C00000000000
 20:47:16.761 t2058D188E2027FFF5000
 20:47:16.859 t200822180A3E0044CA00
 20:47:16.860 t2018424E0A0EF1F1F17C
 20:47:16.860 t2028624E0A1601F1FDFC
 20:47:16.860 t203882FC0A220257D5F8
 20:47:16.860 t20480000000000000000
 20:47:16.860 t2058D18822027FFF5000
 20:47:16.959 t2008221B4A3E0044CA00
 20:47:16.959 t201842FC4A0EF1F1F17B
 20:47:16.959 t2028624E4A1AF1F100FC
 20:47:16.959 t203883404A220DD7DDF7
 20:47:16.959 t20480000400000000000
 20:47:16.959 t2058D18862027FFF5000
 20:47:17.059 t2008221E8A3E0044CA00
 20:47:17.059 t2018452E8A0EF1F1F17C
 20:47:17.060 t202865F48A3649F100F9
 20:47:17.060 t2038852E8A223FF7E3FF
 20:47:17.060 t20480000800000000000
 20:47:17.060 t2058D188A2027FFF5000
 20:47:17.159 t20082220CA3E0044CA00
 20:47:17.159 t201845F4CA0EA9F1F17B
 20:47:17.159 t202865F4CA1AA9F100FB
 20:47:17.160 t20388173CA22038809FC
 20:47:17.160 t20480000C00000000000
 20:47:17.160 t2058D188E2027FFF5000
 20:47:17.259 t200822230A3E0044CA00
 20:47:17.259 t201840000D0E49F1F179
 20:47:17.259 t20286000002AF2F900F9
 20:47:17.260 t2038821F0A2200C7EA00
 20:47:17.260 t20480000000000000000
 20:47:17.260 t2058D18822027FFF5000
 20:47:17.359 t200822264A3E0044CA00
 20:47:17.359 t201840304A0EF2F9F179
 20:47:17.359 t2028624E4A1601F1FDFC
 20:47:17.360 t2038824F4A2206A7F1F0
 20:47:17.360 t20480000400000000000
 20:47:17.360 t2058D18862027FFF5000
 20:47:17.459 t200822298A3E0044CA00
 20:47:17.459 t2018424E8A0EF1F1F17C
 20:47:17.460 t2028624E8A1AF1F100FC
 20:47:17.460 t203882DC8A2200C7F5FE
 20:47:17.460 t20480000800000000000
 20:47:17.460 t2058D188A2027FFF5000
 20:47:17.559 t2008222CCA3E0044CA00
 20:47:17.559 t201842FCCA0EF1F1F17B
 20:47:17.559 t202865F4CA3649F100F9
 20:47:17.559 t203882FCCA220257D5F8
 20:47:17.559 t20480000C00000000000
 20:47:17.560 t2058D188E2027FFF5000
 20:47:17.659 t2008222E0A3E0044CA00
 20:47:17.659 t2018452E0A0EF1F1F17C
 20:47:17.659 t202865F40A1AA9F100FB
 20:47:17.660 t203883400A220DD7DDF7
 20:47:17.660 t20480000000000000000
 20:47:17.660 t2058D18822027FFF5000
 20:47:17.759 t200822314A3E0044CA00
 20:47:17.759 t201845F44A0EA9F1F17B
 20:47:17.759 t20286000402AF2F900F9
 20:47:17.760 t2038852E4A2005F7E1FD
 20:47:17.760 t20480000400000000000
 20:47:17.760 t2058D18862027FFF5000
 20:47:17.859 t200822348A3E0044CA00
 20:47:17.859 t201840008D0E49F1F179
 20:47:17.860 t2028624E8A1601F1FDFC
 20:47:17.860 t203885F48A203FF7FBFF
 20:47:17.860 t20480000800000000000
 20:47:17.860 t2058D188A2027FFF5000
 20:47:17.960 t20082237CA3E0044CA00
 20:47:17.960 t20184030CA0EF2F9F179
 20:47:17.960 t2028624ECA1AF1F100FC
 20:47:17.960 t2038821FCA2200C7EA00
 20:47:17.960 t20480000C00000000000
 20:47:17.961 t2058D188E2027FFF5000
 20:47:18.059 t200822390A3E0044CA00
 20:47:18.059 t2018424E0A0EF1F1F17C
 20:47:18.059 t202865F40A3649F100F9
 20:47:18.060 t2038824F0A2206A7F1F0
 20:47:18.060 t20480000000000000000
 20:47:18.060 t2058D18822027FFF5000
 20:47:18.159 t2008223C4A3E0044CA00
 20:47:18.159 t201842FC4A0EF1F1F17B
 20:47:18.159 t202865F44A1AA9F100FB
 20:47:18.159 t203882DC4A2200C7F5FE
 20:47:18.159 t20480000400000000000
 20:47:18.160 t2058D18862027FFF5000
 20:47:18.258 t2008223F8A3E0044CA00
 20:47:18.259 t2018452E8A0EF1F1F17C
 20:47:18.259 t20286000802AF2F900F9
 20:47:18.259 t203882FC8A220257D5F8
 20:47:18.259 t20480000800000000000
 20:47:18.259 t2058D188A2027FFF5000
 20:47:18.359 t20082242CA3E0044CA00
 20:47:18.359 t201845F4CA0EA9F1F17B
 20:47:18.359 t2028624ECA1601F1FDFC
 20:47:18.359 t20388340CA220DD7DDF7
 20:47:18.360 t20480000C00000000000
 20:47:18.360 t2058D188E2027FFF5000
 20:47:18.459 t200822450A3E0044CA00
 20:47:18.459 t201840000D0E49F1F179
 20:47:18.459 t2028624E0A1AF1F100FC
 20:47:18.459 t2038852E0A2205F7E1FD
 20:47:18.459 t20480000000000000000
 20:47:18.460 t2058D18822027FFF5000
 20:47:18.559 t200822474A3E0044CA00
 20:47:18.559 t201840304A0EF2F9F179
 20:47:18.559 t202865F44A3649F100F9
 20:47:18.559 t203885F44A223FF7FBFF
 20:47:18.559 t20480000400000000000
 20:47:18.560 t2058D18862027FFF5000
 20:47:18.659 t2008224A8A3E0044CA00
 20:47:18.659 t2018424E8A0EF1F1F17C
 20:47:18.659 t202865F48A1AA9F100FB
 20:47:18.659 t2038821F8A2200C7EA00
 20:47:18.659 t20480000800000000000
 20:47:18.660 t2058D188A2027FFF5000
 20:47:18.759 t2008224DCA3E0044CA00
 20:47:18.759 t201842FCCA0EF1F1F17B
 20:47:18.759 t20286000C02AF2F900F9
 20:47:18.760 t2038824FCA2206A7F1F0
 20:47:18.760 t20480000C00000000000
 20:47:18.760 t2058D188E2027FFF5000
 20:47:18.859 t2008224F0A3E0048CA00
 20:47:18.859 t2018452E0A0EF1F1F17C
 20:47:18.859 t2028624E0A1601F1FDFC
 20:47:18.859 t203882DC0A2200C7F5FE
 20:47:18.859 t20480000000000000000
 20:47:18.859 t2058D18822027FFF5000
 20:47:18.958 t200822524A3E0048CA00
 20:47:18.959 t201845F44A0EA9F1F17B
 20:47:18.959 t2028624E4A1AF1F100FC
 20:47:18.959 t203882FC4A220257D5F8
 20:47:18.959 t20480000400000000000
 20:47:18.959 t2058D18862027FFF5000
 20:47:19.058 t200822558A3E0048CA00
 20:47:19.059 t201840008D0E49F1F179
 20:47:19.059 t202865F48A3649F100F9
 20:47:19.059 t203883408A220DD7DDF7
 20:47:19.059 t20480000800000000000
 20:47:19.060 t2058D188A2027FFF5000
 20:47:19.158 t20082257CA3E0048CA00
 20:47:19.159 t20184030CA0EF2F9F179
 20:47:19.159 t202865F4CA1AA9F100FB
 20:47:19.159 t2038852ECA2205F7E1FD
 20:47:19.159 t20480000C00000000000
 20:47:19.159 t2058D188E2027FFF5000
 20:47:19.258 t2008225A0A3E0048CA00
 20:47:19.259 t2018424E0A0EF1F1F17C
 20:47:19.259 t20286000002AF2F900F9
 20:47:19.259 t203885F40A223FF7FBFF
 20:47:19.259 t20480000000000000000
 20:47:19.259 t2058D18822027FFF5000
 20:47:19.358 t2008225D4A3E0048CA00
 20:47:19.359 t201842FC4A0EF1F1F17B
 20:47:19.359 t2028624E4A1601F1FDFC
 20:47:19.359 t2038821F4A2200C7EA00
 20:47:19.359 t20480000400000000000
 20:47:19.359 t2058D18862027FFF5000
 20:47:19.459 t200822608A3E0048CA00
 20:47:19.459 t2018452E8A0EF1F1F17C
 20:47:19.459 t2028624E8A1AF1F100FC
 20:47:19.459 t2038824F8A2206A7F1F0
 20:47:19.459 t20480000800000000000
 20:47:19.459 t2058D188A2027FFF5000
 20:47:19.560 t20082262CA3E0048CA00
 20:47:19.560 t201845F4CA0EA9F1F17B
 20:47:19.560 t202865F4CA3649F100F9
 20:47:19.560 t203882DCCA2200C7F5FE
 20:47:19.560 t20480000C00000000000
 20:47:19.561 t2058D188E2027FFF5000
 20:47:19.659 t200822650A3E0048CA00
 20:47:19.659 t201840000D0E49F1F179
 20:47:19.659 t202865F40A1AA9F100FB
 20:47:19.659 t203882FC0A220257D5F8
 20:47:19.659 t20480000000000000000
 20:47:19.659 t2058D18822027FFF5000
 20:47:19.758 t200822684A3E0048CA00
 20:47:19.759 t201840304A0EF2F9F179
 20:47:19.759 t20286000402AF2F900F9
 20:47:19.759 t203883404A220DD7DDF7
 20:47:19.759 t20480000400000000000
 20:47:19.759 t2058D18862027FFF5000
 20:47:19.859 t2008226B8A3E0048CA00
 20:47:19.859 t2018424E8A0EF1F1F17C
 20:47:19.859 t2028624E8A1601F1FDFC
 20:47:19.859 t2038852E8A2205F7E1FD
 20:47:19.860 t20480000800000000000
 20:47:19.860 t2058D188A2027FFF5000
 20:47:19.959 t2008226ECA3E0048CA00
 20:47:19.959 t201842FCCA0EF1F1F17B
 20:47:19.960 t2028624ECA1AF1F100FC
 20:47:19.960 t203885F4CA223FF7FBFF
 20:47:19.960 t20480000C00000000000
 20:47:19.960 t2058D188E2027FFF5000
 20:47:20.059 t200822700A3E0048CA00
 20:47:20.059 t2018452E0A0EF1F1F17C
 20:47:20.060 t202865F40A3649F100F9
 20:47:20.060 t2038821F0A2200C7EA00
 20:47:20.060 t20480000000000000000
 20:47:20.060 t2058D18822027FFF5000
 20:47:20.160 t200822734A3E0048CA00
 20:47:20.160 t201845F44A0EA9F1F17B
 20:47:20.160 t202865F44A1AA9F100FB
 20:47:20.160 t2038824F4A2206A7F1F0
 20:47:20.160 t20480000400000000000
 20:47:20.160 t2058D18862027FFF5000
 20:47:20.261 t200822768A3E0048CA00
 20:47:20.261 t201840008D0E49F1F179
 20:47:20.261 t20286000802AF2F900F9
 20:47:20.261 t203882DC8A2200C7F5FE
 20:47:20.261 t20480000800000000000
 20:47:20.262 t2058D188A2027FFF5000
 20:47:20.359 t20082279CA3E0048CA00
 20:47:20.359 t20184030CA0EF2F9F179
 20:47:20.359 t2028624ECA1601F1FDFC
 20:47:20.359 t203882FCCA220257D5F8
 20:47:20.359 t20480000C00000000000
 20:47:20.359 t2058D188E2027FFF5000
 20:47:20.459 t2008227B0A3E0048CA00
 20:47:20.459 t2018424E0A0EF1F1F17C
 20:47:20.460 t2028624E0A1AF1F100FC
 20:47:20.460 t203883400A220DD7DDF7
 20:47:20.460 t20480000000000000000
 20:47:20.460 t2058D18822027FFF5000
 20:47:20.559 t2008227E4A3E0048CA00
 20:47:20.559 t201842FC4A0EF1F1F17B
 20:47:20.559 t202865F44A3649F100F9
 20:47:20.560 t2038852E4A2205F7E1FD
 20:47:20.560 t20480000400000000000
 20:47:20.560 t2058D18862027FFF5000
 20:47:20.659 t200822818A3E0048CA00
 20:47:20.659 t2018452E8A0EF1F1F17C
 20:47:20.659 t202865F48A1AA9F100FB
 20:47:20.660 t203885F48A223FF7FBFF
 20:47:20.660 t20480000800000000000
 20:47:20.660 t2058D188A2027FFF5000
 20:47:20.759 t20082284CA3E0048CA00
 20:47:20.759 t201845F4CA0EA9F1F17B
 20:47:20.759 t20286000C02AF2F900F9
 20:47:20.760 t2038821FCA2200C7EA00
 20:47:20.760 t20480000C00000000000
 20:47:20.760 t2058D188E2027FFF5000
 20:47:20.859 t200822860A3E0048CA00
 20:47:20.860 t201840000D0E49F1F179
 20:47:20.860 t2028624E0A1601F1FDFC
 20:47:20.860 t2038824F0A2206A7F1F0
 20:47:20.860 t20480000000000000000
 20:47:20.860 t2058D18822027FFF5000
 20:47:20.959 t200822894A3E0048CA00
 20:47:20.959 t201840304A0EF2F9F179
 20:47:20.959 t2028624E4A1AF1F100FC
 20:47:20.959 t203882DC4A2200C7F5FE
 20:47:20.959 t20480000400000000000
 20:47:20.959 t2058D18862027FFF5000
 20:47:21.059 t2008228C8A3E0048CA00
 20:47:21.059 t2018424E8A0EF1F1F17C
 20:47:21.059 t202865F48A3649F100F9
 20:47:21.060 t203882FC8A220257D5F8
 20:47:21.060 t20480000800000000000
 20:47:21.060 t2058D188A2027FFF5000
 20:47:21.159 t2008228FCA3E0048CA00
 20:47:21.159 t201842FCCA0EF1F1F17B
 20:47:21.160 t202865F4CA1AA9F100FB
 20:47:21.160 t20388340CA220DD7DDF7
 20:47:21.160 t20480000C00000000000
 20:47:21.160 t2058D188E2027FFF5000
 20:47:21.259 t200822920A3E0048CA00
 20:47:21.259 t2018452E0A0EF1F1F17C
 20:47:21.259 t20286000002AF2F900F9
 20:47:21.260 t2038852E0A2205F7E1FD
 20:47:21.260 t20480000000000000000
 20:47:21.260 t2058D18822027FFF5000
 20:47:21.359 t200822944A3E0048CA00
 20:47:21.359 t201845F44A0EA9F1F17B
 20:47:21.359 t2028624E4A1601F1FDFC
 20:47:21.360 t203880004D200167DDFA
 20:47:21.360 t20480000400000000000
 20:47:21.360 t2058D18862027FFF5000
 20:47:21.459 t200822978A3E0048CA00
 20:47:21.459 t201840008D0E49F1F179
 20:47:21.459 t2028624E8A1AF1F100FC
 20:47:21.459 t203880468D200378062A
 20:47:21.459 t20480000800000000000
 20:47:21.459 t2058D188A2027FFF5000
 20:47:21.559 t2008229ACA3E0048CA00
 20:47:21.559 t20184681CA0CF1F1F17B
 20:47:21.559 t202865F4CA3649F100F9
 20:47:21.559 t2038821FCA2200C7EA00
 20:47:21.560 t20480000C00000000000
 20:47:21.560 t2058D188E2027FFF5000
 20:47:21.659 t2008229D0A3E0048CA00
 20:47:21.659 t201840300A0EF2F9F179
 20:47:21.659 t202865F40A1AA9F100FB
 20:47:21.659 t2038824F0A2206A7F1F0
 20:47:21.659 t20480000000000000000
 20:47:21.660 t2058D18822027FFF5000
 20:47:21.759 t2008229F4A3E0048CA00
 20:47:21.759 t2018424E4A0EF1F1F17C
 20:47:21.759 t20286000402AF2F900F9
 20:47:21.759 t203882DC4A2200C7F5FE
 20:47:21.760 t20480000400000000000
 20:47:21.760 t2058D18862027FFF5000
 20:47:21.859 t200822A28A3E0048CA00
 20:47:21.859 t201842FC8A0EF1F1F17B
 20:47:21.859 t2028624E8A1601F1FDFC
 20:47:21.859 t203882FC8A220257D5F8
 20:47:21.860 t20480000800000000000
 20:47:21.860 t2058D188A2027FFF5000
 20:47:21.959 t200822A5CA3E0048CA00
 20:47:21.959 t2018452ECA0EF1F1F17C
 20:47:21.959 t2028624ECA1AF1F100FC
 20:47:21.959 t20388340CA220DD7DDF7
 20:47:21.959 t20480000C00000000000
 20:47:21.960 t2058D188E2027FFF5000
 20:47:22.059 t200822A80A3E0048CA00
 20:47:22.059 t201845F40A0EA9F1F17B
 20:47:22.059 t202865F40A3649F100F9
 20:47:22.059 t2038852E0A2205F7E1FD
 20:47:22.060 t20480000000000000000
 20:47:22.060 t2058D18822027FFF5000
 20:47:22.159 t200822AB4A3E0048CA00
 20:47:22.159 t201846814A0EF1F1F17B
 20:47:22.159 t202865F44A1AA9F100FB
 20:47:22.159 t203885F44A223FF7FBFF
 20:47:22.159 t20480000400000000000
 20:47:22.159 t2058D18862027FFF5000
 20:47:22.258 t200822AD8A3E0048CA00
 20:47:22.258 t201840008D0E49F1F179
 20:47:22.259 t20286000802AF2F900F9
 20:47:22.259 t203880008D220167DDFA
 20:47:22.259 t20480000800000000000
 20:47:22.259 t2058D188A2027FFF5000
 20:47:22.358 t200822B0CA3E0048CA00
 20:47:22.359 t20184030CA0EF2F9F179
 20:47:22.359 t2028624ECA1601F1FDFC
 20:47:22.359 t20388046CD220378062A
 20:47:22.359 t20480000C00000000000
 20:47:22.360 t2058D188E2027FFF5000
 20:47:22.458 t200822B30A3E0048CA00
 20:47:22.459 t2018424E0A0EF1F1F17C
 20:47:22.459 t2028624E0A1AF1F100FC
 20:47:22.459 t2038824F0A2206A7F1F0
 20:47:22.459 t20480000000000000000
 20:47:22.460 t2058D18822027FFF5000
 20:47:22.558 t200822B64A3E0048CA00
 20:47:22.559 t201842FC4A0EF1F1F17B
 20:47:22.559 t20286000402AF2F900F9
 20:47:22.559 t203882DC4A2200C7F5FE
 20:47:22.559 t20480000400000000000
 20:47:22.560 t2058D18862027FFF5000
 20:47:22.658 t200822B98A3E0048CA00
 20:47:22.659 t2018452E8A0EF1F1F17C
 20:47:22.659 t202865F48A3649F100F9
 20:47:22.659 t203882FC8A220257D5F8
 20:47:22.659 t20480000800000000000
 20:47:22.659 t2058D188A2027FFF5000
 20:47:22.759 t200822BCCA3E0048CA00
 20:47:22.760 t201845F4CA0EA9F1F17B
 20:47:22.760 t202865F4CA1AA9F100FB
 20:47:22.760 t20388340CA220DD7DDF7
 20:47:22.760 t20480000C00000000000
 20:47:22.760 t2058D188E2027FFF5000
 20:47:22.859 t200822BE0A3E0048CA00
 20:47:22.859 t201846810A0EF1F1F17B
 20:47:22.859 t20286000002AF2F900F9
 20:47:22.859 t2038852E0A2205F7E1FD
 20:47:22.859 t20480000000000000000
 20:47:22.859 t2058D18822027FFF5000
 20:47:22.958 t200822C14A3E0048CA00
 20:47:22.958 t201840004D0E49F1F179
 20:47:22.959 t202865F44A3649F100F9
 20:47:22.959 t203885F44A223FF7FBFF
 20:47:22.959 t20480000400000000000
 20:47:22.959 t2058D18862027FFF5000
 20:47:23.058 t200822C48A3E0048CA00
 20:47:23.058 t2018424E8A0EF1F1F17C
 20:47:23.059 t202865F48A1AA9F100FB
 20:47:23.059 t203880008D220167DDFA
 20:47:23.059 t20480000800000000000
 20:47:23.059 t2058D188A2027FFF5000
 20:47:23.158 t200822C7CA3E0048CA00
 20:47:23.159 t201842FCCA0EF1F1F17B
 20:47:23.159 t20286000C02AF2F900F9
 20:47:23.160 t20388046CD220378062A
 20:47:23.160 t20480000C00000000000
 20:47:23.160 t2058D188E2027FFF5000
 20:47:23.258 t200822C90A3E0048CA00
 20:47:23.258 t2018452E0A0EF1F1F17C
 20:47:23.259 t202865F40A3649F100F9
 20:47:23.259 t2038824F0A2206A7F1F0
 20:47:23.259 t20480000000000000000
 20:47:23.259 t2058D18822027FFF5000
 20:47:23.358 t200822CC4A3E0048CA00
 20:47:23.358 t201845F44A0EA9F1F17B
 20:47:23.359 t202865F44A1AA9F100FB
 20:47:23.359 t203882DC4A2200C7F5FE
 20:47:23.359 t20480000400000000000
 20:47:23.359 t2058D18862027FFF5000
 20:47:23.458 t200822CF8A3E0048CA00
 20:47:23.458 t201846818A0EF1F1F17B
 20:47:23.459 t20286000802AF2F900F9
 20:47:23.459 t203882FC8A220257D5F8
 20:47:23.459 t20480000800000000000
 20:47:23.459 t2058D188A2027FFF5000
 20:47:23.559 t200822D2CA3E0048CA00
 20:47:23.559 t20184000CD0E49F1F179
 20:47:23.559 t202865F4CA3649F100F9
 20:47:23.559 t20388340CA220DD7DDF7
 20:47:23.559 t20480000C00000000000
 20:47:23.560 t2058D188E2027FFF5000
 20:47:23.661 t200822D40A3E0048CA00
 20:47:23.661 t2018424E0A0EF1F1F17C
 20:47:23.661 t202865F40A1AA9F100FB
 20:47:23.661 t2038852E0A2205F7E1FD
 20:47:23.661 t20480000000000000000
 20:47:23.661 t2058D18822027FFF5000
 20:47:23.759 t200822D74A3E0048CA00
 20:47:23.759 t201842FC4A0EF1F1F17B
 20:47:23.759 t20286000402AF2F900F9
 20:47:23.760 t203885F44A223FF7FBFF
 20:47:23.760 t20480000400000000000
 20:47:23.760 t2058D18862027FFF5000
 20:47:23.859 t200822DA8A3E0048CA00
 20:47:23.859 t2018452E8A0EF1F1F17C
 20:47:23.859 t202865F48A3649F100F9
 20:47:23.860 t203880008D220167DDFA
 20:47:23.860 t20480000800000000000
 20:47:23.860 t2058D188A2027FFF5000
 20:47:23.959 t200822DDCA3E0048CA00
 20:47:23.959 t201845F4CA0EA9F1F17B
 20:47:23.959 t202865F4CA1AA9F100FB
 20:47:23.960 t20388046CD220378062A
 20:47:23.960 t20480000C00000000000
 20:47:23.960 t2058D188E2027FFF5000
 20:47:24.059 t200822E00A3E0048CA00
 20:47:24.059 t201846810A0EF1F1F17B
 20:47:24.059 t20286000002AF2F900F9
 20:47:24.059 t2038824F0A2206A7F1F0
 20:47:24.059 t20480000000000000000
 20:47:24.059 t2058D18822027FFF5000
 20:47:24.159 t200822E24A3E0048CA00
 20:47:24.159 t201840004D0E49F1F179
 20:47:24.160 t202865F44A3649F100F9
 20:47:24.160 t203882DC4A2200C7F5FE
 20:47:24.160 t20480000400000000000
 20:47:24.160 t2058D18862027FFF5000
 20:47:24.259 t200822E58A3E0048CA00
 20:47:24.259 t2018424E8A0EF1F1F17C
 20:47:24.259 t202865F48A1AA9F100FB
 20:47:24.259 t203882FC8A220257D5F8
 20:47:24.259 t20480000800000000000
 20:47:24.259 t2058D188A2027FFF5000
 20:47:24.359 t200822E8CA3E0048CA00
 20:47:24.359 t201842FCCA0EF1F1F17B
 20:47:24.359 t20286000C02AF2F900F9
 20:47:24.360 t20388340CA220DD7DDF7
 20:47:24.360 t20480000C00000000000
 20:47:24.360 t2058D188E2027FFF5000
 20:47:24.459 t200822EB0A3E0048CA00
 20:47:24.459 t2018452E0A0EF1F1F17C
 20:47:24.459 t202865F40A3649F100F9
 20:47:24.460 t2038852E0A2205F7E1FD
 20:47:24.460 t20480000000000000000
 20:47:24.460 t2058D18822027FFF5000
 20:47:24.559 t200822ED4A3E0048CA00
 20:47:24.559 t201845F44A0EA9F1F17B
 20:47:24.559 t202865F44A1AA9F100FB
 20:47:24.560 t203885F44A223FF7FBFF
 20:47:24.560 t20480000400000000000
 20:47:24.560 t2058D18862027FFF5000
 20:47:24.659 t200822F08A3E0048CA00
 20:47:24.659 t201846818A0EF1F1F17B
 20:47:24.659 t20286000802AF2F900F9
 20:47:24.660 t203880008D220167DDFA
 20:47:24.660 t20480000800000000000
 20:47:24.660 t2058D188A2027FFF5000
 20:47:24.759 t200822F3CA3E0048CA00
 20:47:24.759 t20184000CD0E49F1F179
 20:47:24.760 t202865F4CA3649F100F9
 20:47:24.760 t20388046CD220378062A
 20:47:24.760 t20480000C00000000000
 20:47:24.760 t2058D188E2027FFF5000
 20:47:24.859 t200822F60A3E0048CA00
 20:47:24.860 t2018424E0A0EF1F1F17C
 20:47:24.860 t202865F40A1AA9F100FB
 20:47:24.860 t2038824F0A2206A7F1F0
 20:47:24.860 t20480000000000000000
 20:47:24.860 t2058D18822027FFF5000
 20:47:24.959 t200822F84A3E0048CA00
 20:47:24.959 t201842FC4A0EF1F1F17B
 20:47:24.959 t20286000402AF2F900F9
 20:47:24.959 t203882DC4A2200C7F5FE
 20:47:24.960 t20480000400000000000
 20:47:24.960 t2058D18862027FFF5000
 20:47:25.059 t200822FC8A3E0048CA00
 20:47:25.059 t2018452E8A0EF1F1F17C
 20:47:25.059 t202865F48A3649F100F9
 20:47:25.060 t203882FC8A220257D5F8
 20:47:25.060 t20480000800000000000
 20:47:25.060 t2058D188A2027FFF5000
 20:47:25.159 t200822FECA3E0048CA00
 20:47:25.159 t201845F4CA0EA9F1F17B
 20:47:25.159 t202865F4CA1AA9F100FB
 20:47:25.159 t20388340CA220DD7DDF7
 20:47:25.159 t20480000C00000000000
 20:47:25.159 t2058D188E2027FFF5000
 20:47:25.259 t200823010A3E0048CA00
 20:47:25.259 t201846810A0EF1F1F17B
 20:47:25.259 t20286000002AF2F900F9
 20:47:25.259 t2038852E0A2205F7E1FD
 20:47:25.259 t20480000000000000000
 20:47:25.260 t2058D18822027FFF5000
 20:47:25.359 t200823044A3E0048CA00
 20:47:25.359 t201840004D0E49F1F179
 20:47:25.359 t202865F44A3649F100F9
 20:47:25.359 t203885F44A223FF7FBFF
 20:47:25.360 t20480000400000000000
 20:47:25.360 t2058D18862027FFF5000
 20:47:25.459 t200823078A3E0048CA00
 20:47:25.459 t2018424E8A0EF1F1F17C
 20:47:25.459 t202865F48A1AA9F100FB
 20:47:25.459 t203880008D220167DDFA
 20:47:25.459 t20480000800000000000
 20:47:25.459 t2058D188A2027FFF5000
 20:47:25.559 t20082309CA3E0048CA00
 20:47:25.559 t201842FCCA0EF1F1F17B
 20:47:25.559 t20286000C02AF2F900F9
 20:47:25.559 t20388046CD220378062A
 20:47:25.559 t20480000C00000000000
 20:47:25.559 t2058D188E2027FFF5000
 20:47:25.659 t2008230C0A3E0048CA00
 20:47:25.659 t2018452E0A0EF1F1F17C
 20:47:25.659 t202865F40A3649F100F9
 20:47:25.659 t2038824F0A2206A7F1F0
 20:47:25.659 t20480000000000000000
 20:47:25.660 t2058D18822027FFF5000
 20:47:25.759 t2008230F4A3E0048CA00
 20:47:25.759 t201845F44A0EA9F1F17B
 20:47:25.759 t202865F44A1AA9F100FB
 20:47:25.759 t203882DC4A2200C7F5FE
 20:47:25.759 t20480000400000000000
 20:47:25.759 t2058D18862027FFF5000
 20:47:25.859 t200823128A3E0048CA00
 20:47:25.859 t201846818A0EF1F1F17B
 20:47:25.859 t20286000802AF2F900F9
 20:47:25.859 t203882FC8A220257D5F8
 20:47:25.859 t20480000800000000000
 20:47:25.860 t2058D188A2027FFF5000
 20:47:25.959 t20082315CA3E0048CA00
 20:47:25.959 t20184000CD0E49F1F179
 20:47:25.959 t202865F4CA3649F100F9
 20:47:25.959 t20388340CA220DD7DDF7
 20:47:25.960 t20480000C00000000000
 20:47:25.960 t2058D188E2027FFF5000
 20:47:26.058 t200823170A3E0048CA00
 20:47:26.059 t2018424E0A0EF1F1F17C
 20:47:26.059 t202865F40A1AA9F100FB
 20:47:26.059 t2038852E0A2205F7E1FD
 20:47:26.059 t20480000000000000000
 20:47:26.060 t2058D18822027FFF5000
 20:47:26.158 t2008231A4A3E0048CA00
 20:47:26.159 t201842FC4A0EF1F1F17B
 20:47:26.159 t20286000402AF2F900F9
 20:47:26.159 t203885F44A223FF7FBFF
 20:47:26.159 t20480000400000000000
 20:47:26.159 t2058D18862027FFF5000
 20:47:26.258 t2008231D8A3E0048CA00
 20:47:26.259 t2018452E8A0EF1F1F17C
 20:47:26.259 t202865F48A3649F100F9
 20:47:26.259 t203880008D220167DDFA
 20:47:26.259 t20480000800000000000
 20:47:26.259 t2058D188A2027FFF5000
 20:47:26.358 t20082320CA3E0048CA00
 20:47:26.359 t201845F4CA0EA9F1F17B
 20:47:26.359 t202865F4CA1AA9F100FB
 20:47:26.359 t20388046CD220378062A
 20:47:26.359 t20480000C00000000000
 20:47:26.359 t2058D188E2027FFF5000
 20:47:26.458 t200823220A3E0048CA00
 20:47:26.459 t201846810A0EF1F1F17B
 20:47:26.459 t20286000002AF2F900F9
 20:47:26.459 t2038824F0A2206A7F1F0
 20:47:26.459 t20480000000000000000
 20:47:26.459 t2058D18822027FFF5000
 20:47:26.558 t200823254A3E0048CA00
 20:47:26.559 t201840004D0E49F1F179
 20:47:26.559 t202865F44A3649F100F9
 20:47:26.559 t203882DC4A2200C7F5FE
 20:47:26.559 t20480000400000000000
 20:47:26.560 t2058D18862027FFF5000
 20:47:26.658 t200823288A3E0048CA00
 20:47:26.659 t2018424E8A0EF1F1F17C
 20:47:26.659 t202865F48A1AA9F100FB
 20:47:26.659 t203882FC8A220257D5F8
 20:47:26.659 t20480000800000000000
 20:47:26.659 t2058D188A2027FFF5000
 20:47:26.758 t2008232BCA3E0048CA00
 20:47:26.759 t201842FCCA0EF1F1F17B
 20:47:26.759 t20286000C02AF2F900F9
 20:47:26.759 t20388340CA220DD7DDF7
 20:47:26.759 t20480000C00000000000
 20:47:26.759 t2058D188E2027FFF5000
 20:47:26.858 t2008232E0A3E0048CA00
 20:47:26.858 t2018452E0A0EF1F1F17C
 20:47:26.859 t202865F40A3649F100F9
 20:47:26.859 t2038852E0A2205F7E1FD
 20:47:26.859 t20480000000000000000
 20:47:26.859 t2058D18822027FFF5000
 20:47:26.958 t200823304A3E0048CA00
 20:47:26.958 t201845F44A0EA9F1F17B
 20:47:26.959 t202865F44A1AA9F100FB
 20:47:26.959 t203885F44A223FF7FBFF
 20:47:26.959 t20480000400000000000
 20:47:26.959 t2058D18862027FFF5000
 20:47:27.059 t200823338A3E0048CA00
 20:47:27.059 t201846818A0EF1F1F17B
 20:47:27.059 t20286000802AF2F900F9
 20:47:27.059 t203880008D220167DDFA
 20:47:27.060 t20480000800000000000
 20:47:27.060 t2058D188A2027FFF5000
 20:47:27.158 t20082336CA3E0048CA00
 20:47:27.158 t20184000CD0E49F1F179
 20:47:27.159 t202865F4CA3649F100F9
 20:47:27.159 t20388046CD220378062A
 20:47:27.159 t20480000C00000000000
 20:47:27.159 t2058D188E2027FFF5000
 20:47:27.259 t200823390A3E0048CA00
 20:47:27.259 t2018424E0A0EF1F1F17C
 20:47:27.259 t202865F40A1AA9F100FB
 20:47:27.259 t2038824F0A2206A7F1F0
 20:47:27.259 t20480000000000000000
 20:47:27.260 t2058D18822027FFF5000
 20:47:27.358 t2008233B4A3E0048CA00
 20:47:27.358 t201842FC4A0EF1F1F17B
 20:47:27.358 t20286000402AF2F900F9
 20:47:27.358 t203882DC4A2200C7F5FE
 20:47:27.359 t20480000400000000000
 20:47:27.359 t2058D18862027FFF5000
 20:47:27.459 t2008233E8A3E0048CA00
 20:47:27.459 t2018452E8A0EF1F1F17C
 20:47:27.460 t202865F48A3649F100F9
 20:47:27.460 t203882FC8A220257D5F8
 20:47:27.460 t20480000800000000000
 20:47:27.460 t2058D188A2027FFF5000
 20:47:27.559 t20082341CA3E004ACA00
 20:47:27.559 t201845F4CA0EA9F1F17B
 20:47:27.559 t202865F4CA1AA9F100FB
 20:47:27.559 t203885F4CA200477F9FF
 20:47:27.559 t20480000C00000000000
 20:47:27.559 t2058D188E2027FFF5000
 20:47:27.659 t200823440A3E004ACA00
 20:47:27.659 t201846810A0EF1F1F17B
 20:47:27.659 t20286000002AF2F900F9
 20:47:27.660 t203886810A203FF7FFFF
 20:47:27.660 t20480000000000000000
 20:47:27.660 t2058D18822027FFF5000
 20:47:27.759 t200823474A3E004ACA00
 20:47:27.759 t201840004D0E49F1F179
 20:47:27.759 t202865F44A3649F100F9
 20:47:27.760 t203882DC4A2200C7F5FE
 20:47:27.760 t20480000400000000000
 20:47:27.760 t2058D18862027FFF5000
 20:47:27.860 t200823498A3E004ACA00
 20:47:27.860 t2018424E8A0EF1F1F17C
 20:47:27.861 t202865F48A1AA9F100FB
 20:47:27.861 t203882FC8A220257D5F8
 20:47:27.861 t20480000800000000000
 20:47:27.861 t2058D188A2027FFF5000
 20:47:27.959 t2008234CCA3E004ACA00
 20:47:27.959 t201842FCCA0EF1F1F17B
 20:47:27.959 t20286000C02AF2F900F9
 20:47:27.960 t20388340CA220DD7DDF7
 20:47:27.960 t20480000C00000000000
 20:47:27.960 t2058D188E2027FFF5000
 20:47:28.060 t2008234F0A3E004ACA00
 20:47:28.060 t2018452E0A0EF1F1F17C
 20:47:28.060 t202865F40A3649F100F9
 20:47:28.060 t2038852E0A2205F7E1FD
 20:47:28.061 t20480000000000000000
 20:47:28.061 t2058D18822027FFF5000
 20:47:28.159 t200823524A3E004ACA00
 20:47:28.159 t201845F44A0EA9F1F17B
 20:47:28.159 t202865F44A1AA9F100FB
 20:47:28.159 t203885F44A220477F9FF
 20:47:28.160 t20480000400000000000
 20:47:28.160 t2058D18862027FFF5000
 20:47:28.259 t200823548A3E004ACA00
 20:47:28.259 t201846818A0EF1F1F17B
 20:47:28.259 t20286000802AF2F900F9
 20:47:28.260 t203886818A223FF7FFFF
 20:47:28.260 t20480000800000000000
 20:47:28.260 t2058D188A2027FFF5000
 20:47:28.359 t20082357CA3E004ACA00
 20:47:28.359 t20184000CD0E49F1F179
 20:47:28.359 t202865F4CA3649F100F9
 20:47:28.359 t20388000CD220167DDFA
 20:47:28.360 t20480000C00000000000
 20:47:28.360 t2058D188E2027FFF5000
 20:47:28.459 t2008235A0A3E004ACA00
 20:47:28.459 t2018424E0A0EF1F1F17C
 20:47:28.459 t202865F40A1AA9F100FB
 20:47:28.459 t203880460D220378062A
 20:47:28.460 t20480000000000000000
 20:47:28.460 t2058D18822027FFF5000
 20:47:28.559 t2008235D4A3E004ACA00
 20:47:28.559 t201842FC4A0EF1F1F17B
 20:47:28.559 t20286000402AF2F900F9
 20:47:28.559 t203882DC4A2200C7F5FE
 20:47:28.560 t20480000400000000000
 20:47:28.560 t2058D18862027FFF5000
 20:47:28.659 t200823608A3E004ACA00
 20:47:28.659 t2018452E8A0EF1F1F17C
 20:47:28.659 t202865F48A3649F100F9
 20:47:28.659 t203882FC8A220257D5F8
 20:47:28.659 t20480000800000000000
 20:47:28.660 t2058D188A2027FFF5000
 20:47:28.759 t20082362CA3E004ACA00
 20:47:28.759 t201845F4CA0EA9F1F17B
 20:47:28.759 t202865F4CA1AA9F100FB
 20:47:28.759 t20388340CA220DD7DDF7
 20:47:28.759 t20480000C00000000000
 20:47:28.759 t2058D188E2027FFF5000
 20:47:28.859 t200823650A3E004ACA00
 20:47:28.859 t201846810A0EF1F1F17B
 20:47:28.859 t20286000002AF2F900F9
 20:47:28.859 t2038852E0A2205F7E1FD
 20:47:28.859 t20480000000000000000
 20:47:28.859 t2058D18822027FFF5000
 20:47:28.959 t200823684A3E004ACA00
 20:47:28.959 t201840004D0E49F1F179
 20:47:28.959 t202865F44A3649F100F9
 20:47:28.959 t203885F44A220477F9FF
 20:47:28.959 t20480000400000000000
 20:47:28.959 t2058D18862027FFF5000
 20:47:29.059 t2008236B8A3E004ACA00
 20:47:29.059 t201842FC8A0EF1F1F17B
 20:47:29.059 t202865F48A1AA9F100FB
 20:47:29.059 t203886818A223FF7FFFF
 20:47:29.060 t20480000800000000000
 20:47:29.060 t2058D188A2027FFF5000
 20:47:29.159 t2008236DCA3E004ACA00
 20:47:29.159 t2018452ECA0EF1F1F17C
 20:47:29.159 t20286000C02AF2F900F9
 20:47:29.159 t20388000CD220167DDFA
 20:47:29.159 t20480000C00000000000
 20:47:29.160 t2058D188E2027FFF5000
 20:47:29.259 t200823700A3E004ACA00
 20:47:29.259 t201845F40A0EA9F1F17B
 20:47:29.259 t202865F40A3649F100F9
 20:47:29.259 t203880460D220378062A
 20:47:29.259 t20480000000000000000
 20:47:29.260 t2058D18822027FFF5000
 20:47:29.358 t200823734A3E004ACA00
 20:47:29.359 t201846814A0EF1F1F17B
 20:47:29.359 t202865F44A1AA9F100FB
 20:47:29.359 t203882FC4A220257D5F8
 20:47:29.359 t20480000400000000000
 20:47:29.360 t2058D18862027FFF5000
 20:47:29.459 t200823768A3E004ACA00
 20:47:29.459 t201840008D0E49F1F179
 20:47:29.459 t20286000802AF2F900F9
 20:47:29.460 t203883408A220DD7DDF7
 20:47:29.460 t20480000800000000000
 20:47:29.460 t2058D188A2027FFF5000
 20:47:29.560 t20082379CA3E004ACA00
 20:47:29.560 t201842FCCA0EF1F1F17B
 20:47:29.560 t202865F4CA3649F100F9
 20:47:29.561 t2038852ECA2205F7E1FD
 20:47:29.561 t20480000C00000000000
 20:47:29.561 t2058D188E2027FFF5000
 20:47:29.658 t2008237B0A3E004ACA00
 20:47:29.658 t2018452E0A0EF1F1F17C
 20:47:29.658 t202865F40A1AA9F100FB
 20:47:29.659 t203885F40A220477F9FF
 20:47:29.659 t20480000000000000000
 20:47:29.659 t2058D18822027FFF5000
 20:47:29.758 t2008237E4A3E004ACA00
 20:47:29.758 t201845F44A0EA9F1F17B
 20:47:29.758 t20286000402AF2F900F9
 20:47:29.759 t203886814A223FF7FFFF
 20:47:29.759 t20480000400000000000
 20:47:29.759 t2058D18862027FFF5000
 20:47:29.858 t200823818A3E004ACA00
 20:47:29.859 t201846818A0EF1F1F17B
 20:47:29.859 t202865F48A3649F100F9
 20:47:29.859 t203880008D220167DDFA
 20:47:29.859 t20480000800000000000
 20:47:29.859 t2058D188A2027FFF5000
 20:47:29.958 t20082384CA3E004ACA00
 20:47:29.959 t20184000CD0E49F1F179
 20:47:29.959 t202865F4CA1AA9F100FB
 20:47:29.959 t20388046CD220378062A
 20:47:29.959 t20480000C00000000000
 20:47:29.959 t2058D188E2027FFF5000
 20:47:30.058 t200823860A3E004ACA00
 20:47:30.059 t201842FC0A0EF1F1F17B
 20:47:30.059 t20286000002AF2F900F9
 20:47:30.059 t203882FC0A220257D5F8
 20:47:30.059 t20480000000000000000
 20:47:30.059 t2058D18822027FFF5000
 20:47:30.158 t200823894A3E004ACA00
 20:47:30.159 t2018452E4A0EF1F1F17C
 20:47:30.159 t202865F44A3649F100F9
 20:47:30.159 t203883404A220DD7DDF7
 20:47:30.159 t20480000400000000000
 20:47:30.159 t2058D18862027FFF5000
 20:47:30.258 t2008238C8A3E004ACA00
 20:47:30.258 t201845F48A0EA9F1F17B
 20:47:30.258 t202865F48A1AA9F100FB
 20:47:30.258 t2038852E8A2205F7E1FD
 20:47:30.258 t20480000800000000000
 20:47:30.259 t2058D188A2027FFF5000
 20:47:30.358 t2008238FCA3E004ACA00
 20:47:30.358 t20184681CA0EF1F1F17B
 20:47:30.359 t20286000C02AF2F900F9
 20:47:30.359 t203885F4CA220477F9FF
 20:47:30.359 t20480000C00000000000
 20:47:30.359 t2058D188E2027FFF5000
 20:47:30.458 t200823920A3E004ACA00
 20:47:30.458 t201840000D0E49F1F179
 20:47:30.458 t202865F40A3649F100F9
 20:47:30.458 t203886810A223FF7FFFF
 20:47:30.459 t20480000000000000000
 20:47:30.459 t2058D18822027FFF5000
 20:47:30.558 t200823944A3E004ACA00
 20:47:30.558 t201842FC4A0EF1F1F17B
 20:47:30.558 t202865F44A1AA9F100FB
 20:47:30.558 t203880004D220167DDFA
 20:47:30.558 t20480000400000000000
 20:47:30.559 t2058D18862027FFF5000
 20:47:30.658 t200823978A3E004ACA00
 20:47:30.658 t2018452E8A0EF1F1F17C
 20:47:30.658 t20286000802AF2F900F9
 20:47:30.659 t203880468D220378062A
 20:47:30.659 t20480000800000000000
 20:47:30.659 t2058D188A2027FFF5000
 20:47:30.758 t2008239ACA3E004ACA00
 20:47:30.758 t201845F4CA0EA9F1F17B
 20:47:30.759 t202865F4CA3649F100F9
 20:47:30.759 t203882FCCA220257D5F8
 20:47:30.759 t20480000C00000000000
 20:47:30.759 t2058D188E2027FFF5000
 20:47:30.859 t2008239D0A3E004ACA00
 20:47:30.860 t201846810A0EF1F1F17B
 20:47:30.860 t202865F40A1AA9F100FB
 20:47:30.860 t203883400A220DD7DDF7
 20:47:30.860 t20480000000000000000
 20:47:30.860 t2058D18822027FFF5000
 20:47:30.959 t2008239F4A3E004ACA00
 20:47:30.959 t201840004D0E49F1F179
 20:47:30.959 t20286000402AF2F900F9
 20:47:30.960 t2038852E4A2205F7E1FD
 20:47:30.960 t20480000400000000000
 20:47:30.960 t2058D18862027FFF5000
 20:47:31.059 t200823A28A3E004ACA00
 20:47:31.059 t201842FC8A0EF1F1F17B
 20:47:31.059 t202865F48A3649F100F9
 20:47:31.060 t203885F48A220477F9FF
 20:47:31.060 t20480000800000000000
 20:47:31.060 t2058D188A2027FFF5000
 20:47:31.159 t200823A5CA3E004ACA00
 20:47:31.159 t2018452ECA0EF1F1F17C
 20:47:31.160 t202865F4CA1AA9F100FB
 20:47:31.160 t20388681CA223FF7FFFF
 20:47:31.160 t20480000C00000000000
 20:47:31.160 t2058D188E2027FFF5000
 20:47:31.259 t200823A80A3E004ACA00
 20:47:31.259 t201845F40A0EA9F1F17B
 20:47:31.259 t20286000002AF2F900F9
 20:47:31.260 t203880000D220167DDFA
 20:47:31.260 t20480000000000000000
 20:47:31.260 t2058D18822027FFF5000
 20:47:31.359 t200823AB4A3E004ACA00
 20:47:31.359 t201846814A0EF1F1F17B
 20:47:31.359 t202865F44A3649F100F9
 20:47:31.360 t203886814A2007F7FDFF
 20:47:31.360 t20480000400000000000
 20:47:31.360 t2058D18862027FFF5000
 20:47:31.459 t200823AD8A3E004ACA00
 20:47:31.459 t201840008D0E49F1F179
 20:47:31.460 t202865F48A1AA9F100FB
 20:47:31.460 t203883408A220DD7DDF7
 20:47:31.460 t20480000800000000000
 20:47:31.460 t2058D188A2027FFF5000
 20:47:31.559 t200823B0CA3E004ACA00
 20:47:31.559 t201842FCCA0EF1F1F17B
 20:47:31.559 t20286000C02AF2F900F9
 20:47:31.559 t2038852ECA2205F7E1FD
 20:47:31.559 t20480000C00000000000
 20:47:31.559 t2058D188E2027FFF5000
 20:47:31.659 t200823B30A3E004ACA00
 20:47:31.659 t2018452E0A0EF1F1F17C
 20:47:31.659 t202865F40A3649F100F9
 20:47:31.659 t203885F40A220477F9FF
 20:47:31.660 t20480000000000000000
 20:47:31.660 t2058D18822027FFF5000
 20:47:31.759 t200823B64A3E004ACA00
 20:47:31.759 t201845F44A0EA9F1F17B
 20:47:31.759 t202865F44A1AA9F100FB
 20:47:31.759 t203886814A2207F7FDFF
 20:47:31.760 t20480000400000000000
 20:47:31.760 t2058D18862027FFF5000
 20:47:31.859 t200823B88A3E004ACA00
 20:47:31.859 t201846818A0EF1F1F17B
 20:47:31.859 t20286000802AF2F900F9
 20:47:31.859 t203880008D220167DDFA
 20:47:31.860 t20480000800000000000
 20:47:31.860 t2058D188A2027FFF5000
 20:47:31.959 t200823BBCA3E004ACA00
 20:47:31.959 t20184000CD0E49F1F179
 20:47:31.959 t202865F4CA3649F100F9
 20:47:31.959 t20388046CD220378062A
 20:47:31.959 t20480000C00000000000
 20:47:31.960 t2058D188E2027FFF5000
 20:47:32.059 t200823BE0A3E004ACA00
 20:47:32.059 t201842FC0A0EF1F1F17B
 20:47:32.059 t202865F40A1AA9F100FB
 20:47:32.059 t203883400A220DD7DDF7
 20:47:32.060 t20480000000000000000
 20:47:32.060 t2058D18822027FFF5000
 20:47:32.159 t200823C14A3E004ACA00
 20:47:32.159 t2018452E4A0EF1F1F17C
 20:47:32.159 t20286000402AF2F900F9
 20:47:32.159 t2038852E4A2205F7E1FD
 20:47:32.160 t20480000400000000000
 20:47:32.160 t2058D18862027FFF5000
 20:47:32.259 t200823C48A3E004ACA00
 20:47:32.259 t201845F48A0EA9F1F17B
 20:47:32.259 t202865F48A3649F100F9
 20:47:32.259 t203885F48A220477F9FF
 20:47:32.259 t20480000800000000000
 20:47:32.260 t2058D188A2027FFF5000
 20:47:32.359 t200823C6CA3E004ACA00
 20:47:32.359 t20184681CA0EF1F1F17B
 20:47:32.359 t202865F4CA1AA9F100FB
 20:47:32.359 t20388340CA2012F7DDF7
 20:47:32.360 t20480000C00000000000
 20:47:32.360 t2058D188E2027FFF5000
 20:47:32.459 t200823C90A3E004ACA00
 20:47:32.459 t201840000D0E49F1F179
 20:47:32.459 t20286000002AF2F900F9
 20:47:32.459 t2038852E0A2005F7E1FD
 20:47:32.459 t20480000000000000000
 20:47:32.460 t2058D18822027FFF5000
 20:47:32.559 t200823CC4A3E004ACA00
 20:47:32.560 t201842FC4A0EF1F1F17B
 20:47:32.560 t202865F44A3649F100F9
 20:47:32.560 t203885F44A2008D7F9FF
 20:47:32.560 t20480000400000000000
 20:47:32.561 t2058D18862027FFF5000
 20:47:32.659 t200823CF8A3E004ACA00
 20:47:32.659 t2018452E8A0EF1F1F17C
 20:47:32.659 t202865F48A1AA9F100FB
 20:47:32.659 t203887018A203FF7FFFF
 20:47:32.659 t20480000800000000000
 20:47:32.660 t2058D188A2027FFF5000
 20:47:32.759 t200823D1CA3E004ACA00
 20:47:32.759 t201845F4CA0EA9F1F17B
 20:47:32.759 t20286000C02AF2F900F9
 20:47:32.759 t20388340CA2212F7DDF7
 20:47:32.759 t20480000C00000000000
 20:47:32.760 t2058D188E2027FFF5000
 20:47:32.858 t200823D40A3E004ACA00
 20:47:32.859 t201846810A0EF1F1F17B
 20:47:32.859 t202865F40A3649F100F9
 20:47:32.859 t2038852E0A2205F7E1FD
 20:47:32.859 t20480000000000000000
 20:47:32.859 t2058D18822027FFF5000
 20:47:32.958 t200823D74A3E004ACA00
 20:47:32.959 t201840004D0E49F1F179
 20:47:32.959 t202865F44A1AA9F100FB
 20:47:32.959 t203885F44A2208D7F9FF
 20:47:32.959 t20480000400000000000
 20:47:32.960 t2058D18862027FFF5000
 20:47:33.058 t200823DA8A3E004ACA00
 20:47:33.059 t201842FC8A0EF1F1F17B
 20:47:33.059 t20286000802AF2F900F9
 20:47:33.059 t203887018A223FF7FFFF
 20:47:33.059 t20480000800000000000
 20:47:33.059 t2058D188A2027FFF5000
 20:47:33.158 t200823DDCA3E004ACA00
 20:47:33.159 t2018452ECA0EF1F1F17C
 20:47:33.159 t202865F4CA3649F100F9
 20:47:33.159 t20388000CD220167DDFA
 20:47:33.159 t20480000C00000000000
 20:47:33.160 t2058D188E2027FFF5000
 20:47:33.258 t200823DF0A3E004ACA00
 20:47:33.259 t201845F40A0EA9F1F17B
 20:47:33.259 t202865F40A1AA9F100FB
 20:47:33.259 t203880460D220378062A
 20:47:33.259 t20480000000000000000
 20:47:33.260 t2058D18822027FFF5000
 20:47:33.359 t200823E24A3E004ACA00
 20:47:33.359 t201846814A0EF1F1F17B
 20:47:33.359 t20286000402AF2F900F9
 20:47:33.359 t203883404A2212F7DDF7
 20:47:33.360 t20480000400000000000
 20:47:33.360 t2058D18862027FFF5000
 20:47:33.459 t200823E58A3E004ACA00
 20:47:33.459 t201840008D0E49F1F179
 20:47:33.459 t202865F48A3649F100F9
 20:47:33.459 t2038852E8A2205F7E1FD
 20:47:33.459 t20480000800000000000
 20:47:33.459 t2058D188A2027FFF5000
 20:47:33.558 t200823E8CA3E004ACA00
 20:47:33.558 t201842FCCA0EF1F1F17B
 20:47:33.559 t202865F4CA1AA9F100FB
 20:47:33.559 t203885F4CA2208D7F9FF
 20:47:33.559 t20480000C00000000000
 20:47:33.559 t2058D188E2027FFF5000
 20:47:33.658 t200823EA0A3E004ACA00
 20:47:33.659 t2018452E0A0EF1F1F17C
 20:47:33.659 t20286000002AF2F900F9
 20:47:33.659 t203887010A223FF7FFFF
 20:47:33.659 t20480000000000000000
 20:47:33.659 t2058D18822027FFF5000
 20:47:33.758 t200823ED4A3E004ACA00
 20:47:33.758 t201845F44A0EA9F1F17B
 20:47:33.759 t202865F44A3649F100F9
 20:47:33.759 t203880004D220167DDFA
 20:47:33.759 t20480000400000000000
 20:47:33.759 t2058D18862027FFF5000
 20:47:33.858 t200823F08A3E004ACA00
 20:47:33.858 t201846818A0EF1F1F17B
 20:47:33.859 t202865F48A1AA9F100FB
 20:47:33.859 t203880468D220378062A
 20:47:33.859 t20480000800000000000
 20:47:33.859 t2058D188A2027FFF5000
 20:47:33.958 t200823F3CA3E004ACA00
 20:47:33.958 t20184000CD0E49F1F179
 20:47:33.959 t20286000C02AF2F900F9
 20:47:33.959 t20388340CA2212F7DDF7
 20:47:33.959 t20480000C00000000000
 20:47:33.959 t2058D188E2027FFF5000
 20:47:34.058 t200823F60A3E004ACA00
 20:47:34.058 t201842FC0A0EF1F1F17B
 20:47:34.058 t202865F40A3649F100F9
 20:47:34.059 t2038852E0A2205F7E1FD
 20:47:34.059 t20480000000000000000
 20:47:34.059 t2058D18822027FFF5000
 20:47:34.159 t200823F84A3E004ACA00
 20:47:34.159 t2018452E4A0EF1F1F17C
 20:47:34.159 t202865F44A1AA9F100FB
 20:47:34.159 t203885F44A2208D7F9FF
 20:47:34.159 t20480000400000000000
 20:47:34.159 t2058D18862027FFF5000
 20:47:34.258 t200823FB8A3E004ACA00
 20:47:34.258 t201845F48A0EA9F1F17B
 20:47:34.258 t20286000802AF2F900F9
 20:47:34.259 t203887018A223FF7FFFF
 20:47:34.259 t20480000800000000000
 20:47:34.259 t2058D188A2027FFF5000
 20:47:34.358 t200823FECA3E004ACA00
 20:47:34.358 t20184681CA0EF1F1F17B
 20:47:34.358 t202865F4CA3649F100F9
 20:47:34.358 t20388000CD220167DDFA
 20:47:34.358 t20480000C00000000000
 20:47:34.359 t2058D188E2027FFF5000
 20:47:34.458 t200824010A3E004ACA00
 20:47:34.458 t201840000D0E49F1F179
 20:47:34.458 t202865F40A1AA9F100FB
 20:47:34.459 t203880460D220378062A
 20:47:34.459 t20480000000000000000
 20:47:34.459 t2058D18822027FFF5000
 20:47:34.558 t200824034A3E004ACA00
 20:47:34.558 t201842FC4A0EF1F1F17B
 20:47:34.559 t20286000402AF2F900F9
 20:47:34.559 t203883404A2212F7DDF7
 20:47:34.559 t20480000400000000000
 20:47:34.559 t2058D18862027FFF5000
 20:47:34.658 t200824068A3E004ACA00
 20:47:34.658 t2018452E8A0EF1F1F17C
 20:47:34.658 t202865F48A3649F100F9
 20:47:34.659 t2038852E8A2205F7E1FD
 20:47:34.659 t20480000800000000000
 20:47:34.659 t2058D188A2027FFF5000
 20:47:34.759 t20082409CA3E004ACA00
 20:47:34.759 t201845F4CA0EA9F1F17B
 20:47:34.759 t202865F4CA1AA9F100FB
 20:47:34.760 t203885F4CA2208D7F9FF
 20:47:34.760 t20480000C00000000000
 20:47:34.760 t2058D188E2027FFF5000
 20:47:34.859 t2008240C0A3E004ACA00
 20:47:34.859 t201846810A0EF1F1F17B
 20:47:34.859 t20286000002AF2F900F9
 20:47:34.859 t203887010A223FF7FFFF
 20:47:34.859 t20480000000000000000
 20:47:34.859 t2058D18822027FFF5000
 20:47:34.959 t2008240F4A3E004ACA00
 20:47:34.959 t201840004D0E49F1F179
 20:47:34.959 t202865F44A3649F100F9
 20:47:34.960 t203880004D220167DDFA
 20:47:34.960 t20480000400000000000
 20:47:34.960 t2058D18862027FFF5000
 20:47:35.059 t200824118A3E004ACA00
 20:47:35.059 t201842FC8A0EF1F1F17B
 20:47:35.059 t202865F48A1AA9F100FB
 20:47:35.059 t203880468D220378062A
 20:47:35.060 t20480000800000000000
 20:47:35.060 t2058D188A2027FFF5000
 20:47:35.159 t20082414CA3E004ACA00
 20:47:35.159 t2018452ECA0EF1F1F17C
 20:47:35.159 t20286000C02AF2F900F9
 20:47:35.160 t20388340CA2212F7DDF7
 20:47:35.160 t20480000C00000000000
 20:47:35.160 t2058D188E2027FFF5000
 20:47:35.259 t200824170A3E004ACA00
 20:47:35.259 t201845F40A0EA9F1F17B
 20:47:35.259 t202865F40A3649F100F9
 20:47:35.260 t2038852E0A2205F7E1FD
 20:47:35.260 t20480000000000000000
 20:47:35.260 t2058D18822027FFF5000
 20:47:35.363 t2008241A4A3E004ACA00
 20:47:35.363 t201846814A0EF1F1F17B
 20:47:35.364 t202865F44A1AA9F100FB
 20:47:35.364 t203885F44A2208D7F9FF
 20:47:35.364 t20480000400000000000
 20:47:35.364 t2058D18862027FFF5000
 20:47:35.459 t2008241C8A3E004ACA00
 20:47:35.459 t201840008D0E49F1F179
 20:47:35.459 t20286000802AF2F900F9
 20:47:35.459 t203887018A223FF7FFFF
 20:47:35.459 t20480000800000000000
 20:47:35.459 t2058D188A2027FFF5000
 20:47:35.559 t2008241FCA3E004ACA00
 20:47:35.559 t201842FCCA0EF1F1F17B
 20:47:35.559 t202865F4CA3649F100F9
 20:47:35.560 t20388000CD220167DDFA
 20:47:35.560 t20480000C00000000000
 20:47:35.560 t2058D188E2027FFF5000
 20:47:35.659 t200824220A3E004ACA00
 20:47:35.659 t2018452E0A0EF1F1F17C
 20:47:35.659 t202865F40A1AA9F100FB
 20:47:35.659 t203880460D220378062A
 20:47:35.660 t20480000000000000000
 20:47:35.660 t2058D18822027FFF5000
 20:47:35.759 t200824254A3E004ACA00
 20:47:35.759 t201845F44A0EA9F1F17B
 20:47:35.759 t20286000402AF2F900F9
 20:47:35.759 t203883404A2212F7DDF7
 20:47:35.760 t20480000400000000000
 20:47:35.760 t2058D18862027FFF5000
 20:47:35.859 t200824278A3E004ACA00
 20:47:35.859 t201846818A0EF1F1F17B
 20:47:35.859 t202865F48A3649F100F9
 20:47:35.859 t2038852E8A2205F7E1FD
 20:47:35.860 t20480000800000000000
 20:47:35.860 t2058D188A2027FFF5000
 20:47:35.958 t2008242ACA3E004ACA00
 20:47:35.959 t20184000CD0E49F1F179
 20:47:35.959 t202865F4CA1AA9F100FB
 20:47:35.959 t203885F4CA2208D7F9FF
 20:47:35.959 t20480000C00000000000
 20:47:35.959 t2058D188E2027FFF5000
 20:47:36.059 t2008242D0A3E004ACA00
 20:47:36.059 t201842FC0A0EF1F1F17B
 20:47:36.059 t20286000002AF2F900F9
 20:47:36.059 t203887010A223FF7FFFF
 20:47:36.059 t20480000000000000000
 20:47:36.059 t2058D18822027FFF5000
 20:47:36.159 t200824304A3E004ACA00
 20:47:36.159 t2018452E4A0EF1F1F17C
 20:47:36.159 t202865F44A3649F100F9
 20:47:36.159 t203880004D220167DDFA
 20:47:36.159 t20480000400000000000
 20:47:36.159 t2058D18862027FFF5000
 20:47:36.259 t200824338A3E004ACA00
 20:47:36.259 t201845F48A0EA9F1F17B
 20:47:36.259 t202865F48A1AA9F100FB
 20:47:36.259 t203880468D220378062A
 20:47:36.259 t20480000800000000000
 20:47:36.260 t2058D188A2027FFF5000
 20:47:36.359 t20082435CA3E004ACA00
 20:47:36.359 t20184681CA0EF1F1F17B
 20:47:36.359 t20286000C02AF2F900F9
 20:47:36.359 t20388340CA2212F7DDF7
 20:47:36.359 t20480000C00000000000
 20:47:36.360 t2058D188E2027FFF5000
 20:47:36.458 t200824380A3E004ACA00
 20:47:36.459 t201840000D0E49F1F179
 20:47:36.459 t202865F40A3649F100F9
 20:47:36.459 t2038852E0A2205F7E1FD
 20:47:36.459 t20480000000000000000
 20:47:36.459 t2058D18822027FFF5000
 20:47:36.558 t2008243B4A3E004ACA00
 20:47:36.559 t201842FC4A0EF1F1F17B
 20:47:36.559 t2028681F4A1401F101FC
 20:47:36.559 t203885F44A2208D7F9FF
 20:47:36.559 t20480000400000000000
 20:47:36.559 t2058D18862027FFF5000
 20:47:36.658 t2008243E8A3E004ACA00
 20:47:36.659 t2018452E8A0EF1F1F17C
 20:47:36.659 t2028681F8A18F1F100FC
 20:47:36.659 t203887018A223FF7FFFF
 20:47:36.659 t20480000800000000000
 20:47:36.660 t2058D188A2027FFF5000
 20:47:36.758 t20082440CA3E004ACA00
 20:47:36.759 t201845F4CA0EA9F1F17B
 20:47:36.759 t20286000C02AF2F900F9
 20:47:36.759 t20388000CD220167DDFA
 20:47:36.759 t20480000C00000000000
 20:47:36.759 t2058D188E2027FFF5000
 20:47:36.858 t200824430A3E004ACA00
 20:47:36.858 t201846810A0EF1F1F17B
 20:47:36.858 t202865F40A3649F100F9
 20:47:36.858 t203880460D220378062A
 20:47:36.859 t20480000000000000000
 20:47:36.859 t2058D18822027FFF5000
 20:47:36.958 t200824464A3E004ACA00
 20:47:36.959 t201840004D0E49F1F179
 20:47:36.959 t202865F44A1AA9F100FB
 20:47:36.959 t203883404A2212F7DDF7
 20:47:36.959 t20480000400000000000
 20:47:36.959 t2058D18862027FFF5000
 20:47:37.058 t200824498A3E004ACA00
 20:47:37.059 t201842FC8A0EF1F1F17B
 20:47:37.059 t2028681F8A1601F101FC
 20:47:37.059 t2038852E8A2205F7E1FD
 20:47:37.059 t20480000800000000000
 20:47:37.059 t2058D188A2027FFF5000
 20:47:37.158 t2008244CCA3E004ACA00
 20:47:37.158 t2018452ECA0EF1F1F17C
 20:47:37.159 t2028681FCA1AF1F100FC
 20:47:37.159 t203885F4CA2208D7F9FF
 20:47:37.159 t20480000C00000000000
 20:47:37.159 t2058D188E2027FFF5000
 20:47:37.258 t2008244E0A3E004ACA00
 20:47:37.258 t201845F40A0EA9F1F17B
 20:47:37.259 t20286000002AF2F900F9
 20:47:37.259 t203887010A223FF7FFFF
 20:47:37.259 t20480000000000000000
 20:47:37.259 t2058D18822027FFF5000
 20:47:37.359 t200824514A3E004ACA00
 20:47:37.359 t201846814A0EF1F1F17B
 20:47:37.359 t202865F44A3649F100F9
 20:47:37.359 t203880004D220167DDFA
 20:47:37.359 t20480000400000000000
 20:47:37.359 t2058D18862027FFF5000
 20:47:37.458 t200824548A3E004ACA00
 20:47:37.458 t201840008D0E49F1F179
 20:47:37.458 t202865F48A1AA9F100FB
 20:47:37.459 t203880468D220378062A
 20:47:37.459 t20480000800000000000
 20:47:37.459 t2058D188A2027FFF5000
 20:47:37.558 t20082457CA3E004ACA00
 20:47:37.558 t201842FCCA0EF1F1F17B
 20:47:37.559 t2028681FCA1601F101FC
 20:47:37.559 t20388340CA2212F7DDF7
 20:47:37.559 t20480000C00000000000
 20:47:37.559 t2058D188E2027FFF5000
 20:47:37.659 t200824590A3E004ACA00
 20:47:37.659 t2018452E0A0EF1F1F17C
 20:47:37.659 t2028681F0A1AF1F100FC
 20:47:37.659 t2038852E0A2205F7E1FD
 20:47:37.660 t20480000000000000000
 20:47:37.660 t2058D18822027FFF5000
 20:47:37.759 t2008245C4A3E004ACA00
 20:47:37.759 t201845F44A0EA9F1F17B
 20:47:37.759 t20286000402AF2F900F9
 20:47:37.760 t203885F44A2208D7F9FF
 20:47:37.760 t20480000400000000000
 20:47:37.760 t2058D18862027FFF5000
 20:47:37.858 t2008245F8A3E004ACA00
 20:47:37.858 t201846818A0EF1F1F17B
 20:47:37.858 t202865F48A3649F100F9
 20:47:37.858 t203887018A223FF7FFFF
 20:47:37.858 t20480000800000000000
 20:47:37.858 t2058D188A2027FFF5000
 20:47:37.958 t20082462CA3E004ACA00
 20:47:37.958 t20184000CD0E49F1F179
 20:47:37.958 t202865F4CA1AA9F100FB
 20:47:37.958 t20388000CD220167DDFA
 20:47:37.958 t20480000C00000000000
 20:47:37.958 t2058D188E2027FFF5000
 20:47:38.058 t200824650A3E004ACA00
 20:47:38.059 t201842FC0A0EF1F1F17B
 20:47:38.059 t2028681F0A1601F101FC
 20:47:38.059 t203880460D220378062A
 20:47:38.059 t20480000000000000000
 20:47:38.059 t2058D18822027FFF5000
 20:47:38.158 t200824674A3E004ACA00
 20:47:38.158 t2018452E4A0EF1F1F17C
 20:47:38.158 t2028681F4A1AF1F100FC
 20:47:38.158 t203883404A2212F7DDF7
 20:47:38.158 t20480000400000000000
 20:47:38.158 t2058D18862027FFF5000
 20:47:38.258 t2008246A8A3E004ACA00
 20:47:38.258 t201845F48A0EA9F1F17B
 20:47:38.259 t20286000802AF2F900F9
 20:47:38.259 t2038852E8A2205F7E1FD
 20:47:38.259 t20480000800000000000
 20:47:38.259 t2058D188A2027FFF5000
 20:47:38.358 t2008246DCA3E004ACA00
 20:47:38.358 t20184681CA0EF1F1F17B
 20:47:38.358 t202865F4CA3649F100F9
 20:47:38.359 t203885F4CA2208D7F9FF
 20:47:38.359 t20480000C00000000000
 20:47:38.359 t2058D188E2027FFF5000
 20:47:38.459 t200824700A3E004ACA00
 20:47:38.460 t201840000D0E49F1F179
 20:47:38.460 t202865F40A1AA9F100FB
 20:47:38.460 t203887010A223FF7FFFF
 20:47:38.460 t20480000000000000000
 20:47:38.461 t2058D18822027FFF5000
 20:47:38.559 t200824724A3E004ACA00
 20:47:38.559 t201842FC4A0EF1F1F17B
 20:47:38.559 t2028681F4A1601F101FC
 20:47:38.559 t203880004D220167DDFA
 20:47:38.559 t20480000400000000000
 20:47:38.559 t2058D18862027FFF5000
 20:47:38.659 t200824758A3E004ACA00
 20:47:38.659 t2018452E8A0EF1F1F17C
 20:47:38.659 t2028681F8A1AF1F100FC
 20:47:38.659 t203880468D220378062A
 20:47:38.659 t20480000800000000000
 20:47:38.659 t2058D188A2027FFF5000
 20:47:38.759 t20082478CA3E004ACA00
 20:47:38.759 t201845F4CA0EA9F1F17B
 20:47:38.759 t20286000C02AF2F900F9
 20:47:38.759 t20388340CA2212F7DDF7
 20:47:38.759 t20480000C00000000000
 20:47:38.759 t2058D188E2027FFF5000
 20:47:38.862 t2008247B0A3E004ACA00
 20:47:38.862 t201846810A0EF1F1F17B
 20:47:38.862 t202865F40A3649F100F9
 20:47:38.862 t2038852E0A2205F7E1FD
 20:47:38.863 t20480000000000000000
 20:47:38.863 t2058D18822027FFF5000
 20:47:38.958 t2008247E4A3E004ACA00
 20:47:38.959 t2018481F4A0CF1F1F17C
 20:47:38.959 t202865F44A1AA9F100FB
 20:47:38.959 t203885F44A2208D7F9FF
 20:47:38.959 t20480000400000000000
 20:47:38.959 t2058D18862027FFF5000
 20:47:39.059 t200824808A3E004ACA00
 20:47:39.059 t201842FC8A0EF1F1F17B
 20:47:39.059 t2028681F8A1601F101FC
 20:47:39.059 t203887018A223FF7FFFF
 20:47:39.060 t20480000800000000000
 20:47:39.060 t2058D188A2027FFF5000
 20:47:39.161 t20082483CA3E004ACA00
 20:47:39.161 t2018452ECA0EF1F1F17C
 20:47:39.161 t2028681FCA1AF1F100FC
 20:47:39.161 t20388000CD220167DDFA
 20:47:39.161 t20480000C00000000000
 20:47:39.161 t2058D188E2027FFF5000
 20:47:39.258 t200824860A3E004ACA00
 20:47:39.259 t201845F40A0EA9F1F17B
 20:47:39.259 t20286000002AF2F900F9
 20:47:39.259 t203880460D220378062A
 20:47:39.259 t20480000000000000000
 20:47:39.259 t2058D18822027FFF5000
 20:47:39.359 t200824894A3E004ACA00
 20:47:39.359 t201846814A0EF1F1F17B
 20:47:39.359 t202865F44A3649F100F9
 20:47:39.359 t203883404A2212F7DDF7
 20:47:39.359 t20480000400000000000
 20:47:39.360 t2058D18862027FFF5000
 20:47:39.460 t2008248B8A3E004ACA00
 20:47:39.460 t2018481F8A0EF1F1F17C
 20:47:39.461 t202865F48A1AA9F100FB
 20:47:39.461 t2038852E8A2205F7E1FD
 20:47:39.461 t20480000800000000000
 20:47:39.461 t2058D188A2027FFF5000
 20:47:39.558 t2008248ECA3E004ACA00
 20:47:39.558 t20184000CD0E49F1F179
 20:47:39.559 t2028681FCA1601F101FC
 20:47:39.559 t203885F4CA2208D7F9FF
 20:47:39.559 t20480000C00000000000
 20:47:39.559 t2058D188E2027FFF5000
 20:47:39.658 t200824910A3E004ACA00
 20:47:39.659 t201842FC0A0EF1F1F17B
 20:47:39.659 t2028681F0A1AF1F100FC
 20:47:39.659 t203887010A223FF7FFFF
 20:47:39.659 t20480000000000000000
 20:47:39.659 t2058D18822027FFF5000
 20:47:39.759 t200824944A3E004ACA00
 20:47:39.759 t2018452E4A0EF1F1F17C
 20:47:39.759 t20286000402AF2F900F9
 20:47:39.759 t203880004D220167DDFA
 20:47:39.759 t20480000400000000000
 20:47:39.759 t2058D18862027FFF5000
 20:47:39.859 t200824978A3E004ACA00
 20:47:39.859 t201845F48A0EA9F1F17B
 20:47:39.859 t202865F48A3649F100F9
 20:47:39.859 t203880468D220378062A
 20:47:39.859 t20480000800000000000
 20:47:39.859 t2058D188A2027FFF5000
 20:47:39.958 t20082499CA3E004ACA00
 20:47:39.958 t20184681CA0EF1F1F17B
 20:47:39.959 t202865F4CA1AA9F100FB
 20:47:39.959 t20388340CA2212F7DDF7
 20:47:39.959 t20480000C00000000000
 20:47:39.959 t2058D188E2027FFF5000
 20:47:40.058 t2008249C0A3E004ACA00
 20:47:40.059 t2018481F0A0EF1F1F17C
 20:47:40.059 t2028681F0A1601F101FC
 20:47:40.059 t2038852E0A2205F7E1FD
 20:47:40.059 t20480000000000000000
 20:47:40.059 t2058D18822027FFF5000
 20:47:40.159 t2008249F4A3E004ACA00
 20:47:40.159 t201840004D0E49F1F179
 20:47:40.159 t2028681F4A1AF1F100FC
 20:47:40.159 t203885F44A2208D7F9FF
 20:47:40.159 t20480000400000000000
 20:47:40.159 t2058D18862027FFF5000
 20:47:40.258 t200824A28A3E004ACA00
 20:47:40.259 t201842FC8A0EF1F1F17B
 20:47:40.259 t20286000802AF2F900F9
 20:47:40.259 t203887018A223FF7FFFF
 20:47:40.259 t20480000800000000000
 20:47:40.259 t2058D188A2027FFF5000
 20:47:40.358 t200824A4CA3E004ACA00
 20:47:40.359 t2018452ECA0EF1F1F17C
 20:47:40.359 t202865F4CA3649F100F9
 20:47:40.359 t20388000CD220167DDFA
 20:47:40.359 t20480000C00000000000
 20:47:40.359 t2058D188E2027FFF5000
 20:47:40.458 t200824A70A3E004ACA00
 20:47:40.459 t201845F40A0EA9F1F17B
 20:47:40.459 t202865F40A1AA9F100FB
 20:47:40.463 t203880460D220378062A
 20:47:40.463 t20480000000000000000
 20:47:40.463 t2058D18822027FFF5000
 20:47:40.558 t200824AA4A3E004ACA00
 20:47:40.559 t201846814A0EF1F1F17B
 20:47:40.559 t2028681F4A1601F101FC
 20:47:40.559 t203883404A2212F7DDF7
 20:47:40.559 t20480000400000000000
 20:47:40.559 t2058D18862027FFF5000
 20:47:40.658 t200824AD8A3E004ACA00
 20:47:40.659 t2018481F8A0EF1F1F17C
 20:47:40.659 t2028681F8A1AF1F100FC
 20:47:40.659 t2038852E8A2205F7E1FD
 20:47:40.659 t20480000800000000000
 20:47:40.659 t2058D188A2027FFF5000
 20:47:40.759 t200824B0CA3E004ACA00
 20:47:40.759 t20184000CD0E49F1F179
 20:47:40.760 t20286000C02AF2F900F9
 20:47:40.760 t203885F4CA2208D7F9FF
 20:47:40.760 t20480000C00000000000
 20:47:40.760 t2058D188E2027FFF5000
 20:47:40.858 t200824B20A3E004ACA00
 20:47:40.858 t201842FC0A0EF1F1F17B
 20:47:40.859 t202865F40A3649F100F9
 20:47:40.859 t203887010A223FF7FFFF
 20:47:40.859 t20480000000000000000
 20:47:40.859 t2058D18822027FFF5000
 20:47:40.959 t200824B54A3E004ACA00
 20:47:40.959 t2018452E4A0EF1F1F17C
 20:47:40.960 t202865F44A1AA9F100FB
 20:47:40.960 t203880004D220167DDFA
 20:47:40.960 t20480000400000000000
 20:47:40.960 t2058D18862027FFF5000
 20:47:41.058 t200824B88A3E004ACA00
 20:47:41.058 t201845F48A0EA9F1F17B
 20:47:41.059 t2028681F8A1601F101FC
 20:47:41.059 t203880468D220378062A
 20:47:41.059 t20480000800000000000
 20:47:41.059 t2058D188A2027FFF5000
 20:47:41.158 t200824BBCA3E004ACA00
 20:47:41.159 t20184681CA0EF1F1F17B
 20:47:41.159 t2028681FCA1AF1F100FC
 20:47:41.159 t20388340CA2212F7DDF7
 20:47:41.159 t20480000C00000000000
 20:47:41.159 t2058D188E2027FFF5000
 20:47:41.258 t200824BD0A3E004ACA00
 20:47:41.258 t2018481F0A0EF1F1F17C
 20:47:41.259 t20286000002AF2F900F9
 20:47:41.259 t2038852E0A2205F7E1FD
 20:47:41.259 t20480000000000000000
 20:47:41.259 t2058D18822027FFF5000
 20:47:41.359 t200824C04A3E004ACA00
 20:47:41.359 t201840004D0E49F1F179
 20:47:41.359 t202865F44A3649F100F9
 20:47:41.360 t203885F44A2208D7F9FF
 20:47:41.360 t20480000400000000000
 20:47:41.360 t2058D18862027FFF5000
 20:47:41.458 t200824C38A3E004ACA00
 20:47:41.458 t201842FC8A0EF1F1F17B
 20:47:41.458 t202865F48A1AA9F100FB
 20:47:41.458 t203887018A223FF7FFFF
 20:47:41.458 t20480000800000000000
 20:47:41.459 t2058D188A2027FFF5000
 20:47:41.558 t200824C6CA3E004ACA00
 20:47:41.558 t2018452ECA0EF1F1F17C
 20:47:41.558 t2028681FCA1601F101FC
 20:47:41.558 t20388000CD220167DDFA
 20:47:41.558 t20480000C00000000000
 20:47:41.558 t2058D188E2027FFF5000
 20:47:41.658 t200824C90A3E004ACA00
 20:47:41.658 t201845F40A0EA9F1F17B
 20:47:41.658 t2028681F0A1AF1F100FC
 20:47:41.658 t203880460D220378062A
 20:47:41.658 t20480000000000000000
 20:47:41.659 t2058D18822027FFF5000
 20:47:41.759 t200824CB4A3E004ACA00
 20:47:41.760 t201846814A0EF1F1F17B
 20:47:41.760 t20286000402AF2F900F9
 20:47:41.760 t203883404A2212F7DDF7
 20:47:41.760 t20480000400000000000
 20:47:41.760 t2058D18862027FFF5000
 20:47:41.858 t200824CE8A3E004ACA00
 20:47:41.858 t2018481F8A0EF1F1F17C
 20:47:41.858 t202865F48A3649F100F9
 20:47:41.858 t2038852E8A2205F7E1FD
 20:47:41.858 t20480000800000000000
 20:47:41.858 t2058D188A2027FFF5000
 20:47:41.958 t200824D1CA3E004ACA00
 20:47:41.958 t20184000CD0E49F1F179
 20:47:41.958 t202865F4CA1AA9F100FB
 20:47:41.958 t203885F4CA2208D7F9FF
 20:47:41.958 t20480000C00000000000
 20:47:41.958 t2058D188E2027FFF5000
 20:47:42.058 t200824D40A3E004ACA00
 20:47:42.058 t201842FC0A0EF1F1F17B
 20:47:42.058 t2028681F0A1601F101FC
 20:47:42.058 t203887010A223FF7FFFF
 20:47:42.058 t20480000000000000000
 20:47:42.058 t2058D18822027FFF5000
 20:47:42.158 t200824D64A3E004ACA00
 20:47:42.158 t2018452E4A0EF1F1F17C
 20:47:42.158 t2028681F4A1AF1F100FC
 20:47:42.158 t203880004D220167DDFA
 20:47:42.158 t20480000400000000000
 20:47:42.158 t2058D18862027FFF5000
 20:47:42.258 t200824D98A3E004ACA00
 20:47:42.258 t201845F48A0EA9F1F17B
 20:47:42.258 t20286000802AF2F900F9
 20:47:42.258 t203880468D220378062A
 20:47:42.259 t20480000800000000000
 20:47:42.259 t2058D188A2027FFF5000
 20:47:42.358 t200824DCCA3E004ACA00
 20:47:42.358 t20184681CA0EF1F1F17B
 20:47:42.358 t202865F4CA3649F100F9
 20:47:42.358 t20388340CA2212F7DDF7
 20:47:42.359 t20480000C00000000000
 20:47:42.359 t2058D188E2027FFF5000
 20:47:42.459 t200824DF0A3E004ACA00
 20:47:42.459 t2018481F0A0EF1F1F17C
 20:47:42.459 t202865F40A1AA9F100FB
 20:47:42.459 t2038852E0A2205F7E1FD
 20:47:42.460 t20480000000000000000
 20:47:42.460 t2058D18822027FFF5000
 20:47:42.559 t200824E24A3E004ACA00
 20:47:42.559 t201840004D0E49F1F179
 20:47:42.559 t2028681F4A1601F101FC
 20:47:42.559 t203885F44A2208D7F9FF
 20:47:42.560 t20480000400000000000
 20:47:42.560 t2058D18862027FFF5000
 20:47:42.659 t200824E48A3E004ACA00
 20:47:42.659 t201842FC8A0EF1F1F17B
 20:47:42.659 t2028681F8A1AF1F100FC
 20:47:42.659 t203887018A223FF7FFFF
 20:47:42.660 t20480000800000000000
 20:47:42.660 t2058D188A2027FFF5000
 20:47:42.759 t200824E7CA3E004ACA00
 20:47:42.759 t2018452ECA0EF1F1F17C
 20:47:42.759 t20286000C02AF2F900F9
 20:47:42.759 t20388000CD220167DDFA
 20:47:42.759 t20480000C00000000000
 20:47:42.759 t2058D188E2027FFF5000
 20:47:42.858 t200824EA0A3E004ACA00
 20:47:42.859 t201845F40A0EA9F1F17B
 20:47:42.859 t202865F40A3649F100F9
 20:47:42.859 t203880460D220378062A
 20:47:42.859 t20480000000000000000
 20:47:42.859 t2058D18822027FFF5000
 20:47:42.959 t200824ED4A3E004ACA00
 20:47:42.959 t201846814A0EF1F1F17B
 20:47:42.959 t202865F44A1AA9F100FB
 20:47:42.959 t203883404A2212F7DDF7
 20:47:42.959 t20480000400000000000
 20:47:42.960 t2058D18862027FFF5000
 20:47:43.059 t200824EF8A3E004ACA00
 20:47:43.059 t2018481F8A0EF1F1F17C
 20:47:43.059 t2028681F8A1601F101FC
 20:47:43.059 t2038852E8A2205F7E1FD
 20:47:43.059 t20480000800000000000
 20:47:43.060 t2058D188A2027FFF5000
 20:47:43.159 t200824F2CA3E004ACA00
 20:47:43.159 t20184000CD0E49F1F179
 20:47:43.159 t2028681FCA1AF1F100FC
 20:47:43.159 t203885F4CA2208D7F9FF
 20:47:43.160 t20480000C00000000000
 20:47:43.160 t2058D188E2027FFF5000
 20:47:43.259 t200824F50A3E004ACA00
 20:47:43.259 t201842FC0A0EF1F1F17B
 20:47:43.259 t20286000002AF2F900F9
 20:47:43.259 t203887010A223FF7FFFF
 20:47:43.259 t20480000000000000000
 20:47:43.260 t2058D18822027FFF5000
 20:47:43.358 t200824F84A3E004ACA00
 20:47:43.359 t2018452E4A0EF1F1F17C
 20:47:43.359 t202865F44A3649F100F9
 20:47:43.359 t203887014A200C97FDFD
 20:47:43.359 t20480000400000000000
 20:47:43.359 t2058D18862027FFF5000
 20:47:43.458 t200824FB8A3E004ACA00
 20:47:43.458 t201845F48A0EA9F1F17B
 20:47:43.459 t202865F48A1AA9F100FB
 20:47:43.459 t203888208A2005E801FE
 20:47:43.459 t20480000800000000000
 20:47:43.459 t2058D188A2027FFF5000
 20:47:43.558 t200824FDCA3E004ACA00
 20:47:43.558 t20184681CA0EF1F1F17B
 20:47:43.559 t2028681FCA1601F101FC
 20:47:43.559 t203888C3CA2003A7FDFE
 20:47:43.559 t20480000C00000000000
 20:47:43.559 t2058D188E2027FFF5000
 20:47:43.659 t200825000A3E004ACA00
 20:47:43.659 t2018481F0A0EF1F1F17C
 20:47:43.659 t2028681F0A1AF1F100FC
 20:47:43.659 t2038852E0A2205F7E1FD
 20:47:43.659 t20480000000000000000
 20:47:43.660 t2058D18822027FFF5000
 20:47:43.758 t200825034A3E004ACA00
 20:47:43.759 t201840004D0E49F1F179
 20:47:43.759 t20286000402AF2F900F9
 20:47:43.759 t203885F44A2208D7F9FF
 20:47:43.759 t20480000400000000000
 20:47:43.760 t2058D18862027FFF5000
 20:47:43.858 t200825068A3E004ACA00
 20:47:43.859 t201842FC8A0EF1F1F17B
 20:47:43.859 t202865F48A3649F100F9
 20:47:43.859 t203887018A220C97FDFD
 20:47:43.859 t20480000800000000000
 20:47:43.860 t2058D188A2027FFF5000
 20:47:43.958 t20082508CA3E004ACA00
 20:47:43.959 t2018452ECA0EF1F1F17C
 20:47:43.959 t202865F4CA1AA9F100FB
 20:47:43.959 t20388820CA2205E801FE
 20:47:43.959 t20480000C00000000000
 20:47:43.959 t2058D188E2027FFF5000
 20:47:44.058 t2008250B0A3E004ACA00
 20:47:44.059 t201845F40A0EA9F1F17B
 20:47:44.059 t2028681F0A1601F101FC
 20:47:44.059 t203880000D220167DDFA
 20:47:44.059 t20480000000000000000
 20:47:44.059 t2058D18822027FFF5000
 20:47:44.158 t2008250E4A3E004ACA00
 20:47:44.158 t201846814A0EF1F1F17B
 20:47:44.158 t2028681F4A1AF1F100FC
 20:47:44.159 t203880464D220378062A
 20:47:44.159 t20480000400000000000
 20:47:44.159 t2058D18862027FFF5000
 20:47:44.258 t200825118A3E004ACA00
 20:47:44.259 t2018481F8A0EF1F1F17C
 20:47:44.259 t20286000802AF2F900F9
 20:47:44.259 t203888C38A2203A7FDFE
 20:47:44.259 t20480000800000000000
 20:47:44.259 t2058D188A2027FFF5000
 20:47:44.358 t20082514CA3E004ACA00
 20:47:44.358 t20184000CD0E49F1F179
 20:47:44.359 t202865F4CA3649F100F9
 20:47:44.359 t2038852ECA2205F7E1FD
 20:47:44.359 t20480000C00000000000
 20:47:44.359 t2058D188E2027FFF5000
 20:47:44.458 t200825160A3E004ACA00
 20:47:44.459 t201842FC0A0EF1F1F17B
 20:47:44.459 t202865F40A1AA9F100FB
 20:47:44.459 t203885F40A2208D7F9FF
 20:47:44.459 t20480000000000000000
 20:47:44.459 t2058D18822027FFF5000
 20:47:44.558 t200825194A3E004ACA00
 20:47:44.558 t2018452E4A0EF1F1F17C
 20:47:44.559 t2028681F4A1601F101FC
 20:47:44.559 t203887014A220C97FDFD
 20:47:44.559 t20480000400000000000
 20:47:44.559 t2058D18862027FFF5000
 20:47:44.658 t2008251C8A3E004ACA00
 20:47:44.659 t201845F48A0EA9F1F17B
 20:47:44.659 t2028681F8A1AF1F100FC
 20:47:44.659 t203888208A2205E801FE
 20:47:44.659 t20480000800000000000
 20:47:44.659 t2058D188A2027FFF5000
 20:47:44.758 t2008251FCA3E004ACA00
 20:47:44.758 t20184681CA0EF1F1F17B
 20:47:44.758 t20286000C02AF2F900F9
 20:47:44.758 t20388000CD220167DDFA
 20:47:44.759 t20480000C00000000000
 20:47:44.759 t2058D188E2027FFF5000
 20:47:44.858 t200825210A3E004ACA00
 20:47:44.858 t2018481F0A0EF1F1F17C
 20:47:44.858 t202865F40A3649F100F9
 20:47:44.858 t203880460D220378062A
 20:47:44.858 t20480000000000000000
 20:47:44.859 t2058D18822027FFF5000
 20:47:44.958 t200825244A3E004ACA00
 20:47:44.958 t201840004D0E49F1F179
 20:47:44.959 t202865F44A1AA9F100FB
 20:47:44.959 t203888C34A2203A7FDFE
 20:47:44.959 t20480000400000000000
 20:47:44.959 t2058D18862027FFF5000
 20:47:45.058 t200825278A3E004ACA00
 20:47:45.058 t201842FC8A0EF1F1F17B
 20:47:45.058 t2028681F8A1601F101FC
 20:47:45.058 t2038852E8A2205F7E1FD
 20:47:45.058 t20480000800000000000
 20:47:45.058 t2058D188A2027FFF5000
 20:47:45.158 t2008252ACA3E004ACA00
 20:47:45.158 t2018452ECA0EF1F1F17C
 20:47:45.159 t2028681FCA1AF1F100FC
 20:47:45.159 t203885F4CA2208D7F9FF
 20:47:45.159 t20480000C00000000000
 20:47:45.159 t2058D188E2027FFF5000
 20:47:45.258 t2008252D0A3E004ACA00
 20:47:45.258 t201845F40A0EA9F1F17B
 20:47:45.259 t20286000002AF2F900F9
 20:47:45.259 t203887010A220C97FDFD
 20:47:45.259 t20480000000000000000
 20:47:45.260 t2058D18822027FFF5000
 20:47:45.358 t2008252F4A3E004ACA00
 20:47:45.358 t201848FD4A0CF1F1F17B
 20:47:45.358 t202865F44A3649F100F9
 20:47:45.359 t203888204A2205E801FE
 20:47:45.359 t20480000400000000000
 20:47:45.359 t2058D18862027FFF5000
 20:47:45.458 t200825328A3E004ACA00
 20:47:45.458 t201842FC8A0EF1F1F17B
 20:47:45.458 t202865F48A1AA9F100FB
 20:47:45.458 t203880008D220167DDFA
 20:47:45.458 t20480000800000000000
 20:47:45.458 t2058D188A2027FFF5000
 20:47:45.558 t20082535CA3E004ACA00
 20:47:45.558 t2018452ECA0EF1F1F17C
 20:47:45.558 t2028681FCA1601F101FC
 20:47:45.558 t20388046CD220378062A
 20:47:45.558 t20480000C00000000000
 20:47:45.558 t2058D188E2027FFF5000
 20:47:45.658 t200825380A3E004ACA00
 20:47:45.658 t201845F40A0EA9F1F17B
 20:47:45.658 t2028681F0A1AF1F100FC
 20:47:45.659 t203888C30A2203A7FDFE
 20:47:45.659 t20480000000000000000
 20:47:45.659 t2058D18822027FFF5000
 20:47:45.758 t2008253A4A3E004ACA00
 20:47:45.758 t201846814A0EF1F1F17B
 20:47:45.758 t20286000402AF2F900F9
 20:47:45.759 t2038852E4A2205F7E1FD
 20:47:45.759 t20480000400000000000
 20:47:45.759 t2058D18862027FFF5000
 20:47:45.858 t2008253D8A3E004ACA00
 20:47:45.858 t2018481F8A0EF1F1F17C
 20:47:45.858 t202865F48A3649F100F9
 20:47:45.859 t203885F48A2208D7F9FF
 20:47:45.859 t20480000800000000000
 20:47:45.859 t2058D188A2027FFF5000
 20:47:45.958 t20082540CA3E004ACA00
 20:47:45.958 t20184000CD0E49F1F179
 20:47:45.959 t202865F4CA1AA9F100FB
 20:47:45.959 t20388701CA220C97FDFD
 20:47:45.959 t20480000C00000000000
 20:47:45.959 t2058D188E2027FFF5000
 20:47:46.058 t200825430A3E004ACA00
 20:47:46.058 t201848FD0A0EF1F1F17B
 20:47:46.058 t2028681F0A1601F101FC
 20:47:46.058 t203888200A2205E801FE
 20:47:46.058 t20480000000000000000
 20:47:46.058 t2058D18822027FFF5000
 20:47:46.158 t200825464A3E004ACA00
 20:47:46.158 t201842FC4A0EF1F1F17B
 20:47:46.158 t2028681F4A1AF1F100FC
 20:47:46.158 t203880004D220167DDFA
 20:47:46.158 t20480000400000000000
 20:47:46.158 t2058D18862027FFF5000
 20:47:46.258 t200825488A3E004ACA00
 20:47:46.258 t2018452E8A0EF1F1F17C
 20:47:46.258 t20286000802AF2F900F9
 20:47:46.258 t203880468D220378062A
 20:47:46.259 t20480000800000000000
 20:47:46.259 t2058D188A2027FFF5000
 20:47:46.358 t2008254BCA3E004ACA00
 20:47:46.358 t201845F4CA0EA9F1F17B
 20:47:46.358 t202865F4CA3649F100F9
 20:47:46.359 t203888C3CA2203A7FDFE
 20:47:46.359 t20480000C00000000000
 20:47:46.359 t2058D188E2027FFF5000
 20:47:46.459 t2008254E0A3E004ACA00
 20:47:46.459 t201846810A0EF1F1F17B
 20:47:46.459 t202865F40A1AA9F100FB
 20:47:46.459 t2038852E0A2205F7E1FD
 20:47:46.460 t20480000000000000000
 20:47:46.460 t2058D18822027FFF5000
 20:47:46.559 t200825514A3E004ACA00
 20:47:46.559 t2018481F4A0EF1F1F17C
 20:47:46.559 t2028681F4A1601F101FC
 20:47:46.559 t203885F44A2208D7F9FF
 20:47:46.560 t20480000400000000000
 20:47:46.560 t2058D18862027FFF5000
 20:47:46.659 t200825538A3E004ACA00
 20:47:46.659 t201840008D0E49F1F179
 20:47:46.659 t2028681F8A1AF1F100FC
 20:47:46.659 t203887018A220C97FDFD
 20:47:46.660 t20480000800000000000
 20:47:46.660 t2058D188A2027FFF5000
 20:47:46.758 t20082556CA3E004ACA00
 20:47:46.759 t201848FDCA0EF1F1F17B
 20:47:46.759 t20286000C02AF2F900F9
 20:47:46.759 t20388820CA2205E801FE
 20:47:46.759 t20480000C00000000000
 20:47:46.759 t2058D188E2027FFF5000
 20:47:46.858 t200825590A3E004ACA00
 20:47:46.859 t201842FC0A0EF1F1F17B
 20:47:46.859 t202865F40A3649F100F9
 20:47:46.859 t203880000D220167DDFA
 20:47:46.859 t20480000000000000000
 20:47:46.859 t2058D18822027FFF5000
 20:47:46.959 t2008255C4A3E004ACA00
 20:47:46.959 t2018452E4A0EF1F1F17C
 20:47:46.959 t202865F44A1AA9F100FB
 20:47:46.959 t203880464D220378062A
 20:47:46.959 t20480000400000000000
 20:47:46.960 t2058D18862027FFF5000
 20:47:47.058 t2008255F8A3E004ACA00
 20:47:47.059 t201845F48A0EA9F1F17B
 20:47:47.059 t2028681F8A1601F101FC
 20:47:47.059 t203888C38A2203A7FDFE
 20:47:47.059 t20480000800000000000
 20:47:47.059 t2058D188A2027FFF5000
 20:47:47.159 t20082561CA3E004ACA00
 20:47:47.159 t20184681CA0EF1F1F17B
 20:47:47.159 t2028681FCA1AF1F100FC
 20:47:47.159 t2038852ECA2205F7E1FD
 20:47:47.160 t20480000C00000000000
 20:47:47.160 t2058D188E2027FFF5000
 20:47:47.259 t200825640A3E004ACA00
 20:47:47.259 t2018481F0A0EF1F1F17C
 20:47:47.259 t20286000002AF2F900F9
 20:47:47.259 t203885F40A2208D7F9FF
 20:47:47.259 t20480000000000000000
 20:47:47.260 t2058D18822027FFF5000
 20:47:47.359 t200825674A3E004ACA00
 20:47:47.359 t201840004D0E49F1F179
 20:47:47.359 t202865F44A3649F100F9
 20:47:47.359 t203887014A220C97FDFD
 20:47:47.359 t20480000400000000000
 20:47:47.360 t2058D18862027FFF5000
 20:47:47.458 t2008256A8A3E004ACA00
 20:47:47.458 t201848FD8A0EF1F1F17B
 20:47:47.458 t202865F48A1AA9F100FB
 20:47:47.459 t203888208A2205E801FE
 20:47:47.459 t20480000800000000000
 20:47:47.459 t2058D188A2027FFF5000
 20:47:47.558 t2008256CCA3E004ACA00
 20:47:47.558 t201842FCCA0EF1F1F17B
 20:47:47.558 t2028681FCA1601F101FC
 20:47:47.559 t20388000CD220167DDFA
 20:47:47.559 t20480000C00000000000
 20:47:47.559 t2058D188E2027FFF5000
 20:47:47.658 t2008256F0A3E004ACA00
 20:47:47.659 t2018452E0A0EF1F1F17C
 20:47:47.659 t2028681F0A1AF1F100FC
 20:47:47.659 t203880460D220378062A
 20:47:47.659 t20480000000000000000
 20:47:47.660 t2058D18822027FFF5000
 20:47:47.758 t200825724A3E004ACA00
 20:47:47.758 t201845F44A0EA9F1F17B
 20:47:47.759 t20286000402AF2F900F9
 20:47:47.759 t203888C34A2203A7FDFE
 20:47:47.759 t20480000400000000000
 20:47:47.759 t2058D18862027FFF5000
 20:47:47.858 t200825758A3E004ACA00
 20:47:47.859 t201846818A0EF1F1F17B
 20:47:47.859 t202865F48A3649F100F9
 20:47:47.859 t2038852E8A2205F7E1FD
 20:47:47.859 t20480000800000000000
 20:47:47.859 t2058D188A2027FFF5000
 20:47:47.958 t20082578CA3E004ACA00
 20:47:47.958 t2018481FCA0EF1F1F17C
 20:47:47.959 t202865F4CA1AA9F100FB
 20:47:47.959 t203885F4CA2208D7F9FF
 20:47:47.959 t20480000C00000000000
 20:47:47.959 t2058D188E2027FFF5000
 20:47:48.058 t2008257A0A3E004ACA00
 20:47:48.058 t201840000D0E49F1F179
 20:47:48.058 t2028681F0A1601F101FC
 20:47:48.059 t203887010A220C97FDFD
 20:47:48.059 t20480000000000000000
 20:47:48.059 t2058D18822027FFF5000
 20:47:48.158 t2008257D4A3E004ACA00
 20:47:48.158 t201848FD4A0EF1F1F17B
 20:47:48.158 t2028681F4A1AF1F100FC
 20:47:48.158 t203888204A2205E801FE
 20:47:48.158 t20480000400000000000
 20:47:48.159 t2058D18862027FFF5000
 20:47:48.258 t200825808A3E004ACA00
 20:47:48.258 t201842FC8A0EF1F1F17B
 20:47:48.258 t20286000802AF2F900F9
 20:47:48.258 t203880008D220167DDFA
 20:47:48.258 t20480000800000000000
 20:47:48.259 t2058D188A2027FFF5000
 20:47:48.358 t20082583CA3E004ACA00
 20:47:48.358 t2018452ECA0EF1F1F17C
 20:47:48.358 t202865F4CA3649F100F9
 20:47:48.358 t20388046CD220378062A
 20:47:48.359 t20480000C00000000000
 20:47:48.359 t2058D188E2027FFF5000
 20:47:48.458 t200825850A3E004ACA00
 20:47:48.458 t201845F40A0EA9F1F17B
 20:47:48.459 t202865F40A1AA9F100FB
 20:47:48.459 t203888C30A2203A7FDFE
 20:47:48.459 t20480000000000000000
 20:47:48.459 t2058D18822027FFF5000
 20:47:48.558 t200825884A3E004ACA00
 20:47:48.558 t201846814A0EF1F1F17B
 20:47:48.559 t2028681F4A1601F101FC
 20:47:48.559 t2038852E4A2205F7E1FD
 20:47:48.559 t20480000400000000000
 20:47:48.559 t2058D18862027FFF5000
 20:47:48.658 t2008258B8A3E004ACA00
 20:47:48.658 t2018481F8A0EF1F1F17C
 20:47:48.658 t2028681F8A1AF1F100FC
 20:47:48.658 t203885F48A2208D7F9FF
 20:47:48.659 t20480000800000000000
 20:47:48.659 t2058D188A2027FFF5000
 20:47:48.758 t2008258DCA3E004ACA00
 20:47:48.758 t20184000CD0E49F1F179
 20:47:48.758 t20286000C02AF2F900F9
 20:47:48.758 t20388701CA220C97FDFD
 20:47:48.758 t20480000C00000000000
 20:47:48.758 t2058D188E2027FFF5000
 20:47:48.858 t200825900A3E004ACA00
 20:47:48.858 t201848FD0A0EF1F1F17B
 20:47:48.858 t202865F40A3649F100F9
 20:47:48.858 t203888200A2205E801FE
 20:47:48.858 t20480000000000000000
 20:47:48.858 t2058D18822027FFF5000
 20:47:48.958 t200825934A3E004ACA00
 20:47:48.958 t201842FC4A0EF1F1F17B
 20:47:48.958 t202865F44A1AA9F100FB
 20:47:48.959 t203880004D220167DDFA
 20:47:48.959 t20480000400000000000
 20:47:48.959 t2058D18862027FFF5000
 20:47:49.058 t200825958A3E004ACA00
 20:47:49.058 t2018452E8A0EF1F1F17C
 20:47:49.058 t2028681F8A1601F101FC
 20:47:49.059 t203880468D220378062A
 20:47:49.059 t20480000800000000000
 20:47:49.059 t2058D188A2027FFF5000
 20:47:49.158 t20082598CA3E004ACA00
 20:47:49.158 t201845F4CA0EA9F1F17B
 20:47:49.158 t2028681FCA1AF1F100FC
 20:47:49.159 t203888C3CA2203A7FDFE
 20:47:49.159 t20480000C00000000000
 20:47:49.159 t2058D188E2027FFF5000
 20:47:49.258 t2008259B0A3E004ACA00
 20:47:49.258 t201846810A0EF1F1F17B
 20:47:49.258 t20286000002AF2F900F9
 20:47:49.259 t2038852E0A2205F7E1FD
 20:47:49.259 t20480000000000000000
 20:47:49.259 t2058D18822027FFF5000
 20:47:49.358 t2008259E4A3E004ACA00
 20:47:49.358 t2018481F4A0EF1F1F17C
 20:47:49.359 t202865F44A3649F100F9
 20:47:49.359 t203885F44A2208D7F9FF
 20:47:49.359 t20480000400000000000
 20:47:49.359 t2058D18862027FFF5000
 20:47:49.458 t200825A18A3E004ACA00
 20:47:49.458 t201840008D0E49F1F179
 20:47:49.458 t202865F48A1AA9F100FB
 20:47:49.458 t203887018A220C97FDFD
 20:47:49.458 t20480000800000000000
 20:47:49.458 t2058D188A2027FFF5000
 20:47:49.558 t200825A3CA3E004ACA00
 20:47:49.558 t201848FDCA0EF1F1F17B
 20:47:49.558 t2028681FCA1601F101FC
 20:47:49.558 t20388820CA2205E801FE
 20:47:49.558 t20480000C00000000000
 20:47:49.559 t2058D188E2027FFF5000
 20:47:49.658 t200825A60A3E004ACA00
 20:47:49.658 t2018452E0A0EF1F1F17C
 20:47:49.658 t2028681F0A1AF1F100FC
 20:47:49.658 t203880000D220167DDFA
 20:47:49.658 t20480000000000000000
 20:47:49.658 t2058D18822027FFF5000
 20:47:49.758 t200825A94A3E004ACA00
 20:47:49.758 t201845F44A0EA9F1F17B
 20:47:49.758 t20286000402AF2F900F9
 20:47:49.758 t203880464D220378062A
 20:47:49.758 t20480000400000000000
 20:47:49.758 t2058D18862027FFF5000
 20:47:49.858 t200825AC8A3E004ACA00
 20:47:49.858 t201846818A0EF1F1F17B
 20:47:49.858 t202865F48A3649F100F9
 20:47:49.858 t203888C38A2203A7FDFE
 20:47:49.858 t20480000800000000000
 20:47:49.858 t2058D188A2027FFF5000
 20:47:49.958 t200825AECA3E004ACA00
 20:47:49.958 t2018481FCA0EF1F1F17C
 20:47:49.958 t202865F4CA1AA9F100FB
 20:47:49.958 t2038852ECA2205F7E1FD
 20:47:49.958 t20480000C00000000000
 20:47:49.958 t2058D188E2027FFF5000
 20:47:50.058 t200825B10A3E004ACA00
 20:47:50.058 t201840000D0E49F1F179
 20:47:50.058 t2028681F0A1601F101FC
 20:47:50.058 t203885F40A2208D7F9FF
 20:47:50.058 t20480000000000000000
 20:47:50.058 t2058D18822027FFF5000
 20:47:50.158 t200825B44A3E004ACA00
 20:47:50.158 t201848FD4A0EF1F1F17B
 20:47:50.158 t2028681F4A1AF1F100FC
 20:47:50.158 t203887014A220C97FDFD
 20:47:50.159 t20480000400000000000
 20:47:50.159 t2058D18862027FFF5000
 20:47:50.258 t200825B78A3E004ACA00
 20:47:50.258 t2018452E8A0EF1F1F17C
 20:47:50.258 t20286000802AF2F900F9
 20:47:50.258 t203888208A2205E801FE
 20:47:50.258 t20480000800000000000
 20:47:50.258 t2058D188A2027FFF5000
 20:47:50.357 t200825BACA3E004ACA00
 20:47:50.358 t201845F4CA0EA9F1F17B
 20:47:50.358 t202865F4CA3649F100F9
 20:47:50.358 t20388000CD220167DDFA
 20:47:50.358 t20480000C00000000000
 20:47:50.358 t2058D188E2027FFF5000
 20:47:50.458 t200825BC0A3E004ACA00
 20:47:50.458 t201846810A0EF1F1F17B
 20:47:50.458 t202865F40A1AA9F100FB
 20:47:50.458 t203880460D220378062A
 20:47:50.459 t20480000000000000000
 20:47:50.459 t2058D18822027FFF5000
 20:47:50.558 t200825BF4A3E004ACA00
 20:47:50.558 t2018481F4A0EF1F1F17C
 20:47:50.558 t2028681F4A1601F101FC
 20:47:50.558 t203888C34A2203A7FDFE
 20:47:50.558 t20480000400000000000
 20:47:50.559 t2058D18862027FFF5000
 20:47:50.658 t200825C28A3E004ACA00
 20:47:50.658 t201840008D0E49F1F179
 20:47:50.658 t2028681F8A1AF1F100FC
 20:47:50.658 t2038852E8A2205F7E1FD
 20:47:50.658 t20480000800000000000
 20:47:50.658 t2058D188A2027FFF5000
 20:47:50.759 t200825C5CA3E004ACA00
 20:47:50.759 t201848FDCA0EF1F1F17B
 20:47:50.760 t20286000C02AF2F900F9
 20:47:50.760 t203885F4CA2208D7F9FF
 20:47:50.760 t20480000C00000000000
 20:47:50.760 t2058D188E2027FFF5000
 20:47:50.859 t200825C70A3E004ACA00
 20:47:50.859 t2018452E0A0EF1F1F17C
 20:47:50.859 t202865F40A3649F100F9
 20:47:50.859 t203887010A220C97FDFD
 20:47:50.860 t20480000000000000000
 20:47:50.860 t2058D18822027FFF5000
 20:47:50.958 t200825CA4A3E004ACA00
 20:47:50.959 t201845F44A0EA9F1F17B
 20:47:50.959 t202865F44A1AA9F100FB
 20:47:50.959 t203888204A2205E801FE
 20:47:50.959 t20480000400000000000
 20:47:50.959 t2058D18862027FFF5000
 20:47:51.059 t200825CD8A3E004ACA00
 20:47:51.059 t201846818A0EF1F1F17B
 20:47:51.059 t2028681F8A1601F101FC
 20:47:51.060 t203880008D220167DDFA
 20:47:51.060 t20480000800000000000
 20:47:51.060 t2058D188A2027FFF5000
 20:47:51.158 t200825D0CA3E004ACA00
 20:47:51.159 t2018481FCA0EF1F1F17C
 20:47:51.159 t2028681FCA1AF1F100FC
 20:47:51.159 t20388046CD220378062A
 20:47:51.160 t20480000C00000000000
 20:47:51.160 t2058D188E2027FFF5000
 20:47:51.259 t200825D30A3E004ACA00
 20:47:51.259 t201840000D0E49F1F179
 20:47:51.259 t20286000002AF2F900F9
 20:47:51.260 t203888C30A2203A7FDFE
 20:47:51.260 t20480000000000000000
 20:47:51.260 t2058D18822027FFF5000
 20:47:51.359 t200825D54A3E004ACA00
 20:47:51.359 t201848FD4A0EF1F1F17B
 20:47:51.359 t202865F44A3649F100F9
 20:47:51.360 t2038852E4A2205F7E1FD
 20:47:51.360 t20480000400000000000
 20:47:51.360 t2058D18862027FFF5000
 20:47:51.459 t200825D88A3E004ACA00
 20:47:51.459 t2018452E8A0EF1F1F17C
 20:47:51.459 t202865F48A1AA9F100FB
 20:47:51.459 t203885F48A2208D7F9FF
 20:47:51.460 t20480000800000000000
 20:47:51.460 t2058D188A2027FFF5000
 20:47:51.558 t200825DBCA3E004ACA00
 20:47:51.559 t201845F4CA0EA9F1F17B
 20:47:51.559 t2028681FCA1601F101FC
 20:47:51.559 t20388701CA220C97FDFD
 20:47:51.559 t20480000C00000000000
 20:47:51.559 t2058D188E2027FFF5000
 20:47:51.659 t200825DE0A3E004ACA00
 20:47:51.659 t201846810A0EF1F1F17B
 20:47:51.659 t2028681F0A1AF1F100FC
 20:47:51.659 t203888200A2205E801FE
 20:47:51.659 t20480000000000000000
 20:47:51.660 t2058D18822027FFF5000
 20:47:51.758 t200825E04A3E004ACA00
 20:47:51.759 t2018481F4A0EF1F1F17C
 20:47:51.759 t20286000402AF2F900F9
 20:47:51.760 t203880004D220167DDFA
 20:47:51.760 t20480000400000000000
 20:47:51.760 t2058D18862027FFF5000
 20:47:51.858 t200825E38A3E004ACA00
 20:47:51.859 t201840008D0E49F1F179
 20:47:51.859 t202865F48A3649F100F9
 20:47:51.859 t203880468D220378062A
 20:47:51.860 t20480000800000000000
 20:47:51.860 t2058D188A2027FFF5000
 20:47:51.959 t200825E6CA3E004ACA00
 20:47:51.959 t201848FDCA0EF1F1F17B
 20:47:51.959 t202865F4CA1AA9F100FB
 20:47:51.959 t203888C3CA2203A7FDFE
 20:47:51.960 t20480000C00000000000
 20:47:51.960 t2058D188E2027FFF5000
 20:47:52.058 t200825E90A3E004ACA00
 20:47:52.059 t2018452E0A0EF1F1F17C
 20:47:52.059 t2028681F0A1601F101FC
 20:47:52.059 t2038852E0A2205F7E1FD
 20:47:52.060 t20480000000000000000
 20:47:52.060 t2058D18822027FFF5000
 20:47:52.158 t200825EC4A3E004ACA00
 20:47:52.159 t201845F44A0EA9F1F17B
 20:47:52.159 t2028681F4A1AF1F100FC
 20:47:52.159 t203885F44A2208D7F9FF
 20:47:52.160 t20480000400000000000
 20:47:52.160 t2058D18862027FFF5000
 20:47:52.258 t200825EE8A3E004ACA00
 20:47:52.259 t201846818A0EF1F1F17B
 20:47:52.259 t20286000802AF2F900F9
 20:47:52.259 t203887018A220C97FDFD
 20:47:52.259 t20480000800000000000
 20:47:52.259 t2058D188A2027FFF5000
 20:47:52.358 t200825F1CA3E004ACA00
 20:47:52.358 t2018481FCA0EF1F1F17C
 20:47:52.359 t202865F4CA3649F100F9
 20:47:52.359 t20388820CA2205E801FE
 20:47:52.359 t20480000C00000000000
 20:47:52.359 t2058D188E2027FFF5000
 20:47:52.458 t200825F50A3E004ACA00
 20:47:52.459 t201840000D0E49F1F179
 20:47:52.459 t202865F40A1AA9F100FB
 20:47:52.459 t203880000D220167DDFA
 20:47:52.459 t20480000000000000000
 20:47:52.460 t2058D18822027FFF5000
 20:47:52.558 t200825F74A3E004ACA00
 20:47:52.559 t2018452E4A0EF1F1F17C
 20:47:52.559 t2028681F4A1601F101FC
 20:47:52.559 t203880464D220378062A
 20:47:52.559 t20480000400000000000
 20:47:52.560 t2058D18862027FFF5000
 20:47:52.658 t200825FA8A3E004ACA00
 20:47:52.658 t201845F48A0EA9F1F17B
 20:47:52.659 t2028681F8A1AF1F100FC
 20:47:52.659 t203888C38A2203A7FDFE
 20:47:52.659 t20480000800000000000
 20:47:52.660 t2058D188A2027FFF5000
 20:47:52.758 t200825FDCA3E004ACA00
 20:47:52.758 t20184681CA0EF1F1F17B
 20:47:52.759 t20286000C02AF2F900F9
 20:47:52.759 t2038852ECA2205F7E1FD
 20:47:52.759 t20480000C00000000000
 20:47:52.760 t2058D188E2027FFF5000
 20:47:52.858 t200826000A3E004ACA00
 20:47:52.859 t2018481F0A0EF1F1F17C
 20:47:52.859 t202865F40A3649F100F9
 20:47:52.859 t203885F40A2208D7F9FF
 20:47:52.859 t20480000000000000000
 20:47:52.860 t2058D18822027FFF5000
 20:47:52.958 t200826034A3E004ACA00
 20:47:52.958 t201848FD4A0EF1F1F17B
 20:47:52.958 t202865F44A1AA9F100FB
 20:47:52.959 t203887014A220C97FDFD
 20:47:52.959 t20480000400000000000
 20:47:52.959 t2058D18862027FFF5000
 20:47:53.058 t200826058A3E004ACA00
 20:47:53.058 t2018452E8A0EF1F1F17C
 20:47:53.058 t2028681F8A1601F101FC
 20:47:53.058 t203888208A2205E801FE
 20:47:53.058 t20480000800000000000
 20:47:53.058 t2058D188A2027FFF5000
 20:47:53.158 t20082608CA3E004ACA00
 20:47:53.159 t201845F4CA0EA9F1F17B
 20:47:53.159 t2028681FCA1AF1F100FC
 20:47:53.159 t20388000CD220167DDFA
 20:47:53.159 t20480000C00000000000
 20:47:53.160 t2058D188E2027FFF5000
 20:47:53.259 t2008260B0A3E004ACA00
 20:47:53.259 t201846810A0EF1F1F17B
 20:47:53.260 t20286000002AF2F900F9
 20:47:53.260 t203880460D220378062A
 20:47:53.260 t20480000000000000000
 20:47:53.260 t2058D18822027FFF5000
 20:47:53.358 t2008260E4A3E004ACA00
 20:47:53.359 t2018481F4A0EF1F1F17C
 20:47:53.359 t202865F44A3649F100F9
 20:47:53.359 t203888C34A2203A7FDFE
 20:47:53.359 t20480000400000000000
 20:47:53.359 t2058D18862027FFF5000
 20:47:53.459 t200826108A3E004ACA00
 20:47:53.459 t201848FD8A0EF1F1F17B
 20:47:53.459 t202865F48A1AA9F100FB
 20:47:53.459 t2038852E8A2205F7E1FD
 20:47:53.460 t20480000800000000000
 20:47:53.460 t2058D188A2027FFF5000
 20:47:53.558 t20082613CA3E004ACA00
 20:47:53.559 t2018452ECA0EF1F1F17C
 20:47:53.559 t2028681FCA1601F101FC
 20:47:53.559 t20388987CA203FF7FBFF
 20:47:53.559 t20480000C00000000000
 20:47:53.560 t2058D188E2027FFF5000
 20:47:53.658 t200826160A3E004ACA00
 20:47:53.658 t201845F40A0EA9F1F17B
 20:47:53.658 t2028681F0A1AF1F100FC
 20:47:53.658 t203885F40A2208D7F9FF
 20:47:53.659 t20480000000000000000
 20:47:53.659 t2058D18822027FFF5000
 20:47:53.758 t200826194A3E004ACA00
 20:47:53.758 t201846814A0EF1F1F17B
 20:47:53.758 t20286000402AF2F900F9
 20:47:53.758 t203887014A220C97FDFD
 20:47:53.758 t20480000400000000000
 20:47:53.759 t2058D18862027FFF5000
 20:47:53.858 t2008261C8A3E004ACA00
 20:47:53.858 t2018481F8A0EF1F1F17C
 20:47:53.858 t202865F48A3649F100F9
 20:47:53.858 t203888208A2205E801FE
 20:47:53.859 t20480000800000000000
 20:47:53.859 t2058D188A2027FFF5000
 20:47:53.958 t2008261ECA3E004ACA00
 20:47:53.959 t201848FDCA0EF1F1F17B
 20:47:53.959 t202865F4CA1AA9F100FB
 20:47:53.959 t20388000CD220167DDFA
 20:47:53.959 t20480000C00000000000
 20:47:53.960 t2058D188E2027FFF5000
 20:47:54.058 t200826210A3E004ACA00
 20:47:54.059 t2018452E0A0EF1F1F17C
 20:47:54.059 t2028681F0A1601F101FC
 20:47:54.059 t203880460D220378062A
 20:47:54.059 t20480000000000000000
 20:47:54.060 t2058D18822027FFF5000
 20:47:54.158 t200826244A3E004ACA00
 20:47:54.159 t201845F44A0EA9F1F17B
 20:47:54.159 t2028681F4A1AF1F100FC
 20:47:54.159 t203888C34A2203A7FDFE
 20:47:54.160 t20480000400000000000
 20:47:54.160 t2058D18862027FFF5000
 20:47:54.258 t200826278A3E004ACA00
 20:47:54.258 t201846818A0EF1F1F17B
 20:47:54.259 t20286000802AF2F900F9
 20:47:54.259 t203889878A223FF7FBFF
 20:47:54.259 t20480000800000000000
 20:47:54.260 t2058D188A2027FFF5000
 20:47:54.358 t20082629CA3E004ACA00
 20:47:54.358 t2018481FCA0EF1F1F17C
 20:47:54.358 t202865F4CA3649F100F9
 20:47:54.358 t203885F4CA2208D7F9FF
 20:47:54.358 t20480000C00000000000
 20:47:54.358 t2058D188E2027FFF5000
 20:47:54.458 t2008262C0A3E004ACA00
 20:47:54.458 t201848FD0A0EF1F1F17B
 20:47:54.458 t202865F40A1AA9F100FB
 20:47:54.458 t203887010A220C97FDFD
 20:47:54.458 t20480000000000000000
 20:47:54.458 t2058D18822027FFF5000
 20:47:54.558 t2008262F4A3E004ACA00
 20:47:54.558 t2018452E4A0EF1F1F17C
 20:47:54.558 t2028681F4A1601F101FC
 20:47:54.559 t203888204A2205E801FE
 20:47:54.559 t20480000400000000000
 20:47:54.559 t2058D18862027FFF5000
 20:47:54.658 t200826328A3E004ACA00
 20:47:54.658 t201845F48A0EA9F1F17B
 20:47:54.659 t2028681F8A1AF1F100FC
 20:47:54.659 t203880008D220167DDFA
 20:47:54.659 t20480000800000000000
 20:47:54.659 t2058D188A2027FFF5000
 20:47:54.758 t20082635CA3E004ACA00
 20:47:54.758 t20184681CA0EF1F1F17B
 20:47:54.758 t20286000C02AF2F900F9
 20:47:54.758 t20388046CD220378062A
 20:47:54.758 t20480000C00000000000
 20:47:54.759 t2058D188E2027FFF5000
 20:47:54.858 t200826370A3E004ACA00
 20:47:54.859 t2018481F0A0EF1F1F17C
 20:47:54.859 t202865F40A3649F100F9
 20:47:54.859 t203888C30A2203A7FDFE
 20:47:54.859 t20480000000000000000
 20:47:54.860 t2058D18822027FFF5000
 20:47:54.958 t2008263A4A3E004ACA00
 20:47:54.958 t201848FD4A0EF1F1F17B
 20:47:54.959 t202865F44A1AA9F100FB
 20:47:54.959 t203889874A223FF7FBFF
 20:47:54.959 t20480000400000000000
 20:47:54.959 t2058D18862027FFF5000
 20:47:55.058 t2008263D8A3E004ACA00
 20:47:55.058 t2018452E8A0EF1F1F17C
 20:47:55.058 t2028681F8A1601F101FC
 20:47:55.059 t203885F48A2208D7F9FF
 20:47:55.059 t20480000800000000000
 20:47:55.059 t2058D188A2027FFF5000
 20:47:55.158 t20082640CA3E004ACA00
 20:47:55.158 t201845F4CA0EA9F1F17B
 20:47:55.159 t2028681FCA1AF1F100FC
 20:47:55.159 t20388701CA220C97FDFD
 20:47:55.159 t20480000C00000000000
 20:47:55.159 t2058D188E2027FFF5000
 20:47:55.259 t200826420A3E004ACA00
 20:47:55.259 t201846810A0EF1F1F17B
 20:47:55.259 t20286000002AF2F900F9
 20:47:55.259 t203888200A2205E801FE
 20:47:55.259 t20480000000000000000
 20:47:55.260 t2058D18822027FFF5000
 20:47:55.358 t200826454A3E004ACA00
 20:47:55.358 t2018481F4A0EF1F1F17C
 20:47:55.358 t202865F44A3649F100F9
 20:47:55.359 t203880004D220167DDFA
 20:47:55.359 t20480000400000000000
 20:47:55.359 t2058D18862027FFF5000
 20:47:55.459 t200826488A3E004ACA00
 20:47:55.459 t201848FD8A0EF1F1F17B
 20:47:55.459 t202865F48A1AA9F100FB
 20:47:55.459 t203880468D220378062A
 20:47:55.460 t20480000800000000000
 20:47:55.460 t2058D188A2027FFF5000
 20:47:55.559 t2008264BCA3E004ACA00
 20:47:55.559 t2018452ECA0EF1F1F17C
 20:47:55.559 t2028681FCA1601F101FC
 20:47:55.559 t203888C3CA2203A7FDFE
 20:47:55.560 t20480000C00000000000
 20:47:55.560 t2058D188E2027FFF5000
 20:47:55.658 t2008264E0A3E004ACA00
 20:47:55.658 t201845F40A0EA9F1F17B
 20:47:55.658 t2028681F0A1AF1F100FC
 20:47:55.658 t203889870A223FF7FBFF
 20:47:55.659 t20480000000000000000
 20:47:55.659 t2058D18822027FFF5000
 20:47:55.758 t200826504A3E004ACA00
 20:47:55.758 t201846814A0EF1F1F17B
 20:47:55.758 t20286000402AF2F900F9
 20:47:55.758 t203885F44A2208D7F9FF
 20:47:55.759 t20480000400000000000
 20:47:55.759 t2058D18862027FFF5000
 20:47:55.858 t200826538A3E004ACA00
 20:47:55.859 t2018481F8A0EF1F1F17C
 20:47:55.859 t202865F48A3649F100F9
 20:47:55.859 t203887018A220C97FDFD
 20:47:55.859 t20480000800000000000
 20:47:55.859 t2058D188A2027FFF5000
 20:47:55.958 t20082656CA3E004ACA00
 20:47:55.959 t201848FDCA0EF1F1F17B
 20:47:55.959 t202865F4CA1AA9F100FB
 20:47:55.959 t20388820CA2205E801FE
 20:47:55.959 t20480000C00000000000
 20:47:55.960 t2058D188E2027FFF5000
 20:47:56.058 t200826590A3E004ACA00
 20:47:56.058 t2018452E0A0EF1F1F17C
 20:47:56.058 t2028681F0A1601F101FC
 20:47:56.058 t203880000D220167DDFA
 20:47:56.059 t20480000000000000000
 20:47:56.059 t2058D18822027FFF5000
 20:47:56.158 t2008265B4A3E004ACA00
 20:47:56.159 t201845F44A0EA9F1F17B
 20:47:56.159 t2028681F4A1AF1F100FC
 20:47:56.159 t203880464D220378062A
 20:47:56.159 t20480000400000000000
 20:47:56.159 t2058D18862027FFF5000
 20:47:56.259 t2008265E8A3E004ACA00
 20:47:56.259 t201846818A0EF1F1F17B
 20:47:56.259 t20286000802AF2F900F9
 20:47:56.259 t203888C38A2203A7FDFE
 20:47:56.260 t20480000800000000000
 20:47:56.260 t2058D188A2027FFF5000
 20:47:56.358 t20082661CA3E004ACA00
 20:47:56.358 t2018481FCA0EF1F1F17C
 20:47:56.358 t2028681FCA1601F101FC
 20:47:56.358 t20388987CA223FF7FBFF
 20:47:56.358 t20480000C00000000000
 20:47:56.358 t2058D188E2027FFF5000
 20:47:56.458 t200826640A3E004ACA00
 20:47:56.458 t201848FD0A0EF1F1F17B
 20:47:56.458 t2028681F0A1AF1F100FC
 20:47:56.459 t203885F40A2208D7F9FF
 20:47:56.459 t20480000000000000000
 20:47:56.459 t2058D18822027FFF5000
 20:47:56.558 t200826674A3E004ACA00
 20:47:56.558 t201845F44A0EA9F1F17B
 20:47:56.558 t20286000402AF2F900F9
 20:47:56.559 t203887014A220C97FDFD
 20:47:56.559 t20480000400000000000
 20:47:56.559 t2058D18862027FFF5000
 20:47:56.658 t200826698A3E004ACA00
 20:47:56.658 t201846818A0EF1F1F17B
 20:47:56.659 t2028681F8A1601F101FC
 20:47:56.659 t203888208A2205E801FE
 20:47:56.659 t20480000800000000000
 20:47:56.659 t2058D188A2027FFF5000
 20:47:56.758 t2008266CCA3E004ACA00
 20:47:56.759 t2018481FCA0EF1F1F17C
 20:47:56.759 t2028681FCA1AF1F100FC
 20:47:56.759 t20388000CD220167DDFA
 20:47:56.759 t20480000C00000000000
 20:47:56.759 t2058D188E2027FFF5000
 20:47:56.858 t2008266F0A3E004ACA00
 20:47:56.858 t201848FD0A0EF1F1F17B
 20:47:56.858 t20286000002AF2F900F9
 20:47:56.859 t203880460D220378062A
 20:47:56.859 t20480000000000000000
 20:47:56.859 t2058D18822027FFF5000
 20:47:56.958 t200826724A3E004ACA00
 20:47:56.958 t201845F44A0EA9F1F17B
 20:47:56.958 t2028681F4A1601F101FC
 20:47:56.958 t203888C34A2203A7FDFE
 20:47:56.958 t20480000400000000000
 20:47:56.958 t2058D18862027FFF5000
 20:47:57.058 t200826748A3E004ACA00
 20:47:57.058 t201846818A0EF1F1F17B
 20:47:57.058 t2028681F8A1AF1F100FC
 20:47:57.058 t203889878A223FF7FBFF
 20:47:57.058 t20480000800000000000
 20:47:57.058 t2058D188A2027FFF5000
 20:47:57.158 t20082677CA3E004ACA00
 20:47:57.158 t2018481FCA0EF1F1F17C
 20:47:57.159 t20286000C02AF2F900F9
 20:47:57.159 t203885F4CA2208D7F9FF
 20:47:57.159 t20480000C00000000000
 20:47:57.159 t2058D188E2027FFF5000
 20:47:57.258 t2008267A0A3E004ACA00
 20:47:57.258 t201848FD0A0EF1F1F17B
 20:47:57.258 t2028681F0A1601F101FC
 20:47:57.259 t203887010A220C97FDFD
 20:47:57.259 t20480000000000000000
 20:47:57.259 t2058D18822027FFF5000
 20:47:57.358 t2008267D4A3E004ACA00
 20:47:57.358 t201845F44A0EA9F1F17B
 20:47:57.359 t2028681F4A1AF1F100FC
 20:47:57.359 t203888204A2205E801FE
 20:47:57.359 t20480000400000000000
 20:47:57.359 t2058D18862027FFF5000
 20:47:57.458 t200826808A3E004ACA00
 20:47:57.458 t201846818A0EF1F1F17B
 20:47:57.458 t20286000802AF2F900F9
 20:47:57.459 t203888C38A2203A7FDFE
 20:47:57.459 t20480000800000000000
 20:47:57.459 t2058D188A2027FFF5000
 20:47:57.558 t20082682CA3E004ACA00
 20:47:57.558 t2018481FCA0EF1F1F17C
 20:47:57.559 t2028681FCA1601F101FC
 20:47:57.559 t20388987CA223FF7FBFF
 20:47:57.559 t20480000C00000000000
 20:47:57.559 t2058D188E2027FFF5000
 20:47:57.657 t200826850A3E004ACA00
 20:47:57.658 t201848FD0A0EF1F1F17B
 20:47:57.658 t2028681F0A1AF1F100FC
 20:47:57.658 t203885F40A2208D7F9FF
 20:47:57.658 t20480000000000000000
 20:47:57.658 t2058D18822027FFF5000
 20:47:57.757 t200826884A3E004ACA00
 20:47:57.758 t201845F44A0EA9F1F17B
 20:47:57.758 t20286000402AF2F900F9
 20:47:57.758 t203887014A220C97FDFD
 20:47:57.758 t20480000400000000000
 20:47:57.758 t2058D18862027FFF5000
 20:47:57.858 t2008268A8A3E004ACA00
 20:47:57.858 t201846818A0EF1F1F17B
 20:47:57.858 t2028681F8A1601F101FC
 20:47:57.858 t203888208A2205E801FE
 20:47:57.859 t20480000800000000000
 20:47:57.859 t2058D188A2027FFF5000
 20:47:57.957 t2008268DCA3E004ACA00
 20:47:57.958 t2018481FCA0EF1F1F17C
 20:47:57.958 t2028681FCA1AF1F100FC
 20:47:57.958 t203888C3CA2203A7FDFE
 20:47:57.958 t20480000C00000000000
 20:47:57.958 t2058D188E2027FFF5000
 20:47:58.057 t200826900A3E004ACA00
 20:47:58.058 t201848FD0A0EF1F1F17B
 20:47:58.058 t20286000002AF2F900F9
 20:47:58.058 t203889870A223FF7FBFF
 20:47:58.058 t20480000000000000000
 20:47:58.058 t2058D18822027FFF5000
 20:47:58.158 t200826934A3E004ACA00
 20:47:58.158 t201845F44A0EA9F1F17B
 20:47:58.158 t2028681F4A1601F101FC
 20:47:58.158 t203885F44A2208D7F9FF
 20:47:58.158 t20480000400000000000
 20:47:58.159 t2058D18862027FFF5000
 20:47:58.257 t200826968A3E004ACA00
 20:47:58.258 t201846818A0EF1F1F17B
 20:47:58.258 t2028681F8A1AF1F100FC
 20:47:58.258 t203887018A220C97FDFD
 20:47:58.258 t20480000800000000000
 20:47:58.258 t2058D188A2027FFF5000
 20:47:58.357 t20082698CA3E004ACA00
 20:47:58.357 t2018481FCA0EF1F1F17C
 20:47:58.358 t20286000C02AF2F900F9
 20:47:58.358 t20388820CA2205E801FE
 20:47:58.358 t20480000C00000000000
 20:47:58.358 t2058D188E2027FFF5000
 20:47:58.458 t2008269B0A3E004ACA00
 20:47:58.458 t201848FD0A0EF1F1F17B
 20:47:58.459 t2028681F0A1601F101FC
 20:47:58.459 t203888C30A2203A7FDFE
 20:47:58.459 t20480000000000000000
 20:47:58.459 t2058D18822027FFF5000
 20:47:58.559 t2008269E4A3E004ACA00
 20:47:58.559 t201845F44A0EA9F1F17B
 20:47:58.559 t2028681F4A1AF1F100FC
 20:47:58.559 t203889874A223FF7FBFF
 20:47:58.559 t20480000400000000000
 20:47:58.560 t2058D18862027FFF5000
 20:47:58.658 t200826A18A3E004ACA00
 20:47:58.659 t201846818A0EF1F1F17B
 20:47:58.659 t20286000802AF2F900F9
 20:47:58.659 t203885F48A2208D7F9FF
 20:47:58.659 t20480000800000000000
 20:47:58.659 t2058D188A2027FFF5000
 20:47:58.758 t200826A3CA3E004ACA00
 20:47:58.758 t2018481FCA0EF1F1F17C
 20:47:58.759 t2028681FCA1601F101FC
 20:47:58.759 t20388701CA220C97FDFD
 20:47:58.759 t20480000C00000000000
 20:47:58.759 t2058D188E2027FFF5000
 20:47:58.858 t200826A60A3E004ACA00
 20:47:58.859 t201848FD0A0EF1F1F17B
 20:47:58.859 t2028681F0A1AF1F100FC
 20:47:58.859 t203888200A2205E801FE
 20:47:58.859 t20480000000000000000
 20:47:58.859 t2058D18822027FFF5000
 20:47:58.958 t200826A94A3E004ACA00
 20:47:58.958 t201845F44A0EA9F1F17B
 20:47:58.958 t20286000402AF2F900F9
 20:47:58.958 t203888C34A2203A7FDFE
 20:47:58.959 t20480000400000000000
 20:47:58.959 t2058D18862027FFF5000
 20:47:59.058 t200826AC8A3E004ACA00
 20:47:59.058 t201846818A0EF1F1F17B
 20:47:59.058 t2028681F8A1601F101FC
 20:47:59.058 t203889878A223FF7FBFF
 20:47:59.059 t20480000800000000000
 20:47:59.059 t2058D188A2027FFF5000
 20:47:59.158 t200826AFCA3E004ACA00
 20:47:59.158 t2018481FCA0EF1F1F17C
 20:47:59.159 t2028681FCA1AF1F100FC
 20:47:59.159 t203885F4CA2208D7F9FF
 20:47:59.159 t20480000C00000000000
 20:47:59.159 t2058D188E2027FFF5000
 20:47:59.258 t200826B10A3E004ACA00
 20:47:59.259 t201848FD0A0EF1F1F17B
 20:47:59.259 t20286000002AF2F900F9
 20:47:59.259 t203887010A220C97FDFD
 20:47:59.259 t20480000000000000000
 20:47:59.259 t2058D18822027FFF5000
 20:47:59.358 t200826B44A3E004ACA00
 20:47:59.359 t201845F44A0EA9F1F17B
 20:47:59.359 t2028681F4A1601F101FC
 20:47:59.359 t203888204A2205E801FE
 20:47:59.359 t20480000400000000000
 20:47:59.359 t2058D18862027FFF5000
 20:47:59.458 t200826B78A3E004ACA00
 20:47:59.458 t201846818A0EF1F1F17B
 20:47:59.459 t2028681F8A1AF1F100FC
 20:47:59.459 t203888C38A2203A7FDFE
 20:47:59.459 t20480000800000000000
 20:47:59.459 t2058D188A2027FFF5000
 20:47:59.558 t200826BACA3E004ACA00
 20:47:59.558 t2018481FCA0EF1F1F17C
 20:47:59.558 t20286000C02AF2F900F9
 20:47:59.559 t20388987CA223FF7FBFF
 20:47:59.559 t20480000C00000000000
 20:47:59.559 t2058D188E2027FFF5000
 20:47:59.658 t200826BC0A3E004ACA00
 20:47:59.658 t201848FD0A0EF1F1F17B
 20:47:59.658 t2028681F0A1601F101FC
 20:47:59.658 t203885F40A2208D7F9FF
 20:47:59.658 t20480000000000000000
 20:47:59.659 t2058D18822027FFF5000
 20:47:59.758 t200826BF4A3E004ACA00
 20:47:59.758 t201845F44A0EA9F1F17B
 20:47:59.758 t2028681F4A1AF1F100FC
 20:47:59.758 t203887014A220C97FDFD
 20:47:59.758 t20480000400000000000
 20:47:59.758 t2058D18862027FFF5000
 20:47:59.858 t200826C28A3E004ACA00
 20:47:59.858 t201846818A0EF1F1F17B
 20:47:59.858 t20286000802AF2F900F9
 20:47:59.858 t203888208A2205E801FE
 20:47:59.859 t20480000800000000000
 20:47:59.859 t2058D188A2027FFF5000
 20:47:59.958 t200826C5CA3E004ACA00
 20:47:59.958 t2018481FCA0EF1F1F17C
 20:47:59.958 t2028681FCA1601F101FC
 20:47:59.959 t203888C3CA2203A7FDFE
 20:47:59.959 t20480000C00000000000
 20:47:59.959 t2058D188E2027FFF5000
 20:48:00.058 t200826C80A3E004ACA00
 20:48:00.058 t201848FD0A0EF1F1F17B
 20:48:00.058 t2028681F0A1AF1F100FC
 20:48:00.059 t203889870A223FF7FBFF
 20:48:00.059 t20480000000000000000
 20:48:00.059 t2058D18822027FFF5000
 20:48:00.158 t200826CA4A3E004ACA00
 20:48:00.158 t201845F44A0EA9F1F17B
 20:48:00.159 t20286000402AF2F900F9
 20:48:00.159 t203885F44A2208D7F9FF
 20:48:00.159 t20480000400000000000
 20:48:00.159 t2058D18862027FFF5000
 20:48:00.258 t200826CD8A3E004ACA00
 20:48:00.258 t201846818A0EF1F1F17B
 20:48:00.258 t2028681F8A1601F101FC
 20:48:00.259 t203887018A220C97FDFD
 20:48:00.259 t20480000800000000000
 20:48:00.259 t2058D188A2027FFF5000
 20:48:00.358 t200826D0CA3E004ACA00
 20:48:00.358 t2018481FCA0EF1F1F17C
 20:48:00.358 t2028681FCA1AF1F100FC
 20:48:00.358 t20388820CA2205E801FE
 20:48:00.358 t20480000C00000000000
 20:48:00.358 t2058D188E2027FFF5000
 20:48:00.458 t200826D30A3E004ACA00
 20:48:00.458 t201848FD0A0EF1F1F17B
 20:48:00.458 t20286000002AF2F900F9
 20:48:00.458 t203888C30A2203A7FDFE
 20:48:00.458 t20480000000000000000
 20:48:00.458 t2058D18822027FFF5000
 20:48:00.558 t200826D54A3E004ACA00
 20:48:00.558 t201845F44A0EA9F1F17B
 20:48:00.558 t2028681F4A1601F101FC
 20:48:00.558 t203889874A223FF7FBFF
 20:48:00.559 t20480000400000000000
 20:48:00.559 t2058D18862027FFF5000
 20:48:00.658 t200826D88A3E004ACA00
 20:48:00.658 t201846818A0EF1F1F17B
 20:48:00.658 t2028681F8A1AF1F100FC
 20:48:00.659 t203885F48A2208D7F9FF
 20:48:00.659 t20480000800000000000
 20:48:00.659 t2058D188A2027FFF5000
 20:48:00.758 t200826DBCA3E004ACA00
 20:48:00.758 t2018481FCA0EF1F1F17C
 20:48:00.758 t20286000C02AF2F900F9
 20:48:00.759 t20388701CA220C97FDFD
 20:48:00.759 t20480000C00000000000
 20:48:00.759 t2058D188E2027FFF5000
 20:48:00.858 t200826DE0A3E004ACA00
 20:48:00.858 t201848FD0A0EF1F1F17B
 20:48:00.858 t2028681F0A1601F101FC
 20:48:00.858 t203888200A2205E801FE
 20:48:00.859 t20480000000000000000
 20:48:00.859 t2058D18822027FFF5000
 20:48:00.958 t200826E14A3E004ACA00
 20:48:00.958 t201845F44A0EA9F1F17B
 20:48:00.958 t2028681F4A1AF1F100FC
 20:48:00.958 t203888C34A2203A7FDFE
 20:48:00.959 t20480000400000000000
 20:48:00.959 t2058D18862027FFF5000
 20:48:01.058 t200826E38A3E004ACA00
 20:48:01.058 t201846818A0EF1F1F17B
 20:48:01.058 t20286000802AF2F900F9
 20:48:01.058 t203889878A223FF7FBFF
 20:48:01.058 t20480000800000000000
 20:48:01.058 t2058D188A2027FFF5000
 20:48:01.158 t200826E6CA3E004ACA00
 20:48:01.158 t2018481FCA0EF1F1F17C
 20:48:01.158 t2028681FCA1601F101FC
 20:48:01.158 t203885F4CA2208D7F9FF
 20:48:01.158 t20480000C00000000000
 20:48:01.158 t2058D188E2027FFF5000
 20:48:01.258 t200826E90A3E004ACA00
 20:48:01.258 t201848FD0A0EF1F1F17B
 20:48:01.258 t2028681F0A1AF1F100FC
 20:48:01.258 t203887010A220C97FDFD
 20:48:01.259 t20480000000000000000
 20:48:01.259 t2058D18822027FFF5000
 20:48:01.358 t200826EC4A3E004ACA00
 20:48:01.358 t201846814A0EF1F1F17B
 20:48:01.358 t20286000402AF2F900F9
 20:48:01.358 t203888204A2205E801FE
 20:48:01.359 t20480000400000000000
 20:48:01.359 t2058D18862027FFF5000
 20:48:01.458 t200826EE8A3E004ACA00
 20:48:01.458 t2018481F8A0EF1F1F17C
 20:48:01.458 t2028681F8A1601F101FC
 20:48:01.458 t203888C38A2203A7FDFE
 20:48:01.459 t20480000800000000000
 20:48:01.459 t2058D188A2027FFF5000
 20:48:01.558 t200826F1CA3E004ACA00
 20:48:01.558 t201848FDCA0EF1F1F17B
 20:48:01.558 t2028681FCA1AF1F100FC
 20:48:01.558 t20388987CA223FF7FBFF
 20:48:01.558 t20480000C00000000000
 20:48:01.559 t2058D188E2027FFF5000
 20:48:01.658 t200826F40A3E004ACA00
 20:48:01.658 t201846810A0EF1F1F17B
 20:48:01.658 t20286000002AF2F900F9
 20:48:01.658 t203885F40A2208D7F9FF
 20:48:01.658 t20480000000000000000
 20:48:01.659 t2058D18822027FFF5000
 20:48:01.757 t200826F74A3E004ACA00
 20:48:01.757 t2018481F4A0EF1F1F17C
 20:48:01.758 t2028681F4A1601F101FC
 20:48:01.758 t203887014A220C97FDFD
 20:48:01.758 t20480000400000000000
 20:48:01.758 t2058D18862027FFF5000
 20:48:01.857 t200826FA8A3E004ACA00
 20:48:01.858 t201848FD8A0EF1F1F17B
 20:48:01.858 t2028681F8A1AF1F100FC
 20:48:01.858 t203888208A2205E801FE
 20:48:01.858 t20480000800000000000
 20:48:01.858 t2058D188A2027FFF5000
 20:48:01.958 t200826FCCA3E004ACA00
 20:48:01.958 t20184681CA0EF1F1F17B
 20:48:01.958 t20286000C02AF2F900F9
 20:48:01.958 t203888C3CA2203A7FDFE
 20:48:01.958 t20480000C00000000000
 20:48:01.959 t2058D188E2027FFF5000
 20:48:02.057 t200826FF0A3E004ACA00
 20:48:02.058 t2018481F0A0EF1F1F17C
 20:48:02.058 t2028681F0A1601F101FC
 20:48:02.058 t203889870A223FF7FBFF
 20:48:02.058 t20480000000000000000
 20:48:02.058 t2058D18822027FFF5000
 20:48:02.158 t200827024A3E004ACA00
 20:48:02.158 t201848FD4A0EF1F1F17B
 20:48:02.158 t2028681F4A1AF1F100FC
 20:48:02.158 t203885F44A2208D7F9FF
 20:48:02.158 t20480000400000000000
 20:48:02.159 t2058D18862027FFF5000
 20:48:02.258 t200827058A3E004ACA00
 20:48:02.258 t201846818A0EF1F1F17B
 20:48:02.258 t20286000802AF2F900F9
 20:48:02.258 t203887018A220C97FDFD
 20:48:02.258 t20480000800000000000
 20:48:02.259 t2058D188A2027FFF5000
 20:48:02.357 t20082707CA3E004ACA00
 20:48:02.357 t2018481FCA0EF1F1F17C
 20:48:02.357 t2028681FCA1601F101FC
 20:48:02.358 t20388987CA200827F9FE
 20:48:02.358 t20480000C00000000000
 20:48:02.358 t2058D188E2027FFF5000
 20:48:02.458 t2008270A0A3E004ACA00
 20:48:02.458 t201848FD0A0EF1F1F17B
 20:48:02.458 t2028681F0A1AF1F100FC
 20:48:02.459 t203887010A220C97FDFD
 20:48:02.459 t20480000000000000000
 20:48:02.459 t2058D18822027FFF5000
 20:48:02.558 t2008270D4A3E004ACA00
 20:48:02.559 t201846814A0EF1F1F17B
 20:48:02.559 t20286000402AF2F900F9
 20:48:02.559 t203888204A2205E801FE
 20:48:02.559 t20480000400000000000
 20:48:02.559 t2058D18862027FFF5000
 20:48:02.658 t200827108A3E004ACA00
 20:48:02.659 t2018481F8A0EF1F1F17C
 20:48:02.659 t2028681F8A1601F101FC
 20:48:02.659 t203888C38A2203A7FDFE
 20:48:02.659 t20480000800000000000
 20:48:02.659 t2058D188A2027FFF5000
 20:48:02.758 t20082713CA3E004ACA00
 20:48:02.759 t201848FDCA0EF1F1F17B
 20:48:02.759 t2028681FCA1AF1F100FC
 20:48:02.759 t20388987CA220827F9FE
 20:48:02.759 t20480000C00000000000
 20:48:02.760 t2058D188E2027FFF5000
 20:48:02.858 t200827150A3E004ACA00
 20:48:02.859 t201846810A0EF1F1F17B
 20:48:02.859 t20286000002AF2F900F9
 20:48:02.859 t203887010A220C97FDFD
 20:48:02.859 t20480000000000000000
 20:48:02.859 t2058D18822027FFF5000
 20:48:02.958 t200827184A3E004ACA00
 20:48:02.958 t2018481F4A0EF1F1F17C
 20:48:02.959 t2028681F4A1601F101FC
 20:48:02.959 t203888204A2205E801FE
 20:48:02.959 t20480000400000000000
 20:48:02.959 t2058D18862027FFF5000
 20:48:03.058 t2008271B8A3E004ACA00
 20:48:03.058 t201848FD8A0EF1F1F17B
 20:48:03.058 t2028681F8A1AF1F100FC
 20:48:03.058 t203888C38A2203A7FDFE
 20:48:03.059 t20480000800000000000
 20:48:03.059 t2058D188A2027FFF5000
 20:48:03.158 t2008271ECA3E004ACA00
 20:48:03.158 t20184681CA0EF1F1F17B
 20:48:03.158 t20286000C02AF2F900F9
 20:48:03.158 t20388987CA220827F9FE
 20:48:03.158 t20480000C00000000000
 20:48:03.159 t2058D188E2027FFF5000
 20:48:03.258 t200827200A3E004ACA00
 20:48:03.258 t2018481F0A0EF1F1F17C
 20:48:03.259 t2028681F0A1601F101FC
 20:48:03.259 t203887010A220C97FDFD
 20:48:03.259 t20480000000000000000
 20:48:03.259 t2058D18822027FFF5000
 20:48:03.358 t200827234A3E004ACA00
 20:48:03.358 t201848FD4A0EF1F1F17B
 20:48:03.359 t2028681F4A1AF1F100FC
 20:48:03.359 t203888204A2205E801FE
 20:48:03.359 t20480000400000000000
 20:48:03.359 t2058D18862027FFF5000
 20:48:03.458 t200827268A3E004ACA00
 20:48:03.458 t201846818A0EF1F1F17B
 20:48:03.459 t20286000802AF2F900F9
 20:48:03.459 t203888C38A2203A7FDFE
 20:48:03.459 t20480000800000000000
 20:48:03.459 t2058D188A2027FFF5000
 20:48:03.558 t20082729CA3E004ACA00
 20:48:03.558 t2018481FCA0EF1F1F17C
 20:48:03.558 t2028681FCA1601F101FC
 20:48:03.559 t20388987CA220827F9FE
 20:48:03.559 t20480000C00000000000
 20:48:03.559 t2058D188E2027FFF5000
 20:48:03.658 t2008272C0A3E004ACA00
 20:48:03.658 t201848FD0A0EF1F1F17B
 20:48:03.658 t2028681F0A1AF1F100FC
 20:48:03.658 t203887010A220C97FDFD
 20:48:03.658 t20480000000000000000
 20:48:03.658 t2058D18822027FFF5000
 20:48:03.758 t2008272E4A3E004ACA00
 20:48:03.758 t201846814A0EF1F1F17B
 20:48:03.758 t20286000402AF2F900F9
 20:48:03.758 t203888204A2205E801FE
 20:48:03.758 t20480000400000000000
 20:48:03.758 t2058D18862027FFF5000
 20:48:03.858 t200827318A3E004ACA00
 20:48:03.858 t2018481F8A0EF1F1F17C
 20:48:03.858 t2028681F8A1601F101FC
 20:48:03.859 t203888C38A2203A7FDFE
 20:48:03.859 t20480000800000000000
 20:48:03.859 t2058D188A2027FFF5000
 20:48:03.958 t20082734CA3E004ACA00
 20:48:03.958 t201848FDCA0EF1F1F17B
 20:48:03.958 t2028681FCA1AF1F100FC
 20:48:03.959 t20388987CA220827F9FE
 20:48:03.959 t20480000C00000000000
 20:48:03.959 t2058D188E2027FFF5000
 20:48:04.058 t200827370A3E004ACA00
 20:48:04.059 t201846810A0EF1F1F17B
 20:48:04.059 t20286000002AF2F900F9
 20:48:04.059 t203887010A220C97FDFD
 20:48:04.059 t20480000000000000000
 20:48:04.060 t2058D18822027FFF5000
 20:48:04.158 t200827394A3E004ACA00
 20:48:04.158 t2018481F4A0EF1F1F17C
 20:48:04.158 t2028681F4A1601F101FC
 20:48:04.158 t203888204A2205E801FE
 20:48:04.159 t20480000400000000000
 20:48:04.159 t2058D18862027FFF5000
 20:48:04.258 t2008273C8A3E004ACA00
 20:48:04.258 t201848FD8A0EF1F1F17B
 20:48:04.258 t2028681F8A1AF1F100FC
 20:48:04.259 t203888C38A2203A7FDFE
 20:48:04.259 t20480000800000000000
 20:48:04.259 t2058D188A2027FFF5000
 20:48:04.358 t2008273FCA3E004ACA00
 20:48:04.358 t20184681CA0EF1F1F17B
 20:48:04.358 t20286000C02AF2F900F9
 20:48:04.358 t20388987CA220827F9FE
 20:48:04.358 t20480000C00000000000
 20:48:04.358 t2058D188E2027FFF5000
 20:48:04.458 t200827420A3E004ACA00
 20:48:04.458 t2018481F0A0EF1F1F17C
 20:48:04.458 t2028681F0A1601F101FC
 20:48:04.458 t203887010A220C97FDFD
 20:48:04.458 t20480000000000000000
 20:48:04.458 t2058D18822027FFF5000
 20:48:04.558 t200827454A3E004ACA00
 20:48:04.558 t201848FD4A0EF1F1F17B
 20:48:04.558 t2028681F4A1AF1F100FC
 20:48:04.558 t203888204A2205E801FE
 20:48:04.559 t20480000400000000000
 20:48:04.559 t2058D18862027FFF5000
 20:48:04.658 t200827478A3E004ACA00
 20:48:04.658 t201846818A0EF1F1F17B
 20:48:04.658 t20286000802AF2F900F9
 20:48:04.658 t203888C38A2203A7FDFE
 20:48:04.658 t20480000800000000000
 20:48:04.658 t2058D188A2027FFF5000
 20:48:04.758 t2008274ACA3E004ACA00
 20:48:04.758 t2018481FCA0EF1F1F17C
 20:48:04.758 t2028681FCA1601F101FC
 20:48:04.759 t20388987CA220827F9FE
 20:48:04.759 t20480000C00000000000
 20:48:04.759 t2058D188E2027FFF5000
 20:48:04.858 t2008274D0A3E004ACA00
 20:48:04.858 t201848FD0A0EF1F1F17B
 20:48:04.858 t2028681F0A1AF1F100FC
 20:48:04.858 t203887010A220C97FDFD
 20:48:04.859 t20480000000000000000
 20:48:04.859 t2058D18822027FFF5000
 20:48:04.958 t200827504A3E004ACA00
 20:48:04.958 t201846814A0EF1F1F17B
 20:48:04.958 t20286000402AF2F900F9
 20:48:04.958 t203888204A2205E801FE
 20:48:04.959 t20480000400000000000
 20:48:04.959 t2058D18862027FFF5000
 20:48:05.057 t200827528A3E004ACA00
 20:48:05.058 t2018481F8A0EF1F1F17C
 20:48:05.058 t2028681F8A1601F101FC
 20:48:05.058 t203888C38A2203A7FDFE
 20:48:05.058 t20480000800000000000
 20:48:05.058 t2058D188A2027FFF5000
 20:48:05.157 t20082755CA3E004ACA00
 20:48:05.158 t201848FDCA0EF1F1F17B
 20:48:05.158 t2028681FCA1AF1F100FC
 20:48:05.158 t20388987CA220827F9FE
 20:48:05.158 t20480000C00000000000
 20:48:05.158 t2058D188E2027FFF5000
 20:48:05.257 t200827580A3E004ACA00
 20:48:05.258 t201846810A0EF1F1F17B
 20:48:05.258 t20286000002AF2F900F9
 20:48:05.258 t203887010A220C97FDFD
 20:48:05.258 t20480000000000000000
 20:48:05.259 t2058D18822027FFF5000
 20:48:05.358 t2008275B4A3E004ACA00
 20:48:05.358 t2018481F4A0EF1F1F17C
 20:48:05.358 t2028681F4A1601F101FC
 20:48:05.358 t203888204A2205E801FE
 20:48:05.358 t20480000400000000000
 20:48:05.359 t2058D18862027FFF5000
 20:48:05.458 t2008275E8A3E004ACA00
 20:48:05.458 t201848FD8A0EF1F1F17B
 20:48:05.458 t2028681F8A1AF1F100FC
 20:48:05.458 t203888C38A2203A7FDFE
 20:48:05.458 t20480000800000000000
 20:48:05.459 t2058D188A2027FFF5000
 20:48:05.557 t20082760CA3E004ACA00
 20:48:05.558 t20184681CA0EF1F1F17B
 20:48:05.558 t20286000C02AF2F900F9
 20:48:05.558 t20388987CA220827F9FE
 20:48:05.558 t20480000C00000000000
 20:48:05.558 t2058D188E2027FFF5000
 20:48:05.657 t200827630A3E004ACA00
 20:48:05.658 t2018481F0A0EF1F1F17C
 20:48:05.658 t2028681F0A1601F101FC
 20:48:05.658 t203887010A220C97FDFD
 20:48:05.658 t20480000000000000000
 20:48:05.658 t2058D18822027FFF5000
 20:48:05.757 t200827664A3E004ACA00
 20:48:05.757 t201848FD4A0EF1F1F17B
 20:48:05.757 t2028681F4A1AF1F100FC
 20:48:05.758 t203888204A2205E801FE
 20:48:05.758 t20480000400000000000
 20:48:05.758 t2058D18862027FFF5000
 20:48:05.858 t200827698A3E004ACA00
 20:48:05.858 t201846818A0EF1F1F17B
 20:48:05.858 t20286000802AF2F900F9
 20:48:05.858 t203888C38A2203A7FDFE
 20:48:05.859 t20480000800000000000
 20:48:05.859 t2058D188A2027FFF5000
 20:48:05.958 t2008276BCA3E004ACA00
 20:48:05.959 t2018481FCA0EF1F1F17C
 20:48:05.959 t2028681FCA1601F101FC
 20:48:05.959 t20388987CA220827F9FE
 20:48:05.959 t20480000C00000000000
 20:48:05.959 t2058D188E2027FFF5000
 20:48:06.058 t2008276E0A3E004ACA00
 20:48:06.059 t201848FD0A0EF1F1F17B
 20:48:06.059 t2028681F0A1AF1F100FC
 20:48:06.059 t203887010A220C97FDFD
 20:48:06.059 t20480000000000000000
 20:48:06.059 t2058D18822027FFF5000
 20:48:06.158 t200827714A3E004ACA00
 20:48:06.159 t201846814A0EF1F1F17B
 20:48:06.159 t20286000402AF2F900F9
 20:48:06.159 t203888204A2205E801FE
 20:48:06.159 t20480000400000000000
 20:48:06.159 t2058D18862027FFF5000
 20:48:06.258 t200827748A3E004ACA00
 20:48:06.258 t2018481F8A0EF1F1F17C
 20:48:06.258 t2028681F8A1601F101FC
 20:48:06.258 t203888C38A2203A7FDFE
 20:48:06.259 t20480000800000000000
 20:48:06.259 t2058D188A2027FFF5000
 20:48:06.358 t20082777CA3E004ACA00
 20:48:06.358 t201848FDCA0EF1F1F17B
 20:48:06.358 t2028681FCA1AF1F100FC
 20:48:06.358 t20388987CA220827F9FE
 20:48:06.358 t20480000C00000000000
 20:48:06.359 t2058D188E2027FFF5000
 20:48:06.458 t200827790A3E004ACA00
 20:48:06.458 t201846810A0EF1F1F17B
 20:48:06.458 t20286000002AF2F900F9
 20:48:06.458 t203887010A220C97FDFD
 20:48:06.458 t20480000000000000000
 20:48:06.459 t2058D18822027FFF5000
 20:48:06.558 t2008277C4A3E004ACA00
 20:48:06.558 t2018481F4A0EF1F1F17C
 20:48:06.559 t2028681F4A1601F101FC
 20:48:06.559 t203888204A2205E801FE
 20:48:06.559 t20480000400000000000
 20:48:06.559 t2058D18862027FFF5000
 20:48:06.658 t2008277F8A3E004ACA00
 20:48:06.658 t201848FD8A0EF1F1F17B
 20:48:06.658 t2028681F8A1AF1F100FC
 20:48:06.659 t203888C38A2203A7FDFE
 20:48:06.659 t20480000800000000000
 20:48:06.659 t2058D188A2027FFF5000
 20:48:06.758 t20082782CA3E004ACA00
 20:48:06.758 t20184681CA0EF1F1F17B
 20:48:06.758 t20286000C02AF2F900F9
 20:48:06.758 t20388987CA220827F9FE
 20:48:06.758 t20480000C00000000000
 20:48:06.759 t2058D188E2027FFF5000
 20:48:06.858 t200827840A3E004ACA00
 20:48:06.858 t2018481F0A0EF1F1F17C
 20:48:06.858 t2028681F0A1601F101FC
 20:48:06.859 t203887010A220C97FDFD
 20:48:06.859 t20480000000000000000
 20:48:06.859 t2058D18822027FFF5000
 20:48:06.958 t200827874A3E004ACA00
 20:48:06.958 t201848FD4A0EF1F1F17B
 20:48:06.959 t2028681F4A1AF1F100FC
 20:48:06.959 t203888204A2205E801FE
 20:48:06.959 t20480000400000000000
 20:48:06.959 t2058D18862027FFF5000
 20:48:07.058 t2008278A8A3E004ACA00
 20:48:07.058 t201846818A0EF1F1F17B
 20:48:07.058 t20286000802AF2F900F9
 20:48:07.058 t203888C38A2203A7FDFE
 20:48:07.058 t20480000800000000000
 20:48:07.058 t2058D188A2027FFF5000
 20:48:07.158 t2008278DCA3E004ACA00
 20:48:07.158 t2018481FCA0EF1F1F17C
 20:48:07.158 t2028681FCA1601F101FC
 20:48:07.158 t20388987CA220827F9FE
 20:48:07.158 t20480000C00000000000
 20:48:07.158 t2058D188E2027FFF5000
 20:48:07.258 t200827900A3E004ACA00
 20:48:07.258 t201848FD0A0EF1F1F17B
 20:48:07.258 t2028681F0A1AF1F100FC
 20:48:07.258 t203887010A220C97FDFD
 20:48:07.259 t20480000000000000000
 20:48:07.259 t2058D18822027FFF5000
 20:48:07.358 t200827924A3E004ACA00
 20:48:07.358 t201846814A0EF1F1F17B
 20:48:07.358 t20286000402AF2F900F9
 20:48:07.359 t203888204A2205E801FE
 20:48:07.359 t20480000400000000000
 20:48:07.359 t2058D18862027FFF5000
 20:48:07.458 t200827958A3E004ACA00
 20:48:07.458 t2018481F8A0EF1F1F17C
 20:48:07.458 t2028681F8A1601F101FC
 20:48:07.459 t203888C38A2203A7FDFE
 20:48:07.459 t20480000800000000000
 20:48:07.459 t2058D188A2027FFF5000
 20:48:07.558 t20082798CA3E004ACA00
 20:48:07.558 t201848FDCA0EF1F1F17B
 20:48:07.558 t2028681FCA1AF1F100FC
 20:48:07.559 t20388987CA220827F9FE
 20:48:07.559 t20480000C00000000000
 20:48:07.559 t2058D188E2027FFF5000
 20:48:07.658 t2008279B0A3E004ACA00
 20:48:07.658 t201846810A0EF1F1F17B
 20:48:07.658 t20286000002AF2F900F9
 20:48:07.658 t203887010A220C97FDFD
 20:48:07.659 t20480000000000000000
 20:48:07.659 t2058D18822027FFF5000
 20:48:07.758 t2008279D4A3E004ACA00
 20:48:07.758 t2018481F4A0EF1F1F17C
 20:48:07.758 t2028681F4A1601F101FC
 20:48:07.758 t203888204A2205E801FE
 20:48:07.758 t20480000400000000000
 20:48:07.758 t2058D18862027FFF5000
 20:48:07.858 t200827A08A3E004ACA00
 20:48:07.858 t201848FD8A0EF1F1F17B
 20:48:07.858 t2028681F8A1AF1F100FC
 20:48:07.858 t203888C38A2203A7FDFE
 20:48:07.858 t20480000800000000000
 20:48:07.858 t2058D188A2027FFF5000
 20:48:07.958 t200827A3CA3E004ACA00
 20:48:07.958 t20184681CA0EF1F1F17B
 20:48:07.958 t20286000C02AF2F900F9
 20:48:07.958 t20388987CA220827F9FE
 20:48:07.959 t20480000C00000000000
 20:48:07.959 t2058D188E2027FFF5000
 20:48:08.058 t200827A60A3E004ACA00
 20:48:08.058 t2018481F0A0EF1F1F17C
 20:48:08.058 t2028681F0A1601F101FC
 20:48:08.058 t203887010A220C97FDFD
 20:48:08.059 t20480000000000000000
 20:48:08.059 t2058D18822027FFF5000
 20:48:08.158 t200827A94A3E004ACA00
 20:48:08.158 t201848FD4A0EF1F1F17B
 20:48:08.158 t2028681F4A1AF1F100FC
 20:48:08.158 t203888204A2205E801FE
 20:48:08.159 t20480000400000000000
 20:48:08.159 t2058D18862027FFF5000
 20:48:08.258 t200827AB8A3E004ACA00
 20:48:08.258 t201846818A0EF1F1F17B
 20:48:08.258 t20286000802AF2F900F9
 20:48:08.258 t203888C38A2203A7FDFE
 20:48:08.259 t20480000800000000000
 20:48:08.259 t2058D188A2027FFF5000
 20:48:08.357 t200827AECA3E004ACA00
 20:48:08.358 t2018481FCA0EF1F1F17C
 20:48:08.358 t2028681FCA1601F101FC
 20:48:08.358 t20388987CA220827F9FE
 20:48:08.358 t20480000C00000000000
 20:48:08.358 t2058D188E2027FFF5000
 20:48:08.457 t200827B10A3E004ACA00
 20:48:08.458 t201848FD0A0EF1F1F17B
 20:48:08.458 t2028681F0A1AF1F100FC
 20:48:08.458 t203887010A220C97FDFD
 20:48:08.458 t20480000000000000000
 20:48:08.458 t2058D18822027FFF5000
 20:48:08.558 t200827B44A3E004ACA00
 20:48:08.558 t201846814A0EF1F1F17B
 20:48:08.558 t20286000402AF2F900F9
 20:48:08.558 t203888204A2205E801FE
 20:48:08.558 t20480000400000000000
 20:48:08.559 t2058D18862027FFF5000
 20:48:08.658 t200827B68A3E004ACA00
 20:48:08.658 t2018481F8A0EF1F1F17C
 20:48:08.658 t2028681F8A1601F101FC
 20:48:08.658 t203888C38A2203A7FDFE
 20:48:08.658 t20480000800000000000
 20:48:08.659 t2058D188A2027FFF5000
 20:48:08.758 t200827B9CA3E004ACA00
 20:48:08.758 t201848FDCA0EF1F1F17B
 20:48:08.758 t2028681FCA1AF1F100FC
 20:48:08.758 t20388987CA220827F9FE
 20:48:08.758 t20480000C00000000000
 20:48:08.759 t2058D188E2027FFF5000
 20:48:08.857 t200827BC0A3E004ACA00
 20:48:08.858 t201846810A0EF1F1F17B
 20:48:08.858 t20286000002AF2F900F9
 20:48:08.858 t203887010A220C97FDFD
 20:48:08.858 t20480000000000000000
 20:48:08.859 t2058D18822027FFF5000
 20:48:08.958 t200827BF4A3E004ACA00
 20:48:08.958 t2018481F4A0EF1F1F17C
 20:48:08.958 t2028681F4A1601F101FC
 20:48:08.958 t203888204A2205E801FE
 20:48:08.958 t20480000400000000000
 20:48:08.959 t2058D18862027FFF5000
 20:48:09.057 t200827C28A3E004ACA00
 20:48:09.057 t201848FD8A0EF1F1F17B
 20:48:09.057 t2028681F8A1AF1F100FC
 20:48:09.058 t203888C38A2203A7FDFE
 20:48:09.058 t20480000800000000000
 20:48:09.058 t2058D188A2027FFF5000
 20:48:09.157 t200827C4CA3E004ACA00
 20:48:09.157 t20184681CA0EF1F1F17B
 20:48:09.157 t20286000C02AF2F900F9
 20:48:09.158 t20388987CA220827F9FE
 20:48:09.158 t20480000C00000000000
 20:48:09.158 t2058D188E2027FFF5000
 20:48:09.257 t200827C70A3E004ACA00
 20:48:09.258 t2018481F0A0EF1F1F17C
 20:48:09.258 t2028681F0A1601F101FC
 20:48:09.258 t203887010A220C97FDFD
 20:48:09.258 t20480000000000000000
 20:48:09.258 t2058D18822027FFF5000
 20:48:09.357 t200827C94A3E004ACA00
 20:48:09.357 t201848FD4A0EF1F1F17B
 20:48:09.358 t2028681F4A1AF1F100FC
 20:48:09.358 t203888204A2205E801FE
 20:48:09.358 t20480000400000000000
 20:48:09.358 t2058D18862027FFF5000
 20:48:09.457 t200827CC8A3E004ACA00
 20:48:09.457 t201846818A0EF1F1F17B
 20:48:09.458 t20286000802AF2F900F9
 20:48:09.458 t203888C38A2203A7FDFE
 20:48:09.458 t20480000800000000000
 20:48:09.458 t2058D188A2027FFF5000
 20:48:09.558 t200827CFCA3E004ACA00
 20:48:09.558 t2018481FCA0EF1F1F17C
 20:48:09.558 t2028681FCA1601F101FC
 20:48:09.559 t20388987CA220827F9FE
 20:48:09.559 t20480000C00000000000
 20:48:09.559 t2058D188E2027FFF5000
 20:48:09.658 t200827D20A3E004ACA00
 20:48:09.658 t201848FD0A0EF1F1F17B
 20:48:09.658 t2028681F0A1AF1F100FC
 20:48:09.658 t203887010A220C97FDFD
 20:48:09.659 t20480000000000000000
 20:48:09.659 t2058D18822027FFF5000
 20:48:09.758 t200827D54A3E004ACA00
 20:48:09.758 t201846814A0EF1F1F17B
 20:48:09.758 t20286000402AF2F900F9
 20:48:09.758 t203888204A2205E801FE
 20:48:09.758 t20480000400000000000
 20:48:09.759 t2058D18862027FFF5000
 20:48:09.858 t200827D78A3E004ACA00
 20:48:09.858 t2018481F8A0EF1F1F17C
 20:48:09.858 t2028681F8A1601F101FC
 20:48:09.858 t203888C38A2203A7FDFE
 20:48:09.858 t20480000800000000000
 20:48:09.859 t2058D188A2027FFF5000
 20:48:09.958 t200827DACA3E004ACA00
 20:48:09.958 t201848FDCA0EF1F1F17B
 20:48:09.958 t2028681FCA1AF1F100FC
 20:48:09.958 t20388987CA220827F9FE
 20:48:09.958 t20480000C00000000000
 20:48:09.959 t2058D188E2027FFF5000
 20:48:10.058 t200827DD0A3E004ACA00
 20:48:10.058 t201846810A0EF1F1F17B
 20:48:10.059 t20286000002AF2F900F9
 20:48:10.059 t203887010A220C97FDFD
 20:48:10.059 t20480000000000000000
 20:48:10.059 t2058D18822027FFF5000
 20:48:10.158 t200827E04A3E004ACA00
 20:48:10.158 t2018481F4A0EF1F1F17C
 20:48:10.159 t2028681F4A1601F101FC
 20:48:10.159 t203888204A2205E801FE
 20:48:10.159 t20480000400000000000
 20:48:10.159 t2058D18862027FFF5000
 20:48:10.258 t200827E28A3E004ACA00
 20:48:10.258 t201848FD8A0EF1F1F17B
 20:48:10.259 t2028681F8A1AF1F100FC
 20:48:10.259 t203888C38A2203A7FDFE
 20:48:10.259 t20480000800000000000
 20:48:10.259 t2058D188A2027FFF5000
 20:48:10.358 t200827E5CA3E004ACA00
 20:48:10.358 t20184681CA0EF1F1F17B
 20:48:10.358 t20286000C02AF2F900F9
 20:48:10.359 t20388987CA220827F9FE
 20:48:10.359 t20480000C00000000000
 20:48:10.359 t2058D188E2027FFF5000
 20:48:10.458 t200827E80A3E004ACA00
 20:48:10.458 t2018481F0A0EF1F1F17C
 20:48:10.458 t2028681F0A1601F101FC
 20:48:10.458 t203887010A220C97FDFD
 20:48:10.458 t20480000000000000000
 20:48:10.458 t2058D18822027FFF5000
 20:48:10.558 t200827EB4A3E004ACA00
 20:48:10.558 t201848FD4A0EF1F1F17B
 20:48:10.558 t2028681F4A1AF1F100FC
 20:48:10.558 t203888204A2205E801FE
 20:48:10.558 t20480000400000000000
 20:48:10.558 t2058D18862027FFF5000
 20:48:10.658 t200827EE8A3E004ACA00
 20:48:10.658 t201846818A0EF1F1F17B
 20:48:10.658 t20286000802AF2F900F9
 20:48:10.659 t203888C38A2203A7FDFE
 20:48:10.659 t20480000800000000000
 20:48:10.659 t2058D188A2027FFF5000
 20:48:10.758 t200827F0CA3E004ACA00
 20:48:10.758 t2018481FCA0EF1F1F17C
 20:48:10.759 t2028681FCA1601F101FC
 20:48:10.759 t20388987CA220827F9FE
 20:48:10.759 t20480000C00000000000
 20:48:10.759 t2058D188E2027FFF5000
 20:48:10.858 t200827F30A3E004ACA00
 20:48:10.858 t201848FD0A0EF1F1F17B
 20:48:10.859 t2028681F0A1AF1F100FC
 20:48:10.859 t203887010A220C97FDFD
 20:48:10.859 t20480000000000000000
 20:48:10.859 t2058D18822027FFF5000
 20:48:10.958 t200827F64A3E004ACA00
 20:48:10.958 t201846814A0EF1F1F17B
 20:48:10.958 t20286000402AF2F900F9
 20:48:10.959 t203888204A2205E801FE
 20:48:10.959 t20480000400000000000
 20:48:10.959 t2058D18862027FFF5000
 20:48:11.058 t200827F98A3E004ACA00
 20:48:11.058 t2018481F8A0EF1F1F17C
 20:48:11.059 t2028681F8A1601F101FC
 20:48:11.059 t203888C38A2203A7FDFE
 20:48:11.059 t20480000800000000000
 20:48:11.059 t2058D188A2027FFF5000
 20:48:11.158 t200827FBCA3E004ACA00
 20:48:11.158 t201848FDCA0EF1F1F17B
 20:48:11.158 t2028681FCA1AF1F100FC
 20:48:11.158 t20388987CA220827F9FE
 20:48:11.158 t20480000C00000000000
 20:48:11.158 t2058D188E2027FFF5000
 20:48:11.258 t200827FE0A3E004ACA00
 20:48:11.258 t201846810A0EF1F1F17B
 20:48:11.258 t20286000002AF2F900F9
 20:48:11.258 t203887010A220C97FDFD
 20:48:11.258 t20480000000000000000
 20:48:11.258 t2058D18822027FFF5000
 20:48:11.358 t200828014A3E004ACA00
 20:48:11.358 t2018481F4A0EF1F1F17C
 20:48:11.358 t2028681F4A1601F101FC
 20:48:11.359 t203888204A2205E801FE
 20:48:11.359 t20480000400000000000
 20:48:11.359 t2058D18862027FFF5000
 20:48:11.458 t200828048A3E004ACA00
 20:48:11.458 t201848FD8A0EF1F1F17B
 20:48:11.458 t2028681F8A1AF1F100FC
 20:48:11.459 t203888C38A2203A7FDFE
 20:48:11.459 t20480000800000000000
 20:48:11.459 t2058D188A2027FFF5000
 20:48:11.558 t20082807CA3E004ACA00
 20:48:11.558 t20184681CA0EF1F1F17B
 20:48:11.558 t20286000C02AF2F900F9
 20:48:11.558 t20388987CA220827F9FE
 20:48:11.559 t20480000C00000000000
 20:48:11.559 t2058D188E2027FFF5000
 20:48:11.658 t200828090A3E004ACA00
 20:48:11.658 t2018481F0A0EF1F1F17C
 20:48:11.658 t2028681F0A1601F101FC
 20:48:11.659 t203887010A220C97FDFD
 20:48:11.659 t20480000000000000000
 20:48:11.659 t2058D18822027FFF5000
 20:48:11.758 t2008280C4A3E004ACA00
 20:48:11.758 t201848FD4A0EF1F1F17B
 20:48:11.758 t2028681F4A1AF1F100FC
 20:48:11.758 t203888204A2205E801FE
 20:48:11.758 t20480000400000000000
 20:48:11.758 t2058D18862027FFF5000
 20:48:11.858 t2008280F8A3E004ACA00
 20:48:11.858 t201846818A0EF1F1F17B
 20:48:11.858 t20286000802AF2F900F9
 20:48:11.858 t203888C38A2203A7FDFE
 20:48:11.858 t20480000800000000000
 20:48:11.859 t2058D188A2027FFF5000
 20:48:11.958 t20082812CA3E004ACA00
 20:48:11.958 t2018481FCA0EF1F1F17C
 20:48:11.958 t2028681FCA1601F101FC
 20:48:11.958 t20388987CA220827F9FE
 20:48:11.958 t20480000C00000000000
 20:48:11.958 t2058D188E2027FFF5000
 20:48:12.058 t200828140A3E004ACA00
 20:48:12.058 t201848FD0A0EF1F1F17B
 20:48:12.058 t2028681F0A1AF1F100FC
 20:48:12.058 t203887010A220C97FDFD
 20:48:12.059 t20480000000000000000
 20:48:12.059 t2058D18822027FFF5000
 20:48:12.158 t200828174A3E004ACA00
 20:48:12.158 t201846814A0EF1F1F17B
 20:48:12.158 t20286000402AF2F900F9
 20:48:12.158 t203888204A2205E801FE
 20:48:12.159 t20480000400000000000
 20:48:12.159 t2058D18862027FFF5000
 20:48:12.258 t2008281A8A3E004ACA00
 20:48:12.258 t2018481F8A0EF1F1F17C
 20:48:12.258 t2028681F8A1601F101FC
 20:48:12.258 t203888C38A2203A7FDFE
 20:48:12.259 t20480000800000000000
 20:48:12.259 t2058D188A2027FFF5000
 20:48:12.358 t2008281DCA3E004ACA00
 20:48:12.358 t201848FDCA0EF1F1F17B
 20:48:12.358 t2028681FCA1AF1F100FC
 20:48:12.358 t20388987CA220827F9FE
 20:48:12.359 t20480000C00000000000
 20:48:12.359 t2058D188E2027FFF5000
 20:48:12.457 t200828200A3E004ACA00
 20:48:12.457 t201846810A0EF1F1F17B
 20:48:12.458 t20286000002AF2F900F9
 20:48:12.458 t203887010A220C97FDFD
 20:48:12.458 t20480000000000000000
 20:48:12.458 t2058D18822027FFF5000
 20:48:12.557 t200828234A3E004ACA00
 20:48:12.557 t2018481F4A0EF1F1F17C
 20:48:12.558 t2028681F4A1601F101FC
 20:48:12.558 t203888204A2205E801FE
 20:48:12.558 t20480000400000000000
 20:48:12.558 t2058D18862027FFF5000
 20:48:12.657 t200828258A3E004ACA00
 20:48:12.658 t201848FD8A0EF1F1F17B
 20:48:12.658 t2028681F8A1AF1F100FC
 20:48:12.658 t203888C38A2203A7FDFE
 20:48:12.658 t20480000800000000000
 20:48:12.659 t2058D188A2027FFF5000
 20:48:12.758 t20082828CA3E004ACA00
 20:48:12.758 t20184681CA0EF1F1F17B
 20:48:12.758 t20286000C02AF2F900F9
 20:48:12.758 t20388987CA220827F9FE
 20:48:12.758 t20480000C00000000000
 20:48:12.759 t2058D188E2027FFF5000
 20:48:12.857 t2008282B0A3E004ACA00
 20:48:12.858 t2018481F0A0EF1F1F17C
 20:48:12.858 t2028681F0A1601F101FC
 20:48:12.858 t203887010A220C97FDFD
 20:48:12.858 t20480000000000000000
 20:48:12.858 t2058D18822027FFF5000
 20:48:12.957 t2008282E4A3E004ACA00
 20:48:12.957 t201848FD4A0EF1F1F17B
 20:48:12.957 t2028681F4A1AF1F100FC
 20:48:12.958 t203888204A2205E801FE
 20:48:12.958 t20480000400000000000
 20:48:12.958 t2058D18862027FFF5000
 20:48:13.057 t200828308A3E004ACA00
 20:48:13.058 t201846818A0EF1F1F17B
 20:48:13.058 t20286000802AF2F900F9
 20:48:13.058 t203888C38A2203A7FDFE
 20:48:13.058 t20480000800000000000
 20:48:13.058 t2058D188A2027FFF5000
 20:48:13.157 t20082833CA3E004ACA00
 20:48:13.158 t2018481FCA0EF1F1F17C
 20:48:13.158 t2028681FCA1601F101FC
 20:48:13.158 t20388987CA220827F9FE
 20:48:13.158 t20480000C00000000000
 20:48:13.158 t2058D188E2027FFF5000
 20:48:13.257 t200828360A3E004ACA00
 20:48:13.257 t201848FD0A0EF1F1F17B
 20:48:13.257 t2028681F0A1AF1F100FC
 20:48:13.257 t203887010A220C97FDFD
 20:48:13.258 t20480000000000000000
 20:48:13.258 t2058D18822027FFF5000
 20:48:13.357 t200828394A3E004ACA00
 20:48:13.357 t201846814A0EF1F1F17B
 20:48:13.357 t20286000402AF2F900F9
 20:48:13.358 t203888204A2205E801FE
 20:48:13.358 t20480000400000000000
 20:48:13.358 t2058D18862027FFF5000
 20:48:13.457 t2008283C8A3E004ACA00
 20:48:13.458 t2018481F8A0EF1F1F17C
 20:48:13.458 t2028681F8A1601F101FC
 20:48:13.458 t203888C38A2203A7FDFE
 20:48:13.458 t20480000800000000000
 20:48:13.459 t2058D188A2027FFF5000
 20:48:13.557 t2008283ECA3E004ACA00
 20:48:13.557 t201848FDCA0EF1F1F17B
 20:48:13.558 t2028681FCA1AF1F100FC
 20:48:13.558 t20388987CA220827F9FE
 20:48:13.558 t20480000C00000000000
 20:48:13.558 t2058D188E2027FFF5000
 20:48:13.658 t200828410A3E004ACA00
 20:48:13.658 t201846810A0EF1F1F17B
 20:48:13.659 t20286000002AF2F900F9
 20:48:13.659 t203887010A220C97FDFD
 20:48:13.659 t20480000000000000000
 20:48:13.659 t2058D18822027FFF5000
 20:48:13.758 t200828444A3E004ACA00
 20:48:13.758 t2018481F4A0EF1F1F17C
 20:48:13.759 t2028681F4A1601F101FC
 20:48:13.759 t203888204A2205E801FE
 20:48:13.759 t20480000400000000000
 20:48:13.759 t2058D18862027FFF5000
 20:48:13.858 t200828478A3E004ACA00
 20:48:13.858 t201848FD8A0EF1F1F17B
 20:48:13.858 t2028681F8A1AF1F100FC
 20:48:13.858 t203888C38A2203A7FDFE
 20:48:13.858 t20480000800000000000
 20:48:13.859 t2058D188A2027FFF5000
 20:48:13.958 t20082849CA3E004ACA00
 20:48:13.958 t20184681CA0EF1F1F17B
 20:48:13.958 t20286000C02AF2F900F9
 20:48:13.958 t20388987CA220827F9FE
 20:48:13.958 t20480000C00000000000
 20:48:13.959 t2058D188E2027FFF5000
 20:48:14.058 t2008284C0A3E004ACA00
 20:48:14.058 t2018481F0A0EF1F1F17C
 20:48:14.059 t2028681F0A1601F101FC
 20:48:14.059 t203887010A220C97FDFD
 20:48:14.059 t20480000000000000000
 20:48:14.059 t2058D18822027FFF5000
 20:48:14.158 t2008284F4A3E004ACA00
 20:48:14.158 t201848FD4A0EF1F1F17B
 20:48:14.159 t2028681F4A1AF1F100FC
 20:48:14.159 t20388B184A200487FDFF
 20:48:14.159 t20480000400000000000
 20:48:14.159 t2058D18862027FFF5000
 20:48:14.258 t200828528A3E004ACA00
 20:48:14.258 t201846818A0EF1F1F17B
 20:48:14.259 t20286000802AF2F900F9
 20:48:14.259 t20388BF78A203FF803FF
 20:48:14.259 t20480000800000000000
 20:48:14.259 t2058D188A2027FFF5000
 20:48:14.358 t20082855CA3E004ACA00
 20:48:14.358 t2018481FCA0EF1F1F17C
 20:48:14.359 t2028681FCA1601F101FC
 20:48:14.359 t20388820CA2205E801FE
 20:48:14.359 t20480000C00000000000
 20:48:14.359 t2058D188E2027FFF5000
 20:48:14.458 t200828570A3E004ACA00
 20:48:14.458 t201848FD0A0EF1F1F17B
 20:48:14.458 t2028681F0A1AF1F100FC
 20:48:14.458 t203888C30A2203A7FDFE
 20:48:14.458 t20480000000000000000
 20:48:14.458 t2058D18822027FFF5000
 20:48:14.558 t2008285A4A3E004ACA00
 20:48:14.558 t201846814A0EF1F1F17B
 20:48:14.558 t20286000402AF2F900F9
 20:48:14.558 t203889874A220827F9FE
 20:48:14.558 t20480000400000000000
 20:48:14.558 t2058D18862027FFF5000
 20:48:14.658 t2008285D8A3E004ACA00
 20:48:14.658 t2018481F8A0EF1F1F17C
 20:48:14.658 t2028681F8A1601F101FC
 20:48:14.659 t20388B188A220487FDFF
 20:48:14.659 t20480000800000000000
 20:48:14.659 t2058D188A2027FFF5000
 20:48:14.758 t20082860CA3E004ACA00
 20:48:14.758 t201848FDCA0EF1F1F17B
 20:48:14.758 t2028681FCA1AF1F100FC
 20:48:14.759 t20388BF7CA223FF803FF
 20:48:14.759 t20480000C00000000000
 20:48:14.759 t2058D188E2027FFF5000
 20:48:14.858 t200828620A3E004ACA00
 20:48:14.858 t201846810A0EF1F1F17B
 20:48:14.858 t20286000002AF2F900F9
 20:48:14.859 t203888200A2205E801FE
 20:48:14.859 t20480000000000000000
 20:48:14.859 t2058D18822027FFF5000
 20:48:14.958 t200828654A3E004ACA00
 20:48:14.958 t2018481F4A0EF1F1F17C
 20:48:14.958 t2028681F4A1601F101FC
 20:48:14.959 t203888C34A2203A7FDFE
 20:48:14.959 t20480000400000000000
 20:48:14.959 t2058D18862027FFF5000
 20:48:15.058 t200828688A3E004ACA00
 20:48:15.058 t201848FD8A0EF1F1F17B
 20:48:15.058 t2028681F8A1AF1F100FC
 20:48:15.059 t203889878A220827F9FE
 20:48:15.059 t20480000800000000000
 20:48:15.059 t2058D188A2027FFF5000
 20:48:15.158 t2008286BCA3E004ACA00
 20:48:15.158 t20184681CA0EF1F1F17B
 20:48:15.158 t20286000C02AF2F900F9
 20:48:15.158 t20388B18CA220487FDFF
 20:48:15.158 t20480000C00000000000
 20:48:15.158 t2058D188E2027FFF5000
 20:48:15.258 t2008286E0A3E004ACA00
 20:48:15.258 t2018481F0A0EF1F1F17C
 20:48:15.258 t2028681F0A1601F101FC
 20:48:15.258 t20388BF70A223FF803FF
 20:48:15.258 t20480000000000000000
 20:48:15.258 t2058D18822027FFF5000
 20:48:15.358 t200828704A3E004ACA00
 20:48:15.358 t201848FD4A0EF1F1F17B
 20:48:15.358 t2028681F4A1AF1F100FC
 20:48:15.358 t203888204A2205E801FE
 20:48:15.359 t20480000400000000000
 20:48:15.359 t2058D18862027FFF5000
 20:48:15.458 t200828738A3E004ACA00
 20:48:15.458 t201846818A0EF1F1F17B
 20:48:15.458 t20286000802AF2F900F9
 20:48:15.458 t203888C38A2203A7FDFE
 20:48:15.459 t20480000800000000000
 20:48:15.459 t2058D188A2027FFF5000
 20:48:15.558 t20082876CA3E004ACA00
 20:48:15.558 t2018481FCA0EF1F1F17C
 20:48:15.558 t2028681FCA1601F101FC
 20:48:15.558 t20388987CA220827F9FE
 20:48:15.559 t20480000C00000000000
 20:48:15.559 t2058D188E2027FFF5000
 20:48:15.658 t200828790A3E004ACA00
 20:48:15.658 t201848FD0A0EF1F1F17B
 20:48:15.658 t2028681F0A1AF1F100FC
 20:48:15.658 t20388B180A220487FDFF
 20:48:15.659 t20480000000000000000
 20:48:15.659 t2058D18822027FFF5000
 20:48:15.758 t2008287B4A3E004ACA00
 20:48:15.758 t201846814A0EF1F1F17B
 20:48:15.758 t20286000402AF2F900F9
 20:48:15.758 t20388BF74A223FF803FF
 20:48:15.758 t20480000400000000000
 20:48:15.759 t2058D18862027FFF5000
 20:48:15.857 t2008287F8A3E004ACA00
 20:48:15.858 t2018481F8A0EF1F1F17C
 20:48:15.858 t2028681F8A1601F101FC
 20:48:15.858 t203888208A2205E801FE
 20:48:15.858 t20480000800000000000
 20:48:15.858 t2058D188A2027FFF5000
 20:48:15.957 t20082882CA3E004ACA00
 20:48:15.958 t201848FDCA0EF1F1F17B
 20:48:15.958 t2028681FCA1AF1F100FC
 20:48:15.958 t203888C3CA2203A7FDFE
 20:48:15.958 t20480000C00000000000
 20:48:15.958 t2058D188E2027FFF5000
 20:48:16.058 t200828840A3E004ACA00
 20:48:16.058 t201846810A0EF1F1F17B
 20:48:16.058 t20286000002AF2F900F9
 20:48:16.058 t203889870A220827F9FE
 20:48:16.058 t20480000000000000000
 20:48:16.058 t2058D18822027FFF5000
 20:48:16.158 t200828874A3E004ACA00
 20:48:16.158 t2018481F4A0EF1F1F17C
 20:48:16.158 t20286000402AF2F900F9
 20:48:16.158 t20388B184A220487FDFF
 20:48:16.158 t20480000400000000000
 20:48:16.159 t2058D18862027FFF5000
 20:48:16.258 t2008288A8A3E004ACA00
 20:48:16.258 t201848FD8A0EF1F1F17B
 20:48:16.258 t20286000802AF2F900F9
 20:48:16.258 t20388BF78A223FF803FF
 20:48:16.258 t20480000800000000000
 20:48:16.259 t2058D188A2027FFF5000
 20:48:16.357 t2008288DCA3E004ACA00
 20:48:16.358 t2018481FCA0EF1F1F17C
 20:48:16.358 t20286000C02AF2F900F9
 20:48:16.358 t20388820CA2205E801FE
 20:48:16.358 t20480000C00000000000
 20:48:16.358 t2058D188E2027FFF5000
 20:48:16.457 t2008288F0A3E004ACA00
 20:48:16.457 t201848FD0A0EF1F1F17B
 20:48:16.458 t20286000002AF2F900F9
 20:48:16.458 t203888C30A2203A7FDFE
 20:48:16.458 t20480000000000000000
 20:48:16.458 t2058D18822027FFF5000
 20:48:16.557 t200828924A3E004ACA00
 20:48:16.557 t2018481F4A0EF1F1F17C
 20:48:16.557 t20286000402AF2F900F9
 20:48:16.558 t203889874A220827F9FE
 20:48:16.558 t20480000400000000000
 20:48:16.558 t2058D18862027FFF5000
 20:48:16.657 t200828958A3E004ACA00
 20:48:16.658 t201848FD8A0EF1F1F17B
 20:48:16.658 t20286000802AF2F900F9
 20:48:16.658 t20388B188A220487FDFF
 20:48:16.658 t20480000800000000000
 20:48:16.658 t2058D188A2027FFF5000
 20:48:16.757 t20082898CA3E004ACA00
 20:48:16.758 t2018481FCA0EF1F1F17C
 20:48:16.758 t20286000C02AF2F900F9
 20:48:16.758 t20388BF7CA223FF803FF
 20:48:16.758 t20480000C00000000000
 20:48:16.758 t2058D188E2027FFF5000
 20:48:16.857 t2008289B0A3E004ACA00
 20:48:16.858 t201848FD0A0EF1F1F17B
 20:48:16.858 t20286000002AF2F900F9
 20:48:16.858 t203888200A2205E801FE
 20:48:16.858 t20480000000000000000
 20:48:16.859 t2058D18822027FFF5000
 20:48:16.957 t2008289D4A3E004ACA00
 20:48:16.958 t2018481F4A0EF1F1F17C
 20:48:16.958 t20286000402AF2F900F9
 20:48:16.958 t203888C34A2203A7FDFE
 20:48:16.958 t20480000400000000000
 20:48:16.958 t2058D18862027FFF5000
 20:48:17.057 t200828A08A3E004ACA00
 20:48:17.058 t201848FD8A0EF1F1F17B
 20:48:17.058 t20286000802AF2F900F9
 20:48:17.058 t203889878A220827F9FE
 20:48:17.059 t20480000800000000000
 20:48:17.059 t2058D188A2027FFF5000
 20:48:17.157 t200828A3CA3E004ACA00
 20:48:17.157 t2018481FCA0EF1F1F17C
 20:48:17.157 t20286000C02AF2F900F9
 20:48:17.157 t20388B18CA220487FDFF
 20:48:17.158 t20480000C00000000000
 20:48:17.158 t2058D188E2027FFF5000
 20:48:17.257 t200828A60A3E004ACA00
 20:48:17.257 t201848FD0A0EF1F1F17B
 20:48:17.257 t20286000002AF2F900F9
 20:48:17.257 t20388BF70A223FF803FF
 20:48:17.257 t20480000000000000000
 20:48:17.258 t2058D18822027FFF5000
 20:48:17.357 t200828A84A3E004ACA00
 20:48:17.357 t2018481F4A0EF1F1F17C
 20:48:17.358 t20286000402AF2F900F9
 20:48:17.358 t203888204A2205E801FE
 20:48:17.358 t20480000400000000000
 20:48:17.358 t2058D18862027FFF5000
 20:48:17.457 t200828AB8A3E004ACA00
 20:48:17.457 t201848FD8A0EF1F1F17B
 20:48:17.458 t20286000802AF2F900F9
 20:48:17.458 t203888C38A2203A7FDFE
 20:48:17.458 t20480000800000000000
 20:48:17.458 t2058D188A2027FFF5000
 20:48:17.558 t200828AECA3E004ACA00
 20:48:17.558 t2018481FCA0EF1F1F17C
 20:48:17.559 t20286000C02AF2F900F9
 20:48:17.559 t20388987CA220827F9FE
 20:48:17.559 t20480000C00000000000
 20:48:17.559 t2058D188E2027FFF5000
 20:48:17.658 t200828B10A3E004ACA00
 20:48:17.658 t201848FD0A0EF1F1F17B
 20:48:17.659 t20286000002AF2F900F9
 20:48:17.659 t20388B180A220487FDFF
 20:48:17.659 t20480000000000000000
 20:48:17.659 t2058D18822027FFF5000
 20:48:17.758 t200828B44A3E004ACA00
 20:48:17.758 t2018481F4A0EF1F1F17C
 20:48:17.758 t20286000402AF2F900F9
 20:48:17.758 t20388BF74A223FF803FF
 20:48:17.758 t20480000400000000000
 20:48:17.759 t2058D18862027FFF5000
 20:48:17.858 t200828B68A3E004ACA00
 20:48:17.858 t201848FD8A0EF1F1F17B
 20:48:17.858 t20286000802AF2F900F9
 20:48:17.858 t203888208A2205E801FE
 20:48:17.858 t20480000800000000000
 20:48:17.858 t2058D188A2027FFF5000
 20:48:17.958 t200828B9CA3E004ACA00
 20:48:17.958 t2018481FCA0EF1F1F17C
 20:48:17.958 t20286000C02AF2F900F9
 20:48:17.959 t203888C3CA2203A7FDFE
 20:48:17.959 t20480000C00000000000
 20:48:17.959 t2058D188E2027FFF5000
 20:48:18.058 t200828BC0A3E004ACA00
 20:48:18.058 t201848FD0A0EF1F1F17B
 20:48:18.058 t20286000002AF2F900F9
 20:48:18.058 t203889870A220827F9FE
 20:48:18.058 t20480000000000000000
 20:48:18.059 t2058D18822027FFF5000
 20:48:18.158 t200828BF4A3E004ACA00
 20:48:18.158 t2018481F4A0EF1F1F17C
 20:48:18.159 t20286000402AF2F900F9
 20:48:18.159 t20388B184A220487FDFF
 20:48:18.159 t20480000400000000000
 20:48:18.159 t2058D18862027FFF5000
 20:48:18.258 t200828C18A3E004ACA00
 20:48:18.258 t201848FD8A0EF1F1F17B
 20:48:18.259 t20286000802AF2F900F9
 20:48:18.259 t20388BF78A223FF803FF
 20:48:18.259 t20480000800000000000
 20:48:18.259 t2058D188A2027FFF5000
 20:48:18.358 t200828C4CA3E004ACA00
 20:48:18.358 t2018481FCA0EF1F1F17C
 20:48:18.358 t20286000C02AF2F900F9
 20:48:18.359 t20388820CA2205E801FE
 20:48:18.359 t20480000C00000000000
 20:48:18.359 t2058D188E2027FFF5000
 20:48:18.458 t200828C70A3E004ACA00
 20:48:18.458 t201848FD0A0EF1F1F17B
 20:48:18.458 t20286000002AF2F900F9
 20:48:18.458 t203888C30A2203A7FDFE
 20:48:18.458 t20480000000000000000
 20:48:18.458 t2058D18822027FFF5000
 20:48:18.558 t200828CA4A3E004ACA00
 20:48:18.558 t2018481F4A0EF1F1F17C
 20:48:18.558 t20286000402AF2F900F9
 20:48:18.558 t203889874A220827F9FE
 20:48:18.558 t20480000400000000000
 20:48:18.558 t2058D18862027FFF5000
 20:48:18.658 t200828CD8A3E004ACA00
 20:48:18.658 t201848FD8A0EF1F1F17B
 20:48:18.658 t20286000802AF2F900F9
 20:48:18.658 t20388B188A220487FDFF
 20:48:18.659 t20480000800000000000
 20:48:18.659 t2058D188A2027FFF5000
 20:48:18.758 t200828CFCA3E004ACA00
 20:48:18.758 t2018481FCA0EF1F1F17C
 20:48:18.758 t20286000C02AF2F900F9
 20:48:18.759 t20388BF7CA223FF803FF
 20:48:18.759 t20480000C00000000000
 20:48:18.759 t2058D188E2027FFF5000
 20:48:18.858 t200828D20A3E004ACA00
 20:48:18.858 t201848FD0A0EF1F1F17B
 20:48:18.858 t20286000002AF2F900F9
 20:48:18.859 t203888200A2205E801FE
 20:48:18.859 t20480000000000000000
 20:48:18.859 t2058D18822027FFF5000
 20:48:18.958 t200828D54A3E004ACA00
 20:48:18.958 t2018481F4A0EF1F1F17C
 20:48:18.958 t20286000402AF2F900F9
 20:48:18.959 t203888C34A2203A7FDFE
 20:48:18.959 t20480000400000000000
 20:48:18.959 t2058D18862027FFF5000
 20:48:19.058 t200828D88A3E004ACA00
 20:48:19.058 t201848FD8A0EF1F1F17B
 20:48:19.058 t20286000802AF2F900F9
 20:48:19.058 t203889878A220827F9FE
 20:48:19.059 t20480000800000000000
 20:48:19.059 t2058D188A2027FFF5000
 20:48:19.157 t200828DACA3E004ACA00
 20:48:19.158 t2018481FCA0EF1F1F17C
 20:48:19.158 t20286000C02AF2F900F9
 20:48:19.158 t20388B18CA220487FDFF
 20:48:19.158 t20480000C00000000000
 20:48:19.158 t2058D188E2027FFF5000
 20:48:19.257 t200828DD0A3E004ACA00
 20:48:19.258 t201848FD0A0EF1F1F17B
 20:48:19.258 t20286000002AF2F900F9
 20:48:19.258 t20388BF70A223FF803FF
 20:48:19.258 t20480000000000000000
 20:48:19.258 t2058D18822027FFF5000
 20:48:19.358 t200828E04A3E004ACA00
 20:48:19.358 t2018481F4A0EF1F1F17C
 20:48:19.358 t20286000402AF2F900F9
 20:48:19.358 t203888204A2205E801FE
 20:48:19.359 t20480000400000000000
 20:48:19.359 t2058D18862027FFF5000
 20:48:19.458 t200828E38A3E004ACA00
 20:48:19.458 t201848FD8A0EF1F1F17B
 20:48:19.459 t20286000802AF2F900F9
 20:48:19.459 t203888C38A2203A7FDFE
 20:48:19.459 t20480000800000000000
 20:48:19.459 t2058D188A2027FFF5000
 20:48:19.558 t200828E6CA3E004ACA00
 20:48:19.558 t2018481FCA0EF1F1F17C
 20:48:19.558 t20286000C02AF2F900F9
 20:48:19.558 t20388987CA220827F9FE
 20:48:19.558 t20480000C00000000000
 20:48:19.558 t2058D188E2027FFF5000
 20:48:19.658 t200828E80A3E004ACA00
 20:48:19.658 t201848FD0A0EF1F1F17B
 20:48:19.658 t20286000002AF2F900F9
 20:48:19.658 t20388B180A220487FDFF
 20:48:19.658 t20480000000000000000
 20:48:19.658 t2058D18822027FFF5000
 20:48:19.757 t200828EB4A3E004ACA00
 20:48:19.757 t2018481F4A0EF1F1F17C
 20:48:19.758 t20286000402AF2F900F9
 20:48:19.758 t20388BF74A223FF803FF
 20:48:19.758 t20480000400000000000
 20:48:19.758 t2058D18862027FFF5000
 20:48:19.857 t200828EE8A3E004ACA00
 20:48:19.857 t201848FD8A0EF1F1F17B
 20:48:19.858 t20286000802AF2F900F9
 20:48:19.858 t203888208A2205E801FE
 20:48:19.858 t20480000800000000000
 20:48:19.858 t2058D188A2027FFF5000
 20:48:19.957 t200828F1CA3E004ACA00
 20:48:19.957 t2018481FCA0EF1F1F17C
 20:48:19.958 t20286000C02AF2F900F9
 20:48:19.958 t203888C3CA2203A7FDFE
 20:48:19.958 t20480000C00000000000
 20:48:19.958 t2058D188E2027FFF5000
 20:48:20.057 t200828F40A3E004ACA00
 20:48:20.058 t201848FD0A0EF1F1F17B
 20:48:20.058 t20286000002AF2F900F9
 20:48:20.058 t203889870A220827F9FE
 20:48:20.058 t20480000000000000000
 20:48:20.058 t2058D18822027FFF5000
 20:48:20.157 t200828F64A3E004ACA00
 20:48:20.158 t2018481F4A0EF1F1F17C
 20:48:20.158 t20286000402AF2F900F9
 20:48:20.158 t20388B184A220487FDFF
 20:48:20.158 t20480000400000000000
 20:48:20.158 t2058D18862027FFF5000
 20:48:20.257 t200828F98A3E004ACA00
 20:48:20.258 t201848FD8A0EF1F1F17B
 20:48:20.258 t20286000802AF2F900F9
 20:48:20.258 t20388BF78A223FF803FF
 20:48:20.258 t20480000800000000000
 20:48:20.258 t2058D188A2027FFF5000
 20:48:20.357 t200828FCCA3E004ACA00
 20:48:20.358 t2018481FCA0EF1F1F17C
 20:48:20.358 t20286000C02AF2F900F9
 20:48:20.358 t20388820CA2205E801FE
 20:48:20.358 t20480000C00000000000
 20:48:20.358 t2058D188E2027FFF5000
 20:48:20.457 t200828FE0A3E004ACA00
 20:48:20.457 t201848FD0A0EF1F1F17B
 20:48:20.458 t20286000002AF2F900F9
 20:48:20.458 t203888C30A2203A7FDFE
 20:48:20.458 t20480000000000000000
 20:48:20.458 t2058D18822027FFF5000
 20:48:20.557 t200829014A3E004ACA00
 20:48:20.557 t2018481F4A0EF1F1F17C
 20:48:20.557 t20286000402AF2F900F9
 20:48:20.557 t203889874A220827F9FE
 20:48:20.558 t20480000400000000000
 20:48:20.558 t2058D18862027FFF5000
 20:48:20.657 t200829048A3E004ACA00
 20:48:20.657 t201848FD8A0EF1F1F17B
 20:48:20.657 t20286000802AF2F900F9
 20:48:20.657 t20388B188A220487FDFF
 20:48:20.657 t20480000800000000000
 20:48:20.658 t2058D188A2027FFF5000
 20:48:20.757 t20082907CA3E004ACA00
 20:48:20.757 t2018481FCA0EF1F1F17C
 20:48:20.757 t20286000C02AF2F900F9
 20:48:20.758 t20388BF7CA223FF803FF
 20:48:20.758 t20480000C00000000000
 20:48:20.758 t2058D188E2027FFF5000
 20:48:20.857 t2008290A0A3E004ACA00
 20:48:20.857 t201848FD0A0EF1F1F17B
 20:48:20.858 t20286000002AF2F900F9
 20:48:20.858 t203888C30A2203A7FDFE
 20:48:20.858 t20480000000000000000
 20:48:20.858 t2058D18822027FFF5000
 20:48:20.957 t2008290C4A3E004ACA00
 20:48:20.957 t2018481F4A0EF1F1F17C
 20:48:20.958 t20286000402AF2F900F9
 20:48:20.958 t203889874A220827F9FE
 20:48:20.958 t20480000400000000000
 20:48:20.958 t2058D18862027FFF5000
 20:48:21.057 t2008290F8A3E004ACA00
 20:48:21.057 t201848FD8A0EF1F1F17B
 20:48:21.058 t20286000802AF2F900F9
 20:48:21.058 t20388B188A220487FDFF
 20:48:21.058 t20480000800000000000
 20:48:21.058 t2058D188A2027FFF5000
 20:48:21.157 t20082912CA3E004ACA00
 20:48:21.157 t2018481FCA0EF1F1F17C
 20:48:21.157 t20286000C02AF2F900F9
 20:48:21.157 t20388BF7CA223FF803FF
 20:48:21.157 t20480000C00000000000
 20:48:21.157 t2058D188E2027FFF5000
 20:48:21.257 t200829150A3E004ACA00
 20:48:21.257 t201848FD0A0EF1F1F17B
 20:48:21.257 t20286000002AF2F900F9
 20:48:21.257 t203888C30A2203A7FDFE
 20:48:21.257 t20480000000000000000
 20:48:21.257 t2058D18822027FFF5000
 20:48:21.358 t200829174A3E004ACA00
 20:48:21.358 t2018481F4A0EF1F1F17C
 20:48:21.358 t20286000402AF2F900F9
 20:48:21.359 t203889874A220827F9FE
 20:48:21.359 t20480000400000000000
 20:48:21.359 t2058D18862027FFF5000
 20:48:21.458 t2008291A8A3E004ACA00
 20:48:21.458 t201848FD8A0EF1F1F17B
 20:48:21.459 t20286000802AF2F900F9
 20:48:21.459 t20388B188A220487FDFF
 20:48:21.459 t20480000800000000000
 20:48:21.459 t2058D188A2027FFF5000
 20:48:21.558 t2008291DCA3E004ACA00
 20:48:21.558 t2018481FCA0EF1F1F17C
 20:48:21.559 t20286000C02AF2F900F9
 20:48:21.559 t20388BF7CA223FF803FF
 20:48:21.559 t20480000C00000000000
 20:48:21.559 t2058D188E2027FFF5000
 20:48:21.658 t200829200A3E004ACA00
 20:48:21.658 t201848FD0A0EF1F1F17B
 20:48:21.658 t20286000002AF2F900F9
 20:48:21.659 t203888C30A2203A7FDFE
 20:48:21.659 t20480000000000000000
 20:48:21.659 t2058D18822027FFF5000
 20:48:21.758 t200829234A3E004ACA00
 20:48:21.758 t2018481F4A0EF1F1F17C
 20:48:21.758 t20286000402AF2F900F9
 20:48:21.758 t203889874A220827F9FE
 20:48:21.759 t20480000400000000000
 20:48:21.759 t2058D18862027FFF5000
 20:48:21.858 t200829258A3E004ACA00
 20:48:21.858 t201848FD8A0EF1F1F17B
 20:48:21.858 t20286000802AF2F900F9
 20:48:21.858 t20388B188A220487FDFF
 20:48:21.858 t20480000800000000000
 20:48:21.858 t2058D188A2027FFF5000
 20:48:21.958 t20082928CA3E004ACA00
 20:48:21.958 t2018481FCA0EF1F1F17C
 20:48:21.958 t20286000C02AF2F900F9
 20:48:21.958 t20388BF7CA223FF803FF
 20:48:21.958 t20480000C00000000000
 20:48:21.958 t2058D188E2027FFF5000
 20:48:22.058 t2008292B0A3E004ACA00
 20:48:22.058 t201848FD0A0EF1F1F17B
 20:48:22.058 t20286000002AF2F900F9
 20:48:22.059 t203888C30A2203A7FDFE
 20:48:22.059 t20480000000000000000
 20:48:22.059 t2058D18822027FFF5000
 20:48:22.158 t2008292E4A3E004ACA00
 20:48:22.158 t2018481F4A0EF1F1F17C
 20:48:22.158 t20286000402AF2F900F9
 20:48:22.159 t203889874A220827F9FE
 20:48:22.159 t20480000400000000000
 20:48:22.159 t2058D18862027FFF5000
 20:48:22.258 t200829308A3E004ACA00
 20:48:22.258 t201848FD8A0EF1F1F17B
 20:48:22.258 t20286000802AF2F900F9
 20:48:22.258 t20388B188A220487FDFF
 20:48:22.258 t20480000800000000000
 20:48:22.258 t2058D188A2027FFF5000
 20:48:22.358 t20082933CA3E004ACA00
 20:48:22.358 t2018481FCA0EF1F1F17C
 20:48:22.359 t20286000C02AF2F900F9
 20:48:22.359 t20388BF7CA223FF803FF
 20:48:22.359 t20480000C00000000000
 20:48:22.359 t2058D188E2027FFF5000
 20:48:22.458 t200829360A3E004ACA00
 20:48:22.458 t201848FD0A0EF1F1F17B
 20:48:22.458 t20286000002AF2F900F9
 20:48:22.458 t203888C30A2203A7FDFE
 20:48:22.459 t20480000000000000000
 20:48:22.459 t2058D18822027FFF5000
 20:48:22.558 t200829394A3E004ACA00
 20:48:22.558 t2018481F4A0EF1F1F17C
 20:48:22.558 t20286000402AF2F900F9
 20:48:22.558 t203889874A220827F9FE
 20:48:22.558 t20480000400000000000
 20:48:22.558 t2058D18862027FFF5000
 20:48:22.658 t2008293C8A3E004ACA00
 20:48:22.658 t201848FD8A0EF1F1F17B
 20:48:22.658 t20286000802AF2F900F9
 20:48:22.658 t20388B188A220487FDFF
 20:48:22.658 t20480000800000000000
 20:48:22.659 t2058D188A2027FFF5000
 20:48:22.758 t2008293ECA3E004ACA00
 20:48:22.758 t2018481FCA0EF1F1F17C
 20:48:22.758 t20286000C02AF2F900F9
 20:48:22.758 t20388BF7CA223FF803FF
 20:48:22.759 t20480000C00000000000
 20:48:22.759 t2058D188E2027FFF5000
 20:48:22.858 t200829410A3E004ACA00
 20:48:22.858 t201848FD0A0EF1F1F17B
 20:48:22.858 t20286000002AF2F900F9
 20:48:22.858 t203888C30A2203A7FDFE
 20:48:22.858 t20480000000000000000
 20:48:22.858 t2058D18822027FFF5000
 20:48:22.958 t200829444A3E004ACA00
 20:48:22.958 t2018481F4A0EF1F1F17C
 20:48:22.958 t20286000402AF2F900F9
 20:48:22.958 t203889874A220827F9FE
 20:48:22.958 t20480000400000000000
 20:48:22.959 t2058D18862027FFF5000
 20:48:23.058 t200829478A3E004ACA00
 20:48:23.058 t201848FD8A0EF1F1F17B
 20:48:23.058 t20286000802AF2F900F9
 20:48:23.058 t20388B188A220487FDFF
 20:48:23.058 t20480000800000000000
 20:48:23.059 t2058D188A2027FFF5000
 20:48:23.157 t20082949CA3E004ACA00
 20:48:23.157 t2018481FCA0EF1F1F17C
 20:48:23.158 t20286000C02AF2F900F9
 20:48:23.158 t20388BF7CA223FF803FF
 20:48:23.158 t20480000C00000000000
 20:48:23.158 t2058D188E2027FFF5000
 20:48:23.257 t2008294C0A3E004ACA00
 20:48:23.257 t201848FD0A0EF1F1F17B
 20:48:23.257 t20286000002AF2F900F9
 20:48:23.258 t203888C30A2203A7FDFE
 20:48:23.258 t20480000000000000000
 20:48:23.258 t2058D18822027FFF5000
 20:48:23.357 t2008294F4A3E004ACA00
 20:48:23.358 t2018481F4A0EF1F1F17C
 20:48:23.358 t20286000402AF2F900F9
 20:48:23.358 t203889874A220827F9FE
 20:48:23.358 t20480000400000000000
 20:48:23.358 t2058D18862027FFF5000
 20:48:23.457 t200829528A3E004ACA00
 20:48:23.458 t201848FD8A0EF1F1F17B
 20:48:23.458 t20286000802AF2F900F9
 20:48:23.458 t20388B188A220487FDFF
 20:48:23.458 t20480000800000000000
 20:48:23.459 t2058D188A2027FFF5000
 20:48:23.557 t20082955CA3E004ACA00
 20:48:23.558 t2018481FCA0EF1F1F17C
 20:48:23.558 t20286000C02AF2F900F9
 20:48:23.558 t20388BF7CA223FF803FF
 20:48:23.558 t20480000C00000000000
 20:48:23.558 t2058D188E2027FFF5000
 20:48:23.657 t200829570A3E004ACA00
 20:48:23.658 t201848FD0A0EF1F1F17B
 20:48:23.658 t20286000002AF2F900F9
 20:48:23.658 t203888C30A2203A7FDFE
 20:48:23.658 t20480000000000000000
 20:48:23.658 t2058D18822027FFF5000
 20:48:23.757 t2008295A4A3E004ACA00
 20:48:23.758 t2018481F4A0EF1F1F17C
 20:48:23.758 t20286000402AF2F900F9
 20:48:23.758 t203889874A220827F9FE
 20:48:23.758 t20480000400000000000
 20:48:23.758 t2058D18862027FFF5000
 20:48:23.857 t2008295D8A3E004ACA00
 20:48:23.857 t201848FD8A0EF1F1F17B
 20:48:23.857 t20286000802AF2F900F9
 20:48:23.857 t20388B188A220487FDFF
 20:48:23.858 t20480000800000000000
 20:48:23.858 t2058D188A2027FFF5000
 20:48:23.957 t20082960CA3E004ACA00
 20:48:23.957 t2018481FCA0EF1F1F17C
 20:48:23.957 t20286000C02AF2F900F9
 20:48:23.957 t20388BF7CA223FF803FF
 20:48:23.958 t20480000C00000000000
 20:48:23.958 t2058D188E2027FFF5000
 20:48:24.057 t200829620A3E004ACA00
 20:48:24.058 t201848FD0A0EF1F1F17B
 20:48:24.058 t20286000002AF2F900F9
 20:48:24.058 t203888C30A2203A7FDFE
 20:48:24.058 t20480000000000000000
 20:48:24.058 t2058D18822027FFF5000
 20:48:24.157 t200829654A3E004ACA00
 20:48:24.157 t201848FD4A0EF1F1F17B
 20:48:24.158 t20286000402AF2F900F9
 20:48:24.158 t203889874A220827F9FE
 20:48:24.158 t20480000400000000000
 20:48:24.158 t2058D18862027FFF5000
 20:48:24.257 t200829688A3E004ACA00
 20:48:24.257 t201848FD8A0EF1F1F17B
 20:48:24.258 t20286000802AF2F900F9
 20:48:24.258 t20388B188A220487FDFF
 20:48:24.258 t20480000800000000000
 20:48:24.258 t2058D188A2027FFF5000
 20:48:24.357 t2008296BCA3E004ACA00
 20:48:24.357 t201848FDCA0EF1F1F17B
 20:48:24.357 t20286000C02AF2F900F9
 20:48:24.357 t20388BF7CA223FF803FF
 20:48:24.358 t20480000C00000000000
 20:48:24.358 t2058D188E2027FFF5000
 20:48:24.457 t2008296E0A3E004ACA00
 20:48:24.457 t201848FD0A0EF1F1F17B
 20:48:24.458 t20286000002AF2F900F9
 20:48:24.458 t203888C30A2203A7FDFE
 20:48:24.458 t20480000000000000000
 20:48:24.458 t2058D18822027FFF5000
 20:48:24.557 t200829704A3E004ACA00
 20:48:24.557 t201848FD4A0EF1F1F17B
 20:48:24.557 t20286000402AF2F900F9
 20:48:24.557 t203889874A220827F9FE
 20:48:24.557 t20480000400000000000
 20:48:24.557 t2058D18862027FFF5000
 20:48:24.657 t200829738A3E004ACA00
 20:48:24.657 t201848FD8A0EF1F1F17B
 20:48:24.657 t20286000802AF2F900F9
 20:48:24.657 t20388B188A220487FDFF
 20:48:24.657 t20480000800000000000
 20:48:24.657 t2058D188A2027FFF5000
 20:48:24.757 t20082976CA3E004ACA00
 20:48:24.757 t201848FDCA0EF1F1F17B
 20:48:24.758 t20286000C02AF2F900F9
 20:48:24.758 t20388BF7CA223FF803FF
 20:48:24.758 t20480000C00000000000
 20:48:24.758 t2058D188E2027FFF5000
 20:48:24.857 t200829790A3E004ACA00
 20:48:24.857 t201848FD0A0EF1F1F17B
 20:48:24.858 t20286000002AF2F900F9
 20:48:24.858 t203888C30A2203A7FDFE
 20:48:24.858 t20480000000000000000
 20:48:24.858 t2058D18822027FFF5000
 20:48:24.958 t2008297B4A3E004ACA00
 20:48:24.958 t201848FD4A0EF1F1F17B
 20:48:24.959 t20286000402AF2F900F9
 20:48:24.959 t203889874A220827F9FE
 20:48:24.959 t20480000400000000000
 20:48:24.959 t2058D18862027FFF5000
 20:48:25.058 t2008297E8A3E004ACA00
 20:48:25.058 t201848FD8A0EF1F1F17B
 20:48:25.058 t20286000802AF2F900F9
 20:48:25.059 t20388B188A220487FDFF
 20:48:25.059 t20480000800000000000
 20:48:25.059 t2058D188A2027FFF5000
 20:48:25.158 t20082981CA3E004ACA00
 20:48:25.158 t201848FDCA0EF1F1F17B
 20:48:25.158 t20286000C02AF2F900F9
 20:48:25.159 t20388BF7CA223FF803FF
 20:48:25.159 t20480000C00000000000
 20:48:25.159 t2058D188E2027FFF5000
 20:48:25.258 t200829840A3E004ACA00
 20:48:25.258 t201848FD0A0EF1F1F17B
 20:48:25.258 t20286000002AF2F900F9
 20:48:25.258 t203888C30A2203A7FDFE
 20:48:25.258 t20480000000000000000
 20:48:25.258 t2058D18822027FFF5000
 20:48:25.358 t200829874A3E004ACA00
 20:48:25.358 t201848FD4A0EF1F1F17B
 20:48:25.358 t20286000402AF2F900F9
 20:48:25.358 t20388BF74A2010C80200
 20:48:25.358 t20480000400000000000
 20:48:25.358 t2058D18862027FFF5000
 20:48:25.458 t200829898A3E004ACA00
 20:48:25.458 t201848FD8A0EF1F1F17B
 20:48:25.458 t20286000802AF2F900F9
 20:48:25.459 t203889878A220827F9FE
 20:48:25.459 t20480000800000000000
 20:48:25.459 t2058D188A2027FFF5000
 20:48:25.558 t2008298CCA3E004ACA00
 20:48:25.558 t201848FDCA0EF1F1F17B
 20:48:25.558 t20286000C02AF2F900F9
 20:48:25.559 t20388B18CA220487FDFF
 20:48:25.559 t20480000C00000000000
 20:48:25.559 t2058D188E2027FFF5000
 20:48:25.658 t2008298F0A3E004ACA00
 20:48:25.658 t201848FD0A0EF1F1F17B
 20:48:25.658 t20286000002AF2F900F9
 20:48:25.659 t20388BF70A2210C80200
 20:48:25.659 t20480000000000000000
 20:48:25.659 t2058D18822027FFF5000
 20:48:25.758 t200829924A3E004ACA00
 20:48:25.758 t201848FD4A0EF1F1F17B
 20:48:25.758 t20286000402AF2F900F9
 20:48:25.759 t203889874A220827F9FE
 20:48:25.759 t20480000400000000000
 20:48:25.759 t2058D18862027FFF5000
 20:48:25.858 t200829948A3E004ACA00
 20:48:25.858 t201848FD8A0EF1F1F17B
 20:48:25.858 t20286000802AF2F900F9
 20:48:25.858 t20388B188A220487FDFF
 20:48:25.858 t20480000800000000000
 20:48:25.858 t2058D188A2027FFF5000
 20:48:25.958 t20082997CA3E004ACA00
 20:48:25.958 t201848FDCA0EF1F1F17B
 20:48:25.958 t20286000C02AF2F900F9
 20:48:25.958 t20388BF7CA2210C80200
 20:48:25.958 t20480000C00000000000
 20:48:25.958 t2058D188E2027FFF5000
 20:48:26.058 t2008299A0A3E004ACA00
 20:48:26.058 t201848FD0A0EF1F1F17B
 20:48:26.058 t20286000002AF2F900F9
 20:48:26.058 t203889870A220827F9FE
 20:48:26.059 t20480000000000000000
 20:48:26.059 t2058D18822027FFF5000
 20:48:26.158 t2008299D4A3E004ACA00
 20:48:26.158 t201848FD4A0EF1F1F17B
 20:48:26.158 t20286000402AF2F900F9
 20:48:26.158 t20388B184A220487FDFF
 20:48:26.159 t20480000400000000000
 20:48:26.159 t2058D18862027FFF5000
 20:48:26.258 t200829A08A3E004ACA00
 20:48:26.258 t201848FD8A0EF1F1F17B
 20:48:26.258 t20286000802AF2F900F9
 20:48:26.258 t20388BF78A2210C80200
 20:48:26.259 t20480000800000000000
 20:48:26.259 t2058D188A2027FFF5000
 20:48:26.358 t200829A2CA3E004ACA00
 20:48:26.358 t201848FDCA0EF1F1F17B
 20:48:26.358 t20286000C02AF2F900F9
 20:48:26.358 t20388987CA220827F9FE
 20:48:26.358 t20480000C00000000000
 20:48:26.359 t2058D188E2027FFF5000
 20:48:26.458 t200829A50A3E004ACA00
 20:48:26.458 t201848FD0A0EF1F1F17B
 20:48:26.458 t20286000002AF2F900F9
 20:48:26.458 t20388B180A220487FDFF
 20:48:26.459 t20480000000000000000
 20:48:26.459 t2058D18822027FFF5000
 20:48:26.557 t200829A84A3E004ACA00
 20:48:26.558 t201848FD4A0EF1F1F17B
 20:48:26.558 t20286000402AF2F900F9
 20:48:26.558 t20388BF74A2210C80200
 20:48:26.558 t20480000400000000000
 20:48:26.558 t2058D18862027FFF5000
 20:48:26.657 t200829AB8A3E004ACA00
 20:48:26.658 t201848FD8A0EF1F1F17B
 20:48:26.658 t20286000802AF2F900F9
 20:48:26.658 t203889878A220827F9FE
 20:48:26.658 t20480000800000000000
 20:48:26.658 t2058D188A2027FFF5000
 20:48:26.758 t200829ADCA3E004ACA00
 20:48:26.758 t201848FDCA0EF1F1F17B
 20:48:26.758 t20286000C02AF2F900F9
 20:48:26.758 t20388B18CA220487FDFF
 20:48:26.759 t20480000C00000000000
 20:48:26.759 t2058D188E2027FFF5000
 20:48:26.858 t200829B00A3E004ACA00
 20:48:26.858 t201848FD0A0EF1F1F17B
 20:48:26.858 t20286000002AF2F900F9
 20:48:26.858 t20388BF70A2210C80200
 20:48:26.859 t20480000000000000000
 20:48:26.859 t2058D18822027FFF5000
 20:48:26.958 t200829B34A3E004ACA00
 20:48:26.958 t201848FD4A0EF1F1F17B
 20:48:26.958 t20286000402AF2F900F9
 20:48:26.958 t203889874A220827F9FE
 20:48:26.958 t20480000400000000000
 20:48:26.959 t2058D18862027FFF5000
 20:48:27.058 t200829B68A3E004ACA00
 20:48:27.058 t201848FD8A0EF1F1F17B
 20:48:27.058 t20286000802AF2F900F9
 20:48:27.058 t20388B188A220487FDFF
 20:48:27.058 t20480000800000000000
 20:48:27.059 t2058D188A2027FFF5000
 20:48:27.157 t200829B9CA3E004ACA00
 20:48:27.158 t201848FDCA0EF1F1F17B
 20:48:27.158 t20286000C02AF2F900F9
 20:48:27.158 t20388BF7CA2210C80200
 20:48:27.158 t20480000C00000000000
 20:48:27.159 t2058D188E2027FFF5000
 20:48:27.257 t200829BB0A3E004ACA00
 20:48:27.257 t201848FD0A0EF1F1F17B
 20:48:27.258 t20286000002AF2F900F9
 20:48:27.258 t203889870A220827F9FE
 20:48:27.258 t20480000000000000000
 20:48:27.258 t2058D18822027FFF5000
 20:48:27.357 t200829BE4A3E004ACA00
 20:48:27.357 t201848FD4A0EF1F1F17B
 20:48:27.358 t20286000402AF2F900F9
 20:48:27.358 t20388B184A220487FDFF
 20:48:27.358 t20480000400000000000
 20:48:27.358 t2058D18862027FFF5000
 20:48:27.457 t200829C18A3E004ACA00
 20:48:27.458 t201848FD8A0EF1F1F17B
 20:48:27.458 t20286000802AF2F900F9
 20:48:27.458 t20388BF78A2210C80200
 20:48:27.458 t20480000800000000000
 20:48:27.458 t2058D188A2027FFF5000
 20:48:27.557 t200829C4CA3E004ACA00
 20:48:27.558 t201848FDCA0EF1F1F17B
 20:48:27.558 t20286000C02AF2F900F9
 20:48:27.559 t20388987CA220827F9FE
 20:48:27.559 t20480000C00000000000
 20:48:27.559 t2058D188E2027FFF5000
 20:48:27.657 t200829C60A3E004ACA00
 20:48:27.658 t201848FD0A0EF1F1F17B
 20:48:27.658 t20286000002AF2F900F9
 20:48:27.658 t20388B180A220487FDFF
 20:48:27.658 t20480000000000000000
 20:48:27.659 t2058D18822027FFF5000
 20:48:27.757 t200829C94A3E004ACA00
 20:48:27.757 t201848FD4A0EF1F1F17B
 20:48:27.758 t20286000402AF2F900F9
 20:48:27.758 t20388BF74A2210C80200
 20:48:27.758 t20480000400000000000
 20:48:27.758 t2058D18862027FFF5000
 20:48:27.857 t200829CC8A3E004ACA00
 20:48:27.857 t201848FD8A0EF1F1F17B
 20:48:27.857 t20286000802AF2F900F9
 20:48:27.858 t203889878A220827F9FE
 20:48:27.858 t20480000800000000000
 20:48:27.858 t2058D188A2027FFF5000
 20:48:27.957 t200829CFCA3E004ACA00
 20:48:27.957 t201848FDCA0EF1F1F17B
 20:48:27.957 t20286000C02AF2F900F9
 20:48:27.957 t20388B18CA220487FDFF
 20:48:27.958 t20480000C00000000000
 20:48:27.958 t2058D188E2027FFF5000
 20:48:28.057 t200829D20A3E004ACA00
 20:48:28.058 t201848FD0A0EF1F1F17B
 20:48:28.058 t20286000002AF2F900F9
 20:48:28.058 t20388BF70A2210C80200
 20:48:28.058 t20480000000000000000
 20:48:28.058 t2058D18822027FFF5000
 20:48:28.157 t200829D44A3E004ACA00
 20:48:28.157 t201848FD4A0EF1F1F17B
 20:48:28.158 t20286000402AF2F900F9
 20:48:28.158 t203889874A220827F9FE
 20:48:28.158 t20480000400000000000
 20:48:28.158 t2058D18862027FFF5000
 20:48:28.257 t200829D78A3E004ACA00
 20:48:28.257 t201848FD8A0EF1F1F17B
 20:48:28.258 t20286000802AF2F900F9
 20:48:28.258 t20388B188A220487FDFF
 20:48:28.258 t20480000800000000000
 20:48:28.258 t2058D188A2027FFF5000
 20:48:28.357 t200829DACA3E004ACA00
 20:48:28.357 t201848FDCA0EF1F1F17B
 20:48:28.358 t20286000C02AF2F900F9
 20:48:28.358 t20388BF7CA2210C80200
 20:48:28.358 t20480000C00000000000
 20:48:28.358 t2058D188E2027FFF5000
 20:48:28.457 t200829DD0A3E004ACA00
 20:48:28.457 t201848FD0A0EF1F1F17B
 20:48:28.458 t20286000002AF2F900F9
 20:48:28.458 t203889870A220827F9FE
 20:48:28.458 t20480000000000000000
 20:48:28.458 t2058D18822027FFF5000
 20:48:28.557 t200829DF4A3E004ACA00
 20:48:28.557 t201848FD4A0EF1F1F17B
 20:48:28.557 t20286000402AF2F900F9
 20:48:28.557 t20388B184A220487FDFF
 20:48:28.557 t20480000400000000000
 20:48:28.557 t2058D18862027FFF5000
 20:48:28.657 t200829E28A3E004ACA00
 20:48:28.657 t201848FD8A0EF1F1F17B
 20:48:28.657 t20286000802AF2F900F9
 20:48:28.657 t20388BF78A2210C80200
 20:48:28.657 t20480000800000000000
 20:48:28.657 t2058D188A2027FFF5000
 20:48:28.757 t200829E5CA3E004ACA00
 20:48:28.757 t201848FDCA0EF1F1F17B
 20:48:28.757 t20286000C02AF2F900F9
 20:48:28.757 t20388987CA220827F9FE
 20:48:28.757 t20480000C00000000000
 20:48:28.757 t2058D188E2027FFF5000
 20:48:28.857 t200829E80A3E004ACA00
 20:48:28.857 t201848FD0A0EF1F1F17B
 20:48:28.858 t20286000002AF2F900F9
 20:48:28.858 t20388B180A220487FDFF
 20:48:28.858 t20480000000000000000
 20:48:28.858 t2058D18822027FFF5000
 20:48:28.957 t200829EB4A3E004ACA00
 20:48:28.957 t201848FD4A0EF1F1F17B
 20:48:28.958 t20286000402AF2F900F9
 20:48:28.958 t20388BF74A2210C80200
 20:48:28.958 t20480000400000000000
 20:48:28.958 t2058D18862027FFF5000
 20:48:29.057 t200829ED8A3E004ACA00
 20:48:29.057 t201848FD8A0EF1F1F17B
 20:48:29.057 t20286000802AF2F900F9
 20:48:29.057 t203889878A220827F9FE
 20:48:29.057 t20480000800000000000
 20:48:29.057 t2058D188A2027FFF5000
 20:48:29.158 t200829F0CA3E004ACA00
 20:48:29.158 t201848FDCA0EF1F1F17B
 20:48:29.158 t20286000C02AF2F900F9
 20:48:29.159 t20388B18CA220487FDFF
 20:48:29.159 t20480000C00000000000
 20:48:29.159 t2058D188E2027FFF5000
 20:48:29.258 t200829F30A3E004ACA00
 20:48:29.258 t201848FD0A0EF1F1F17B
 20:48:29.258 t20286000002AF2F900F9
 20:48:29.258 t20388BF70A2210C80200
 20:48:29.258 t20480000000000000000
 20:48:29.258 t2058D18822027FFF5000
 20:48:29.358 t200829F64A3E004ACA00
 20:48:29.358 t201848FD4A0EF1F1F17B
 20:48:29.358 t20286000402AF2F900F9
 20:48:29.358 t203889874A220827F9FE
 20:48:29.358 t20480000400000000000
 20:48:29.358 t2058D18862027FFF5000
 20:48:29.458 t200829F88A3E004ACA00
 20:48:29.458 t201848FD8A0EF1F1F17B
 20:48:29.458 t20286000802AF2F900F9
 20:48:29.459 t20388B188A220487FDFF
 20:48:29.459 t20480000800000000000
 20:48:29.459 t2058D188A2027FFF5000
 20:48:29.558 t200829FBCA3E004ACA00
 20:48:29.558 t201848FDCA0EF1F1F17B
 20:48:29.558 t20286000C02AF2F900F9
 20:48:29.558 t20388BF7CA2210C80200
 20:48:29.558 t20480000C00000000000
 20:48:29.559 t2058D188E2027FFF5000
 20:48:29.658 t200829FE0A3E004ACA00
 20:48:29.658 t201848FD0A0EF1F1F17B
 20:48:29.658 t20286000002AF2F900F9
 20:48:29.658 t203889870A220827F9FE
 20:48:29.658 t20480000000000000000
 20:48:29.659 t2058D18822027FFF5000
 20:48:29.758 t20082A014A3E004ACA00
 20:48:29.758 t201848FD4A0EF1F1F17B
 20:48:29.758 t20286000402AF2F900F9
 20:48:29.758 t20388B184A220487FDFF
 20:48:29.758 t20480000400000000000
 20:48:29.758 t2058D18862027FFF5000
 20:48:29.858 t20082A048A3E004ACA00
 20:48:29.858 t201848FD8A0EF1F1F17B
 20:48:29.858 t20286000802AF2F900F9
 20:48:29.858 t20388BF78A2210C80200
 20:48:29.858 t20480000800000000000
 20:48:29.858 t2058D188A2027FFF5000
 20:48:29.957 t20082A06CA3E004ACA00
 20:48:29.958 t201848FDCA0EF1F1F17B
 20:48:29.958 t20286000C02AF2F900F9
 20:48:29.958 t20388987CA220827F9FE
 20:48:29.958 t20480000C00000000000
 20:48:29.958 t2058D188E2027FFF5000
 20:48:30.057 t20082A090A3E004ACA00
 20:48:30.058 t201848FD0A0EF1F1F17B
 20:48:30.058 t20286000002AF2F900F9
 20:48:30.058 t20388B180A220487FDFF
 20:48:30.058 t20480000000000000000
 20:48:30.058 t2058D18822027FFF5000
 20:48:30.158 t20082A0C4A3E004ACA00
 20:48:30.158 t201848FD4A0EF1F1F17B
 20:48:30.158 t20286000402AF2F900F9
 20:48:30.158 t20388BF74A2210C80200
 20:48:30.159 t20480000400000000000
 20:48:30.159 t2058D18862027FFF5000
 20:48:30.258 t20082A0F8A3E004ACA00
 20:48:30.258 t201848FD8A0EF1F1F17B
 20:48:30.258 t20286000802AF2F900F9
 20:48:30.258 t203889878A220827F9FE
 20:48:30.259 t20480000800000000000
 20:48:30.259 t2058D188A2027FFF5000
 20:48:30.357 t20082A11CA3E004ACA00
 20:48:30.358 t201848FDCA0EF1F1F17B
 20:48:30.358 t20286000C02AF2F900F9
 20:48:30.358 t20388B18CA220487FDFF
 20:48:30.358 t20480000C00000000000
 20:48:30.358 t2058D188E2027FFF5000
 20:48:30.458 t20082A140A3E004ACA00
 20:48:30.458 t201848FD0A0EF1F1F17B
 20:48:30.458 t20286000002AF2F900F9
 20:48:30.458 t20388BF70A2210C80200
 20:48:30.458 t20480000000000000000
 20:48:30.459 t2058D18822027FFF5000
 20:48:30.558 t20082A174A3E004ACA00
 20:48:30.558 t201848FD4A0EF1F1F17B
 20:48:30.558 t20286000402AF2F900F9
 20:48:30.558 t203889874A220827F9FE
 20:48:30.558 t20480000400000000000
 20:48:30.559 t2058D18862027FFF5000
 20:48:30.657 t20082A1A8A3E004ACA00
 20:48:30.657 t201848FD8A0EF1F1F17B
 20:48:30.658 t20286000802AF2F900F9
 20:48:30.658 t20388B188A220487FDFF
 20:48:30.658 t20480000800000000000
 20:48:30.658 t2058D188A2027FFF5000
 20:48:30.757 t20082A1DCA3E004ACA00
 20:48:30.757 t201848FDCA0EF1F1F17B
 20:48:30.758 t20286000C02AF2F900F9
 20:48:30.758 t20388BF7CA2210C80200
 20:48:30.758 t20480000C00000000000
 20:48:30.758 t2058D188E2027FFF5000
 20:48:30.857 t20082A1F0A3E004ACA00
 20:48:30.858 t201848FD0A0EF1F1F17B
 20:48:30.858 t20286000002AF2F900F9
 20:48:30.858 t203889870A220827F9FE
 20:48:30.858 t20480000000000000000
 20:48:30.859 t2058D18822027FFF5000
 20:48:30.957 t20082A224A3E004ACA00
 20:48:30.958 t201848FD4A0EF1F1F17B
 20:48:30.958 t20286000402AF2F900F9
 20:48:30.958 t20388B184A220487FDFF
 20:48:30.958 t20480000400000000000
 20:48:30.958 t2058D18862027FFF5000
 20:48:31.057 t20082A258A3E004ACA00
 20:48:31.058 t201848FD8A0EF1F1F17B
 20:48:31.058 t20286000802AF2F900F9
 20:48:31.058 t20388BF78A2210C80200
 20:48:31.058 t20480000800000000000
 20:48:31.059 t2058D188A2027FFF5000
 20:48:31.157 t20082A28CA3E004ACA00
 20:48:31.158 t201848FDCA0EF1F1F17B
 20:48:31.158 t20286000C02AF2F900F9
 20:48:31.158 t20388987CA220827F9FE
 20:48:31.158 t20480000C00000000000
 20:48:31.158 t2058D188E2027FFF5000
 20:48:31.257 t20082A2A0A3E004ACA00
 20:48:31.258 t201848FD0A0EF1F1F17B
 20:48:31.258 t20286000002AF2F900F9
 20:48:31.258 t20388B180A220487FDFF
 20:48:31.258 t20480000000000000000
 20:48:31.258 t2058D18822027FFF5000
 20:48:31.357 t20082A2D4A3E004ACA00
 20:48:31.357 t201848FD4A0EF1F1F17B
 20:48:31.357 t20286000402AF2F900F9
 20:48:31.357 t20388BF74A2210C80200
 20:48:31.358 t20480000400000000000
 20:48:31.358 t2058D18862027FFF5000
 20:48:31.457 t20082A308A3E004ACA00
 20:48:31.457 t201848FD8A0EF1F1F17B
 20:48:31.457 t20286000802AF2F900F9
 20:48:31.457 t203889878A220827F9FE
 20:48:31.457 t20480000800000000000
 20:48:31.458 t2058D188A2027FFF5000
 20:48:31.557 t20082A33CA3E004ACA00
 20:48:31.557 t201848FDCA0EF1F1F17B
 20:48:31.557 t20286000C02AF2F900F9
 20:48:31.557 t20388B18CA220487FDFF
 20:48:31.557 t20480000C00000000000
 20:48:31.558 t2058D188E2027FFF5000
 20:48:31.657 t20082A360A3E004ACA00
 20:48:31.657 t201848FD0A0EF1F1F17B
 20:48:31.658 t20286000002AF2F900F9
 20:48:31.658 t20388BF70A2210C80200
 20:48:31.658 t20480000000000000000
 20:48:31.658 t2058D18822027FFF5000
 20:48:31.757 t20082A384A3E004ACA00
 20:48:31.757 t201848FD4A0EF1F1F17B
 20:48:31.758 t20286000402AF2F900F9
 20:48:31.758 t203889874A220827F9FE
 20:48:31.758 t20480000400000000000
 20:48:31.758 t2058D18862027FFF5000
 20:48:31.857 t20082A3B8A3E004ACA00
 20:48:31.857 t201848FD8A0EF1F1F17B
 20:48:31.857 t20286000802AF2F900F9
 20:48:31.858 t20388B188A220487FDFF
 20:48:31.858 t20480000800000000000
 20:48:31.858 t2058D188A2027FFF5000
 20:48:31.957 t20082A3ECA3E004ACA00
 20:48:31.957 t201848FDCA0EF1F1F17B
 20:48:31.957 t20286000C02AF2F900F9
 20:48:31.957 t20388BF7CA2210C80200
 20:48:31.957 t20480000C00000000000
 20:48:31.957 t2058D188E2027FFF5000
 20:48:32.057 t20082A410A3E004ACA00
 20:48:32.057 t201848FD0A0EF1F1F17B
 20:48:32.057 t20286000002AF2F900F9
 20:48:32.057 t203889870A220827F9FE
 20:48:32.057 t20480000000000000000
 20:48:32.057 t2058D18822027FFF5000
 20:48:32.157 t20082A434A3E004ACA00
 20:48:32.157 t201848FD4A0EF1F1F17B
 20:48:32.157 t20286000402AF2F900F9
 20:48:32.158 t20388B184A220487FDFF
 20:48:32.158 t20480000400000000000
 20:48:32.158 t2058D18862027FFF5000
 20:48:32.257 t20082A468A3E004ACA00
 20:48:32.257 t201848FD8A0EF1F1F17B
 20:48:32.258 t20286000802AF2F900F9
 20:48:32.258 t20388BF78A2210C80200
 20:48:32.258 t20480000800000000000
 20:48:32.258 t2058D188A2027FFF5000
 20:48:32.357 t20082A49CA3E004ACA00
 20:48:32.357 t201848FDCA0EF1F1F17B
 20:48:32.358 t20286000C02AF2F900F9
 20:48:32.358 t20388987CA220827F9FE
 20:48:32.358 t20480000C00000000000
 20:48:32.358 t2058D188E2027FFF5000
 20:48:32.457 t20082A4C0A3E004ACA00
 20:48:32.457 t201848FD0A0EF1F1F17B
 20:48:32.458 t20286000002AF2F900F9
 20:48:32.458 t20388B180A220487FDFF
 20:48:32.458 t20480000000000000000
 20:48:32.458 t2058D18822027FFF5000
 20:48:32.557 t20082A4F4A3E004ACA00
 20:48:32.557 t201848FD4A0EF1F1F17B
 20:48:32.558 t20286000402AF2F900F9
 20:48:32.558 t20388BF74A2210C80200
 20:48:32.558 t20480000400000000000
 20:48:32.558 t2058D18862027FFF5000
 20:48:32.657 t20082A518A3E004ACA00
 20:48:32.657 t201848FD8A0EF1F1F17B
 20:48:32.657 t20286000802AF2F900F9
 20:48:32.657 t203889878A220827F9FE
 20:48:32.657 t20480000800000000000
 20:48:32.657 t2058D188A2027FFF5000
 20:48:32.757 t20082A54CA3E004ACA00
 20:48:32.757 t201848FDCA0EF1F1F17B
 20:48:32.757 t20286000C02AF2F900F9
 20:48:32.757 t20388B18CA220487FDFF
 20:48:32.757 t20480000C00000000000
 20:48:32.757 t2058D188E2027FFF5000
 20:48:32.858 t20082A570A3E004ACA00
 20:48:32.858 t201848FD0A0EF1F1F17B
 20:48:32.858 t20286000002AF2F900F9
 20:48:32.859 t20388BF70A2210C80200
 20:48:32.859 t20480000000000000000
 20:48:32.859 t2058D18822027FFF5000
 20:48:32.958 t20082A5A4A3E004ACA00
 20:48:32.958 t201848FD4A0EF1F1F17B
 20:48:32.958 t20286000402AF2F900F9
 20:48:32.958 t203889874A220827F9FE
 20:48:32.959 t20480000400000000000
 20:48:32.959 t2058D18862027FFF5000
 20:48:33.058 t20082A5C8A3E004ACA00
 20:48:33.058 t201848FD8A0EF1F1F17B
 20:48:33.058 t20286000802AF2F900F9
 20:48:33.059 t20388B188A220487FDFF
 20:48:33.059 t20480000800000000000
 20:48:33.059 t2058D188A2027FFF5000
 20:48:33.158 t20082A5FCA3E004ACA00
 20:48:33.158 t201848FDCA0EF1F1F17B
 20:48:33.158 t20286000C02AF2F900F9
 20:48:33.159 t20388BF7CA2210C80200
 20:48:33.159 t20480000C00000000000
 20:48:33.159 t2058D188E2027FFF5000
 20:48:33.258 t20082A620A3E004ACA00
 20:48:33.258 t201848FD0A0EF1F1F17B
 20:48:33.258 t20286000002AF2F900F9
 20:48:33.258 t203889870A220827F9FE
 20:48:33.259 t20480000000000000000
 20:48:33.259 t2058D18822027FFF5000
 20:48:33.358 t20082A654A3E004ACA00
 20:48:33.358 t201848FD4A0EF1F1F17B
 20:48:33.358 t20286000402AF2F900F9
 20:48:33.358 t20388B184A220487FDFF
 20:48:33.358 t20480000400000000000
 20:48:33.358 t2058D18862027FFF5000
 20:48:33.457 t20082A688A3E004ACA00
 20:48:33.458 t201848FD8A0EF1F1F17B
 20:48:33.458 t20286000802AF2F900F9
 20:48:33.458 t20388BF78A2210C80200
 20:48:33.458 t20480000800000000000
 20:48:33.458 t2058D188A2027FFF5000
 20:48:33.558 t20082A6ACA3E004ACA00
 20:48:33.558 t201848FDCA0EF1F1F17B
 20:48:33.558 t20286000C02AF2F900F9
 20:48:33.558 t20388987CA220827F9FE
 20:48:33.558 t20480000C00000000000
 20:48:33.559 t2058D188E2027FFF5000
 20:48:33.658 t20082A6D0A3E004ACA00
 20:48:33.658 t201848FD0A0EF1F1F17B
 20:48:33.658 t20286000002AF2F900F9
 20:48:33.658 t20388B180A220487FDFF
 20:48:33.659 t20480000000000000000
 20:48:33.659 t2058D18822027FFF5000
 20:48:33.758 t20082A704A3E004ACA00
 20:48:33.758 t201848FD4A0EF1F1F17B
 20:48:33.758 t20286000402AF2F900F9
 20:48:33.758 t20388BF74A2210C80200
 20:48:33.758 t20480000400000000000
 20:48:33.759 t2058D18862027FFF5000
 20:48:33.858 t20082A738A3E004ACA00
 20:48:33.858 t201848FD8A0EF1F1F17B
 20:48:33.858 t20286000802AF2F900F9
 20:48:33.858 t203889878A220827F9FE
 20:48:33.858 t20480000800000000000
 20:48:33.859 t2058D188A2027FFF5000
 20:48:33.957 t20082A75CA3E004ACA00
 20:48:33.957 t201848FDCA0EF1F1F17B
 20:48:33.957 t20286000C02AF2F900F9
 20:48:33.958 t20388B18CA220487FDFF
 20:48:33.958 t20480000C00000000000
 20:48:33.958 t2058D188E2027FFF5000
 20:48:34.057 t20082A780A3E004ACA00
 20:48:34.057 t201848FD0A0EF1F1F17B
 20:48:34.057 t20286000002AF2F900F9
 20:48:34.058 t20388BF70A2210C80200
 20:48:34.058 t20480000000000000000
 20:48:34.058 t2058D18822027FFF5000
 20:48:34.157 t20082A7B4A3E004ACA00
 20:48:34.158 t201848FD4A0EF1F1F17B
 20:48:34.158 t20286000402AF2F900F9
 20:48:34.158 t203889874A220827F9FE
 20:48:34.158 t20480000400000000000
 20:48:34.158 t2058D18862027FFF5000
 20:48:34.257 t20082A7E8A3E004ACA00
 20:48:34.257 t201848FD8A0EF1F1F17B
 20:48:34.258 t20286000802AF2F900F9
 20:48:34.258 t20388B188A220487FDFF
 20:48:34.258 t20480000800000000000
 20:48:34.258 t2058D188A2027FFF5000
 20:48:34.357 t20082A81CA3E004ACA00
 20:48:34.358 t201848FDCA0EF1F1F17B
 20:48:34.358 t20286000C02AF2F900F9
 20:48:34.358 t20388BF7CA2210C80200
 20:48:34.358 t20480000C00000000000
 20:48:34.358 t2058D188E2027FFF5000
 20:48:34.457 t20082A830A3E004ACA00
 20:48:34.458 t201848FD0A0EF1F1F17B
 20:48:34.458 t20286000002AF2F900F9
 20:48:34.458 t203889870A220827F9FE
 20:48:34.458 t20480000000000000000
 20:48:34.458 t2058D18822027FFF5000
 20:48:34.557 t20082A864A3E004ACA00
 20:48:34.557 t201848FD4A0EF1F1F17B
 20:48:34.558 t20286000402AF2F900F9
 20:48:34.558 t20388B184A220487FDFF
 20:48:34.558 t20480000400000000000
 20:48:34.558 t2058D18862027FFF5000
 20:48:34.657 t20082A898A3E004ACA00
 20:48:34.657 t201848FD8A0EF1F1F17B
 20:48:34.657 t20286000802AF2F900F9
 20:48:34.658 t20388BF78A2210C80200
 20:48:34.658 t20480000800000000000
 20:48:34.658 t2058D188A2027FFF5000
 20:48:34.757 t20082A8CCA3E004ACA00
 20:48:34.757 t201848FDCA0EF1F1F17B
 20:48:34.757 t20286000C02AF2F900F9
 20:48:34.757 t20388987CA220827F9FE
 20:48:34.757 t20480000C00000000000
 20:48:34.758 t2058D188E2027FFF5000
 20:48:34.857 t20082A8E0A3E004ACA00
 20:48:34.857 t201848FD0A0EF1F1F17B
 20:48:34.858 t20286000002AF2F900F9
 20:48:34.858 t20388B180A220487FDFF
 20:48:34.858 t20480000000000000000
 20:48:34.858 t2058D18822027FFF5000
 20:48:34.957 t20082A914A3E004ACA00
 20:48:34.957 t201848FD4A0EF1F1F17B
 20:48:34.958 t20286000402AF2F900F9
 20:48:34.958 t20388DE44A200757FDFF
 20:48:34.958 t20480000400000000000
 20:48:34.958 t2058D18862027FFF5000
 20:48:35.057 t20082A948A3E004ACA00
 20:48:35.057 t201848FD8A0EF1F1F17B
 20:48:35.058 t20286000802AF2F900F9
 20:48:35.058 t20388B188A220487FDFF
 20:48:35.058 t20480000800000000000
 20:48:35.058 t2058D188A2027FFF5000
 20:48:35.157 t20082A97CA3E004ACA00
 20:48:35.157 t201848FDCA0EF1F1F17B
 20:48:35.158 t20286000C02AF2F900F9
 20:48:35.158 t20388BF7CA2210C80200
 20:48:35.158 t20480000C00000000000
 20:48:35.158 t2058D188E2027FFF5000
 20:48:35.257 t20082A9A0A3E004ACA00
 20:48:35.257 t201848FD0A0EF1F1F17B
 20:48:35.257 t20286000002AF2F900F9
 20:48:35.258 t20388DE40A220757FDFF
 20:48:35.258 t20480000000000000000
 20:48:35.258 t2058D18822027FFF5000
 20:48:35.357 t20082A9C4A3E004ACA00
 20:48:35.357 t201848FD4A0EF1F1F17B
 20:48:35.357 t20286000402AF2F900F9
 20:48:35.358 t20388B184A220487FDFF
 20:48:35.358 t20480000400000000000
 20:48:35.358 t2058D18862027FFF5000
 20:48:35.457 t20082A9F8A3E004ACA00
 20:48:35.457 t201848FD8A0EF1F1F17B
 20:48:35.457 t20286000802AF2F900F9
 20:48:35.457 t20388BF78A2210C80200
 20:48:35.457 t20480000800000000000
 20:48:35.457 t2058D188A2027FFF5000
 20:48:35.557 t20082AA2CA3E004ACA00
 20:48:35.557 t201848FDCA0EF1F1F17B
 20:48:35.558 t20286000C02AF2F900F9
 20:48:35.558 t20388DE4CA220757FDFF
 20:48:35.558 t20480000C00000000000
 20:48:35.558 t2058D188E2027FFF5000
 20:48:35.657 t20082AA50A3E004ACA00
 20:48:35.657 t201848FD0A0EF1F1F17B
 20:48:35.658 t20286000002AF2F900F9
 20:48:35.658 t20388B180A220487FDFF
 20:48:35.658 t20480000000000000000
 20:48:35.658 t2058D18822027FFF5000
 20:48:35.757 t20082AA74A3E004ACA00
 20:48:35.757 t201848FD4A0EF1F1F17B
 20:48:35.758 t20286000402AF2F900F9
 20:48:35.758 t20388BF74A2210C80200
 20:48:35.758 t20480000400000000000
 20:48:35.758 t2058D18862027FFF5000
 20:48:35.857 t20082AAA8A3E004ACA00
 20:48:35.857 t201848FD8A0EF1F1F17B
 20:48:35.857 t20286000802AF2F900F9
 20:48:35.858 t20388DE48A220757FDFF
 20:48:35.858 t20480000800000000000
 20:48:35.858 t2058D188A2027FFF5000
 20:48:35.957 t20082AADCA3E004ACA00
 20:48:35.957 t201848FDCA0EF1F1F17B
 20:48:35.957 t20286000C02AF2F900F9
 20:48:35.957 t20388B18CA220487FDFF
 20:48:35.958 t20480000C00000000000
 20:48:35.958 t2058D188E2027FFF5000
 20:48:36.057 t20082AB00A3E004ACA00
 20:48:36.057 t201848FD0A0EF1F1F17B
 20:48:36.057 t20286000002AF2F900F9
 20:48:36.057 t20388BF70A2210C80200
 20:48:36.057 t20480000000000000000
 20:48:36.057 t2058D18822027FFF5000
 20:48:36.157 t20082AB34A3E004ACA00
 20:48:36.157 t201848FD4A0EF1F1F17B
 20:48:36.157 t20286000402AF2F900F9
 20:48:36.158 t20388DE44A220757FDFF
 20:48:36.158 t20480000400000000000
 20:48:36.158 t2058D18862027FFF5000
 20:48:36.257 t20082AB58A3E004ACA00
 20:48:36.257 t201848FD8A0EF1F1F17B
 20:48:36.257 t20286000802AF2F900F9
 20:48:36.257 t20388B188A220487FDFF
 20:48:36.258 t20480000800000000000
 20:48:36.258 t2058D188A2027FFF5000
 20:48:36.358 t20082AB8CA3E004ACA00
 20:48:36.358 t201848FDCA0EF1F1F17B
 20:48:36.358 t20286000C02AF2F900F9
 20:48:36.359 t20388BF7CA2210C80200
 20:48:36.359 t20480000C00000000000
 20:48:36.359 t2058D188E2027FFF5000
 20:48:36.458 t20082ABB0A3E004ACA00
 20:48:36.458 t201848FD0A0EF1F1F17B
 20:48:36.458 t20286000002AF2F900F9
 20:48:36.459 t20388DE40A220757FDFF
 20:48:36.459 t20480000000000000000
 20:48:36.459 t2058D18822027FFF5000
 20:48:36.558 t20082ABE4A3E004ACA00
 20:48:36.558 t201848FD4A0EF1F1F17B
 20:48:36.558 t20286000402AF2F900F9
 20:48:36.559 t20388B184A220487FDFF
 20:48:36.559 t20480000400000000000
 20:48:36.559 t2058D18862027FFF5000
 20:48:36.658 t20082AC08A3E004ACA00
 20:48:36.658 t201848FD8A0EF1F1F17B
 20:48:36.658 t20286000802AF2F900F9
 20:48:36.658 t20388BF78A2210C80200
 20:48:36.658 t20480000800000000000
 20:48:36.658 t2058D188A2027FFF5000
 20:48:36.757 t20082AC3CA3E004ACA00
 20:48:36.758 t201848FDCA0EF1F1F17B
 20:48:36.758 t20286000C02AF2F900F9
 20:48:36.758 t20388DE4CA220757FDFF
 20:48:36.758 t20480000C00000000000
 20:48:36.758 t2058D188E2027FFF5000
 20:48:36.858 t20082AC60A3E004ACA00
 20:48:36.858 t201848FD0A0EF1F1F17B
 20:48:36.858 t20286000002AF2F900F9
 20:48:36.858 t20388B180A220487FDFF
 20:48:36.859 t20480000000000000000
 20:48:36.859 t2058D18822027FFF5000
 20:48:36.958 t20082AC94A3E004ACA00
 20:48:36.958 t201848FD4A0EF1F1F17B
 20:48:36.958 t20286000402AF2F900F9
 20:48:36.958 t20388BF74A2210C80200
 20:48:36.959 t20480000400000000000
 20:48:36.959 t2058D18862027FFF5000
 20:48:37.058 t20082ACC8A3E004ACA00
 20:48:37.058 t201848FD8A0EF1F1F17B
 20:48:37.058 t20286000802AF2F900F9
 20:48:37.058 t20388DE48A220757FDFF
 20:48:37.059 t20480000800000000000
 20:48:37.059 t2058D188A2027FFF5000
 20:48:37.158 t20082ACECA3E004ACA00
 20:48:37.158 t201848FDCA0EF1F1F17B
 20:48:37.158 t20286000C02AF2F900F9
 20:48:37.158 t20388B18CA220487FDFF
 20:48:37.159 t20480000C00000000000
 20:48:37.159 t2058D188E2027FFF5000
 20:48:37.258 t20082AD10A3E004ACA00
 20:48:37.258 t201848FD0A0EF1F1F17B
 20:48:37.258 t20286000002AF2F900F9
 20:48:37.258 t20388BF70A2210C80200
 20:48:37.258 t20480000000000000000
 20:48:37.259 t2058D18822027FFF5000
 20:48:37.357 t20082AD44A3E004ACA00
 20:48:37.357 t201848FD4A0EF1F1F17B
 20:48:37.358 t20286000402AF2F900F9
 20:48:37.358 t20388DE44A220757FDFF
 20:48:37.358 t20480000400000000000
 20:48:37.358 t2058D18862027FFF5000
 20:48:37.457 t20082AD78A3E004ACA00
 20:48:37.457 t201848FD8A0EF1F1F17B
 20:48:37.458 t20286000802AF2F900F9
 20:48:37.458 t20388B188A220487FDFF
 20:48:37.458 t20480000800000000000
 20:48:37.458 t2058D188A2027FFF5000
 20:48:37.557 t20082AD9CA3E004ACA00
 20:48:37.558 t201848FDCA0EF1F1F17B
 20:48:37.558 t20286000C02AF2F900F9
 20:48:37.558 t20388BF7CA2210C80200
 20:48:37.558 t20480000C00000000000
 20:48:37.559 t2058D188E2027FFF5000
 20:48:37.657 t20082ADC0A3E004ACA00
 20:48:37.658 t201848FD0A0EF1F1F17B
 20:48:37.658 t20286000002AF2F900F9
 20:48:37.658 t20388DE40A220757FDFF
 20:48:37.658 t20480000000000000000
 20:48:37.659 t2058D18822027FFF5000
 20:48:37.757 t20082ADF4A3E004ACA00
 20:48:37.758 t201848FD4A0EF1F1F17B
 20:48:37.758 t20286000402AF2F900F9
 20:48:37.758 t20388B184A220487FDFF
 20:48:37.758 t20480000400000000000
 20:48:37.759 t2058D18862027FFF5000
 20:48:37.857 t20082AE28A3E004ACA00
 20:48:37.858 t201848FD8A0EF1F1F17B
 20:48:37.858 t20286000802AF2F900F9
 20:48:37.858 t20388BF78A2210C80200
 20:48:37.858 t20480000800000000000
 20:48:37.859 t2058D188A2027FFF5000
 20:48:37.957 t20082AE5CA3E004ACA00
 20:48:37.957 t201848FDCA0EF1F1F17B
 20:48:37.958 t20286000C02AF2F900F9
 20:48:37.958 t20388DE4CA220757FDFF
 20:48:37.958 t20480000C00000000000
 20:48:37.958 t2058D188E2027FFF5000
 20:48:38.057 t20082AE70A3E004ACA00
 20:48:38.057 t201848FD0A0EF1F1F17B
 20:48:38.057 t20286000002AF2F900F9
 20:48:38.057 t20388B180A220487FDFF
 20:48:38.058 t20480000000000000000
 20:48:38.058 t2058D18822027FFF5000
 20:48:38.157 t20082AEA4A3E004ACA00
 20:48:38.158 t201848FD4A0EF1F1F17B
 20:48:38.158 t20286000402AF2F900F9
 20:48:38.158 t20388BF74A2210C80200
 20:48:38.158 t20480000400000000000
 20:48:38.158 t2058D18862027FFF5000
 20:48:38.257 t20082AED8A3E004ACA00
 20:48:38.258 t201848FD8A0EF1F1F17B
 20:48:38.258 t20286000802AF2F900F9
 20:48:38.258 t20388DE48A220757FDFF
 20:48:38.258 t20480000800000000000
 20:48:38.258 t2058D188A2027FFF5000
 20:48:38.357 t20082AF0CA3E004ACA00
 20:48:38.357 t201848FDCA0EF1F1F17B
 20:48:38.358 t20286000C02AF2F900F9
 20:48:38.358 t20388B18CA220487FDFF
 20:48:38.358 t20480000C00000000000
 20:48:38.358 t2058D188E2027FFF5000
 20:48:38.457 t20082AF20A3E004ACA00
 20:48:38.458 t201848FD0A0EF1F1F17B
 20:48:38.458 t20286000002AF2F900F9
 20:48:38.458 t20388BF70A2210C80200
 20:48:38.458 t20480000000000000000
 20:48:38.459 t2058D18822027FFF5000
 20:48:38.557 t20082AF54A3E004ACA00
 20:48:38.558 t201848FD4A0EF1F1F17B
 20:48:38.558 t20286000402AF2F900F9
 20:48:38.558 t20388DE44A220757FDFF
 20:48:38.558 t20480000400000000000
 20:48:38.558 t2058D18862027FFF5000
 20:48:38.657 t20082AF88A3E004ACA00
 20:48:38.657 t201848FD8A0EF1F1F17B
 20:48:38.657 t20286000802AF2F900F9
 20:48:38.657 t20388B188A220487FDFF
 20:48:38.657 t20480000800000000000
 20:48:38.658 t2058D188A2027FFF5000
 20:48:38.757 t20082AFBCA3E004ACA00
 20:48:38.757 t201848FDCA0EF1F1F17B
 20:48:38.757 t20286000C02AF2F900F9
 20:48:38.757 t20388BF7CA2210C80200
 20:48:38.757 t20480000C00000000000
 20:48:38.758 t2058D188E2027FFF5000
 20:48:38.857 t20082AFE0A3E004ACA00
 20:48:38.857 t201848FD0A0EF1F1F17B
 20:48:38.858 t20286000002AF2F900F9
 20:48:38.858 t20388DE40A220757FDFF
 20:48:38.858 t20480000000000000000
 20:48:38.858 t2058D18822027FFF5000
 20:48:38.957 t20082B004A3E004ACA00
 20:48:38.957 t201848FD4A0EF1F1F17B
 20:48:38.957 t20286000402AF2F900F9
 20:48:38.958 t20388B184A220487FDFF
 20:48:38.958 t20480000400000000000
 20:48:38.958 t2058D18862027FFF5000
 20:48:39.057 t20082B038A3E004ACA00
 20:48:39.057 t201848FD8A0EF1F1F17B
 20:48:39.058 t20286000802AF2F900F9
 20:48:39.058 t20388BF78A2210C80200
 20:48:39.058 t20480000800000000000
 20:48:39.058 t2058D188A2027FFF5000
 20:48:39.157 t20082B06CA3E004ACA00
 20:48:39.157 t201848FDCA0EF1F1F17B
 20:48:39.158 t20286000C02AF2F900F9
 20:48:39.158 t20388DE4CA220757FDFF
 20:48:39.158 t20480000C00000000000
 20:48:39.158 t2058D188E2027FFF5000
 20:48:39.257 t20082B090A3E004ACA00
 20:48:39.257 t201848FD0A0EF1F1F17B
 20:48:39.257 t20286000002AF2F900F9
 20:48:39.257 t20388B180A220487FDFF
 20:48:39.257 t20480000000000000000
 20:48:39.258 t2058D18822027FFF5000
 20:48:39.357 t20082B0B4A3E004ACA00
 20:48:39.357 t201848FD4A0EF1F1F17B
 20:48:39.357 t20286000402AF2F900F9
 20:48:39.357 t20388BF74A2210C80200
 20:48:39.357 t20480000400000000000
 20:48:39.357 t2058D18862027FFF5000
 20:48:39.457 t20082B0E8A3E004ACA00
 20:48:39.457 t201848FD8A0EF1F1F17B
 20:48:39.457 t20286000802AF2F900F9
 20:48:39.457 t20388DE48A220757FDFF
 20:48:39.457 t20480000800000000000
 20:48:39.458 t2058D188A2027FFF5000
 20:48:39.557 t20082B11CA3E004ACA00
 20:48:39.557 t201848FDCA0EF1F1F17B
 20:48:39.557 t20286000C02AF2F900F9
 20:48:39.557 t20388B18CA220487FDFF
 20:48:39.557 t20480000C00000000000
 20:48:39.557 t2058D188E2027FFF5000
 20:48:39.657 t20082B140A3E004ACA00
 20:48:39.657 t201848FD0A0EF1F1F17B
 20:48:39.657 t20286000002AF2F900F9
 20:48:39.657 t20388BF70A2210C80200
 20:48:39.657 t20480000000000000000
 20:48:39.657 t2058D18822027FFF5000
 20:48:39.757 t20082B174A3E004ACA00
 20:48:39.757 t201848FD4A0EF1F1F17B
 20:48:39.757 t20286000402AF2F900F9
 20:48:39.757 t20388DE44A220757FDFF
 20:48:39.757 t20480000400000000000
 20:48:39.757 t2058D18862027FFF5000
 20:48:39.857 t20082B198A3E004ACA00
 20:48:39.857 t201848FD8A0EF1F1F17B
 20:48:39.857 t20286000802AF2F900F9
 20:48:39.857 t20388B188A220487FDFF
 20:48:39.857 t20480000800000000000
 20:48:39.858 t2058D188A2027FFF5000
 20:48:39.957 t20082B1CCA3E004ACA00
 20:48:39.957 t201848FDCA0EF1F1F17B
 20:48:39.957 t20286000C02AF2F900F9
 20:48:39.957 t20388BF7CA2210C80200
 20:48:39.957 t20480000C00000000000
 20:48:39.957 t2058D188E2027FFF5000
 20:48:40.057 t20082B1F0A3E004ACA00
 20:48:40.057 t201848FD0A0EF1F1F17B
 20:48:40.057 t20286000002AF2F900F9
 20:48:40.057 t20388DE40A220757FDFF
 20:48:40.057 t20480000000000000000
 20:48:40.057 t2058D18822027FFF5000
 20:48:40.157 t20082B224A3E004ACA00
 20:48:40.157 t201848FD4A0EF1F1F17B
 20:48:40.157 t20286000402AF2F900F9
 20:48:40.157 t20388B184A220487FDFF
 20:48:40.157 t20480000400000000000
 20:48:40.157 t2058D18862027FFF5000
 20:48:40.257 t20082B248A3E004ACA00
 20:48:40.257 t201848FD8A0EF1F1F17B
 20:48:40.257 t20286000802AF2F900F9
 20:48:40.258 t20388BF78A2210C80200
 20:48:40.258 t20480000800000000000
 20:48:40.258 t2058D188A2027FFF5000
 20:48:40.357 t20082B27CA3E004ACA00
 20:48:40.357 t201848FDCA0EF1F1F17B
 20:48:40.357 t20286000C02AF2F900F9
 20:48:40.357 t20388DE4CA220757FDFF
 20:48:40.358 t20480000C00000000000
 20:48:40.358 t2058D188E2027FFF5000
 20:48:40.458 t20082B2A0A3E004ACA00
 20:48:40.458 t201848FD0A0EF1F1F17B
 20:48:40.458 t20286000002AF2F900F9
 20:48:40.458 t20388B180A220487FDFF
 20:48:40.459 t20480000000000000000
 20:48:40.459 t2058D18822027FFF5000
 20:48:40.558 t20082B2D4A3E004ACA00
 20:48:40.558 t201848FD4A0EF1F1F17B
 20:48:40.558 t20286000402AF2F900F9
 20:48:40.558 t20388BF74A2210C80200
 20:48:40.559 t20480000400000000000
 20:48:40.559 t2058D18862027FFF5000
 20:48:40.658 t20082B308A3E004ACA00
 20:48:40.658 t201848FD8A0EF1F1F17B
 20:48:40.658 t20286000802AF2F900F9
 20:48:40.658 t20388DE48A220757FDFF
 20:48:40.658 t20480000800000000000
 20:48:40.659 t2058D188A2027FFF5000
 20:48:40.757 t20082B32CA3E004ACA00
 20:48:40.758 t201848FDCA0EF1F1F17B
 20:48:40.758 t20286000C02AF2F900F9
 20:48:40.758 t20388B18CA220487FDFF
 20:48:40.758 t20480000C00000000000
 20:48:40.758 t2058D188E2027FFF5000
 20:48:40.857 t20082B350A3E004ACA00
 20:48:40.858 t201848FD0A0EF1F1F17B
 20:48:40.858 t20286000002AF2F900F9
 20:48:40.858 t20388BF70A2210C80200
 20:48:40.858 t20480000000000000000
 20:48:40.858 t2058D18822027FFF5000
 20:48:40.958 t20082B384A3E004ACA00
 20:48:40.958 t201848FD4A0EF1F1F17B
 20:48:40.958 t20286000402AF2F900F9
 20:48:40.958 t20388DE44A220757FDFF
 20:48:40.959 t20480000400000000000
 20:48:40.959 t2058D18862027FFF5000
 20:48:41.058 t20082B3B8A3E004ACA00
 20:48:41.058 t201848FD8A0EF1F1F17B
 20:48:41.058 t20286000802AF2F900F9
 20:48:41.058 t20388B188A220487FDFF
 20:48:41.059 t20480000800000000000
 20:48:41.059 t2058D188A2027FFF5000
 20:48:41.158 t20082B3DCA3E004ACA00
 20:48:41.158 t201848FDCA0EF1F1F17B
 20:48:41.158 t20286000C02AF2F900F9
 20:48:41.158 t20388BF7CA2210C80200
 20:48:41.159 t20480000C00000000000
 20:48:41.159 t2058D188E2027FFF5000
 20:48:41.258 t20082B400A3E004ACA00
 20:48:41.258 t201848FD0A0EF1F1F17B
 20:48:41.258 t20286000002AF2F900F9
 20:48:41.258 t20388DE40A220757FDFF
 20:48:41.258 t20480000000000000000
 20:48:41.259 t2058D18822027FFF5000
 20:48:41.357 t20082B434A3E004ACA00
 20:48:41.357 t201848FD4A0EF1F1F17B
 20:48:41.358 t20286000402AF2F900F9
 20:48:41.358 t20388B184A220487FDFF
 20:48:41.358 t20480000400000000000
 20:48:41.358 t2058D18862027FFF5000
 20:48:41.457 t20082B468A3E004ACA00
 20:48:41.457 t201848FD8A0EF1F1F17B
 20:48:41.457 t20286000802AF2F900F9
 20:48:41.458 t20388BF78A2210C80200
 20:48:41.458 t20480000800000000000
 20:48:41.458 t2058D188A2027FFF5000
 20:48:41.557 t20082B49CA3E004ACA00
 20:48:41.558 t201848FDCA0EF1F1F17B
 20:48:41.558 t20286000C02AF2F900F9
 20:48:41.558 t20388DE4CA220757FDFF
 20:48:41.558 t20480000C00000000000
 20:48:41.559 t2058D188E2027FFF5000
 20:48:41.657 t20082B4B0A3E004ACA00
 20:48:41.658 t201848FD0A0EF1F1F17B
 20:48:41.658 t20286000002AF2F900F9
 20:48:41.658 t20388B180A220487FDFF
 20:48:41.658 t20480000000000000000
 20:48:41.659 t2058D18822027FFF5000
 20:48:41.757 t20082B4E4A3E004ACA00
 20:48:41.758 t201848FD4A0EF1F1F17B
 20:48:41.758 t20286000402AF2F900F9
 20:48:41.758 t20388BF74A2210C80200
 20:48:41.758 t20480000400000000000
 20:48:41.759 t2058D18862027FFF5000
 20:48:41.857 t20082B518A3E004ACA00
 20:48:41.858 t201848FD8A0EF1F1F17B
 20:48:41.858 t20286000802AF2F900F9
 20:48:41.858 t20388DE48A220757FDFF
 20:48:41.858 t20480000800000000000
 20:48:41.858 t2058D188A2027FFF5000
 20:48:41.957 t20082B54CA3E004ACA00
 20:48:41.957 t201848FDCA0EF1F1F17B
 20:48:41.958 t20286000C02AF2F900F9
 20:48:41.958 t20388B18CA220487FDFF
 20:48:41.958 t20480000C00000000000
 20:48:41.958 t2058D188E2027FFF5000
 20:48:42.057 t20082B560A3E004ACA00
 20:48:42.057 t201848FD0A0EF1F1F17B
 20:48:42.057 t20286000002AF2F900F9
 20:48:42.057 t20388BF70A2210C80200
 20:48:42.058 t20480000000000000000
 20:48:42.058 t2058D18822027FFF5000
 20:48:42.157 t20082B594A3E004ACA00
 20:48:42.157 t201848FD4A0EF1F1F17B
 20:48:42.157 t20286000402AF2F900F9
 20:48:42.157 t20388DE44A220757FDFF
 20:48:42.158 t20480000400000000000
 20:48:42.158 t2058D18862027FFF5000
 20:48:42.257 t20082B5C8A3E004ACA00
 20:48:42.258 t201848FD8A0EF1F1F17B
 20:48:42.258 t20286000802AF2F900F9
 20:48:42.258 t20388B188A220487FDFF
 20:48:42.258 t20480000800000000000
 20:48:42.259 t2058D188A2027FFF5000
 20:48:42.357 t20082B5FCA3E004ACA00
 20:48:42.358 t201848FDCA0EF1F1F17B
 20:48:42.358 t20286000C02AF2F900F9
 20:48:42.358 t20388BF7CA2210C80200
 20:48:42.358 t20480000C00000000000
 20:48:42.359 t2058D188E2027FFF5000
 20:48:42.457 t20082B620A3E004ACA00
 20:48:42.457 t201848FD0A0EF1F1F17B
 20:48:42.458 t20286000002AF2F900F9
 20:48:42.458 t20388DE40A220757FDFF
 20:48:42.458 t20480000000000000000
 20:48:42.458 t2058D18822027FFF5000
 20:48:42.557 t20082B644A3E004ACA00
 20:48:42.557 t201848FD4A0EF1F1F17B
 20:48:42.558 t20286000402AF2F900F9
 20:48:42.558 t20388B184A220487FDFF
 20:48:42.558 t20480000400000000000
 20:48:42.559 t2058D18862027FFF5000
 20:48:42.657 t20082B678A3E004ACA00
 20:48:42.657 t201848FD8A0EF1F1F17B
 20:48:42.657 t20286000802AF2F900F9
 20:48:42.657 t20388BF78A2210C80200
 20:48:42.657 t20480000800000000000
 20:48:42.658 t2058D188A2027FFF5000
 20:48:42.757 t20082B6ACA3E004ACA00
 20:48:42.757 t201848FDCA0EF1F1F17B
 20:48:42.757 t20286000C02AF2F900F9
 20:48:42.757 t20388DE4CA220757FDFF
 20:48:42.757 t20480000C00000000000
 20:48:42.758 t2058D188E2027FFF5000
 20:48:42.857 t20082B6D0A3E004ACA00
 20:48:42.857 t201848FD0A0EF1F1F17B
 20:48:42.858 t20286000002AF2F900F9
 20:48:42.858 t20388B180A220487FDFF
 20:48:42.858 t20480000000000000000
 20:48:42.858 t2058D18822027FFF5000
 20:48:42.957 t20082B6F4A3E004ACA00
 20:48:42.957 t201848FD4A0EF1F1F17B
 20:48:42.957 t20286000402AF2F900F9
 20:48:42.957 t20388BF74A2210C80200
 20:48:42.957 t20480000400000000000
 20:48:42.958 t2058D18862027FFF5000
 20:48:43.057 t20082B728A3E004ACA00
 20:48:43.057 t201848FD8A0EF1F1F17B
 20:48:43.058 t20286000802AF2F900F9
 20:48:43.058 t20388DE48A220757FDFF
 20:48:43.058 t20480000800000000000
 20:48:43.058 t2058D188A2027FFF5000
 20:48:43.157 t20082B75CA3E004ACA00
 20:48:43.157 t201848FDCA0EF1F1F17B
 20:48:43.158 t20286000C02AF2F900F9
 20:48:43.158 t20388B18CA220487FDFF
 20:48:43.158 t20480000C00000000000
 20:48:43.159 t2058D188E2027FFF5000
 20:48:43.257 t20082B780A3E004ACA00
 20:48:43.257 t201848FD0A0EF1F1F17B
 20:48:43.258 t20286000002AF2F900F9
 20:48:43.258 t20388BF70A2210C80200
 20:48:43.258 t20480000000000000000
 20:48:43.258 t2058D18822027FFF5000
 20:48:43.357 t20082B7B4A3E004ACA00
 20:48:43.357 t201848FD4A0EF1F1F17B
 20:48:43.357 t20286000402AF2F900F9
 20:48:43.357 t20388DE44A220757FDFF
 20:48:43.357 t20480000400000000000
 20:48:43.357 t2058D18862027FFF5000
 20:48:43.457 t20082B7D8A3E004ACA00
 20:48:43.457 t201848FD8A0EF1F1F17B
 20:48:43.457 t20286000802AF2F900F9
 20:48:43.457 t20388B188A220487FDFF
 20:48:43.457 t20480000800000000000
 20:48:43.457 t2058D188A2027FFF5000
 20:48:43.557 t20082B80CA3E004ACA00
 20:48:43.557 t201848FDCA0EF1F1F17B
 20:48:43.557 t20286000C02AF2F900F9
 20:48:43.558 t20388BF7CA2210C80200
 20:48:43.558 t20480000C00000000000
 20:48:43.558 t2058D188E2027FFF5000
 20:48:43.657 t20082B830A3E004ACA00
 20:48:43.657 t201848FD0A0EF1F1F17B
 20:48:43.657 t20286000002AF2F900F9
 20:48:43.657 t20388DE40A220757FDFF
 20:48:43.657 t20480000000000000000
 20:48:43.657 t2058D18822027FFF5000
 20:48:43.757 t20082B864A3E004ACA00
 20:48:43.757 t201848FD4A0EF1F1F17B
 20:48:43.757 t20286000402AF2F900F9
 20:48:43.758 t20388B184A220487FDFF
 20:48:43.758 t20480000400000000000
 20:48:43.758 t2058D18862027FFF5000
 20:48:43.857 t20082B888A3E004ACA00
 20:48:43.857 t201848FD8A0EF1F1F17B
 20:48:43.857 t20286000802AF2F900F9
 20:48:43.857 t20388BF78A2210C80200
 20:48:43.858 t20480000800000000000
 20:48:43.858 t2058D188A2027FFF5000
 20:48:43.957 t20082B8BCA3E004ACA00
 20:48:43.957 t201848FDCA0EF1F1F17B
 20:48:43.958 t20286000C02AF2F900F9
 20:48:43.958 t20388DE4CA220757FDFF
 20:48:43.958 t20480000C00000000000
 20:48:43.959 t2058D188E2027FFF5000
 20:48:44.057 t20082B8E0A3E004ACA00
 20:48:44.057 t201848FD0A0EF1F1F17B
 20:48:44.057 t20286000002AF2F900F9
 20:48:44.057 t20388B180A220487FDFF
 20:48:44.057 t20480000000000000000
 20:48:44.057 t2058D18822027FFF5000
 20:48:44.157 t20082B914A3E004ACA00
 20:48:44.157 t201848FD4A0EF1F1F17B
 20:48:44.157 t20286000402AF2F900F9
 20:48:44.157 t20388BF74A2210C80200
 20:48:44.157 t20480000400000000000
 20:48:44.157 t2058D18862027FFF5000
 20:48:44.257 t20082B948A3E004ACA00
 20:48:44.257 t201848FD8A0EF1F1F17B
 20:48:44.257 t20286000802AF2F900F9
 20:48:44.258 t20388DE48A220757FDFF
 20:48:44.258 t20480000800000000000
 20:48:44.258 t2058D188A2027FFF5000
 20:48:44.357 t20082B96CA3E004ACA00
 20:48:44.357 t201848FDCA0EF1F1F17B
 20:48:44.357 t20286000C02AF2F900F9
 20:48:44.357 t20388B18CA220487FDFF
 20:48:44.358 t20480000C00000000000
 20:48:44.358 t2058D188E2027FFF5000
 20:48:44.457 t20082B990A3E004ACA00
 20:48:44.457 t201848FD0A0EF1F1F17B
 20:48:44.457 t20286000002AF2F900F9
 20:48:44.458 t20388BF70A2210C80200
 20:48:44.458 t20480000000000000000
 20:48:44.458 t2058D18822027FFF5000
 20:48:44.557 t20082B9C4A3E004ACA00
 20:48:44.557 t201848FD4A0EF1F1F17B
 20:48:44.557 t20286000402AF2F900F9
 20:48:44.557 t20388DE44A220757FDFF
 20:48:44.558 t20480000400000000000
 20:48:44.558 t2058D18862027FFF5000
 20:48:44.658 t20082B9F8A3E004ACA00
 20:48:44.658 t201848FD8A0EF1F1F17B
 20:48:44.659 t20286000802AF2F900F9
 20:48:44.659 t20388B188A220487FDFF
 20:48:44.659 t20480000800000000000
 20:48:44.659 t2058D188A2027FFF5000
 20:48:44.758 t20082BA1CA3E004ACA00
 20:48:44.758 t201848FDCA0EF1F1F17B
 20:48:44.758 t20286000C02AF2F900F9
 20:48:44.758 t20388BF7CA2210C80200
 20:48:44.758 t20480000C00000000000
 20:48:44.758 t2058D188E2027FFF5000
 20:48:44.858 t20082BA40A3E004ACA00
 20:48:44.858 t201848FD0A0EF1F1F17B
 20:48:44.858 t20286000002AF2F900F9
 20:48:44.858 t20388DE40A220757FDFF
 20:48:44.858 t20480000000000000000
 20:48:44.858 t2058D18822027FFF5000
 20:48:44.958 t20082BA74A3E004ACA00
 20:48:44.959 t201848FD4A0EF1F1F17B
 20:48:44.959 t20286000402AF2F900F9
 20:48:44.959 t20388B184A220487FDFF
 20:48:44.959 t20480000400000000000
 20:48:44.960 t2058D18862027FFF5000
 20:48:45.058 t20082BAA8A3E004ACA00
 20:48:45.059 t201848FD8A0EF1F1F17B
 20:48:45.059 t20286000802AF2F900F9
 20:48:45.059 t20388BF78A2210C80200
 20:48:45.059 t20480000800000000000
 20:48:45.059 t2058D188A2027FFF5000
 20:48:45.158 t20082BADCA3E004ACA00
 20:48:45.158 t201848FDCA0EF1F1F17B
 20:48:45.158 t20286000C02AF2F900F9
 20:48:45.158 t20388DE4CA220757FDFF
 20:48:45.159 t20480000C00000000000
 20:48:45.159 t2058D188E2027FFF5000
 20:48:45.258 t20082BAF0A3E004ACA00
 20:48:45.258 t201848FD0A0EF1F1F17B
 20:48:45.258 t20286000002AF2F900F9
 20:48:45.259 t20388B180A220487FDFF
 20:48:45.259 t20480000000000000000
 20:48:45.259 t2058D18822027FFF5000
 20:48:45.357 t20082BB24A3E004ACA00
 20:48:45.358 t201848FD4A0EF1F1F17B
 20:48:45.358 t20286000402AF2F900F9
 20:48:45.358 t20388BF74A2210C80200
 20:48:45.358 t20480000400000000000
 20:48:45.358 t2058D18862027FFF5000
 20:48:45.457 t20082BB58A3E004ACA00
 20:48:45.458 t201848FD8A0EF1F1F17B
 20:48:45.458 t20286000802AF2F900F9
 20:48:45.458 t20388DE48A220757FDFF
 20:48:45.458 t20480000800000000000
 20:48:45.458 t2058D188A2027FFF5000
 20:48:45.558 t20082BB8CA3E004ACA00
 20:48:45.559 t201848FDCA0EF1F1F17B
 20:48:45.559 t20286000C02AF2F900F9
 20:48:45.559 t20388B18CA220487FDFF
 20:48:45.559 t20480000C00000000000
 20:48:45.559 t2058D188E2027FFF5000
 20:48:45.657 t20082BBA0A3E004ACA00
 20:48:45.658 t201848FD0A0EF1F1F17B
 20:48:45.658 t20286000002AF2F900F9
 20:48:45.658 t20388BF70A2210C80200
 20:48:45.658 t20480000000000000000
 20:48:45.658 t2058D18822027FFF5000
 20:48:45.758 t20082BBD4A3E004ACA00
 20:48:45.758 t201848FD4A0EF1F1F17B
 20:48:45.758 t20286000402AF2F900F9
 20:48:45.759 t20388DE44A220757FDFF
 20:48:45.759 t20480000400000000000
 20:48:45.759 t2058D18862027FFF5000
 20:48:45.857 t20082BC08A3E004ACA00
 20:48:45.858 t201848FD8A0EF1F1F17B
 20:48:45.859 t20286000802AF2F900F9
 20:48:45.859 t20388B188A220487FDFF
 20:48:45.859 t20480000800000000000
 20:48:45.859 t2058D188A2027FFF5000
 20:48:45.957 t20082BC3CA3E004ACA00
 20:48:45.958 t201848FDCA0EF1F1F17B
 20:48:45.958 t20286000C02AF2F900F9
 20:48:45.958 t20388BF7CA2210C80200
 20:48:45.958 t20480000C00000000000
 20:48:45.958 t2058D188E2027FFF5000
 20:48:46.057 t20082BC60A3E004ACA00
 20:48:46.057 t201848FD0A0EF1F1F17B
 20:48:46.058 t20286000002AF2F900F9
 20:48:46.058 t20388DE40A220757FDFF
 20:48:46.058 t20480000000000000000
 20:48:46.058 t2058D18822027FFF5000
 20:48:46.157 t20082BC84A3E004ACA00
 20:48:46.157 t201848FD4A0EF1F1F17B
 20:48:46.158 t20286000402AF2F900F9
 20:48:46.158 t20388B184A220487FDFF
 20:48:46.158 t20480000400000000000
 20:48:46.158 t2058D18862027FFF5000
 20:48:46.257 t20082BCB8A3E004ACA00
 20:48:46.257 t201848FD8A0EF1F1F17B
 20:48:46.258 t20286000802AF2F900F9
 20:48:46.258 t20388BF78A2210C80200
 20:48:46.258 t20480000800000000000
 20:48:46.258 t2058D188A2027FFF5000
 20:48:46.357 t20082BCECA3E004ACA00
 20:48:46.358 t201848FDCA0EF1F1F17B
 20:48:46.358 t20286000C02AF2F900F9
 20:48:46.358 t20388DE4CA220757FDFF
 20:48:46.358 t20480000C00000000000
 20:48:46.359 t2058D188E2027FFF5000
 20:48:46.457 t20082BD10A3E004ACA00
 20:48:46.458 t201848FD0A0EF1F1F17B
 20:48:46.458 t20286000002AF2F900F9
 20:48:46.458 t20388B180A220487FDFF
 20:48:46.459 t20480000000000000000
 20:48:46.459 t2058D18822027FFF5000
 20:48:46.557 t20082BD34A3E004ACA00
 20:48:46.558 t201848FD4A0EF1F1F17B
 20:48:46.558 t20286000402AF2F900F9
 20:48:46.558 t20388BF74A2210C80200
 20:48:46.558 t20480000400000000000
 20:48:46.559 t2058D18862027FFF5000
 20:48:46.658 t20082BD68A3E004ACA00
 20:48:46.658 t201848FD8A0EF1F1F17B
 20:48:46.658 t20286000802AF2F900F9
 20:48:46.658 t20388DE48A220757FDFF
 20:48:46.659 t20480000800000000000
 20:48:46.659 t2058D188A2027FFF5000
 20:48:46.757 t20082BD9CA3E004ACA00
 20:48:46.757 t201848FDCA0EF1F1F17B
 20:48:46.757 t20286000C02AF2F900F9
 20:48:46.758 t20388B18CA220487FDFF
 20:48:46.758 t20480000C00000000000
 20:48:46.758 t2058D188E2027FFF5000
 20:48:46.857 t20082BDC0A3E004ACA00
 20:48:46.857 t201848FD0A0EF1F1F17B
 20:48:46.857 t20286000002AF2F900F9
 20:48:46.857 t20388BF70A2210C80200
 20:48:46.857 t20480000000000000000
 20:48:46.858 t2058D18822027FFF5000
 20:48:46.957 t20082BDF4A3E004ACA00
 20:48:46.958 t201848FD4A0EF1F1F17B
 20:48:46.958 t20286000402AF2F900F9
 20:48:46.958 t20388DE44A220757FDFF
 20:48:46.959 t20480000400000000000
 20:48:46.959 t2058D18862027FFF5000
 20:48:47.057 t20082BE18A3E004ACA00
 20:48:47.058 t201848FD8A0EF1F1F17B
 20:48:47.058 t20286000802AF2F900F9
 20:48:47.059 t20388B188A220487FDFF
 20:48:47.059 t20480000800000000000
 20:48:47.059 t2058D188A2027FFF5000
 20:48:47.157 t20082BE4CA3E004ACA00
 20:48:47.158 t201848FDCA0EF1F1F17B
 20:48:47.158 t20286000C02AF2F900F9
 20:48:47.158 t20388BF7CA2210C80200
 20:48:47.158 t20480000C00000000000
 20:48:47.159 t2058D188E2027FFF5000
 20:48:47.257 t20082BE70A3E004ACA00
 20:48:47.258 t201848FD0A0EF1F1F17B
 20:48:47.258 t20286000002AF2F900F9
 20:48:47.258 t20388DE40A220757FDFF
 20:48:47.258 t20480000000000000000
 20:48:47.258 t2058D18822027FFF5000
 20:48:47.357 t20082BEA4A3E004ACA00
 20:48:47.357 t201848FD4A0EF1F1F17B
 20:48:47.358 t20286000402AF2F900F9
 20:48:47.358 t20388F624A2006F7FDFF
 20:48:47.358 t20480000400000000000
 20:48:47.358 t2058D18862027FFF5000
 20:48:47.457 t20082BEC8A3E004ACA00
 20:48:47.457 t201848FD8A0EF1F1F17B
 20:48:47.457 t20286000802AF2F900F9
 20:48:47.457 t20388BF78A2210C80200
 20:48:47.457 t20480000800000000000
 20:48:47.458 t2058D188A2027FFF5000
 20:48:47.557 t20082BEFCA3E004ACA00
 20:48:47.557 t201848FDCA0EF1F1F17B
 20:48:47.557 t20286000C02AF2F900F9
 20:48:47.557 t20388DE4CA220757FDFF
 20:48:47.557 t20480000C00000000000
 20:48:47.558 t2058D188E2027FFF5000
 20:48:47.657 t20082BF20A3E004ACA00
 20:48:47.657 t201848FD0A0EF1F1F17B
 20:48:47.658 t20286000002AF2F900F9
 20:48:47.658 t20388F620A2206F7FDFF
 20:48:47.658 t20480000000000000000
 20:48:47.658 t2058D18822027FFF5000
 20:48:47.757 t20082BF54A3E004ACA00
 20:48:47.757 t201848FD4A0EF1F1F17B
 20:48:47.757 t20286000402AF2F900F9
 20:48:47.757 t20388BF74A2210C80200
 20:48:47.757 t20480000400000000000
 20:48:47.757 t2058D18862027FFF5000
 20:48:47.858 t20082BF78A3E004ACA00
 20:48:47.858 t201848FD8A0EF1F1F17B
 20:48:47.858 t20286000802AF2F900F9
 20:48:47.858 t20388DE48A220757FDFF
 20:48:47.858 t20480000800000000000
 20:48:47.859 t2058D188A2027FFF5000
 20:48:47.957 t20082BFACA3E004ACA00
 20:48:47.958 t201848FDCA0EF1F1F17B
 20:48:47.958 t20286000C02AF2F900F9
 20:48:47.958 t20388F62CA2206F7FDFF
 20:48:47.958 t20480000C00000000000
 20:48:47.958 t2058D188E2027FFF5000
 20:48:48.057 t20082BFD0A3E004ACA00
 20:48:48.057 t201848FD0A0EF1F1F17B
 20:48:48.057 t20286000002AF2F900F9
 20:48:48.057 t20388BF70A2210C80200
 20:48:48.058 t20480000000000000000
 20:48:48.058 t2058D18822027FFF5000
 20:48:48.157 t20082C004A3E004ACA00
 20:48:48.157 t201848FD4A0EF1F1F17B
 20:48:48.157 t20286000402AF2F900F9
 20:48:48.157 t20388DE44A220757FDFF
 20:48:48.157 t20480000400000000000
 20:48:48.158 t2058D18862027FFF5000
 20:48:48.257 t20082C028A3E004ACA00
 20:48:48.257 t201848FD8A0EF1F1F17B
 20:48:48.257 t20286000802AF2F900F9
 20:48:48.257 t20388F628A2206F7FDFF
 20:48:48.257 t20480000800000000000
 20:48:48.258 t2058D188A2027FFF5000
 20:48:48.357 t20082C05CA3E004ACA00
 20:48:48.357 t201848FDCA0EF1F1F17B
 20:48:48.357 t20286000C02AF2F900F9
 20:48:48.357 t20388BF7CA2210C80200
 20:48:48.357 t20480000C00000000000
 20:48:48.358 t2058D188E2027FFF5000
 20:48:48.457 t20082C080A3E004ACA00
 20:48:48.457 t201848FD0A0EF1F1F17B
 20:48:48.458 t20286000002AF2F900F9
 20:48:48.458 t20388DE40A220757FDFF
 20:48:48.458 t20480000000000000000
 20:48:48.458 t2058D18822027FFF5000
 20:48:48.557 t20082C0B4A3E004ACA00
 20:48:48.557 t201848FD4A0EF1F1F17B
 20:48:48.558 t20286000402AF2F900F9
 20:48:48.558 t20388F624A2206F7FDFF
 20:48:48.558 t20480000400000000000
 20:48:48.558 t2058D18862027FFF5000
 20:48:48.657 t20082C0E8A3E004ACA00
 20:48:48.657 t201848FD8A0EF1F1F17B
 20:48:48.658 t20286000802AF2F900F9
 20:48:48.658 t20388BF78A2210C80200
 20:48:48.658 t20480000800000000000
 20:48:48.658 t2058D188A2027FFF5000
 20:48:48.757 t20082C10CA3E004ACA00
 20:48:48.758 t201848FDCA0EF1F1F17B
 20:48:48.758 t20286000C02AF2F900F9
 20:48:48.758 t20388DE4CA220757FDFF
 20:48:48.758 t20480000C00000000000
 20:48:48.758 t2058D188E2027FFF5000
 20:48:48.857 t20082C130A3E004ACA00
 20:48:48.857 t201848FD0A0EF1F1F17B
 20:48:48.858 t20286000002AF2F900F9
 20:48:48.858 t20388F620A2206F7FDFF
 20:48:48.858 t20480000000000000000
 20:48:48.858 t2058D18822027FFF5000
 20:48:48.957 t20082C164A3E004ACA00
 20:48:48.958 t201848FD4A0EF1F1F17B
 20:48:48.958 t20286000402AF2F900F9
 20:48:48.958 t20388BF74A2210C80200
 20:48:48.958 t20480000400000000000
 20:48:48.959 t2058D18862027FFF5000
 20:48:49.057 t20082C198A3E004ACA00
 20:48:49.058 t201848FD8A0EF1F1F17B
 20:48:49.058 t20286000802AF2F900F9
 20:48:49.058 t20388DE48A220757FDFF
 20:48:49.058 t20480000800000000000
 20:48:49.059 t2058D188A2027FFF5000
 20:48:49.158 t20082C1BCA3E004ACA00
 20:48:49.158 t201848FDCA0EF1F1F17B
 20:48:49.158 t20286000C02AF2F900F9
 20:48:49.158 t20388F62CA2206F7FDFF
 20:48:49.158 t20480000C00000000000
 20:48:49.159 t2058D188E2027FFF5000
 20:48:49.257 t20082C1E0A3E004ACA00
 20:48:49.258 t201848FD0A0EF1F1F17B
 20:48:49.258 t20286000002AF2F900F9
 20:48:49.258 t20388BF70A2210C80200
 20:48:49.258 t20480000000000000000
 20:48:49.258 t2058D18822027FFF5000
 20:48:49.357 t20082C214A3E004ACA00
 20:48:49.358 t201848FD4A0EF1F1F17B
 20:48:49.358 t20286000402AF2F900F9
 20:48:49.358 t20388DE44A220757FDFF
 20:48:49.359 t20480000400000000000
 20:48:49.359 t2058D18862027FFF5000
 20:48:49.457 t20082C248A3E004ACA00
 20:48:49.457 t201848FD8A0EF1F1F17B
 20:48:49.457 t20286000802AF2F900F9
 20:48:49.457 t20388F628A2206F7FDFF
 20:48:49.458 t20480000800000000000
 20:48:49.458 t2058D188A2027FFF5000
 20:48:49.557 t20082C27CA3E004ACA00
 20:48:49.557 t201848FDCA0EF1F1F17B
 20:48:49.558 t20286000C02AF2F900F9
 20:48:49.558 t20388BF7CA2210C80200
 20:48:49.558 t20480000C00000000000
 20:48:49.558 t2058D188E2027FFF5000
 20:48:49.657 t20082C290A3E004ACA00
 20:48:49.657 t201848FD0A0EF1F1F17B
 20:48:49.657 t20286000002AF2F900F9
 20:48:49.658 t20388DE40A220757FDFF
 20:48:49.658 t20480000000000000000
 20:48:49.658 t2058D18822027FFF5000
 20:48:49.757 t20082C2C4A3E004ACA00
 20:48:49.757 t201848FD4A0EF1F1F17B
 20:48:49.757 t20286000402AF2F900F9
 20:48:49.758 t20388F624A2206F7FDFF
 20:48:49.758 t20480000400000000000
 20:48:49.758 t2058D18862027FFF5000
 20:48:49.857 t20082C2F8A3E004ACA00
 20:48:49.857 t201848FD8A0EF1F1F17B
 20:48:49.857 t20286000802AF2F900F9
 20:48:49.857 t20388BF78A2210C80200
 20:48:49.858 t20480000800000000000
 20:48:49.858 t2058D188A2027FFF5000
 20:48:49.957 t20082C32CA3E004ACA00
 20:48:49.957 t201848FDCA0EF1F1F17B
 20:48:49.957 t20286000C02AF2F900F9
 20:48:49.957 t20388DE4CA220757FDFF
 20:48:49.958 t20480000C00000000000
 20:48:49.958 t2058D188E2027FFF5000
 20:48:50.057 t20082C340A3E004ACA00
 20:48:50.057 t201848FD0A0EF1F1F17B
 20:48:50.058 t20286000002AF2F900F9
 20:48:50.058 t20388F620A2206F7FDFF
 20:48:50.058 t20480000000000000000
 20:48:50.058 t2058D18822027FFF5000
 20:48:50.157 t20082C374A3E004ACA00
 20:48:50.157 t201848FD4A0EF1F1F17B
 20:48:50.157 t20286000402AF2F900F9
 20:48:50.157 t20388BF74A2210C80200
 20:48:50.158 t20480000400000000000
 20:48:50.158 t2058D18862027FFF5000
 20:48:50.257 t20082C3A8A3E004ACA00
 20:48:50.257 t201848FD8A0EF1F1F17B
 20:48:50.257 t20286000802AF2F900F9
 20:48:50.257 t20388DE48A220757FDFF
 20:48:50.257 t20480000800000000000
 20:48:50.258 t2058D188A2027FFF5000
 20:48:50.357 t20082C3DCA3E004ACA00
 20:48:50.357 t201848FDCA0EF1F1F17B
 20:48:50.357 t20286000C02AF2F900F9
 20:48:50.357 t20388F62CA2206F7FDFF
 20:48:50.357 t20480000C00000000000
 20:48:50.357 t2058D188E2027FFF5000
 20:48:50.457 t20082C400A3E004ACA00
 20:48:50.457 t201848FD0A0EF1F1F17B
 20:48:50.458 t20286000002AF2F900F9
 20:48:50.458 t20388BF70A2210C80200
 20:48:50.458 t20480000000000000000
 20:48:50.458 t2058D18822027FFF5000
 20:48:50.557 t20082C424A3E004ACA00
 20:48:50.558 t201848FD4A0EF1F1F17B
 20:48:50.558 t20286000402AF2F900F9
 20:48:50.558 t20388DE44A220757FDFF
 20:48:50.558 t20480000400000000000
 20:48:50.558 t2058D18862027FFF5000
 20:48:50.657 t20082C458A3E004ACA00
 20:48:50.657 t201848FD8A0EF1F1F17B
 20:48:50.657 t20286000802AF2F900F9
 20:48:50.658 t20388F628A2206F7FDFF
 20:48:50.658 t20480000800000000000
 20:48:50.658 t2058D188A2027FFF5000
 20:48:50.757 t20082C48CA3E004ACA00
 20:48:50.757 t201848FDCA0EF1F1F17B
 20:48:50.757 t20286000C02AF2F900F9
 20:48:50.758 t20388BF7CA2210C80200
 20:48:50.758 t20480000C00000000000
 20:48:50.758 t2058D188E2027FFF5000
 20:48:50.857 t20082C4B0A3E004ACA00
 20:48:50.857 t201848FD0A0EF1F1F17B
 20:48:50.857 t20286000002AF2F900F9
 20:48:50.857 t20388DE40A220757FDFF
 20:48:50.857 t20480000000000000000
 20:48:50.857 t2058D18822027FFF5000
 20:48:50.957 t20082C4D4A3E004ACA00
 20:48:50.957 t201848FD4A0EF1F1F17B
 20:48:50.957 t20286000402AF2F900F9
 20:48:50.957 t20388F624A2206F7FDFF
 20:48:50.957 t20480000400000000000
 20:48:50.957 t2058D18862027FFF5000
 20:48:51.057 t20082C508A3E004ACA00
 20:48:51.057 t201848FD8A0EF1F1F17B
 20:48:51.057 t20286000802AF2F900F9
 20:48:51.057 t20388BF78A2210C80200
 20:48:51.058 t20480000800000000000
 20:48:51.058 t2058D188A2027FFF5000
 20:48:51.157 t20082C53CA3E004ACA00
 20:48:51.157 t201848FDCA0EF1F1F17B
 20:48:51.157 t20286000C02AF2F900F9
 20:48:51.158 t20388DE4CA220757FDFF
 20:48:51.158 t20480000C00000000000
 20:48:51.158 t2058D188E2027FFF5000
 20:48:51.257 t20082C560A3E004ACA00
 20:48:51.257 t201848FD0A0EF1F1F17B
 20:48:51.257 t20286000002AF2F900F9
 20:48:51.257 t20388F620A2206F7FDFF
 20:48:51.258 t20480000000000000000
 20:48:51.258 t2058D18822027FFF5000
 20:48:51.357 t20082C594A3E004ACA00
 20:48:51.357 t201848FD4A0EF1F1F17B
 20:48:51.357 t20286000402AF2F900F9
 20:48:51.358 t20388BF74A2210C80200
 20:48:51.358 t20480000400000000000
 20:48:51.358 t2058D18862027FFF5000
 20:48:51.457 t20082C5B8A3E004ACA00
 20:48:51.457 t201848FD8A0EF1F1F17B
 20:48:51.457 t20286000802AF2F900F9
 20:48:51.457 t20388DE48A220757FDFF
 20:48:51.458 t20480000800000000000
 20:48:51.458 t2058D188A2027FFF5000
 20:48:51.557 t20082C5ECA3E004ACA00
 20:48:51.557 t201848FDCA0EF1F1F17B
 20:48:51.557 t20286000C02AF2F900F9
 20:48:51.557 t20388F62CA2206F7FDFF
 20:48:51.557 t20480000C00000000000
 20:48:51.557 t2058D188E2027FFF5000
 20:48:51.657 t20082C610A3E004ACA00
 20:48:51.657 t201848FD0A0EF1F1F17B
 20:48:51.657 t20286000002AF2F900F9
 20:48:51.657 t20388BF70A2210C80200
 20:48:51.657 t20480000000000000000
 20:48:51.657 t2058D18822027FFF5000
 20:48:51.757 t20082C644A3E004ACA00
 20:48:51.757 t201848FD4A0EF1F1F17B
 20:48:51.757 t20286000402AF2F900F9
 20:48:51.758 t20388DE44A220757FDFF
 20:48:51.758 t20480000400000000000
 20:48:51.758 t2058D18862027FFF5000
 20:48:51.857 t20082C668A3E004ACA00
 20:48:51.857 t201848FD8A0EF1F1F17B
 20:48:51.857 t20286000802AF2F900F9
 20:48:51.857 t20388F628A2206F7FDFF
 20:48:51.858 t20480000800000000000
 20:48:51.858 t2058D188A2027FFF5000
 20:48:51.956 t20082C69CA3E004ACA00
 20:48:51.957 t201848FDCA0EF1F1F17B
 20:48:51.957 t20286000C02AF2F900F9
 20:48:51.957 t20388BF7CA2210C80200
 20:48:51.957 t20480000C00000000000
 20:48:51.957 t2058D188E2027FFF5000
 20:48:52.057 t20082C6C0A3E004ACA00
 20:48:52.057 t201848FD0A0EF1F1F17B
 20:48:52.057 t20286000002AF2F900F9
 20:48:52.057 t20388DE40A220757FDFF
 20:48:52.058 t20480000000000000000
 20:48:52.058 t2058D18822027FFF5000
 20:48:52.157 t20082C6F4A3E004ACA00
 20:48:52.157 t201848FD4A0EF1F1F17B
 20:48:52.157 t20286000402AF2F900F9
 20:48:52.157 t20388F624A2206F7FDFF
 20:48:52.157 t20480000400000000000
 20:48:52.158 t2058D18862027FFF5000
 20:48:52.256 t20082C728A3E004ACA00
 20:48:52.257 t201848FD8A0EF1F1F17B
 20:48:52.257 t20286000802AF2F900F9
 20:48:52.257 t20388BF78A2210C80200
 20:48:52.257 t20480000800000000000
 20:48:52.257 t2058D188A2027FFF5000
 20:48:52.356 t20082C74CA3E004ACA00
 20:48:52.357 t201848FDCA0EF1F1F17B
 20:48:52.357 t20286000C02AF2F900F9
 20:48:52.357 t20388DE4CA220757FDFF
 20:48:52.357 t20480000C00000000000
 20:48:52.357 t2058D188E2027FFF5000
 20:48:52.456 t20082C770A3E004ACA00
 20:48:52.457 t201848FD0A0EF1F1F17B
 20:48:52.457 t20286000002AF2F900F9
 20:48:52.457 t20388F620A2206F7FDFF
 20:48:52.457 t20480000000000000000
 20:48:52.457 t2058D18822027FFF5000
 20:48:52.557 t20082C7A4A3E004ACA00
 20:48:52.557 t201848FD4A0EF1F1F17B
 20:48:52.557 t20286000402AF2F900F9
 20:48:52.557 t20388BF74A2210C80200
 20:48:52.557 t20480000400000000000
 20:48:52.558 t2058D18862027FFF5000
 20:48:52.658 t20082C7D8A3E004ACA00
 20:48:52.658 t201848FD8A0EF1F1F17B
 20:48:52.658 t20286000802AF2F900F9
 20:48:52.658 t20388DE48A220757FDFF
 20:48:52.658 t20480000800000000000
 20:48:52.659 t2058D188A2027FFF5000
 20:48:52.758 t20082C7FCA3E004ACA00
 20:48:52.758 t201848FDCA0EF1F1F17B
 20:48:52.758 t20286000C02AF2F900F9
 20:48:52.758 t20388F62CA2206F7FDFF
 20:48:52.758 t20480000C00000000000
 20:48:52.759 t2058D188E2027FFF5000
 20:48:52.857 t20082C820A3E004ACA00
 20:48:52.857 t201848FD0A0EF1F1F17B
 20:48:52.857 t20286000002AF2F900F9
 20:48:52.858 t20388BF70A2210C80200
 20:48:52.858 t20480000000000000000
 20:48:52.858 t2058D18822027FFF5000
 20:48:52.957 t20082C854A3E004ACA00
 20:48:52.957 t201848FD4A0EF1F1F17B
 20:48:52.957 t20286000402AF2F900F9
 20:48:52.958 t20388DE44A220757FDFF
 20:48:52.958 t20480000400000000000
 20:48:52.958 t2058D18862027FFF5000
 20:48:53.057 t20082C888A3E004ACA00
 20:48:53.057 t201848FD8A0EF1F1F17B
 20:48:53.057 t20286000802AF2F900F9
 20:48:53.058 t20388F628A2206F7FDFF
 20:48:53.058 t20480000800000000000
 20:48:53.058 t2058D188A2027FFF5000
 20:48:53.157 t20082C8BCA3E004ACA00
 20:48:53.158 t201848FDCA0EF1F1F17B
 20:48:53.158 t20286000C02AF2F900F9
 20:48:53.158 t20388BF7CA2210C80200
 20:48:53.158 t20480000C00000000000
 20:48:53.158 t2058D188E2027FFF5000
 20:48:53.257 t20082C8D0A3E004ACA00
 20:48:53.258 t201848FD0A0EF1F1F17B
 20:48:53.258 t20286000002AF2F900F9
 20:48:53.258 t20388DE40A220757FDFF
 20:48:53.258 t20480000000000000000
 20:48:53.258 t2058D18822027FFF5000
 20:48:53.357 t20082C904A3E004ACA00
 20:48:53.357 t201848FD4A0EF1F1F17B
 20:48:53.358 t20286000402AF2F900F9
 20:48:53.358 t20388F624A2206F7FDFF
 20:48:53.358 t20480000400000000000
 20:48:53.358 t2058D18862027FFF5000
 20:48:53.457 t20082C938A3E004ACA00
 20:48:53.458 t201848FD8A0EF1F1F17B
 20:48:53.458 t20286000802AF2F900F9
 20:48:53.458 t20388BF78A2210C80200
 20:48:53.458 t20480000800000000000
 20:48:53.458 t2058D188A2027FFF5000
 20:48:53.557 t20082C96CA3E004ACA00
 20:48:53.557 t201848FDCA0EF1F1F17B
 20:48:53.557 t20286000C02AF2F900F9
 20:48:53.557 t20388DE4CA220757FDFF
 20:48:53.558 t20480000C00000000000
 20:48:53.558 t2058D188E2027FFF5000
 20:48:53.657 t20082C980A3E004ACA00
 20:48:53.657 t201848FD0A0EF1F1F17B
 20:48:53.657 t20286000002AF2F900F9
 20:48:53.657 t20388F620A2206F7FDFF
 20:48:53.657 t20480000000000000000
 20:48:53.657 t2058D18822027FFF5000
 20:48:53.757 t20082C9B4A3E004ACA00
 20:48:53.757 t201848FD4A0EF1F1F17B
 20:48:53.758 t20286000402AF2F900F9
 20:48:53.758 t20388BF74A2210C80200
 20:48:53.758 t20480000400000000000
 20:48:53.758 t2058D18862027FFF5000
 20:48:53.857 t20082C9E8A3E004ACA00
 20:48:53.857 t201848FD8A0EF1F1F17B
 20:48:53.858 t20286000802AF2F900F9
 20:48:53.858 t20388DE48A220757FDFF
 20:48:53.858 t20480000800000000000
 20:48:53.858 t2058D188A2027FFF5000
 20:48:53.957 t20082CA1CA3E004ACA00
 20:48:53.957 t201848FDCA0EF1F1F17B
 20:48:53.957 t20286000C02AF2F900F9
 20:48:53.958 t20388F62CA2206F7FDFF
 20:48:53.958 t20480000C00000000000
 20:48:53.958 t2058D188E2027FFF5000
 20:48:54.057 t20082CA40A3E004ACA00
 20:48:54.057 t201848FD0A0EF1F1F17B
 20:48:54.057 t20286000002AF2F900F9
 20:48:54.057 t20388BF70A2210C80200
 20:48:54.057 t20480000000000000000
 20:48:54.057 t2058D18822027FFF5000
 20:48:54.157 t20082CA64A3E004ACA00
 20:48:54.157 t201848FD4A0EF1F1F17B
 20:48:54.157 t20286000402AF2F900F9
 20:48:54.158 t20388DE44A220757FDFF
 20:48:54.158 t20480000400000000000
 20:48:54.158 t2058D18862027FFF5000
 20:48:54.257 t20082CA98A3E004ACA00
 20:48:54.257 t201848FD8A0EF1F1F17B
 20:48:54.257 t20286000802AF2F900F9
 20:48:54.257 t20388F628A2206F7FDFF
 20:48:54.257 t20480000800000000000
 20:48:54.257 t2058D188A2027FFF5000
 20:48:54.357 t20082CACCA3E004ACA00
 20:48:54.357 t201848FDCA0EF1F1F17B
 20:48:54.357 t20286000C02AF2F900F9
 20:48:54.357 t20388BF7CA2210C80200
 20:48:54.358 t20480000C00000000000
 20:48:54.358 t2058D188E2027FFF5000
 20:48:54.457 t20082CAF0A3E004ACA00
 20:48:54.457 t201848FD0A0EF1F1F17B
 20:48:54.457 t20286000002AF2F900F9
 20:48:54.458 t20388DE40A220757FDFF
 20:48:54.458 t20480000000000000000
 20:48:54.458 t2058D18822027FFF5000
 20:48:54.557 t20082CB14A3E004ACA00
 20:48:54.557 t201848FD4A0EF1F1F17B
 20:48:54.557 t20286000402AF2F900F9
 20:48:54.558 t20388F624A2206F7FDFF
 20:48:54.558 t20480000400000000000
 20:48:54.558 t2058D18862027FFF5000
 20:48:54.657 t20082CB48A3E004ACA00
 20:48:54.657 t201848FD8A0EF1F1F17B
 20:48:54.657 t20286000802AF2F900F9
 20:48:54.658 t20388BF78A2210C80200
 20:48:54.658 t20480000800000000000
 20:48:54.658 t2058D188A2027FFF5000
 20:48:54.757 t20082CB7CA3E004ACA00
 20:48:54.757 t201848FDCA0EF1F1F17B
 20:48:54.757 t20286000C02AF2F900F9
 20:48:54.757 t20388DE4CA220757FDFF
 20:48:54.758 t20480000C00000000000
 20:48:54.758 t2058D188E2027FFF5000
 20:48:54.857 t20082CBA0A3E004ACA00
 20:48:54.857 t201848FD0A0EF1F1F17B
 20:48:54.857 t20286000002AF2F900F9
 20:48:54.857 t20388F620A2206F7FDFF
 20:48:54.858 t20480000000000000000
 20:48:54.858 t2058D18822027FFF5000
 20:48:54.957 t20082CBD4A3E004ACA00
 20:48:54.957 t201848FD4A0EF1F1F17B
 20:48:54.957 t20286000402AF2F900F9
 20:48:54.957 t20388BF74A2210C80200
 20:48:54.957 t20480000400000000000
 20:48:54.957 t2058D18862027FFF5000
 20:48:55.057 t20082CBF8A3E004ACA00
 20:48:55.057 t201848FD8A0EF1F1F17B
 20:48:55.057 t20286000802AF2F900F9
 20:48:55.057 t20388DE48A220757FDFF
 20:48:55.057 t20480000800000000000
 20:48:55.057 t2058D188A2027FFF5000
 20:48:55.157 t20082CC2CA3E004ACA00
 20:48:55.157 t201848FDCA0EF1F1F17B
 20:48:55.157 t20286000C02AF2F900F9
 20:48:55.157 t20388F62CA2206F7FDFF
 20:48:55.158 t20480000C00000000000
 20:48:55.158 t2058D188E2027FFF5000
 20:48:55.257 t20082CC50A3E004ACA00
 20:48:55.257 t201848FD0A0EF1F1F17B
 20:48:55.257 t20286000002AF2F900F9
 20:48:55.257 t20388BF70A2210C80200
 20:48:55.258 t20480000000000000000
 20:48:55.258 t2058D18822027FFF5000
 20:48:55.357 t20082CC84A3E004ACA00
 20:48:55.357 t201848FD4A0EF1F1F17B
 20:48:55.357 t20286000402AF2F900F9
 20:48:55.357 t20388DE44A220757FDFF
 20:48:55.357 t20480000400000000000
 20:48:55.357 t2058D18862027FFF5000
 20:48:55.456 t20082CCA8A3E004ACA00
 20:48:55.457 t201848FD8A0EF1F1F17B
 20:48:55.457 t20286000802AF2F900F9
 20:48:55.457 t20388F628A2206F7FDFF
 20:48:55.457 t20480000800000000000
 20:48:55.457 t2058D188A2027FFF5000
 20:48:55.556 t20082CCDCA3E004ACA00
 20:48:55.557 t201848FDCA0EF1F1F17B
 20:48:55.557 t20286000C02AF2F900F9
 20:48:55.557 t20388BF7CA2210C80200
 20:48:55.557 t20480000C00000000000
 20:48:55.557 t2058D188E2027FFF5000
 20:48:55.656 t20082CD00A3E004ACA00
 20:48:55.657 t201848FD0A0EF1F1F17B
 20:48:55.657 t20286000002AF2F900F9
 20:48:55.657 t20388DE40A220757FDFF
 20:48:55.657 t20480000000000000000
 20:48:55.657 t2058D18822027FFF5000
 20:48:55.757 t20082CD34A3E004ACA00
 20:48:55.757 t201848FD4A0EF1F1F17B
 20:48:55.757 t20286000402AF2F900F9
 20:48:55.758 t20388F624A2206F7FDFF
 20:48:55.758 t20480000400000000000
 20:48:55.758 t2058D18862027FFF5000
 20:48:55.856 t20082CD68A3E004ACA00
 20:48:55.857 t201848FD8A0EF1F1F17B
 20:48:55.857 t20286000802AF2F900F9
 20:48:55.857 t20388BF78A2210C80200
 20:48:55.857 t20480000800000000000
 20:48:55.857 t2058D188A2027FFF5000
 20:48:55.957 t20082CD8CA3E004ACA00
 20:48:55.957 t201848FDCA0EF1F1F17B
 20:48:55.957 t20286000C02AF2F900F9
 20:48:55.957 t20388DE4CA220757FDFF
 20:48:55.958 t20480000C00000000000
 20:48:55.958 t2058D188E2027FFF5000
 20:48:56.056 t20082CDB0A3E004ACA00
 20:48:56.057 t201848FD0A0EF1F1F17B
 20:48:56.057 t20286000002AF2F900F9
 20:48:56.057 t20388F620A2206F7FDFF
 20:48:56.057 t20480000000000000000
 20:48:56.057 t2058D18822027FFF5000
 20:48:56.156 t20082CDE4A3E004ACA00
 20:48:56.157 t201848FD4A0EF1F1F17B
 20:48:56.157 t20286000402AF2F900F9
 20:48:56.157 t20388BF74A2210C80200
 20:48:56.157 t20480000400000000000
 20:48:56.157 t2058D18862027FFF5000
 20:48:56.256 t20082CE18A3E004ACA00
 20:48:56.256 t201848FD8A0EF1F1F17B
 20:48:56.257 t20286000802AF2F900F9
 20:48:56.257 t20388DE48A220757FDFF
 20:48:56.257 t20480000800000000000
 20:48:56.257 t2058D188A2027FFF5000
 20:48:56.356 t20082CE3CA3E004ACA00
 20:48:56.356 t201848FDCA0EF1F1F17B
 20:48:56.356 t20286000C02AF2F900F9
 20:48:56.357 t20388F62CA2206F7FDFF
 20:48:56.357 t20480000C00000000000
 20:48:56.357 t2058D188E2027FFF5000
 20:48:56.457 t20082CE60A3E004ACA00
 20:48:56.457 t201848FD0A0EF1F1F17B
 20:48:56.457 t20286000002AF2F900F9
 20:48:56.458 t20388BF70A2210C80200
 20:48:56.458 t20480000000000000000
 20:48:56.458 t2058D18822027FFF5000
 20:48:56.557 t20082CE94A3E004ACA00
 20:48:56.558 t201848FD4A0EF1F1F17B
 20:48:56.558 t20286000402AF2F900F9
 20:48:56.558 t20388DE44A220757FDFF
 20:48:56.558 t20480000400000000000
 20:48:56.558 t2058D18862027FFF5000
 20:48:56.657 t20082CEC8A3E004ACA00
 20:48:56.658 t201848FD8A0EF1F1F17B
 20:48:56.658 t20286000802AF2F900F9
 20:48:56.658 t20388F628A2206F7FDFF
 20:48:56.658 t20480000800000000000
 20:48:56.659 t2058D188A2027FFF5000
 20:48:56.757 t20082CEFCA3E004ACA00
 20:48:56.758 t201848FDCA0EF1F1F17B
 20:48:56.758 t20286000C02AF2F900F9
 20:48:56.758 t20388BF7CA2210C80200
 20:48:56.759 t20480000C00000000000
 20:48:56.759 t2058D188E2027FFF5000
 20:48:56.857 t20082CF10A3E004ACA00
 20:48:56.857 t201848FD0A0EF1F1F17B
 20:48:56.857 t20286000002AF2F900F9
 20:48:56.857 t20388DE40A220757FDFF
 20:48:56.858 t20480000000000000000
 20:48:56.858 t2058D18822027FFF5000
 20:48:56.957 t20082CF44A3E004ACA00
 20:48:56.957 t201848FD4A0EF1F1F17B
 20:48:56.957 t20286000402AF2F900F9
 20:48:56.957 t20388F624A2206F7FDFF
 20:48:56.958 t20480000400000000000
 20:48:56.958 t2058D18862027FFF5000
 20:48:57.057 t20082CF78A3E004ACA00
 20:48:57.057 t201848FD8A0EF1F1F17B
 20:48:57.058 t20286000802AF2F900F9
 20:48:57.058 t20388BF78A2210C80200
 20:48:57.058 t20480000800000000000
 20:48:57.058 t2058D188A2027FFF5000
 20:48:57.157 t20082CFACA3E004ACA00
 20:48:57.157 t201848FDCA0EF1F1F17B
 20:48:57.157 t20286000C02AF2F900F9
 20:48:57.158 t20388DE4CA220757FDFF
 20:48:57.158 t20480000C00000000000
 20:48:57.158 t2058D188E2027FFF5000
 20:48:57.257 t20082CFC0A3E004ACA00
 20:48:57.257 t201848FD0A0EF1F1F17B
 20:48:57.258 t20286000002AF2F900F9
 20:48:57.258 t20388F620A2206F7FDFF
 20:48:57.258 t20480000000000000000
 20:48:57.258 t2058D18822027FFF5000
 20:48:57.357 t20082CFF4A3E004ACA00
 20:48:57.357 t201848FD4A0EF1F1F17B
 20:48:57.358 t20286000402AF2F900F9
 20:48:57.358 t20388BF74A2210C80200
 20:48:57.358 t20480000400000000000
 20:48:57.358 t2058D18862027FFF5000
 20:48:57.457 t20082D028A3E004ACA00
 20:48:57.457 t201848FD8A0EF1F1F17B
 20:48:57.458 t20286000802AF2F900F9
 20:48:57.458 t20388DE48A220757FDFF
 20:48:57.458 t20480000800000000000
 20:48:57.458 t2058D188A2027FFF5000
 20:48:57.557 t20082D05CA3E004ACA00
 20:48:57.557 t201848FDCA0EF1F1F17B
 20:48:57.557 t20286000C02AF2F900F9
 20:48:57.557 t20388F62CA2206F7FDFF
 20:48:57.557 t20480000C00000000000
 20:48:57.557 t2058D188E2027FFF5000
 20:48:57.657 t20082D080A3E004ACA00
 20:48:57.657 t201848FD0A0EF1F1F17B
 20:48:57.657 t20286000002AF2F900F9
 20:48:57.657 t20388BF70A2210C80200
 20:48:57.657 t20480000000000000000
 20:48:57.657 t2058D18822027FFF5000
 20:48:57.757 t20082D0A4A3E004ACA00
 20:48:57.757 t201848FD4A0EF1F1F17B
 20:48:57.757 t20286000402AF2F900F9
 20:48:57.758 t20388DE44A220757FDFF
 20:48:57.758 t20480000400000000000
 20:48:57.758 t2058D18862027FFF5000
 20:48:57.857 t20082D0D8A3E004ACA00
 20:48:57.857 t201848FD8A0EF1F1F17B
 20:48:57.858 t20286000802AF2F900F9
 20:48:57.858 t20388F628A2206F7FDFF
 20:48:57.858 t20480000800000000000
 20:48:57.858 t2058D188A2027FFF5000
 20:48:57.957 t20082D10CA3E004ACA00
 20:48:57.957 t201848FDCA0EF1F1F17B
 20:48:57.958 t20286000C02AF2F900F9
 20:48:57.958 t20388BF7CA2210C80200
 20:48:57.958 t20480000C00000000000
 20:48:57.958 t2058D188E2027FFF5000
 20:48:58.057 t20082D130A3E004ACA00
 20:48:58.057 t201848FD0A0EF1F1F17B
 20:48:58.057 t20286000002AF2F900F9
 20:48:58.057 t20388DE40A220757FDFF
 20:48:58.057 t20480000000000000000
 20:48:58.057 t2058D18822027FFF5000
 20:48:58.157 t20082D154A3E004ACA00
 20:48:58.157 t201848FD4A0EF1F1F17B
 20:48:58.157 t20286000402AF2F900F9
 20:48:58.157 t20388F624A2206F7FDFF
 20:48:58.158 t20480000400000000000
 20:48:58.158 t2058D18862027FFF5000
 20:48:58.257 t20082D188A3E004ACA00
 20:48:58.257 t201848FD8A0EF1F1F17B
 20:48:58.257 t20286000802AF2F900F9
 20:48:58.257 t20388BF78A2210C80200
 20:48:58.257 t20480000800000000000
 20:48:58.257 t2058D188A2027FFF5000
 20:48:58.357 t20082D1BCA3E004ACA00
 20:48:58.357 t201848FDCA0EF1F1F17B
 20:48:58.357 t20286000C02AF2F900F9
 20:48:58.357 t20388DE4CA220757FDFF
 20:48:58.358 t20480000C00000000000
 20:48:58.358 t2058D188E2027FFF5000
 20:48:58.457 t20082D1E0A3E004ACA00
 20:48:58.457 t201848FD0A0EF1F1F17B
 20:48:58.457 t20286000002AF2F900F9
 20:48:58.458 t20388F620A2206F7FDFF
 20:48:58.458 t20480000000000000000
 20:48:58.458 t2058D18822027FFF5000
 20:48:58.557 t20082D214A3E004ACA00
 20:48:58.557 t201848FD4A0EF1F1F17B
 20:48:58.557 t20286000402AF2F900F9
 20:48:58.557 t20388BF74A2210C80200
 20:48:58.557 t20480000400000000000
 20:48:58.557 t2058D18862027FFF5000
 20:48:58.657 t20082D238A3E004ACA00
 20:48:58.657 t201848FD8A0EF1F1F17B
 20:48:58.657 t20286000802AF2F900F9
 20:48:58.658 t20388DE48A220757FDFF
 20:48:58.658 t20480000800000000000
 20:48:58.658 t2058D188A2027FFF5000
 20:48:58.757 t20082D26CA3E004ACA00
 20:48:58.757 t201848FDCA0EF1F1F17B
 20:48:58.757 t20286000C02AF2F900F9
 20:48:58.758 t20388F62CA2206F7FDFF
 20:48:58.758 t20480000C00000000000
 20:48:58.758 t2058D188E2027FFF5000
 20:48:58.857 t20082D290A3E004ACA00
 20:48:58.857 t201848FD0A0EF1F1F17B
 20:48:58.857 t20286000002AF2F900F9
 20:48:58.857 t20388BF70A2210C80200
 20:48:58.857 t20480000000000000000
 20:48:58.857 t2058D18822027FFF5000
 20:48:58.957 t20082D2C4A3E004ACA00
 20:48:58.957 t201848FD4A0EF1F1F17B
 20:48:58.957 t20286000402AF2F900F9
 20:48:58.957 t20388DE44A220757FDFF
 20:48:58.957 t20480000400000000000
 20:48:58.957 t2058D18862027FFF5000
 20:48:59.057 t20082D2E8A3E004ACA00
 20:48:59.057 t201848FD8A0EF1F1F17B
 20:48:59.057 t20286000802AF2F900F9
 20:48:59.057 t20388F628A2206F7FDFF
 20:48:59.058 t20480000800000000000
 20:48:59.058 t2058D188A2027FFF5000
 20:48:59.157 t20082D31CA3E004ACA00
 20:48:59.157 t201848FDCA0EF1F1F17B
 20:48:59.157 t20286000C02AF2F900F9
 20:48:59.157 t20388BF7CA2210C80200
 20:48:59.158 t20480000C00000000000
 20:48:59.158 t2058D188E2027FFF5000
 20:48:59.257 t20082D340A3E004ACA00
 20:48:59.257 t201848FD0A0EF1F1F17B
 20:48:59.257 t20286000002AF2F900F9
 20:48:59.257 t20388DE40A220757FDFF
 20:48:59.257 t20480000000000000000
 20:48:59.257 t2058D18822027FFF5000
 20:48:59.356 t20082D374A3E004ACA00
 20:48:59.357 t201848FD4A0EF1F1F17B
 20:48:59.357 t20286000402AF2F900F9
 20:48:59.357 t20388F624A2206F7FDFF
 20:48:59.357 t20480000400000000000
 20:48:59.357 t2058D18862027FFF5000
 20:48:59.456 t20082D3A8A3E004ACA00
 20:48:59.457 t201848FD8A0EF1F1F17B
 20:48:59.457 t20286000802AF2F900F9
 20:48:59.457 t20388BF78A2210C80200
 20:48:59.457 t20480000800000000000
 20:48:59.457 t2058D188A2027FFF5000
 20:48:59.556 t20082D3CCA3E004ACA00
 20:48:59.557 t201848FDCA0EF1F1F17B
 20:48:59.557 t20286000C02AF2F900F9
 20:48:59.557 t20388DE4CA220757FDFF
 20:48:59.557 t20480000C00000000000
 20:48:59.557 t2058D188E2027FFF5000
 20:48:59.656 t20082D3F0A3E004ACA00
 20:48:59.657 t201848FD0A0EF1F1F17B
 20:48:59.657 t20286000002AF2F900F9
 20:48:59.657 t20388F620A2206F7FDFF
 20:48:59.657 t20480000000000000000
 20:48:59.657 t2058D18822027FFF5000
 20:48:59.756 t20082D424A3E004ACA00
 20:48:59.756 t201848FD4A0EF1F1F17B
 20:48:59.757 t20286000402AF2F900F9
 20:48:59.757 t20388BF74A2210C80200
 20:48:59.757 t20480000400000000000
 20:48:59.757 t2058D18862027FFF5000
 20:48:59.856 t20082D458A3E004ACA00
 20:48:59.856 t201848FD8A0EF1F1F17B
 20:48:59.857 t20286000802AF2F900F9
 20:48:59.857 t20388DE48A220757FDFF
 20:48:59.857 t20480000800000000000
 20:48:59.857 t2058D188A2027FFF5000
 20:48:59.956 t20082D47CA3E004ACA00
 20:48:59.956 t201848FDCA0EF1F1F17B
 20:48:59.957 t20286000C02AF2F900F9
 20:48:59.957 t20388F62CA2206F7FDFF
 20:48:59.957 t20480000C00000000000
 20:48:59.957 t2058D188E2027FFF5000
 20:49:00.056 t20082D4A0A3E004ACA00
 20:49:00.057 t201848FD0A0EF1F1F17B
 20:49:00.057 t20286000002AF2F900F9
 20:49:00.057 t20388BF70A2210C80200
 20:49:00.057 t20480000000000000000
 20:49:00.058 t2058D18822027FFF5000
 20:49:00.156 t20082D4D4A3E004ACA00
 20:49:00.157 t201848FD4A0EF1F1F17B
 20:49:00.157 t20286000402AF2F900F9
 20:49:00.157 t20388DE44A220757FDFF
 20:49:00.157 t20480000400000000000
 20:49:00.157 t2058D18862027FFF5000
 20:49:00.256 t20082D508A3E004ACA00
 20:49:00.256 t201848FD8A0EF1F1F17B
 20:49:00.256 t20286000802AF2F900F9
 20:49:00.256 t20388F628A2206F7FDFF
 20:49:00.257 t20480000800000000000
 20:49:00.257 t2058D188A2027FFF5000
 20:49:00.356 t20082D53CA3E004ACA00
 20:49:00.356 t201848FDCA0EF1F1F17B
 20:49:00.356 t20286000C02AF2F900F9
 20:49:00.357 t20388BF7CA2210C80200
 20:49:00.357 t20480000C00000000000
 20:49:00.357 t2058D188E2027FFF5000
 20:49:00.456 t20082D550A3E004ACA00
 20:49:00.456 t201848FD0A0EF1F1F17B
 20:49:00.456 t20286000002AF2F900F9
 20:49:00.457 t20388DE40A220757FDFF
 20:49:00.457 t20480000000000000000
 20:49:00.457 t2058D18822027FFF5000
 20:49:00.557 t20082D584A3E004ACA00
 20:49:00.557 t201848FD4A0EF1F1F17B
 20:49:00.557 t20286000402AF2F900F9
 20:49:00.557 t20388F624A2206F7FDFF
 20:49:00.558 t20480000400000000000
 20:49:00.558 t2058D18862027FFF5000
 20:49:00.657 t20082D5B8A3E004ACA00
 20:49:00.658 t201848FD8A0EF1F1F17B
 20:49:00.658 t20286000802AF2F900F9
 20:49:00.658 t20388BF78A2210C80200
 20:49:00.658 t20480000800000000000
 20:49:00.658 t2058D188A2027FFF5000
 20:49:00.757 t20082D5ECA3E004ACA00
 20:49:00.758 t201848FDCA0EF1F1F17B
 20:49:00.758 t20286000C02AF2F900F9
 20:49:00.758 t20388DE4CA220757FDFF
 20:49:00.758 t20480000C00000000000
 20:49:00.758 t2058D188E2027FFF5000
 20:49:00.857 t20082D600A3E004ACA00
 20:49:00.857 t201848FD0A0EF1F1F17B
 20:49:00.858 t20286000002AF2F900F9
 20:49:00.858 t20388F620A2206F7FDFF
 20:49:00.858 t20480000000000000000
 20:49:00.858 t2058D18822027FFF5000
 20:49:00.957 t20082D634A3E004ACA00
 20:49:00.957 t201848FD4A0EF1F1F17B
 20:49:00.957 t20286000402AF2F900F9
 20:49:00.957 t20388BF74A2210C80200
 20:49:00.957 t20480000400000000000
 20:49:00.958 t2058D18862027FFF5000
 20:49:01.057 t20082D668A3E004ACA00
 20:49:01.057 t201848FD8A0EF1F1F17B
 20:49:01.057 t20286000802AF2F900F9
 20:49:01.057 t20388DE48A220757FDFF
 20:49:01.057 t20480000800000000000
 20:49:01.058 t2058D188A2027FFF5000
 20:49:01.157 t20082D69CA3E004ACA00
 20:49:01.157 t201848FDCA0EF1F1F17B
 20:49:01.158 t20286000C02AF2F900F9
 20:49:01.158 t20388F62CA2206F7FDFF
 20:49:01.158 t20480000C00000000000
 20:49:01.158 t2058D188E2027FFF5000
 20:49:01.257 t20082D6C0A3E004ACA00
 20:49:01.257 t201848FD0A0EF1F1F17B
 20:49:01.257 t20286000002AF2F900F9
 20:49:01.257 t20388BF70A2210C80200
 20:49:01.258 t20480000000000000000
 20:49:01.258 t2058D18822027FFF5000
 20:49:01.357 t20082D6E4A3E004ACA00
 20:49:01.357 t201848FD4A0EF1F1F17B
 20:49:01.358 t20286000402AF2F900F9
 20:49:01.358 t20388DE44A220757FDFF
 20:49:01.358 t20480000400000000000
 20:49:01.358 t2058D18862027FFF5000
 20:49:01.457 t20082D718A3E004ACA00
 20:49:01.457 t201848FD8A0EF1F1F17B
 20:49:01.458 t20286000802AF2F900F9
 20:49:01.458 t20388F628A2206F7FDFF
 20:49:01.458 t20480000800000000000
 20:49:01.458 t2058D188A2027FFF5000
 20:49:01.557 t20082D74CA3E004ACA00
 20:49:01.557 t201848FDCA0EF1F1F17B
 20:49:01.557 t20286000C02AF2F900F9
 20:49:01.557 t20388BF7CA2210C80200
 20:49:01.557 t20480000C00000000000
 20:49:01.557 t2058D188E2027FFF5000
 20:49:01.657 t20082D770A3E004ACA00
 20:49:01.657 t201848FD0A0EF1F1F17B
 20:49:01.657 t20286000002AF2F900F9
 20:49:01.657 t20388DE40A220757FDFF
 20:49:01.657 t20480000000000000000
 20:49:01.658 t2058D18822027FFF5000
 20:49:01.757 t20082D794A3E004ACA00
 20:49:01.757 t201848FD4A0EF1F1F17B
 20:49:01.757 t20286000402AF2F900F9
 20:49:01.757 t20388F624A2206F7FDFF
 20:49:01.757 t20480000400000000000
 20:49:01.757 t2058D18862027FFF5000
 20:49:01.857 t20082D7C8A3E004ACA00
 20:49:01.857 t201848FD8A0EF1F1F17B
 20:49:01.857 t20286000802AF2F900F9
 20:49:01.858 t20388BF78A2210C80200
 20:49:01.858 t20480000800000000000
 20:49:01.858 t2058D188A2027FFF5000
 20:49:01.957 t20082D7FCA3E004ACA00
 20:49:01.957 t201848FDCA0EF1F1F17B
 20:49:01.957 t20286000C02AF2F900F9
 20:49:01.958 t20388DE4CA220757FDFF
 20:49:01.958 t20480000C00000000000
 20:49:01.958 t2058D188E2027FFF5000
 20:49:02.057 t20082D820A3E004ACA00
 20:49:02.057 t201848FD0A0EF1F1F17B
 20:49:02.057 t20286000002AF2F900F9
 20:49:02.058 t20388F620A2206F7FDFF
 20:49:02.058 t20480000000000000000
 20:49:02.058 t2058D18822027FFF5000
 20:49:02.157 t20082D854A3E004ACA00
 20:49:02.157 t201848FD4A0EF1F1F17B
 20:49:02.157 t20286000402AF2F900F9
 20:49:02.158 t20388BF74A2210C80200
 20:49:02.158 t20480000400000000000
 20:49:02.158 t2058D18862027FFF5000
 20:49:02.257 t20082D878A3E004ACA00
 20:49:02.257 t201848FD8A0EF1F1F17B
 20:49:02.257 t20286000802AF2F900F9
 20:49:02.258 t20388DE48A220757FDFF
 20:49:02.258 t20480000800000000000
 20:49:02.258 t2058D188A2027FFF5000
 20:49:02.357 t20082D8ACA3E004ACA00
 20:49:02.357 t201848FDCA0EF1F1F17B
 20:49:02.357 t20286000C02AF2F900F9
 20:49:02.357 t203890BDCA203FF7FFFF
 20:49:02.357 t20480000C00000000000
 20:49:02.357 t2058D188E2027FFF5000
 20:49:02.457 t20082D8D0A3E004ACA00
 20:49:02.457 t201848FD0A0EF1F1F17B
 20:49:02.457 t20286000002AF2F900F9
 20:49:02.457 t20388DE40A220757FDFF
 20:49:02.457 t20480000000000000000
 20:49:02.457 t2058D18822027FFF5000
 20:49:02.557 t20082D904A3E004ACA00
 20:49:02.557 t201848FD4A0EF1F1F17B
 20:49:02.557 t20286000402AF2F900F9
 20:49:02.558 t20388F624A2206F7FDFF
 20:49:02.558 t20480000400000000000
 20:49:02.558 t2058D18862027FFF5000
 20:49:02.657 t20082D928A3E004ACA00
 20:49:02.657 t201848FD8A0EF1F1F17B
 20:49:02.657 t20286000802AF2F900F9
 20:49:02.657 t203890BD8A223FF7FFFF
 20:49:02.658 t20480000800000000000
 20:49:02.658 t2058D188A2027FFF5000
 20:49:02.757 t20082D95CA3E004ACA00
 20:49:02.757 t201848FDCA0EF1F1F17B
 20:49:02.757 t20286000C02AF2F900F9
 20:49:02.758 t20388DE4CA220757FDFF
 20:49:02.758 t20480000C00000000000
 20:49:02.758 t2058D188E2027FFF5000
 20:49:02.857 t20082D980A3E004ACA00
 20:49:02.857 t201848FD0A0EF1F1F17B
 20:49:02.857 t20286000002AF2F900F9
 20:49:02.857 t20388F620A2206F7FDFF
 20:49:02.858 t20480000000000000000
 20:49:02.858 t2058D18822027FFF5000
 20:49:02.957 t20082D9B4A3E004ACA00
 20:49:02.957 t201848FD4A0EF1F1F17B
 20:49:02.957 t20286000402AF2F900F9
 20:49:02.957 t203890BD4A201027FDFE
 20:49:02.957 t20480000400000000000
 20:49:02.958 t2058D18862027FFF5000
 20:49:03.056 t20082D9E8A3E004ACA00
 20:49:03.057 t201848FD8A0EF1F1F17B
 20:49:03.057 t20286000802AF2F900F9
 20:49:03.057 t20388DE48A220757FDFF
 20:49:03.057 t20480000800000000000
 20:49:03.057 t2058D188A2027FFF5000
 20:49:03.157 t20082DA0CA3E004ACA00
 20:49:03.157 t201848FDCA0EF1F1F17B
 20:49:03.157 t20286000C02AF2F900F9
 20:49:03.157 t20388F62CA2206F7FDFF
 20:49:03.158 t20480000C00000000000
 20:49:03.158 t2058D188E2027FFF5000
 20:49:03.257 t20082DA30A3E004ACA00
 20:49:03.257 t201848FD0A0EF1F1F17B
 20:49:03.257 t20286000002AF2F900F9
 20:49:03.257 t203890BD0A221027FDFE
 20:49:03.258 t20480000000000000000
 20:49:03.258 t2058D18822027FFF5000
 20:49:03.357 t20082DA64A3E004ACA00
 20:49:03.357 t201848FD4A0EF1F1F17B
 20:49:03.357 t20286000402AF2F900F9
 20:49:03.358 t20388DE44A220757FDFF
 20:49:03.358 t20480000400000000000
 20:49:03.358 t2058D18862027FFF5000
 20:49:03.457 t20082DA98A3E004ACA00
 20:49:03.457 t201848FD8A0EF1F1F17B
 20:49:03.457 t20286000802AF2F900F9
 20:49:03.457 t20388F628A2206F7FDFF
 20:49:03.457 t20480000800000000000
 20:49:03.457 t2058D188A2027FFF5000
 20:49:03.557 t20082DABCA3E004ACA00
 20:49:03.557 t201848FDCA0EF1F1F17B
 20:49:03.557 t20286000C02AF2F900F9
 20:49:03.557 t203890BDCA221027FDFE
 20:49:03.558 t20480000C00000000000
 20:49:03.558 t2058D188E2027FFF5000
 20:49:03.656 t20082DAE0A3E004ACA00
 20:49:03.657 t201848FD0A0EF1F1F17B
 20:49:03.657 t20286000002AF2F900F9
 20:49:03.657 t20388DE40A220757FDFF
 20:49:03.657 t20480000000000000000
 20:49:03.657 t2058D18822027FFF5000
 20:49:03.756 t20082DB14A3E004ACA00
 20:49:03.757 t201848FD4A0EF1F1F17B
 20:49:03.757 t20286000402AF2F900F9
 20:49:03.757 t20388F624A2206F7FDFF
 20:49:03.757 t20480000400000000000
 20:49:03.757 t2058D18862027FFF5000
 20:49:03.857 t20082DB48A3E004ACA00
 20:49:03.857 t201848FD8A0EF1F1F17B
 20:49:03.857 t20286000802AF2F900F9
 20:49:03.857 t203890BD8A221027FDFE
 20:49:03.857 t20480000800000000000
 20:49:03.858 t2058D188A2027FFF5000
 20:49:03.956 t20082DB7CA3E004ACA00
 20:49:03.957 t201848FDCA0EF1F1F17B
 20:49:03.957 t20286000C02AF2F900F9
 20:49:03.957 t20388DE4CA220757FDFF
 20:49:03.957 t20480000C00000000000
 20:49:03.957 t2058D188E2027FFF5000
 20:49:04.057 t20082DB90A3E004ACA00
 20:49:04.057 t201848FD0A0EF1F1F17B
 20:49:04.057 t20286000002AF2F900F9
 20:49:04.057 t20388F620A2206F7FDFF
 20:49:04.057 t20480000000000000000
 20:49:04.058 t2058D18822027FFF5000
 20:49:04.157 t20082DBC4A3E004ACA00
 20:49:04.157 t201848FD4A0EF1F1F17B
 20:49:04.157 t20286000402AF2F900F9
 20:49:04.157 t203890BD4A221027FDFE
 20:49:04.157 t20480000400000000000
 20:49:04.158 t2058D18862027FFF5000
 20:49:04.256 t20082DBF8A3E004ACA00
 20:49:04.257 t201848FD8A0EF1F1F17B
 20:49:04.257 t20286000802AF2F900F9
 20:49:04.257 t20388DE48A220757FDFF
 20:49:04.257 t20480000800000000000
 20:49:04.258 t2058D188A2027FFF5000
 20:49:04.356 t20082DC2CA3E004ACA00
 20:49:04.356 t201848FDCA0EF1F1F17B
 20:49:04.356 t20286000C02AF2F900F9
 20:49:04.357 t20388F62CA2206F7FDFF
 20:49:04.357 t20480000C00000000000
 20:49:04.357 t2058D188E2027FFF5000
 20:49:04.456 t20082DC40A3E004ACA00
 20:49:04.456 t201848FD0A0EF1F1F17B
 20:49:04.456 t20286000002AF2F900F9
 20:49:04.456 t203890BD0A221027FDFE
 20:49:04.457 t20480000000000000000
 20:49:04.457 t2058D18822027FFF5000
 20:49:04.556 t20082DC74A3E004ACA00
 20:49:04.557 t201848FD4A0EF1F1F17B
 20:49:04.557 t20286000402AF2F900F9
 20:49:04.557 t20388DE44A220757FDFF
 20:49:04.557 t20480000400000000000
 20:49:04.557 t2058D18862027FFF5000
 20:49:04.656 t20082DCA8A3E004ACA00
 20:49:04.657 t201848FD8A0EF1F1F17B
 20:49:04.657 t20286000802AF2F900F9
 20:49:04.657 t20388F628A2206F7FDFF
 20:49:04.657 t20480000800000000000
 20:49:04.657 t2058D188A2027FFF5000
 20:49:04.756 t20082DCDCA3E004ACA00
 20:49:04.757 t201848FDCA0EF1F1F17B
 20:49:04.757 t20286000C02AF2F900F9
 20:49:04.757 t203890BDCA221027FDFE
 20:49:04.757 t20480000C00000000000
 20:49:04.757 t2058D188E2027FFF5000
 20:49:04.857 t20082DD00A3E004ACA00
 20:49:04.858 t201848FD0A0EF1F1F17B
 20:49:04.858 t20286000002AF2F900F9
 20:49:04.858 t20388DE40A220757FDFF
 20:49:04.859 t20480000000000000000
 20:49:04.859 t2058D18822027FFF5000
 20:49:04.957 t20082DD24A3E004ACA00
 20:49:04.957 t201848FD4A0EF1F1F17B
 20:49:04.957 t20286000402AF2F900F9
 20:49:04.957 t20388F624A2206F7FDFF
 20:49:04.957 t20480000400000000000
 20:49:04.958 t2058D18862027FFF5000
 20:49:05.057 t20082DD58A3E004ACA00
 20:49:05.057 t201848FD8A0EF1F1F17B
 20:49:05.057 t20286000802AF2F900F9
 20:49:05.057 t203890BD8A221027FDFE
 20:49:05.057 t20480000800000000000
 20:49:05.058 t2058D188A2027FFF5000
 20:49:05.157 t20082DD8CA3E004ACA00
 20:49:05.157 t201848FDCA0EF1F1F17B
 20:49:05.158 t20286000C02AF2F900F9
 20:49:05.158 t20388DE4CA220757FDFF
 20:49:05.158 t20480000C00000000000
 20:49:05.158 t2058D188E2027FFF5000
 20:49:05.257 t20082DDB0A3E004ACA00
 20:49:05.257 t201848FD0A0EF1F1F17B
 20:49:05.258 t20286000002AF2F900F9
 20:49:05.258 t20388F620A2206F7FDFF
 20:49:05.258 t20480000000000000000
 20:49:05.258 t2058D18822027FFF5000
 20:49:05.357 t20082DDD4A3E004ACA00
 20:49:05.357 t201848FD4A0EF1F1F17B
 20:49:05.358 t20286000402AF2F900F9
 20:49:05.358 t203890BD4A221027FDFE
 20:49:05.358 t20480000400000000000
 20:49:05.358 t2058D18862027FFF5000
 20:49:05.457 t20082DE08A3E004ACA00
 20:49:05.457 t201848FD8A0EF1F1F17B
 20:49:05.457 t20286000802AF2F900F9
 20:49:05.458 t20388DE48A220757FDFF
 20:49:05.458 t20480000800000000000
 20:49:05.458 t2058D188A2027FFF5000
 20:49:05.557 t20082DE3CA3E0048CA00
 20:49:05.557 t201848FDCA0EF1F1F17B
 20:49:05.557 t20286000C02AF2F900F9
 20:49:05.558 t20388F62CA2206F7FDFF
 20:49:05.558 t20480000C00000000000
 20:49:05.558 t2058D188E2027FFF5000
 20:49:05.657 t20082DE50A3E0048CA00
 20:49:05.657 t201848FD0A0EF1F1F17B
 20:49:05.657 t20286000002AF2F900F9
 20:49:05.657 t203890BD0A221027FDFE
 20:49:05.657 t20480000000000000000
 20:49:05.657 t2058D18822027FFF5000
 20:49:05.757 t20082DE84A3E0048CA00
 20:49:05.757 t201848FD4A0EF1F1F17B
 20:49:05.757 t20286000402AF2F900F9
 20:49:05.757 t20388DE44A220757FDFF
 20:49:05.757 t20480000400000000000
 20:49:05.757 t2058D18862027FFF5000
 20:49:05.857 t20082DEB8A3E0048CA00
 20:49:05.857 t201848FD8A0EF1F1F17B
 20:49:05.858 t20286000802AF2F900F9
 20:49:05.858 t20388F628A2206F7FDFF
 20:49:05.858 t20480000800000000000
 20:49:05.858 t2058D188A2027FFF5000
 20:49:05.957 t20082DEECA3E0048CA00
 20:49:05.957 t201848FDCA0EF1F1F17B
 20:49:05.958 t20286000C02AF2F900F9
 20:49:05.958 t203890BDCA221027FDFE
 20:49:05.958 t20480000C00000000000
 20:49:05.958 t2058D188E2027FFF5000
 20:49:06.057 t20082DF00A3E0048CA00
 20:49:06.057 t201848FD0A0EF1F1F17B
 20:49:06.057 t20286000002AF2F900F9
 20:49:06.058 t20388DE40A220757FDFF
 20:49:06.058 t20480000000000000000
 20:49:06.058 t2058D18822027FFF5000
 20:49:06.157 t20082DF34A3E0048CA00
 20:49:06.157 t201848FD4A0EF1F1F17B
 20:49:06.157 t20286000402AF2F900F9
 20:49:06.158 t20388F624A2206F7FDFF
 20:49:06.158 t20480000400000000000
 20:49:06.158 t2058D18862027FFF5000
 20:49:06.257 t20082DF68A3E0048CA00
 20:49:06.257 t201848FD8A0EF1F1F17B
 20:49:06.257 t20286000802AF2F900F9
 20:49:06.257 t203890BD8A221027FDFE
 20:49:06.258 t20480000800000000000
 20:49:06.258 t2058D188A2027FFF5000
 20:49:06.357 t20082DF9CA3E0048CA00
 20:49:06.357 t201848FDCA0EF1F1F17B
 20:49:06.357 t20286000C02AF2F900F9
 20:49:06.357 t20388DE4CA220757FDFF
 20:49:06.357 t20480000C00000000000
 20:49:06.357 t2058D188E2027FFF5000
 20:49:06.457 t20082DFC0A3E0048CA00
 20:49:06.457 t201848FD0A0EF1F1F17B
 20:49:06.457 t20286000002AF2F900F9
 20:49:06.457 t20388F620A2206F7FDFF
 20:49:06.458 t20480000000000000000
 20:49:06.458 t2058D18822027FFF5000
 20:49:06.557 t20082DFE4A3E0048CA00
 20:49:06.557 t201848FD4A0EF1F1F17B
 20:49:06.557 t20286000402AF2F900F9
 20:49:06.557 t203890BD4A221027FDFE
 20:49:06.557 t20480000400000000000
 20:49:06.557 t2058D18862027FFF5000
 20:49:06.657 t20082E018A3E0048CA00
 20:49:06.657 t201848FD8A0EF1F1F17B
 20:49:06.658 t20286000802AF2F900F9
 20:49:06.658 t20388DE48A220757FDFF
 20:49:06.658 t20480000800000000000
 20:49:06.658 t2058D188A2027FFF5000
 20:49:06.757 t20082E04CA3E0048CA00
 20:49:06.757 t201848FDCA0EF1F1F17B
 20:49:06.757 t20286000C02AF2F900F9
 20:49:06.758 t20388F62CA2206F7FDFF
 20:49:06.758 t20480000C00000000000
 20:49:06.758 t2058D188E2027FFF5000
 20:49:06.857 t20082E070A3E0048CA00
 20:49:06.857 t201848FD0A0EF1F1F17B
 20:49:06.857 t20286000002AF2F900F9
 20:49:06.857 t203890BD0A221027FDFE
 20:49:06.858 t20480000000000000000
 20:49:06.858 t2058D18822027FFF5000
 20:49:06.956 t20082E094A3E0048CA00
 20:49:06.957 t201848FD4A0EF1F1F17B
 20:49:06.957 t20286000402AF2F900F9
 20:49:06.957 t20388DE44A220757FDFF
 20:49:06.957 t20480000400000000000
 20:49:06.957 t2058D18862027FFF5000
 20:49:07.056 t20082E0C8A3E0048CA00
 20:49:07.057 t201848FD8A0EF1F1F17B
 20:49:07.057 t20286000802AF2F900F9
 20:49:07.057 t20388F628A2206F7FDFF
 20:49:07.057 t20480000800000000000
 20:49:07.057 t2058D188A2027FFF5000
 20:49:07.157 t20082E0FCA3E0048CA00
 20:49:07.157 t201848FDCA0EF1F1F17B
 20:49:07.157 t20286000C02AF2F900F9
 20:49:07.157 t203890BDCA221027FDFE
 20:49:07.157 t20480000C00000000000
 20:49:07.158 t2058D188E2027FFF5000
 20:49:07.257 t20082E120A3E0048CA00
 20:49:07.257 t201848FD0A0EF1F1F17B
 20:49:07.257 t20286000002AF2F900F9
 20:49:07.257 t20388DE40A220757FDFF
 20:49:07.258 t20480000000000000000
 20:49:07.258 t2058D18822027FFF5000
 20:49:07.357 t20082E154A3E0048CA00
 20:49:07.357 t201848FD4A0EF1F1F17B
 20:49:07.357 t20286000402AF2F900F9
 20:49:07.357 t20388F624A2206F7FDFF
 20:49:07.357 t20480000400000000000
 20:49:07.358 t2058D18862027FFF5000
 20:49:07.457 t20082E178A3E0048CA00
 20:49:07.457 t201848FD8A0EF1F1F17B
 20:49:07.457 t20286000802AF2F900F9
 20:49:07.457 t203890BD8A221027FDFE
 20:49:07.457 t20480000800000000000
 20:49:07.458 t2058D188A2027FFF5000
 20:49:07.556 t20082E1ACA3E0048CA00
 20:49:07.556 t201848FDCA0EF1F1F17B
 20:49:07.557 t20286000C02AF2F900F9
 20:49:07.557 t20388DE4CA220757FDFF
 20:49:07.557 t20480000C00000000000
 20:49:07.557 t2058D188E2027FFF5000
 20:49:07.656 t20082E1D0A3E0048CA00
 20:49:07.656 t201848FD0A0EF1F1F17B
 20:49:07.657 t20286000002AF2F900F9
 20:49:07.657 t20388F620A2206F7FDFF
 20:49:07.657 t20480000000000000000
 20:49:07.657 t2058D18822027FFF5000
 20:49:07.756 t20082E204A3E0048CA00
 20:49:07.756 t201848FD4A0EF1F1F17B
 20:49:07.757 t20286000402AF2F900F9
 20:49:07.757 t203890BD4A221027FDFE
 20:49:07.757 t20480000400000000000
 20:49:07.757 t2058D18862027FFF5000
 20:49:07.857 t20082E228A3E0048CA00
 20:49:07.857 t201848FD8A0EF1F1F17B
 20:49:07.857 t20286000802AF2F900F9
 20:49:07.857 t20388DE48A220757FDFF
 20:49:07.858 t20480000800000000000
 20:49:07.858 t2058D188A2027FFF5000
 20:49:07.957 t20082E25CA3E0048CA00
 20:49:07.957 t201848FDCA0EF1F1F17B
 20:49:07.957 t20286000C02AF2F900F9
 20:49:07.957 t20388F62CA2206F7FDFF
 20:49:07.957 t20480000C00000000000
 20:49:07.958 t2058D188E2027FFF5000
 20:49:08.056 t20082E280A3E0048CA00
 20:49:08.057 t201848FD0A0EF1F1F17B
 20:49:08.057 t20286000002AF2F900F9
 20:49:08.057 t203890BD0A221027FDFE
 20:49:08.057 t20480000000000000000
 20:49:08.057 t2058D18822027FFF5000
 20:49:08.156 t20082E2B4A3E0048CA00
 20:49:08.157 t201848FD4A0EF1F1F17B
 20:49:08.157 t20286000402AF2F900F9
 20:49:08.157 t20388DE44A220757FDFF
 20:49:08.157 t20480000400000000000
 20:49:08.158 t2058D18862027FFF5000
 20:49:08.256 t20082E2E8A3E0048CA00
 20:49:08.256 t201848FD8A0EF1F1F17B
 20:49:08.256 t20286000802AF2F900F9
 20:49:08.257 t20388F628A2206F7FDFF
 20:49:08.257 t20480000800000000000
 20:49:08.257 t2058D188A2027FFF5000
 20:49:08.356 t20082E30CA3E0048CA00
 20:49:08.356 t201848FDCA0EF1F1F17B
 20:49:08.356 t20286000C02AF2F900F9
 20:49:08.356 t203890BDCA221027FDFE
 20:49:08.357 t20480000C00000000000
 20:49:08.357 t2058D188E2027FFF5000
 20:49:08.456 t20082E330A3E0048CA00
 20:49:08.456 t201848FD0A0EF1F1F17B
 20:49:08.457 t20286000002AF2F900F9
 20:49:08.457 t20388DE40A220757FDFF
 20:49:08.457 t20480000000000000000
 20:49:08.457 t2058D18822027FFF5000
 20:49:08.556 t20082E364A3E0048CA00
 20:49:08.556 t201848FD4A0EF1F1F17B
 20:49:08.557 t20286000402AF2F900F9
 20:49:08.557 t20388F624A2206F7FDFF
 20:49:08.557 t20480000400000000000
 20:49:08.557 t2058D18862027FFF5000
 20:49:08.656 t20082E398A3E0048CA00
 20:49:08.657 t201848FD8A0EF1F1F17B
 20:49:08.657 t20286000802AF2F900F9
 20:49:08.657 t203890BD8A221027FDFE
 20:49:08.657 t20480000800000000000
 20:49:08.657 t2058D188A2027FFF5000
 20:49:08.756 t20082E3BCA3E0048CA00
 20:49:08.757 t201848FDCA0EF1F1F17B
 20:49:08.757 t20286000C02AF2F900F9
 20:49:08.757 t20388DE4CA220757FDFF
 20:49:08.757 t20480000C00000000000
 20:49:08.757 t2058D188E2027FFF5000
 20:49:08.856 t20082E3E0A3E0048CA00
 20:49:08.856 t201848FD0A0EF1F1F17B
 20:49:08.857 t20286000002AF2F900F9
 20:49:08.857 t20388F620A2206F7FDFF
 20:49:08.857 t20480000000000000000
 20:49:08.857 t2058D18822027FFF5000
 20:49:08.957 t20082E414A3E0048CA00
 20:49:08.957 t201848FD4A0EF1F1F17B
 20:49:08.957 t20286000402AF2F900F9
 20:49:08.957 t203890BD4A221027FDFE
 20:49:08.957 t20480000400000000000
 20:49:08.958 t2058D18862027FFF5000
 20:49:09.057 t20082E448A3E0048CA00
 20:49:09.057 t201848FD8A0EF1F1F17B
 20:49:09.057 t20286000802AF2F900F9
 20:49:09.057 t20388DE48A220757FDFF
 20:49:09.057 t20480000800000000000
 20:49:09.057 t2058D188A2027FFF5000
 20:49:09.157 t20082E47CA3E0048CA00
 20:49:09.157 t201848FDCA0EF1F1F17B
 20:49:09.157 t20286000C02AF2F900F9
 20:49:09.158 t20388F62CA2206F7FDFF
 20:49:09.158 t20480000C00000000000
 20:49:09.158 t2058D188E2027FFF5000
 20:49:09.257 t20082E490A3E0048CA00
 20:49:09.257 t201848FD0A0EF1F1F17B
 20:49:09.257 t20286000002AF2F900F9
 20:49:09.258 t203890BD0A221027FDFE
 20:49:09.258 t20480000000000000000
 20:49:09.258 t2058D18822027FFF5000
 20:49:09.357 t20082E4C4A3E0048CA00
 20:49:09.358 t201848FD4A0EF1F1F17B
 20:49:09.358 t20286000402AF2F900F9
 20:49:09.358 t20388DE44A220757FDFF
 20:49:09.359 t20480000400000000000
 20:49:09.359 t2058D18862027FFF5000
 20:49:09.457 t20082E4F8A3E0048CA00
 20:49:09.457 t201848FD8A0EF1F1F17B
 20:49:09.457 t20286000802AF2F900F9
 20:49:09.458 t20388F628A2206F7FDFF
 20:49:09.458 t20480000800000000000
 20:49:09.458 t2058D188A2027FFF5000
 20:49:09.557 t20082E52CA3E0048CA00
 20:49:09.557 t201848FDCA0EF1F1F17B
 20:49:09.557 t20286000C02AF2F900F9
 20:49:09.557 t203890BDCA221027FDFE
 20:49:09.558 t20480000C00000000000
 20:49:09.558 t2058D188E2027FFF5000
 20:49:09.657 t20082E540A3E0048CA00
 20:49:09.657 t201848FD0A0EF1F1F17B
 20:49:09.657 t20286000002AF2F900F9
 20:49:09.657 t20388DE40A220757FDFF
 20:49:09.657 t20480000000000000000
 20:49:09.657 t2058D18822027FFF5000
 20:49:09.757 t20082E574A3E0048CA00
 20:49:09.757 t201848FD4A0EF1F1F17B
 20:49:09.757 t20286000402AF2F900F9
 20:49:09.757 t20388F624A2206F7FDFF
 20:49:09.757 t20480000400000000000
 20:49:09.757 t2058D18862027FFF5000
 20:49:09.857 t20082E5A8A3E0048CA00
 20:49:09.857 t201848FD8A0EF1F1F17B
 20:49:09.857 t20286000802AF2F900F9
 20:49:09.857 t203890BD8A221027FDFE
 20:49:09.857 t20480000800000000000
 20:49:09.858 t2058D188A2027FFF5000
 20:49:09.957 t20082E5DCA3E0048CA00
 20:49:09.957 t201848FDCA0EF1F1F17B
 20:49:09.957 t20286000C02AF2F900F9
 20:49:09.957 t20388DE4CA220757FDFF
 20:49:09.957 t20480000C00000000000
 20:49:09.957 t2058D188E2027FFF5000
 20:49:10.057 t20082E600A3E0048CA00
 20:49:10.057 t201848FD0A0EF1F1F17B
 20:49:10.057 t20286000002AF2F900F9
 20:49:10.058 t20388F620A2206F7FDFF
 20:49:10.058 t20480000000000000000
 20:49:10.058 t2058D18822027FFF5000
 20:49:10.157 t20082E624A3E0048CA00
 20:49:10.157 t201848FD4A0EF1F1F17B
 20:49:10.157 t20286000402AF2F900F9
 20:49:10.158 t203890BD4A221027FDFE
 20:49:10.158 t20480000400000000000
 20:49:10.158 t2058D18862027FFF5000
 20:49:10.257 t20082E658A3E0048CA00
 20:49:10.257 t201848FD8A0EF1F1F17B
 20:49:10.257 t20286000802AF2F900F9
 20:49:10.258 t20388DE48A220757FDFF
 20:49:10.258 t20480000800000000000
 20:49:10.258 t2058D188A2027FFF5000
 20:49:10.357 t20082E68CA3E0048CA00
 20:49:10.357 t201848FDCA0EF1F1F17B
 20:49:10.357 t20286000C02AF2F900F9
 20:49:10.357 t20388DE4CA200757FDFF
 20:49:10.357 t20480000C00000000000
 20:49:10.357 t2058D188E2027FFF5000
 20:49:10.457 t20082E6B0A3E0048CA00
 20:49:10.457 t201848FD0A0EF1F1F17B
 20:49:10.457 t20286000002AF2F900F9
 20:49:10.457 t20388F620A2006F7FDFF
 20:49:10.457 t20480000000000000000
 20:49:10.457 t2058D18822027FFF5000
 20:49:10.557 t20082E6D4A3E0048CA00
 20:49:10.557 t201848FD4A0EF1F1F17B
 20:49:10.557 t20286000402AF2F900F9
 20:49:10.557 t203890BD4A200B37FE00
 20:49:10.557 t20480000400000000000
 20:49:10.558 t2058D18862027FFF5000
 20:49:10.657 t20082E708A3E0048CA00
 20:49:10.657 t201848FD8A0EF1F1F17B
 20:49:10.657 t20286000802AF2F900F9
 20:49:10.657 t203891BE8A203FF7FBFF
 20:49:10.657 t20480000800000000000
 20:49:10.658 t2058D188A2027FFF5000
 20:49:10.757 t20082E73CA3E0048CA00
 20:49:10.757 t201848FDCA0EF1F1F17B
 20:49:10.757 t20286000C02AF2F900F9
 20:49:10.757 t20388DE4CA220757FDFF
 20:49:10.757 t20480000C00000000000
 20:49:10.757 t2058D188E2027FFF5000
 20:49:10.857 t20082E760A3E0048CA00
 20:49:10.857 t201848FD0A0EF1F1F17B
 20:49:10.857 t20286000002AF2F900F9
 20:49:10.858 t20388F620A2206F7FDFF
 20:49:10.858 t20480000000000000000
 20:49:10.858 t2058D18822027FFF5000
 20:49:10.957 t20082E794A3E0048CA00
 20:49:10.957 t201848FD4A0EF1F1F17B
 20:49:10.957 t20286000402AF2F900F9
 20:49:10.957 t203890BD4A220B37FE00
 20:49:10.957 t20480000400000000000
 20:49:10.958 t2058D18862027FFF5000
 20:49:11.056 t20082E7B8A3E0048CA00
 20:49:11.056 t201848FD8A0EF1F1F17B
 20:49:11.057 t20286000802AF2F900F9
 20:49:11.057 t203891BE8A223FF7FBFF
 20:49:11.057 t20480000800000000000
 20:49:11.057 t2058D188A2027FFF5000
 20:49:11.156 t20082E7ECA3E0048CA00
 20:49:11.157 t201848FDCA0EF1F1F17B
 20:49:11.157 t20286000C02AF2F900F9
 20:49:11.157 t20388DE4CA220757FDFF
 20:49:11.157 t20480000C00000000000
 20:49:11.157 t2058D188E2027FFF5000
 20:49:11.257 t20082E810A3E0048CA00
 20:49:11.257 t201848FD0A0EF1F1F17B
 20:49:11.257 t20286000002AF2F900F9
 20:49:11.257 t20388F620A2206F7FDFF
 20:49:11.257 t20480000000000000000
 20:49:11.258 t2058D18822027FFF5000
 20:49:11.357 t20082E844A3E0048CA00
 20:49:11.357 t201848FD4A0EF1F1F17B
 20:49:11.357 t20286000402AF2F900F9
 20:49:11.357 t203890BD4A220B37FE00
 20:49:11.357 t20480000400000000000
 20:49:11.358 t2058D18862027FFF5000
 20:49:11.457 t20082E868A3E0048CA00
 20:49:11.457 t201848FD8A0EF1F1F17B
 20:49:11.457 t20286000802AF2F900F9
 20:49:11.457 t203891BE8A223FF7FBFF
 20:49:11.457 t20480000800000000000
 20:49:11.458 t2058D188A2027FFF5000
 20:49:11.557 t20082E89CA3E0048CA00
 20:49:11.557 t201848FDCA0EF1F1F17B
 20:49:11.557 t20286000C02AF2F900F9
 20:49:11.557 t20388DE4CA220757FDFF
 20:49:11.557 t20480000C00000000000
 20:49:11.558 t2058D188E2027FFF5000
 20:49:11.656 t20082E8C0A3E0048CA00
 20:49:11.657 t201848FD0A0EF1F1F17B
 20:49:11.657 t20286000002AF2F900F9
 20:49:11.657 t20388F620A2206F7FDFF
 20:49:11.657 t20480000000000000000
 20:49:11.657 t2058D18822027FFF5000
 20:49:11.756 t20082E8F4A3E0048CA00
 20:49:11.756 t201848FD4A0EF1F1F17B
 20:49:11.756 t20286000402AF2F900F9
 20:49:11.757 t203890BD4A220B37FE00
 20:49:11.757 t20480000400000000000
 20:49:11.757 t2058D18862027FFF5000
 20:49:11.856 t20082E928A3E0048CA00
 20:49:11.856 t201848FD8A0EF1F1F17B
 20:49:11.856 t20286000802AF2F900F9
 20:49:11.856 t203891BE8A223FF7FBFF
 20:49:11.857 t20480000800000000000
 20:49:11.857 t2058D188A2027FFF5000
 20:49:11.956 t20082E94CA3E0048CA00
 20:49:11.957 t201848FDCA0EF1F1F17B
 20:49:11.957 t20286000C02AF2F900F9
 20:49:11.957 t20388DE4CA220757FDFF
 20:49:11.957 t20480000C00000000000
 20:49:11.957 t2058D188E2027FFF5000
 20:49:12.056 t20082E970A3E0048CA00
 20:49:12.056 t201848FD0A0EF1F1F17B
 20:49:12.056 t20286000002AF2F900F9
 20:49:12.056 t20388F620A2206F7FDFF
 20:49:12.056 t20480000000000000000
 20:49:12.057 t2058D18822027FFF5000
 20:49:12.156 t20082E9A4A3E0048CA00
 20:49:12.156 t201848FD4A0EF1F1F17B
 20:49:12.156 t20286000402AF2F900F9
 20:49:12.156 t203890BD4A220B37FE00
 20:49:12.156 t20480000400000000000
 20:49:12.157 t2058D18862027FFF5000
 20:49:12.256 t20082E9D8A3E0048CA00
 20:49:12.256 t201848FD8A0EF1F1F17B
 20:49:12.257 t20286000802AF2F900F9
 20:49:12.257 t203891BE8A223FF7FBFF
 20:49:12.257 t20480000800000000000
 20:49:12.257 t2058D188A2027FFF5000
 20:49:12.356 t20082E9FCA3E0048CA00
 20:49:12.356 t201848FDCA0EF1F1F17B
 20:49:12.356 t20286000C02AF2F900F9
 20:49:12.356 t20388DE4CA220757FDFF
 20:49:12.356 t20480000C00000000000
 20:49:12.357 t2058D188E2027FFF5000
 20:49:12.456 t20082EA20A3E0048CA00
 20:49:12.456 t201848FD0A0EF1F1F17B
 20:49:12.456 t20286000002AF2F900F9
 20:49:12.456 t20388F620A2206F7FDFF
 20:49:12.456 t20480000000000000000
 20:49:12.457 t2058D18822027FFF5000
 20:49:12.556 t20082EA54A3E0048CA00
 20:49:12.556 t201848FD4A0EF1F1F17B
 20:49:12.557 t20286000402AF2F900F9
 20:49:12.557 t203890BD4A220B37FE00
 20:49:12.557 t20480000400000000000
 20:49:12.557 t2058D18862027FFF5000
 20:49:12.657 t20082EA88A3E0048CA00
 20:49:12.657 t201848FD8A0EF1F1F17B
 20:49:12.657 t20286000802AF2F900F9
 20:49:12.658 t203891BE8A223FF7FBFF
 20:49:12.658 t20480000800000000000
 20:49:12.658 t2058D188A2027FFF5000
 20:49:12.757 t20082EABCA3E0048CA00
 20:49:12.757 t201848FDCA0EF1F1F17B
 20:49:12.758 t20286000C02AF2F900F9
 20:49:12.758 t20388DE4CA220757FDFF
 20:49:12.758 t20480000C00000000000
 20:49:12.758 t2058D188E2027FFF5000
 20:49:12.857 t20082EAD0A3E0048CA00
 20:49:12.857 t201848FD0A0EF1F1F17B
 20:49:12.858 t20286000002AF2F900F9
 20:49:12.858 t20388F620A2206F7FDFF
 20:49:12.858 t20480000000000000000
 20:49:12.858 t2058D18822027FFF5000
 20:49:12.957 t20082EB04A3E0048CA00
 20:49:12.957 t201848FD4A0EF1F1F17B
 20:49:12.958 t20286000402AF2F900F9
 20:49:12.958 t203890BD4A220B37FE00
 20:49:12.958 t20480000400000000000
 20:49:12.958 t2058D18862027FFF5000
 20:49:13.058 t20082EB38A3E0048CA00
 20:49:13.058 t201848FD8A0EF1F1F17B
 20:49:13.059 t20286000802AF2F900F9
 20:49:13.059 t203891BE8A223FF7FBFF
 20:49:13.059 t20480000800000000000
 20:49:13.059 t2058D188A2027FFF5000
 20:49:13.157 t20082EB6CA3E0048CA00
 20:49:13.157 t201848FDCA0EF1F1F17B
 20:49:13.157 t20286000C02AF2F900F9
 20:49:13.157 t20388DE4CA220757FDFF
 20:49:13.157 t20480000C00000000000
 20:49:13.157 t2058D188E2027FFF5000
 20:49:13.257 t20082EB80A3E0048CA00
 20:49:13.257 t201848FD0A0EF1F1F17B
 20:49:13.257 t20286000002AF2F900F9
 20:49:13.258 t20388F620A2206F7FDFF
 20:49:13.258 t20480000000000000000
 20:49:13.258 t2058D18822027FFF5000
 20:49:13.357 t20082EBB4A3E0048CA00
 20:49:13.357 t201848FD4A0EF1F1F17B
 20:49:13.358 t20286000402AF2F900F9
 20:49:13.358 t203890BD4A220B37FE00
 20:49:13.358 t20480000400000000000
 20:49:13.358 t2058D18862027FFF5000
 20:49:13.457 t20082EBE8A3E0048CA00
 20:49:13.457 t201848FD8A0EF1F1F17B
 20:49:13.457 t20286000802AF2F900F9
 20:49:13.458 t203891BE8A223FF7FBFF
 20:49:13.458 t20480000800000000000
 20:49:13.458 t2058D188A2027FFF5000
 20:49:13.557 t20082EC1CA3E0048CA00
 20:49:13.557 t201848FDCA0EF1F1F17B
 20:49:13.557 t20286000C02AF2F900F9
 20:49:13.558 t20388DE4CA220757FDFF
 20:49:13.558 t20480000C00000000000
 20:49:13.558 t2058D188E2027FFF5000
 20:49:13.657 t20082EC40A3E0048CA00
 20:49:13.657 t201848FD0A0EF1F1F17B
 20:49:13.657 t20286000002AF2F900F9
 20:49:13.657 t20388F620A2206F7FDFF
 20:49:13.657 t20480000000000000000
 20:49:13.657 t2058D18822027FFF5000
 20:49:13.757 t20082EC64A3E0048CA00
 20:49:13.757 t201848FD4A0EF1F1F17B
 20:49:13.757 t20286000402AF2F900F9
 20:49:13.757 t203890BD4A220B37FE00
 20:49:13.757 t20480000400000000000
 20:49:13.757 t2058D18862027FFF5000
 20:49:13.857 t20082EC98A3E0048CA00
 20:49:13.857 t201848FD8A0EF1F1F17B
 20:49:13.857 t20286000802AF2F900F9
 20:49:13.857 t203891BE8A223FF7FBFF
 20:49:13.857 t20480000800000000000
 20:49:13.857 t2058D188A2027FFF5000
 20:49:13.957 t20082ECCCA3E0048CA00
 20:49:13.957 t201848FDCA0EF1F1F17B
 20:49:13.957 t20286000C02AF2F900F9
 20:49:13.958 t20388DE4CA220757FDFF
 20:49:13.958 t20480000C00000000000
 20:49:13.958 t2058D188E2027FFF5000
 20:49:14.057 t20082ECF0A3E0048CA00
 20:49:14.057 t201848FD0A0EF1F1F17B
 20:49:14.057 t20286000002AF2F900F9
 20:49:14.057 t20388F620A2206F7FDFF
 20:49:14.058 t20480000000000000000
 20:49:14.058 t2058D18822027FFF5000
 20:49:14.157 t20082ED14A3E0048CA00
 20:49:14.157 t201848FD4A0EF1F1F17B
 20:49:14.157 t20286000402AF2F900F9
 20:49:14.157 t203890BD4A220B37FE00
 20:49:14.158 t20480000400000000000
 20:49:14.158 t2058D18862027FFF5000
 20:49:14.257 t20082ED48A3E0048CA00
 20:49:14.257 t201848FD8A0EF1F1F17B
 20:49:14.257 t20286000802AF2F900F9
 20:49:14.257 t203891BE8A223FF7FBFF
 20:49:14.258 t20480000800000000000
 20:49:14.258 t2058D188A2027FFF5000
 20:49:14.357 t20082ED7CA3E0048CA00
 20:49:14.357 t201848FDCA0EF1F1F17B
 20:49:14.357 t20286000C02AF2F900F9
 20:49:14.357 t20388DE4CA220757FDFF
 20:49:14.357 t20480000C00000000000
 20:49:14.358 t2058D188E2027FFF5000
 20:49:14.456 t20082EDA0A3E0048CA00
 20:49:14.457 t201848FD0A0EF1F1F17B
 20:49:14.457 t20286000002AF2F900F9
 20:49:14.457 t20388F620A2206F7FDFF
 20:49:14.457 t20480000000000000000
 20:49:14.457 t2058D18822027FFF5000
 20:49:14.556 t20082EDD4A3E0048CA00
 20:49:14.556 t201848FD4A0EF1F1F17B
 20:49:14.557 t20286000402AF2F900F9
 20:49:14.557 t203891BE4A2008F7F9FF
 20:49:14.557 t20480000400000000000
 20:49:14.557 t2058D18862027FFF5000
 20:49:14.656 t20082EDF8A3E0048CA00
 20:49:14.656 t201848FD8A0EF1F1F17B
 20:49:14.657 t20286000802AF2F900F9
 20:49:14.657 t20388F628A2206F7FDFF
 20:49:14.657 t20480000800000000000
 20:49:14.657 t2058D188A2027FFF5000
 20:49:14.757 t20082EE2CA3E0048CA00
 20:49:14.757 t201848FDCA0EF1F1F17B
 20:49:14.757 t20286000C02AF2F900F9
 20:49:14.757 t203890BDCA220B37FE00
 20:49:14.757 t20480000C00000000000
 20:49:14.758 t2058D188E2027FFF5000
 20:49:14.856 t20082EE50A3E0048CA00
 20:49:14.857 t201848FD0A0EF1F1F17B
 20:49:14.857 t20286000002AF2F900F9
 20:49:14.857 t203891BE0A2208F7F9FF
 20:49:14.857 t20480000000000000000
 20:49:14.857 t2058D18822027FFF5000
 20:49:14.957 t20082EE84A3E0048CA00
 20:49:14.957 t201848FD4A0EF1F1F17B
 20:49:14.957 t20286000402AF2F900F9
 20:49:14.957 t20388F624A2206F7FDFF
 20:49:14.957 t20480000400000000000
 20:49:14.958 t2058D18862027FFF5000
 20:49:15.056 t20082EEA8A3E0048CA00
 20:49:15.056 t201848FD8A0EF1F1F17B
 20:49:15.056 t20286000802AF2F900F9
 20:49:15.057 t203890BD8A220B37FE00
 20:49:15.057 t20480000800000000000
 20:49:15.057 t2058D188A2027FFF5000
 20:49:15.156 t20082EEDCA3E0048CA00
 20:49:15.156 t201848FDCA0EF1F1F17B
 20:49:15.156 t20286000C02AF2F900F9
 20:49:15.157 t203891BECA2208F7F9FF
 20:49:15.157 t20480000C00000000000
 20:49:15.157 t2058D188E2027FFF5000
 20:49:15.256 t20082EF00A3E0048CA00
 20:49:15.256 t201848FD0A0EF1F1F17B
 20:49:15.256 t20286000002AF2F900F9
 20:49:15.256 t20388F620A2206F7FDFF
 20:49:15.257 t20480000000000000000
 20:49:15.257 t2058D18822027FFF5000
 20:49:15.356 t20082EF34A3E0048CA00
 20:49:15.357 t201848FD4A0EF1F1F17B
 20:49:15.357 t20286000402AF2F900F9
 20:49:15.357 t203890BD4A220B37FE00
 20:49:15.357 t20480000400000000000
 20:49:15.357 t2058D18862027FFF5000
 20:49:15.456 t20082EF68A3E0048CA00
 20:49:15.457 t201848FD8A0EF1F1F17B
 20:49:15.457 t20286000802AF2F900F9
 20:49:15.457 t203891BE8A2208F7F9FF
 20:49:15.457 t20480000800000000000
 20:49:15.457 t2058D188A2027FFF5000
 20:49:15.556 t20082EF8CA3E0048CA00
 20:49:15.557 t201848FDCA0EF1F1F17B
 20:49:15.557 t20286000C02AF2F900F9
 20:49:15.557 t20388F62CA2206F7FDFF
 20:49:15.557 t20480000C00000000000
 20:49:15.557 t2058D188E2027FFF5000
 20:49:15.656 t20082EFB0A3E0048CA00
 20:49:15.656 t201848FD0A0EF1F1F17B
 20:49:15.657 t20286000002AF2F900F9
 20:49:15.657 t203890BD0A220B37FE00
 20:49:15.657 t20480000000000000000
 20:49:15.657 t2058D18822027FFF5000
 20:49:15.756 t20082EFE4A3E0048CA00
 20:49:15.756 t201848FD4A0EF1F1F17B
 20:49:15.756 t20286000402AF2F900F9
 20:49:15.756 t203891BE4A2208F7F9FF
 20:49:15.756 t20480000400000000000
 20:49:15.757 t2058D18862027FFF5000
 20:49:15.856 t20082F018A3E0048CA00
 20:49:15.856 t201848FD8A0EF1F1F17B
 20:49:15.856 t20286000802AF2F900F9
 20:49:15.856 t20388F628A2206F7FDFF
 20:49:15.856 t20480000800000000000
 20:49:15.857 t2058D188A2027FFF5000
 20:49:15.956 t20082F03CA3E0048CA00
 20:49:15.956 t201848FDCA0EF1F1F17B
 20:49:15.957 t20286000C02AF2F900F9
 20:49:15.957 t203890BDCA220B37FE00
 20:49:15.957 t20480000C00000000000
 20:49:15.957 t2058D188E2027FFF5000
 20:49:16.056 t20082F060A3E0048CA00
 20:49:16.057 t201848FD0A0EF1F1F17B
 20:49:16.057 t20286000002AF2F900F9
 20:49:16.057 t203891BE0A2208F7F9FF
 20:49:16.057 t20480000000000000000
 20:49:16.057 t2058D18822027FFF5000
 20:49:16.156 t20082F094A3E0048CA00
 20:49:16.156 t201848FD4A0EF1F1F17B
 20:49:16.157 t20286000402AF2F900F9
 20:49:16.157 t20388F624A2206F7FDFF
 20:49:16.157 t20480000400000000000
 20:49:16.157 t2058D18862027FFF5000
 20:49:16.256 t20082F0C8A3E0048CA00
 20:49:16.256 t201848FD8A0EF1F1F17B
 20:49:16.256 t20286000802AF2F900F9
 20:49:16.257 t203890BD8A220B37FE00
 20:49:16.257 t20480000800000000000
 20:49:16.257 t2058D188A2027FFF5000
 20:49:16.357 t20082F0FCA3E0048CA00
 20:49:16.357 t201848FDCA0EF1F1F17B
 20:49:16.357 t20286000C02AF2F900F9
 20:49:16.358 t203891BECA2208F7F9FF
 20:49:16.358 t20480000C00000000000
 20:49:16.358 t2058D188E2027FFF5000
 20:49:16.457 t20082F110A3E0048CA00
 20:49:16.457 t201848FD0A0EF1F1F17B
 20:49:16.457 t20286000002AF2F900F9
 20:49:16.457 t20388F620A2206F7FDFF
 20:49:16.457 t20480000000000000000
 20:49:16.457 t2058D18822027FFF5000
 20:49:16.557 t20082F144A3E0048CA00
 20:49:16.557 t201848FD4A0EF1F1F17B
 20:49:16.557 t20286000402AF2F900F9
 20:49:16.557 t203890BD4A220B37FE00
 20:49:16.557 t20480000400000000000
 20:49:16.557 t2058D18862027FFF5000
 20:49:16.657 t20082F178A3E0048CA00
 20:49:16.657 t201848FD8A0EF1F1F17B
 20:49:16.657 t20286000802AF2F900F9
 20:49:16.658 t203891BE8A2208F7F9FF
 20:49:16.658 t20480000800000000000
 20:49:16.658 t2058D188A2027FFF5000
 20:49:16.757 t20082F1ACA3E0048CA00
 20:49:16.757 t201848FDCA0EF1F1F17B
 20:49:16.757 t20286000C02AF2F900F9
 20:49:16.757 t20388F62CA2206F7FDFF
 20:49:16.758 t20480000C00000000000
 20:49:16.758 t2058D188E2027FFF5000
 20:49:16.857 t20082F1C0A3E0048CA00
 20:49:16.857 t201848FD0A0EF1F1F17B
 20:49:16.857 t20286000002AF2F900F9
 20:49:16.858 t203890BD0A220B37FE00
 20:49:16.858 t20480000000000000000
 20:49:16.858 t2058D18822027FFF5000
 20:49:16.957 t20082F1F4A3E0048CA00
 20:49:16.957 t201848FD4A0EF1F1F17B
 20:49:16.957 t20286000402AF2F900F9
 20:49:16.958 t203891BE4A2208F7F9FF
 20:49:16.958 t20480000400000000000
 20:49:16.958 t2058D18862027FFF5000
 20:49:17.057 t20082F228A3E0048CA00
 20:49:17.057 t201848FD8A0EF1F1F17B
 20:49:17.057 t20286000802AF2F900F9
 20:49:17.057 t20388F628A2206F7FDFF
 20:49:17.058 t20480000800000000000
 20:49:17.058 t2058D188A2027FFF5000
 20:49:17.157 t20082F25CA3E0048CA00
 20:49:17.157 t201848FDCA0EF1F1F17B
 20:49:17.157 t20286000C02AF2F900F9
 20:49:17.157 t203890BDCA220B37FE00
 20:49:17.157 t20480000C00000000000
 20:49:17.157 t2058D188E2027FFF5000
 20:49:17.257 t20082F280A3E0048CA00
 20:49:17.257 t201848FD0A0EF1F1F17B
 20:49:17.257 t20286000002AF2F900F9
 20:49:17.258 t203891BE0A2208F7F9FF
 20:49:17.258 t20480000000000000000
 20:49:17.258 t2058D18822027FFF5000
 20:49:17.357 t20082F2A4A3E0048CA00
 20:49:17.357 t201848FD4A0EF1F1F17B
 20:49:17.357 t20286000402AF2F900F9
 20:49:17.357 t20388F624A2206F7FDFF
 20:49:17.358 t20480000400000000000
 20:49:17.358 t2058D18862027FFF5000
 20:49:17.457 t20082F2D8A3E0048CA00
 20:49:17.457 t201848FD8A0EF1F1F17B
 20:49:17.457 t20286000802AF2F900F9
 20:49:17.458 t203890BD8A220B37FE00
 20:49:17.458 t20480000800000000000
 20:49:17.458 t2058D188A2027FFF5000
 20:49:17.557 t20082F30CA3E0048CA00
 20:49:17.557 t201848FDCA0EF1F1F17B
 20:49:17.557 t20286000C02AF2F900F9
 20:49:17.557 t203891BECA2208F7F9FF
 20:49:17.558 t20480000C00000000000
 20:49:17.558 t2058D188E2027FFF5000
 20:49:17.657 t20082F330A3E0048CA00
 20:49:17.657 t201848FD0A0EF1F1F17B
 20:49:17.657 t20286000002AF2F900F9
 20:49:17.657 t20388F620A2206F7FDFF
 20:49:17.658 t20480000000000000000
 20:49:17.658 t2058D18822027FFF5000
 20:49:17.756 t20082F354A3E0048CA00
 20:49:17.757 t201848FD4A0EF1F1F17B
 20:49:17.757 t20286000402AF2F900F9
 20:49:17.757 t203890BD4A220B37FE00
 20:49:17.757 t20480000400000000000
 20:49:17.757 t2058D18862027FFF5000
 20:49:17.856 t20082F388A3E0048CA00
 20:49:17.857 t201848FD8A0EF1F1F17B
 20:49:17.857 t20286000802AF2F900F9
 20:49:17.857 t203891BE8A2208F7F9FF
 20:49:17.857 t20480000800000000000
 20:49:17.857 t2058D188A2027FFF5000
 20:49:17.957 t20082F3BCA3E0048CA00
 20:49:17.957 t201848FDCA0EF1F1F17B
 20:49:17.957 t20286000C02AF2F900F9
 20:49:17.957 t20388F62CA2206F7FDFF
 20:49:17.957 t20480000C00000000000
 20:49:17.957 t2058D188E2027FFF5000
 20:49:18.057 t20082F3E0A3E0048CA00
 20:49:18.057 t201848FD0A0EF1F1F17B
 20:49:18.057 t20286000002AF2F900F9
 20:49:18.057 t203890BD0A220B37FE00
 20:49:18.057 t20480000000000000000
 20:49:18.058 t2058D18822027FFF5000
 20:49:18.157 t20082F414A3E0048CA00
 20:49:18.157 t201848FD4A0EF1F1F17B
 20:49:18.157 t20286000402AF2F900F9
 20:49:18.157 t203891BE4A2208F7F9FF
 20:49:18.157 t20480000400000000000
 20:49:18.158 t2058D18862027FFF5000
 20:49:18.257 t20082F438A3E0048CA00
 20:49:18.257 t201848FD8A0EF1F1F17B
 20:49:18.257 t20286000802AF2F900F9
 20:49:18.257 t20388F628A2206F7FDFF
 20:49:18.257 t20480000800000000000
 20:49:18.258 t2058D188A2027FFF5000
 20:49:18.357 t20082F46CA3E0048CA00
 20:49:18.357 t201848FDCA0EF1F1F17B
 20:49:18.357 t20286000C02AF2F900F9
 20:49:18.357 t203890BDCA220B37FE00
 20:49:18.357 t20480000C00000000000
 20:49:18.358 t2058D188E2027FFF5000
 20:49:18.456 t20082F490A3E0048CA00
 20:49:18.456 t201848FD0A0EF1F1F17B
 20:49:18.457 t20286000002AF2F900F9
 20:49:18.457 t203891BE0A2208F7F9FF
 20:49:18.457 t20480000000000000000
 20:49:18.457 t2058D18822027FFF5000
 20:49:18.556 t20082F4C4A3E0048CA00
 20:49:18.556 t201848FD4A0EF1F1F17B
 20:49:18.556 t20286000402AF2F900F9
 20:49:18.557 t20388F624A2206F7FDFF
 20:49:18.557 t20480000400000000000
 20:49:18.557 t2058D18862027FFF5000
 20:49:18.656 t20082F4E8A3E0048CA00
 20:49:18.657 t201848FD8A0EF1F1F17B
 20:49:18.657 t20286000802AF2F900F9
 20:49:18.657 t203890BD8A220B37FE00
 20:49:18.657 t20480000800000000000
 20:49:18.658 t2058D188A2027FFF5000
 20:49:18.756 t20082F51CA3E0048CA00
 20:49:18.757 t201848FDCA0EF1F1F17B
 20:49:18.757 t20286000C02AF2F900F9
 20:49:18.757 t203891BECA2208F7F9FF
 20:49:18.757 t20480000C00000000000
 20:49:18.758 t2058D188E2027FFF5000
 20:49:18.856 t20082F540A3E0048CA00
 20:49:18.857 t201848FD0A0EF1F1F17B
 20:49:18.857 t20286000002AF2F900F9
 20:49:18.857 t20388F620A2206F7FDFF
 20:49:18.858 t20480000000000000000
 20:49:18.858 t2058D18822027FFF5000
 20:49:18.956 t20082F574A3E0048CA00
 20:49:18.956 t201848FD4A0EF1F1F17B
 20:49:18.956 t20286000402AF2F900F9
 20:49:18.956 t203890BD4A220B37FE00
 20:49:18.957 t20480000400000000000
 20:49:18.957 t2058D18862027FFF5000
 20:49:19.056 t20082F5A8A3E0048CA00
 20:49:19.056 t201848FD8A0EF1F1F17B
 20:49:19.056 t20286000802AF2F900F9
 20:49:19.056 t203891BE8A2208F7F9FF
 20:49:19.057 t20480000800000000000
 20:49:19.057 t2058D188A2027FFF5000
 20:49:19.156 t20082F5CCA3E0048CA00
 20:49:19.156 t201848FDCA0EF1F1F17B
 20:49:19.156 t20286000C02AF2F900F9
 20:49:19.156 t20388F62CA2206F7FDFF
 20:49:19.157 t20480000C00000000000
 20:49:19.157 t2058D188E2027FFF5000
 20:49:19.256 t20082F5F0A3E0048CA00
 20:49:19.257 t201848FD0A0EF1F1F17B
 20:49:19.257 t20286000002AF2F900F9
 20:49:19.257 t203890BD0A220B37FE00
 20:49:19.257 t20480000000000000000
 20:49:19.257 t2058D18822027FFF5000
 20:49:19.356 t20082F624A3E0048CA00
 20:49:19.356 t201848FD4A0EF1F1F17B
 20:49:19.357 t20286000402AF2F900F9
 20:49:19.357 t203891BE4A2208F7F9FF
 20:49:19.357 t20480000400000000000
 20:49:19.357 t2058D18862027FFF5000
 20:49:19.456 t20082F658A3E0048CA00
 20:49:19.457 t201848FD8A0EF1F1F17B
 20:49:19.457 t20286000802AF2F900F9
 20:49:19.457 t20388F628A2206F7FDFF
 20:49:19.457 t20480000800000000000
 20:49:19.458 t2058D188A2027FFF5000
 20:49:19.556 t20082F67CA3E0048CA00
 20:49:19.556 t201848FDCA0EF1F1F17B
 20:49:19.556 t20286000C02AF2F900F9
 20:49:19.556 t203890BDCA220B37FE00
 20:49:19.557 t20480000C00000000000
 20:49:19.557 t2058D188E2027FFF5000
 20:49:19.656 t20082F6A0A3E0048CA00
 20:49:19.656 t201848FD0A0EF1F1F17B
 20:49:19.657 t20286000002AF2F900F9
 20:49:19.657 t203891BE0A2208F7F9FF
 20:49:19.657 t20480000000000000000
 20:49:19.657 t2058D18822027FFF5000
 20:49:19.756 t20082F6D4A3E0048CA00
 20:49:19.756 t201848FD4A0EF1F1F17B
 20:49:19.756 t20286000402AF2F900F9
 20:49:19.756 t20388F624A2206F7FDFF
 20:49:19.757 t20480000400000000000
 20:49:19.757 t2058D18862027FFF5000
 20:49:19.856 t20082F708A3E0048CA00
 20:49:19.856 t201848FD8A0EF1F1F17B
 20:49:19.856 t20286000802AF2F900F9
 20:49:19.856 t203890BD8A220B37FE00
 20:49:19.856 t20480000800000000000
 20:49:19.856 t2058D188A2027FFF5000
 20:49:19.956 t20082F73CA3E0048CA00
 20:49:19.956 t201848FDCA0EF1F1F17B
 20:49:19.956 t20286000C02AF2F900F9
 20:49:19.956 t203891BECA2208F7F9FF
 20:49:19.956 t20480000C00000000000
 20:49:19.956 t2058D188E2027FFF5000
 20:49:20.056 t20082F750A3E0048CA00
 20:49:20.056 t201848FD0A0EF1F1F17B
 20:49:20.056 t20286000002AF2F900F9
 20:49:20.056 t20388F620A2206F7FDFF
 20:49:20.056 t20480000000000000000
 20:49:20.056 t2058D18822027FFF5000
 20:49:20.156 t20082F784A3E0048CA00
 20:49:20.156 t201848FD4A0EF1F1F17B
 20:49:20.157 t20286000402AF2F900F9
 20:49:20.157 t203890BD4A220B37FE00
 20:49:20.157 t20480000400000000000
 20:49:20.157 t2058D18862027FFF5000
 20:49:20.257 t20082F7B8A3E0048CA00
 20:49:20.257 t201848FD8A0EF1F1F17B
 20:49:20.258 t20286000802AF2F900F9
 20:49:20.258 t203891BE8A2208F7F9FF
 20:49:20.258 t20480000800000000000
 20:49:20.258 t2058D188A2027FFF5000
 20:49:20.357 t20082F7ECA3E0048CA00
 20:49:20.357 t201848FDCA0EF1F1F17B
 20:49:20.358 t20286000C02AF2F900F9
 20:49:20.358 t20388F62CA2206F7FDFF
 20:49:20.358 t20480000C00000000000
 20:49:20.358 t2058D188E2027FFF5000
 20:49:20.457 t20082F800A3E0048CA00
 20:49:20.457 t201848FD0A0EF1F1F17B
 20:49:20.457 t20286000002AF2F900F9
 20:49:20.457 t203890BD0A220B37FE00
 20:49:20.457 t20480000000000000000
 20:49:20.457 t2058D18822027FFF5000
 20:49:20.557 t20082F834A3E0048CA00
 20:49:20.557 t201848FD4A0EF1F1F17B
 20:49:20.557 t20286000402AF2F900F9
 20:49:20.557 t203891BE4A2208F7F9FF
 20:49:20.557 t20480000400000000000
 20:49:20.557 t2058D18862027FFF5000
 20:49:20.657 t20082F868A3E0048CA00
 20:49:20.657 t201848FD8A0EF1F1F17B
 20:49:20.657 t20286000802AF2F900F9
 20:49:20.657 t20388F628A2206F7FDFF
 20:49:20.658 t20480000800000000000
 20:49:20.658 t2058D188A2027FFF5000
 20:49:20.757 t20082F89CA3E0048CA00
 20:49:20.757 t201848FDCA0EF1F1F17B
 20:49:20.757 t20286000C02AF2F900F9
 20:49:20.758 t203890BDCA220B37FE00
 20:49:20.758 t20480000C00000000000
 20:49:20.758 t2058D188E2027FFF5000
 20:49:20.857 t20082F8C0A3E0048CA00
 20:49:20.857 t201848FD0A0EF1F1F17B
 20:49:20.857 t20286000002AF2F900F9
 20:49:20.858 t203891BE0A2208F7F9FF
 20:49:20.858 t20480000000000000000
 20:49:20.858 t2058D18822027FFF5000
 20:49:20.957 t20082F8E4A3E0048CA00
 20:49:20.957 t201848FD4A0EF1F1F17B
 20:49:20.957 t20286000402AF2F900F9
 20:49:20.958 t20388F624A2206F7FDFF
 20:49:20.958 t20480000400000000000
 20:49:20.958 t2058D18862027FFF5000
 20:49:21.057 t20082F918A3E0048CA00
 20:49:21.057 t201848FD8A0EF1F1F17B
 20:49:21.058 t20286000802AF2F900F9
 20:49:21.058 t203890BD8A220B37FE00
 20:49:21.058 t20480000800000000000
 20:49:21.058 t2058D188A2027FFF5000
 20:49:21.156 t20082F94CA3E0048CA00
 20:49:21.157 t201848FDCA0EF1F1F17B
 20:49:21.157 t20286000C02AF2F900F9
 20:49:21.157 t203891BECA2208F7F9FF
 20:49:21.157 t20480000C00000000000
 20:49:21.157 t2058D188E2027FFF5000
 20:49:21.256 t20082F970A3E0048CA00
 20:49:21.257 t201848FD0A0EF1F1F17B
 20:49:21.257 t20286000002AF2F900F9
 20:49:21.257 t20388F620A2206F7FDFF
 20:49:21.257 t20480000000000000000
 20:49:21.257 t2058D18822027FFF5000
 20:49:21.357 t20082F994A3E0048CA00
 20:49:21.357 t201848FD4A0EF1F1F17B
 20:49:21.357 t20286000402AF2F900F9
 20:49:21.358 t203890BD4A220B37FE00
 20:49:21.358 t20480000400000000000
 20:49:21.358 t2058D18862027FFF5000
 20:49:21.457 t20082F9C8A3E0048CA00
 20:49:21.457 t201848FD8A0EF1F1F17B
 20:49:21.457 t20286000802AF2F900F9
 20:49:21.457 t203891BE8A2208F7F9FF
 20:49:21.457 t20480000800000000000
 20:49:21.457 t2058D188A2027FFF5000
 20:49:21.557 t20082F9FCA3E0048CA00
 20:49:21.557 t201848FDCA0EF1F1F17B
 20:49:21.557 t20286000C02AF2F900F9
 20:49:21.558 t20388F62CA2206F7FDFF
 20:49:21.558 t20480000C00000000000
 20:49:21.558 t2058D188E2027FFF5000
 20:49:21.657 t20082FA20A3E0048CA00
 20:49:21.657 t201848FD0A0EF1F1F17B
 20:49:21.657 t20286000002AF2F900F9
 20:49:21.657 t203890BD0A220B37FE00
 20:49:21.658 t20480000000000000000
 20:49:21.658 t2058D18822027FFF5000
 20:49:21.757 t20082FA54A3E0048CA00
 20:49:21.757 t201848FD4A0EF1F1F17B
 20:49:21.757 t20286000402AF2F900F9
 20:49:21.757 t203891BE4A2208F7F9FF
 20:49:21.757 t20480000400000000000
 20:49:21.758 t2058D18862027FFF5000
 20:49:21.856 t20082FA78A3E0048CA00
 20:49:21.856 t201848FD8A0EF1F1F17B
 20:49:21.857 t20286000802AF2F900F9
 20:49:21.857 t20388F628A2206F7FDFF
 20:49:21.857 t20480000800000000000
 20:49:21.857 t2058D188A2027FFF5000
 20:49:21.956 t20082FAACA3E0048CA00
 20:49:21.957 t201848FDCA0EF1F1F17B
 20:49:21.957 t20286000C02AF2F900F9
 20:49:21.957 t203890BDCA220B37FE00
 20:49:21.957 t20480000C00000000000
 20:49:21.957 t2058D188E2027FFF5000
 20:49:22.056 t20082FAD0A3E0048CA00
 20:49:22.057 t201848FD0A0EF1F1F17B
 20:49:22.057 t20286000002AF2F900F9
 20:49:22.057 t203891BE0A2208F7F9FF
 20:49:22.057 t20480000000000000000
 20:49:22.057 t2058D18822027FFF5000
 20:49:22.156 t20082FB04A3E0048CA00
 20:49:22.157 t201848FD4A0EF1F1F17B
 20:49:22.157 t20286000402AF2F900F9
 20:49:22.157 t20388F624A2206F7FDFF
 20:49:22.157 t20480000400000000000
 20:49:22.158 t2058D18862027FFF5000
 20:49:22.256 t20082FB28A3E0048CA00
 20:49:22.257 t201848FD8A0EF1F1F17B
 20:49:22.257 t20286000802AF2F900F9
 20:49:22.257 t203890BD8A220B37FE00
 20:49:22.257 t20480000800000000000
 20:49:22.258 t2058D188A2027FFF5000
 20:49:22.356 t20082FB5CA3E0048CA00
 20:49:22.357 t201848FDCA0EF1F1F17B
 20:49:22.357 t20286000C02AF2F900F9
 20:49:22.357 t203891BECA2208F7F9FF
 20:49:22.357 t20480000C00000000000
 20:49:22.357 t2058D188E2027FFF5000
 20:49:22.456 t20082FB80A3E0048CA00
 20:49:22.457 t201848FD0A0EF1F1F17B
 20:49:22.457 t20286000002AF2F900F9
 20:49:22.457 t20388F620A2206F7FDFF
 20:49:22.457 t20480000000000000000
 20:49:22.457 t2058D18822027FFF5000
 20:49:22.556 t20082FBB4A3E0048CA00
 20:49:22.556 t201848FD4A0EF1F1F17B
 20:49:22.556 t20286000402AF2F900F9
 20:49:22.556 t203890BD4A220B37FE00
 20:49:22.557 t20480000400000000000
 20:49:22.557 t2058D18862027FFF5000
 20:49:22.656 t20082FBE8A3E0048CA00
 20:49:22.657 t201848FD8A0EF1F1F17B
 20:49:22.657 t20286000802AF2F900F9
 20:49:22.657 t203891BE8A2208F7F9FF
 20:49:22.657 t20480000800000000000
 20:49:22.657 t2058D188A2027FFF5000
 20:49:22.756 t20082FC0CA3E0048CA00
 20:49:22.756 t201848FDCA0EF1F1F17B
 20:49:22.756 t20286000C02AF2F900F9
 20:49:22.757 t20388F62CA2206F7FDFF
 20:49:22.757 t20480000C00000000000
 20:49:22.757 t2058D188E2027FFF5000
 20:49:22.856 t20082FC30A3E0048CA00
 20:49:22.856 t201848FD0A0EF1F1F17B
 20:49:22.857 t20286000002AF2F900F9
 20:49:22.857 t203890BD0A220B37FE00
 20:49:22.857 t20480000000000000000
 20:49:22.857 t2058D18822027FFF5000
 20:49:22.956 t20082FC64A3E0048CA00
 20:49:22.956 t201848FD4A0EF1F1F17B
 20:49:22.957 t20286000402AF2F900F9
 20:49:22.957 t203891BE4A2208F7F9FF
 20:49:22.957 t20480000400000000000
 20:49:22.957 t2058D18862027FFF5000
 20:49:23.056 t20082FC98A3E0048CA00
 20:49:23.056 t201848FD8A0EF1F1F17B
 20:49:23.057 t20286000802AF2F900F9
 20:49:23.057 t20388F628A2206F7FDFF
 20:49:23.057 t20480000800000000000
 20:49:23.057 t2058D188A2027FFF5000
 20:49:23.156 t20082FCBCA3E0048CA00
 20:49:23.156 t201848FDCA0EF1F1F17B
 20:49:23.156 t20286000C02AF2F900F9
 20:49:23.156 t203890BDCA220B37FE00
 20:49:23.156 t20480000C00000000000
 20:49:23.157 t2058D188E2027FFF5000
 20:49:23.256 t20082FCE0A3E0048CA00
 20:49:23.256 t201848FD0A0EF1F1F17B
 20:49:23.256 t20286000002AF2F900F9
 20:49:23.256 t203891BE0A2208F7F9FF
 20:49:23.256 t20480000000000000000
 20:49:23.256 t2058D18822027FFF5000
 20:49:23.356 t20082FD24A3E0048CA00
 20:49:23.356 t201848FD4A0EF1F1F17B
 20:49:23.357 t20286000402AF2F900F9
 20:49:23.357 t20388F624A2206F7FDFF
 20:49:23.357 t20480000400000000000
 20:49:23.357 t2058D18862027FFF5000
 20:49:23.456 t20082FD58A3E0048CA00
 20:49:23.456 t201848FD8A0EF1F1F17B
 20:49:23.457 t20286000802AF2F900F9
 20:49:23.457 t203890BD8A220B37FE00
 20:49:23.457 t20480000800000000000
 20:49:23.457 t2058D188A2027FFF5000
 20:49:23.556 t20082FD7CA3E0048CA00
 20:49:23.556 t201848FDCA0EF1F1F17B
 20:49:23.556 t20286000C02AF2F900F9
 20:49:23.556 t203891BECA2208F7F9FF
 20:49:23.556 t20480000C00000000000
 20:49:23.557 t2058D188E2027FFF5000
 20:49:23.656 t20082FDA0A3E0048CA00
 20:49:23.657 t201848FD0A0EF1F1F17B
 20:49:23.657 t20286000002AF2F900F9
 20:49:23.657 t20388F620A2206F7FDFF
 20:49:23.657 t20480000000000000000
 20:49:23.657 t2058D18822027FFF5000
 20:49:23.756 t20082FDD4A3E0048CA00
 20:49:23.756 t201848FD4A0EF1F1F17B
 20:49:23.757 t20286000402AF2F900F9
 20:49:23.757 t203890BD4A220B37FE00
 20:49:23.757 t20480000400000000000
 20:49:23.757 t2058D18862027FFF5000
 20:49:23.856 t20082FE08A3E0048CA00
 20:49:23.856 t201848FD8A0EF1F1F17B
 20:49:23.856 t20286000802AF2F900F9
 20:49:23.856 t203891BE8A2208F7F9FF
 20:49:23.856 t20480000800000000000
 20:49:23.856 t2058D188A2027FFF5000
 20:49:23.957 t20082FE3CA3E0048CA00
 20:49:23.957 t201848FDCA0EF1F1F17B
 20:49:23.957 t20286000C02AF2F900F9
 20:49:23.957 t20388F62CA2206F7FDFF
 20:49:23.957 t20480000C00000000000
 20:49:23.957 t2058D188E2027FFF5000
 20:49:24.057 t20082FE50A3E0048CA00
 20:49:24.057 t201848FD0A0EF1F1F17B
 20:49:24.057 t20286000002AF2F900F9
 20:49:24.058 t203890BD0A220B37FE00
 20:49:24.058 t20480000000000000000
 20:49:24.058 t2058D18822027FFF5000
 20:49:24.157 t20082FE84A3E0048CA00
 20:49:24.157 t201848FD4A0EF1F1F17B
 20:49:24.157 t20286000402AF2F900F9
 20:49:24.158 t203891BE4A2208F7F9FF
 20:49:24.158 t20480000400000000000
 20:49:24.158 t2058D18862027FFF5000
 20:49:24.257 t20082FEB8A3E0048CA00
 20:49:24.257 t201848FD8A0EF1F1F17B
 20:49:24.257 t20286000802AF2F900F9
 20:49:24.258 t20388F628A2206F7FDFF
 20:49:24.258 t20480000800000000000
 20:49:24.258 t2058D188A2027FFF5000
 20:49:24.357 t20082FEECA3E0048CA00
 20:49:24.357 t201848FDCA0EF1F1F17B
 20:49:24.357 t20286000C02AF2F900F9
 20:49:24.357 t203890BDCA220B37FE00
 20:49:24.357 t20480000C00000000000
 20:49:24.357 t2058D188E2027FFF5000
 20:49:24.457 t20082FF00A3E0048CA00
 20:49:24.457 t201848FD0A0EF1F1F17B
 20:49:24.457 t20286000002AF2F900F9
 20:49:24.457 t203891BE0A2208F7F9FF
 20:49:24.457 t20480000000000000000
 20:49:24.457 t2058D18822027FFF5000
 20:49:24.557 t20082FF34A3E0048CA00
 20:49:24.557 t201848FD4A0EF1F1F17B
 20:49:24.557 t20286000402AF2F900F9
 20:49:24.557 t20388F624A2206F7FDFF
 20:49:24.557 t20480000400000000000
 20:49:24.557 t2058D18862027FFF5000
 20:49:24.657 t20082FF68A3E0048CA00
 20:49:24.657 t201848FD8A0EF1F1F17B
 20:49:24.657 t20286000802AF2F900F9
 20:49:24.657 t203890BD8A220B37FE00
 20:49:24.658 t20480000800000000000
 20:49:24.658 t2058D188A2027FFF5000
 20:49:24.757 t20082FF9CA3E0048CA00
 20:49:24.757 t201848FDCA0EF1F1F17B
 20:49:24.757 t20286000C02AF2F900F9
 20:49:24.758 t203891BECA2208F7F9FF
 20:49:24.758 t20480000C00000000000
 20:49:24.758 t2058D188E2027FFF5000
 20:49:24.857 t20082FFC0A3E0048CA00
 20:49:24.857 t201848FD0A0EF1F1F17B
 20:49:24.857 t20286000002AF2F900F9
 20:49:24.857 t20388F620A2206F7FDFF
 20:49:24.858 t20480000000000000000
 20:49:24.858 t2058D18822027FFF5000
 20:49:24.957 t20082FFE4A3E0048CA00
 20:49:24.957 t201848FD4A0EF1F1F17B
 20:49:24.957 t20286000402AF2F900F9
 20:49:24.957 t203890BD4A220B37FE00
 20:49:24.958 t20480000400000000000
 20:49:24.958 t2058D18862027FFF5000
 20:49:25.057 t200830018A3E0048CA00
 20:49:25.057 t201848FD8A0EF1F1F17B
 20:49:25.057 t20286000802AF2F900F9
 20:49:25.057 t203891BE8A2208F7F9FF
 20:49:25.058 t20480000800000000000
 20:49:25.058 t2058D188A2027FFF5000
 20:49:25.156 t20083004CA3E0048CA00
 20:49:25.156 t201848FDCA0EF1F1F17B
 20:49:25.157 t20286000C02AF2F900F9
 20:49:25.157 t20388F62CA2206F7FDFF
 20:49:25.157 t20480000C00000000000
 20:49:25.157 t2058D188E2027FFF5000
 20:49:25.256 t200830070A3E0048CA00
 20:49:25.256 t201848FD0A0EF1F1F17B
 20:49:25.257 t20286000002AF2F900F9
 20:49:25.257 t203890BD0A220B37FE00
 20:49:25.257 t20480000000000000000
 20:49:25.257 t2058D18822027FFF5000
 20:49:25.357 t200830094A3E0048CA00
 20:49:25.357 t201848FD4A0EF1F1F17B
 20:49:25.357 t20286000402AF2F900F9
 20:49:25.357 t203891BE4A2208F7F9FF
 20:49:25.357 t20480000400000000000
 20:49:25.358 t2058D18862027FFF5000
 20:49:25.457 t2008300C8A3E0048CA00
 20:49:25.457 t201848FD8A0EF1F1F17B
 20:49:25.457 t20286000802AF2F900F9
 20:49:25.457 t20388F628A2206F7FDFF
 20:49:25.457 t20480000800000000000
 20:49:25.458 t2058D188A2027FFF5000
 20:49:25.557 t2008300FCA3E0048CA00
 20:49:25.557 t201848FDCA0EF1F1F17B
 20:49:25.557 t20286000C02AF2F900F9
 20:49:25.557 t203890BDCA220B37FE00
 20:49:25.558 t20480000C00000000000
 20:49:25.558 t2058D188E2027FFF5000
 20:49:25.657 t200830120A3E0048CA00
 20:49:25.657 t201848FD0A0EF1F1F17B
 20:49:25.657 t20286000002AF2F900F9
 20:49:25.657 t203891BE0A2208F7F9FF
 20:49:25.657 t20480000000000000000
 20:49:25.658 t2058D18822027FFF5000
 20:49:25.757 t200830154A3E0048CA00
 20:49:25.757 t201848FD4A0EF1F1F17B
 20:49:25.757 t20286000402AF2F900F9
 20:49:25.757 t20388F624A2206F7FDFF
 20:49:25.757 t20480000400000000000
 20:49:25.758 t2058D18862027FFF5000
 20:49:25.856 t200830178A3E0048CA00
 20:49:25.856 t201848FD8A0EF1F1F17B
 20:49:25.856 t20286000802AF2F900F9
 20:49:25.857 t203890BD8A220B37FE00
 20:49:25.857 t20480000800000000000
 20:49:25.857 t2058D188A2027FFF5000
 20:49:25.956 t2008301ACA3E0048CA00
 20:49:25.956 t201848FDCA0EF1F1F17B
 20:49:25.956 t20286000C02AF2F900F9
 20:49:25.957 t203891BECA2208F7F9FF
 20:49:25.957 t20480000C00000000000
 20:49:25.957 t2058D188E2027FFF5000
 20:49:26.056 t2008301D0A3E0048CA00
 20:49:26.057 t201848FD0A0EF1F1F17B
 20:49:26.057 t20286000002AF2F900F9
 20:49:26.057 t20388F620A2206F7FDFF
 20:49:26.057 t20480000000000000000
 20:49:26.058 t2058D18822027FFF5000
 20:49:26.156 t200830204A3E0048CA00
 20:49:26.157 t201848FD4A0EF1F1F17B
 20:49:26.157 t20286000402AF2F900F9
 20:49:26.157 t203890BD4A220B37FE00
 20:49:26.157 t20480000400000000000
 20:49:26.158 t2058D18862027FFF5000
 20:49:26.256 t200830228A3E0048CA00
 20:49:26.257 t201848FD8A0EF1F1F17B
 20:49:26.257 t20286000802AF2F900F9
 20:49:26.257 t203891BE8A2208F7F9FF
 20:49:26.257 t20480000800000000000
 20:49:26.257 t2058D188A2027FFF5000
 20:49:26.356 t20083025CA3E0048CA00
 20:49:26.356 t201848FDCA0EF1F1F17B
 20:49:26.357 t20286000C02AF2F900F9
 20:49:26.357 t20388F62CA2206F7FDFF
 20:49:26.357 t20480000C00000000000
 20:49:26.357 t2058D188E2027FFF5000
 20:49:26.456 t200830280A3E0048CA00
 20:49:26.456 t201848FD0A0EF1F1F17B
 20:49:26.457 t20286000002AF2F900F9
 20:49:26.457 t203890BD0A220B37FE00
 20:49:26.457 t20480000000000000000
 20:49:26.457 t2058D18822027FFF5000
 20:49:26.556 t2008302B4A3E0048CA00
 20:49:26.556 t201848FD4A0EF1F1F17B
 20:49:26.556 t20286000402AF2F900F9
 20:49:26.557 t203891BE4A2208F7F9FF
 20:49:26.557 t20480000400000000000
 20:49:26.557 t2058D18862027FFF5000
 20:49:26.656 t2008302E8A3E0048CA00
 20:49:26.656 t201848FD8A0EF1F1F17B
 20:49:26.656 t20286000802AF2F900F9
 20:49:26.656 t20388F628A2206F7FDFF
 20:49:26.656 t20480000800000000000
 20:49:26.656 t2058D188A2027FFF5000
 20:49:26.756 t20083030CA3E0048CA00
 20:49:26.756 t201848FDCA0EF1F1F17B
 20:49:26.757 t20286000C02AF2F900F9
 20:49:26.757 t203890BDCA220B37FE00
 20:49:26.757 t20480000C00000000000
 20:49:26.757 t2058D188E2027FFF5000
 20:49:26.856 t200830330A3E0048CA00
 20:49:26.856 t201848FD0A0EF1F1F17B
 20:49:26.857 t20286000002AF2F900F9
 20:49:26.857 t203891BE0A2208F7F9FF
 20:49:26.857 t20480000000000000000
 20:49:26.857 t2058D18822027FFF5000
 20:49:26.956 t200830364A3E0048CA00
 20:49:26.956 t201848FD4A0EF1F1F17B
 20:49:26.957 t20286000402AF2F900F9
 20:49:26.957 t20388F624A2206F7FDFF
 20:49:26.957 t20480000400000000000
 20:49:26.957 t2058D18862027FFF5000
 20:49:27.056 t200830398A3E0048CA00
 20:49:27.056 t201848FD8A0EF1F1F17B
 20:49:27.057 t20286000802AF2F900F9
 20:49:27.057 t203890BD8A220B37FE00
 20:49:27.057 t20480000800000000000
 20:49:27.057 t2058D188A2027FFF5000
 20:49:27.156 t2008303BCA3E0048CA00
 20:49:27.156 t201848FDCA0EF1F1F17B
 20:49:27.156 t20286000C02AF2F900F9
 20:49:27.156 t203891BECA2208F7F9FF
 20:49:27.156 t20480000C00000000000
 20:49:27.156 t2058D188E2027FFF5000
 20:49:27.256 t2008303E0A3E0048CA00
 20:49:27.256 t201848FD0A0EF1F1F17B
 20:49:27.256 t20286000002AF2F900F9
 20:49:27.256 t20388F620A2206F7FDFF
 20:49:27.256 t20480000000000000000
 20:49:27.256 t2058D18822027FFF5000
 20:49:27.356 t200830414A3E0048CA00
 20:49:27.356 t201848FD4A0EF1F1F17B
 20:49:27.356 t20286000402AF2F900F9
 20:49:27.357 t203890BD4A220B37FE00
 20:49:27.357 t20480000400000000000
 20:49:27.357 t2058D18862027FFF5000
 20:49:27.456 t200830448A3E0048CA00
 20:49:27.456 t201848FD8A0EF1F1F17B
 20:49:27.456 t20286000802AF2F900F9
 20:49:27.457 t203891BE8A2208F7F9FF
 20:49:27.457 t20480000800000000000
 20:49:27.457 t2058D188A2027FFF5000
 20:49:27.556 t20083047CA3E0048CA00
 20:49:27.556 t201848FDCA0EF1F1F17B
 20:49:27.556 t20286000C02AF2F900F9
 20:49:27.557 t20388F62CA2206F7FDFF
 20:49:27.557 t20480000C00000000000
 20:49:27.557 t2058D188E2027FFF5000
 20:49:27.656 t200830490A3E0048CA00
 20:49:27.656 t201848FD0A0EF1F1F17B
 20:49:27.656 t20286000002AF2F900F9
 20:49:27.657 t203890BD0A220B37FE00
 20:49:27.657 t20480000000000000000
 20:49:27.657 t2058D18822027FFF5000
 20:49:27.756 t2008304C4A3E0048CA00
 20:49:27.756 t201848FD4A0EF1F1F17B
 20:49:27.757 t20286000402AF2F900F9
 20:49:27.757 t203891BE4A2208F7F9FF
 20:49:27.757 t20480000400000000000
 20:49:27.757 t2058D18862027FFF5000
 20:49:27.856 t2008304F8A3E0048CA00
 20:49:27.856 t201848FD8A0EF1F1F17B
 20:49:27.856 t20286000802AF2F900F9
 20:49:27.856 t20388F628A2206F7FDFF
 20:49:27.856 t20480000800000000000
 20:49:27.856 t2058D188A2027FFF5000
 20:49:27.957 t20083052CA3E0048CA00
 20:49:27.957 t201848FDCA0EF1F1F17B
 20:49:27.957 t20286000C02AF2F900F9
 20:49:27.957 t203890BDCA220B37FE00
 20:49:27.957 t20480000C00000000000
 20:49:27.957 t2058D188E2027FFF5000
 20:49:28.057 t200830540A3E0048CA00
 20:49:28.057 t201848FD0A0EF1F1F17B
 20:49:28.057 t20286000002AF2F900F9
 20:49:28.057 t203891BE0A2208F7F9FF
 20:49:28.058 t20480000000000000000
 20:49:28.058 t2058D18822027FFF5000
 20:49:28.157 t200830574A3E0048CA00
 20:49:28.157 t201848FD4A0EF1F1F17B
 20:49:28.157 t20286000402AF2F900F9
 20:49:28.157 t2038936A4A2003E805FF
 20:49:28.157 t20480000400000000000
 20:49:28.157 t2058D18862027FFF5000
 20:49:28.257 t2008305A8A3E0048CA00
 20:49:28.257 t201848FD8A0EF1F1F17B
 20:49:28.257 t20286000802AF2F900F9
 20:49:28.257 t203893C28A203FF7FFFF
 20:49:28.258 t20480000800000000000
 20:49:28.258 t2058D188A2027FFF5000
 20:49:28.357 t2008305DCA3E0048CA00
 20:49:28.357 t201848FDCA0EF1F1F17B
 20:49:28.357 t20286000C02AF2F900F9
 20:49:28.357 t203890BDCA220B37FE00
 20:49:28.357 t20480000C00000000000
 20:49:28.357 t2058D188E2027FFF5000
 20:49:28.457 t200830600A3E0048CA00
 20:49:28.457 t201848FD0A0EF1F1F17B
 20:49:28.457 t20286000002AF2F900F9
 20:49:28.457 t203891BE0A2208F7F9FF
 20:49:28.458 t20480000000000000000
 20:49:28.458 t2058D18822027FFF5000
 20:49:28.556 t200830624A3E0048CA00
 20:49:28.557 t201848FD4A0EF1F1F17B
 20:49:28.557 t20286000402AF2F900F9
 20:49:28.557 t2038936A4A2203E805FF
 20:49:28.557 t20480000400000000000
 20:49:28.557 t2058D18862027FFF5000
 20:49:28.656 t200830658A3E0048CA00
 20:49:28.657 t201848FD8A0EF1F1F17B
 20:49:28.657 t20286000802AF2F900F9
 20:49:28.657 t203893C28A223FF7FFFF
 20:49:28.657 t20480000800000000000
 20:49:28.657 t2058D188A2027FFF5000
 20:49:28.757 t20083068CA3E0048CA00
 20:49:28.757 t201848FDCA0EF1F1F17B
 20:49:28.757 t20286000C02AF2F900F9
 20:49:28.757 t203890BDCA220B37FE00
 20:49:28.757 t20480000C00000000000
 20:49:28.758 t2058D188E2027FFF5000
 20:49:28.857 t2008306B0A3E0048CA00
 20:49:28.857 t201848FD0A0EF1F1F17B
 20:49:28.857 t20286000002AF2F900F9
 20:49:28.858 t203891BE0A2208F7F9FF
 20:49:28.858 t20480000000000000000
 20:49:28.858 t2058D18822027FFF5000
 20:49:28.957 t2008306D4A3E0048CA00
 20:49:28.957 t201848FD4A0EF1F1F17B
 20:49:28.957 t20286000402AF2F900F9
 20:49:28.957 t2038936A4A2203E805FF
 20:49:28.957 t20480000400000000000
 20:49:28.958 t2058D18862027FFF5000
 20:49:29.057 t200830708A3E0048CA00
 20:49:29.057 t201848FD8A0EF1F1F17B
 20:49:29.057 t20286000802AF2F900F9
 20:49:29.057 t203893C28A223FF7FFFF
 20:49:29.057 t20480000800000000000
 20:49:29.058 t2058D188A2027FFF5000
 20:49:29.156 t20083073CA3E0048CA00
 20:49:29.156 t201848FDCA0EF1F1F17B
 20:49:29.157 t20286000C02AF2F900F9
 20:49:29.157 t203890BDCA220B37FE00
 20:49:29.157 t20480000C00000000000
 20:49:29.157 t2058D188E2027FFF5000
 20:49:29.256 t200830760A3E0048CA00
 20:49:29.256 t201848FD0A0EF1F1F17B
 20:49:29.257 t20286000002AF2F900F9
 20:49:29.257 t203891BE0A2208F7F9FF
 20:49:29.257 t20480000000000000000
 20:49:29.257 t2058D18822027FFF5000
 20:49:29.356 t200830794A3E0048CA00
 20:49:29.356 t201848FD4A0EF1F1F17B
 20:49:29.357 t20286000402AF2F900F9
 20:49:29.357 t2038936A4A2203E805FF
 20:49:29.357 t20480000400000000000
 20:49:29.357 t2058D18862027FFF5000
 20:49:29.456 t2008307B8A3E0048CA00
 20:49:29.456 t201848FD8A0EF1F1F17B
 20:49:29.457 t20286000802AF2F900F9
 20:49:29.457 t203893C28A223FF7FFFF
 20:49:29.457 t20480000800000000000
 20:49:29.457 t2058D188A2027FFF5000
 20:49:29.556 t2008307ECA3E0048CA00
 20:49:29.556 t201848FDCA0EF1F1F17B
 20:49:29.557 t20286000C02AF2F900F9
 20:49:29.557 t203890BDCA220B37FE00
 20:49:29.557 t20480000C00000000000
 20:49:29.557 t2058D188E2027FFF5000
 20:49:29.656 t200830810A3E0048CA00
 20:49:29.656 t201848FD0A0EF1F1F17B
 20:49:29.657 t20286000002AF2F900F9
 20:49:29.657 t203891BE0A2208F7F9FF
 20:49:29.657 t20480000000000000000
 20:49:29.657 t2058D18822027FFF5000
 20:49:29.756 t200830844A3E0048CA00
 20:49:29.756 t201848FD4A0EF1F1F17B
 20:49:29.756 t20286000402AF2F900F9
 20:49:29.757 t2038936A4A2203E805FF
 20:49:29.757 t20480000400000000000
 20:49:29.757 t2058D18862027FFF5000
 20:49:29.856 t200830868A3E0048CA00
 20:49:29.856 t201848FD8A0EF1F1F17B
 20:49:29.856 t20286000802AF2F900F9
 20:49:29.856 t203893C28A223FF7FFFF
 20:49:29.857 t20480000800000000000
 20:49:29.857 t2058D188A2027FFF5000
 20:49:29.956 t20083089CA3E0048CA00
 20:49:29.956 t201848FDCA0EF1F1F17B
 20:49:29.956 t20286000C02AF2F900F9
 20:49:29.956 t203890BDCA220B37FE00
 20:49:29.957 t20480000C00000000000
 20:49:29.957 t2058D188E2027FFF5000
 20:49:30.056 t2008308C0A3E0048CA00
 20:49:30.056 t201848FD0A0EF1F1F17B
 20:49:30.056 t20286000002AF2F900F9
 20:49:30.056 t203891BE0A2208F7F9FF
 20:49:30.056 t20480000000000000000
 20:49:30.057 t2058D18822027FFF5000
 20:49:30.156 t2008308F4A3E0048CA00
 20:49:30.156 t201848FD4A0EF1F1F17B
 20:49:30.156 t20286000402AF2F900F9
 20:49:30.156 t2038936A4A2203E805FF
 20:49:30.156 t20480000400000000000
 20:49:30.157 t2058D18862027FFF5000
 20:49:30.256 t200830928A3E0048CA00
 20:49:30.256 t201848FD8A0EF1F1F17B
 20:49:30.257 t20286000802AF2F900F9
 20:49:30.257 t203893C28A223FF7FFFF
 20:49:30.257 t20480000800000000000
 20:49:30.257 t2058D188A2027FFF5000
 20:49:30.356 t20083094CA3E0048CA00
 20:49:30.356 t201848FDCA0EF1F1F17B
 20:49:30.356 t20286000C02AF2F900F9
 20:49:30.356 t203890BDCA220B37FE00
 20:49:30.357 t20480000C00000000000
 20:49:30.357 t2058D188E2027FFF5000
 20:49:30.456 t200830970A3E0048CA00
 20:49:30.456 t201848FD0A0EF1F1F17B
 20:49:30.457 t20286000002AF2F900F9
 20:49:30.457 t203891BE0A2208F7F9FF
 20:49:30.457 t20480000000000000000
 20:49:30.457 t2058D18822027FFF5000
 20:49:30.556 t2008309A4A3E0048CA00
 20:49:30.556 t201848FD4A0EF1F1F17B
 20:49:30.556 t20286000402AF2F900F9
 20:49:30.556 t2038936A4A2203E805FF
 20:49:30.556 t20480000400000000000
 20:49:30.556 t2058D18862027FFF5000
 20:49:30.656 t2008309D8A3E0048CA00
 20:49:30.656 t201848FD8A0EF1F1F17B
 20:49:30.656 t20286000802AF2F900F9
 20:49:30.656 t203893C28A223FF7FFFF
 20:49:30.656 t20480000800000000000
 20:49:30.656 t2058D188A2027FFF5000
 20:49:30.756 t2008309FCA3E0048CA00
 20:49:30.757 t201848FDCA0EF1F1F17B
 20:49:30.757 t20286000C02AF2F900F9
 20:49:30.757 t203890BDCA220B37FE00
 20:49:30.757 t20480000C00000000000
 20:49:30.757 t2058D188E2027FFF5000
 20:49:30.856 t200830A20A3E0048CA00
 20:49:30.856 t201848FD0A0EF1F1F17B
 20:49:30.856 t20286000002AF2F900F9
 20:49:30.856 t203891BE0A2208F7F9FF
 20:49:30.856 t20480000000000000000
 20:49:30.856 t2058D18822027FFF5000
 20:49:30.956 t200830A54A3E0048CA00
 20:49:30.956 t201848FD4A0EF1F1F17B
 20:49:30.956 t20286000402AF2F900F9
 20:49:30.957 t2038936A4A2203E805FF
 20:49:30.957 t20480000400000000000
 20:49:30.957 t2058D18862027FFF5000
 20:49:31.056 t200830A88A3E0048CA00
 20:49:31.056 t201848FD8A0EF1F1F17B
 20:49:31.056 t20286000802AF2F900F9
 20:49:31.057 t203893C28A223FF7FFFF
 20:49:31.057 t20480000800000000000
 20:49:31.057 t2058D188A2027FFF5000
 20:49:31.156 t200830ABCA3E0048CA00
 20:49:31.156 t201848FDCA0EF1F1F17B
 20:49:31.156 t20286000C02AF2F900F9
 20:49:31.157 t203890BDCA220B37FE00
 20:49:31.157 t20480000C00000000000
 20:49:31.157 t2058D188E2027FFF5000
 20:49:31.256 t200830AD0A3E0048CA00
 20:49:31.256 t201848FD0A0EF1F1F17B
 20:49:31.256 t20286000002AF2F900F9
 20:49:31.256 t203891BE0A2208F7F9FF
 20:49:31.256 t20480000000000000000
 20:49:31.256 t2058D18822027FFF5000
 20:49:31.356 t200830B04A3E0048CA00
 20:49:31.356 t201848FD4A0EF1F1F17B
 20:49:31.356 t20286000402AF2F900F9
 20:49:31.356 t2038936A4A2203E805FF
 20:49:31.356 t20480000400000000000
 20:49:31.356 t2058D18862027FFF5000
 20:49:31.457 t200830B38A3E0048CA00
 20:49:31.457 t201848FD8A0EF1F1F17B
 20:49:31.458 t20286000802AF2F900F9
 20:49:31.458 t203893C28A223FF7FFFF
 20:49:31.458 t20480000800000000000
 20:49:31.458 t2058D188A2027FFF5000
 20:49:31.557 t200830B6CA3E0048CA00
 20:49:31.557 t201848FDCA0EF1F1F17B
 20:49:31.557 t20286000C02AF2F900F9
 20:49:31.558 t203890BDCA220B37FE00
 20:49:31.558 t20480000C00000000000
 20:49:31.558 t2058D188E2027FFF5000
 20:49:31.657 t200830B80A3E0048CA00
 20:49:31.657 t201848FD0A0EF1F1F17B
 20:49:31.657 t20286000002AF2F900F9
 20:49:31.657 t203891BE0A2208F7F9FF
 20:49:31.658 t20480000000000000000
 20:49:31.658 t2058D18822027FFF5000
 20:49:31.757 t200830BB4A3E0048CA00
 20:49:31.757 t201848FD4A0EF1F1F17B
 20:49:31.757 t20286000402AF2F900F9
 20:49:31.758 t2038936A4A2203E805FF
 20:49:31.758 t20480000400000000000
 20:49:31.758 t2058D18862027FFF5000
 20:49:31.857 t200830BE8A3E0048CA00
 20:49:31.857 t201848FD8A0EF1F1F17B
 20:49:31.858 t20286000802AF2F900F9
 20:49:31.858 t203893C28A223FF7FFFF
 20:49:31.858 t20480000800000000000
 20:49:31.859 t2058D188A2027FFF5000
 20:49:31.956 t200830C1CA3E0048CA00
 20:49:31.957 t201848FDCA0EF1F1F17B
 20:49:31.957 t20286000C02AF2F900F9
 20:49:31.957 t203890BDCA220B37FE00
 20:49:31.957 t20480000C00000000000
 20:49:31.957 t2058D188E2027FFF5000
 20:49:32.056 t200830C40A3E0048CA00
 20:49:32.057 t201848FD0A0EF1F1F17B
 20:49:32.057 t20286000002AF2F900F9
 20:49:32.057 t203891BE0A2208F7F9FF
 20:49:32.057 t20480000000000000000
 20:49:32.057 t2058D18822027FFF5000
 20:49:32.157 t200830C64A3E0048CA00
 20:49:32.157 t201848FD4A0EF1F1F17B
 20:49:32.157 t20286000402AF2F900F9
 20:49:32.157 t2038936A4A2203E805FF
 20:49:32.157 t20480000400000000000
 20:49:32.158 t2058D18862027FFF5000
 20:49:32.257 t200830C98A3E0048CA00
 20:49:32.257 t201848FD8A0EF1F1F17B
 20:49:32.257 t20286000802AF2F900F9
 20:49:32.257 t203893C28A223FF7FFFF
 20:49:32.258 t20480000800000000000
 20:49:32.258 t2058D188A2027FFF5000
 20:49:32.357 t200830CCCA3E0048CA00
 20:49:32.357 t201848FDCA0EF1F1F17B
 20:49:32.357 t20286000C02AF2F900F9
 20:49:32.357 t203890BDCA220B37FE00
 20:49:32.357 t20480000C00000000000
 20:49:32.358 t2058D188E2027FFF5000
 20:49:32.456 t200830CF0A3E0048CA00
 20:49:32.457 t201848FD0A0EF1F1F17B
 20:49:32.457 t20286000002AF2F900F9
 20:49:32.457 t203891BE0A2208F7F9FF
 20:49:32.457 t20480000000000000000
 20:49:32.457 t2058D18822027FFF5000
 20:49:32.556 t200830D14A3E0048CA00
 20:49:32.556 t201848FD4A0EF1F1F17B
 20:49:32.556 t20286000402AF2F900F9
 20:49:32.557 t2038936A4A2203E805FF
 20:49:32.557 t20480000400000000000
 20:49:32.557 t2058D18862027FFF5000
 20:49:32.656 t200830D48A3E0048CA00
 20:49:32.656 t201848FD8A0EF1F1F17B
 20:49:32.656 t20286000802AF2F900F9
 20:49:32.657 t203893C28A223FF7FFFF
 20:49:32.657 t20480000800000000000
 20:49:32.657 t2058D188A2027FFF5000
 20:49:32.756 t200830D7CA3E0048CA00
 20:49:32.757 t201848FDCA0EF1F1F17B
 20:49:32.757 t20286000C02AF2F900F9
 20:49:32.757 t203890BDCA220B37FE00
 20:49:32.757 t20480000C00000000000
 20:49:32.757 t2058D188E2027FFF5000
 20:49:32.856 t200830DA0A3E0048CA00
 20:49:32.857 t201848FD0A0EF1F1F17B
 20:49:32.857 t20286000002AF2F900F9
 20:49:32.857 t203891BE0A2208F7F9FF
 20:49:32.857 t20480000000000000000
 20:49:32.857 t2058D18822027FFF5000
 20:49:32.956 t200830DD4A3E0048CA00
 20:49:32.956 t201848FD4A0EF1F1F17B
 20:49:32.957 t20286000402AF2F900F9
 20:49:32.957 t2038936A4A2203E805FF
 20:49:32.957 t20480000400000000000
 20:49:32.957 t2058D18862027FFF5000
 20:49:33.056 t200830DF8A3E0048CA00
 20:49:33.057 t201848FD8A0EF1F1F17B
 20:49:33.057 t20286000802AF2F900F9
 20:49:33.057 t203893C28A223FF7FFFF
 20:49:33.057 t20480000800000000000
 20:49:33.057 t2058D188A2027FFF5000
 20:49:33.156 t200830E2CA3E0048CA00
 20:49:33.156 t201848FDCA0EF1F1F17B
 20:49:33.157 t20286000C02AF2F900F9
 20:49:33.157 t203890BDCA220B37FE00
 20:49:33.157 t20480000C00000000000
 20:49:33.157 t2058D188E2027FFF5000
 20:49:33.256 t200830E50A3E0048CA00
 20:49:33.256 t201848FD0A0EF1F1F17B
 20:49:33.256 t20286000002AF2F900F9
 20:49:33.256 t203891BE0A2208F7F9FF
 20:49:33.256 t20480000000000000000
 20:49:33.257 t2058D18822027FFF5000
 20:49:33.356 t200830E84A3E0048CA00
 20:49:33.356 t201848FD4A0EF1F1F17B
 20:49:33.356 t20286000402AF2F900F9
 20:49:33.356 t2038936A4A2203E805FF
 20:49:33.356 t20480000400000000000
 20:49:33.356 t2058D18862027FFF5000
 20:49:33.456 t200830EA8A3E0048CA00
 20:49:33.456 t201848FD8A0EF1F1F17B
 20:49:33.457 t20286000802AF2F900F9
 20:49:33.457 t203893C28A223FF7FFFF
 20:49:33.457 t20480000800000000000
 20:49:33.457 t2058D188A2027FFF5000
 20:49:33.556 t200830EDCA3E0048CA00
 20:49:33.556 t201848FDCA0EF1F1F17B
 20:49:33.556 t20286000C02AF2F900F9
 20:49:33.556 t203890BDCA220B37FE00
 20:49:33.556 t20480000C00000000000
 20:49:33.557 t2058D188E2027FFF5000
 20:49:33.656 t200830F00A3E0048CA00
 20:49:33.656 t201848FD0A0EF1F1F17B
 20:49:33.657 t20286000002AF2F900F9
 20:49:33.657 t203891BE0A2208F7F9FF
 20:49:33.657 t20480000000000000000
 20:49:33.657 t2058D18822027FFF5000
 20:49:33.756 t200830F34A3E0048CA00
 20:49:33.756 t201848FD4A0EF1F1F17B
 20:49:33.757 t20286000402AF2F900F9
 20:49:33.757 t2038936A4A2203E805FF
 20:49:33.757 t20480000400000000000
 20:49:33.757 t2058D18862027FFF5000
 20:49:33.856 t200830F68A3E0048CA00
 20:49:33.856 t201848FD8A0EF1F1F17B
 20:49:33.856 t20286000802AF2F900F9
 20:49:33.857 t203893C28A223FF7FFFF
 20:49:33.857 t20480000800000000000
 20:49:33.857 t2058D188A2027FFF5000
 20:49:33.956 t200830F8CA3E0048CA00
 20:49:33.956 t201848FDCA0EF1F1F17B
 20:49:33.956 t20286000C02AF2F900F9
 20:49:33.956 t203890BDCA220B37FE00
 20:49:33.956 t20480000C00000000000
 20:49:33.956 t2058D188E2027FFF5000
 20:49:34.056 t200830FB0A3E0048CA00
 20:49:34.056 t201848FD0A0EF1F1F17B
 20:49:34.056 t20286000002AF2F900F9
 20:49:34.056 t203891BE0A2208F7F9FF
 20:49:34.056 t20480000000000000000
 20:49:34.056 t2058D18822027FFF5000
 20:49:34.156 t200830FE4A3E0048CA00
 20:49:34.156 t201848FD4A0EF1F1F17B
 20:49:34.156 t20286000402AF2F900F9
 20:49:34.157 t2038936A4A2203E805FF
 20:49:34.157 t20480000400000000000
 20:49:34.157 t2058D18862027FFF5000
 20:49:34.256 t200831018A3E0048CA00
 20:49:34.256 t201848FD8A0EF1F1F17B
 20:49:34.257 t20286000802AF2F900F9
 20:49:34.257 t203893C28A223FF7FFFF
 20:49:34.257 t20480000800000000000
 20:49:34.257 t2058D188A2027FFF5000
 20:49:34.356 t20083103CA3E0048CA00
 20:49:34.356 t201848FDCA0EF1F1F17B
 20:49:34.357 t20286000C02AF2F900F9
 20:49:34.357 t203890BDCA220B37FE00
 20:49:34.357 t20480000C00000000000
 20:49:34.357 t2058D188E2027FFF5000
 20:49:34.456 t200831060A3E0048CA00
 20:49:34.456 t201848FD0A0EF1F1F17B
 20:49:34.456 t20286000002AF2F900F9
 20:49:34.457 t203891BE0A2208F7F9FF
 20:49:34.457 t20480000000000000000
 20:49:34.457 t2058D18822027FFF5000
 20:49:34.556 t200831094A3E0048CA00
 20:49:34.556 t201848FD4A0EF1F1F17B
 20:49:34.556 t20286000402AF2F900F9
 20:49:34.556 t2038936A4A2203E805FF
 20:49:34.556 t20480000400000000000
 20:49:34.556 t2058D18862027FFF5000
 20:49:34.657 t2008310C8A3E0048CA00
 20:49:34.657 t201848FD8A0EF1F1F17B
 20:49:34.657 t20286000802AF2F900F9
 20:49:34.657 t203893C28A223FF7FFFF
 20:49:34.657 t20480000800000000000
 20:49:34.657 t2058D188A2027FFF5000
 20:49:34.756 t2008310FCA3E0048CA00
 20:49:34.756 t201848FDCA0EF1F1F17B
 20:49:34.756 t20286000C02AF2F900F9
 20:49:34.756 t203890BDCA220B37FE00
 20:49:34.757 t20480000C00000000000
 20:49:34.757 t2058D188E2027FFF5000
 20:49:34.857 t200831110A3E0048CA00
 20:49:34.857 t201848FD0A0EF1F1F17B
 20:49:34.857 t20286000002AF2F900F9
 20:49:34.858 t203891BE0A2208F7F9FF
 20:49:34.858 t20480000000000000000
 20:49:34.859 t2058D18822027FFF5000
 20:49:34.957 t200831144A3E0048CA00
 20:49:34.957 t201848FD4A0EF1F1F17B
 20:49:34.957 t20286000402AF2F900F9
 20:49:34.958 t2038936A4A2203E805FF
 20:49:34.958 t20480000400000000000
 20:49:34.958 t2058D18862027FFF5000
 20:49:35.057 t200831178A3E0048CA00
 20:49:35.057 t201848FD8A0EF1F1F17B
 20:49:35.057 t20286000802AF2F900F9
 20:49:35.058 t203893C28A223FF7FFFF
 20:49:35.058 t20480000800000000000
 20:49:35.058 t2058D188A2027FFF5000
 20:49:35.157 t2008311ACA3E0048CA00
 20:49:35.157 t201848FDCA0EF1F1F17B
 20:49:35.157 t20286000C02AF2F900F9
 20:49:35.158 t203890BDCA220B37FE00
 20:49:35.158 t20480000C00000000000
 20:49:35.158 t2058D188E2027FFF5000
 20:49:35.256 t2008311C0A3E0048CA00
 20:49:35.257 t201848FD0A0EF1F1F17B
 20:49:35.257 t20286000002AF2F900F9
 20:49:35.257 t203891BE0A2208F7F9FF
 20:49:35.257 t20480000000000000000
 20:49:35.257 t2058D18822027FFF5000
 20:49:35.356 t2008311F4A3E0048CA00
 20:49:35.357 t201848FD4A0EF1F1F17B
 20:49:35.357 t20286000402AF2F900F9
 20:49:35.357 t2038936A4A2203E805FF
 20:49:35.357 t20480000400000000000
 20:49:35.357 t2058D18862027FFF5000
 20:49:35.457 t200831228A3E0048CA00
 20:49:35.457 t201848FD8A0EF1F1F17B
 20:49:35.457 t20286000802AF2F900F9
 20:49:35.457 t203893C28A223FF7FFFF
 20:49:35.458 t20480000800000000000
 20:49:35.458 t2058D188A2027FFF5000
 20:49:35.557 t20083125CA3E0048CA00
 20:49:35.557 t201848FDCA0EF1F1F17B
 20:49:35.557 t20286000C02AF2F900F9
 20:49:35.557 t203890BDCA220B37FE00
 20:49:35.558 t20480000C00000000000
 20:49:35.558 t2058D188E2027FFF5000
 20:49:35.656 t200831280A3E0048CA00
 20:49:35.657 t201848FD0A0EF1F1F17B
 20:49:35.657 t20286000002AF2F900F9
 20:49:35.657 t203891BE0A2208F7F9FF
 20:49:35.658 t20480000000000000000
 20:49:35.658 t2058D18822027FFF5000
 20:49:35.757 t2008312A4A3E0048CA00
 20:49:35.757 t201848FD4A0EF1F1F17B
 20:49:35.757 t20286000402AF2F900F9
 20:49:35.757 t2038936A4A2203E805FF
 20:49:35.758 t20480000400000000000
 20:49:35.758 t2058D18862027FFF5000
 20:49:35.856 t2008312D8A3E0048CA00
 20:49:35.856 t201848FD8A0EF1F1F17B
 20:49:35.857 t20286000802AF2F900F9
 20:49:35.857 t203893C28A223FF7FFFF
 20:49:35.857 t20480000800000000000
 20:49:35.857 t2058D188A2027FFF5000
 20:49:35.956 t20083130CA3E0048CA00
 20:49:35.956 t201848FDCA0EF1F1F17B
 20:49:35.957 t20286000C02AF2F900F9
 20:49:35.957 t203890BDCA220B37FE00
 20:49:35.957 t20480000C00000000000
 20:49:35.957 t2058D188E2027FFF5000
 20:49:36.057 t200831330A3E0048CA00
 20:49:36.057 t201848FD0A0EF1F1F17B
 20:49:36.057 t20286000002AF2F900F9
 20:49:36.057 t203891BE0A2208F7F9FF
 20:49:36.058 t20480000000000000000
 20:49:36.058 t2058D18822027FFF5000
 20:49:36.157 t200831354A3E0048CA00
 20:49:36.157 t201848FD4A0EF1F1F17B
 20:49:36.157 t20286000402AF2F900F9
 20:49:36.157 t2038936A4A2203E805FF
 20:49:36.158 t20480000400000000000
 20:49:36.158 t2058D18862027FFF5000
 20:49:36.257 t200831388A3E0048CA00
 20:49:36.257 t201848FD8A0EF1F1F17B
 20:49:36.257 t20286000802AF2F900F9
 20:49:36.257 t203893C28A223FF7FFFF
 20:49:36.258 t20480000800000000000
 20:49:36.258 t2058D188A2027FFF5000
 20:49:36.356 t2008313BCA3E0048CA00
 20:49:36.357 t201848FDCA0EF1F1F17B
 20:49:36.357 t20286000C02AF2F900F9
 20:49:36.357 t203890BDCA220B37FE00
 20:49:36.358 t20480000C00000000000
 20:49:36.358 t2058D188E2027FFF5000
 20:49:36.456 t2008313E0A3E0048CA00
 20:49:36.457 t201848FD0A0EF1F1F17B
 20:49:36.457 t20286000002AF2F900F9
 20:49:36.457 t203891BE0A2208F7F9FF
 20:49:36.458 t20480000000000000000
 20:49:36.458 t2058D18822027FFF5000
 20:49:36.556 t200831414A3E0048CA00
 20:49:36.556 t201848FD4A0EF1F1F17B
 20:49:36.556 t20286000402AF2F900F9
 20:49:36.557 t2038936A4A2203E805FF
 20:49:36.557 t20480000400000000000
 20:49:36.557 t2058D18862027FFF5000
 20:49:36.656 t200831438A3E0048CA00
 20:49:36.656 t201848FD8A0EF1F1F17B
 20:49:36.656 t20286000802AF2F900F9
 20:49:36.656 t203893C28A223FF7FFFF
 20:49:36.657 t20480000800000000000
 20:49:36.657 t2058D188A2027FFF5000
 20:49:36.756 t20083146CA3E0048CA00
 20:49:36.756 t201848FDCA0EF1F1F17B
 20:49:36.756 t20286000C02AF2F900F9
 20:49:36.757 t203890BDCA220B37FE00
 20:49:36.757 t20480000C00000000000
 20:49:36.757 t2058D188E2027FFF5000
 20:49:36.856 t200831490A3E0048CA00
 20:49:36.857 t201848FD0A0EF1F1F17B
 20:49:36.857 t20286000002AF2F900F9
 20:49:36.857 t203891BE0A2208F7F9FF
 20:49:36.858 t20480000000000000000
 20:49:36.858 t2058D18822027FFF5000
 20:49:36.956 t2008314C4A3E0048CA00
 20:49:36.956 t201848FD4A0EF1F1F17B
 20:49:36.957 t20286000402AF2F900F9
 20:49:36.957 t2038936A4A2203E805FF
 20:49:36.957 t20480000400000000000
 20:49:36.958 t2058D18862027FFF5000
 20:49:37.056 t2008314E8A3E0048CA00
 20:49:37.056 t201848FD8A0EF1F1F17B
 20:49:37.057 t20286000802AF2F900F9
 20:49:37.057 t203893C28A223FF7FFFF
 20:49:37.058 t20480000800000000000
 20:49:37.058 t2058D188A2027FFF5000
 20:49:37.156 t20083151CA3E0048CA00
 20:49:37.156 t201848FDCA0EF1F1F17B
 20:49:37.157 t20286000C02AF2F900F9
 20:49:37.157 t203890BDCA220B37FE00
 20:49:37.157 t20480000C00000000000
 20:49:37.158 t2058D188E2027FFF5000
 20:49:37.256 t200831540A3E0048CA00
 20:49:37.256 t201848FD0A0EF1F1F17B
 20:49:37.256 t20286000002AF2F900F9
 20:49:37.256 t203891BE0A2208F7F9FF
 20:49:37.256 t20480000000000000000
 20:49:37.257 t2058D18822027FFF5000
 20:49:37.356 t200831574A3E0048CA00
 20:49:37.356 t201848FD4A0EF1F1F17B
 20:49:37.356 t20286000402AF2F900F9
 20:49:37.356 t2038936A4A2203E805FF
 20:49:37.356 t20480000400000000000
 20:49:37.356 t2058D18862027FFF5000
 20:49:37.456 t2008315A8A3E0048CA00
 20:49:37.456 t201848FD8A0EF1F1F17B
 20:49:37.457 t20286000802AF2F900F9
 20:49:37.457 t203893C28A223FF7FFFF
 20:49:37.457 t20480000800000000000
 20:49:37.458 t2058D188A2027FFF5000
 20:49:37.556 t2008315CCA3E0048CA00
 20:49:37.556 t201848FDCA0EF1F1F17B
 20:49:37.557 t20286000C02AF2F900F9
 20:49:37.557 t203890BDCA220B37FE00
 20:49:37.557 t20480000C00000000000
 20:49:37.557 t2058D188E2027FFF5000
 20:49:37.656 t2008315F0A3E0048CA00
 20:49:37.656 t201848FD0A0EF1F1F17B
 20:49:37.657 t20286000002AF2F900F9
 20:49:37.657 t203891BE0A2208F7F9FF
 20:49:37.657 t20480000000000000000
 20:49:37.658 t2058D18822027FFF5000
 20:49:37.756 t200831624A3E0048CA00
 20:49:37.756 t201848FD4A0EF1F1F17B
 20:49:37.757 t20286000402AF2F900F9
 20:49:37.757 t2038936A4A2203E805FF
 20:49:37.757 t20480000400000000000
 20:49:37.758 t2058D18862027FFF5000
 20:49:37.856 t200831658A3E0048CA00
 20:49:37.856 t201848FD8A0EF1F1F17B
 20:49:37.856 t20286000802AF2F900F9
 20:49:37.856 t203893C28A223FF7FFFF
 20:49:37.856 t20480000800000000000
 20:49:37.856 t2058D188A2027FFF5000
 20:49:37.956 t20083167CA3E0048CA00
 20:49:37.956 t201848FDCA0EF1F1F17B
 20:49:37.956 t20286000C02AF2F900F9
 20:49:37.956 t203890BDCA220B37FE00
 20:49:37.956 t20480000C00000000000
 20:49:37.956 t2058D188E2027FFF5000
 20:49:38.056 t2008316A0A3E0048CA00
 20:49:38.056 t201848FD0A0EF1F1F17B
 20:49:38.056 t20286000002AF2F900F9
 20:49:38.056 t203891BE0A2208F7F9FF
 20:49:38.056 t20480000000000000000
 20:49:38.056 t2058D18822027FFF5000
 20:49:38.156 t2008316D4A3E0048CA00
 20:49:38.156 t201848FD4A0EF1F1F17B
 20:49:38.157 t20286000402AF2F900F9
 20:49:38.157 t2038936A4A2203E805FF
 20:49:38.157 t20480000400000000000
 20:49:38.158 t2058D18862027FFF5000
 20:49:38.256 t200831708A3E0048CA00
 20:49:38.256 t201848FD8A0EF1F1F17B
 20:49:38.256 t20286000802AF2F900F9
 20:49:38.257 t203893C28A223FF7FFFF
 20:49:38.257 t20480000800000000000
 20:49:38.258 t2058D188A2027FFF5000
 20:49:38.356 t20083173CA3E0048CA00
 20:49:38.356 t201848FDCA0EF1F1F17B
 20:49:38.356 t20286000C02AF2F900F9
 20:49:38.356 t203890BDCA220B37FE00
 20:49:38.357 t20480000C00000000000
 20:49:38.357 t2058D188E2027FFF5000
 20:49:38.456 t200831750A3E0048CA00
 20:49:38.456 t201848FD0A0EF1F1F17B
 20:49:38.456 t20286000002AF2F900F9
 20:49:38.457 t203891BE0A2208F7F9FF
 20:49:38.457 t20480000000000000000
 20:49:38.457 t2058D18822027FFF5000
 20:49:38.556 t200831784A3E0048CA00
 20:49:38.556 t201848FD4A0EF1F1F17B
 20:49:38.556 t20286000402AF2F900F9
 20:49:38.556 t2038936A4A2203E805FF
 20:49:38.556 t20480000400000000000
 20:49:38.557 t2058D18862027FFF5000
 20:49:38.656 t2008317B8A3E0048CA00
 20:49:38.656 t201848FD8A0EF1F1F17B
 20:49:38.656 t20286000802AF2F900F9
 20:49:38.656 t203893C28A223FF7FFFF
 20:49:38.656 t20480000800000000000
 20:49:38.656 t2058D188A2027FFF5000
 20:49:38.756 t2008317ECA3E0048CA00
 20:49:38.756 t201848FDCA0EF1F1F17B
 20:49:38.756 t20286000C02AF2F900F9
 20:49:38.757 t203890BDCA220B37FE00
 20:49:38.757 t20480000C00000000000
 20:49:38.757 t2058D188E2027FFF5000
 20:49:38.856 t200831800A3E0048CA00
 20:49:38.856 t201848FD0A0EF1F1F17B
 20:49:38.856 t20286000002AF2F900F9
 20:49:38.857 t203891BE0A2208F7F9FF
 20:49:38.858 t20480000000000000000
 20:49:38.858 t2058D18822027FFF5000
 20:49:38.956 t200831834A3E0048CA00
 20:49:38.956 t201848FD4A0EF1F1F17B
 20:49:38.956 t20286000402AF2F900F9
 20:49:38.957 t2038936A4A2203E805FF
 20:49:38.957 t20480000400000000000
 20:49:38.957 t2058D18862027FFF5000
 20:49:39.056 t200831868A3E0048CA00
 20:49:39.056 t201848FD8A0EF1F1F17B
 20:49:39.056 t20286000802AF2F900F9
 20:49:39.056 t203893C28A223FF7FFFF
 20:49:39.057 t20480000800000000000
 20:49:39.057 t2058D188A2027FFF5000
 20:49:39.156 t20083189CA3E0048CA00
 20:49:39.156 t201848FDCA0EF1F1F17B
 20:49:39.156 t20286000C02AF2F900F9
 20:49:39.157 t203890BDCA220B37FE00
 20:49:39.157 t20480000C00000000000
 20:49:39.157 t2058D188E2027FFF5000
 20:49:39.257 t2008318C0A3E0048CA00
 20:49:39.257 t201848FD0A0EF1F1F17B
 20:49:39.257 t20286000002AF2F900F9
 20:49:39.257 t203891BE0A2208F7F9FF
 20:49:39.258 t20480000000000000000
 20:49:39.258 t2058D18822027FFF5000
 20:49:39.357 t2008318E4A3E0048CA00
 20:49:39.358 t201848FD4A0EF1F1F17B
 20:49:39.358 t20286000402AF2F900F9
 20:49:39.358 t2038936A4A2203E805FF
 20:49:39.358 t20480000400000000000
 20:49:39.358 t2058D18862027FFF5000
 20:49:39.458 t200831918A3E0048CA00
 20:49:39.458 t201848FD8A0EF1F1F17B
 20:49:39.458 t20286000802AF2F900F9
 20:49:39.458 t203893C28A223FF7FFFF
 20:49:39.458 t20480000800000000000
 20:49:39.459 t2058D188A2027FFF5000
 20:49:39.557 t20083194CA3E0048CA00
 20:49:39.557 t201848FDCA0EF1F1F17B
 20:49:39.558 t20286000C02AF2F900F9
 20:49:39.558 t203890BDCA220B37FE00
 20:49:39.558 t20480000C00000000000
 20:49:39.558 t2058D188E2027FFF5000
 20:49:39.657 t200831970A3E0048CA00
 20:49:39.657 t201848FD0A0EF1F1F17B
 20:49:39.657 t20286000002AF2F900F9
 20:49:39.657 t203891BE0A2208F7F9FF
 20:49:39.658 t20480000000000000000
 20:49:39.658 t2058D18822027FFF5000
 20:49:39.757 t200831994A3E0048CA00
 20:49:39.757 t201848FD4A0EF1F1F17B
 20:49:39.757 t20286000402AF2F900F9
 20:49:39.757 t2038936A4A2203E805FF
 20:49:39.757 t20480000400000000000
 20:49:39.758 t2058D18862027FFF5000
 20:49:39.857 t2008319C8A3E0048CA00
 20:49:39.857 t201848FD8A0EF1F1F17B
 20:49:39.857 t20286000802AF2F900F9
 20:49:39.857 t203893C28A223FF7FFFF
 20:49:39.858 t20480000800000000000
 20:49:39.858 t2058D188A2027FFF5000
 20:49:39.957 t2008319FCA3E0048CA00
 20:49:39.957 t201848FDCA0EF1F1F17B
 20:49:39.957 t20286000C02AF2F900F9
 20:49:39.957 t203890BDCA220B37FE00
 20:49:39.957 t20480000C00000000000
 20:49:39.957 t2058D188E2027FFF5000
 20:49:40.057 t200831A20A3E0048CA00
 20:49:40.057 t201848FD0A0EF1F1F17B
 20:49:40.057 t20286000002AF2F900F9
 20:49:40.057 t203891BE0A2208F7F9FF
 20:49:40.057 t20480000000000000000
 20:49:40.057 t2058D18822027FFF5000
 20:49:40.157 t200831A54A3E0048CA00
 20:49:40.157 t201848FD4A0EF1F1F17B
 20:49:40.157 t20286000402AF2F900F9
 20:49:40.158 t2038936A4A2203E805FF
 20:49:40.158 t20480000400000000000
 20:49:40.158 t2058D18862027FFF5000
 20:49:40.257 t200831A78A3E0048CA00
 20:49:40.257 t201848FD8A0EF1F1F17B
 20:49:40.257 t20286000802AF2F900F9
 20:49:40.258 t203893C28A223FF7FFFF
 20:49:40.258 t20480000800000000000
 20:49:40.258 t2058D188A2027FFF5000
 20:49:40.357 t200831AACA3E0048CA00
 20:49:40.357 t201848FDCA0EF1F1F17B
 20:49:40.357 t20286000C02AF2F900F9
 20:49:40.358 t203890BDCA220B37FE00
 20:49:40.358 t20480000C00000000000
 20:49:40.358 t2058D188E2027FFF5000
 20:49:40.457 t200831AD0A3E0048CA00
 20:49:40.457 t201848FD0A0EF1F1F17B
 20:49:40.457 t20286000002AF2F900F9
 20:49:40.458 t203891BE0A2208F7F9FF
 20:49:40.458 t20480000000000000000
 20:49:40.458 t2058D18822027FFF5000
 20:49:40.557 t200831B04A3E0048CA00
 20:49:40.557 t201848FD4A0EF1F1F17B
 20:49:40.557 t20286000402AF2F900F9
 20:49:40.557 t2038936A4A2203E805FF
 20:49:40.557 t20480000400000000000
 20:49:40.557 t2058D18862027FFF5000
 20:49:40.657 t200831B28A3E0048CA00
 20:49:40.657 t201848FD8A0EF1F1F17B
 20:49:40.657 t20286000802AF2F900F9
 20:49:40.657 t203893C28A223FF7FFFF
 20:49:40.657 t20480000800000000000
 20:49:40.657 t2058D188A2027FFF5000
 20:49:40.756 t200831B5CA3E0048CA00
 20:49:40.756 t201848FDCA0EF1F1F17B
 20:49:40.757 t20286000C02AF2F900F9
 20:49:40.757 t203890BDCA220B37FE00
 20:49:40.757 t20480000C00000000000
 20:49:40.757 t2058D188E2027FFF5000
 20:49:40.857 t200831B80A3E0048CA00
 20:49:40.857 t201848FD0A0EF1F1F17B
 20:49:40.858 t20286000002AF2F900F9
 20:49:40.858 t203891BE0A2208F7F9FF
 20:49:40.858 t20480000000000000000
 20:49:40.858 t2058D18822027FFF5000
 20:49:40.957 t200831BB4A3E0048CA00
 20:49:40.957 t201848FD4A0EF1F1F17B
 20:49:40.957 t20286000402AF2F900F9
 20:49:40.958 t2038936A4A2203E805FF
 20:49:40.958 t20480000400000000000
 20:49:40.958 t2058D18862027FFF5000
 20:49:41.057 t200831BE8A3E0048CA00
 20:49:41.057 t201848FD8A0EF1F1F17B
 20:49:41.058 t20286000802AF2F900F9
 20:49:41.058 t203893C28A223FF7FFFF
 20:49:41.058 t20480000800000000000
 20:49:41.058 t2058D188A2027FFF5000
 20:49:41.157 t200831C0CA3E0048CA00
 20:49:41.157 t201848FDCA0EF1F1F17B
 20:49:41.157 t20286000C02AF2F900F9
 20:49:41.158 t203890BDCA220B37FE00
 20:49:41.158 t20480000C00000000000
 20:49:41.158 t2058D188E2027FFF5000
 20:49:41.256 t200831C30A3E0048CA00
 20:49:41.256 t201848FD0A0EF1F1F17B
 20:49:41.257 t20286000002AF2F900F9
 20:49:41.257 t203891BE0A2208F7F9FF
 20:49:41.257 t20480000000000000000
 20:49:41.257 t2058D18822027FFF5000
 20:49:41.356 t200831C64A3E0048CA00
 20:49:41.356 t201848FD4A0EF1F1F17B
 20:49:41.357 t20286000402AF2F900F9
 20:49:41.357 t2038936A4A2203E805FF
 20:49:41.357 t20480000400000000000
 20:49:41.357 t2058D18862027FFF5000
 20:49:41.457 t200831C88A3E0048CA00
 20:49:41.457 t201848FD8A0EF1F1F17B
 20:49:41.457 t20286000802AF2F900F9
 20:49:41.457 t203893C28A223FF7FFFF
 20:49:41.458 t20480000800000000000
 20:49:41.458 t2058D188A2027FFF5000
 20:49:41.556 t200831CBCA3E0048CA00
 20:49:41.557 t201848FDCA0EF1F1F17B
 20:49:41.557 t20286000C02AF2F900F9
 20:49:41.557 t203890BDCA220B37FE00
 20:49:41.558 t20480000C00000000000
 20:49:41.558 t2058D188E2027FFF5000
 20:49:41.656 t200831CE0A3E0048CA00
 20:49:41.657 t201848FD0A0EF1F1F17B
 20:49:41.657 t20286000002AF2F900F9
 20:49:41.657 t203891BE0A2208F7F9FF
 20:49:41.658 t20480000000000000000
 20:49:41.658 t2058D18822027FFF5000
 20:49:41.756 t200831D14A3E0048CA00
 20:49:41.756 t201848FD4A0EF1F1F17B
 20:49:41.756 t20286000402AF2F900F9
 20:49:41.756 t2038936A4A2203E805FF
 20:49:41.757 t20480000400000000000
 20:49:41.757 t2058D18862027FFF5000
 20:49:41.857 t200831D48A3E0048CA00
 20:49:41.857 t201848FD8A0EF1F1F17B
 20:49:41.857 t20286000802AF2F900F9
 20:49:41.857 t203893C28A223FF7FFFF
 20:49:41.858 t20480000800000000000
 20:49:41.858 t2058D188A2027FFF5000
 20:49:41.956 t200831D6CA3E0048CA00
 20:49:41.956 t201848FDCA0EF1F1F17B
 20:49:41.956 t20286000C02AF2F900F9
 20:49:41.956 t203890BDCA220B37FE00
 20:49:41.956 t20480000C00000000000
 20:49:41.956 t2058D188E2027FFF5000
 20:49:42.056 t200831D90A3E0048CA00
 20:49:42.056 t201848FD0A0EF1F1F17B
 20:49:42.056 t20286000002AF2F900F9
 20:49:42.056 t203891BE0A2208F7F9FF
 20:49:42.057 t20480000000000000000
 20:49:42.057 t2058D18822027FFF5000
 20:49:42.156 t200831DC4A3E0048CA00
 20:49:42.156 t201848FD4A0EF1F1F17B
 20:49:42.156 t20286000402AF2F900F9
 20:49:42.156 t2038936A4A2203E805FF
 20:49:42.156 t20480000400000000000
 20:49:42.157 t2058D18862027FFF5000
 20:49:42.256 t200831DF8A3E0048CA00
 20:49:42.257 t201848FD8A0EF1F1F17B
 20:49:42.257 t20286000802AF2F900F9
 20:49:42.257 t203893C28A223FF7FFFF
 20:49:42.258 t20480000800000000000
 20:49:42.258 t2058D188A2027FFF5000
 20:49:42.357 t200831E1CA3E0048CA00
 20:49:42.357 t201848FDCA0EF1F1F17B
 20:49:42.357 t20286000C02AF2F900F9
 20:49:42.357 t203890BDCA220B37FE00
 20:49:42.357 t20480000C00000000000
 20:49:42.358 t2058D188E2027FFF5000
 20:49:42.457 t200831E40A3E0048CA00
 20:49:42.457 t201848FD0A0EF1F1F17B
 20:49:42.457 t20286000002AF2F900F9
 20:49:42.457 t203891BE0A2208F7F9FF
 20:49:42.457 t20480000000000000000
 20:49:42.458 t2058D18822027FFF5000
 20:49:42.556 t200831E74A3E0048CA00
 20:49:42.557 t201848FD4A0EF1F1F17B
 20:49:42.557 t20286000402AF2F900F9
 20:49:42.557 t2038936A4A2203E805FF
 20:49:42.557 t20480000400000000000
 20:49:42.557 t2058D18862027FFF5000
 20:49:42.656 t200831EA8A3E0048CA00
 20:49:42.656 t201848FD8A0EF1F1F17B
 20:49:42.656 t20286000802AF2F900F9
 20:49:42.656 t203893C28A223FF7FFFF
 20:49:42.656 t20480000800000000000
 20:49:42.656 t2058D188A2027FFF5000
 20:49:42.756 t200831EDCA3E0048CA00
 20:49:42.756 t201848FDCA0EF1F1F17B
 20:49:42.757 t20286000C02AF2F900F9
 20:49:42.757 t203890BDCA220B37FE00
 20:49:42.757 t20480000C00000000000
 20:49:42.757 t2058D188E2027FFF5000
 20:49:42.856 t200831EF0A3E0048CA00
 20:49:42.856 t201848FD0A0EF1F1F17B
 20:49:42.856 t20286000002AF2F900F9
 20:49:42.856 t203891BE0A2208F7F9FF
 20:49:42.857 t20480000000000000000
 20:49:42.857 t2058D18822027FFF5000
 20:49:42.956 t200831F24A3E0048CA00
 20:49:42.956 t201848FD4A0EF1F1F17B
 20:49:42.957 t20286000402AF2F900F9
 20:49:42.957 t2038936A4A2203E805FF
 20:49:42.957 t20480000400000000000
 20:49:42.958 t2058D18862027FFF5000
 20:49:43.056 t200831F58A3E0048CA00
 20:49:43.056 t201848FD8A0EF1F1F17B
 20:49:43.056 t20286000802AF2F900F9
 20:49:43.057 t203893C28A223FF7FFFF
 20:49:43.057 t20480000800000000000
 20:49:43.057 t2058D188A2027FFF5000
 20:49:43.156 t200831F8CA3E0048CA00
 20:49:43.156 t201848FDCA0EF1F1F17B
 20:49:43.156 t20286000C02AF2F900F9
 20:49:43.156 t203893C2CA2011B7FE00
 20:49:43.156 t20480000C00000000000
 20:49:43.157 t2058D188E2027FFF5000
 20:49:43.256 t200831FA0A3E0048CA00
 20:49:43.256 t201848FD0A0EF1F1F17B
 20:49:43.257 t20286000002AF2F900F9
 20:49:43.257 t203895910A203FF7FFFF
 20:49:43.257 t20480000000000000000
 20:49:43.257 t2058D18822027FFF5000
 20:49:43.356 t200831FD4A3E0048CA00
 20:49:43.356 t201848FD4A0EF1F1F17B
 20:49:43.357 t20286000402AF2F900F9
 20:49:43.357 t203891BE4A2208F7F9FF
 20:49:43.357 t20480000400000000000
 20:49:43.357 t2058D18862027FFF5000
 20:49:43.457 t200832008A3E0048CA00
 20:49:43.457 t201848FD8A0EF1F1F17B
 20:49:43.457 t20286000802AF2F900F9
 20:49:43.457 t2038936A8A2203E805FF
 20:49:43.458 t20480000800000000000
 20:49:43.458 t2058D188A2027FFF5000
 20:49:43.557 t20083203CA3E0048CA00
 20:49:43.557 t201848FDCA0EF1F1F17B
 20:49:43.557 t20286000C02AF2F900F9
 20:49:43.558 t203893C2CA2211B7FE00
 20:49:43.558 t20480000C00000000000
 20:49:43.558 t2058D188E2027FFF5000
 20:49:43.657 t200832060A3E0048CA00
 20:49:43.657 t201848FD0A0EF1F1F17B
 20:49:43.657 t20286000002AF2F900F9
 20:49:43.657 t203895910A223FF7FFFF
 20:49:43.657 t20480000000000000000
 20:49:43.658 t2058D18822027FFF5000
 20:49:43.756 t200832084A3E0048CA00
 20:49:43.757 t201848FD4A0EF1F1F17B
 20:49:43.757 t20286000402AF2F900F9
 20:49:43.757 t203891BE4A2208F7F9FF
 20:49:43.757 t20480000400000000000
 20:49:43.757 t2058D18862027FFF5000
 20:49:43.856 t2008320B8A3E0048CA00
 20:49:43.856 t201848FD8A0EF1F1F17B
 20:49:43.857 t20286000802AF2F900F9
 20:49:43.857 t2038936A8A2203E805FF
 20:49:43.857 t20480000800000000000
 20:49:43.857 t2058D188A2027FFF5000
 20:49:43.956 t2008320ECA3E0048CA00
 20:49:43.956 t201848FDCA0EF1F1F17B
 20:49:43.956 t20286000C02AF2F900F9
 20:49:43.957 t203893C2CA2211B7FE00
 20:49:43.957 t20480000C00000000000
 20:49:43.957 t2058D188E2027FFF5000
 20:49:44.056 t200832110A3E0048CA00
 20:49:44.056 t201848FD0A0EF1F1F17B
 20:49:44.056 t20286000002AF2F900F9
 20:49:44.056 t203895910A223FF7FFFF
 20:49:44.057 t20480000000000000000
 20:49:44.057 t2058D18822027FFF5000
 20:49:44.156 t200832134A3E0048CA00
 20:49:44.157 t201848FD4A0EF1F1F17B
 20:49:44.157 t20286000402AF2F900F9
 20:49:44.157 t203891BE4A2208F7F9FF
 20:49:44.157 t20480000400000000000
 20:49:44.157 t2058D18862027FFF5000
 20:49:44.256 t200832168A3E0048CA00
 20:49:44.257 t201848FD8A0EF1F1F17B
 20:49:44.257 t20286000802AF2F900F9
 20:49:44.257 t2038936A8A2203E805FF
 20:49:44.257 t20480000800000000000
 20:49:44.257 t2058D188A2027FFF5000
 20:49:44.356 t20083219CA3E0048CA00
 20:49:44.356 t201848FDCA0EF1F1F17B
 20:49:44.356 t20286000C02AF2F900F9
 20:49:44.356 t203893C2CA2211B7FE00
 20:49:44.357 t20480000C00000000000
 20:49:44.357 t2058D188E2027FFF5000
 20:49:44.456 t2008321C0A3E0048CA00
 20:49:44.457 t201848FD0A0EF1F1F17B
 20:49:44.457 t20286000002AF2F900F9
 20:49:44.457 t203895910A223FF7FFFF
 20:49:44.457 t20480000000000000000
 20:49:44.457 t2058D18822027FFF5000
 20:49:44.556 t2008321F4A3E0048CA00
 20:49:44.556 t201848FD4A0EF1F1F17B
 20:49:44.556 t20286000402AF2F900F9
 20:49:44.556 t203891BE4A2208F7F9FF
 20:49:44.557 t20480000400000000000
 20:49:44.557 t2058D18862027FFF5000
 20:49:44.656 t200832218A3E0048CA00
 20:49:44.656 t201848FD8A0EF1F1F17B
 20:49:44.656 t20286000802AF2F900F9
 20:49:44.656 t2038936A8A2203E805FF
 20:49:44.656 t20480000800000000000
 20:49:44.657 t2058D188A2027FFF5000
 20:49:44.756 t20083224CA3E0048CA00
 20:49:44.756 t201848FDCA0EF1F1F17B
 20:49:44.757 t20286000C02AF2F900F9
 20:49:44.757 t203893C2CA2211B7FE00
 20:49:44.757 t20480000C00000000000
 20:49:44.757 t2058D188E2027FFF5000
 20:49:44.856 t200832270A3E0048CA00
 20:49:44.856 t201848FD0A0EF1F1F17B
 20:49:44.856 t20286000002AF2F900F9
 20:49:44.856 t203895910A223FF7FFFF
 20:49:44.856 t20480000000000000000
 20:49:44.857 t2058D18822027FFF5000
 20:49:44.956 t2008322A4A3E0048CA00
 20:49:44.957 t201848FD4A0EF1F1F17B
 20:49:44.957 t20286000402AF2F900F9
 20:49:44.957 t203891BE4A2208F7F9FF
 20:49:44.957 t20480000400000000000
 20:49:44.957 t2058D18862027FFF5000
 20:49:45.056 t2008322C8A3E0048CA00
 20:49:45.056 t201848FD8A0EF1F1F17B
 20:49:45.057 t20286000802AF2F900F9
 20:49:45.057 t2038936A8A2203E805FF
 20:49:45.057 t20480000800000000000
 20:49:45.057 t2058D188A2027FFF5000
 20:49:45.156 t2008322FCA3E0048CA00
 20:49:45.156 t201848FDCA0EF1F1F17B
 20:49:45.157 t20286000C02AF2F900F9
 20:49:45.157 t203893C2CA2211B7FE00
 20:49:45.157 t20480000C00000000000
 20:49:45.157 t2058D188E2027FFF5000
 20:49:45.256 t200832320A3E0048CA00
 20:49:45.256 t201848FD0A0EF1F1F17B
 20:49:45.256 t20286000002AF2F900F9
 20:49:45.256 t203895910A223FF7FFFF
 20:49:45.256 t20480000000000000000
 20:49:45.256 t2058D18822027FFF5000
 20:49:45.356 t200832354A3E0048CA00
 20:49:45.356 t201848FD4A0EF1F1F17B
 20:49:45.356 t20286000402AF2F900F9
 20:49:45.356 t203891BE4A2208F7F9FF
 20:49:45.356 t20480000400000000000
 20:49:45.356 t2058D18862027FFF5000
 20:49:45.456 t200832388A3E0048CA00
 20:49:45.456 t201848FD8A0EF1F1F17B
 20:49:45.456 t20286000802AF2F900F9
 20:49:45.457 t2038936A8A2203E805FF
 20:49:45.457 t20480000800000000000
 20:49:45.457 t2058D188A2027FFF5000
 20:49:45.556 t2008323ACA3E0048CA00
 20:49:45.556 t201848FDCA0EF1F1F17B
 20:49:45.556 t20286000C02AF2F900F9
 20:49:45.556 t203893C2CA2211B7FE00
 20:49:45.556 t20480000C00000000000
 20:49:45.556 t2058D188E2027FFF5000
 20:49:45.656 t2008323D0A3E0048CA00
 20:49:45.657 t201848FD0A0EF1F1F17B
 20:49:45.657 t20286000002AF2F900F9
 20:49:45.657 t203895910A223FF7FFFF
 20:49:45.657 t20480000000000000000
 20:49:45.658 t2058D18822027FFF5000
 20:49:45.756 t200832404A3E0048CA00
 20:49:45.756 t201848FD4A0EF1F1F17B
 20:49:45.756 t20286000402AF2F900F9
 20:49:45.757 t203891BE4A2208F7F9FF
 20:49:45.757 t20480000400000000000
 20:49:45.757 t2058D18862027FFF5000
 20:49:45.856 t200832438A3E0048CA00
 20:49:45.856 t201848FD8A0EF1F1F17B
 20:49:45.856 t20286000802AF2F900F9
 20:49:45.857 t2038936A8A2203E805FF
 20:49:45.857 t20480000800000000000
 20:49:45.857 t2058D188A2027FFF5000
 20:49:45.956 t20083245CA3E0048CA00
 20:49:45.956 t201848FDCA0EF1F1F17B
 20:49:45.956 t20286000C02AF2F900F9
 20:49:45.956 t203893C2CA2211B7FE00
 20:49:45.956 t20480000C00000000000
 20:49:45.956 t2058D188E2027FFF5000
 20:49:46.056 t200832480A3E0048CA00
 20:49:46.056 t201848FD0A0EF1F1F17B
 20:49:46.056 t20286000002AF2F900F9
 20:49:46.056 t203895910A223FF7FFFF
 20:49:46.056 t20480000000000000000
 20:49:46.056 t2058D18822027FFF5000
 20:49:46.156 t2008324B4A3E0048CA00
 20:49:46.156 t201848FD4A0EF1F1F17B
 20:49:46.156 t20286000402AF2F900F9
 20:49:46.156 t203891BE4A2208F7F9FF
 20:49:46.156 t20480000400000000000
 20:49:46.156 t2058D18862027FFF5000
 20:49:46.256 t2008324E8A3E0048CA00
 20:49:46.256 t201848FD8A0EF1F1F17B
 20:49:46.256 t20286000802AF2F900F9
 20:49:46.256 t2038936A8A2203E805FF
 20:49:46.257 t20480000800000000000
 20:49:46.257 t2058D188A2027FFF5000
 20:49:46.356 t20083251CA3E0048CA00
 20:49:46.356 t201848FDCA0EF1F1F17B
 20:49:46.356 t20286000C02AF2F900F9
 20:49:46.357 t203893C2CA2211B7FE00
 20:49:46.357 t20480000C00000000000
 20:49:46.357 t2058D188E2027FFF5000
 20:49:46.456 t200832530A3E0048CA00
 20:49:46.456 t201848FD0A0EF1F1F17B
 20:49:46.456 t20286000002AF2F900F9
 20:49:46.456 t203895910A223FF7FFFF
 20:49:46.457 t20480000000000000000
 20:49:46.457 t2058D18822027FFF5000
 20:49:46.556 t200832564A3E0048CA00
 20:49:46.556 t201848FD4A0EF1F1F17B
 20:49:46.556 t20286000402AF2F900F9
 20:49:46.556 t203891BE4A2208F7F9FF
 20:49:46.557 t20480000400000000000
 20:49:46.557 t2058D18862027FFF5000
 20:49:46.655 t200832598A3E0048CA00
 20:49:46.656 t201848FD8A0EF1F1F17B
 20:49:46.656 t20286000802AF2F900F9
 20:49:46.656 t2038936A8A2203E805FF
 20:49:46.656 t20480000800000000000
 20:49:46.656 t2058D188A2027FFF5000
 20:49:46.755 t2008325CCA3E0048CA00
 20:49:46.756 t201848FDCA0EF1F1F17B
 20:49:46.756 t20286000C02AF2F900F9
 20:49:46.756 t203893C2CA2211B7FE00
 20:49:46.756 t20480000C00000000000
 20:49:46.756 t2058D188E2027FFF5000
 20:49:46.856 t2008325E0A3E0048CA00
 20:49:46.856 t201848FD0A0EF1F1F17B
 20:49:46.856 t20286000002AF2F900F9
 20:49:46.856 t203895910A223FF7FFFF
 20:49:46.856 t20480000000000000000
 20:49:46.857 t2058D18822027FFF5000
 20:49:46.956 t200832614A3E0048CA00
 20:49:46.956 t201848FD4A0EF1F1F17B
 20:49:46.956 t20286000402AF2F900F9
 20:49:46.956 t203891BE4A2208F7F9FF
 20:49:46.956 t20480000400000000000
 20:49:46.957 t2058D18862027FFF5000
 20:49:47.055 t200832648A3E0048CA00
 20:49:47.056 t201848FD8A0EF1F1F17B
 20:49:47.056 t20286000802AF2F900F9
 20:49:47.056 t2038936A8A2203E805FF
 20:49:47.056 t20480000800000000000
 20:49:47.056 t2058D188A2027FFF5000
 20:49:47.155 t20083267CA3E0048CA00
 20:49:47.156 t201848FDCA0EF1F1F17B
 20:49:47.156 t20286000C02AF2F900F9
 20:49:47.156 t203893C2CA2211B7FE00
 20:49:47.156 t20480000C00000000000
 20:49:47.157 t2058D188E2027FFF5000
 20:49:47.255 t2008326A0A3E0048CA00
 20:49:47.256 t201848FD0A0EF1F1F17B
 20:49:47.256 t20286000002AF2F900F9
 20:49:47.256 t203895910A223FF7FFFF
 20:49:47.256 t20480000000000000000
 20:49:47.256 t2058D18822027FFF5000
 20:49:47.356 t2008326C4A3E0048CA00
 20:49:47.356 t201848FD4A0EF1F1F17B
 20:49:47.357 t20286000402AF2F900F9
 20:49:47.357 t203891BE4A2208F7F9FF
 20:49:47.357 t20480000400000000000
 20:49:47.357 t2058D18862027FFF5000
 20:49:47.456 t2008326F8A3E0048CA00
 20:49:47.457 t201848FD8A0EF1F1F17B
 20:49:47.457 t20286000802AF2F900F9
 20:49:47.457 t2038936A8A2203E805FF
 20:49:47.457 t20480000800000000000
 20:49:47.458 t2058D188A2027FFF5000
 20:49:47.556 t20083272CA3E0048CA00
 20:49:47.557 t201848FDCA0EF1F1F17B
 20:49:47.557 t20286000C02AF2F900F9
 20:49:47.557 t203893C2CA2211B7FE00
 20:49:47.557 t20480000C00000000000
 20:49:47.557 t2058D188E2027FFF5000
 20:49:47.656 t200832750A3E0048CA00
 20:49:47.657 t201848FD0A0EF1F1F17B
 20:49:47.657 t20286000002AF2F900F9
 20:49:47.657 t203895910A223FF7FFFF
 20:49:47.657 t20480000000000000000
 20:49:47.658 t2058D18822027FFF5000
 20:49:47.756 t200832774A3E0048CA00
 20:49:47.757 t201848FD4A0EF1F1F17B
 20:49:47.757 t20286000402AF2F900F9
 20:49:47.757 t203891BE4A2208F7F9FF
 20:49:47.757 t20480000400000000000
 20:49:47.758 t2058D18862027FFF5000
 20:49:47.856 t2008327A8A3E0048CA00
 20:49:47.857 t201848FD8A0EF1F1F17B
 20:49:47.857 t20286000802AF2F900F9
 20:49:47.857 t2038936A8A2203E805FF
 20:49:47.857 t20480000800000000000
 20:49:47.857 t2058D188A2027FFF5000
 20:49:47.956 t2008327DCA3E0048CA00
 20:49:47.956 t201848FDCA0EF1F1F17B
 20:49:47.956 t20286000C02AF2F900F9
 20:49:47.956 t203893C2CA2211B7FE00
 20:49:47.957 t20480000C00000000000
 20:49:47.957 t2058D188E2027FFF5000
 20:49:48.056 t200832800A3E0048CA00
 20:49:48.056 t201848FD0A0EF1F1F17B
 20:49:48.056 t20286000002AF2F900F9
 20:49:48.056 t203895910A223FF7FFFF
 20:49:48.057 t20480000000000000000
 20:49:48.057 t2058D18822027FFF5000
 20:49:48.156 t200832834A3E0048CA00
 20:49:48.156 t201848FD4A0EF1F1F17B
 20:49:48.157 t20286000402AF2F900F9
 20:49:48.157 t203891BE4A2208F7F9FF
 20:49:48.157 t20480000400000000000
 20:49:48.157 t2058D18862027FFF5000
 20:49:48.256 t200832858A3E0048CA00
 20:49:48.257 t201848FD8A0EF1F1F17B
 20:49:48.257 t20286000802AF2F900F9
 20:49:48.257 t2038936A8A2203E805FF
 20:49:48.257 t20480000800000000000
 20:49:48.257 t2058D188A2027FFF5000
 20:49:48.356 t20083288CA3E0048CA00
 20:49:48.357 t201848FDCA0EF1F1F17B
 20:49:48.357 t20286000C02AF2F900F9
 20:49:48.357 t203893C2CA2211B7FE00
 20:49:48.357 t20480000C00000000000
 20:49:48.357 t2058D188E2027FFF5000
 20:49:48.456 t2008328B0A3E0048CA00
 20:49:48.457 t201848FD0A0EF1F1F17B
 20:49:48.457 t20286000002AF2F900F9
 20:49:48.457 t203895910A223FF7FFFF
 20:49:48.457 t20480000000000000000
 20:49:48.457 t2058D18822027FFF5000
 20:49:48.556 t2008328E4A3E0048CA00
 20:49:48.556 t201848FD4A0EF1F1F17B
 20:49:48.557 t20286000402AF2F900F9
 20:49:48.557 t203891BE4A2208F7F9FF
 20:49:48.557 t20480000400000000000
 20:49:48.557 t2058D18862027FFF5000
 20:49:48.656 t200832908A3E0048CA00
 20:49:48.656 t201848FD8A0EF1F1F17B
 20:49:48.656 t20286000802AF2F900F9
 20:49:48.656 t2038936A8A2203E805FF
 20:49:48.656 t20480000800000000000
 20:49:48.657 t2058D188A2027FFF5000
 20:49:48.756 t20083293CA3E0048CA00
 20:49:48.756 t201848FDCA0EF1F1F17B
 20:49:48.756 t20286000C02AF2F900F9
 20:49:48.756 t203893C2CA2211B7FE00
 20:49:48.757 t20480000C00000000000
 20:49:48.757 t2058D188E2027FFF5000
 20:49:48.856 t200832960A3E0048CA00
 20:49:48.856 t201848FD0A0EF1F1F17B
 20:49:48.857 t20286000002AF2F900F9
 20:49:48.857 t203895910A223FF7FFFF
 20:49:48.857 t20480000000000000000
 20:49:48.857 t2058D18822027FFF5000
 20:49:48.956 t200832994A3E0048CA00
 20:49:48.957 t201848FD4A0EF1F1F17B
 20:49:48.957 t20286000402AF2F900F9
 20:49:48.957 t203891BE4A2208F7F9FF
 20:49:48.957 t20480000400000000000
 20:49:48.957 t2058D18862027FFF5000
 20:49:49.056 t2008329C8A3E0048CA00
 20:49:49.056 t201848FD8A0EF1F1F17B
 20:49:49.057 t20286000802AF2F900F9
 20:49:49.057 t2038936A8A2203E805FF
 20:49:49.057 t20480000800000000000
 20:49:49.057 t2058D188A2027FFF5000
 20:49:49.156 t2008329ECA3E0048CA00
 20:49:49.156 t201848FDCA0EF1F1F17B
 20:49:49.156 t20286000C02AF2F900F9
 20:49:49.157 t203893C2CA2211B7FE00
 20:49:49.157 t20480000C00000000000
 20:49:49.157 t2058D188E2027FFF5000
 20:49:49.256 t200832A10A3E0048CA00
 20:49:49.256 t201848FD0A0EF1F1F17B
 20:49:49.256 t20286000002AF2F900F9
 20:49:49.257 t203895910A223FF7FFFF
 20:49:49.257 t20480000000000000000
 20:49:49.257 t2058D18822027FFF5000
 20:49:49.356 t200832A44A3E0048CA00
 20:49:49.356 t201848FD4A0EF1F1F17B
 20:49:49.356 t20286000402AF2F900F9
 20:49:49.356 t203891BE4A2208F7F9FF
 20:49:49.356 t20480000400000000000
 20:49:49.356 t2058D18862027FFF5000
 20:49:49.456 t200832A78A3E0048CA00
 20:49:49.456 t201848FD8A0EF1F1F17B
 20:49:49.456 t20286000802AF2F900F9
 20:49:49.456 t2038936A8A2203E805FF
 20:49:49.456 t20480000800000000000
 20:49:49.456 t2058D188A2027FFF5000
 20:49:49.556 t200832A9CA3E0048CA00
 20:49:49.556 t201848FDCA0EF1F1F17B
 20:49:49.556 t20286000C02AF2F900F9
 20:49:49.556 t203893C2CA2211B7FE00
 20:49:49.556 t20480000C00000000000
 20:49:49.556 t2058D188E2027FFF5000
 20:49:49.656 t200832AC0A3E0048CA00
 20:49:49.656 t201848FD0A0EF1F1F17B
 20:49:49.656 t20286000002AF2F900F9
 20:49:49.656 t203895910A223FF7FFFF
 20:49:49.656 t20480000000000000000
 20:49:49.656 t2058D18822027FFF5000
 20:49:49.756 t200832AF4A3E0048CA00
 20:49:49.756 t201848FD4A0EF1F1F17B
 20:49:49.756 t20286000402AF2F900F9
 20:49:49.756 t203891BE4A2208F7F9FF
 20:49:49.756 t20480000400000000000
 20:49:49.756 t2058D18862027FFF5000
 20:49:49.856 t200832B28A3E0048CA00
 20:49:49.856 t201848FD8A0EF1F1F17B
 20:49:49.856 t20286000802AF2F900F9
 20:49:49.856 t2038936A8A2203E805FF
 20:49:49.856 t20480000800000000000
 20:49:49.856 t2058D188A2027FFF5000
 20:49:49.956 t200832B5CA3E0048CA00
 20:49:49.956 t201848FDCA0EF1F1F17B
 20:49:49.956 t20286000C02AF2F900F9
 20:49:49.956 t203893C2CA2211B7FE00
 20:49:49.956 t20480000C00000000000
 20:49:49.956 t2058D188E2027FFF5000
 20:49:50.056 t200832B70A3E0048CA00
 20:49:50.056 t201848FD0A0EF1F1F17B
 20:49:50.056 t20286000002AF2F900F9
 20:49:50.056 t203895910A223FF7FFFF
 20:49:50.056 t20480000000000000000
 20:49:50.056 t2058D18822027FFF5000
 20:49:50.156 t200832BA4A3E0048CA00
 20:49:50.156 t201848FD4A0EF1F1F17B
 20:49:50.156 t20286000402AF2F900F9
 20:49:50.156 t203891BE4A2208F7F9FF
 20:49:50.156 t20480000400000000000
 20:49:50.156 t2058D18862027FFF5000
 20:49:50.256 t200832BD8A3E0048CA00
 20:49:50.256 t201848FD8A0EF1F1F17B
 20:49:50.256 t20286000802AF2F900F9
 20:49:50.256 t2038936A8A2203E805FF
 20:49:50.257 t20480000800000000000
 20:49:50.257 t2058D188A2027FFF5000
 20:49:50.356 t200832C0CA3E0048CA00
 20:49:50.356 t201848FDCA0EF1F1F17B
 20:49:50.356 t20286000C02AF2F900F9
 20:49:50.357 t203893C2CA2211B7FE00
 20:49:50.357 t20480000C00000000000
 20:49:50.357 t2058D188E2027FFF5000
 20:49:50.456 t200832C20A3E0048CA00
 20:49:50.456 t201848FD0A0EF1F1F17B
 20:49:50.456 t20286000002AF2F900F9
 20:49:50.456 t203895910A223FF7FFFF
 20:49:50.456 t20480000000000000000
 20:49:50.457 t2058D18822027FFF5000
 20:49:50.556 t200832C54A3E0048CA00
 20:49:50.556 t201848FD4A0EF1F1F17B
 20:49:50.556 t20286000402AF2F900F9
 20:49:50.556 t203891BE4A2208F7F9FF
 20:49:50.557 t20480000400000000000
 20:49:50.557 t2058D18862027FFF5000
 20:49:50.656 t200832C88A3E0048CA00
 20:49:50.656 t201848FD8A0EF1F1F17B
 20:49:50.656 t20286000802AF2F900F9
 20:49:50.656 t2038936A8A2203E805FF
 20:49:50.657 t20480000800000000000
 20:49:50.657 t2058D188A2027FFF5000
 20:49:50.755 t200832CBCA3E0048CA00
 20:49:50.756 t201848FDCA0EF1F1F17B
 20:49:50.756 t20286000C02AF2F900F9
 20:49:50.756 t203893C2CA2211B7FE00
 20:49:50.756 t20480000C00000000000
 20:49:50.756 t2058D188E2027FFF5000
 20:49:50.856 t200832CE0A3E0048CA00
 20:49:50.856 t201848FD0A0EF1F1F17B
 20:49:50.856 t20286000002AF2F900F9
 20:49:50.856 t203895910A223FF7FFFF
 20:49:50.856 t20480000000000000000
 20:49:50.857 t2058D18822027FFF5000
 20:49:50.956 t200832D04A3E0048CA00
 20:49:50.956 t201848FD4A0EF1F1F17B
 20:49:50.956 t20286000402AF2F900F9
 20:49:50.956 t203891BE4A2208F7F9FF
 20:49:50.957 t20480000400000000000
 20:49:50.957 t2058D18862027FFF5000
 20:49:51.056 t200832D38A3E0048CA00
 20:49:51.056 t201848FD8A0EF1F1F17B
 20:49:51.056 t20286000802AF2F900F9
 20:49:51.056 t2038936A8A2203E805FF
 20:49:51.057 t20480000800000000000
 20:49:51.057 t2058D188A2027FFF5000
 20:49:51.156 t200832D6CA3E0048CA00
 20:49:51.156 t201848FDCA0EF1F1F17B
 20:49:51.156 t20286000C02AF2F900F9
 20:49:51.156 t20389591CA200F67FDFF
 20:49:51.156 t20480000C00000000000
 20:49:51.157 t2058D188E2027FFF5000
 20:49:51.256 t200832D90A3E0048CA00
 20:49:51.256 t201848FD0A0EF1F1F17B
 20:49:51.256 t20286000002AF2F900F9
 20:49:51.256 t203897060A203FF7FFFF
 20:49:51.256 t20480000000000000000
 20:49:51.257 t2058D18822027FFF5000
 20:49:51.355 t200832DB4A3E0048CA00
 20:49:51.355 t201848FD4A0EF1F1F17B
 20:49:51.356 t20286000402AF2F900F9
 20:49:51.356 t2038936A4A2203E805FF
 20:49:51.356 t20480000400000000000
 20:49:51.356 t2058D18862027FFF5000
 20:49:51.455 t200832DE8A3E0048CA00
 20:49:51.455 t201848FD8A0EF1F1F17B
 20:49:51.455 t20286000802AF2F900F9
 20:49:51.456 t203893C28A2211B7FE00
 20:49:51.456 t20480000800000000000
 20:49:51.456 t2058D188A2027FFF5000
 20:49:51.556 t200832E1CA3E0048CA00
 20:49:51.557 t201848FDCA0EF1F1F17B
 20:49:51.557 t20286000C02AF2F900F9
 20:49:51.557 t20389591CA220F67FDFF
 20:49:51.557 t20480000C00000000000
 20:49:51.558 t2058D188E2027FFF5000
 20:49:51.656 t200832E40A3E0048CA00
 20:49:51.657 t201848FD0A0EF1F1F17B
 20:49:51.657 t20286000002AF2F900F9
 20:49:51.657 t203897060A223FF7FFFF
 20:49:51.657 t20480000000000000000
 20:49:51.657 t2058D18822027FFF5000
 20:49:51.756 t200832E74A3E0048CA00
 20:49:51.757 t201848FD4A0EF1F1F17B
 20:49:51.757 t20286000402AF2F900F9
 20:49:51.757 t2038936A4A2203E805FF
 20:49:51.757 t20480000400000000000
 20:49:51.757 t2058D18862027FFF5000
 20:49:51.856 t200832E98A3E0048CA00
 20:49:51.857 t201848FD8A0EF1F1F17B
 20:49:51.857 t20286000802AF2F900F9
 20:49:51.857 t203893C28A2211B7FE00
 20:49:51.857 t20480000800000000000
 20:49:51.857 t2058D188A2027FFF5000
 20:49:51.956 t200832ECCA3E0048CA00
 20:49:51.957 t201848FDCA0EF1F1F17B
 20:49:51.957 t20286000C02AF2F900F9
 20:49:51.957 t20389591CA220F67FDFF
 20:49:51.957 t20480000C00000000000
 20:49:51.957 t2058D188E2027FFF5000
 20:49:52.056 t200832EF0A3E0048CA00
 20:49:52.056 t201848FD0A0EF1F1F17B
 20:49:52.056 t20286000002AF2F900F9
 20:49:52.056 t203897060A223FF7FFFF
 20:49:52.057 t20480000000000000000
 20:49:52.057 t2058D18822027FFF5000
 20:49:52.156 t200832F24A3E0048CA00
 20:49:52.156 t201848FD4A0EF1F1F17B
 20:49:52.156 t20286000402AF2F900F9
 20:49:52.156 t2038936A4A2203E805FF
 20:49:52.156 t20480000400000000000
 20:49:52.157 t2058D18862027FFF5000
 20:49:52.256 t200832F48A3E0048CA00
 20:49:52.257 t201848FD8A0EF1F1F17B
 20:49:52.257 t20286000802AF2F900F9
 20:49:52.257 t203893C28A2211B7FE00
 20:49:52.257 t20480000800000000000
 20:49:52.257 t2058D188A2027FFF5000
 20:49:52.356 t200832F7CA3E0048CA00
 20:49:52.356 t201848FDCA0EF1F1F17B
 20:49:52.357 t20286000C02AF2F900F9
 20:49:52.357 t20389591CA220F67FDFF
 20:49:52.357 t20480000C00000000000
 20:49:52.357 t2058D188E2027FFF5000
 20:49:52.456 t200832FA0A3E0048CA00
 20:49:52.456 t201848FD0A0EF1F1F17B
 20:49:52.457 t20286000002AF2F900F9
 20:49:52.457 t203897060A223FF7FFFF
 20:49:52.457 t20480000000000000000
 20:49:52.457 t2058D18822027FFF5000
 20:49:52.556 t200832FD4A3E0048CA00
 20:49:52.556 t201848FD4A0EF1F1F17B
 20:49:52.556 t20286000402AF2F900F9
 20:49:52.556 t2038936A4A2203E805FF
 20:49:52.557 t20480000400000000000
 20:49:52.557 t2058D18862027FFF5000
 20:49:52.656 t200833008A3E0048CA00
 20:49:52.656 t201848FD8A0EF1F1F17B
 20:49:52.656 t20286000802AF2F900F9
 20:49:52.657 t203893C28A2211B7FE00
 20:49:52.657 t20480000800000000000
 20:49:52.657 t2058D188A2027FFF5000
 20:49:52.756 t20083302CA3E0048CA00
 20:49:52.756 t201848FDCA0EF1F1F17B
 20:49:52.756 t20286000C02AF2F900F9
 20:49:52.756 t20389591CA220F67FDFF
 20:49:52.756 t20480000C00000000000
 20:49:52.757 t2058D188E2027FFF5000
 20:49:52.856 t200833050A3E0048CA00
 20:49:52.856 t201848FD0A0EF1F1F17B
 20:49:52.856 t20286000002AF2F900F9
 20:49:52.857 t203897060A223FF7FFFF
 20:49:52.857 t20480000000000000000
 20:49:52.857 t2058D18822027FFF5000
 20:49:52.956 t200833084A3E0048CA00
 20:49:52.956 t201848FD4A0EF1F1F17B
 20:49:52.957 t20286000402AF2F900F9
 20:49:52.957 t2038936A4A2203E805FF
 20:49:52.957 t20480000400000000000
 20:49:52.957 t2058D18862027FFF5000
 20:49:53.056 t2008330B8A3E0048CA00
 20:49:53.056 t201848FD8A0EF1F1F17B
 20:49:53.057 t20286000802AF2F900F9
 20:49:53.057 t203893C28A2211B7FE00
 20:49:53.057 t20480000800000000000
 20:49:53.057 t2058D188A2027FFF5000
 20:49:53.156 t2008330DCA3E0048CA00
 20:49:53.156 t201848FDCA0EF1F1F17B
 20:49:53.156 t20286000C02AF2F900F9
 20:49:53.156 t20389591CA220F67FDFF
 20:49:53.156 t20480000C00000000000
 20:49:53.156 t2058D188E2027FFF5000
 20:49:53.256 t200833100A3E0048CA00
 20:49:53.256 t201848FD0A0EF1F1F17B
 20:49:53.257 t20286000002AF2F900F9
 20:49:53.257 t203897060A223FF7FFFF
 20:49:53.257 t20480000000000000000
 20:49:53.257 t2058D18822027FFF5000
 20:49:53.356 t200833134A3E0048CA00
 20:49:53.356 t201848FD4A0EF1F1F17B
 20:49:53.356 t20286000402AF2F900F9
 20:49:53.356 t2038936A4A2203E805FF
 20:49:53.356 t20480000400000000000
 20:49:53.356 t2058D18862027FFF5000
 20:49:53.456 t200833168A3E0048CA00
 20:49:53.456 t201848FD8A0EF1F1F17B
 20:49:53.456 t20286000802AF2F900F9
 20:49:53.457 t203893C28A2211B7FE00
 20:49:53.457 t20480000800000000000
 20:49:53.457 t2058D188A2027FFF5000
 20:49:53.556 t20083319CA3E0048CA00
 20:49:53.556 t201848FDCA0EF1F1F17B
 20:49:53.557 t20286000C02AF2F900F9
 20:49:53.557 t20389591CA220F67FDFF
 20:49:53.557 t20480000C00000000000
 20:49:53.557 t2058D188E2027FFF5000
 20:49:53.656 t2008331B0A3E0048CA00
 20:49:53.656 t201848FD0A0EF1F1F17B
 20:49:53.656 t20286000002AF2F900F9
 20:49:53.657 t203897060A223FF7FFFF
 20:49:53.657 t20480000000000000000
 20:49:53.657 t2058D18822027FFF5000
 20:49:53.756 t2008331E4A3E0048CA00
 20:49:53.756 t201848FD4A0EF1F1F17B
 20:49:53.756 t20286000402AF2F900F9
 20:49:53.757 t2038936A4A2203E805FF
 20:49:53.757 t20480000400000000000
 20:49:53.757 t2058D18862027FFF5000
 20:49:53.856 t200833218A3E0048CA00
 20:49:53.856 t201848FD8A0EF1F1F17B
 20:49:53.856 t20286000802AF2F900F9
 20:49:53.857 t203893C28A2211B7FE00
 20:49:53.857 t20480000800000000000
 20:49:53.857 t2058D188A2027FFF5000
 20:49:53.956 t20083324CA3E0048CA00
 20:49:53.956 t201848FDCA0EF1F1F17B
 20:49:53.956 t20286000C02AF2F900F9
 20:49:53.957 t20389591CA220F67FDFF
 20:49:53.957 t20480000C00000000000
 20:49:53.957 t2058D188E2027FFF5000
 20:49:54.056 t200833260A3E0048CA00
 20:49:54.056 t201848FD0A0EF1F1F17B
 20:49:54.056 t20286000002AF2F900F9
 20:49:54.056 t203897060A223FF7FFFF
 20:49:54.056 t20480000000000000000
 20:49:54.056 t2058D18822027FFF5000
 20:49:54.156 t200833294A3E0048CA00
 20:49:54.156 t201848FD4A0EF1F1F17B
 20:49:54.156 t20286000402AF2F900F9
 20:49:54.156 t2038936A4A2203E805FF
 20:49:54.156 t20480000400000000000
 20:49:54.156 t2058D18862027FFF5000
 20:49:54.256 t2008332C8A3E0048CA00
 20:49:54.256 t201848FD8A0EF1F1F17B
 20:49:54.256 t20286000802AF2F900F9
 20:49:54.256 t203893C28A2211B7FE00
 20:49:54.257 t20480000800000000000
 20:49:54.257 t2058D188A2027FFF5000
 20:49:54.356 t2008332FCA3E0048CA00
 20:49:54.356 t201848FDCA0EF1F1F17B
 20:49:54.356 t20286000C02AF2F900F9
 20:49:54.356 t20389591CA220F67FDFF
 20:49:54.357 t20480000C00000000000
 20:49:54.357 t2058D188E2027FFF5000
 20:49:54.456 t200833320A3E0048CA00
 20:49:54.456 t201848FD0A0EF1F1F17B
 20:49:54.456 t20286000002AF2F900F9
 20:49:54.456 t203897060A223FF7FFFF
 20:49:54.457 t20480000000000000000
 20:49:54.457 t2058D18822027FFF5000
 20:49:54.556 t200833344A3E0048CA00
 20:49:54.556 t201848FD4A0EF1F1F17B
 20:49:54.556 t20286000402AF2F900F9
 20:49:54.556 t2038936A4A2203E805FF
 20:49:54.557 t20480000400000000000
 20:49:54.557 t2058D18862027FFF5000
 20:49:54.656 t200833378A3E0048CA00
 20:49:54.656 t201848FD8A0EF1F1F17B
 20:49:54.656 t20286000802AF2F900F9
 20:49:54.656 t203893C28A2211B7FE00
 20:49:54.656 t20480000800000000000
 20:49:54.656 t2058D188A2027FFF5000
 20:49:54.755 t2008333ACA3E0048CA00
 20:49:54.755 t201848FDCA0EF1F1F17B
 20:49:54.756 t20286000C02AF2F900F9
 20:49:54.756 t20389591CA220F67FDFF
 20:49:54.756 t20480000C00000000000
 20:49:54.756 t2058D188E2027FFF5000
 20:49:54.855 t2008333D0A3E0048CA00
 20:49:54.855 t201848FD0A0EF1F1F17B
 20:49:54.856 t20286000002AF2F900F9
 20:49:54.856 t203897060A223FF7FFFF
 20:49:54.856 t20480000000000000000
 20:49:54.856 t2058D18822027FFF5000
 20:49:54.956 t2008333F4A3E0048CA00
 20:49:54.956 t201848FD4A0EF1F1F17B
 20:49:54.956 t20286000402AF2F900F9
 20:49:54.956 t2038936A4A2203E805FF
 20:49:54.956 t20480000400000000000
 20:49:54.957 t2058D18862027FFF5000
 20:49:55.055 t200833428A3E0048CA00
 20:49:55.056 t201848FD8A0EF1F1F17B
 20:49:55.056 t20286000802AF2F900F9
 20:49:55.056 t203893C28A2211B7FE00
 20:49:55.056 t20480000800000000000
 20:49:55.057 t2058D188A2027FFF5000
 20:49:55.155 t20083345CA3E0048CA00
 20:49:55.156 t201848FDCA0EF1F1F17B
 20:49:55.156 t20286000C02AF2F900F9
 20:49:55.156 t20389591CA220F67FDFF
 20:49:55.156 t20480000C00000000000
 20:49:55.156 t2058D188E2027FFF5000
 20:49:55.255 t200833480A3E0048CA00
 20:49:55.256 t201848FD0A0EF1F1F17B
 20:49:55.256 t20286000002AF2F900F9
 20:49:55.256 t203897060A223FF7FFFF
 20:49:55.256 t20480000000000000000
 20:49:55.256 t2058D18822027FFF5000
 20:49:55.355 t2008334B4A3E0048CA00
 20:49:55.355 t201848FD4A0EF1F1F17B
 20:49:55.355 t20286000402AF2F900F9
 20:49:55.356 t2038936A4A2203E805FF
 20:49:55.356 t20480000400000000000
 20:49:55.356 t2058D18862027FFF5000
 20:49:55.455 t2008334D8A3E0048CA00
 20:49:55.455 t201848FD8A0EF1F1F17B
 20:49:55.455 t20286000802AF2F900F9
 20:49:55.456 t203893C28A2211B7FE00
 20:49:55.456 t20480000800000000000
 20:49:55.456 t2058D188A2027FFF5000
 20:49:55.556 t20083350CA3E0048CA00
 20:49:55.557 t201848FDCA0EF1F1F17B
 20:49:55.557 t20286000C02AF2F900F9
 20:49:55.557 t20389591CA220F67FDFF
 20:49:55.557 t20480000C00000000000
 20:49:55.557 t2058D188E2027FFF5000
 20:49:55.656 t200833530A3E0048CA00
 20:49:55.656 t201848FD0A0EF1F1F17B
 20:49:55.656 t20286000002AF2F900F9
 20:49:55.657 t203897060A223FF7FFFF
 20:49:55.657 t20480000000000000000
 20:49:55.657 t2058D18822027FFF5000
 20:49:55.756 t200833564A3E0048CA00
 20:49:55.757 t201848FD4A0EF1F1F17B
 20:49:55.757 t20286000402AF2F900F9
 20:49:55.757 t2038936A4A2203E805FF
 20:49:55.757 t20480000400000000000
 20:49:55.757 t2058D18862027FFF5000
 20:49:55.856 t200833588A3E0048CA00
 20:49:55.857 t201848FD8A0EF1F1F17B
 20:49:55.857 t20286000802AF2F900F9
 20:49:55.857 t203893C28A2211B7FE00
 20:49:55.857 t20480000800000000000
 20:49:55.857 t2058D188A2027FFF5000
 20:49:55.956 t2008335BCA3E0048CA00
 20:49:55.956 t201848FDCA0EF1F1F17B
 20:49:55.957 t20286000C02AF2F900F9
 20:49:55.957 t20389591CA220F67FDFF
 20:49:55.957 t20480000C00000000000
 20:49:55.957 t2058D188E2027FFF5000
 20:49:56.056 t2008335E0A3E0048CA00
 20:49:56.056 t201848FD0A0EF1F1F17B
 20:49:56.056 t20286000002AF2F900F9
 20:49:56.056 t203897060A223FF7FFFF
 20:49:56.056 t20480000000000000000
 20:49:56.057 t2058D18822027FFF5000
 20:49:56.156 t200833614A3E0048CA00
 20:49:56.156 t201848FD4A0EF1F1F17B
 20:49:56.156 t20286000402AF2F900F9
 20:49:56.156 t2038936A4A2203E805FF
 20:49:56.156 t20480000400000000000
 20:49:56.157 t2058D18862027FFF5000
 20:49:56.256 t200833648A3E0048CA00
 20:49:56.256 t201848FD8A0EF1F1F17B
 20:49:56.256 t20286000802AF2F900F9
 20:49:56.256 t203893C28A2211B7FE00
 20:49:56.257 t20480000800000000000
 20:49:56.257 t2058D188A2027FFF5000
 20:49:56.356 t20083366CA3E0048CA00
 20:49:56.356 t201848FDCA0EF1F1F17B
 20:49:56.357 t20286000C02AF2F900F9
 20:49:56.357 t20389591CA220F67FDFF
 20:49:56.357 t20480000C00000000000
 20:49:56.357 t2058D188E2027FFF5000
 20:49:56.456 t200833690A3E0048CA00
 20:49:56.456 t201848FD0A0EF1F1F17B
 20:49:56.457 t20286000002AF2F900F9
 20:49:56.457 t203897060A223FF7FFFF
 20:49:56.457 t20480000000000000000
 20:49:56.457 t2058D18822027FFF5000
 20:49:56.556 t2008336C4A3E0048CA00
 20:49:56.556 t201848FD4A0EF1F1F17B
 20:49:56.557 t20286000402AF2F900F9
 20:49:56.557 t2038936A4A2203E805FF
 20:49:56.557 t20480000400000000000
 20:49:56.557 t2058D18862027FFF5000
 20:49:56.656 t2008336F8A3E0048CA00
 20:49:56.656 t201848FD8A0EF1F1F17B
 20:49:56.657 t20286000802AF2F900F9
 20:49:56.657 t203893C28A2211B7FE00
 20:49:56.657 t20480000800000000000
 20:49:56.657 t2058D188A2027FFF5000
 20:49:56.756 t20083371CA3E0048CA00
 20:49:56.756 t201848FDCA0EF1F1F17B
 20:49:56.756 t20286000C02AF2F900F9
 20:49:56.756 t20389591CA220F67FDFF
 20:49:56.756 t20480000C00000000000
 20:49:56.756 t2058D188E2027FFF5000
 20:49:56.856 t200833740A3E0048CA00
 20:49:56.856 t201848FD0A0EF1F1F17B
 20:49:56.856 t20286000002AF2F900F9
 20:49:56.856 t203897060A223FF7FFFF
 20:49:56.856 t20480000000000000000
 20:49:56.856 t2058D18822027FFF5000
 20:49:56.956 t200833774A3E0048CA00
 20:49:56.956 t201848FD4A0EF1F1F17B
 20:49:56.957 t20286000402AF2F900F9
 20:49:56.957 t2038936A4A2203E805FF
 20:49:56.957 t20480000400000000000
 20:49:56.957 t2058D18862027FFF5000
 20:49:57.056 t2008337A8A3E0048CA00
 20:49:57.056 t201848FD8A0EF1F1F17B
 20:49:57.056 t20286000802AF2F900F9
 20:49:57.057 t203893C28A2211B7FE00
 20:49:57.057 t20480000800000000000
 20:49:57.057 t2058D188A2027FFF5000
 20:49:57.156 t2008337DCA3E0048CA00
 20:49:57.156 t201848FDCA0EF1F1F17B
 20:49:57.156 t20286000C02AF2F900F9
 20:49:57.157 t20389591CA220F67FDFF
 20:49:57.157 t20480000C00000000000
 20:49:57.157 t2058D188E2027FFF5000
 20:49:57.256 t2008337F0A3E0048CA00
 20:49:57.256 t201848FD0A0EF1F1F17B
 20:49:57.256 t20286000002AF2F900F9
 20:49:57.256 t203897060A223FF7FFFF
 20:49:57.257 t20480000000000000000
 20:49:57.257 t2058D18822027FFF5000
 20:49:57.356 t200833824A3E0048CA00
 20:49:57.356 t201848FD4A0EF1F1F17B
 20:49:57.356 t20286000402AF2F900F9
 20:49:57.356 t2038936A4A2203E805FF
 20:49:57.356 t20480000400000000000
 20:49:57.356 t2058D18862027FFF5000
 20:49:57.456 t200833858A3E0048CA00
 20:49:57.456 t201848FD8A0EF1F1F17B
 20:49:57.456 t20286000802AF2F900F9
 20:49:57.456 t203893C28A2211B7FE00
 20:49:57.456 t20480000800000000000
 20:49:57.456 t2058D188A2027FFF5000
 20:49:57.556 t20083388CA3E0048CA00
 20:49:57.556 t201848FDCA0EF1F1F17B
 20:49:57.556 t20286000C02AF2F900F9
 20:49:57.557 t20389591CA220F67FDFF
 20:49:57.557 t20480000C00000000000
 20:49:57.557 t2058D188E2027FFF5000
 20:49:57.656 t2008338A0A3E0048CA00
 20:49:57.656 t201848FD0A0EF1F1F17B
 20:49:57.656 t20286000002AF2F900F9
 20:49:57.657 t203897060A223FF7FFFF
 20:49:57.657 t20480000000000000000
 20:49:57.657 t2058D18822027FFF5000
 20:49:57.756 t2008338D4A3E0048CA00
 20:49:57.756 t201848FD4A0EF1F1F17B
 20:49:57.756 t20286000402AF2F900F9
 20:49:57.756 t2038936A4A2203E805FF
 20:49:57.756 t20480000400000000000
 20:49:57.756 t2058D18862027FFF5000
 20:49:57.856 t200833908A3E0048CA00
 20:49:57.856 t201848FD8A0EF1F1F17B
 20:49:57.856 t20286000802AF2F900F9
 20:49:57.856 t203893C28A2211B7FE00
 20:49:57.856 t20480000800000000000
 20:49:57.856 t2058D188A2027FFF5000
 20:49:57.956 t20083393CA3E0048CA00
 20:49:57.956 t201848FDCA0EF1F1F17B
 20:49:57.956 t20286000C02AF2F900F9
 20:49:57.956 t20389591CA220F67FDFF
 20:49:57.957 t20480000C00000000000
 20:49:57.957 t2058D188E2027FFF5000
 20:49:58.055 t200833960A3E0048CA00
 20:49:58.056 t201848FD0A0EF1F1F17B
 20:49:58.056 t20286000002AF2F900F9
 20:49:58.056 t203897060A223FF7FFFF
 20:49:58.056 t20480000000000000000
 20:49:58.056 t2058D18822027FFF5000
 20:49:58.155 t200833984A3E0048CA00
 20:49:58.156 t201848FD4A0EF1F1F17B
 20:49:58.156 t20286000402AF2F900F9
 20:49:58.156 t2038936A4A2203E805FF
 20:49:58.156 t20480000400000000000
 20:49:58.156 t2058D18862027FFF5000
 20:49:58.256 t2008339B8A3E0048CA00
 20:49:58.256 t201848FD8A0EF1F1F17B
 20:49:58.256 t20286000802AF2F900F9
 20:49:58.256 t203893C28A2211B7FE00
 20:49:58.257 t20480000800000000000
 20:49:58.257 t2058D188A2027FFF5000
 20:49:58.356 t2008339ECA3E0048CA00
 20:49:58.356 t201848FDCA0EF1F1F17B
 20:49:58.356 t20286000C02AF2F900F9
 20:49:58.356 t20389591CA220F67FDFF
 20:49:58.356 t20480000C00000000000
 20:49:58.356 t2058D188E2027FFF5000
 20:49:58.456 t200833A10A3E0048CA00
 20:49:58.456 t201848FD0A0EF1F1F17B
 20:49:58.456 t20286000002AF2F900F9
 20:49:58.456 t203897060A223FF7FFFF
 20:49:58.457 t20480000000000000000
 20:49:58.457 t2058D18822027FFF5000
 20:49:58.556 t200833A34A3E0048CA00
 20:49:58.556 t201848FD4A0EF1F1F17B
 20:49:58.556 t20286000402AF2F900F9
 20:49:58.556 t2038936A4A2203E805FF
 20:49:58.556 t20480000400000000000
 20:49:58.557 t2058D18862027FFF5000
 20:49:58.655 t200833A68A3E0048CA00
 20:49:58.656 t201848FD8A0EF1F1F17B
 20:49:58.656 t20286000802AF2F900F9
 20:49:58.656 t203893C28A2211B7FE00
 20:49:58.656 t20480000800000000000
 20:49:58.657 t2058D188A2027FFF5000
 20:49:58.755 t200833A9CA3E0048CA00
 20:49:58.755 t201848FDCA0EF1F1F17B
 20:49:58.756 t20286000C02AF2F900F9
 20:49:58.756 t20389591CA220F67FDFF
 20:49:58.756 t20480000C00000000000
 20:49:58.756 t2058D188E2027FFF5000
 20:49:58.855 t200833AC0A3E0048CA00
 20:49:58.855 t201848FD0A0EF1F1F17B
 20:49:58.855 t20286000002AF2F900F9
 20:49:58.856 t203897060A223FF7FFFF
 20:49:58.856 t20480000000000000000
 20:49:58.856 t2058D18822027FFF5000
 20:49:58.955 t200833AE4A3E0048CA00
 20:49:58.956 t201848FD4A0EF1F1F17B
 20:49:58.956 t20286000402AF2F900F9
 20:49:58.956 t2038936A4A2203E805FF
 20:49:58.956 t20480000400000000000
 20:49:58.957 t2058D18862027FFF5000
 20:49:59.055 t200833B18A3E0048CA00
 20:49:59.056 t201848FD8A0EF1F1F17B
 20:49:59.056 t20286000802AF2F900F9
 20:49:59.056 t203893C28A2211B7FE00
 20:49:59.056 t20480000800000000000
 20:49:59.057 t2058D188A2027FFF5000
 20:49:59.155 t200833B4CA3E0048CA00
 20:49:59.156 t201848FDCA0EF1F1F17B
 20:49:59.156 t20286000C02AF2F900F9
 20:49:59.156 t20389591CA220F67FDFF
 20:49:59.156 t20480000C00000000000
 20:49:59.157 t2058D188E2027FFF5000
 20:49:59.255 t200833B70A3E0048CA00
 20:49:59.256 t201848FD0A0EF1F1F17B
 20:49:59.256 t20286000002AF2F900F9
 20:49:59.256 t203897060A223FF7FFFF
 20:49:59.256 t20480000000000000000
 20:49:59.256 t2058D18822027FFF5000
 20:49:59.356 t200833BA4A3E0048CA00
 20:49:59.356 t201848FD4A0EF1F1F17B
 20:49:59.356 t20286000402AF2F900F9
 20:49:59.356 t2038936A4A2203E805FF
 20:49:59.357 t20480000400000000000
 20:49:59.357 t2058D18862027FFF5000
 20:49:59.456 t200833BC8A3E0048CA00
 20:49:59.456 t201848FD8A0EF1F1F17B
 20:49:59.456 t20286000802AF2F900F9
 20:49:59.456 t203893C28A2211B7FE00
 20:49:59.456 t20480000800000000000
 20:49:59.457 t2058D188A2027FFF5000
 20:49:59.556 t200833BFCA3E0048CA00
 20:49:59.556 t201848FDCA0EF1F1F17B
 20:49:59.556 t20286000C02AF2F900F9
 20:49:59.556 t20389591CA220F67FDFF
 20:49:59.556 t20480000C00000000000
 20:49:59.557 t2058D188E2027FFF5000
 20:49:59.656 t200833C20A3E0048CA00
 20:49:59.656 t201848FD0A0EF1F1F17B
 20:49:59.656 t20286000002AF2F900F9
 20:49:59.656 t203897060A223FF7FFFF
 20:49:59.656 t20480000000000000000
 20:49:59.657 t2058D18822027FFF5000
 20:49:59.756 t200833C54A3E0048CA00
 20:49:59.756 t201848FD4A0EF1F1F17B
 20:49:59.756 t20286000402AF2F900F9
 20:49:59.757 t2038936A4A2203E805FF
 20:49:59.757 t20480000400000000000
 20:49:59.757 t2058D18862027FFF5000
 20:49:59.856 t200833C78A3E0048CA00
 20:49:59.856 t201848FD8A0EF1F1F17B
 20:49:59.856 t20286000802AF2F900F9
 20:49:59.856 t203893C28A2211B7FE00
 20:49:59.856 t20480000800000000000
 20:49:59.857 t2058D188A2027FFF5000
 20:49:59.956 t200833CACA3E0048CA00
 20:49:59.956 t201848FDCA0EF1F1F17B
 20:49:59.956 t20286000C02AF2F900F9
 20:49:59.956 t20389591CA220F67FDFF
 20:49:59.956 t20480000C00000000000
 20:49:59.956 t2058D188E2027FFF5000
 20:50:00.056 t200833CD0A3E0048CA00
 20:50:00.056 t201848FD0A0EF1F1F17B
 20:50:00.056 t20286000002AF2F900F9
 20:50:00.056 t203897060A223FF7FFFF
 20:50:00.057 t20480000000000000000
 20:50:00.057 t2058D18822027FFF5000
 20:50:00.156 t200833D04A3E0048CA00
 20:50:00.156 t201848FD4A0EF1F1F17B
 20:50:00.156 t20286000402AF2F900F9
 20:50:00.156 t2038936A4A2203E805FF
 20:50:00.156 t20480000400000000000
 20:50:00.157 t2058D18862027FFF5000
 20:50:00.256 t200833D38A3E0048CA00
 20:50:00.256 t201848FD8A0EF1F1F17B
 20:50:00.256 t20286000802AF2F900F9
 20:50:00.257 t203893C28A2211B7FE00
 20:50:00.257 t20480000800000000000
 20:50:00.257 t2058D188A2027FFF5000
 20:50:00.356 t200833D5CA3E0048CA00
 20:50:00.356 t201848FDCA0EF1F1F17B
 20:50:00.356 t20286000C02AF2F900F9
 20:50:00.357 t20389591CA220F67FDFF
 20:50:00.357 t20480000C00000000000
 20:50:00.357 t2058D188E2027FFF5000
 20:50:00.456 t200833D80A3E0048CA00
 20:50:00.456 t201848FD0A0EF1F1F17B
 20:50:00.456 t20286000002AF2F900F9
 20:50:00.456 t203897060A223FF7FFFF
 20:50:00.456 t20480000000000000000
 20:50:00.457 t2058D18822027FFF5000
 20:50:00.556 t200833DB4A3E0048CA00
 20:50:00.556 t201848FD4A0EF1F1F17B
 20:50:00.556 t20286000402AF2F900F9
 20:50:00.557 t2038936A4A2203E805FF
 20:50:00.557 t20480000400000000000
 20:50:00.557 t2058D18862027FFF5000
 20:50:00.656 t200833DE8A3E0048CA00
 20:50:00.656 t201848FD8A0EF1F1F17B
 20:50:00.656 t20286000802AF2F900F9
 20:50:00.657 t203893C28A2211B7FE00
 20:50:00.657 t20480000800000000000
 20:50:00.657 t2058D188A2027FFF5000
 20:50:00.756 t200833E0CA3E0048CA00
 20:50:00.756 t201848FDCA0EF1F1F17B
 20:50:00.756 t20286000C02AF2F900F9
 20:50:00.756 t20389591CA220F67FDFF
 20:50:00.756 t20480000C00000000000
 20:50:00.756 t2058D188E2027FFF5000
 20:50:00.856 t200833E30A3E0048CA00
 20:50:00.856 t201848FD0A0EF1F1F17B
 20:50:00.856 t20286000002AF2F900F9
 20:50:00.856 t203897060A223FF7FFFF
 20:50:00.856 t20480000000000000000
 20:50:00.857 t2058D18822027FFF5000
 20:50:00.956 t200833E64A3E0048CA00
 20:50:00.956 t201848FD4A0EF1F1F17B
 20:50:00.956 t20286000402AF2F900F9
 20:50:00.956 t2038936A4A2203E805FF
 20:50:00.956 t20480000400000000000
 20:50:00.956 t2058D18862027FFF5000
 20:50:01.056 t200833E98A3E0048CA00
 20:50:01.056 t201848FD8A0EF1F1F17B
 20:50:01.056 t20286000802AF2F900F9
 20:50:01.057 t203893C28A2211B7FE00
 20:50:01.057 t20480000800000000000
 20:50:01.057 t2058D188A2027FFF5000
 20:50:01.156 t200833ECCA3E0048CA00
 20:50:01.156 t201848FDCA0EF1F1F17B
 20:50:01.156 t20286000C02AF2F900F9
 20:50:01.157 t20389591CA220F67FDFF
 20:50:01.157 t20480000C00000000000
 20:50:01.157 t2058D188E2027FFF5000
 20:50:01.256 t200833EE0A3E0048CA00
 20:50:01.256 t201848FD0A0EF1F1F17B
 20:50:01.256 t20286000002AF2F900F9
 20:50:01.256 t203897060A223FF7FFFF
 20:50:01.257 t20480000000000000000
 20:50:01.257 t2058D18822027FFF5000
 20:50:01.356 t200833F14A3E0048CA00
 20:50:01.356 t201848FD4A0EF1F1F17B
 20:50:01.356 t20286000402AF2F900F9
 20:50:01.356 t2038936A4A2203E805FF
 20:50:01.357 t20480000400000000000
 20:50:01.357 t2058D18862027FFF5000
 20:50:01.455 t200833F48A3E0048CA00
 20:50:01.456 t201848FD8A0EF1F1F17B
 20:50:01.456 t20286000802AF2F900F9
 20:50:01.456 t203893C28A2211B7FE00
 20:50:01.456 t20480000800000000000
 20:50:01.456 t2058D188A2027FFF5000
 20:50:01.555 t200833F7CA3E0048CA00
 20:50:01.556 t201848FDCA0EF1F1F17B
 20:50:01.556 t20286000C02AF2F900F9
 20:50:01.556 t20389591CA220F67FDFF
 20:50:01.556 t20480000C00000000000
 20:50:01.556 t2058D188E2027FFF5000
 20:50:01.655 t200833F90A3E0048CA00
 20:50:01.656 t201848FD0A0EF1F1F17B
 20:50:01.656 t20286000002AF2F900F9
 20:50:01.656 t203897060A223FF7FFFF
 20:50:01.656 t20480000000000000000
 20:50:01.656 t2058D18822027FFF5000
 20:50:01.756 t200833FC4A3E0048CA00
 20:50:01.756 t201848FD4A0EF1F1F17B
 20:50:01.756 t20286000402AF2F900F9
 20:50:01.756 t2038936A4A2203E805FF
 20:50:01.757 t20480000400000000000
 20:50:01.757 t2058D18862027FFF5000
 20:50:01.856 t200833FF8A3E0048CA00
 20:50:01.856 t201848FD8A0EF1F1F17B
 20:50:01.856 t20286000802AF2F900F9
 20:50:01.856 t203893C28A2211B7FE00
 20:50:01.856 t20480000800000000000
 20:50:01.857 t2058D188A2027FFF5000
 20:50:01.955 t20083402CA3E0048CA00
 20:50:01.955 t201848FDCA0EF1F1F17B
 20:50:01.956 t20286000C02AF2F900F9
 20:50:01.956 t20389591CA220F67FDFF
 20:50:01.956 t20480000C00000000000
 20:50:01.956 t2058D188E2027FFF5000
 20:50:02.055 t200834050A3E0048CA00
 20:50:02.055 t201848FD0A0EF1F1F17B
 20:50:02.056 t20286000002AF2F900F9
 20:50:02.056 t203897060A223FF7FFFF
 20:50:02.056 t20480000000000000000
 20:50:02.056 t2058D18822027FFF5000
 20:50:02.155 t200834074A3E0048CA00
 20:50:02.155 t201848FD4A0EF1F1F17B
 20:50:02.156 t20286000402AF2F900F9
 20:50:02.156 t2038936A4A2203E805FF
 20:50:02.156 t20480000400000000000
 20:50:02.156 t2058D18862027FFF5000
 20:50:02.255 t2008340A8A3E0048CA00
 20:50:02.255 t201848FD8A0EF1F1F17B
 20:50:02.255 t20286000802AF2F900F9
 20:50:02.256 t203893C28A2211B7FE00
 20:50:02.256 t20480000800000000000
 20:50:02.256 t2058D188A2027FFF5000
 20:50:02.355 t2008340DCA3E0048CA00
 20:50:02.356 t201848FDCA0EF1F1F17B
 20:50:02.356 t20286000C02AF2F900F9
 20:50:02.356 t20389591CA220F67FDFF
 20:50:02.356 t20480000C00000000000
 20:50:02.357 t2058D188E2027FFF5000
 20:50:02.455 t200834100A3E0048CA00
 20:50:02.456 t201848FD0A0EF1F1F17B
 20:50:02.456 t20286000002AF2F900F9
 20:50:02.456 t203897060A223FF7FFFF
 20:50:02.456 t20480000000000000000
 20:50:02.456 t2058D18822027FFF5000
 20:50:02.555 t200834124A3E0048CA00
 20:50:02.556 t201848FD4A0EF1F1F17B
 20:50:02.556 t20286000402AF2F900F9
 20:50:02.556 t2038936A4A2203E805FF
 20:50:02.556 t20480000400000000000
 20:50:02.556 t2058D18862027FFF5000
 20:50:02.655 t200834158A3E0048CA00
 20:50:02.656 t201848FD8A0EF1F1F17B
 20:50:02.656 t20286000802AF2F900F9
 20:50:02.656 t203893C28A2211B7FE00
 20:50:02.656 t20480000800000000000
 20:50:02.656 t2058D188A2027FFF5000
 20:50:02.755 t20083418CA3E0048CA00
 20:50:02.755 t201848FDCA0EF1F1F17B
 20:50:02.756 t20286000C02AF2F900F9
 20:50:02.756 t20389591CA220F67FDFF
 20:50:02.756 t20480000C00000000000
 20:50:02.756 t2058D188E2027FFF5000
 20:50:02.855 t2008341B0A3E0048CA00
 20:50:02.855 t201848FD0A0EF1F1F17B
 20:50:02.855 t20286000002AF2F900F9
 20:50:02.855 t203897060A223FF7FFFF
 20:50:02.856 t20480000000000000000
 20:50:02.856 t2058D18822027FFF5000
 20:50:02.955 t2008341E4A3E0048CA00
 20:50:02.955 t201848FD4A0EF1F1F17B
 20:50:02.955 t20286000402AF2F900F9
 20:50:02.955 t2038936A4A2203E805FF
 20:50:02.955 t20480000400000000000
 20:50:02.956 t2058D18862027FFF5000
 20:50:03.055 t200834208A3E0048CA00
 20:50:03.055 t201848FD8A0EF1F1F17B
 20:50:03.056 t20286000802AF2F900F9
 20:50:03.056 t203893C28A2211B7FE00
 20:50:03.056 t20480000800000000000
 20:50:03.056 t2058D188A2027FFF5000
 20:50:03.156 t20083423CA3E0048CA00
 20:50:03.156 t201848FDCA0EF1F1F17B
 20:50:03.156 t20286000C02AF2F900F9
 20:50:03.156 t20389591CA220F67FDFF
 20:50:03.157 t20480000C00000000000
 20:50:03.157 t2058D188E2027FFF5000
 20:50:03.256 t200834260A3E0048CA00
 20:50:03.256 t201848FD0A0EF1F1F17B
 20:50:03.257 t20286000002AF2F900F9
 20:50:03.257 t203897060A223FF7FFFF
 20:50:03.257 t20480000000000000000
 20:50:03.257 t2058D18822027FFF5000
 20:50:03.356 t200834294A3E0048CA00
 20:50:03.356 t201848FD4A0EF1F1F17B
 20:50:03.357 t20286000402AF2F900F9
 20:50:03.357 t2038936A4A2203E805FF
 20:50:03.357 t20480000400000000000
 20:50:03.357 t2058D18862027FFF5000
 20:50:03.456 t2008342B8A3E0048CA00
 20:50:03.456 t201848FD8A0EF1F1F17B
 20:50:03.456 t20286000802AF2F900F9
 20:50:03.456 t203893C28A2211B7FE00
 20:50:03.456 t20480000800000000000
 20:50:03.457 t2058D188A2027FFF5000
 20:50:03.556 t2008342ECA3E0048CA00
 20:50:03.556 t201848FDCA0EF1F1F17B
 20:50:03.556 t20286000C02AF2F900F9
 20:50:03.556 t20389706CA200587FE01
 20:50:03.556 t20480000C00000000000
 20:50:03.556 t2058D188E2027FFF5000
 20:50:03.656 t200834310A3E0048CA00
 20:50:03.656 t201848FD0A0EF1F1F17B
 20:50:03.656 t20286000002AF2F900F9
 20:50:03.657 t2038977A0A203FF803FF
 20:50:03.657 t20480000000000000000
 20:50:03.657 t2058D18822027FFF5000
 20:50:03.756 t200834344A3E0048CA00
 20:50:03.756 t201848FD4A0EF1F1F17B
 20:50:03.757 t20286000402AF2F900F9
 20:50:03.757 t203893C24A2211B7FE00
 20:50:03.757 t20480000400000000000
 20:50:03.757 t2058D18862027FFF5000
 20:50:03.856 t200834378A3E0048CA00
 20:50:03.856 t201848FD8A0EF1F1F17B
 20:50:03.856 t20286000802AF2F900F9
 20:50:03.856 t203895918A220F67FDFF
 20:50:03.856 t20480000800000000000
 20:50:03.856 t2058D188A2027FFF5000
 20:50:03.957 t20083439CA3E0048CA00
 20:50:03.957 t201848FDCA0EF1F1F17B
 20:50:03.957 t20286000C02AF2F900F9
 20:50:03.957 t20389706CA220587FE01
 20:50:03.958 t20480000C00000000000
 20:50:03.958 t2058D188E2027FFF5000
 20:50:04.056 t2008343C0A3E0048CA00
 20:50:04.056 t201848FD0A0EF1F1F17B
 20:50:04.057 t20286000002AF2F900F9
 20:50:04.057 t2038977A0A223FF803FF
 20:50:04.057 t20480000000000000000
 20:50:04.057 t2058D18822027FFF5000
 20:50:04.156 t2008343F4A3E0048CA00
 20:50:04.156 t201848FD4A0EF1F1F17B
 20:50:04.156 t20286000402AF2F900F9
 20:50:04.156 t203893C24A2211B7FE00
 20:50:04.156 t20480000400000000000
 20:50:04.156 t2058D18862027FFF5000
 20:50:04.256 t200834428A3E0048CA00
 20:50:04.256 t201848FD8A0EF1F1F17B
 20:50:04.256 t20286000802AF2F900F9
 20:50:04.256 t203895918A220F67FDFF
 20:50:04.257 t20480000800000000000
 20:50:04.257 t2058D188A2027FFF5000
 20:50:04.356 t20083444CA3E0048CA00
 20:50:04.356 t201848FDCA0EF1F1F17B
 20:50:04.356 t20286000C02AF2F900F9
 20:50:04.357 t20389706CA220587FE01
 20:50:04.357 t20480000C00000000000
 20:50:04.357 t2058D188E2027FFF5000
 20:50:04.456 t200834470A3E0048CA00
 20:50:04.456 t201848FD0A0EF1F1F17B
 20:50:04.456 t20286000002AF2F900F9
 20:50:04.456 t2038977A0A223FF803FF
 20:50:04.457 t20480000000000000000
 20:50:04.457 t2058D18822027FFF5000
 20:50:04.556 t2008344A4A3E0048CA00
 20:50:04.556 t201848FD4A0EF1F1F17B
 20:50:04.556 t20286000402AF2F900F9
 20:50:04.557 t203893C24A2211B7FE00
 20:50:04.557 t20480000400000000000
 20:50:04.557 t2058D18862027FFF5000
 20:50:04.656 t2008344D8A3E0048CA00
 20:50:04.656 t201848FD8A0EF1F1F17B
 20:50:04.656 t20286000802AF2F900F9
 20:50:04.657 t203895918A220F67FDFF
 20:50:04.657 t20480000800000000000
 20:50:04.657 t2058D188A2027FFF5000
 20:50:04.756 t20083450CA3E0048CA00
 20:50:04.756 t201848FDCA0EF1F1F17B
 20:50:04.756 t20286000C02AF2F900F9
 20:50:04.756 t20389706CA220587FE01
 20:50:04.756 t20480000C00000000000
 20:50:04.756 t2058D188E2027FFF5000
 20:50:04.856 t200834520A3E0048CA00
 20:50:04.856 t201848FD0A0EF1F1F17B
 20:50:04.856 t20286000002AF2F900F9
 20:50:04.856 t2038977A0A223FF803FF
 20:50:04.856 t20480000000000000000
 20:50:04.856 t2058D18822027FFF5000
 20:50:04.956 t200834554A3E0048CA00
 20:50:04.956 t201848FD4A0EF1F1F17B
 20:50:04.956 t20286000402AF2F900F9
 20:50:04.956 t203893C24A2211B7FE00
 20:50:04.957 t20480000400000000000
 20:50:04.957 t2058D18862027FFF5000
 20:50:05.056 t200834588A3E0048CA00
 20:50:05.056 t201848FD8A0EF1F1F17B
 20:50:05.056 t20286000802AF2F900F9
 20:50:05.056 t203895918A220F67FDFF
 20:50:05.057 t20480000800000000000
 20:50:05.057 t2058D188A2027FFF5000
 20:50:05.156 t2008345BCA3E0048CA00
 20:50:05.156 t201848FDCA0EF1F1F17B
 20:50:05.156 t20286000C02AF2F900F9
 20:50:05.156 t20389706CA220587FE01
 20:50:05.157 t20480000C00000000000
 20:50:05.157 t2058D188E2027FFF5000
 20:50:05.256 t2008345D0A3E0048CA00
 20:50:05.256 t201848FD0A0EF1F1F17B
 20:50:05.256 t20286000002AF2F900F9
 20:50:05.256 t2038977A0A223FF803FF
 20:50:05.256 t20480000000000000000
 20:50:05.257 t2058D18822027FFF5000
 20:50:05.356 t200834604A3E0048CA00
 20:50:05.356 t201848FD4A0EF1F1F17B
 20:50:05.356 t20286000402AF2F900F9
 20:50:05.356 t203893C24A2211B7FE00
 20:50:05.357 t20480000400000000000
 20:50:05.357 t2058D18862027FFF5000
 20:50:05.455 t200834638A3E0048CA00
 20:50:05.456 t201848FD8A0EF1F1F17B
 20:50:05.456 t20286000802AF2F900F9
 20:50:05.456 t203895918A220F67FDFF
 20:50:05.456 t20480000800000000000
 20:50:05.456 t2058D188A2027FFF5000
 20:50:05.555 t20083466CA3E0048CA00
 20:50:05.555 t201848FDCA0EF1F1F17B
 20:50:05.556 t20286000C02AF2F900F9
 20:50:05.556 t20389706CA220587FE01
 20:50:05.556 t20480000C00000000000
 20:50:05.556 t2058D188E2027FFF5000
 20:50:05.656 t200834690A3E0048CA00
 20:50:05.656 t201848FD0A0EF1F1F17B
 20:50:05.656 t20286000002AF2F900F9
 20:50:05.656 t2038977A0A223FF803FF
 20:50:05.656 t20480000000000000000
 20:50:05.657 t2058D18822027FFF5000
 20:50:05.756 t2008346B4A3E0048CA00
 20:50:05.756 t201848FD4A0EF1F1F17B
 20:50:05.756 t20286000402AF2F900F9
 20:50:05.756 t203893C24A2211B7FE00
 20:50:05.756 t20480000400000000000
 20:50:05.757 t2058D18862027FFF5000
 20:50:05.856 t2008346E8A3E0048CA00
 20:50:05.856 t201848FD8A0EF1F1F17B
 20:50:05.856 t20286000802AF2F900F9
 20:50:05.856 t203895918A220F67FDFF
 20:50:05.856 t20480000800000000000
 20:50:05.857 t2058D188A2027FFF5000
 20:50:05.956 t20083471CA3E0048CA00
 20:50:05.956 t201848FDCA0EF1F1F17B
 20:50:05.956 t20286000C02AF2F900F9
 20:50:05.956 t20389706CA220587FE01
 20:50:05.956 t20480000C00000000000
 20:50:05.957 t2058D188E2027FFF5000
 20:50:06.056 t200834740A3E0048CA00
 20:50:06.056 t201848FD0A0EF1F1F17B
 20:50:06.056 t20286000002AF2F900F9
 20:50:06.056 t2038977A0A223FF803FF
 20:50:06.056 t20480000000000000000
 20:50:06.056 t2058D18822027FFF5000
 20:50:06.155 t200834764A3E0048CA00
 20:50:06.155 t201848FD4A0EF1F1F17B
 20:50:06.155 t20286000402AF2F900F9
 20:50:06.156 t203893C24A2211B7FE00
 20:50:06.156 t20480000400000000000
 20:50:06.156 t2058D18862027FFF5000
 20:50:06.255 t200834798A3E0048CA00
 20:50:06.256 t201848FD8A0EF1F1F17B
 20:50:06.256 t20286000802AF2F900F9
 20:50:06.256 t203895918A220F67FDFF
 20:50:06.256 t20480000800000000000
 20:50:06.256 t2058D188A2027FFF5000
 20:50:06.355 t2008347CCA3E0048CA00
 20:50:06.356 t201848FDCA0EF1F1F17B
 20:50:06.356 t20286000C02AF2F900F9
 20:50:06.356 t20389706CA220587FE01
 20:50:06.356 t20480000C00000000000
 20:50:06.356 t2058D188E2027FFF5000
 20:50:06.455 t2008347F0A3E0048CA00
 20:50:06.456 t201848FD0A0EF1F1F17B
 20:50:06.456 t20286000002AF2F900F9
 20:50:06.456 t2038977A0A223FF803FF
 20:50:06.456 t20480000000000000000
 20:50:06.456 t2058D18822027FFF5000
 20:50:06.555 t200834824A3E0048CA00
 20:50:06.556 t201848FD4A0EF1F1F17B
 20:50:06.556 t20286000402AF2F900F9
 20:50:06.556 t203893C24A2211B7FE00
 20:50:06.556 t20480000400000000000
 20:50:06.556 t2058D18862027FFF5000
 20:50:06.655 t200834848A3E0048CA00
 20:50:06.656 t201848FD8A0EF1F1F17B
 20:50:06.656 t20286000802AF2F900F9
 20:50:06.656 t203895918A220F67FDFF
 20:50:06.656 t20480000800000000000
 20:50:06.656 t2058D188A2027FFF5000
 20:50:06.755 t20083487CA3E0048CA00
 20:50:06.755 t201848FDCA0EF1F1F17B
 20:50:06.755 t20286000C02AF2F900F9
 20:50:06.756 t20389706CA220587FE01
 20:50:06.756 t20480000C00000000000
 20:50:06.756 t2058D188E2027FFF5000
 20:50:06.855 t2008348A0A3E0048CA00
 20:50:06.855 t201848FD0A0EF1F1F17B
 20:50:06.855 t20286000002AF2F900F9
 20:50:06.855 t2038977A0A223FF803FF
 20:50:06.855 t20480000000000000000
 20:50:06.856 t2058D18822027FFF5000
 20:50:06.955 t2008348D4A3E0048CA00
 20:50:06.955 t201848FD4A0EF1F1F17B
 20:50:06.955 t20286000402AF2F900F9
 20:50:06.955 t203893C24A2211B7FE00
 20:50:06.955 t20480000400000000000
 20:50:06.956 t2058D18862027FFF5000
 20:50:07.055 t2008348F8A3E0048CA00
 20:50:07.055 t201848FD8A0EF1F1F17B
 20:50:07.055 t20286000802AF2F900F9
 20:50:07.055 t203895918A220F67FDFF
 20:50:07.055 t20480000800000000000
 20:50:07.055 t2058D188A2027FFF5000
 20:50:07.155 t20083492CA3E0048CA00
 20:50:07.155 t201848FDCA0EF1F1F17B
 20:50:07.156 t20286000C02AF2F900F9
 20:50:07.156 t20389706CA220587FE01
 20:50:07.156 t20480000C00000000000
 20:50:07.156 t2058D188E2027FFF5000
 20:50:07.256 t200834950A3E0048CA00
 20:50:07.256 t201848FD0A0EF1F1F17B
 20:50:07.257 t20286000002AF2F900F9
 20:50:07.257 t2038977A0A223FF803FF
 20:50:07.257 t20480000000000000000
 20:50:07.257 t2058D18822027FFF5000
 20:50:07.356 t200834984A3E0048CA00
 20:50:07.356 t201848FD4A0EF1F1F17B
 20:50:07.357 t20286000402AF2F900F9
 20:50:07.357 t203893C24A2211B7FE00
 20:50:07.357 t20480000400000000000
 20:50:07.357 t2058D18862027FFF5000
 20:50:07.456 t2008349B8A3E0048CA00
 20:50:07.456 t201848FD8A0EF1F1F17B
 20:50:07.456 t20286000802AF2F900F9
 20:50:07.456 t203895918A220F67FDFF
 20:50:07.456 t20480000800000000000
 20:50:07.456 t2058D188A2027FFF5000
 20:50:07.556 t2008349DCA3E0048CA00
 20:50:07.556 t201848FDCA0EF1F1F17B
 20:50:07.556 t20286000C02AF2F900F9
 20:50:07.556 t20389706CA220587FE01
 20:50:07.556 t20480000C00000000000
 20:50:07.556 t2058D188E2027FFF5000
 20:50:07.656 t200834A00A3E0048CA00
 20:50:07.656 t201848FD0A0EF1F1F17B
 20:50:07.656 t20286000002AF2F900F9
 20:50:07.657 t2038977A0A223FF803FF
 20:50:07.657 t20480000000000000000
 20:50:07.657 t2058D18822027FFF5000
 20:50:07.756 t200834A34A3E0048CA00
 20:50:07.756 t201848FD4A0EF1F1F17B
 20:50:07.757 t20286000402AF2F900F9
 20:50:07.757 t203893C24A2211B7FE00
 20:50:07.757 t20480000400000000000
 20:50:07.757 t2058D18862027FFF5000
 20:50:07.856 t200834A68A3E0048CA00
 20:50:07.856 t201848FD8A0EF1F1F17B
 20:50:07.857 t20286000802AF2F900F9
 20:50:07.857 t203895918A220F67FDFF
 20:50:07.857 t20480000800000000000
 20:50:07.857 t2058D188A2027FFF5000
 20:50:07.956 t200834A8CA3E0048CA00
 20:50:07.956 t201848FDCA0EF1F1F17B
 20:50:07.956 t20286000C02AF2F900F9
 20:50:07.957 t20389706CA220587FE01
 20:50:07.957 t20480000C00000000000
 20:50:07.957 t2058D188E2027FFF5000
 20:50:08.056 t200834AB0A3E0048CA00
 20:50:08.056 t201848FD0A0EF1F1F17B
 20:50:08.056 t20286000002AF2F900F9
 20:50:08.056 t2038977A0A223FF803FF
 20:50:08.057 t20480000000000000000
 20:50:08.057 t2058D18822027FFF5000
 20:50:08.156 t200834AE4A3E0048CA00
 20:50:08.156 t201848FD4A0EF1F1F17B
 20:50:08.156 t20286000402AF2F900F9
 20:50:08.156 t203893C24A2211B7FE00
 20:50:08.156 t20480000400000000000
 20:50:08.156 t2058D18862027FFF5000
 20:50:08.256 t200834B18A3E0048CA00
 20:50:08.256 t201848FD8A0EF1F1F17B
 20:50:08.256 t20286000802AF2F900F9
 20:50:08.256 t203895918A220F67FDFF
 20:50:08.256 t20480000800000000000
 20:50:08.256 t2058D188A2027FFF5000
 20:50:08.356 t200834B4CA3E0048CA00
 20:50:08.356 t201848FDCA0EF1F1F17B
 20:50:08.356 t20286000C02AF2F900F9
 20:50:08.357 t20389706CA220587FE01
 20:50:08.357 t20480000C00000000000
 20:50:08.357 t2058D188E2027FFF5000
 20:50:08.456 t200834B60A3E0048CA00
 20:50:08.457 t201848FD0A0EF1F1F17B
 20:50:08.457 t20286000002AF2F900F9
 20:50:08.457 t2038977A0A223FF803FF
 20:50:08.457 t20480000000000000000
 20:50:08.457 t2058D18822027FFF5000
 20:50:08.556 t200834B94A3E0048CA00
 20:50:08.556 t201848FD4A0EF1F1F17B
 20:50:08.556 t20286000402AF2F900F9
 20:50:08.556 t203893C24A2211B7FE00
 20:50:08.556 t20480000400000000000
 20:50:08.556 t2058D18862027FFF5000
 20:50:08.656 t200834BC8A3E0048CA00
 20:50:08.656 t201848FD8A0EF1F1F17B
 20:50:08.656 t20286000802AF2F900F9
 20:50:08.656 t203895918A220F67FDFF
 20:50:08.656 t20480000800000000000
 20:50:08.657 t2058D188A2027FFF5000
 20:50:08.756 t200834BFCA3E0048CA00
 20:50:08.756 t201848FDCA0EF1F1F17B
 20:50:08.756 t20286000C02AF2F900F9
 20:50:08.756 t20389706CA220587FE01
 20:50:08.756 t20480000C00000000000
 20:50:08.757 t2058D188E2027FFF5000
 20:50:08.855 t200834C10A3E0048CA00
 20:50:08.856 t201848FD0A0EF1F1F17B
 20:50:08.856 t20286000002AF2F900F9
 20:50:08.856 t2038977A0A223FF803FF
 20:50:08.856 t20480000000000000000
 20:50:08.856 t2058D18822027FFF5000
 20:50:08.955 t200834C44A3E0048CA00
 20:50:08.956 t201848FD4A0EF1F1F17B
 20:50:08.956 t20286000402AF2F900F9
 20:50:08.956 t203893C24A2211B7FE00
 20:50:08.956 t20480000400000000000
 20:50:08.956 t2058D18862027FFF5000
 20:50:09.056 t200834C78A3E0048CA00
 20:50:09.056 t201848FD8A0EF1F1F17B
 20:50:09.056 t20286000802AF2F900F9
 20:50:09.056 t203895918A220F67FDFF
 20:50:09.056 t20480000800000000000
 20:50:09.057 t2058D188A2027FFF5000
 20:50:09.156 t200834CACA3E0048CA00
 20:50:09.156 t201848FDCA0EF1F1F17B
 20:50:09.156 t20286000C02AF2F900F9
 20:50:09.156 t20389706CA220587FE01
 20:50:09.157 t20480000C00000000000
 20:50:09.157 t2058D188E2027FFF5000
 20:50:09.256 t200834CD0A3E0048CA00
 20:50:09.256 t201848FD0A0EF1F1F17B
 20:50:09.256 t20286000002AF2F900F9
 20:50:09.256 t2038977A0A223FF803FF
 20:50:09.256 t20480000000000000000
 20:50:09.257 t2058D18822027FFF5000
 20:50:09.356 t200834CF4A3E0048CA00
 20:50:09.356 t201848FD4A0EF1F1F17B
 20:50:09.356 t20286000402AF2F900F9
 20:50:09.356 t203893C24A2211B7FE00
 20:50:09.356 t20480000400000000000
 20:50:09.357 t2058D18862027FFF5000
 20:50:09.455 t200834D28A3E0048CA00
 20:50:09.455 t201848FD8A0EF1F1F17B
 20:50:09.455 t20286000802AF2F900F9
 20:50:09.456 t203895918A220F67FDFF
 20:50:09.456 t20480000800000000000
 20:50:09.456 t2058D188A2027FFF5000
 20:50:09.555 t200834D5CA3E0048CA00
 20:50:09.555 t201848FDCA0EF1F1F17B
 20:50:09.556 t20286000C02AF2F900F9
 20:50:09.556 t20389706CA220587FE01
 20:50:09.556 t20480000C00000000000
 20:50:09.556 t2058D188E2027FFF5000
 20:50:09.655 t200834D80A3E0048CA00
 20:50:09.655 t201848FD0A0EF1F1F17B
 20:50:09.655 t20286000002AF2F900F9
 20:50:09.656 t2038977A0A223FF803FF
 20:50:09.656 t20480000000000000000
 20:50:09.656 t2058D18822027FFF5000
 20:50:09.755 t200834DA4A3E0048CA00
 20:50:09.755 t201848FD4A0EF1F1F17B
 20:50:09.755 t20286000402AF2F900F9
 20:50:09.756 t203893C24A2211B7FE00
 20:50:09.756 t20480000400000000000
 20:50:09.756 t2058D18862027FFF5000
 20:50:09.855 t200834DD8A3E0048CA00
 20:50:09.856 t201848FD8A0EF1F1F17B
 20:50:09.856 t20286000802AF2F900F9
 20:50:09.856 t203895918A220F67FDFF
 20:50:09.856 t20480000800000000000
 20:50:09.856 t2058D188A2027FFF5000
 20:50:09.955 t200834E0CA3E0048CA00
 20:50:09.955 t201848FDCA0EF1F1F17B
 20:50:09.955 t20286000C02AF2F900F9
 20:50:09.956 t20389706CA220587FE01
 20:50:09.956 t20480000C00000000000
 20:50:09.956 t2058D188E2027FFF5000
 20:50:10.055 t200834E30A3E0048CA00
 20:50:10.056 t201848FD0A0EF1F1F17B
 20:50:10.056 t20286000002AF2F900F9
 20:50:10.056 t2038977A0A223FF803FF
 20:50:10.056 t20480000000000000000
 20:50:10.056 t2058D18822027FFF5000
 20:50:10.155 t200834E64A3E0048CA00
 20:50:10.155 t201848FD4A0EF1F1F17B
 20:50:10.156 t20286000402AF2F900F9
 20:50:10.156 t203893C24A2211B7FE00
 20:50:10.156 t20480000400000000000
 20:50:10.156 t2058D18862027FFF5000
 20:50:10.255 t200834E88A3E0048CA00
 20:50:10.255 t201848FD8A0EF1F1F17B
 20:50:10.255 t20286000802AF2F900F9
 20:50:10.255 t203895918A220F67FDFF
 20:50:10.255 t20480000800000000000
 20:50:10.256 t2058D188A2027FFF5000
 20:50:10.355 t200834EBCA3E0048CA00
 20:50:10.355 t201848FDCA0EF1F1F17B
 20:50:10.355 t20286000C02AF2F900F9
 20:50:10.355 t20389706CA220587FE01
 20:50:10.355 t20480000C00000000000
 20:50:10.356 t2058D188E2027FFF5000
 20:50:10.455 t200834EE0A3E0048CA00
 20:50:10.455 t201848FD0A0EF1F1F17B
 20:50:10.456 t20286000002AF2F900F9
 20:50:10.456 t2038977A0A223FF803FF
 20:50:10.456 t20480000000000000000
 20:50:10.456 t2058D18822027FFF5000
 20:50:10.555 t200834F14A3E0048CA00
 20:50:10.555 t201848FD4A0EF1F1F17B
 20:50:10.556 t20286000402AF2F900F9
 20:50:10.556 t203893C24A2211B7FE00
 20:50:10.556 t20480000400000000000
 20:50:10.556 t2058D18862027FFF5000
 20:50:10.655 t200834F38A3E0048CA00
 20:50:10.655 t201848FD8A0EF1F1F17B
 20:50:10.656 t20286000802AF2F900F9
 20:50:10.656 t203895918A220F67FDFF
 20:50:10.656 t20480000800000000000
 20:50:10.656 t2058D188A2027FFF5000
 20:50:10.755 t200834F6CA3E0048CA00
 20:50:10.755 t201848FDCA0EF1F1F17B
 20:50:10.755 t20286000C02AF2F900F9
 20:50:10.755 t20389706CA220587FE01
 20:50:10.755 t20480000C00000000000
 20:50:10.755 t2058D188E2027FFF5000
 20:50:10.856 t200834F90A3E0048CA00
 20:50:10.856 t201848FD0A0EF1F1F17B
 20:50:10.856 t20286000002AF2F900F9
 20:50:10.856 t2038977A0A223FF803FF
 20:50:10.856 t20480000000000000000
 20:50:10.856 t2058D18822027FFF5000
 20:50:10.956 t200834FC4A3E0048CA00
 20:50:10.956 t201848FD4A0EF1F1F17B
 20:50:10.956 t20286000402AF2F900F9
 20:50:10.956 t203893C24A2211B7FE00
 20:50:10.956 t20480000400000000000
 20:50:10.956 t2058D18862027FFF5000
 20:50:11.056 t200834FF8A3E0048CA00
 20:50:11.056 t201848FD8A0EF1F1F17B
 20:50:11.056 t20286000802AF2F900F9
 20:50:11.057 t203895918A220F67FDFF
 20:50:11.057 t20480000800000000000
 20:50:11.057 t2058D188A2027FFF5000
 20:50:11.156 t20083501CA3E0048CA00
 20:50:11.156 t201848FDCA0EF1F1F17B
 20:50:11.157 t20286000C02AF2F900F9
 20:50:11.157 t20389706CA220587FE01
 20:50:11.157 t20480000C00000000000
 20:50:11.157 t2058D188E2027FFF5000
 20:50:11.256 t200835040A3E0048CA00
 20:50:11.256 t201848FD0A0EF1F1F17B
 20:50:11.257 t20286000002AF2F900F9
 20:50:11.257 t2038977A0A223FF803FF
 20:50:11.257 t20480000000000000000
 20:50:11.257 t2058D18822027FFF5000
 20:50:11.356 t200835074A3E0048CA00
 20:50:11.356 t201848FD4A0EF1F1F17B
 20:50:11.356 t20286000402AF2F900F9
 20:50:11.357 t203893C24A2211B7FE00
 20:50:11.357 t20480000400000000000
 20:50:11.357 t2058D18862027FFF5000
 20:50:11.456 t2008350A8A3E0048CA00
 20:50:11.456 t201848FD8A0EF1F1F17B
 20:50:11.456 t20286000802AF2F900F9
 20:50:11.457 t203895918A220F67FDFF
 20:50:11.457 t20480000800000000000
 20:50:11.457 t2058D188A2027FFF5000
 20:50:11.556 t2008350CCA3E0048CA00
 20:50:11.556 t201848FDCA0EF1F1F17B
 20:50:11.556 t20286000C02AF2F900F9
 20:50:11.556 t20389706CA220587FE01
 20:50:11.556 t20480000C00000000000
 20:50:11.556 t2058D188E2027FFF5000
 20:50:11.656 t2008350F0A3E0048CA00
 20:50:11.656 t201848FD0A0EF1F1F17B
 20:50:11.656 t20286000002AF2F900F9
 20:50:11.656 t2038977A0A223FF803FF
 20:50:11.656 t20480000000000000000
 20:50:11.656 t2058D18822027FFF5000
 20:50:11.756 t200835124A3E0048CA00
 20:50:11.756 t201848FD4A0EF1F1F17B
 20:50:11.756 t20286000402AF2F900F9
 20:50:11.756 t203893C24A2211B7FE00
 20:50:11.756 t20480000400000000000
 20:50:11.756 t2058D18862027FFF5000
 20:50:11.856 t200835158A3E0048CA00
 20:50:11.856 t201848FD8A0EF1F1F17B
 20:50:11.856 t20286000802AF2F900F9
 20:50:11.857 t203895918A220F67FDFF
 20:50:11.857 t20480000800000000000
 20:50:11.857 t2058D188A2027FFF5000
 20:50:11.956 t20083518CA3E0048CA00
 20:50:11.956 t201848FDCA0EF1F1F17B
 20:50:11.956 t20286000C02AF2F900F9
 20:50:11.957 t20389706CA220587FE01
 20:50:11.957 t20480000C00000000000
 20:50:11.957 t2058D188E2027FFF5000
 20:50:12.056 t2008351A0A3E0048CA00
 20:50:12.056 t201848FD0A0EF1F1F17B
 20:50:12.056 t20286000002AF2F900F9
 20:50:12.057 t2038977A0A223FF803FF
 20:50:12.057 t20480000000000000000
 20:50:12.057 t2058D18822027FFF5000
 20:50:12.156 t2008351D4A3E0048CA00
 20:50:12.156 t201848FD4A0EF1F1F17B
 20:50:12.156 t20286000402AF2F900F9
 20:50:12.156 t203893C24A2211B7FE00
 20:50:12.157 t20480000400000000000
 20:50:12.157 t2058D18862027FFF5000
 20:50:12.255 t200835208A3E0048CA00
 20:50:12.256 t201848FD8A0EF1F1F17B
 20:50:12.256 t20286000802AF2F900F9
 20:50:12.256 t203895918A220F67FDFF
 20:50:12.256 t20480000800000000000
 20:50:12.256 t2058D188A2027FFF5000
 20:50:12.355 t20083523CA3E0048CA00
 20:50:12.356 t201848FDCA0EF1F1F17B
 20:50:12.356 t20286000C02AF2F900F9
 20:50:12.356 t20389706CA220587FE01
 20:50:12.356 t20480000C00000000000
 20:50:12.356 t2058D188E2027FFF5000
 20:50:12.456 t200835250A3E0048CA00
 20:50:12.456 t201848FD0A0EF1F1F17B
 20:50:12.456 t20286000002AF2F900F9
 20:50:12.456 t2038977A0A223FF803FF
 20:50:12.457 t20480000000000000000
 20:50:12.457 t2058D18822027FFF5000
 20:50:12.556 t200835284A3E0048CA00
 20:50:12.556 t201848FD4A0EF1F1F17B
 20:50:12.556 t20286000402AF2F900F9
 20:50:12.556 t203893C24A2211B7FE00
 20:50:12.557 t20480000400000000000
 20:50:12.557 t2058D18862027FFF5000
 20:50:12.656 t2008352B8A3E0048CA00
 20:50:12.656 t201848FD8A0EF1F1F17B
 20:50:12.656 t20286000802AF2F900F9
 20:50:12.656 t203895918A220F67FDFF
 20:50:12.656 t20480000800000000000
 20:50:12.657 t2058D188A2027FFF5000
 20:50:12.756 t2008352ECA3E0048CA00
 20:50:12.756 t201848FDCA0EF1F1F17B
 20:50:12.756 t20286000C02AF2F900F9
 20:50:12.756 t20389706CA220587FE01
 20:50:12.757 t20480000C00000000000
 20:50:12.757 t2058D188E2027FFF5000
 20:50:12.855 t200835310A3E0048CA00
 20:50:12.856 t201848FD0A0EF1F1F17B
 20:50:12.856 t20286000002AF2F900F9
 20:50:12.856 t2038977A0A223FF803FF
 20:50:12.856 t20480000000000000000
 20:50:12.857 t2058D18822027FFF5000
 20:50:12.955 t200835334A3E0048CA00
 20:50:12.955 t201848FD4A0EF1F1F17B
 20:50:12.955 t20286000402AF2F900F9
 20:50:12.956 t203893C24A2211B7FE00
 20:50:12.956 t20480000400000000000
 20:50:12.956 t2058D18862027FFF5000
 20:50:13.055 t200835368A3E0048CA00
 20:50:13.056 t201848FD8A0EF1F1F17B
 20:50:13.056 t20286000802AF2F900F9
 20:50:13.056 t203895918A220F67FDFF
 20:50:13.056 t20480000800000000000
 20:50:13.056 t2058D188A2027FFF5000
 20:50:13.155 t20083539CA3E0048CA00
 20:50:13.156 t201848FDCA0EF1F1F17B
 20:50:13.156 t20286000C02AF2F900F9
 20:50:13.156 t20389706CA220587FE01
 20:50:13.156 t20480000C00000000000
 20:50:13.156 t2058D188E2027FFF5000
 20:50:13.255 t2008353C0A3E0048CA00
 20:50:13.256 t201848FD0A0EF1F1F17B
 20:50:13.256 t20286000002AF2F900F9
 20:50:13.256 t2038977A0A223FF803FF
 20:50:13.256 t20480000000000000000
 20:50:13.257 t2058D18822027FFF5000
 20:50:13.355 t2008353E4A3E0048CA00
 20:50:13.356 t201848FD4A0EF1F1F17B
 20:50:13.356 t20286000402AF2F900F9
 20:50:13.356 t203893C24A2211B7FE00
 20:50:13.356 t20480000400000000000
 20:50:13.356 t2058D18862027FFF5000
 20:50:13.455 t200835418A3E0048CA00
 20:50:13.455 t201848FD8A0EF1F1F17B
 20:50:13.456 t20286000802AF2F900F9
 20:50:13.456 t203895918A220F67FDFF
 20:50:13.456 t20480000800000000000
 20:50:13.456 t2058D188A2027FFF5000
 20:50:13.555 t20083544CA3E0048CA00
 20:50:13.555 t201848FDCA0EF1F1F17B
 20:50:13.556 t20286000C02AF2F900F9
 20:50:13.556 t20389706CA220587FE01
 20:50:13.556 t20480000C00000000000
 20:50:13.556 t2058D188E2027FFF5000
 20:50:13.655 t200835470A3E0048CA00
 20:50:13.655 t201848FD0A0EF1F1F17B
 20:50:13.655 t20286000002AF2F900F9
 20:50:13.655 t2038977A0A223FF803FF
 20:50:13.656 t20480000000000000000
 20:50:13.656 t2058D18822027FFF5000
 20:50:13.755 t2008354A4A3E0048CA00
 20:50:13.755 t201848FD4A0EF1F1F17B
 20:50:13.756 t20286000402AF2F900F9
 20:50:13.756 t203893C24A2211B7FE00
 20:50:13.756 t20480000400000000000
 20:50:13.756 t2058D18862027FFF5000
 20:50:13.855 t2008354C8A3E0048CA00
 20:50:13.855 t201848FD8A0EF1F1F17B
 20:50:13.855 t20286000802AF2F900F9
 20:50:13.855 t203895918A220F67FDFF
 20:50:13.856 t20480000800000000000
 20:50:13.856 t2058D188A2027FFF5000
 20:50:13.955 t2008354FCA3E0048CA00
 20:50:13.955 t201848FDCA0EF1F1F17B
 20:50:13.956 t20286000C02AF2F900F9
 20:50:13.956 t20389706CA220587FE01
 20:50:13.956 t20480000C00000000000
 20:50:13.956 t2058D188E2027FFF5000
 20:50:14.055 t200835520A3E0048CA00
 20:50:14.055 t201848FD0A0EF1F1F17B
 20:50:14.056 t20286000002AF2F900F9
 20:50:14.056 t2038977A0A223FF803FF
 20:50:14.056 t20480000000000000000
 20:50:14.056 t2058D18822027FFF5000
 20:50:14.155 t200835554A3E0048CA00
 20:50:14.155 t201848FD4A0EF1F1F17B
 20:50:14.156 t20286000402AF2F900F9
 20:50:14.156 t203893C24A2211B7FE00
 20:50:14.156 t20480000400000000000
 20:50:14.156 t2058D18862027FFF5000
 20:50:14.255 t200835578A3E0048CA00
 20:50:14.255 t201848FD8A0EF1F1F17B
 20:50:14.255 t20286000802AF2F900F9
 20:50:14.255 t203895918A220F67FDFF
 20:50:14.255 t20480000800000000000
 20:50:14.255 t2058D188A2027FFF5000
 20:50:14.355 t2008355ACA3E0048CA00
 20:50:14.355 t201848FDCA0EF1F1F17B
 20:50:14.355 t20286000C02AF2F900F9
 20:50:14.355 t20389706CA220587FE01
 20:50:14.355 t20480000C00000000000
 20:50:14.355 t2058D188E2027FFF5000
 20:50:14.455 t2008355D0A3E0048CA00
 20:50:14.455 t201848FD0A0EF1F1F17B
 20:50:14.455 t20286000002AF2F900F9
 20:50:14.456 t2038977A0A223FF803FF
 20:50:14.456 t20480000000000000000
 20:50:14.456 t2058D18822027FFF5000
 20:50:14.555 t200835604A3E0048CA00
 20:50:14.555 t201848FD4A0EF1F1F17B
 20:50:14.556 t20286000402AF2F900F9
 20:50:14.556 t203893C24A2211B7FE00
 20:50:14.556 t20480000400000000000
 20:50:14.556 t2058D18862027FFF5000
 20:50:14.656 t200835638A3E0048CA00
 20:50:14.656 t201848FD8A0EF1F1F17B
 20:50:14.657 t20286000802AF2F900F9
 20:50:14.657 t203895918A220F67FDFF
 20:50:14.657 t20480000800000000000
 20:50:14.657 t2058D188A2027FFF5000
 20:50:14.756 t20083565CA3E0048CA00
 20:50:14.756 t201848FDCA0EF1F1F17B
 20:50:14.757 t20286000C02AF2F900F9
 20:50:14.757 t2038977ACA20129801FF
 20:50:14.757 t20480000C00000000000
 20:50:14.757 t2058D188E2027FFF5000
 20:50:14.856 t200835680A3E0048CA00
 20:50:14.856 t201848FD0A0EF1F1F17B
 20:50:14.856 t20286000002AF2F900F9
 20:50:14.857 t2038992C0A200427FE01
 20:50:14.857 t20480000000000000000
 20:50:14.857 t2058D18822027FFF5000
 20:50:14.956 t2008356B4A3E0048CA00
 20:50:14.956 t201848FD4A0EF1F1F17B
 20:50:14.956 t20286000402AF2F900F9
 20:50:14.956 t203895914A220F67FDFF
 20:50:14.956 t20480000400000000000
 20:50:14.956 t2058D18862027FFF5000
 20:50:15.056 t2008356E8A3E0048CA00
 20:50:15.056 t201848FD8A0EF1F1F17B
 20:50:15.056 t20286000802AF2F900F9
 20:50:15.056 t203897068A220587FE01
 20:50:15.056 t20480000800000000000
 20:50:15.056 t2058D188A2027FFF5000
 20:50:15.156 t20083570CA3E0048CA00
 20:50:15.156 t201848FDCA0EF1F1F17B
 20:50:15.156 t20286000C02AF2F900F9
 20:50:15.157 t2038977ACA22129801FF
 20:50:15.157 t20480000C00000000000
 20:50:15.157 t2058D188E2027FFF5000
 20:50:15.256 t200835730A3E0048CA00
 20:50:15.256 t201848FD0A0EF1F1F17B
 20:50:15.256 t20286000002AF2F900F9
 20:50:15.257 t2038992C0A220427FE01
 20:50:15.257 t20480000000000000000
 20:50:15.257 t2058D18822027FFF5000
 20:50:15.356 t200835764A3E0048CA00
 20:50:15.356 t201848FD4A0EF1F1F17B
 20:50:15.356 t20286000402AF2F900F9
 20:50:15.357 t203895914A220F67FDFF
 20:50:15.357 t20480000400000000000
 20:50:15.357 t2058D18862027FFF5000
 20:50:15.456 t200835798A3E0048CA00
 20:50:15.456 t201848FD8A0EF1F1F17B
 20:50:15.456 t20286000802AF2F900F9
 20:50:15.457 t203897068A220587FE01
 20:50:15.457 t20480000800000000000
 20:50:15.457 t2058D188A2027FFF5000
 20:50:15.556 t2008357CCA3E0048CA00
 20:50:15.556 t201848FDCA0EF1F1F17B
 20:50:15.556 t20286000C02AF2F900F9
 20:50:15.556 t2038977ACA22129801FF
 20:50:15.556 t20480000C00000000000
 20:50:15.556 t2058D188E2027FFF5000
 20:50:15.656 t2008357E0A3E0048CA00
 20:50:15.656 t201848FD0A0EF1F1F17B
 20:50:15.656 t20286000002AF2F900F9
 20:50:15.656 t2038992C0A220427FE01
 20:50:15.656 t20480000000000000000
 20:50:15.656 t2058D18822027FFF5000
 20:50:15.756 t200835814A3E0048CA00
 20:50:15.756 t201848FD4A0EF1F1F17B
 20:50:15.756 t20286000402AF2F900F9
 20:50:15.756 t203895914A220F67FDFF
 20:50:15.757 t20480000400000000000
 20:50:15.757 t2058D18862027FFF5000
 20:50:15.856 t200835848A3E0048CA00
 20:50:15.856 t201848FD8A0EF1F1F17B
 20:50:15.856 t20286000802AF2F900F9
 20:50:15.856 t203897068A220587FE01
 20:50:15.857 t20480000800000000000
 20:50:15.857 t2058D188A2027FFF5000
 20:50:15.956 t20083587CA3E0048CA00
 20:50:15.956 t201848FDCA0EF1F1F17B
 20:50:15.956 t20286000C02AF2F900F9
 20:50:15.956 t2038977ACA22129801FF
 20:50:15.957 t20480000C00000000000
 20:50:15.957 t2058D188E2027FFF5000
 20:50:16.056 t200835890A3E0048CA00
 20:50:16.056 t201848FD0A0EF1F1F17B
 20:50:16.057 t20286000002AF2F900F9
 20:50:16.057 t2038992C0A220427FE01
 20:50:16.057 t20480000000000000000
 20:50:16.057 t2058D18822027FFF5000
 20:50:16.155 t2008358C4A3E0048CA00
 20:50:16.156 t201848FD4A0EF1F1F17B
 20:50:16.156 t20286000402AF2F900F9
 20:50:16.156 t203895914A220F67FDFF
 20:50:16.156 t20480000400000000000
 20:50:16.156 t2058D18862027FFF5000
 20:50:16.255 t2008358F8A3E0048CA00
 20:50:16.256 t201848FD8A0EF1F1F17B
 20:50:16.256 t20286000802AF2F900F9
 20:50:16.256 t203897068A220587FE01
 20:50:16.256 t20480000800000000000
 20:50:16.256 t2058D188A2027FFF5000
 20:50:16.355 t20083591CA3E0048CA00
 20:50:16.356 t201848FDCA0EF1F1F17B
 20:50:16.356 t20286000C02AF2F900F9
 20:50:16.356 t2038977ACA22129801FF
 20:50:16.356 t20480000C00000000000
 20:50:16.356 t2058D188E2027FFF5000
 20:50:16.456 t200835940A3E0048CA00
 20:50:16.456 t201848FD0A0EF1F1F17B
 20:50:16.456 t20286000002AF2F900F9
 20:50:16.456 t2038992C0A220427FE01
 20:50:16.456 t20480000000000000000
 20:50:16.456 t2058D18822027FFF5000
 20:50:16.556 t200835974A3E0048CA00
 20:50:16.556 t201848FD4A0EF1F1F17B
 20:50:16.556 t20286000402AF2F900F9
 20:50:16.556 t203895914A220F67FDFF
 20:50:16.556 t20480000400000000000
 20:50:16.557 t2058D18862027FFF5000
 20:50:16.655 t2008359A8A3E0048CA00
 20:50:16.656 t201848FD8A0EF1F1F17B
 20:50:16.656 t20286000802AF2F900F9
 20:50:16.656 t203897068A220587FE01
 20:50:16.656 t20480000800000000000
 20:50:16.656 t2058D188A2027FFF5000
 20:50:16.756 t2008359CCA3E0048CA00
 20:50:16.756 t201848FDCA0EF1F1F17B
 20:50:16.756 t20286000C02AF2F900F9
 20:50:16.756 t2038977ACA22129801FF
 20:50:16.756 t20480000C00000000000
 20:50:16.757 t2058D188E2027FFF5000
 20:50:16.855 t2008359F0A3E0048CA00
 20:50:16.856 t201848FD0A0EF1F1F17B
 20:50:16.856 t20286000002AF2F900F9
 20:50:16.857 t2038992C0A220427FE01
 20:50:16.857 t20480000000000000000
 20:50:16.857 t2058D18822027FFF5000
 20:50:16.955 t200835A24A3E0048CA00
 20:50:16.955 t201848FD4A0EF1F1F17B
 20:50:16.956 t20286000402AF2F900F9
 20:50:16.956 t203895914A220F67FDFF
 20:50:16.956 t20480000400000000000
 20:50:16.956 t2058D18862027FFF5000
 20:50:17.055 t200835A58A3E0048CA00
 20:50:17.055 t201848FD8A0EF1F1F17B
 20:50:17.055 t20286000802AF2F900F9
 20:50:17.056 t203897068A220587FE01
 20:50:17.056 t20480000800000000000
 20:50:17.056 t2058D188A2027FFF5000
 20:50:17.155 t200835A8CA3E0048CA00
 20:50:17.156 t201848FDCA0EF1F1F17B
 20:50:17.156 t20286000C02AF2F900F9
 20:50:17.156 t2038977ACA22129801FF
 20:50:17.156 t20480000C00000000000
 20:50:17.156 t2058D188E2027FFF5000
 20:50:17.255 t200835AA0A3E0048CA00
 20:50:17.256 t201848FD0A0EF1F1F17B
 20:50:17.256 t20286000002AF2F900F9
 20:50:17.256 t2038992C0A220427FE01
 20:50:17.256 t20480000000000000000
 20:50:17.257 t2058D18822027FFF5000
 20:50:17.355 t200835AD4A3E0048CA00
 20:50:17.356 t201848FD4A0EF1F1F17B
 20:50:17.356 t20286000402AF2F900F9
 20:50:17.356 t203895914A220F67FDFF
 20:50:17.356 t20480000400000000000
 20:50:17.356 t2058D18862027FFF5000
 20:50:17.455 t200835B08A3E0048CA00
 20:50:17.456 t201848FD8A0EF1F1F17B
 20:50:17.456 t20286000802AF2F900F9
 20:50:17.456 t203897068A220587FE01
 20:50:17.456 t20480000800000000000
 20:50:17.457 t2058D188A2027FFF5000
 20:50:17.555 t200835B3CA3E0048CA00
 20:50:17.555 t201848FDCA0EF1F1F17B
 20:50:17.555 t20286000C02AF2F900F9
 20:50:17.555 t2038977ACA22129801FF
 20:50:17.556 t20480000C00000000000
 20:50:17.556 t2058D188E2027FFF5000
 20:50:17.655 t200835B50A3E0048CA00
 20:50:17.655 t201848FD0A0EF1F1F17B
 20:50:17.655 t20286000002AF2F900F9
 20:50:17.655 t2038992C0A220427FE01
 20:50:17.655 t20480000000000000000
 20:50:17.656 t2058D18822027FFF5000
 20:50:17.755 t200835B84A3E0048CA00
 20:50:17.755 t201848FD4A0EF1F1F17B
 20:50:17.755 t20286000402AF2F900F9
 20:50:17.756 t203895914A220F67FDFF
 20:50:17.756 t20480000400000000000
 20:50:17.756 t2058D18862027FFF5000
 20:50:17.855 t200835BB8A3E0048CA00
 20:50:17.855 t201848FD8A0EF1F1F17B
 20:50:17.856 t20286000802AF2F900F9
 20:50:17.856 t203897068A220587FE01
 20:50:17.856 t20480000800000000000
 20:50:17.856 t2058D188A2027FFF5000
 20:50:17.955 t200835BECA3E0048CA00
 20:50:17.955 t201848FDCA0EF1F1F17B
 20:50:17.956 t20286000C02AF2F900F9
 20:50:17.956 t2038977ACA22129801FF
 20:50:17.956 t20480000C00000000000
 20:50:17.956 t2058D188E2027FFF5000
 20:50:18.055 t200835C10A3E0048CA00
 20:50:18.055 t201848FD0A0EF1F1F17B
 20:50:18.056 t20286000002AF2F900F9
 20:50:18.056 t2038992C0A220427FE01
 20:50:18.056 t20480000000000000000
 20:50:18.056 t2058D18822027FFF5000
 20:50:18.155 t200835C34A3E0048CA00
 20:50:18.155 t201848FD4A0EF1F1F17B
 20:50:18.156 t20286000402AF2F900F9
 20:50:18.156 t203895914A220F67FDFF
 20:50:18.156 t20480000400000000000
 20:50:18.156 t2058D18862027FFF5000
 20:50:18.255 t200835C68A3E0048CA00
 20:50:18.255 t201848FD8A0EF1F1F17B
 20:50:18.255 t20286000802AF2F900F9
 20:50:18.255 t203897068A220587FE01
 20:50:18.255 t20480000800000000000
 20:50:18.255 t2058D188A2027FFF5000
 20:50:18.355 t200835C9CA3E0048CA00
 20:50:18.355 t201848FDCA0EF1F1F17B
 20:50:18.355 t20286000C02AF2F900F9
 20:50:18.355 t2038977ACA22129801FF
 20:50:18.355 t20480000C00000000000
 20:50:18.355 t2058D188E2027FFF5000
 20:50:18.455 t200835CC0A3E0048CA00
 20:50:18.455 t201848FD0A0EF1F1F17B
 20:50:18.456 t20286000002AF2F900F9
 20:50:18.456 t2038992C0A220427FE01
 20:50:18.456 t20480000000000000000
 20:50:18.456 t2058D18822027FFF5000
 20:50:18.555 t200835CE4A3E0048CA00
 20:50:18.555 t201848FD4A0EF1F1F17B
 20:50:18.555 t20286000402AF2F900F9
 20:50:18.555 t203895914A220F67FDFF
 20:50:18.555 t20480000400000000000
 20:50:18.556 t2058D18862027FFF5000
 20:50:18.655 t200835D18A3E0048CA00
 20:50:18.655 t201848FD8A0EF1F1F17B
 20:50:18.655 t20286000802AF2F900F9
 20:50:18.656 t203897068A220587FE01
 20:50:18.656 t20480000800000000000
 20:50:18.656 t2058D188A2027FFF5000
 20:50:18.755 t200835D4CA3E0048CA00
 20:50:18.755 t201848FDCA0EF1F1F17B
 20:50:18.756 t20286000C02AF2F900F9
 20:50:18.756 t2038977ACA22129801FF
 20:50:18.756 t20480000C00000000000
 20:50:18.756 t2058D188E2027FFF5000
 20:50:18.855 t200835D70A3E0048CA00
 20:50:18.855 t201848FD0A0EF1F1F17B
 20:50:18.855 t20286000002AF2F900F9
 20:50:18.855 t2038992C0A220427FE01
 20:50:18.855 t20480000000000000000
 20:50:18.855 t2058D18822027FFF5000
 20:50:18.955 t200835DA4A3E0048CA00
 20:50:18.955 t201848FD4A0EF1F1F17B
 20:50:18.955 t20286000402AF2F900F9
 20:50:18.955 t203895914A220F67FDFF
 20:50:18.955 t20480000400000000000
 20:50:18.955 t2058D18862027FFF5000
 20:50:19.056 t200835DC8A3E0048CA00
 20:50:19.056 t201848FD8A0EF1F1F17B
 20:50:19.056 t20286000802AF2F900F9
 20:50:19.056 t203897068A220587FE01
 20:50:19.057 t20480000800000000000
 20:50:19.057 t2058D188A2027FFF5000
 20:50:19.156 t200835DFCA3E0048CA00
 20:50:19.157 t201848FDCA0EF1F1F17B
 20:50:19.157 t20286000C02AF2F900F9
 20:50:19.157 t2038977ACA22129801FF
 20:50:19.157 t20480000C00000000000
 20:50:19.157 t2058D188E2027FFF5000
 20:50:19.256 t200835E20A3E0048CA00
 20:50:19.256 t201848FD0A0EF1F1F17B
 20:50:19.256 t20286000002AF2F900F9
 20:50:19.257 t2038992C0A220427FE01
 20:50:19.257 t20480000000000000000
 20:50:19.257 t2058D18822027FFF5000
 20:50:19.356 t200835E54A3E0048CA00
 20:50:19.356 t201848FD4A0EF1F1F17B
 20:50:19.356 t20286000402AF2F900F9
 20:50:19.357 t203895914A220F67FDFF
 20:50:19.357 t20480000400000000000
 20:50:19.357 t2058D18862027FFF5000
 20:50:19.456 t200835E78A3E0048CA00
 20:50:19.456 t201848FD8A0EF1F1F17B
 20:50:19.456 t20286000802AF2F900F9
 20:50:19.457 t203897068A220587FE01
 20:50:19.457 t20480000800000000000
 20:50:19.457 t2058D188A2027FFF5000
 20:50:19.556 t200835EACA3E0048CA00
 20:50:19.556 t201848FDCA0EF1F1F17B
 20:50:19.556 t20286000C02AF2F900F9
 20:50:19.556 t2038977ACA22129801FF
 20:50:19.556 t20480000C00000000000
 20:50:19.556 t2058D188E2027FFF5000
 20:50:19.655 t200835ED0A3E0048CA00
 20:50:19.656 t201848FD0A0EF1F1F17B
 20:50:19.656 t20286000002AF2F900F9
 20:50:19.656 t2038992C0A220427FE01
 20:50:19.656 t20480000000000000000
 20:50:19.656 t2058D18822027FFF5000
 20:50:19.755 t200835F04A3E0048CA00
 20:50:19.756 t201848FD4A0EF1F1F17B
 20:50:19.756 t20286000402AF2F900F9
 20:50:19.756 t203895914A220F67FDFF
 20:50:19.756 t20480000400000000000
 20:50:19.756 t2058D18862027FFF5000
 20:50:19.855 t200835F38A3E0048CA00
 20:50:19.856 t201848FD8A0EF1F1F17B
 20:50:19.856 t20286000802AF2F900F9
 20:50:19.856 t203897068A220587FE01
 20:50:19.856 t20480000800000000000
 20:50:19.856 t2058D188A2027FFF5000
 20:50:19.955 t200835F5CA3E0048CA00
 20:50:19.956 t201848FDCA0EF1F1F17B
 20:50:19.956 t20286000C02AF2F900F9
 20:50:19.956 t2038977ACA22129801FF
 20:50:19.956 t20480000C00000000000
 20:50:19.956 t2058D188E2027FFF5000
 20:50:20.056 t200835F80A3E0048CA00
 20:50:20.056 t201848FD0A0EF1F1F17B
 20:50:20.056 t20286000002AF2F900F9
 20:50:20.056 t2038992C0A220427FE01
 20:50:20.056 t20480000000000000000
 20:50:20.057 t2058D18822027FFF5000
 20:50:20.156 t200835FB4A3E0048CA00
 20:50:20.156 t201848FD4A0EF1F1F17B
 20:50:20.156 t20286000402AF2F900F9
 20:50:20.156 t203895914A220F67FDFF
 20:50:20.156 t20480000400000000000
 20:50:20.157 t2058D18862027FFF5000
 20:50:20.256 t200835FE8A3E0048CA00
 20:50:20.256 t201848FD8A0EF1F1F17B
 20:50:20.256 t20286000802AF2F900F9
 20:50:20.256 t203897068A220587FE01
 20:50:20.256 t20480000800000000000
 20:50:20.257 t2058D188A2027FFF5000
 20:50:20.355 t20083600CA3E0048CA00
 20:50:20.355 t201848FDCA0EF1F1F17B
 20:50:20.355 t20286000C02AF2F900F9
 20:50:20.356 t2038977ACA22129801FF
 20:50:20.356 t20480000C00000000000
 20:50:20.356 t2058D188E2027FFF5000
 20:50:20.455 t200836030A3E0048CA00
 20:50:20.455 t201848FD0A0EF1F1F17B
 20:50:20.455 t20286000002AF2F900F9
 20:50:20.456 t2038992C0A220427FE01
 20:50:20.456 t20480000000000000000
 20:50:20.456 t2058D18822027FFF5000
 20:50:20.555 t200836064A3E0048CA00
 20:50:20.556 t201848FD4A0EF1F1F17B
 20:50:20.556 t20286000402AF2F900F9
 20:50:20.556 t203895914A220F67FDFF
 20:50:20.556 t20480000400000000000
 20:50:20.557 t2058D18862027FFF5000
 20:50:20.655 t200836098A3E0048CA00
 20:50:20.656 t201848FD8A0EF1F1F17B
 20:50:20.656 t20286000802AF2F900F9
 20:50:20.656 t203897068A220587FE01
 20:50:20.656 t20480000800000000000
 20:50:20.656 t2058D188A2027FFF5000
 20:50:20.755 t2008360CCA3E0048CA00
 20:50:20.756 t201848FDCA0EF1F1F17B
 20:50:20.756 t20286000C02AF2F900F9
 20:50:20.756 t2038977ACA22129801FF
 20:50:20.756 t20480000C00000000000
 20:50:20.757 t2058D188E2027FFF5000
 20:50:20.855 t2008360E0A3E0048CA00
 20:50:20.856 t201848FD0A0EF1F1F17B
 20:50:20.856 t20286000002AF2F900F9
 20:50:20.856 t2038992C0A220427FE01
 20:50:20.856 t20480000000000000000
 20:50:20.856 t2058D18822027FFF5000
 20:50:20.955 t200836114A3E0048CA00
 20:50:20.956 t201848FD4A0EF1F1F17B
 20:50:20.956 t20286000402AF2F900F9
 20:50:20.956 t203895914A220F67FDFF
 20:50:20.956 t20480000400000000000
 20:50:20.956 t2058D18862027FFF5000
 20:50:21.055 t200836148A3E0048CA00
 20:50:21.055 t201848FD8A0EF1F1F17B
 20:50:21.055 t20286000802AF2F900F9
 20:50:21.055 t203897068A220587FE01
 20:50:21.056 t20480000800000000000
 20:50:21.056 t2058D188A2027FFF5000
 20:50:21.155 t20083617CA3E0048CA00
 20:50:21.155 t201848FDCA0EF1F1F17B
 20:50:21.155 t20286000C02AF2F900F9
 20:50:21.155 t2038977ACA22129801FF
 20:50:21.155 t20480000C00000000000
 20:50:21.156 t2058D188E2027FFF5000
 20:50:21.255 t200836190A3E0048CA00
 20:50:21.255 t201848FD0A0EF1F1F17B
 20:50:21.256 t20286000002AF2F900F9
 20:50:21.256 t2038992C0A220427FE01
 20:50:21.256 t20480000000000000000
 20:50:21.256 t2058D18822027FFF5000
 20:50:21.355 t2008361C4A3E0048CA00
 20:50:21.355 t201848FD4A0EF1F1F17B
 20:50:21.356 t20286000402AF2F900F9
 20:50:21.356 t203895914A220F67FDFF
 20:50:21.356 t20480000400000000000
 20:50:21.356 t2058D18862027FFF5000
 20:50:21.455 t2008361F8A3E0048CA00
 20:50:21.455 t201848FD8A0EF1F1F17B
 20:50:21.456 t20286000802AF2F900F9
 20:50:21.456 t203897068A220587FE01
 20:50:21.456 t20480000800000000000
 20:50:21.456 t2058D188A2027FFF5000
 20:50:21.555 t20083622CA3E0048CA00
 20:50:21.555 t201848FDCA0EF1F1F17B
 20:50:21.556 t20286000C02AF2F900F9
 20:50:21.556 t2038977ACA22129801FF
 20:50:21.556 t20480000C00000000000
 20:50:21.556 t2058D188E2027FFF5000
 20:50:21.655 t200836250A3E0048CA00
 20:50:21.655 t201848FD0A0EF1F1F17B
 20:50:21.655 t20286000002AF2F900F9
 20:50:21.656 t2038992C0A220427FE01
 20:50:21.656 t20480000000000000000
 20:50:21.656 t2058D18822027FFF5000
 20:50:21.755 t200836274A3E0048CA00
 20:50:21.755 t201848FD4A0EF1F1F17B
 20:50:21.755 t20286000402AF2F900F9
 20:50:21.755 t203895914A220F67FDFF
 20:50:21.755 t20480000400000000000
 20:50:21.755 t2058D18862027FFF5000
 20:50:21.855 t2008362A8A3E0048CA00
 20:50:21.855 t201848FD8A0EF1F1F17B
 20:50:21.855 t20286000802AF2F900F9
 20:50:21.856 t203897068A220587FE01
 20:50:21.856 t20480000800000000000
 20:50:21.856 t2058D188A2027FFF5000
 20:50:21.955 t2008362DCA3E0048CA00
 20:50:21.955 t201848FDCA0EF1F1F17B
 20:50:21.956 t20286000C02AF2F900F9
 20:50:21.956 t2038977ACA22129801FF
 20:50:21.956 t20480000C00000000000
 20:50:21.956 t2058D188E2027FFF5000
 20:50:22.055 t200836300A3E0048CA00
 20:50:22.055 t201848FD0A0EF1F1F17B
 20:50:22.055 t20286000002AF2F900F9
 20:50:22.056 t2038992C0A220427FE01
 20:50:22.056 t20480000000000000000
 20:50:22.056 t2058D18822027FFF5000
 20:50:22.155 t200836324A3E0048CA00
 20:50:22.155 t201848FD4A0EF1F1F17B
 20:50:22.155 t20286000402AF2F900F9
 20:50:22.156 t203895914A220F67FDFF
 20:50:22.156 t20480000400000000000
 20:50:22.156 t2058D18862027FFF5000
 20:50:22.255 t200836358A3E0048CA00
 20:50:22.255 t201848FD8A0EF1F1F17B
 20:50:22.255 t20286000802AF2F900F9
 20:50:22.256 t203897068A220587FE01
 20:50:22.256 t20480000800000000000
 20:50:22.256 t2058D188A2027FFF5000
 20:50:22.355 t20083638CA3E0048CA00
 20:50:22.355 t201848FDCA0EF1F1F17B
 20:50:22.355 t20286000C02AF2F900F9
 20:50:22.355 t2038977ACA22129801FF
 20:50:22.355 t20480000C00000000000
 20:50:22.355 t2058D188E2027FFF5000
 20:50:22.455 t2008363B0A3E0048CA00
 20:50:22.455 t201848FD0A0EF1F1F17B
 20:50:22.455 t20286000002AF2F900F9
 20:50:22.455 t2038992C0A220427FE01
 20:50:22.455 t20480000000000000000
 20:50:22.455 t2058D18822027FFF5000
 20:50:22.556 t2008363E4A3E0048CA00
 20:50:22.556 t201848FD4A0EF1F1F17B
 20:50:22.556 t20286000402AF2F900F9
 20:50:22.557 t203895914A220F67FDFF
 20:50:22.557 t20480000400000000000
 20:50:22.557 t2058D18862027FFF5000
 20:50:22.656 t200836408A3E0048CA00
 20:50:22.656 t201848FD8A0EF1F1F17B
 20:50:22.656 t20286000802AF2F900F9
 20:50:22.657 t203897068A220587FE01
 20:50:22.657 t20480000800000000000
 20:50:22.657 t2058D188A2027FFF5000
 20:50:22.757 t20083643CA3E0048CA00
 20:50:22.757 t201848FDCA0EF1F1F17B
 20:50:22.757 t20286000C02AF2F900F9
 20:50:22.757 t2038977ACA22129801FF
 20:50:22.757 t20480000C00000000000
 20:50:22.757 t2058D188E2027FFF5000
 20:50:22.856 t200836460A3E0048CA00
 20:50:22.856 t201848FD0A0EF1F1F17B
 20:50:22.856 t20286000002AF2F900F9
 20:50:22.857 t2038992C0A220427FE01
 20:50:22.857 t20480000000000000000
 20:50:22.857 t2058D18822027FFF5000
 20:50:22.956 t200836494A3E0048CA00
 20:50:22.956 t201848FD4A0EF1F1F17B
 20:50:22.956 t20286000402AF2F900F9
 20:50:22.956 t203895914A220F67FDFF
 20:50:22.956 t20480000400000000000
 20:50:22.956 t2058D18862027FFF5000
 20:50:23.056 t2008364B8A3E0048CA00
 20:50:23.056 t201848FD8A0EF1F1F17B
 20:50:23.056 t20286000802AF2F900F9
 20:50:23.056 t203897068A220587FE01
 20:50:23.056 t20480000800000000000
 20:50:23.056 t2058D188A2027FFF5000
 20:50:23.155 t2008364ECA3E0048CA00
 20:50:23.156 t201848FDCA0EF1F1F17B
 20:50:23.156 t20286000C02AF2F900F9
 20:50:23.156 t2038977ACA22129801FF
 20:50:23.156 t20480000C00000000000
 20:50:23.156 t2058D188E2027FFF5000
 20:50:23.256 t200836510A3E0048CA00
 20:50:23.256 t201848FD0A0EF1F1F17B
 20:50:23.256 t20286000002AF2F900F9
 20:50:23.257 t2038992C0A220427FE01
 20:50:23.257 t20480000000000000000
 20:50:23.257 t2058D18822027FFF5000
 20:50:23.356 t200836544A3E0048CA00
 20:50:23.356 t201848FD4A0EF1F1F17B
 20:50:23.356 t20286000402AF2F900F9
 20:50:23.356 t203895914A220F67FDFF
 20:50:23.357 t20480000400000000000
 20:50:23.357 t2058D18862027FFF5000
 20:50:23.456 t200836578A3E0048CA00
 20:50:23.456 t201848FD8A0EF1F1F17B
 20:50:23.456 t20286000802AF2F900F9
 20:50:23.456 t203897068A220587FE01
 20:50:23.457 t20480000800000000000
 20:50:23.457 t2058D188A2027FFF5000
 20:50:23.556 t20083659CA3E0048CA00
 20:50:23.556 t201848FDCA0EF1F1F17B
 20:50:23.556 t20286000C02AF2F900F9
 20:50:23.556 t2038977ACA22129801FF
 20:50:23.557 t20480000C00000000000
 20:50:23.557 t2058D188E2027FFF5000
 20:50:23.655 t2008365C0A3E0048CA00
 20:50:23.655 t201848FD0A0EF1F1F17B
 20:50:23.656 t20286000002AF2F900F9
 20:50:23.656 t2038992C0A220427FE01
 20:50:23.656 t20480000000000000000
 20:50:23.656 t2058D18822027FFF5000
 20:50:23.755 t2008365F4A3E0048CA00
 20:50:23.755 t201848FD4A0EF1F1F17B
 20:50:23.756 t20286000402AF2F900F9
 20:50:23.756 t203895914A220F67FDFF
 20:50:23.756 t20480000400000000000
 20:50:23.756 t2058D18862027FFF5000
 20:50:23.856 t200836628A3E0048CA00
 20:50:23.856 t201848FD8A0EF1F1F17B
 20:50:23.856 t20286000802AF2F900F9
 20:50:23.856 t203897068A220587FE01
 20:50:23.856 t20480000800000000000
 20:50:23.857 t2058D188A2027FFF5000
 20:50:23.956 t20083664CA3E0048CA00
 20:50:23.956 t201848FDCA0EF1F1F17B
 20:50:23.956 t20286000C02AF2F900F9
 20:50:23.956 t2038977ACA22129801FF
 20:50:23.956 t20480000C00000000000
 20:50:23.957 t2058D188E2027FFF5000
 20:50:24.056 t200836670A3E0048CA00
 20:50:24.056 t201848FD0A0EF1F1F17B
 20:50:24.056 t20286000002AF2F900F9
 20:50:24.056 t2038992C0A220427FE01
 20:50:24.056 t20480000000000000000
 20:50:24.057 t2058D18822027FFF5000
 20:50:24.155 t2008366A4A3E0048CA00
 20:50:24.156 t201848FD4A0EF1F1F17B
 20:50:24.156 t20286000402AF2F900F9
 20:50:24.156 t203895914A220F67FDFF
 20:50:24.156 t20480000400000000000
 20:50:24.157 t2058D18862027FFF5000
 20:50:24.255 t2008366D8A3E0048CA00
 20:50:24.255 t201848FD8A0EF1F1F17B
 20:50:24.255 t20286000802AF2F900F9
 20:50:24.256 t203897068A220587FE01
 20:50:24.256 t20480000800000000000
 20:50:24.256 t2058D188A2027FFF5000
 20:50:24.355 t20083670CA3E0048CA00
 20:50:24.355 t201848FDCA0EF1F1F17B
 20:50:24.355 t20286000C02AF2F900F9
 20:50:24.356 t2038977ACA22129801FF
 20:50:24.356 t20480000C00000000000
 20:50:24.356 t2058D188E2027FFF5000
 20:50:24.455 t200836720A3E0048CA00
 20:50:24.455 t201848FD0A0EF1F1F17B
 20:50:24.455 t20286000002AF2F900F9
 20:50:24.455 t2038992C0A220427FE01
 20:50:24.456 t20480000000000000000
 20:50:24.456 t2058D18822027FFF5000
 20:50:24.555 t200836754A3E0048CA00
 20:50:24.556 t201848FD4A0EF1F1F17B
 20:50:24.556 t20286000402AF2F900F9
 20:50:24.556 t203895914A220F67FDFF
 20:50:24.556 t20480000400000000000
 20:50:24.556 t2058D18862027FFF5000
 20:50:24.655 t200836788A3E0048CA00
 20:50:24.656 t201848FD8A0EF1F1F17B
 20:50:24.656 t20286000802AF2F900F9
 20:50:24.657 t203897068A220587FE01
 20:50:24.657 t20480000800000000000
 20:50:24.657 t2058D188A2027FFF5000
 20:50:24.755 t2008367BCA3E0048CA00
 20:50:24.755 t201848FDCA0EF1F1F17B
 20:50:24.756 t20286000C02AF2F900F9
 20:50:24.756 t2038977ACA22129801FF
 20:50:24.756 t20480000C00000000000
 20:50:24.756 t2058D188E2027FFF5000
 20:50:24.855 t2008367D0A3E0048CA00
 20:50:24.855 t201848FD0A0EF1F1F17B
 20:50:24.856 t20286000002AF2F900F9
 20:50:24.856 t2038992C0A220427FE01
 20:50:24.856 t20480000000000000000
 20:50:24.856 t2058D18822027FFF5000
 20:50:24.955 t200836804A3E0048CA00
 20:50:24.955 t201848FD4A0EF1F1F17B
 20:50:24.956 t20286000402AF2F900F9
 20:50:24.956 t203895914A220F67FDFF
 20:50:24.956 t20480000400000000000
 20:50:24.956 t2058D18862027FFF5000
 20:50:25.055 t200836838A3E0048CA00
 20:50:25.055 t201848FD8A0EF1F1F17B
 20:50:25.055 t20286000802AF2F900F9
 20:50:25.055 t203897068A220587FE01
 20:50:25.055 t20480000800000000000
 20:50:25.056 t2058D188A2027FFF5000
 20:50:25.155 t20083686CA3E0048CA00
 20:50:25.155 t20185A6BCA0CF1F1F17C
 20:50:25.156 t20286000C02AF2F900F9
 20:50:25.156 t2038977ACA22129801FF
 20:50:25.156 t20480000C00000000000
 20:50:25.156 t2058D188E2027FFF5000
 20:50:25.255 t200836890A3E0048CA00
 20:50:25.255 t201848FD0A0EF1F1F17B
 20:50:25.256 t20286000002AF2F900F9
 20:50:25.256 t2038992C0A220427FE01
 20:50:25.256 t20480000000000000000
 20:50:25.256 t2058D18822027FFF5000
 20:50:25.355 t2008368B4A3E0048CA00
 20:50:25.355 t20185A6B4A0EF1F1F17C
 20:50:25.355 t20286000402AF2F900F9
 20:50:25.356 t203895914A220F67FDFF
 20:50:25.356 t20480000400000000000
 20:50:25.356 t2058D18862027FFF5000
 20:50:25.455 t2008368E8A3E0048CA00
 20:50:25.455 t201848FD8A0EF1F1F17B
 20:50:25.455 t20286000802AF2F900F9
 20:50:25.456 t203897068A220587FE01
 20:50:25.456 t20480000800000000000
 20:50:25.456 t2058D188A2027FFF5000
 20:50:25.555 t20083691CA3E0048CA00
 20:50:25.555 t20185A6BCA0EF1F1F17C
 20:50:25.556 t20286000C02AF2F900F9
 20:50:25.556 t2038977ACA22129801FF
 20:50:25.556 t20480000C00000000000
 20:50:25.556 t2058D188E2027FFF5000
 20:50:25.655 t200836940A3E0048CA00
 20:50:25.655 t201848FD0A0EF1F1F17B
 20:50:25.655 t20286000002AF2F900F9
 20:50:25.655 t2038992C0A220427FE01
 20:50:25.655 t20480000000000000000
 20:50:25.655 t2058D18822027FFF5000
 20:50:25.755 t200836964A3E0048CA00
 20:50:25.755 t20185A6B4A0EF1F1F17C
 20:50:25.755 t20286000402AF2F900F9
 20:50:25.755 t203895914A220F67FDFF
 20:50:25.755 t20480000400000000000
 20:50:25.755 t2058D18862027FFF5000
 20:50:25.855 t200836998A3E0048CA00
 20:50:25.855 t201848FD8A0EF1F1F17B
 20:50:25.855 t20286000802AF2F900F9
 20:50:25.855 t203897068A220587FE01
 20:50:25.855 t20480000800000000000
 20:50:25.855 t2058D188A2027FFF5000
 20:50:25.955 t2008369CCA3E0048CA00
 20:50:25.955 t20185A6BCA0EF1F1F17C
 20:50:25.955 t20286000C02AF2F900F9
 20:50:25.956 t2038977ACA22129801FF
 20:50:25.956 t20480000C00000000000
 20:50:25.956 t2058D188E2027FFF5000
 20:50:26.056 t2008369F0A3E0048CA00
 20:50:26.056 t201848FD0A0EF1F1F17B
 20:50:26.056 t20286000002AF2F900F9
 20:50:26.057 t2038992C0A220427FE01
 20:50:26.057 t20480000000000000000
 20:50:26.057 t2058D18822027FFF5000
 20:50:26.156 t200836A24A3E0048CA00
 20:50:26.156 t20185A6B4A0EF1F1F17C
 20:50:26.156 t20286000402AF2F900F9
 20:50:26.156 t203895914A220F67FDFF
 20:50:26.157 t20480000400000000000
 20:50:26.157 t2058D18862027FFF5000
 20:50:26.256 t200836A48A3E0048CA00
 20:50:26.256 t201848FD8A0EF1F1F17B
 20:50:26.256 t20286000802AF2F900F9
 20:50:26.256 t203897068A220587FE01
 20:50:26.257 t20480000800000000000
 20:50:26.257 t2058D188A2027FFF5000
 20:50:26.355 t200836A7CA3E0048CA00
 20:50:26.356 t20185A6BCA0EF1F1F17C
 20:50:26.356 t20286000C02AF2F900F9
 20:50:26.356 t2038977ACA22129801FF
 20:50:26.356 t20480000C00000000000
 20:50:26.356 t2058D188E2027FFF5000
 20:50:26.455 t200836AA0A3E0048CA00
 20:50:26.456 t201848FD0A0EF1F1F17B
 20:50:26.456 t20286000002AF2F900F9
 20:50:26.456 t2038992C0A220427FE01
 20:50:26.456 t20480000000000000000
 20:50:26.457 t2058D18822027FFF5000
 20:50:26.556 t200836AD4A3E0048CA00
 20:50:26.556 t20185A6B4A0EF1F1F17C
 20:50:26.556 t20286000402AF2F900F9
 20:50:26.557 t203895914A220F67FDFF
 20:50:26.557 t20480000400000000000
 20:50:26.557 t2058D18862027FFF5000
 20:50:26.656 t200836AF8A3E0048CA00
 20:50:26.656 t201848FD8A0EF1F1F17B
 20:50:26.656 t20286000802AF2F900F9
 20:50:26.656 t203897068A220587FE01
 20:50:26.657 t20480000800000000000
 20:50:26.657 t2058D188A2027FFF5000
 20:50:26.756 t200836B2CA3E0048CA00
 20:50:26.756 t20185A6BCA0EF1F1F17C
 20:50:26.756 t20286000C02AF2F900F9
 20:50:26.756 t2038977ACA22129801FF
 20:50:26.757 t20480000C00000000000
 20:50:26.757 t2058D188E2027FFF5000
 20:50:26.856 t200836B50A3E0048CA00
 20:50:26.856 t201848FD0A0EF1F1F17B
 20:50:26.856 t20286000002AF2F900F9
 20:50:26.856 t2038992C0A220427FE01
 20:50:26.856 t20480000000000000000
 20:50:26.857 t2058D18822027FFF5000
 20:50:26.955 t200836B84A3E0048CA00
 20:50:26.956 t20185A6B4A0EF1F1F17C
 20:50:26.956 t20286000402AF2F900F9
 20:50:26.956 t203895914A220F67FDFF
 20:50:26.956 t20480000400000000000
 20:50:26.957 t2058D18862027FFF5000
 20:50:27.055 t200836BB8A3E0048CA00
 20:50:27.056 t201848FD8A0EF1F1F17B
 20:50:27.056 t20286000802AF2F900F9
 20:50:27.056 t203897068A220587FE01
 20:50:27.056 t20480000800000000000
 20:50:27.056 t2058D188A2027FFF5000
 20:50:27.156 t200836BDCA3E0048CA00
 20:50:27.156 t20185A6BCA0EF1F1F17C
 20:50:27.156 t20286000C02AF2F900F9
 20:50:27.156 t2038977ACA22129801FF
 20:50:27.156 t20480000C00000000000
 20:50:27.157 t2058D188E2027FFF5000
 20:50:27.256 t200836C00A3E0048CA00
 20:50:27.256 t201848FD0A0EF1F1F17B
 20:50:27.256 t20286000002AF2F900F9
 20:50:27.256 t2038992C0A220427FE01
 20:50:27.256 t20480000000000000000
 20:50:27.257 t2058D18822027FFF5000
 20:50:27.355 t200836C34A3E0048CA00
 20:50:27.356 t20185A6B4A0EF1F1F17C
 20:50:27.356 t20286000402AF2F900F9
 20:50:27.356 t203895914A220F67FDFF
 20:50:27.356 t20480000400000000000
 20:50:27.356 t2058D18862027FFF5000
 20:50:27.455 t200836C68A3E0048CA00
 20:50:27.455 t201848FD8A0EF1F1F17B
 20:50:27.456 t20286000802AF2F900F9
 20:50:27.456 t203897068A220587FE01
 20:50:27.456 t20480000800000000000
 20:50:27.456 t2058D188A2027FFF5000
 20:50:27.555 t200836C8CA3E0048CA00
 20:50:27.556 t20185A6BCA0EF1F1F17C
 20:50:27.556 t20286000C02AF2F900F9
 20:50:27.556 t2038977ACA22129801FF
 20:50:27.556 t20480000C00000000000
 20:50:27.557 t2058D188E2027FFF5000
 20:50:27.655 t200836CB0A3E0048CA00
 20:50:27.655 t201848FD0A0EF1F1F17B
 20:50:27.655 t20286000002AF2F900F9
 20:50:27.655 t2038992C0A220427FE01
 20:50:27.656 t20480000000000000000
 20:50:27.656 t2058D18822027FFF5000
 20:50:27.755 t200836CE4A3E0048CA00
 20:50:27.755 t20185A6B4A0EF1F1F17C
 20:50:27.755 t20286000402AF2F900F9
 20:50:27.755 t203895914A220F67FDFF
 20:50:27.756 t20480000400000000000
 20:50:27.756 t2058D18862027FFF5000
 20:50:27.855 t200836D18A3E0048CA00
 20:50:27.856 t201848FD8A0EF1F1F17B
 20:50:27.856 t20286000802AF2F900F9
 20:50:27.856 t203897068A220587FE01
 20:50:27.856 t20480000800000000000
 20:50:27.856 t2058D188A2027FFF5000
 20:50:27.955 t200836D4CA3E0048CA00
 20:50:27.955 t20185A6BCA0EF1F1F17C
 20:50:27.956 t20286000C02AF2F900F9
 20:50:27.956 t2038977ACA22129801FF
 20:50:27.956 t20480000C00000000000
 20:50:27.956 t2058D188E2027FFF5000
 20:50:28.055 t200836D60A3E0048CA00
 20:50:28.056 t201848FD0A0EF1F1F17B
 20:50:28.056 t20286000002AF2F900F9
 20:50:28.056 t2038992C0A220427FE01
 20:50:28.056 t20480000000000000000
 20:50:28.056 t2058D18822027FFF5000
 20:50:28.155 t200836D94A3E0048CA00
 20:50:28.155 t20185A6B4A0EF1F1F17C
 20:50:28.156 t20286000402AF2F900F9
 20:50:28.156 t203895914A220F67FDFF
 20:50:28.156 t20480000400000000000
 20:50:28.156 t2058D18862027FFF5000
 20:50:28.255 t200836DC8A3E0048CA00
 20:50:28.255 t201848FD8A0EF1F1F17B
 20:50:28.255 t20286000802AF2F900F9
 20:50:28.255 t203897068A220587FE01
 20:50:28.256 t20480000800000000000
 20:50:28.256 t2058D188A2027FFF5000
 20:50:28.355 t200836DFCA3E0048CA00
 20:50:28.355 t20185A6BCA0EF1F1F17C
 20:50:28.355 t20286000C02AF2F900F9
 20:50:28.355 t2038977ACA22129801FF
 20:50:28.355 t20480000C00000000000
 20:50:28.356 t2058D188E2027FFF5000
 20:50:28.455 t200836E10A3E0048CA00
 20:50:28.455 t201848FD0A0EF1F1F17B
 20:50:28.455 t20286000002AF2F900F9
 20:50:28.455 t2038992C0A220427FE01
 20:50:28.455 t20480000000000000000
 20:50:28.456 t2058D18822027FFF5000
 20:50:28.555 t200836E44A3E0048CA00
 20:50:28.555 t20185A6B4A0EF1F1F17C
 20:50:28.555 t20286000402AF2F900F9
 20:50:28.555 t203895914A220F67FDFF
 20:50:28.555 t20480000400000000000
 20:50:28.555 t2058D18862027FFF5000
 20:50:28.655 t200836E78A3E0048CA00
 20:50:28.655 t201848FD8A0EF1F1F17B
 20:50:28.655 t20286000802AF2F900F9
 20:50:28.656 t203897068A220587FE01
 20:50:28.656 t20480000800000000000
 20:50:28.656 t2058D188A2027FFF5000
 20:50:28.755 t200836EACA3E0048CA00
 20:50:28.755 t20185A6BCA0EF1F1F17C
 20:50:28.756 t20286000C02AF2F900F9
 20:50:28.756 t2038977ACA22129801FF
 20:50:28.756 t20480000C00000000000
 20:50:28.756 t2058D188E2027FFF5000
 20:50:28.855 t200836ED0A3E0048CA00
 20:50:28.855 t201848FD0A0EF1F1F17B
 20:50:28.856 t20286000002AF2F900F9
 20:50:28.856 t2038992C0A220427FE01
 20:50:28.856 t20480000000000000000
 20:50:28.856 t2058D18822027FFF5000
 20:50:28.955 t200836EF4A3E0048CA00
 20:50:28.955 t20185A6B4A0EF1F1F17C
 20:50:28.955 t20286000402AF2F900F9
 20:50:28.955 t203895914A220F67FDFF
 20:50:28.955 t20480000400000000000
 20:50:28.955 t2058D18862027FFF5000
 20:50:29.055 t200836F28A3E0048CA00
 20:50:29.055 t201848FD8A0EF1F1F17B
 20:50:29.055 t20286000802AF2F900F9
 20:50:29.055 t203897068A220587FE01
 20:50:29.055 t20480000800000000000
 20:50:29.055 t2058D188A2027FFF5000
 20:50:29.155 t200836F5CA3E0048CA00
 20:50:29.155 t20185A6BCA0EF1F1F17C
 20:50:29.155 t20286000C02AF2F900F9
 20:50:29.155 t2038977ACA22129801FF
 20:50:29.155 t20480000C00000000000
 20:50:29.155 t2058D188E2027FFF5000
 20:50:29.255 t200836F80A3E0048CA00
 20:50:29.255 t201848FD0A0EF1F1F17B
 20:50:29.256 t20286000002AF2F900F9
 20:50:29.256 t2038992C0A220427FE01
 20:50:29.256 t20480000000000000000
 20:50:29.256 t2058D18822027FFF5000
 20:50:29.355 t200836FA4A3E0048CA00
 20:50:29.355 t20185A6B4A0EF1F1F17C
 20:50:29.356 t20286000402AF2F900F9
 20:50:29.356 t203895914A220F67FDFF
 20:50:29.356 t20480000400000000000
 20:50:29.356 t2058D18862027FFF5000
 20:50:29.455 t200836FD8A3E0048CA00
 20:50:29.455 t201848FD8A0EF1F1F17B
 20:50:29.455 t20286000802AF2F900F9
 20:50:29.456 t203897068A220587FE01
 20:50:29.456 t20480000800000000000
 20:50:29.456 t2058D188A2027FFF5000
 20:50:29.555 t20083700CA3E0048CA00
 20:50:29.555 t20185A6BCA0EF1F1F17C
 20:50:29.555 t20286000C02AF2F900F9
 20:50:29.556 t2038977ACA22129801FF
 20:50:29.556 t20480000C00000000000
 20:50:29.556 t2058D188E2027FFF5000
 20:50:29.655 t200837030A3E0048CA00
 20:50:29.655 t201848FD0A0EF1F1F17B
 20:50:29.655 t20286000002AF2F900F9
 20:50:29.655 t2038992C0A220427FE01
 20:50:29.655 t20480000000000000000
 20:50:29.655 t2058D18822027FFF5000
 20:50:29.755 t200837064A3E0048CA00
 20:50:29.755 t20185A6B4A0EF1F1F17C
 20:50:29.755 t20286000402AF2F900F9
 20:50:29.755 t203895914A220F67FDFF
 20:50:29.755 t20480000400000000000
 20:50:29.755 t2058D18862027FFF5000
 20:50:29.856 t200837088A3E0048CA00
 20:50:29.856 t201848FD8A0EF1F1F17B
 20:50:29.856 t20286000802AF2F900F9
 20:50:29.856 t203897068A220587FE01
 20:50:29.856 t20480000800000000000
 20:50:29.856 t2058D188A2027FFF5000
 20:50:29.956 t2008370BCA3E0048CA00
 20:50:29.956 t20185A6BCA0EF1F1F17C
 20:50:29.956 t20286000C02AF2F900F9
 20:50:29.956 t203899DDCA2008F801FC
 20:50:29.956 t20480000C00000000000
 20:50:29.957 t2058D188E2027FFF5000
 20:50:30.056 t2008370E0A3E0048CA00
 20:50:30.056 t201848FD0A0EF1F1F17B
 20:50:30.056 t20286000002AF2F900F9
 20:50:30.057 t20389AB00A203FF807FF
 20:50:30.057 t20480000000000000000
 20:50:30.057 t2058D18822027FFF5000
 20:50:30.156 t200837114A3E0048CA00
 20:50:30.156 t20185A6B4A0EF1F1F17C
 20:50:30.156 t20286000402AF2F900F9
 20:50:30.157 t203897064A220587FE01
 20:50:30.157 t20480000400000000000
 20:50:30.157 t2058D18862027FFF5000
 20:50:30.256 t200837138A3E0048CA00
 20:50:30.256 t201848FD8A0EF1F1F17B
 20:50:30.256 t20286000802AF2F900F9
 20:50:30.257 t2038977A8A22129801FF
 20:50:30.257 t20480000800000000000
 20:50:30.257 t2058D188A2027FFF5000
 20:50:30.357 t20083716CA3E0048CA00
 20:50:30.357 t20185A6BCA0EF1F1F17C
 20:50:30.357 t20286000C02AF2F900F9
 20:50:30.358 t2038992CCA220427FE01
 20:50:30.358 t20480000C00000000000
 20:50:30.358 t2058D188E2027FFF5000
 20:50:30.455 t200837190A3E0048CA00
 20:50:30.455 t201848FD0A0EF1F1F17B
 20:50:30.456 t20286000002AF2F900F9
 20:50:30.456 t203899DD0A2208F801FC
 20:50:30.456 t20480000000000000000
 20:50:30.456 t2058D18822027FFF5000
 20:50:30.555 t2008371C4A3E0048CA00
 20:50:30.555 t20185A6B4A0EF1F1F17C
 20:50:30.556 t20286000402AF2F900F9
 20:50:30.556 t20389AB04A223FF807FF
 20:50:30.556 t20480000400000000000
 20:50:30.556 t2058D18862027FFF5000
 20:50:30.656 t2008371F8A3E0048CA00
 20:50:30.656 t201848FD8A0EF1F1F17B
 20:50:30.656 t20286000802AF2F900F9
 20:50:30.656 t203897068A220587FE01
 20:50:30.656 t20480000800000000000
 20:50:30.657 t2058D188A2027FFF5000
 20:50:30.756 t20083721CA3E0048CA00
 20:50:30.756 t20185A6BCA0EF1F1F17C
 20:50:30.756 t20286000C02AF2F900F9
 20:50:30.757 t2038977ACA22129801FF
 20:50:30.757 t20480000C00000000000
 20:50:30.758 t2058D188E2027FFF5000
 20:50:30.856 t200837240A3E0048CA00
 20:50:30.856 t201848FD0A0EF1F1F17B
 20:50:30.856 t20286000002AF2F900F9
 20:50:30.857 t2038992C0A220427FE01
 20:50:30.857 t20480000000000000000
 20:50:30.857 t2058D18822027FFF5000
 20:50:30.955 t200837274A3E0048CA00
 20:50:30.956 t20185B0D4A0CA9F1F17B
 20:50:30.956 t20287B0D4A3849F100F9
 20:50:30.956 t203899DD4A2208F801FC
 20:50:30.957 t20480000400000000000
 20:50:30.957 t2058D18862027FFF5000
 20:50:31.055 t2008372A8A3E0048CA00
 20:50:31.056 t201840008E0C49F1F179
 20:50:31.056 t20287B0D8A18A9F100FB
 20:50:31.056 t20389AB08A223FF807FF
 20:50:31.057 t20480000800000000000
 20:50:31.057 t2058D188A2027FFF5000
 20:50:31.155 t2008372CCA3E0048CA00
 20:50:31.155 t201848FDCA0EF1F1F17B
 20:50:31.155 t20286000C02AF2F900F9
 20:50:31.156 t20389706CA220587FE01
 20:50:31.156 t20480000C00000000000
 20:50:31.156 t2058D188E2027FFF5000
 20:50:31.255 t2008372F0A3E0048CA00
 20:50:31.255 t20185A6B0A0EF1F1F17C
 20:50:31.255 t20287B0D0A3A49F100F9
 20:50:31.256 t2038977A0A22129801FF
 20:50:31.256 t20480000000000000000
 20:50:31.256 t2058D18822027FFF5000
 20:50:31.355 t200837324A3E0048CA00
 20:50:31.356 t20185B0D4A0EA9F1F17B
 20:50:31.356 t20287B0D4A1AA9F100FB
 20:50:31.356 t2038992C4A220427FE01
 20:50:31.357 t20480000400000000000
 20:50:31.357 t2058D18862027FFF5000
 20:50:31.455 t200837358A3E0048CA00
 20:50:31.456 t201840008E0E49F1F179
 20:50:31.456 t20286000802AF2F900F9
 20:50:31.456 t203899DD8A2208F801FC
 20:50:31.457 t20480000800000000000
 20:50:31.457 t2058D188A2027FFF5000
 20:50:31.555 t20083738CA3E0048CA00
 20:50:31.556 t201848FDCA0EF1F1F17B
 20:50:31.556 t20287B0DCA3A49F100F9
 20:50:31.556 t20389AB0CA223FF807FF
 20:50:31.556 t20480000C00000000000
 20:50:31.556 t2058D188E2027FFF5000
 20:50:31.655 t2008373A0A3E0048CA00
 20:50:31.656 t20185A6B0A0EF1F1F17C
 20:50:31.656 t20287B0D0A1AA9F100FB
 20:50:31.656 t203897060A220587FE01
 20:50:31.657 t20480000000000000000
 20:50:31.657 t2058D18822027FFF5000
 20:50:31.755 t2008373D4A3E0048CA00
 20:50:31.756 t20185B0D4A0EA9F1F17B
 20:50:31.756 t20286000402AF2F900F9
 20:50:31.756 t2038977A4A22129801FF
 20:50:31.757 t20480000400000000000
 20:50:31.757 t2058D18862027FFF5000
 20:50:31.855 t200837408A3E0048CA00
 20:50:31.855 t201840008E0E49F1F179
 20:50:31.855 t20287B0D8A3A49F100F9
 20:50:31.855 t2038992C8A220427FE01
 20:50:31.856 t20480000800000000000
 20:50:31.856 t2058D188A2027FFF5000
 20:50:31.955 t20083743CA3E0048CA00
 20:50:31.955 t201848FDCA0EF1F1F17B
 20:50:31.955 t20287B0DCA1AA9F100FB
 20:50:31.955 t203899DDCA2208F801FC
 20:50:31.955 t20480000C00000000000
 20:50:31.956 t2058D188E2027FFF5000
 20:50:32.055 t200837450A3E0048CA00
 20:50:32.055 t20185A6B0A0EF1F1F17C
 20:50:32.056 t20286000002AF2F900F9
 20:50:32.056 t20389AB00A223FF807FF
 20:50:32.056 t20480000000000000000
 20:50:32.057 t2058D18822027FFF5000
 20:50:32.155 t200837484A3E0048CA00
 20:50:32.155 t20185B0D4A0EA9F1F17B
 20:50:32.156 t20287B0D4A3A49F100F9
 20:50:32.156 t203897064A220587FE01
 20:50:32.157 t20480000400000000000
 20:50:32.157 t2058D18862027FFF5000
 20:50:32.255 t2008374B8A3E0048CA00
 20:50:32.255 t201840008E0E49F1F179
 20:50:32.256 t20287B0D8A1AA9F100FB
 20:50:32.256 t2038977A8A22129801FF
 20:50:32.257 t20480000800000000000
 20:50:32.257 t2058D188A2027FFF5000
 20:50:32.355 t2008374ECA3E0048CA00
 20:50:32.355 t201848FDCA0EF1F1F17B
 20:50:32.356 t20286000C02AF2F900F9
 20:50:32.356 t2038992CCA220427FE01
 20:50:32.357 t20480000C00000000000
 20:50:32.357 t2058D188E2027FFF5000
 20:50:32.455 t200837510A3E0048CA00
 20:50:32.455 t20185A6B0A0EF1F1F17C
 20:50:32.455 t20287B0D0A3A49F100F9
 20:50:32.456 t203899DD0A2208F801FC
 20:50:32.456 t20480000000000000000
 20:50:32.456 t2058D18822027FFF5000
 20:50:32.555 t200837534A3E0048CA00
 20:50:32.555 t20185B0D4A0EA9F1F17B
 20:50:32.555 t20287B0D4A1AA9F100FB
 20:50:32.555 t20389AB04A223FF807FF
 20:50:32.555 t20480000400000000000
 20:50:32.555 t2058D18862027FFF5000
 20:50:32.655 t200837568A3E0048CA00
 20:50:32.655 t201840008E0E49F1F179
 20:50:32.656 t20286000802AF2F900F9
 20:50:32.656 t203897068A220587FE01
 20:50:32.656 t20480000800000000000
 20:50:32.657 t2058D188A2027FFF5000
 20:50:32.755 t20083759CA3E0048CA00
 20:50:32.755 t201848FDCA0EF1F1F17B
 20:50:32.756 t20287B0DCA3A49F100F9
 20:50:32.756 t2038977ACA22129801FF
 20:50:32.756 t20480000C00000000000
 20:50:32.757 t2058D188E2027FFF5000
 20:50:32.855 t2008375C0A3E0048CA00
 20:50:32.855 t20185A6B0A0EF1F1F17C
 20:50:32.856 t20287B0D0A1AA9F100FB
 20:50:32.856 t2038992C0A220427FE01
 20:50:32.856 t20480000000000000000
 20:50:32.857 t2058D18822027FFF5000
 20:50:32.955 t2008375E4A3E0048CA00
 20:50:32.955 t20185B0D4A0EA9F1F17B
 20:50:32.956 t20286000402AF2F900F9
 20:50:32.956 t203899DD4A2208F801FC
 20:50:32.956 t20480000400000000000
 20:50:32.957 t2058D18862027FFF5000
 20:50:33.055 t200837618A3E0048CA00
 20:50:33.055 t201840008E0E49F1F179
 20:50:33.056 t20287B0D8A3A49F100F9
 20:50:33.057 t20389AB08A223FF807FF
 20:50:33.057 t20480000800000000000
 20:50:33.057 t2058D188A2027FFF5000
 20:50:33.155 t20083764CA3E0048CA00
 20:50:33.155 t201848FDCA0EF1F1F17B
 20:50:33.155 t20287B0DCA1AA9F100FB
 20:50:33.155 t20389706CA220587FE01
 20:50:33.155 t20480000C00000000000
 20:50:33.156 t2058D188E2027FFF5000
 20:50:33.255 t200837670A3E0048CA00
 20:50:33.255 t20185A6B0A0EF1F1F17C
 20:50:33.255 t20286000002AF2F900F9
 20:50:33.255 t2038977A0A22129801FF
 20:50:33.255 t20480000000000000000
 20:50:33.255 t2058D18822027FFF5000
 20:50:33.355 t2008376A4A3E0048CA00
 20:50:33.355 t20185B0D4A0EA9F1F17B
 20:50:33.355 t20287B0D4A3A49F100F9
 20:50:33.356 t2038992C4A220427FE01
 20:50:33.357 t20480000400000000000
 20:50:33.357 t2058D18862027FFF5000
 20:50:33.455 t2008376C8A3E0048CA00
 20:50:33.455 t201840008E0E49F1F179
 20:50:33.455 t20287B0D8A1AA9F100FB
 20:50:33.455 t203899DD8A2208F801FC
 20:50:33.455 t20480000800000000000
 20:50:33.456 t2058D188A2027FFF5000
 20:50:33.555 t2008376FCA3E0048CA00
 20:50:33.555 t201848FDCA0EF1F1F17B
 20:50:33.556 t20286000C02AF2F900F9
 20:50:33.556 t20389AB0CA223FF807FF
 20:50:33.556 t20480000C00000000000
 20:50:33.557 t2058D188E2027FFF5000
 20:50:33.655 t200837720A3E0048CA00
 20:50:33.655 t20185A6B0A0EF1F1F17C
 20:50:33.655 t20287B0D0A3A49F100F9
 20:50:33.655 t203897060A220587FE01
 20:50:33.655 t20480000000000000000
 20:50:33.656 t2058D18822027FFF5000
 20:50:33.755 t200837754A3E0048CA00
 20:50:33.755 t20185B0D4A0EA9F1F17B
 20:50:33.755 t20287B0D4A1AA9F100FB
 20:50:33.756 t2038977A4A22129801FF
 20:50:33.756 t20480000400000000000
 20:50:33.756 t2058D18862027FFF5000
 20:50:33.856 t200837778A3E0048CA00
 20:50:33.856 t201840008E0E49F1F179
 20:50:33.856 t20286000802AF2F900F9
 20:50:33.856 t2038992C8A220427FE01
 20:50:33.856 t20480000800000000000
 20:50:33.856 t2058D188A2027FFF5000
 20:50:33.956 t2008377BCA3E0048CA00
 20:50:33.956 t201848FDCA0EF1F1F17B
 20:50:33.956 t20287B0DCA3A49F100F9
 20:50:33.956 t203899DDCA2208F801FC
 20:50:33.956 t20480000C00000000000
 20:50:33.957 t2058D188E2027FFF5000
 20:50:34.056 t2008377E0A3E0048CA00
 20:50:34.056 t20185A6B0A0EF1F1F17C
 20:50:34.056 t20287B0D0A1AA9F100FB
 20:50:34.057 t20389AB00A223FF807FF
 20:50:34.057 t20480000000000000000
 20:50:34.057 t2058D18822027FFF5000
 20:50:34.156 t200837814A3E0048CA00
 20:50:34.156 t20185B0D4A0EA9F1F17B
 20:50:34.157 t20286000402AF2F900F9
 20:50:34.157 t203897064A220587FE01
 20:50:34.157 t20480000400000000000
 20:50:34.157 t2058D18862027FFF5000
 20:50:34.256 t200837838A3E0048CA00
 20:50:34.257 t201840008E0E49F1F179
 20:50:34.257 t20287B0D8A3A49F100F9
 20:50:34.257 t2038977A8A22129801FF
 20:50:34.257 t20480000800000000000
 20:50:34.257 t2058D188A2027FFF5000
 20:50:34.356 t20083786CA3E0048CA00
 20:50:34.356 t201848FDCA0EF1F1F17B
 20:50:34.357 t20287B0DCA1AA9F100FB
 20:50:34.357 t2038992CCA220427FE01
 20:50:34.357 t20480000C00000000000
 20:50:34.357 t2058D188E2027FFF5000
 20:50:34.456 t200837890A3E0048CA00
 20:50:34.456 t20185A6B0A0EF1F1F17C
 20:50:34.456 t20286000002AF2F900F9
 20:50:34.456 t203899DD0A2208F801FC
 20:50:34.456 t20480000000000000000
 20:50:34.457 t2058D18822027FFF5000
 20:50:34.556 t2008378C4A3E0048CA00
 20:50:34.556 t20185B714A0CF1F1F17B
 20:50:34.556 t20287B0D4A3A49F100F9
 20:50:34.556 t20389AB04A223FF807FF
 20:50:34.556 t20480000400000000000
 20:50:34.556 t2058D18862027FFF5000
 20:50:34.656 t2008378E8A3E0048CA00
 20:50:34.656 t201848FD8A0EF1F1F17B
 20:50:34.656 t20287B0D8A1AA9F100FB
 20:50:34.656 t203897068A220587FE01
 20:50:34.656 t20480000800000000000
 20:50:34.656 t2058D188A2027FFF5000
 20:50:34.756 t20083791CA3E0048CA00
 20:50:34.756 t20185A6BCA0EF1F1F17C
 20:50:34.757 t20286000C02AF2F900F9
 20:50:34.757 t2038977ACA22129801FF
 20:50:34.757 t20480000C00000000000
 20:50:34.757 t2058D188E2027FFF5000
 20:50:34.856 t200837940A3E0048CA00
 20:50:34.856 t20185B0D0A0EA9F1F17B
 20:50:34.856 t20287B0D0A3A49F100F9
 20:50:34.857 t2038992C0A220427FE01
 20:50:34.857 t20480000000000000000
 20:50:34.857 t2058D18822027FFF5000
 20:50:34.956 t200837974A3E0048CA00
 20:50:34.956 t20185B714A0EF1F1F17B
 20:50:34.956 t20287B0D4A1AA9F100FB
 20:50:34.957 t203899DD4A2208F801FC
 20:50:34.957 t20480000400000000000
 20:50:34.957 t2058D18862027FFF5000
 20:50:35.056 t2008379A8A3E0048CA00
 20:50:35.056 t201840008E0E49F1F179
 20:50:35.056 t20286000802AF2F900F9
 20:50:35.057 t20389AB08A223FF807FF
 20:50:35.057 t20480000800000000000
 20:50:35.057 t2058D188A2027FFF5000
 20:50:35.155 t2008379CCA3E0048CA00
 20:50:35.156 t201848FDCA0EF1F1F17B
 20:50:35.156 t20287B0DCA3A49F100F9
 20:50:35.156 t20389706CA220587FE01
 20:50:35.156 t20480000C00000000000
 20:50:35.156 t2058D188E2027FFF5000
 20:50:35.255 t2008379F0A3E0048CA00
 20:50:35.255 t20185A6B0A0EF1F1F17C
 20:50:35.256 t20287B0D0A1AA9F100FB
 20:50:35.256 t2038977A0A22129801FF
 20:50:35.256 t20480000000000000000
 20:50:35.256 t2058D18822027FFF5000
 20:50:35.356 t200837A24A3E0048CA00
 20:50:35.356 t20185B0D4A0EA9F1F17B
 20:50:35.356 t20286000402AF2F900F9
 20:50:35.357 t2038992C4A220427FE01
 20:50:35.357 t20480000400000000000
 20:50:35.357 t2058D18862027FFF5000
 20:50:35.456 t200837A58A3E0048CA00
 20:50:35.456 t20185B718A0EF1F1F17B
 20:50:35.457 t20287B0D8A3A49F100F9
 20:50:35.457 t203899DD8A2208F801FC
 20:50:35.457 t20480000800000000000
 20:50:35.457 t2058D188A2027FFF5000
 20:50:35.556 t200837A7CA3E0048CA00
 20:50:35.556 t20184000CE0E49F1F179
 20:50:35.556 t20287B0DCA1AA9F100FB
 20:50:35.557 t20389AB0CA223FF807FF
 20:50:35.557 t20480000C00000000000
 20:50:35.557 t2058D188E2027FFF5000
 20:50:35.656 t200837AA0A3E0048CA00
 20:50:35.656 t201848FD0A0EF1F1F17B
 20:50:35.656 t20286000002AF2F900F9
 20:50:35.657 t203897060A220587FE01
 20:50:35.657 t20480000000000000000
 20:50:35.657 t2058D18822027FFF5000
 20:50:35.756 t200837AD4A3E0048CA00
 20:50:35.756 t20185A6B4A0EF1F1F17C
 20:50:35.756 t20287B0D4A3A49F100F9
 20:50:35.756 t203880004E200347DE01
 20:50:35.757 t20480000400000000000
 20:50:35.757 t2058D18862027FFF5000
 20:50:35.855 t200837B08A3E0048CA00
 20:50:35.856 t20185B0D8A0EA9F1F17B
 20:50:35.856 t20287B0D8A1AA9F100FB
 20:50:35.856 t203880418E2001B811FE
 20:50:35.856 t20480000800000000000
 20:50:35.856 t2058D188A2027FFF5000
 20:50:35.955 t200837B3CA3E0048CA00
 20:50:35.955 t20185B71CA0EF1F1F17B
 20:50:35.955 t20286000C02AF2F900F9
 20:50:35.956 t20389706CA220587FE01
 20:50:35.956 t20480000C00000000000
 20:50:35.956 t2058D188E2027FFF5000
 20:50:36.056 t200837B50A3E0048CA00
 20:50:36.056 t201840000E0E49F1F179
 20:50:36.057 t20287B0D0A3A49F100F9
 20:50:36.057 t2038977A0A22129801FF
 20:50:36.057 t20480000000000000000
 20:50:36.057 t2058D18822027FFF5000
 20:50:36.156 t200837B84A3E0048CA00
 20:50:36.156 t201848FD4A0EF1F1F17B
 20:50:36.156 t20287B0D4A1AA9F100FB
 20:50:36.156 t2038992C4A220427FE01
 20:50:36.156 t20480000400000000000
 20:50:36.157 t2058D18862027FFF5000
 20:50:36.256 t200837BB8A3E0048CA00
 20:50:36.256 t20185A6B8A0EF1F1F17C
 20:50:36.256 t20286000802AF2F900F9
 20:50:36.256 t203899DD8A2208F801FC
 20:50:36.256 t20480000800000000000
 20:50:36.257 t2058D188A2027FFF5000
 20:50:36.355 t200837BECA3E0048CA00
 20:50:36.356 t20185B0DCA0EA9F1F17B
 20:50:36.356 t20287B0DCA3A49F100F9
 20:50:36.356 t20389AB0CA223FF807FF
 20:50:36.356 t20480000C00000000000
 20:50:36.357 t2058D188E2027FFF5000
 20:50:36.455 t200837C00A3E0048CA00
 20:50:36.455 t20185B710A0EF1F1F17B
 20:50:36.455 t20287B0D0A1AA9F100FB
 20:50:36.456 t203880000E220347DE01
 20:50:36.456 t20480000000000000000
 20:50:36.456 t2058D18822027FFF5000
 20:50:36.555 t200837C34A3E0048CA00
 20:50:36.555 t201840004E0E49F1F179
 20:50:36.555 t20286000402AF2F900F9
 20:50:36.555 t203880414E2201B811FE
 20:50:36.556 t20480000400000000000
 20:50:36.556 t2058D18862027FFF5000
 20:50:36.655 t200837C68A3E0048CA00
 20:50:36.655 t201848FD8A0EF1F1F17B
 20:50:36.655 t20287B0D8A3A49F100F9
 20:50:36.655 t203897068A220587FE01
 20:50:36.655 t20480000800000000000
 20:50:36.655 t2058D188A2027FFF5000
 20:50:36.755 t200837C9CA3E0048CA00
 20:50:36.755 t20185A6BCA0EF1F1F17C
 20:50:36.755 t20287B0DCA1AA9F100FB
 20:50:36.756 t2038977ACA22129801FF
 20:50:36.756 t20480000C00000000000
 20:50:36.756 t2058D188E2027FFF5000
 20:50:36.856 t200837CC0A3E0048CA00
 20:50:36.856 t20185B0D0A0EA9F1F17B
 20:50:36.856 t20286000002AF2F900F9
 20:50:36.856 t2038992C0A220427FE01
 20:50:36.856 t20480000000000000000
 20:50:36.857 t2058D18822027FFF5000
 20:50:36.955 t200837CE4A3E0048CA00
 20:50:36.956 t20185B714A0EF1F1F17B
 20:50:36.956 t20287B0D4A3A49F100F9
 20:50:36.956 t203899DD4A2208F801FC
 20:50:36.956 t20480000400000000000
 20:50:36.957 t2058D18862027FFF5000
 20:50:37.055 t200837D18A3E0048CA00
 20:50:37.056 t201840008E0E49F1F179
 20:50:37.056 t20287B0D8A1AA9F100FB
 20:50:37.056 t20389AB08A223FF807FF
 20:50:37.056 t20480000800000000000
 20:50:37.057 t2058D188A2027FFF5000
 20:50:37.155 t200837D4CA3E0048CA00
 20:50:37.155 t201848FDCA0EF1F1F17B
 20:50:37.155 t20286000C02AF2F900F9
 20:50:37.155 t20388000CE220347DE01
 20:50:37.155 t20480000C00000000000
 20:50:37.155 t2058D188E2027FFF5000
 20:50:37.255 t200837D70A3E0048CA00
 20:50:37.255 t20185A6B0A0EF1F1F17C
 20:50:37.255 t20287B0D0A3A49F100F9
 20:50:37.255 t203880410E2201B811FE
 20:50:37.255 t20480000000000000000
 20:50:37.255 t2058D18822027FFF5000
 20:50:37.356 t200837D94A3E0048CA00
 20:50:37.356 t20185B0D4A0EA9F1F17B
 20:50:37.356 t20287B0D4A1AA9F100FB
 20:50:37.356 t203897064A220587FE01
 20:50:37.356 t20480000400000000000
 20:50:37.357 t2058D18862027FFF5000
 20:50:37.455 t200837DC8A3E0048CA00
 20:50:37.456 t20185B718A0EF1F1F17B
 20:50:37.456 t20286000802AF2F900F9
 20:50:37.456 t2038977A8A22129801FF
 20:50:37.456 t20480000800000000000
 20:50:37.456 t2058D188A2027FFF5000
 20:50:37.555 t200837DFCA3E0048CA00
 20:50:37.555 t20184000CE0E49F1F179
 20:50:37.556 t20287B0DCA3A49F100F9
 20:50:37.556 t2038992CCA220427FE01
 20:50:37.556 t20480000C00000000000
 20:50:37.556 t2058D188E2027FFF5000
 20:50:37.655 t200837E20A3E0048CA00
 20:50:37.655 t201848FD0A0EF1F1F17B
 20:50:37.655 t20287B0D0A1AA9F100FB
 20:50:37.656 t203899DD0A2208F801FC
 20:50:37.656 t20480000000000000000
 20:50:37.656 t2058D18822027FFF5000
 20:50:37.755 t200837E54A3E0048CA00
 20:50:37.755 t20185A6B4A0EF1F1F17C
 20:50:37.756 t20286000402AF2F900F9
 20:50:37.756 t20389AB04A2005E80602
 20:50:37.756 t20480000400000000000
 20:50:37.756 t2058D18862027FFF5000
 20:50:37.855 t200837E78A3E0048CA00
 20:50:37.856 t20185B0D8A0EA9F1F17B
 20:50:37.856 t20287B0D8A3A49F100F9
 20:50:37.856 t20389B278A203FF80BFF
 20:50:37.856 t20480000800000000000
 20:50:37.856 t2058D188A2027FFF5000
 20:50:37.955 t200837EACA3E0048CA00
 20:50:37.956 t20185B71CA0EF1F1F17B
 20:50:37.956 t20287B0DCA1AA9F100FB
 20:50:37.956 t2038977ACA22129801FF
 20:50:37.956 t20480000C00000000000
 20:50:37.956 t2058D188E2027FFF5000
 20:50:38.056 t200837ED0A3E0048CA00
 20:50:38.056 t201840000E0E49F1F179
 20:50:38.056 t20286000002AF2F900F9
 20:50:38.056 t2038992C0A220427FE01
 20:50:38.056 t20480000000000000000
 20:50:38.057 t2058D18822027FFF5000
 20:50:38.155 t200837F04A3E0048CA00
 20:50:38.156 t201848FD4A0EF1F1F17B
 20:50:38.156 t20287B0D4A3A49F100F9
 20:50:38.156 t203899DD4A2208F801FC
 20:50:38.156 t20480000400000000000
 20:50:38.156 t2058D18862027FFF5000
 20:50:38.255 t200837F28A3E0048CA00
 20:50:38.255 t20185A6B8A0EF1F1F17C
 20:50:38.256 t20287B0D8A1AA9F100FB
 20:50:38.256 t20389AB08A2205E80602
 20:50:38.256 t20480000800000000000
 20:50:38.256 t2058D188A2027FFF5000
 20:50:38.355 t200837F5CA3E0048CA00
 20:50:38.356 t20185B0DCA0EA9F1F17B
 20:50:38.356 t20286000C02AF2F900F9
 20:50:38.356 t20389B27CA223FF80BFF
 20:50:38.356 t20480000C00000000000
 20:50:38.356 t2058D188E2027FFF5000
 20:50:38.455 t200837F80A3E0048CA00
 20:50:38.456 t20185B710A0EF1F1F17B
 20:50:38.456 t20287B0D0A3A49F100F9
 20:50:38.456 t203880000E220347DE01
 20:50:38.456 t20480000000000000000
 20:50:38.456 t2058D18822027FFF5000
 20:50:38.555 t200837FB4A3E0048CA00
 20:50:38.555 t201840004E0E49F1F179
 20:50:38.555 t20287B0D4A1AA9F100FB
 20:50:38.556 t203880414E2201B811FE
 20:50:38.556 t20480000400000000000
 20:50:38.556 t2058D18862027FFF5000
 20:50:38.655 t200837FE8A3E0048CA00
 20:50:38.656 t201848FD8A0EF1F1F17B
 20:50:38.656 t20286000802AF2F900F9
 20:50:38.656 t2038977A8A22129801FF
 20:50:38.656 t20480000800000000000
 20:50:38.656 t2058D188A2027FFF5000
 20:50:38.755 t20083800CA3E0048CA00
 20:50:38.755 t20185A6BCA0EF1F1F17C
 20:50:38.756 t20287B0DCA3A49F100F9
 20:50:38.756 t2038992CCA220427FE01
 20:50:38.756 t20480000C00000000000
 20:50:38.756 t2058D188E2027FFF5000
 20:50:38.855 t200838030A3E0048CA00
 20:50:38.856 t20185B0D0A0EA9F1F17B
 20:50:38.856 t20287B0D0A1AA9F100FB
 20:50:38.856 t203899DD0A2208F801FC
 20:50:38.856 t20480000000000000000
 20:50:38.856 t2058D18822027FFF5000
 20:50:38.955 t200838064A3E0048CA00
 20:50:38.956 t20185B714A0EF1F1F17B
 20:50:38.956 t20286000402AF2F900F9
 20:50:38.956 t20389AB04A2205E80602
 20:50:38.956 t20480000400000000000
 20:50:38.956 t2058D18862027FFF5000
 20:50:39.055 t200838098A3E0048CA00
 20:50:39.055 t201840008E0E49F1F179
 20:50:39.056 t20287B0D8A3A49F100F9
 20:50:39.056 t20389B278A223FF80BFF
 20:50:39.056 t20480000800000000000
 20:50:39.056 t2058D188A2027FFF5000
 20:50:39.155 t2008380BCA3E0048CA00
 20:50:39.155 t201848FDCA0EF1F1F17B
 20:50:39.155 t20287B0DCA1AA9F100FB
 20:50:39.155 t20388000CE220347DE01
 20:50:39.155 t20480000C00000000000
 20:50:39.156 t2058D188E2027FFF5000
 20:50:39.255 t2008380E0A3E0048CA00
 20:50:39.255 t20185A6B0A0EF1F1F17C
 20:50:39.255 t20286000002AF2F900F9
 20:50:39.255 t203880410E2201B811FE
 20:50:39.256 t20480000000000000000
 20:50:39.256 t2058D18822027FFF5000
 20:50:39.355 t200838114A3E0048CA00
 20:50:39.355 t20185B0D4A0EA9F1F17B
 20:50:39.356 t20287B0D4A3A49F100F9
 20:50:39.356 t2038977A4A22129801FF
 20:50:39.356 t20480000400000000000
 20:50:39.356 t2058D18862027FFF5000
 20:50:39.455 t200838148A3E0048CA00
 20:50:39.455 t20185B718A0EF1F1F17B
 20:50:39.456 t20287B0D8A1AA9F100FB
 20:50:39.456 t2038992C8A220427FE01
 20:50:39.456 t20480000800000000000
 20:50:39.456 t2058D188A2027FFF5000
 20:50:39.555 t20083817CA3E0048CA00
 20:50:39.555 t20184000CE0E49F1F179
 20:50:39.555 t20286000C02AF2F900F9
 20:50:39.556 t203899DDCA2208F801FC
 20:50:39.556 t20480000C00000000000
 20:50:39.556 t2058D188E2027FFF5000
 20:50:39.655 t200838190A3E0048CA00
 20:50:39.655 t201848FD0A0EF1F1F17B
 20:50:39.655 t20287B0D0A3A49F100F9
 20:50:39.655 t20389AB00A2205E80602
 20:50:39.655 t20480000000000000000
 20:50:39.655 t2058D18822027FFF5000
 20:50:39.755 t2008381C4A3E0048CA00
 20:50:39.755 t20185A6B4A0EF1F1F17C
 20:50:39.756 t20287B0D4A1AA9F100FB
 20:50:39.756 t20389B274A223FF80BFF
 20:50:39.756 t20480000400000000000
 20:50:39.756 t2058D18862027FFF5000
 20:50:39.855 t2008381F8A3E0048CA00
 20:50:39.855 t20185B0D8A0EA9F1F17B
 20:50:39.856 t20286000802AF2F900F9
 20:50:39.856 t203880008E220347DE01
 20:50:39.856 t20480000800000000000
 20:50:39.856 t2058D188A2027FFF5000
 20:50:39.955 t20083822CA3E0048CA00
 20:50:39.955 t20185B71CA0EF1F1F17B
 20:50:39.955 t20287B0DCA3A49F100F9
 20:50:39.955 t20388041CE2201B811FE
 20:50:39.955 t20480000C00000000000
 20:50:39.956 t2058D188E2027FFF5000
 20:50:40.055 t200838240A3E0048CA00
 20:50:40.055 t201840000E0E49F1F179
 20:50:40.055 t20287B0D0A1AA9F100FB
 20:50:40.055 t2038977A0A22129801FF
 20:50:40.055 t20480000000000000000
 20:50:40.055 t2058D18822027FFF5000
 20:50:40.155 t200838274A3E0048CA00
 20:50:40.155 t201848FD4A0EF1F1F17B
 20:50:40.156 t20286000402AF2F900F9
 20:50:40.156 t2038992C4A220427FE01
 20:50:40.156 t20480000400000000000
 20:50:40.156 t2058D18862027FFF5000
 20:50:40.255 t2008382A8A3E0048CA00
 20:50:40.255 t20185A6B8A0EF1F1F17C
 20:50:40.255 t20287B0D8A3A49F100F9
 20:50:40.255 t203899DD8A2208F801FC
 20:50:40.256 t20480000800000000000
 20:50:40.256 t2058D188A2027FFF5000
 20:50:40.355 t2008382DCA3E0048CA00
 20:50:40.355 t20185B0DCA0EA9F1F17B
 20:50:40.355 t20287B0DCA1AA9F100FB
 20:50:40.356 t20389AB0CA2205E80602
 20:50:40.356 t20480000C00000000000
 20:50:40.356 t2058D188E2027FFF5000
 20:50:40.455 t200838300A3E0048CA00
 20:50:40.455 t20185B710A0EF1F1F17B
 20:50:40.455 t20286000002AF2F900F9
 20:50:40.456 t20389B270A223FF80BFF
 20:50:40.456 t20480000000000000000
 20:50:40.456 t2058D18822027FFF5000
 20:50:40.555 t200838324A3E0048CA00
 20:50:40.555 t201840004E0E49F1F179
 20:50:40.555 t20287B0D4A3A49F100F9
 20:50:40.555 t203880004E220347DE01
 20:50:40.555 t20480000400000000000
 20:50:40.555 t2058D18862027FFF5000
 20:50:40.655 t200838358A3E0048CA00
 20:50:40.655 t201848FD8A0EF1F1F17B
 20:50:40.655 t20287B0D8A1AA9F100FB
 20:50:40.655 t203880418E2201B811FE
 20:50:40.655 t20480000800000000000
 20:50:40.655 t2058D188A2027FFF5000
 20:50:40.755 t20083838CA3E0048CA00
 20:50:40.755 t20185A6BCA0EF1F1F17C
 20:50:40.755 t20286000C02AF2F900F9
 20:50:40.755 t2038977ACA22129801FF
 20:50:40.756 t20480000C00000000000
 20:50:40.756 t2058D188E2027FFF5000
 20:50:40.855 t2008383B0A3E0048CA00
 20:50:40.855 t20185B0D0A0EA9F1F17B
 20:50:40.855 t20287B0D0A3A49F100F9
 20:50:40.855 t2038992C0A220427FE01
 20:50:40.856 t20480000000000000000
 20:50:40.856 t2058D18822027FFF5000
 20:50:40.955 t2008383D4A3E0048CA00
 20:50:40.955 t20185B714A0EF1F1F17B
 20:50:40.955 t20287B0D4A1AA9F100FB
 20:50:40.956 t203899DD4A2208F801FC
 20:50:40.956 t20480000400000000000
 20:50:40.956 t2058D18862027FFF5000
 20:50:41.055 t200838408A3E0048CA00
 20:50:41.055 t201840008E0E49F1F179
 20:50:41.055 t20286000802AF2F900F9
 20:50:41.056 t20389AB08A2205E80602
 20:50:41.056 t20480000800000000000
 20:50:41.056 t2058D188A2027FFF5000
 20:50:41.155 t20083843CA3E0048CA00
 20:50:41.155 t201848FDCA0EF1F1F17B
 20:50:41.155 t20287B0DCA3A49F100F9
 20:50:41.156 t20389B27CA223FF80BFF
 20:50:41.156 t20480000C00000000000
 20:50:41.156 t2058D188E2027FFF5000
 20:50:41.255 t200838460A3E0048CA00
 20:50:41.255 t20185A6B0A0EF1F1F17C
 20:50:41.255 t20287B0D0A1AA9F100FB
 20:50:41.255 t203880000E220347DE01
 20:50:41.255 t20480000000000000000
 20:50:41.255 t2058D18822027FFF5000
 20:50:41.355 t200838494A3E0048CA00
 20:50:41.355 t20185B0D4A0EA9F1F17B
 20:50:41.355 t20286000402AF2F900F9
 20:50:41.355 t203880414E2201B811FE
 20:50:41.355 t20480000400000000000
 20:50:41.355 t2058D18862027FFF5000
 20:50:41.455 t2008384B8A3E0048CA00
 20:50:41.455 t20185B718A0EF1F1F17B
 20:50:41.455 t20287B0D8A3A49F100F9
 20:50:41.455 t2038977A8A22129801FF
 20:50:41.456 t20480000800000000000
 20:50:41.456 t2058D188A2027FFF5000
 20:50:41.555 t2008384ECA3E0048CA00
 20:50:41.555 t20184000CE0E49F1F179
 20:50:41.555 t20287B0DCA1AA9F100FB
 20:50:41.555 t2038992CCA220427FE01
 20:50:41.556 t20480000C00000000000
 20:50:41.556 t2058D188E2027FFF5000
 20:50:41.655 t200838510A3E0048CA00
 20:50:41.655 t201848FD0A0EF1F1F17B
 20:50:41.655 t20286000002AF2F900F9
 20:50:41.655 t203899DD0A2208F801FC
 20:50:41.655 t20480000000000000000
 20:50:41.656 t2058D18822027FFF5000
 20:50:41.755 t200838544A3E0048CA00
 20:50:41.755 t20185A6B4A0EF1F1F17C
 20:50:41.755 t20287B0D4A3A49F100F9
 20:50:41.755 t20389AB04A2205E80602
 20:50:41.755 t20480000400000000000
 20:50:41.756 t2058D18862027FFF5000
 20:50:41.854 t200838568A3E0048CA00
 20:50:41.855 t20185B0D8A0EA9F1F17B
 20:50:41.855 t20287B0D8A1AA9F100FB
 20:50:41.855 t20389B278A223FF80BFF
 20:50:41.855 t20480000800000000000
 20:50:41.855 t2058D188A2027FFF5000
 20:50:41.954 t20083859CA3E0048CA00
 20:50:41.954 t20185B71CA0EF1F1F17B
 20:50:41.955 t20286000C02AF2F900F9
 20:50:41.955 t20388000CE220347DE01
 20:50:41.955 t20480000C00000000000
 20:50:41.955 t2058D188E2027FFF5000
 20:50:42.054 t2008385C0A3E0048CA00
 20:50:42.055 t201840000E0E49F1F179
 20:50:42.055 t20287B0D0A3A49F100F9
 20:50:42.055 t203880410E2201B811FE
 20:50:42.055 t20480000000000000000
 20:50:42.056 t2058D18822027FFF5000
 20:50:42.155 t2008385F4A3E0048CA00
 20:50:42.155 t201848FD4A0EF1F1F17B
 20:50:42.155 t20287B0D4A1AA9F100FB
 20:50:42.155 t2038977A4A22129801FF
 20:50:42.155 t20480000400000000000
 20:50:42.156 t2058D18862027FFF5000
 20:50:42.256 t200838628A3E0048CA00
 20:50:42.256 t20185A6B8A0EF1F1F17C
 20:50:42.256 t20286000802AF2F900F9
 20:50:42.256 t2038992C8A220427FE01
 20:50:42.257 t20480000800000000000
 20:50:42.257 t2058D188A2027FFF5000
 20:50:42.356 t20083864CA3E0048CA00
 20:50:42.356 t20185B0DCA0EA9F1F17B
 20:50:42.356 t20287B0DCA3A49F100F9
 20:50:42.356 t203899DDCA2208F801FC
 20:50:42.356 t20480000C00000000000
 20:50:42.356 t2058D188E2027FFF5000
 20:50:42.456 t200838670A3E0048CA00
 20:50:42.456 t20185B710A0EF1F1F17B
 20:50:42.456 t20287B0D0A1AA9F100FB
 20:50:42.456 t20389AB00A2205E80602
 20:50:42.456 t20480000000000000000
 20:50:42.457 t2058D18822027FFF5000
 20:50:42.555 t2008386A4A3E0048CA00
 20:50:42.555 t201840004E0E49F1F179
 20:50:42.555 t20286000402AF2F900F9
 20:50:42.556 t20389B274A223FF80BFF
 20:50:42.556 t20480000400000000000
 20:50:42.556 t2058D18862027FFF5000
 20:50:42.655 t2008386D8A3E0048CA00
 20:50:42.655 t201848FD8A0EF1F1F17B
 20:50:42.655 t20287B0D8A3A49F100F9
 20:50:42.656 t203880008E220347DE01
 20:50:42.656 t20480000800000000000
 20:50:42.656 t2058D188A2027FFF5000
 20:50:42.755 t2008386FCA3E0048CA00
 20:50:42.755 t20185A6BCA0EF1F1F17C
 20:50:42.755 t20287B0DCA1AA9F100FB
 20:50:42.756 t20388041CE2201B811FE
 20:50:42.756 t20480000C00000000000
 20:50:42.756 t2058D188E2027FFF5000
 20:50:42.855 t200838720A3E0048CA00
 20:50:42.855 t20185B0D0A0EA9F1F17B
 20:50:42.855 t20286000002AF2F900F9
 20:50:42.856 t2038977A0A22129801FF
 20:50:42.856 t20480000000000000000
 20:50:42.856 t2058D18822027FFF5000
 20:50:42.955 t200838754A3E0048CA00
 20:50:42.955 t20185B714A0EF1F1F17B
 20:50:42.956 t20287B0D4A3A49F100F9
 20:50:42.956 t2038992C4A220427FE01
 20:50:42.956 t20480000400000000000
 20:50:42.956 t2058D18862027FFF5000
 20:50:43.055 t200838788A3E0048CA00
 20:50:43.056 t201840008E0E49F1F179
 20:50:43.056 t20287B0D8A1AA9F100FB
 20:50:43.056 t203899DD8A2208F801FC
 20:50:43.056 t20480000800000000000
 20:50:43.056 t2058D188A2027FFF5000
 20:50:43.155 t2008387BCA3E0048CA00
 20:50:43.155 t201848FDCA0EF1F1F17B
 20:50:43.156 t20286000C02AF2F900F9
 20:50:43.156 t20389AB0CA2205E80602
 20:50:43.156 t20480000C00000000000
 20:50:43.156 t2058D188E2027FFF5000
 20:50:43.255 t2008387D0A3E0048CA00
 20:50:43.255 t20185A6B0A0EF1F1F17C
 20:50:43.255 t20287B0D0A3A49F100F9
 20:50:43.255 t20389B270A223FF80BFF
 20:50:43.255 t20480000000000000000
 20:50:43.256 t2058D18822027FFF5000
 20:50:43.355 t200838804A3E0048CA00
 20:50:43.355 t20185B0D4A0EA9F1F17B
 20:50:43.355 t20287B0D4A1AA9F100FB
 20:50:43.355 t203880004E220347DE01
 20:50:43.355 t20480000400000000000
 20:50:43.356 t2058D18862027FFF5000
 20:50:43.455 t200838838A3E0048CA00
 20:50:43.456 t20185B718A0EF1F1F17B
 20:50:43.456 t20286000802AF2F900F9
 20:50:43.456 t203880418E2201B811FE
 20:50:43.456 t20480000800000000000
 20:50:43.456 t2058D188A2027FFF5000
 20:50:43.555 t20083886CA3E0048CA00
 20:50:43.555 t20184000CE0E49F1F179
 20:50:43.556 t20287B0DCA3A49F100F9
 20:50:43.556 t2038977ACA22129801FF
 20:50:43.556 t20480000C00000000000
 20:50:43.556 t2058D188E2027FFF5000
 20:50:43.655 t200838880A3E0048CA00
 20:50:43.655 t201848FD0A0EF1F1F17B
 20:50:43.656 t20287B0D0A1AA9F100FB
 20:50:43.656 t2038992C0A220427FE01
 20:50:43.656 t20480000000000000000
 20:50:43.656 t2058D18822027FFF5000
 20:50:43.755 t2008388B4A3E0048CA00
 20:50:43.755 t20185A6B4A0EF1F1F17C
 20:50:43.756 t20286000402AF2F900F9
 20:50:43.756 t203899DD4A2208F801FC
 20:50:43.756 t20480000400000000000
 20:50:43.756 t2058D18862027FFF5000
 20:50:43.855 t2008388E8A3E0048CA00
 20:50:43.855 t20185B0D8A0EA9F1F17B
 20:50:43.855 t20287B0D8A3A49F100F9
 20:50:43.856 t20389AB08A2205E80602
 20:50:43.856 t20480000800000000000
 20:50:43.856 t2058D188A2027FFF5000
 20:50:43.955 t20083891CA3E0048CA00
 20:50:43.955 t20185B71CA0EF1F1F17B
 20:50:43.955 t20287B0DCA1AA9F100FB
 20:50:43.955 t20389B27CA223FF80BFF
 20:50:43.955 t20480000C00000000000
 20:50:43.955 t2058D188E2027FFF5000
 20:50:44.055 t200838940A3E0048CA00
 20:50:44.055 t201840000E0E49F1F179
 20:50:44.055 t20286000002AF2F900F9
 20:50:44.055 t203880000E220347DE01
 20:50:44.055 t20480000000000000000
 20:50:44.055 t2058D18822027FFF5000
 20:50:44.155 t200838964A3E0048CA00
 20:50:44.155 t201848FD4A0EF1F1F17B
 20:50:44.155 t20287B0D4A3A49F100F9
 20:50:44.155 t203880414E2201B811FE
 20:50:44.155 t20480000400000000000
 20:50:44.155 t2058D18862027FFF5000
 20:50:44.255 t200838998A3E0048CA00
 20:50:44.255 t20185A6B8A0EF1F1F17C
 20:50:44.256 t20287B0D8A1AA9F100FB
 20:50:44.256 t2038977A8A22129801FF
 20:50:44.256 t20480000800000000000
 20:50:44.256 t2058D188A2027FFF5000
 20:50:44.355 t2008389CCA3E0048CA00
 20:50:44.355 t20185B0DCA0EA9F1F17B
 20:50:44.356 t20286000C02AF2F900F9
 20:50:44.356 t2038992CCA220427FE01
 20:50:44.356 t20480000C00000000000
 20:50:44.356 t2058D188E2027FFF5000
 20:50:44.455 t2008389F0A3E0048CA00
 20:50:44.455 t20185B710A0EF1F1F17B
 20:50:44.455 t20287B0D0A3A49F100F9
 20:50:44.455 t203899DD0A2208F801FC
 20:50:44.455 t20480000000000000000
 20:50:44.456 t2058D18822027FFF5000
 20:50:44.555 t200838A14A3E0048CA00
 20:50:44.555 t201840004E0E49F1F179
 20:50:44.555 t20287B0D4A1AA9F100FB
 20:50:44.555 t20389AB04A2205E80602
 20:50:44.556 t20480000400000000000
 20:50:44.556 t2058D18862027FFF5000
 20:50:44.655 t200838A48A3E0048CA00
 20:50:44.655 t201848FD8A0EF1F1F17B
 20:50:44.655 t20286000802AF2F900F9
 20:50:44.655 t20389B278A223FF80BFF
 20:50:44.655 t20480000800000000000
 20:50:44.655 t2058D188A2027FFF5000
 20:50:44.755 t200838A7CA3E0048CA00
 20:50:44.755 t20185A6BCA0EF1F1F17C
 20:50:44.755 t20287B0DCA3A49F100F9
 20:50:44.755 t20388000CE220347DE01
 20:50:44.755 t20480000C00000000000
 20:50:44.755 t2058D188E2027FFF5000
 20:50:44.855 t200838AA0A3E0048CA00
 20:50:44.855 t20185B0D0A0EA9F1F17B
 20:50:44.855 t20287B0D0A1AA9F100FB
 20:50:44.856 t203880410E2201B811FE
 20:50:44.856 t20480000000000000000
 20:50:44.856 t2058D18822027FFF5000
 20:50:44.955 t200838AD4A3E0048CA00
 20:50:44.955 t20185B714A0EF1F1F17B
 20:50:44.955 t20286000402AF2F900F9
 20:50:44.956 t2038977A4A22129801FF
 20:50:44.956 t20480000400000000000
 20:50:44.956 t2058D18862027FFF5000
 20:50:45.055 t200838AF8A3E0048CA00
 20:50:45.055 t201840008E0E49F1F179
 20:50:45.055 t20287B0D8A3A49F100F9
 20:50:45.055 t2038992C8A220427FE01
 20:50:45.056 t20480000800000000000
 20:50:45.056 t2058D188A2027FFF5000
 20:50:45.155 t200838B2CA3E0048CA00
 20:50:45.155 t20185C9ACA0CF1F1F17C
 20:50:45.155 t20287C9ACA1401F100FC
 20:50:45.155 t203899DDCA2208F801FC
 20:50:45.155 t20480000C00000000000
 20:50:45.156 t2058D188E2027FFF5000
 20:50:45.254 t200838B50A3E0048CA00
 20:50:45.255 t201848FD0A0EF1F1F17B
 20:50:45.255 t20287C9A0A18F1F101FC
 20:50:45.255 t20389AB00A2205E80602
 20:50:45.255 t20480000000000000000
 20:50:45.255 t2058D18822027FFF5000
 20:50:45.354 t200838B84A3E0048CA00
 20:50:45.355 t20185A6B4A0EF1F1F17C
 20:50:45.355 t20286000402AF2F900F9
 20:50:45.355 t20389B274A223FF80BFF
 20:50:45.355 t20480000400000000000
 20:50:45.355 t2058D18862027FFF5000
 20:50:45.454 t200838BA8A3E0048CA00
 20:50:45.455 t20185B0D8A0EA9F1F17B
 20:50:45.455 t20287B0D8A3A49F100F9
 20:50:45.455 t203880008E220347DE01
 20:50:45.455 t20480000800000000000
 20:50:45.455 t2058D188A2027FFF5000
 20:50:45.555 t200838BDCA3E0048CA00
 20:50:45.555 t20185B71CA0EF1F1F17B
 20:50:45.555 t20287B0DCA1AA9F100FB
 20:50:45.555 t20388041CE2201B811FE
 20:50:45.555 t20480000C00000000000
 20:50:45.556 t2058D188E2027FFF5000
 20:50:45.655 t200838C00A3E0048CA00
 20:50:45.655 t20185C9A0A0EF1F1F17C
 20:50:45.655 t20287C9A0A1601F100FC
 20:50:45.655 t2038977A0A22129801FF
 20:50:45.655 t20480000000000000000
 20:50:45.656 t2058D18822027FFF5000
 20:50:45.755 t200838C34A3E0048CA00
 20:50:45.755 t201840004E0E49F1F179
 20:50:45.755 t20287C9A4A1AF1F101FC
 20:50:45.755 t2038992C4A220427FE01
 20:50:45.755 t20480000400000000000
 20:50:45.756 t2058D18862027FFF5000
 20:50:45.854 t200838C68A3E0048CA00
 20:50:45.855 t201848FD8A0EF1F1F17B
 20:50:45.855 t20286000802AF2F900F9
 20:50:45.855 t203899DD8A2208F801FC
 20:50:45.855 t20480000800000000000
 20:50:45.856 t2058D188A2027FFF5000
 20:50:45.955 t200838C8CA3E0048CA00
 20:50:45.955 t20185A6BCA0EF1F1F17C
 20:50:45.955 t20287B0DCA3A49F100F9
 20:50:45.956 t20389AB0CA2205E80602
 20:50:45.956 t20480000C00000000000
 20:50:45.956 t2058D188E2027FFF5000
 20:50:46.055 t200838CB0A3E0048CA00
 20:50:46.055 t20185B0D0A0EA9F1F17B
 20:50:46.055 t20287B0D0A1AA9F100FB
 20:50:46.055 t20389B270A223FF80BFF
 20:50:46.056 t20480000000000000000
 20:50:46.056 t2058D18822027FFF5000
 20:50:46.155 t200838CE4A3E0048CA00
 20:50:46.156 t20185B714A0EF1F1F17B
 20:50:46.156 t20287C9A4A1601F100FC
 20:50:46.156 t203880004E220347DE01
 20:50:46.156 t20480000400000000000
 20:50:46.156 t2058D18862027FFF5000
 20:50:46.255 t200838D18A3E0048CA00
 20:50:46.255 t20185C9A8A0EF1F1F17C
 20:50:46.256 t20287C9A8A1AF1F101FC
 20:50:46.256 t203880418E2201B811FE
 20:50:46.256 t20480000800000000000
 20:50:46.256 t2058D188A2027FFF5000
 20:50:46.355 t200838D3CA3E0048CA00
 20:50:46.355 t20184000CE0E49F1F179
 20:50:46.355 t20286000C02AF2F900F9
 20:50:46.355 t2038977ACA22129801FF
 20:50:46.356 t20480000C00000000000
 20:50:46.356 t2058D188E2027FFF5000
 20:50:46.455 t200838D60A3E0048CA00
 20:50:46.455 t201848FD0A0EF1F1F17B
 20:50:46.455 t20287B0D0A3A49F100F9
 20:50:46.455 t2038992C0A220427FE01
 20:50:46.456 t20480000000000000000
 20:50:46.456 t2058D18822027FFF5000
 20:50:46.555 t200838D94A3E0048CA00
 20:50:46.555 t20185A6B4A0EF1F1F17C
 20:50:46.555 t20287B0D4A1AA9F100FB
 20:50:46.555 t203899DD4A2208F801FC
 20:50:46.555 t20480000400000000000
 20:50:46.556 t2058D18862027FFF5000
 20:50:46.655 t200838DC8A3E0048CA00
 20:50:46.655 t20185B0D8A0EA9F1F17B
 20:50:46.655 t20287C9A8A1601F100FC
 20:50:46.655 t20389AB08A2205E80602
 20:50:46.655 t20480000800000000000
 20:50:46.656 t2058D188A2027FFF5000
 20:50:46.755 t200838DFCA3E0048CA00
 20:50:46.755 t20185B71CA0EF1F1F17B
 20:50:46.755 t20287C9ACA1AF1F101FC
 20:50:46.756 t20389B27CA223FF80BFF
 20:50:46.756 t20480000C00000000000
 20:50:46.756 t2058D188E2027FFF5000
 20:50:46.855 t200838E10A3E0048CA00
 20:50:46.855 t20185C9A0A0EF1F1F17C
 20:50:46.855 t20286000002AF2F900F9
 20:50:46.856 t203880000E220347DE01
 20:50:46.856 t20480000000000000000
 20:50:46.856 t2058D18822027FFF5000
 20:50:46.955 t200838E44A3E0048CA00
 20:50:46.955 t201840004E0E49F1F179
 20:50:46.955 t20287B0D4A3A49F100F9
 20:50:46.955 t203880414E2201B811FE
 20:50:46.955 t20480000400000000000
 20:50:46.956 t2058D18862027FFF5000
 20:50:47.055 t200838E78A3E0048CA00
 20:50:47.055 t201848FD8A0EF1F1F17B
 20:50:47.056 t20287B0D8A1AA9F100FB
 20:50:47.056 t2038977A8A22129801FF
 20:50:47.056 t20480000800000000000
 20:50:47.056 t2058D188A2027FFF5000
 20:50:47.155 t200838EACA3E0048CA00
 20:50:47.155 t20185A6BCA0EF1F1F17C
 20:50:47.156 t20287C9ACA1601F100FC
 20:50:47.156 t2038992CCA220427FE01
 20:50:47.156 t20480000C00000000000
 20:50:47.156 t2058D188E2027FFF5000
 20:50:47.255 t200838EC0A3E0048CA00
 20:50:47.255 t20185B0D0A0EA9F1F17B
 20:50:47.255 t20287C9A0A1AF1F101FC
 20:50:47.255 t203899DD0A2208F801FC
 20:50:47.255 t20480000000000000000
 20:50:47.255 t2058D18822027FFF5000
 20:50:47.355 t200838EF4A3E0048CA00
 20:50:47.355 t20185B714A0EF1F1F17B
 20:50:47.355 t20286000402AF2F900F9
 20:50:47.355 t20389AB04A2205E80602
 20:50:47.355 t20480000400000000000
 20:50:47.355 t2058D18862027FFF5000
 20:50:47.455 t200838F28A3E0048CA00
 20:50:47.455 t20185C9A8A0EF1F1F17C
 20:50:47.455 t20287B0D8A3A49F100F9
 20:50:47.455 t20389B278A223FF80BFF
 20:50:47.455 t20480000800000000000
 20:50:47.455 t2058D188A2027FFF5000
 20:50:47.555 t200838F5CA3E0048CA00
 20:50:47.555 t20184000CE0E49F1F179
 20:50:47.556 t20287B0DCA1AA9F100FB
 20:50:47.556 t20388000CE220347DE01
 20:50:47.556 t20480000C00000000000
 20:50:47.556 t2058D188E2027FFF5000
 20:50:47.655 t200838F80A3E0048CA00
 20:50:47.655 t201848FD0A0EF1F1F17B
 20:50:47.656 t20287C9A0A1601F100FC
 20:50:47.656 t203880410E2201B811FE
 20:50:47.656 t20480000000000000000
 20:50:47.656 t2058D18822027FFF5000
 20:50:47.755 t200838FA4A3E0048CA00
 20:50:47.755 t20185A6B4A0EF1F1F17C
 20:50:47.756 t20287C9A4A1AF1F101FC
 20:50:47.756 t2038977A4A22129801FF
 20:50:47.756 t20480000400000000000
 20:50:47.756 t2058D18862027FFF5000
 20:50:47.855 t200838FD8A3E0048CA00
 20:50:47.855 t20185B0D8A0EA9F1F17B
 20:50:47.856 t20286000802AF2F900F9
 20:50:47.856 t2038992C8A220427FE01
 20:50:47.856 t20480000800000000000
 20:50:47.856 t2058D188A2027FFF5000
 20:50:47.955 t20083900CA3E0048CA00
 20:50:47.955 t20185B71CA0EF1F1F17B
 20:50:47.955 t20287B0DCA3A49F100F9
 20:50:47.955 t203899DDCA2208F801FC
 20:50:47.955 t20480000C00000000000
 20:50:47.955 t2058D188E2027FFF5000
 20:50:48.055 t200839030A3E0048CA00
 20:50:48.055 t20185C9A0A0EF1F1F17C
 20:50:48.055 t20287B0D0A1AA9F100FB
 20:50:48.055 t20389AB00A2205E80602
 20:50:48.055 t20480000000000000000
 20:50:48.055 t2058D18822027FFF5000
 20:50:48.155 t200839054A3E0048CA00
 20:50:48.155 t201840004E0E49F1F179
 20:50:48.155 t20287C9A4A1601F100FC
 20:50:48.156 t20389B274A223FF80BFF
 20:50:48.156 t20480000400000000000
 20:50:48.156 t2058D18862027FFF5000
 20:50:48.255 t200839088A3E0048CA00
 20:50:48.255 t201848FD8A0EF1F1F17B
 20:50:48.255 t20287C9A8A1AF1F101FC
 20:50:48.255 t203880008E220347DE01
 20:50:48.256 t20480000800000000000
 20:50:48.256 t2058D188A2027FFF5000
 20:50:48.355 t2008390BCA3E0048CA00
 20:50:48.355 t20185A6BCA0EF1F1F17C
 20:50:48.355 t20286000C02AF2F900F9
 20:50:48.356 t20388041CE2201B811FE
 20:50:48.356 t20480000C00000000000
 20:50:48.356 t2058D188E2027FFF5000
 20:50:48.455 t2008390E0A3E0048CA00
 20:50:48.455 t20185B0D0A0EA9F1F17B
 20:50:48.455 t20287B0D0A3A49F100F9
 20:50:48.456 t2038977A0A22129801FF
 20:50:48.456 t20480000000000000000
 20:50:48.456 t2058D18822027FFF5000
 20:50:48.555 t200839114A3E0048CA00
 20:50:48.555 t20185B714A0EF1F1F17B
 20:50:48.555 t20287B0D4A1AA9F100FB
 20:50:48.555 t2038992C4A220427FE01
 20:50:48.556 t20480000400000000000
 20:50:48.556 t2058D18862027FFF5000
 20:50:48.655 t200839138A3E0048CA00
 20:50:48.655 t20185C9A8A0EF1F1F17C
 20:50:48.655 t20287C9A8A1601F100FC
 20:50:48.655 t203899DD8A2208F801FC
 20:50:48.655 t20480000800000000000
 20:50:48.655 t2058D188A2027FFF5000
 20:50:48.755 t20083916CA3E0048CA00
 20:50:48.755 t20184000CE0E49F1F179
 20:50:48.755 t20287C9ACA1AF1F101FC
 20:50:48.755 t20389AB0CA2205E80602
 20:50:48.755 t20480000C00000000000
 20:50:48.755 t2058D188E2027FFF5000
 20:50:48.855 t200839190A3E0048CA00
 20:50:48.855 t201848FD0A0EF1F1F17B
 20:50:48.855 t20286000002AF2F900F9
 20:50:48.855 t20389B270A223FF80BFF
 20:50:48.856 t20480000000000000000
 20:50:48.856 t2058D18822027FFF5000
 20:50:48.955 t2008391C4A3E0048CA00
 20:50:48.955 t20185A6B4A0EF1F1F17C
 20:50:48.955 t20287B0D4A3A49F100F9
 20:50:48.955 t203880004E220347DE01
 20:50:48.956 t20480000400000000000
 20:50:48.956 t2058D18862027FFF5000
 20:50:49.055 t2008391E8A3E0048CA00
 20:50:49.055 t20185B0D8A0EA9F1F17B
 20:50:49.055 t20287B0D8A1AA9F100FB
 20:50:49.055 t203880418E2201B811FE
 20:50:49.056 t20480000800000000000
 20:50:49.056 t2058D188A2027FFF5000
 20:50:49.155 t20083921CA3E0048CA00
 20:50:49.155 t20185B71CA0EF1F1F17B
 20:50:49.155 t20287C9ACA1601F100FC
 20:50:49.155 t2038977ACA22129801FF
 20:50:49.155 t20480000C00000000000
 20:50:49.155 t2058D188E2027FFF5000
 20:50:49.255 t200839240A3E0048CA00
 20:50:49.255 t20185C9A0A0EF1F1F17C
 20:50:49.255 t20287C9A0A1AF1F101FC
 20:50:49.255 t2038992C0A220427FE01
 20:50:49.255 t20480000000000000000
 20:50:49.256 t2058D18822027FFF5000
 20:50:49.354 t200839274A3E0048CA00
 20:50:49.355 t201840004E0E49F1F179
 20:50:49.355 t20286000402AF2F900F9
 20:50:49.355 t203899DD4A2208F801FC
 20:50:49.355 t20480000400000000000
 20:50:49.355 t2058D18862027FFF5000
 20:50:49.454 t2008392A8A3E0048CA00
 20:50:49.454 t201848FD8A0EF1F1F17B
 20:50:49.455 t20287B0D8A3A49F100F9
 20:50:49.455 t20389AB08A2205E80602
 20:50:49.455 t20480000800000000000
 20:50:49.455 t2058D188A2027FFF5000
 20:50:49.555 t2008392CCA3E0048CA00
 20:50:49.555 t20185A6BCA0EF1F1F17C
 20:50:49.555 t20287B0DCA1AA9F100FB
 20:50:49.555 t20389B27CA2004B80A00
 20:50:49.556 t20480000C00000000000
 20:50:49.556 t2058D188E2027FFF5000
 20:50:49.654 t2008392F0A3E0048CA00
 20:50:49.655 t20185B0D0A0EA9F1F17B
 20:50:49.655 t20287C9A0A1601F100FC
 20:50:49.655 t20389C5D0A2003E7F202
 20:50:49.655 t20480000000000000000
 20:50:49.655 t2058D18822027FFF5000
 20:50:49.754 t200839324A3E0048CA00
 20:50:49.755 t20185B714A0EF1F1F17B
 20:50:49.755 t20287C9A4A1AF1F101FC
 20:50:49.755 t2038992C4A220427FE01
 20:50:49.755 t20480000400000000000
 20:50:49.755 t2058D18862027FFF5000
 20:50:49.855 t200839358A3E0048CA00
 20:50:49.856 t20185C9A8A0EF1F1F17C
 20:50:49.856 t20286000802AF2F900F9
 20:50:49.856 t203899DD8A2208F801FC
 20:50:49.856 t20480000800000000000
 20:50:49.856 t2058D188A2027FFF5000
 20:50:49.955 t20083937CA3E0048CA00
 20:50:49.955 t20184000CE0E49F1F179
 20:50:49.955 t20287B0DCA3A49F100F9
 20:50:49.955 t20389AB0CA2205E80602
 20:50:49.956 t20480000C00000000000
 20:50:49.956 t2058D188E2027FFF5000
 20:50:50.055 t2008393A0A3E0048CA00
 20:50:50.055 t201848FD0A0EF1F1F17B
 20:50:50.055 t20287B0D0A1AA9F100FB
 20:50:50.055 t20389B270A2204B80A00
 20:50:50.056 t20480000000000000000
 20:50:50.056 t2058D18822027FFF5000
 20:50:50.155 t2008393D4A3E0048CA00
 20:50:50.155 t20185A6B4A0EF1F1F17C
 20:50:50.155 t20287C9A4A1601F100FC
 20:50:50.155 t20389C5D4A2203E7F202
 20:50:50.156 t20480000400000000000
 20:50:50.156 t2058D18862027FFF5000
 20:50:50.255 t200839408A3E0048CA00
 20:50:50.256 t20185B0D8A0EA9F1F17B
 20:50:50.256 t20287C9A8A1AF1F101FC
 20:50:50.256 t203880008E220347DE01
 20:50:50.256 t20480000800000000000
 20:50:50.256 t2058D188A2027FFF5000
 20:50:50.355 t20083943CA3E0048CA00
 20:50:50.356 t20185B71CA0EF1F1F17B
 20:50:50.356 t20286000C02AF2F900F9
 20:50:50.356 t20388041CE2201B811FE
 20:50:50.356 t20480000C00000000000
 20:50:50.356 t2058D188E2027FFF5000
 20:50:50.455 t200839450A3E0048CA00
 20:50:50.455 t20185C9A0A0EF1F1F17C
 20:50:50.456 t20287B0D0A3A49F100F9
 20:50:50.456 t2038992C0A220427FE01
 20:50:50.456 t20480000000000000000
 20:50:50.456 t2058D18822027FFF5000
 20:50:50.555 t200839484A3E0048CA00
 20:50:50.555 t201840004E0E49F1F179
 20:50:50.556 t20287B0D4A1AA9F100FB
 20:50:50.556 t203899DD4A2208F801FC
 20:50:50.556 t20480000400000000000
 20:50:50.556 t2058D18862027FFF5000
 20:50:50.655 t2008394B8A3E0048CA00
 20:50:50.655 t201848FD8A0EF1F1F17B
 20:50:50.655 t20287C9A8A1601F100FC
 20:50:50.656 t20389AB08A2205E80602
 20:50:50.656 t20480000800000000000
 20:50:50.656 t2058D188A2027FFF5000
 20:50:50.755 t2008394ECA3E0048CA00
 20:50:50.755 t20185A6BCA0EF1F1F17C
 20:50:50.755 t20287C9ACA1AF1F101FC
 20:50:50.755 t20389B27CA2204B80A00
 20:50:50.755 t20480000C00000000000
 20:50:50.755 t2058D188E2027FFF5000
 20:50:50.855 t200839500A3E0048CA00
 20:50:50.855 t20185B0D0A0EA9F1F17B
 20:50:50.855 t20286000002AF2F900F9
 20:50:50.856 t20389C5D0A2203E7F202
 20:50:50.856 t20480000000000000000
 20:50:50.856 t2058D18822027FFF5000
 20:50:50.955 t200839534A3E0048CA00
 20:50:50.955 t20185B714A0EF1F1F17B
 20:50:50.955 t20287B0D4A3A49F100F9
 20:50:50.956 t203880004E220347DE01
 20:50:50.956 t20480000400000000000
 20:50:50.956 t2058D18862027FFF5000
 20:50:51.055 t200839568A3E0048CA00
 20:50:51.055 t20185C9A8A0EF1F1F17C
 20:50:51.056 t20287B0D8A1AA9F100FB
 20:50:51.056 t203880418E2201B811FE
 20:50:51.056 t20480000800000000000
 20:50:51.056 t2058D188A2027FFF5000
 20:50:51.155 t20083959CA3E0048CA00
 20:50:51.155 t20184000CE0E49F1F179
 20:50:51.155 t20287C9ACA1601F100FC
 20:50:51.156 t2038992CCA220427FE01
 20:50:51.156 t20480000C00000000000
 20:50:51.156 t2058D188E2027FFF5000
 20:50:51.255 t2008395C0A3E0048CA00
 20:50:51.255 t201848FD0A0EF1F1F17B
 20:50:51.255 t20287C9A0A1AF1F101FC
 20:50:51.256 t203899DD0A2208F801FC
 20:50:51.256 t20480000000000000000
 20:50:51.256 t2058D18822027FFF5000
 20:50:51.355 t2008395E4A3E0048CA00
 20:50:51.355 t20185A6B4A0EF1F1F17C
 20:50:51.355 t20286000402AF2F900F9
 20:50:51.355 t20389AB04A2205E80602
 20:50:51.355 t20480000400000000000
 20:50:51.355 t2058D18862027FFF5000
 20:50:51.455 t200839618A3E0048CA00
 20:50:51.455 t20185B0D8A0EA9F1F17B
 20:50:51.455 t20287B0D8A3A49F100F9
 20:50:51.455 t20389B278A2204B80A00
 20:50:51.455 t20480000800000000000
 20:50:51.455 t2058D188A2027FFF5000
 20:50:51.555 t20083964CA3E0048CA00
 20:50:51.555 t20185B71CA0EF1F1F17B
 20:50:51.555 t20287B0DCA1AA9F100FB
 20:50:51.556 t20389C5DCA2203E7F202
 20:50:51.556 t20480000C00000000000
 20:50:51.556 t2058D188E2027FFF5000
 20:50:51.655 t200839670A3E0048CA00
 20:50:51.655 t20185C9A0A0EF1F1F17C
 20:50:51.655 t20287C9A0A1601F100FC
 20:50:51.655 t203880000E220347DE01
 20:50:51.656 t20480000000000000000
 20:50:51.656 t2058D18822027FFF5000
 20:50:51.755 t200839694A3E0048CA00
 20:50:51.755 t201840004E0E49F1F179
 20:50:51.755 t20287C9A4A1AF1F101FC
 20:50:51.755 t203880414E2201B811FE
 20:50:51.755 t20480000400000000000
 20:50:51.755 t2058D18862027FFF5000
 20:50:51.855 t2008396C8A3E0048CA00
 20:50:51.855 t201848FD8A0EF1F1F17B
 20:50:51.855 t20286000802AF2F900F9
 20:50:51.856 t2038992C8A220427FE01
 20:50:51.856 t20480000800000000000
 20:50:51.856 t2058D188A2027FFF5000
 20:50:51.955 t2008396FCA3E0048CA00
 20:50:51.955 t20185A6BCA0EF1F1F17C
 20:50:51.955 t20287B0DCA3A49F100F9
 20:50:51.955 t203899DDCA2208F801FC
 20:50:51.956 t20480000C00000000000
 20:50:51.956 t2058D188E2027FFF5000
 20:50:52.055 t200839720A3E0048CA00
 20:50:52.055 t20185B0D0A0EA9F1F17B
 20:50:52.055 t20287B0D0A1AA9F100FB
 20:50:52.055 t20389AB00A2205E80602
 20:50:52.055 t20480000000000000000
 20:50:52.055 t2058D18822027FFF5000
 20:50:52.155 t200839744A3E0048CA00
 20:50:52.155 t20185B714A0EF1F1F17B
 20:50:52.155 t20287C9A4A1601F100FC
 20:50:52.155 t20389B274A2204B80A00
 20:50:52.155 t20480000400000000000
 20:50:52.155 t2058D18862027FFF5000
 20:50:52.255 t200839778A3E0048CA00
 20:50:52.255 t20185C9A8A0EF1F1F17C
 20:50:52.255 t20287C9A8A1AF1F101FC
 20:50:52.255 t20389C5D8A2203E7F202
 20:50:52.256 t20480000800000000000
 20:50:52.256 t2058D188A2027FFF5000
 20:50:52.355 t2008397ACA3E0048CA00
 20:50:52.355 t20184000CE0E49F1F179
 20:50:52.355 t20286000C02AF2F900F9
 20:50:52.355 t20388000CE220347DE01
 20:50:52.356 t20480000C00000000000
 20:50:52.356 t2058D188E2027FFF5000
 20:50:52.455 t2008397D0A3E0048CA00
 20:50:52.455 t201848FD0A0EF1F1F17B
 20:50:52.455 t20287B0D0A3A49F100F9
 20:50:52.455 t203880410E2201B811FE
 20:50:52.455 t20480000000000000000
 20:50:52.456 t2058D18822027FFF5000
 20:50:52.555 t2008397F4A3E0048CA00
 20:50:52.555 t20185A6B4A0EF1F1F17C
 20:50:52.555 t20287B0D4A1AA9F100FB
 20:50:52.555 t2038992C4A220427FE01
 20:50:52.556 t20480000400000000000
 20:50:52.556 t2058D18862027FFF5000
 20:50:52.654 t200839828A3E0048CA00
 20:50:52.655 t20185B0D8A0EA9F1F17B
 20:50:52.655 t20287C9A8A1601F100FC
 20:50:52.655 t203899DD8A2208F801FC
 20:50:52.655 t20480000800000000000
 20:50:52.655 t2058D188A2027FFF5000
 20:50:52.755 t20083985CA3E0048CA00
 20:50:52.755 t20185B71CA0EF1F1F17B
 20:50:52.755 t20287C9ACA1AF1F101FC
 20:50:52.755 t20389AB0CA2205E80602
 20:50:52.755 t20480000C00000000000
 20:50:52.755 t2058D188E2027FFF5000
 20:50:52.854 t200839880A3E0048CA00
 20:50:52.855 t20185C9A0A0EF1F1F17C
 20:50:52.855 t20286000002AF2F900F9
 20:50:52.855 t20389B270A2204B80A00
 20:50:52.855 t20480000000000000000
 20:50:52.855 t2058D18822027FFF5000
 20:50:52.955 t2008398B4A3E0048CA00
 20:50:52.955 t201840004E0E49F1F179
 20:50:52.956 t20287B0D4A3A49F100F9
 20:50:52.956 t20389C5D4A2203E7F202
 20:50:52.956 t20480000400000000000
 20:50:52.956 t2058D18862027FFF5000
 20:50:53.055 t2008398D8A3E0048CA00
 20:50:53.055 t201848FD8A0EF1F1F17B
 20:50:53.055 t20287B0D8A1AA9F100FB
 20:50:53.055 t203880008E220347DE01
 20:50:53.055 t20480000800000000000
 20:50:53.056 t2058D188A2027FFF5000
 20:50:53.155 t20083990CA3E0048CA00
 20:50:53.155 t20185A6BCA0EF1F1F17C
 20:50:53.155 t20287C9ACA1601F100FC
 20:50:53.155 t20388041CE2201B811FE
 20:50:53.155 t20480000C00000000000
 20:50:53.156 t2058D188E2027FFF5000
 20:50:53.254 t200839930A3E0048CA00
 20:50:53.254 t20185B0D0A0EA9F1F17B
 20:50:53.255 t20287C9A0A1AF1F101FC
 20:50:53.255 t2038992C0A220427FE01
 20:50:53.255 t20480000000000000000
 20:50:53.255 t2058D18822027FFF5000
 20:50:53.354 t200839964A3E0048CA00
 20:50:53.354 t20185B714A0EF1F1F17B
 20:50:53.354 t20286000402AF2F900F9
 20:50:53.355 t203899DD4A2208F801FC
 20:50:53.355 t20480000400000000000
 20:50:53.355 t2058D18862027FFF5000
 20:50:53.454 t200839988A3E0048CA00
 20:50:53.454 t20185C9A8A0EF1F1F17C
 20:50:53.454 t20287B0D8A3A49F100F9
 20:50:53.455 t20389AB08A2205E80602
 20:50:53.455 t20480000800000000000
 20:50:53.455 t2058D188A2027FFF5000
 20:50:53.554 t2008399BCA3E0048CA00
 20:50:53.555 t20184000CE0E49F1F179
 20:50:53.555 t20287B0DCA1AA9F100FB
 20:50:53.555 t20389B27CA2204B80A00
 20:50:53.555 t20480000C00000000000
 20:50:53.555 t2058D188E2027FFF5000
 20:50:53.654 t2008399E0A3E0048CA00
 20:50:53.655 t201848FD0A0EF1F1F17B
 20:50:53.655 t20287C9A0A1601F100FC
 20:50:53.655 t20389C5D0A2203E7F202
 20:50:53.655 t20480000000000000000
 20:50:53.655 t2058D18822027FFF5000
 20:50:53.755 t200839A14A3E0048CA00
 20:50:53.756 t20185A6B4A0EF1F1F17C
 20:50:53.756 t20287C9A4A1AF1F101FC
 20:50:53.756 t203880004E220347DE01
 20:50:53.756 t20480000400000000000
 20:50:53.756 t2058D18862027FFF5000
 20:50:53.855 t200839A48A3E0048CA00
 20:50:53.856 t20185B0D8A0EA9F1F17B
 20:50:53.856 t20286000802AF2F900F9
 20:50:53.856 t203880418E2201B811FE
 20:50:53.856 t20480000800000000000
 20:50:53.856 t2058D188A2027FFF5000
 20:50:53.955 t200839A6CA3E0048CA00
 20:50:53.955 t20185D8BCA0CF1F1F17B
 20:50:53.956 t20287B0DCA3A49F100F9
 20:50:53.956 t2038992CCA220427FE01
 20:50:53.956 t20480000C00000000000
 20:50:53.956 t2058D188E2027FFF5000
 20:50:54.055 t200839A90A3E0048CA00
 20:50:54.055 t201848FD0A0EF1F1F17B
 20:50:54.055 t20287B0D0A1AA9F100FB
 20:50:54.055 t203899DD0A2208F801FC
 20:50:54.055 t20480000000000000000
 20:50:54.056 t2058D18822027FFF5000
 20:50:54.155 t200839AC4A3E0048CA00
 20:50:54.155 t20185A6B4A0EF1F1F17C
 20:50:54.155 t20287C9A4A1601F100FC
 20:50:54.155 t20389AB04A2205E80602
 20:50:54.155 t20480000400000000000
 20:50:54.156 t2058D18862027FFF5000
 20:50:54.255 t200839AF8A3E0048CA00
 20:50:54.255 t20185B0D8A0EA9F1F17B
 20:50:54.256 t20287C9A8A1AF1F101FC
 20:50:54.256 t20389B278A2204B80A00
 20:50:54.256 t20480000800000000000
 20:50:54.256 t2058D188A2027FFF5000
 20:50:54.355 t200839B1CA3E0048CA00
 20:50:54.355 t20185B71CA0EF1F1F17B
 20:50:54.356 t20286000C02AF2F900F9
 20:50:54.356 t20389C5DCA2203E7F202
 20:50:54.356 t20480000C00000000000
 20:50:54.356 t2058D188E2027FFF5000
 20:50:54.455 t200839B40A3E0048CA00
 20:50:54.455 t20185C9A0A0EF1F1F17C
 20:50:54.455 t20287B0D0A3A49F100F9
 20:50:54.456 t203880000E220347DE01
 20:50:54.456 t20480000000000000000
 20:50:54.456 t2058D18822027FFF5000
 20:50:54.555 t200839B74A3E0048CA00
 20:50:54.555 t201840004E0E49F1F179
 20:50:54.555 t20287B0D4A1AA9F100FB
 20:50:54.555 t203880414E2201B811FE
 20:50:54.555 t20480000400000000000
 20:50:54.556 t2058D18862027FFF5000
 20:50:54.655 t200839BA8A3E0048CA00
 20:50:54.655 t20185D8B8A0EF1F1F17B
 20:50:54.655 t20287C9A8A1601F100FC
 20:50:54.656 t2038992C8A220427FE01
 20:50:54.656 t20480000800000000000
 20:50:54.656 t2058D188A2027FFF5000
 20:50:54.755 t200839BDCA3E0048CA00
 20:50:54.755 t201848FDCA0EF1F1F17B
 20:50:54.755 t20287C9ACA1AF1F101FC
 20:50:54.755 t203899DDCA2208F801FC
 20:50:54.755 t20480000C00000000000
 20:50:54.755 t2058D188E2027FFF5000
 20:50:54.855 t200839BF0A3E0048CA00
 20:50:54.855 t20185A6B0A0EF1F1F17C
 20:50:54.855 t20286000002AF2F900F9
 20:50:54.855 t20389AB00A2205E80602
 20:50:54.855 t20480000000000000000
 20:50:54.855 t2058D18822027FFF5000
 20:50:54.955 t200839C24A3E0048CA00
 20:50:54.955 t20185B0D4A0EA9F1F17B
 20:50:54.956 t20287B0D4A3A49F100F9
 20:50:54.956 t20389B274A2204B80A00
 20:50:54.956 t20480000400000000000
 20:50:54.956 t2058D18862027FFF5000
 20:50:55.055 t200839C58A3E0048CA00
 20:50:55.055 t20185B718A0EF1F1F17B
 20:50:55.055 t20287B0D8A1AA9F100FB
 20:50:55.056 t20389C5D8A2203E7F202
 20:50:55.056 t20480000800000000000
 20:50:55.056 t2058D188A2027FFF5000
 20:50:55.155 t200839C8CA3E0048CA00
 20:50:55.155 t20185C9ACA0EF1F1F17C
 20:50:55.155 t20287C9ACA1601F100FC
 20:50:55.156 t20388000CE220347DE01
 20:50:55.156 t20480000C00000000000
 20:50:55.156 t2058D188E2027FFF5000
 20:50:55.255 t200839CA0A3E0048CA00
 20:50:55.255 t201840000E0E49F1F179
 20:50:55.255 t20287C9A0A1AF1F101FC
 20:50:55.256 t203880410E2201B811FE
 20:50:55.256 t20480000000000000000
 20:50:55.256 t2058D18822027FFF5000
 20:50:55.355 t200839CD4A3E0048CA00
 20:50:55.355 t20185D8B4A0EF1F1F17B
 20:50:55.355 t20286000402AF2F900F9
 20:50:55.355 t2038992C4A220427FE01
 20:50:55.356 t20480000400000000000
 20:50:55.356 t2058D18862027FFF5000
 20:50:55.455 t200839D08A3E0048CA00
 20:50:55.455 t201848FD8A0EF1F1F17B
 20:50:55.455 t20287B0D8A3A49F100F9
 20:50:55.455 t203899DD8A2208F801FC
 20:50:55.455 t20480000800000000000
 20:50:55.455 t2058D188A2027FFF5000
 20:50:55.555 t200839D3CA3E0048CA00
 20:50:55.555 t20185A6BCA0EF1F1F17C
 20:50:55.555 t20287B0DCA1AA9F100FB
 20:50:55.555 t20389AB0CA2205E80602
 20:50:55.555 t20480000C00000000000
 20:50:55.555 t2058D188E2027FFF5000
 20:50:55.655 t200839D60A3E0048CA00
 20:50:55.655 t20185B0D0A0EA9F1F17B
 20:50:55.655 t20287C9A0A1601F100FC
 20:50:55.655 t20389B270A2204B80A00
 20:50:55.656 t20480000000000000000
 20:50:55.656 t2058D18822027FFF5000
 20:50:55.755 t200839D84A3E0048CA00
 20:50:55.755 t20185B714A0EF1F1F17B
 20:50:55.755 t20287C9A4A1AF1F101FC
 20:50:55.755 t20389C5D4A2203E7F202
 20:50:55.756 t20480000400000000000
 20:50:55.756 t2058D18862027FFF5000
 20:50:55.855 t200839DB8A3E0048CA00
 20:50:55.855 t20185C9A8A0EF1F1F17C
 20:50:55.855 t20286000802AF2F900F9
 20:50:55.855 t203880008E220347DE01
 20:50:55.856 t20480000800000000000
 20:50:55.856 t2058D188A2027FFF5000
 20:50:55.955 t200839DECA3E0048CA00
 20:50:55.955 t20184000CE0E49F1F179
 20:50:55.955 t20287B0DCA3A49F100F9
 20:50:55.955 t20388041CE2201B811FE
 20:50:55.956 t20480000C00000000000
 20:50:55.956 t2058D188E2027FFF5000
 20:50:56.056 t200839E10A3E0048CA00
 20:50:56.056 t20185D8B0A0EF1F1F17B
 20:50:56.057 t20287B0D0A1AA9F100FB
 20:50:56.057 t2038992C0A220427FE01
 20:50:56.058 t20480000000000000000
 20:50:56.058 t2058D18822027FFF5000
 20:50:56.154 t200839E34A3E0048CA00
 20:50:56.155 t201848FD4A0EF1F1F17B
 20:50:56.155 t20287C9A4A1601F100FC
 20:50:56.155 t203899DD4A2208F801FC
 20:50:56.155 t20480000400000000000
 20:50:56.155 t2058D18862027FFF5000
 20:50:56.254 t200839E68A3E0048CA00
 20:50:56.255 t20185A6B8A0EF1F1F17C
 20:50:56.255 t20287C9A8A1AF1F101FC
 20:50:56.255 t20389AB08A2205E80602
 20:50:56.255 t20480000800000000000
 20:50:56.255 t2058D188A2027FFF5000
 20:50:56.355 t200839E9CA3E0048CA00
 20:50:56.355 t20185B0DCA0EA9F1F17B
 20:50:56.355 t20286000C02AF2F900F9
 20:50:56.355 t20389B27CA2204B80A00
 20:50:56.355 t20480000C00000000000
 20:50:56.356 t2058D188E2027FFF5000
 20:50:56.455 t200839EC0A3E0048CA00
 20:50:56.455 t20185B710A0EF1F1F17B
 20:50:56.455 t20287B0D0A3A49F100F9
 20:50:56.455 t20389C5D0A2203E7F202
 20:50:56.455 t20480000000000000000
 20:50:56.456 t2058D18822027FFF5000
 20:50:56.554 t200839EE4A3E0048CA00
 20:50:56.555 t20185C9A4A0EF1F1F17C
 20:50:56.555 t20287B0D4A1AA9F100FB
 20:50:56.555 t203880004E220347DE01
 20:50:56.555 t20480000400000000000
 20:50:56.556 t2058D18862027FFF5000
 20:50:56.654 t200839F18A3E0048CA00
 20:50:56.655 t201840008E0E49F1F179
 20:50:56.655 t20287C9A8A1601F100FC
 20:50:56.655 t203880418E2201B811FE
 20:50:56.655 t20480000800000000000
 20:50:56.655 t2058D188A2027FFF5000
 20:50:56.754 t200839F4CA3E0048CA00
 20:50:56.754 t20185D8BCA0EF1F1F17B
 20:50:56.754 t20287C9ACA1AF1F101FC
 20:50:56.755 t20389D4DCA2003F7EE02
 20:50:56.755 t20480000C00000000000
 20:50:56.755 t2058D188E2027FFF5000
 20:50:56.854 t200839F70A3E0048CA00
 20:50:56.854 t201848FD0A0EF1F1F17B
 20:50:56.854 t20286000002AF2F900F9
 20:50:56.855 t203899DD0A2208F801FC
 20:50:56.855 t20480000000000000000
 20:50:56.855 t2058D18822027FFF5000
 20:50:56.954 t200839FA4A3E0048CA00
 20:50:56.955 t20185A6B4A0EF1F1F17C
 20:50:56.955 t20287B0D4A3A49F100F9
 20:50:56.955 t20389AB04A2205E80602
 20:50:56.955 t20480000400000000000
 20:50:56.955 t2058D18862027FFF5000
 20:50:57.054 t200839FC8A3E0048CA00
 20:50:57.055 t20185B0D8A0EA9F1F17B
 20:50:57.055 t20287B0D8A1AA9F100FB
 20:50:57.055 t20389B278A2204B80A00
 20:50:57.055 t20480000800000000000
 20:50:57.055 t2058D188A2027FFF5000
 20:50:57.154 t200839FFCA3E0048CA00
 20:50:57.155 t20185B71CA0EF1F1F17B
 20:50:57.155 t20287C9ACA1601F100FC
 20:50:57.155 t20389C5DCA2203E7F202
 20:50:57.155 t20480000C00000000000
 20:50:57.155 t2058D188E2027FFF5000
 20:50:57.254 t20083A020A3E0048CA00
 20:50:57.255 t20185C9A0A0EF1F1F17C
 20:50:57.255 t20287C9A0A1AF1F101FC
 20:50:57.255 t20389D4D0A2203F7EE02
 20:50:57.255 t20480000000000000000
 20:50:57.255 t2058D18822027FFF5000
 20:50:57.354 t20083A054A3E0048CA00
 20:50:57.355 t201840004E0E49F1F179
 20:50:57.355 t20286000402AF2F900F9
 20:50:57.355 t203880004E220347DE01
 20:50:57.355 t20480000400000000000
 20:50:57.355 t2058D18862027FFF5000
 20:50:57.455 t20083A078A3E0048CA00
 20:50:57.455 t20185D8B8A0EF1F1F17B
 20:50:57.455 t20287B0D8A3A49F100F9
 20:50:57.455 t203880418E2201B811FE
 20:50:57.455 t20480000800000000000
 20:50:57.456 t2058D188A2027FFF5000
 20:50:57.555 t20083A0ACA3E0048CA00
 20:50:57.555 t201848FDCA0EF1F1F17B
 20:50:57.555 t20287B0DCA1AA9F100FB
 20:50:57.555 t203899DDCA2208F801FC
 20:50:57.555 t20480000C00000000000
 20:50:57.556 t2058D188E2027FFF5000
 20:50:57.655 t20083A0D0A3E0048CA00
 20:50:57.655 t20185A6B0A0EF1F1F17C
 20:50:57.655 t20287C9A0A1601F100FC
 20:50:57.655 t20389AB00A2205E80602
 20:50:57.656 t20480000000000000000
 20:50:57.656 t2058D18822027FFF5000
 20:50:57.755 t20083A104A3E0048CA00
 20:50:57.755 t20185B0D4A0EA9F1F17B
 20:50:57.755 t20287C9A4A1AF1F101FC
 20:50:57.756 t20389B274A2204B80A00
 20:50:57.756 t20480000400000000000
 20:50:57.756 t2058D18862027FFF5000
 20:50:57.855 t20083A138A3E0048CA00
 20:50:57.855 t20185B718A0EF1F1F17B
 20:50:57.856 t20286000802AF2F900F9
 20:50:57.856 t20389C5D8A2203E7F202
 20:50:57.856 t20480000800000000000
 20:50:57.856 t2058D188A2027FFF5000
 20:50:57.955 t20083A15CA3E0048CA00
 20:50:57.955 t20185C9ACA0EF1F1F17C
 20:50:57.956 t20287B0DCA3A49F100F9
 20:50:57.956 t20389D4DCA2203F7EE02
 20:50:57.956 t20480000C00000000000
 20:50:57.956 t2058D188E2027FFF5000
 20:50:58.055 t20083A180A3E0048CA00
 20:50:58.055 t201840000E0E49F1F179
 20:50:58.055 t20287B0D0A1AA9F100FB
 20:50:58.055 t203880000E220347DE01
 20:50:58.055 t20480000000000000000
 20:50:58.055 t2058D18822027FFF5000
 20:50:58.155 t20083A1B4A3E0048CA00
 20:50:58.155 t20185D8B4A0EF1F1F17B
 20:50:58.155 t20287C9A4A1601F100FC
 20:50:58.155 t203880414E2201B811FE
 20:50:58.155 t20480000400000000000
 20:50:58.155 t2058D18862027FFF5000
 20:50:58.255 t20083A1E8A3E0048CA00
 20:50:58.255 t201848FD8A0EF1F1F17B
 20:50:58.255 t20287C9A8A1AF1F101FC
 20:50:58.255 t203899DD8A2208F801FC
 20:50:58.255 t20480000800000000000
 20:50:58.255 t2058D188A2027FFF5000
 20:50:58.355 t20083A20CA3E0048CA00
 20:50:58.355 t20185A6BCA0EF1F1F17C
 20:50:58.355 t20286000C02AF2F900F9
 20:50:58.356 t20389AB0CA2205E80602
 20:50:58.356 t20480000C00000000000
 20:50:58.356 t2058D188E2027FFF5000
 20:50:58.455 t20083A230A3E0048CA00
 20:50:58.455 t20185B0D0A0EA9F1F17B
 20:50:58.455 t20287B0D0A3A49F100F9
 20:50:58.456 t20389B270A2204B80A00
 20:50:58.456 t20480000000000000000
 20:50:58.456 t2058D18822027FFF5000
 20:50:58.555 t20083A264A3E0048CA00
 20:50:58.555 t20185B714A0EF1F1F17B
 20:50:58.555 t20287B0D4A1AA9F100FB
 20:50:58.555 t20389C5D4A2203E7F202
 20:50:58.555 t20480000400000000000
 20:50:58.555 t2058D18862027FFF5000
 20:50:58.655 t20083A298A3E0048CA00
 20:50:58.655 t20185C9A8A0EF1F1F17C
 20:50:58.655 t20287C9A8A1601F100FC
 20:50:58.655 t20389D4D8A2203F7EE02
 20:50:58.655 t20480000800000000000
 20:50:58.656 t2058D188A2027FFF5000
 20:50:58.755 t20083A2CCA3E0048CA00
 20:50:58.755 t20184000CE0E49F1F179
 20:50:58.755 t20287C9ACA1AF1F101FC
 20:50:58.755 t20388000CE220347DE01
 20:50:58.755 t20480000C00000000000
 20:50:58.755 t2058D188E2027FFF5000
 20:50:58.854 t20083A2E0A3E0048CA00
 20:50:58.855 t20185D8B0A0EF1F1F17B
 20:50:58.855 t20286000002AF2F900F9
 20:50:58.855 t203880410E2201B811FE
 20:50:58.855 t20480000000000000000
 20:50:58.855 t2058D18822027FFF5000
 20:50:58.955 t20083A314A3E0048CA00
 20:50:58.955 t201848FD4A0EF1F1F17B
 20:50:58.955 t20287B0D4A3A49F100F9
 20:50:58.955 t203899DD4A2208F801FC
 20:50:58.955 t20480000400000000000
 20:50:58.956 t2058D18862027FFF5000
 20:50:59.055 t20083A348A3E0048CA00
 20:50:59.055 t20185A6B8A0EF1F1F17C
 20:50:59.055 t20287B0D8A1AA9F100FB
 20:50:59.055 t20389AB08A2205E80602
 20:50:59.056 t20480000800000000000
 20:50:59.056 t2058D188A2027FFF5000
 20:50:59.155 t20083A37CA3E0048CA00
 20:50:59.155 t20185B0DCA0EA9F1F17B
 20:50:59.155 t20287C9ACA1601F100FC
 20:50:59.155 t20389B27CA2204B80A00
 20:50:59.156 t20480000C00000000000
 20:50:59.156 t2058D188E2027FFF5000
 20:50:59.255 t20083A390A3E0048CA00
 20:50:59.255 t20185B710A0EF1F1F17B
 20:50:59.255 t20287C9A0A1AF1F101FC
 20:50:59.255 t20389C5D0A2203E7F202
 20:50:59.255 t20480000000000000000
 20:50:59.256 t2058D18822027FFF5000
 20:50:59.355 t20083A3C4A3E0048CA00
 20:50:59.355 t20185C9A4A0EF1F1F17C
 20:50:59.355 t20286000402AF2F900F9
 20:50:59.355 t20389D4D4A2203F7EE02
 20:50:59.355 t20480000400000000000
 20:50:59.356 t2058D18862027FFF5000
 20:50:59.454 t20083A3F8A3E0048CA00
 20:50:59.454 t201840008E0E49F1F179
 20:50:59.455 t20287B0D8A3A49F100F9
 20:50:59.455 t203880008E220347DE01
 20:50:59.455 t20480000800000000000
 20:50:59.455 t2058D188A2027FFF5000
 20:50:59.554 t20083A42CA3E0048CA00
 20:50:59.554 t20185D8BCA0EF1F1F17B
 20:50:59.555 t20287B0DCA1AA9F100FB
 20:50:59.555 t20388041CE2201B811FE
 20:50:59.555 t20480000C00000000000
 20:50:59.555 t2058D188E2027FFF5000
 20:50:59.654 t20083A450A3E0048CA00
 20:50:59.654 t201848FD0A0EF1F1F17B
 20:50:59.655 t20287C9A0A1601F100FC
 20:50:59.655 t203899DD0A2208F801FC
 20:50:59.655 t20480000000000000000
 20:50:59.655 t2058D18822027FFF5000
 20:50:59.754 t20083A474A3E0048CA00
 20:50:59.754 t20185A6B4A0EF1F1F17C
 20:50:59.755 t20287C9A4A1AF1F101FC
 20:50:59.755 t20389AB04A2205E80602
 20:50:59.755 t20480000400000000000
 20:50:59.755 t2058D18862027FFF5000
 20:50:59.854 t20083A4A8A3E0048CA00
 20:50:59.854 t20185B0D8A0EA9F1F17B
 20:50:59.855 t20286000802AF2F900F9
 20:50:59.855 t20389B278A2204B80A00
 20:50:59.855 t20480000800000000000
 20:50:59.855 t2058D188A2027FFF5000
 20:50:59.955 t20083A4DCA3E0048CA00
 20:50:59.955 t20185B71CA0EF1F1F17B
 20:50:59.955 t20287B0DCA3A49F100F9
 20:50:59.955 t20389C5DCA2203E7F202
 20:50:59.955 t20480000C00000000000
 20:50:59.955 t2058D188E2027FFF5000
 20:51:00.054 t20083A500A3E0048CA00
 20:51:00.055 t20185C9A0A0EF1F1F17C
 20:51:00.055 t20287B0D0A1AA9F100FB
 20:51:00.055 t20389D4D0A2203F7EE02
 20:51:00.055 t20480000000000000000
 20:51:00.055 t2058D18822027FFF5000
 20:51:00.154 t20083A524A3E0048CA00
 20:51:00.154 t201840004E0E49F1F179
 20:51:00.154 t20287C9A4A1601F100FC
 20:51:00.155 t203880004E220347DE01
 20:51:00.155 t20480000400000000000
 20:51:00.155 t2058D18862027FFF5000
 20:51:00.254 t20083A558A3E0048CA00
 20:51:00.254 t20185D8B8A0EF1F1F17B
 20:51:00.254 t20287C9A8A1AF1F101FC
 20:51:00.254 t203880418E2201B811FE
 20:51:00.255 t20480000800000000000
 20:51:00.255 t2058D188A2027FFF5000
 20:51:00.354 t20083A58CA3E0048CA00
 20:51:00.354 t201848FDCA0EF1F1F17B
 20:51:00.354 t20286000C02AF2F900F9
 20:51:00.355 t203899DDCA2208F801FC
 20:51:00.355 t20480000C00000000000
 20:51:00.355 t2058D188E2027FFF5000
 20:51:00.454 t20083A5B0A3E0048CA00
 20:51:00.455 t20185A6B0A0EF1F1F17C
 20:51:00.455 t20287B0D0A3A49F100F9
 20:51:00.455 t20389AB00A2205E80602
 20:51:00.455 t20480000000000000000
 20:51:00.455 t2058D18822027FFF5000
 20:51:00.554 t20083A5E4A3E0048CA00
 20:51:00.555 t20185B0D4A0EA9F1F17B
 20:51:00.555 t20287B0D4A1AA9F100FB
 20:51:00.555 t20389B274A2204B80A00
 20:51:00.555 t20480000400000000000
 20:51:00.555 t2058D18862027FFF5000
 20:51:00.654 t20083A608A3E0048CA00
 20:51:00.655 t20185B718A0EF1F1F17B
 20:51:00.655 t20287C9A8A1601F100FC
 20:51:00.655 t20389C5D8A2203E7F202
 20:51:00.655 t20480000800000000000
 20:51:00.655 t2058D188A2027FFF5000
 20:51:00.754 t20083A63CA3E0048CA00
 20:51:00.754 t20185C9ACA0EF1F1F17C
 20:51:00.754 t20287C9ACA1AF1F101FC
 20:51:00.754 t20389D4DCA2203F7EE02
 20:51:00.754 t20480000C00000000000
 20:51:00.755 t2058D188E2027FFF5000
 20:51:00.854 t20083A660A3E0048CA00
 20:51:00.854 t201840000E0E49F1F179
 20:51:00.854 t20286000002AF2F900F9
 20:51:00.854 t203880000E220347DE01
 20:51:00.855 t20480000000000000000
 20:51:00.855 t2058D18822027FFF5000
 20:51:00.955 t20083A694A3E0048CA00
 20:51:00.955 t20185D8B4A0EF1F1F17B
 20:51:00.955 t20287B0D4A3A49F100F9
 20:51:00.956 t203880414E2201B811FE
 20:51:00.956 t20480000400000000000
 20:51:00.956 t2058D18862027FFF5000
 20:51:01.055 t20083A6B8A3E004ACA00
 20:51:01.055 t201848FD8A0EF1F1F17B
 20:51:01.056 t20287B0D8A1AA9F100FB
 20:51:01.056 t203899DD8A2208F801FC
 20:51:01.056 t20480000800000000000
 20:51:01.056 t2058D188A2027FFF5000
 20:51:01.155 t20083A6ECA3E004ACA00
 20:51:01.155 t20185A6BCA0EF1F1F17C
 20:51:01.156 t20287C9ACA1601F100FC
 20:51:01.156 t20389AB0CA2205E80602
 20:51:01.156 t20480000C00000000000
 20:51:01.156 t2058D188E2027FFF5000
 20:51:01.255 t20083A710A3E004ACA00
 20:51:01.255 t20185B0D0A0EA9F1F17B
 20:51:01.256 t20287C9A0A1AF1F101FC
 20:51:01.256 t20389B270A2204B80A00
 20:51:01.256 t20480000000000000000
 20:51:01.256 t2058D18822027FFF5000
 20:51:01.355 t20083A744A3E004ACA00
 20:51:01.355 t20185B714A0EF1F1F17B
 20:51:01.356 t20286000402AF2F900F9
 20:51:01.356 t20389C5D4A2203E7F202
 20:51:01.356 t20480000400000000000
 20:51:01.356 t2058D18862027FFF5000
 20:51:01.455 t20083A768A3E004ACA00
 20:51:01.455 t20185C9A8A0EF1F1F17C
 20:51:01.455 t20287B0D8A3A49F100F9
 20:51:01.455 t20389D4D8A2203F7EE02
 20:51:01.455 t20480000800000000000
 20:51:01.455 t2058D188A2027FFF5000
 20:51:01.555 t20083A79CA3E004ACA00
 20:51:01.555 t20184000CE0E49F1F179
 20:51:01.555 t20287B0DCA1AA9F100FB
 20:51:01.555 t20388000CE220347DE01
 20:51:01.555 t20480000C00000000000
 20:51:01.555 t2058D188E2027FFF5000
 20:51:01.655 t20083A7C0A3E004ACA00
 20:51:01.655 t20185D8B0A0EF1F1F17B
 20:51:01.656 t20287C9A0A1601F100FC
 20:51:01.656 t203880410E2201B811FE
 20:51:01.656 t20480000000000000000
 20:51:01.656 t2058D18822027FFF5000
 20:51:01.755 t20083A7F4A3E004ACA00
 20:51:01.755 t201848FD4A0EF1F1F17B
 20:51:01.755 t20287C9A4A1AF1F101FC
 20:51:01.756 t203899DD4A2208F801FC
 20:51:01.756 t20480000400000000000
 20:51:01.756 t2058D18862027FFF5000
 20:51:01.855 t20083A828A3E004ACA00
 20:51:01.855 t20185A6B8A0EF1F1F17C
 20:51:01.855 t20286000802AF2F900F9
 20:51:01.856 t20389AB08A2205E80602
 20:51:01.856 t20480000800000000000
 20:51:01.856 t2058D188A2027FFF5000
 20:51:01.955 t20083A84CA3E004ACA00
 20:51:01.955 t20185B0DCA0EA9F1F17B
 20:51:01.955 t20287B0DCA3A49F100F9
 20:51:01.955 t20389B27CA2204B80A00
 20:51:01.956 t20480000C00000000000
 20:51:01.956 t2058D188E2027FFF5000
 20:51:02.055 t20083A870A3E004ACA00
 20:51:02.055 t20185B710A0EF1F1F17B
 20:51:02.055 t20287B0D0A1AA9F100FB
 20:51:02.056 t20389C5D0A2203E7F202
 20:51:02.056 t20480000000000000000
 20:51:02.056 t2058D18822027FFF5000
 20:51:02.155 t20083A8A4A3E004ACA00
 20:51:02.155 t20185C9A4A0EF1F1F17C
 20:51:02.155 t20287C9A4A1601F100FC
 20:51:02.155 t20389D4D4A2203F7EE02
 20:51:02.155 t20480000400000000000
 20:51:02.155 t2058D18862027FFF5000
 20:51:02.255 t20083A8D8A3E004ACA00
 20:51:02.255 t201840008E0E49F1F179
 20:51:02.255 t20287C9A8A1AF1F101FC
 20:51:02.255 t203880008E220347DE01
 20:51:02.255 t20480000800000000000
 20:51:02.255 t2058D188A2027FFF5000
 20:51:02.355 t20083A90CA3E004ACA00
 20:51:02.355 t20185D8BCA0EF1F1F17B
 20:51:02.355 t20286000C02AF2F900F9
 20:51:02.355 t20388041CE2201B811FE
 20:51:02.356 t20480000C00000000000
 20:51:02.356 t2058D188E2027FFF5000
 20:51:02.455 t20083A920A3E004ACA00
 20:51:02.455 t201848FD0A0EF1F1F17B
 20:51:02.455 t20287B0D0A3A49F100F9
 20:51:02.456 t203899DD0A2208F801FC
 20:51:02.456 t20480000000000000000
 20:51:02.456 t2058D18822027FFF5000
 20:51:02.555 t20083A954A3E004ACA00
 20:51:02.555 t20185A6B4A0EF1F1F17C
 20:51:02.555 t20287B0D4A1AA9F100FB
 20:51:02.556 t20389AB04A2205E80602
 20:51:02.556 t20480000400000000000
 20:51:02.556 t2058D18862027FFF5000
 20:51:02.655 t20083A988A3E004ACA00
 20:51:02.655 t20185B0D8A0EA9F1F17B
 20:51:02.655 t20287C9A8A1601F100FC
 20:51:02.655 t20389B278A2204B80A00
 20:51:02.656 t20480000800000000000
 20:51:02.656 t2058D188A2027FFF5000
 20:51:02.755 t20083A9BCA3E004ACA00
 20:51:02.755 t20185B71CA0EF1F1F17B
 20:51:02.755 t20287C9ACA1AF1F101FC
 20:51:02.755 t20389C5DCA2203E7F202
 20:51:02.756 t20480000C00000000000
 20:51:02.756 t2058D188E2027FFF5000
 20:51:02.854 t20083A9D0A3E004ACA00
 20:51:02.855 t20185C9A0A0EF1F1F17C
 20:51:02.855 t20286000002AF2F900F9
 20:51:02.855 t20389D4D0A2203F7EE02
 20:51:02.855 t20480000000000000000
 20:51:02.855 t2058D18822027FFF5000
 20:51:02.954 t20083AA04A3E004ACA00
 20:51:02.955 t201840004E0E49F1F179
 20:51:02.955 t20287B0D4A3A49F100F9
 20:51:02.955 t203880004E220347DE01
 20:51:02.955 t20480000400000000000
 20:51:02.955 t2058D18862027FFF5000
 20:51:03.055 t20083AA38A3E004ACA00
 20:51:03.055 t20185D8B8A0EF1F1F17B
 20:51:03.055 t20287B0D8A1AA9F100FB
 20:51:03.055 t203880418E2201B811FE
 20:51:03.056 t20480000800000000000
 20:51:03.056 t2058D188A2027FFF5000
 20:51:03.155 t20083AA6CA3E004ACA00
 20:51:03.155 t201848FDCA0EF1F1F17B
 20:51:03.155 t20287C9ACA1601F100FC
 20:51:03.155 t203899DDCA2208F801FC
 20:51:03.156 t20480000C00000000000
 20:51:03.156 t2058D188E2027FFF5000
 20:51:03.255 t20083AA90A3E004ACA00
 20:51:03.255 t20185A6B0A0EF1F1F17C
 20:51:03.255 t20287C9A0A1AF1F101FC
 20:51:03.255 t20389AB00A2205E80602
 20:51:03.256 t20480000000000000000
 20:51:03.256 t2058D18822027FFF5000
 20:51:03.355 t20083AAB4A3E004ACA00
 20:51:03.355 t20185B0D4A0EA9F1F17B
 20:51:03.355 t20286000402AF2F900F9
 20:51:03.355 t20389B274A2204B80A00
 20:51:03.355 t20480000400000000000
 20:51:03.356 t2058D18862027FFF5000
 20:51:03.454 t20083AAE8A3E004ACA00
 20:51:03.455 t20185B718A0EF1F1F17B
 20:51:03.455 t20287B0D8A3A49F100F9
 20:51:03.455 t20389C5D8A2203E7F202
 20:51:03.455 t20480000800000000000
 20:51:03.456 t2058D188A2027FFF5000
 20:51:03.554 t20083AB1CA3E004ACA00
 20:51:03.554 t20185C9ACA0EF1F1F17C
 20:51:03.555 t20287B0DCA1AA9F100FB
 20:51:03.555 t20389D4DCA2203F7EE02
 20:51:03.555 t20480000C00000000000
 20:51:03.555 t2058D188E2027FFF5000
 20:51:03.654 t20083AB40A3E004ACA00
 20:51:03.655 t201840000E0E49F1F179
 20:51:03.655 t20287C9A0A1601F100FC
 20:51:03.655 t203880000E220347DE01
 20:51:03.655 t20480000000000000000
 20:51:03.655 t2058D18822027FFF5000
 20:51:03.755 t20083AB74A3E004ACA00
 20:51:03.755 t20185D8B4A0EF1F1F17B
 20:51:03.755 t20287C9A4A1AF1F101FC
 20:51:03.755 t203880414E2201B811FE
 20:51:03.755 t20480000400000000000
 20:51:03.756 t2058D18862027FFF5000
 20:51:03.855 t20083ABA8A3E004ACA00
 20:51:03.855 t201848FD8A0EF1F1F17B
 20:51:03.855 t20286000802AF2F900F9
 20:51:03.855 t203899DD8A2208F801FC
 20:51:03.855 t20480000800000000000
 20:51:03.856 t2058D188A2027FFF5000
 20:51:03.954 t20083ABCCA3E004ACA00
 20:51:03.955 t20185A6BCA0EF1F1F17C
 20:51:03.955 t20287B0DCA3A49F100F9
 20:51:03.955 t20389AB0CA2205E80602
 20:51:03.955 t20480000C00000000000
 20:51:03.956 t2058D188E2027FFF5000
 20:51:04.054 t20083ABF0A3E004ACA00
 20:51:04.055 t20185B0D0A0EA9F1F17B
 20:51:04.055 t20287B0D0A1AA9F100FB
 20:51:04.056 t20389B270A2204B80A00
 20:51:04.056 t20480000000000000000
 20:51:04.056 t2058D18822027FFF5000
 20:51:04.154 t20083AC24A3E004ACA00
 20:51:04.154 t20185B714A0EF1F1F17B
 20:51:04.154 t20287C9A4A1601F100FC
 20:51:04.155 t20389C5D4A2203E7F202
 20:51:04.155 t20480000400000000000
 20:51:04.155 t2058D18862027FFF5000
 20:51:04.254 t20083AC58A3E004ACA00
 20:51:04.254 t20185C9A8A0EF1F1F17C
 20:51:04.254 t20287C9A8A1AF1F101FC
 20:51:04.254 t20389D4D8A2203F7EE02
 20:51:04.255 t20480000800000000000
 20:51:04.255 t2058D188A2027FFF5000
 20:51:04.354 t20083AC7CA3E004ACA00
 20:51:04.355 t20184000CE0E49F1F179
 20:51:04.355 t20286000C02AF2F900F9
 20:51:04.355 t20388000CE220347DE01
 20:51:04.355 t20480000C00000000000
 20:51:04.355 t2058D188E2027FFF5000
 20:51:04.454 t20083ACA0A3E004ACA00
 20:51:04.455 t20185D8B0A0EF1F1F17B
 20:51:04.455 t20287B0D0A3A49F100F9
 20:51:04.455 t203880410E2201B811FE
 20:51:04.455 t20480000000000000000
 20:51:04.456 t2058D18822027FFF5000
 20:51:04.554 t20083ACD4A3E004ACA00
 20:51:04.555 t201848FD4A0EF1F1F17B
 20:51:04.555 t20287B0D4A1AA9F100FB
 20:51:04.555 t203899DD4A2208F801FC
 20:51:04.555 t20480000400000000000
 20:51:04.555 t2058D18862027FFF5000
 20:51:04.654 t20083AD08A3E004ACA00
 20:51:04.654 t20185A6B8A0EF1F1F17C
 20:51:04.655 t20287C9A8A1601F100FC
 20:51:04.655 t20389AB08A2205E80602
 20:51:04.655 t20480000800000000000
 20:51:04.655 t2058D188A2027FFF5000
 20:51:04.754 t20083AD3CA3E004ACA00
 20:51:04.754 t20185B0DCA0EA9F1F17B
 20:51:04.754 t20287C9ACA1AF1F101FC
 20:51:04.755 t20389B27CA2204B80A00
 20:51:04.755 t20480000C00000000000
 20:51:04.755 t2058D188E2027FFF5000
 20:51:04.854 t20083AD50A3E004ACA00
 20:51:04.854 t20185B710A0EF1F1F17B
 20:51:04.854 t20286000002AF2F900F9
 20:51:04.854 t20389C5D0A2203E7F202
 20:51:04.855 t20480000000000000000
 20:51:04.855 t2058D18822027FFF5000
 20:51:04.954 t20083AD84A3E004ACA00
 20:51:04.954 t20185C9A4A0EF1F1F17C
 20:51:04.954 t20287B0D4A3A49F100F9
 20:51:04.954 t20389D4D4A2203F7EE02
 20:51:04.955 t20480000400000000000
 20:51:04.955 t2058D18862027FFF5000
 20:51:05.054 t20083ADB8A3E004ACA00
 20:51:05.054 t201840008E0E49F1F179
 20:51:05.055 t20287B0D8A1AA9F100FB
 20:51:05.055 t203880008E220347DE01
 20:51:05.055 t20480000800000000000
 20:51:05.055 t2058D188A2027FFF5000
 20:51:05.154 t20083ADECA3E004ACA00
 20:51:05.154 t20185D8BCA0EF1F1F17B
 20:51:05.155 t20287C9ACA1601F100FC
 20:51:05.155 t20388041CE2201B811FE
 20:51:05.155 t20480000C00000000000
 20:51:05.155 t2058D188E2027FFF5000
 20:51:05.254 t20083AE00A3E004ACA00
 20:51:05.254 t20185A6B0A0EF1F1F17C
 20:51:05.255 t20287C9A0A1AF1F101FC
 20:51:05.255 t203899DD0A2208F801FC
 20:51:05.255 t20480000000000000000
 20:51:05.255 t2058D18822027FFF5000
 20:51:05.354 t20083AE34A3E004ACA00
 20:51:05.354 t20185B0D4A0EA9F1F17B
 20:51:05.355 t20286000402AF2F900F9
 20:51:05.355 t20389AB04A2205E80602
 20:51:05.355 t20480000400000000000
 20:51:05.355 t2058D18862027FFF5000
 20:51:05.455 t20083AE68A3E004ACA00
 20:51:05.456 t20185B718A0EF1F1F17B
 20:51:05.456 t20287B0D8A3A49F100F9
 20:51:05.456 t20389B278A2204B80A00
 20:51:05.456 t20480000800000000000
 20:51:05.457 t2058D188A2027FFF5000
 20:51:05.555 t20083AE9CA3E004ACA00
 20:51:05.555 t20185C9ACA0EF1F1F17C
 20:51:05.555 t20287B0DCA1AA9F100FB
 20:51:05.555 t20389C5DCA2203E7F202
 20:51:05.555 t20480000C00000000000
 20:51:05.556 t2058D188E2027FFF5000
 20:51:05.655 t20083AEC0A3E004ACA00
 20:51:05.655 t201840000E0E49F1F179
 20:51:05.655 t20287C9A0A1601F100FC
 20:51:05.655 t20389D4D0A2203F7EE02
 20:51:05.655 t20480000000000000000
 20:51:05.655 t2058D18822027FFF5000
 20:51:05.755 t20083AEE4A3E004ACA00
 20:51:05.755 t20185D8B4A0EF1F1F17B
 20:51:05.756 t20287C9A4A1AF1F101FC
 20:51:05.756 t203880004E220347DE01
 20:51:05.756 t20480000400000000000
 20:51:05.756 t2058D18862027FFF5000
 20:51:05.855 t20083AF18A3E004ACA00
 20:51:05.855 t20185A6B8A0EF1F1F17C
 20:51:05.856 t20286000802AF2F900F9
 20:51:05.856 t203880418E2201B811FE
 20:51:05.856 t20480000800000000000
 20:51:05.856 t2058D188A2027FFF5000
 20:51:05.955 t20083AF4CA3E004ACA00
 20:51:05.955 t20185B0DCA0EA9F1F17B
 20:51:05.955 t20287B0DCA3A49F100F9
 20:51:05.955 t20389A6CCA200227F1FC
 20:51:05.955 t20480000C00000000000
 20:51:05.955 t2058D188E2027FFF5000
 20:51:06.055 t20083AF70A3E004ACA00
 20:51:06.055 t20185B710A0EF1F1F17B
 20:51:06.055 t20287B0D0A1AA9F100FB
 20:51:06.055 t20389AB00A2005E80603
 20:51:06.056 t20480000000000000000
 20:51:06.056 t2058D18822027FFF5000
 20:51:06.155 t20083AF94A3E004ACA00
 20:51:06.155 t20185C9A4A0EF1F1F17C
 20:51:06.155 t20287C9A4A1601F100FC
 20:51:06.155 t20389B724A2009E801FE
 20:51:06.155 t20480000400000000000
 20:51:06.155 t2058D18862027FFF5000
 20:51:06.255 t20083AFC8A3E004ACA00
 20:51:06.255 t201840008E0E49F1F179
 20:51:06.255 t20287C9A8A1AF1F101FC
 20:51:06.255 t20389C5D8A2003E7F202
 20:51:06.255 t20480000800000000000
 20:51:06.255 t2058D188A2027FFF5000
 20:51:06.355 t20083AFFCA3E004ACA00
 20:51:06.355 t20185D8BCA0EF1F1F17B
 20:51:06.355 t20286000C02AF2F900F9
 20:51:06.356 t20389D4DCA2003F7EE02
 20:51:06.356 t20480000C00000000000
 20:51:06.356 t2058D188E2027FFF5000
 20:51:06.455 t20083B020A3E004ACA00
 20:51:06.455 t20185A6B0A0EF1F1F17C
 20:51:06.455 t20287B0D0A3A49F100F9
 20:51:06.456 t20389E1B0A203FF7FBFF
 20:51:06.456 t20480000000000000000
 20:51:06.456 t2058D18822027FFF5000
 20:51:06.555 t20083B054A3E004ACA00
 20:51:06.555 t20185B0D4A0EA9F1F17B
 20:51:06.555 t20287B0D4A1AA9F100FB
 20:51:06.556 t20389A6C4A220227F1FC
 20:51:06.556 t20480000400000000000
 20:51:06.556 t2058D18862027FFF5000
 20:51:06.655 t20083B078A3E004ACA00
 20:51:06.655 t20185B718A0EF1F1F17B
 20:51:06.655 t20287C9A8A1601F100FC
 20:51:06.655 t20389AB08A2205E80603
 20:51:06.656 t20480000800000000000
 20:51:06.656 t2058D188A2027FFF5000
 20:51:06.755 t20083B0ACA3E004ACA00
 20:51:06.755 t20185C9ACA0EF1F1F17C
 20:51:06.755 t20287C9ACA1AF1F101FC
 20:51:06.755 t20389B72CA2209E801FE
 20:51:06.756 t20480000C00000000000
 20:51:06.756 t2058D188E2027FFF5000
 20:51:06.854 t20083B0D0A3E004ACA00
 20:51:06.855 t201840000E0E49F1F179
 20:51:06.855 t20286000002AF2F900F9
 20:51:06.855 t20389C5D0A2203E7F202
 20:51:06.855 t20480000000000000000
 20:51:06.855 t2058D18822027FFF5000
 20:51:06.954 t20083B0F4A3E0048CA00
 20:51:06.955 t20185A6B4A0EF1F1F17C
 20:51:06.955 t20287B0D4A3A49F100F9
 20:51:06.955 t20389D4D4A2203F7EE02
 20:51:06.955 t20480000400000000000
 20:51:06.955 t2058D18862027FFF5000
 20:51:07.055 t20083B128A3E0048CA00
 20:51:07.055 t20185B0D8A0EA9F1F17B
 20:51:07.055 t20287B0D8A1AA9F100FB
 20:51:07.055 t203880008E220347DE01
 20:51:07.056 t20480000800000000000
 20:51:07.056 t2058D188A2027FFF5000
 20:51:07.155 t20083B15CA3E0048CA00
 20:51:07.155 t20185B71CA0EF1F1F17B
 20:51:07.155 t20287C9ACA1601F100FC
 20:51:07.155 t20388041CE2201B811FE
 20:51:07.156 t20480000C00000000000
 20:51:07.156 t2058D188E2027FFF5000
 20:51:07.255 t20083B170A3E0048CA00
 20:51:07.255 t20185C9A0A0EF1F1F17C
 20:51:07.255 t20287C9A0A1AF1F101FC
 20:51:07.255 t20389E1B0A223FF7FBFF
 20:51:07.256 t20480000000000000000
 20:51:07.256 t2058D18822027FFF5000
 20:51:07.355 t20083B1A4A3E0048CA00
 20:51:07.355 t20185D8B4A0EF1F1F17B
 20:51:07.355 t20286000402AF2F900F9
 20:51:07.355 t20389AB04A2205E80603
 20:51:07.355 t20480000400000000000
 20:51:07.356 t2058D18862027FFF5000
 20:51:07.455 t20083B1D8A3E0048CA00
 20:51:07.455 t20185A6B8A0EF1F1F17C
 20:51:07.455 t20287B0D8A3A49F100F9
 20:51:07.455 t20389B728A2209E801FE
 20:51:07.455 t20480000800000000000
 20:51:07.456 t2058D188A2027FFF5000
 20:51:07.554 t20083B20CA3E0048CA00
 20:51:07.554 t20185B0DCA0EA9F1F17B
 20:51:07.555 t20287B0DCA1AA9F100FB
 20:51:07.555 t20389C5DCA2203E7F202
 20:51:07.555 t20480000C00000000000
 20:51:07.555 t2058D188E2027FFF5000
 20:51:07.654 t20083B230A3E0048CA00
 20:51:07.654 t20185B710A0EF1F1F17B
 20:51:07.655 t20287C9A0A1601F100FC
 20:51:07.655 t20389D4D0A2203F7EE02
 20:51:07.655 t20480000000000000000
 20:51:07.655 t2058D18822027FFF5000
 20:51:07.754 t20083B254A3E0048CA00
 20:51:07.755 t20185C9A4A0EF1F1F17C
 20:51:07.755 t20287C9A4A1AF1F101FC
 20:51:07.755 t203880004E220347DE01
 20:51:07.755 t20480000400000000000
 20:51:07.756 t2058D18862027FFF5000
 20:51:07.855 t20083B288A3E0048CA00
 20:51:07.855 t20185D8B8A0EF1F1F17B
 20:51:07.855 t20286000802AF2F900F9
 20:51:07.855 t203880418E2201B811FE
 20:51:07.855 t20480000800000000000
 20:51:07.856 t2058D188A2027FFF5000
 20:51:07.954 t20083B2BCA3E0048CA00
 20:51:07.955 t20185A6BCA0EF1F1F17C
 20:51:07.955 t20287B0DCA3A49F100F9
 20:51:07.955 t20389E1BCA223FF7FBFF
 20:51:07.955 t20480000C00000000000
 20:51:07.955 t2058D188E2027FFF5000
 20:51:08.055 t20083B2E0A3E0048CA00
 20:51:08.055 t20185B0D0A0EA9F1F17B
 20:51:08.055 t20287B0D0A1AA9F100FB
 20:51:08.055 t20389AB00A2205E80603
 20:51:08.056 t20480000000000000000
 20:51:08.056 t2058D18822027FFF5000
 20:51:08.154 t20083B304A3E0048CA00
 20:51:08.155 t20185B714A0EF1F1F17B
 20:51:08.155 t20287C9A4A1601F100FC
 20:51:08.155 t20389B724A2209E801FE
 20:51:08.155 t20480000400000000000
 20:51:08.155 t2058D18862027FFF5000
 20:51:08.254 t20083B338A3E0048CA00
 20:51:08.254 t20185C9A8A0EF1F1F17C
 20:51:08.254 t20287C9A8A1AF1F101FC
 20:51:08.255 t20389C5D8A2203E7F202
 20:51:08.255 t20480000800000000000
 20:51:08.255 t2058D188A2027FFF5000
 20:51:08.354 t20083B36CA3E0048CA00
 20:51:08.354 t20185D8BCA0EF1F1F17B
 20:51:08.354 t20286000C02AF2F900F9
 20:51:08.354 t20389D4DCA2203F7EE02
 20:51:08.355 t20480000C00000000000
 20:51:08.355 t2058D188E2027FFF5000
 20:51:08.454 t20083B390A3E0048CA00
 20:51:08.454 t20185A6B0A0EF1F1F17C
 20:51:08.455 t20287B0D0A3A49F100F9
 20:51:08.455 t203880000E220347DE01
 20:51:08.455 t20480000000000000000
 20:51:08.455 t2058D18822027FFF5000
 20:51:08.554 t20083B3C4A3E0048CA00
 20:51:08.555 t20185B0D4A0EA9F1F17B
 20:51:08.555 t20287B0D4A1AA9F100FB
 20:51:08.555 t203880414E2201B811FE
 20:51:08.555 t20480000400000000000
 20:51:08.555 t2058D18862027FFF5000
 20:51:08.654 t20083B3E8A3E0048CA00
 20:51:08.654 t20185B718A0EF1F1F17B
 20:51:08.654 t20287C9A8A1601F100FC
 20:51:08.654 t20389E1B8A223FF7FBFF
 20:51:08.655 t20480000800000000000
 20:51:08.655 t2058D188A2027FFF5000
 20:51:08.754 t20083B41CA3E0048CA00
 20:51:08.754 t20185C9ACA0EF1F1F17C
 20:51:08.754 t20287C9ACA1AF1F101FC
 20:51:08.754 t20389AB0CA2205E80603
 20:51:08.754 t20480000C00000000000
 20:51:08.755 t2058D188E2027FFF5000
 20:51:08.854 t20083B440A3E0048CA00
 20:51:08.854 t20185D8B0A0EF1F1F17B
 20:51:08.854 t20286000002AF2F900F9
 20:51:08.854 t20389B720A2209E801FE
 20:51:08.854 t20480000000000000000
 20:51:08.855 t2058D18822027FFF5000
 20:51:08.954 t20083B474A3E0048CA00
 20:51:08.954 t20185A6B4A0EF1F1F17C
 20:51:08.954 t20287B0D4A3A49F100F9
 20:51:08.954 t20389C5D4A2203E7F202
 20:51:08.954 t20480000400000000000
 20:51:08.955 t2058D18862027FFF5000
 20:51:09.054 t20083B498A3E0048CA00
 20:51:09.054 t20185B0D8A0EA9F1F17B
 20:51:09.054 t20287B0D8A1AA9F100FB
 20:51:09.054 t20389D4D8A2203F7EE02
 20:51:09.054 t20480000800000000000
 20:51:09.054 t2058D188A2027FFF5000
 20:51:09.154 t20083B4CCA3E0048CA00
 20:51:09.154 t20185B71CA0EF1F1F17B
 20:51:09.155 t20287C9ACA1601F100FC
 20:51:09.155 t20388000CE220347DE01
 20:51:09.155 t20480000C00000000000
 20:51:09.155 t2058D188E2027FFF5000
 20:51:09.254 t20083B4F0A3E0048CA00
 20:51:09.254 t20185C9A0A0EF1F1F17C
 20:51:09.255 t20287C9A0A1AF1F101FC
 20:51:09.255 t203880410E2201B811FE
 20:51:09.255 t20480000000000000000
 20:51:09.255 t2058D18822027FFF5000
 20:51:09.354 t20083B524A3E0048CA00
 20:51:09.355 t20185D8B4A0EF1F1F17B
 20:51:09.355 t20286000402AF2F900F9
 20:51:09.355 t20389E1B4A223FF7FBFF
 20:51:09.355 t20480000400000000000
 20:51:09.355 t2058D18862027FFF5000
 20:51:09.454 t20083B558A3E0048CA00
 20:51:09.454 t20185A6B8A0EF1F1F17C
 20:51:09.454 t20287B0D8A3A49F100F9
 20:51:09.455 t20389AB08A2205E80603
 20:51:09.455 t20480000800000000000
 20:51:09.455 t2058D188A2027FFF5000
 20:51:09.554 t20083B57CA3E0048CA00
 20:51:09.554 t20185B0DCA0EA9F1F17B
 20:51:09.554 t20287B0DCA1AA9F100FB
 20:51:09.554 t20389B72CA2209E801FE
 20:51:09.554 t20480000C00000000000
 20:51:09.554 t2058D188E2027FFF5000
 20:51:09.655 t20083B5A0A3E0048CA00
 20:51:09.655 t20185B710A0EF1F1F17B
 20:51:09.655 t20287C9A0A1601F100FC
 20:51:09.655 t20389C5D0A2203E7F202
 20:51:09.655 t20480000000000000000
 20:51:09.655 t2058D18822027FFF5000
 20:51:09.755 t20083B5D4A3E0048CA00
 20:51:09.755 t20185C9A4A0EF1F1F17C
 20:51:09.755 t20287C9A4A1AF1F101FC
 20:51:09.755 t20389D4D4A2203F7EE02
 20:51:09.755 t20480000400000000000
 20:51:09.756 t2058D18862027FFF5000
 20:51:09.855 t20083B608A3E0048CA00
 20:51:09.855 t20185D8B8A0EF1F1F17B
 20:51:09.855 t20286000802AF2F900F9
 20:51:09.855 t203880008E220347DE01
 20:51:09.855 t20480000800000000000
 20:51:09.855 t2058D188A2027FFF5000
 20:51:09.955 t20083B62CA3E0048CA00
 20:51:09.955 t20185A6BCA0EF1F1F17C
 20:51:09.955 t20287B0DCA3A49F100F9
 20:51:09.955 t20388041CE2201B811FE
 20:51:09.955 t20480000C00000000000
 20:51:09.955 t2058D188E2027FFF5000
 20:51:10.055 t20083B650A3E0048CA00
 20:51:10.055 t20185B0D0A0EA9F1F17B
 20:51:10.055 t20287B0D0A1AA9F100FB
 20:51:10.055 t20389E1B0A223FF7FBFF
 20:51:10.055 t20480000000000000000
 20:51:10.055 t2058D18822027FFF5000
 20:51:10.155 t20083B684A3E0048CA00
 20:51:10.155 t20185B714A0EF1F1F17B
 20:51:10.155 t20287C9A4A1601F100FC
 20:51:10.155 t20389AB04A2205E80603
 20:51:10.155 t20480000400000000000
 20:51:10.155 t2058D18862027FFF5000
 20:51:10.255 t20083B6B8A3E0048CA00
 20:51:10.255 t20185C9A8A0EF1F1F17C
 20:51:10.255 t20287C9A8A1AF1F101FC
 20:51:10.255 t20389B728A2209E801FE
 20:51:10.255 t20480000800000000000
 20:51:10.255 t2058D188A2027FFF5000
 20:51:10.355 t20083B6ECA3E0048CA00
 20:51:10.355 t20185D8BCA0EF1F1F17B
 20:51:10.355 t20286000C02AF2F900F9
 20:51:10.355 t20389C5DCA2203E7F202
 20:51:10.355 t20480000C00000000000
 20:51:10.355 t2058D188E2027FFF5000
 20:51:10.455 t20083B710A3E0048CA00
 20:51:10.455 t20185A6B0A0EF1F1F17C
 20:51:10.455 t20287B0D0A3A49F100F9
 20:51:10.455 t20389D4D0A2203F7EE02
 20:51:10.456 t20480000000000000000
 20:51:10.456 t2058D18822027FFF5000
 20:51:10.555 t20083B734A3E0048CA00
 20:51:10.555 t20185B0D4A0EA9F1F17B
 20:51:10.555 t20287B0D4A1AA9F100FB
 20:51:10.556 t203880004E220347DE01
 20:51:10.556 t20480000400000000000
 20:51:10.556 t2058D18862027FFF5000
 20:51:10.655 t20083B768A3E0048CA00
 20:51:10.655 t20185B718A0EF1F1F17B
 20:51:10.655 t20287C9A8A1601F100FC
 20:51:10.655 t203880418E2201B811FE
 20:51:10.655 t20480000800000000000
 20:51:10.656 t2058D188A2027FFF5000
 20:51:10.755 t20083B79CA3E0048CA00
 20:51:10.755 t20185C9ACA0EF1F1F17C
 20:51:10.755 t20287C9ACA1AF1F101FC
 20:51:10.755 t20389E1BCA223FF7FBFF
 20:51:10.756 t20480000C00000000000
 20:51:10.756 t2058D188E2027FFF5000
 20:51:10.855 t20083B7C0A3E0048CA00
 20:51:10.855 t20185D8B0A0EF1F1F17B
 20:51:10.855 t20286000002AF2F900F9
 20:51:10.855 t20389AB00A2205E80603
 20:51:10.856 t20480000000000000000
 20:51:10.856 t2058D18822027FFF5000
 20:51:10.954 t20083B7E4A3E0048CA00
 20:51:10.955 t20185B0D4A0EA9F1F17B
 20:51:10.955 t20287C9A4A1601F100FC
 20:51:10.955 t20389B724A2209E801FE
 20:51:10.955 t20480000400000000000
 20:51:10.955 t2058D18862027FFF5000
 20:51:11.054 t20083B818A3E0048CA00
 20:51:11.054 t20185B718A0EF1F1F17B
 20:51:11.055 t20287C9A8A1AF1F101FC
 20:51:11.055 t20389C5D8A2203E7F202
 20:51:11.055 t20480000800000000000
 20:51:11.055 t2058D188A2027FFF5000
 20:51:11.155 t20083B84CA3E0048CA00
 20:51:11.155 t20185C9ACA0EF1F1F17C
 20:51:11.155 t20286000C02AF2F900F9
 20:51:11.155 t20389D4DCA2203F7EE02
 20:51:11.156 t20480000C00000000000
 20:51:11.156 t2058D188E2027FFF5000
 20:51:11.255 t20083B870A3E0048CA00
 20:51:11.255 t20185D8B0A0EF1F1F17B
 20:51:11.255 t20287C9A0A1601F100FC
 20:51:11.255 t203880000E220347DE01
 20:51:11.255 t20480000000000000000
 20:51:11.256 t2058D18822027FFF5000
 20:51:11.355 t20083B8A4A3E0048CA00
 20:51:11.355 t20185B0D4A0EA9F1F17B
 20:51:11.355 t20287C9A4A1AF1F101FC
 20:51:11.355 t203880414E2201B811FE
 20:51:11.355 t20480000400000000000
 20:51:11.356 t2058D18862027FFF5000
 20:51:11.454 t20083B8C8A3E0048CA00
 20:51:11.455 t20185B718A0EF1F1F17B
 20:51:11.455 t20286000802AF2F900F9
 20:51:11.455 t20389E1B8A223FF7FBFF
 20:51:11.455 t20480000800000000000
 20:51:11.455 t2058D188A2027FFF5000
 20:51:11.554 t20083B8FCA3E0048CA00
 20:51:11.554 t20185C9ACA0EF1F1F17C
 20:51:11.554 t20287C9ACA1601F100FC
 20:51:11.555 t20389AB0CA2205E80603
 20:51:11.555 t20480000C00000000000
 20:51:11.555 t2058D188E2027FFF5000
 20:51:11.654 t20083B920A3E0048CA00
 20:51:11.654 t20185D8B0A0EF1F1F17B
 20:51:11.654 t20287C9A0A1AF1F101FC
 20:51:11.655 t20389B720A2209E801FE
 20:51:11.655 t20480000000000000000
 20:51:11.655 t2058D18822027FFF5000
 20:51:11.754 t20083B954A3E0048CA00
 20:51:11.754 t20185B0D4A0EA9F1F17B
 20:51:11.755 t20286000402AF2F900F9
 20:51:11.755 t20389B0E4A2001980A02
 20:51:11.755 t20480000400000000000
 20:51:11.755 t2058D18862027FFF5000
 20:51:11.854 t20083B978A3E0048CA00
 20:51:11.855 t20185B718A0EF1F1F17B
 20:51:11.855 t20287C9A8A1601F100FC
 20:51:11.855 t20389B728A200EB801FC
 20:51:11.855 t20480000800000000000
 20:51:11.856 t2058D188A2027FFF5000
 20:51:11.954 t20083B9ACA3E0048CA00
 20:51:11.955 t20185C9ACA0EF1F1F17C
 20:51:11.955 t20287C9ACA1AF1F101FC
 20:51:11.955 t20389C9BCA200B2809FB
 20:51:11.955 t20480000C00000000000
 20:51:11.955 t2058D188E2027FFF5000
 20:51:12.054 t20083B9D0A3E0048CA00
 20:51:12.055 t20185D8B0A0EF1F1F17B
 20:51:12.055 t20286000002AF2F900F9
 20:51:12.055 t20389D8B0A20090809FE
 20:51:12.055 t20480000000000000000
 20:51:12.055 t2058D18822027FFF5000
 20:51:12.154 t20083BA04A3E0048CA00
 20:51:12.155 t20185B0D4A0EA9F1F17B
 20:51:12.155 t20287C9A4A1601F100FC
 20:51:12.155 t20389B0E4A2201980A02
 20:51:12.155 t20480000400000000000
 20:51:12.155 t2058D18862027FFF5000
 20:51:12.254 t20083BA38A3E0048CA00
 20:51:12.254 t20185B718A0EF1F1F17B
 20:51:12.254 t20287C9A8A1AF1F101FC
 20:51:12.254 t20389B728A220EB801FC
 20:51:12.255 t20480000800000000000
 20:51:12.255 t2058D188A2027FFF5000
 20:51:12.354 t20083BA5CA3E0048CA00
 20:51:12.354 t20185C9ACA0EF1F1F17C
 20:51:12.354 t20286000C02AF2F900F9
 20:51:12.354 t20389C9BCA220B2809FB
 20:51:12.354 t20480000C00000000000
 20:51:12.355 t2058D188E2027FFF5000
 20:51:12.454 t20083BA80A3E0048CA00
 20:51:12.454 t20185D8B0A0EF1F1F17B
 20:51:12.455 t20287C9A0A1601F100FC
 20:51:12.455 t20389D8B0A22090809FE
 20:51:12.455 t20480000000000000000
 20:51:12.455 t2058D18822027FFF5000
 20:51:12.554 t20083BAB4A3E0048CA00
 20:51:12.554 t20185B0D4A0EA9F1F17B
 20:51:12.555 t20287C9A4A1AF1F101FC
 20:51:12.555 t20389B0E4A2201980A02
 20:51:12.555 t20480000400000000000
 20:51:12.555 t2058D18862027FFF5000
 20:51:12.654 t20083BAE8A3E0048CA00
 20:51:12.654 t20185B718A0EF1F1F17B
 20:51:12.655 t20286000802AF2F900F9
 20:51:12.655 t20389B728A220EB801FC
 20:51:12.655 t20480000800000000000
 20:51:12.655 t2058D188A2027FFF5000
 20:51:12.754 t20083BB0CA3E0048CA00
 20:51:12.754 t20185C9ACA0EF1F1F17C
 20:51:12.755 t20287C9ACA1601F100FC
 20:51:12.755 t20389F37CA203FF7FFFF
 20:51:12.755 t20480000C00000000000
 20:51:12.755 t2058D188E2027FFF5000
 20:51:12.854 t20083BB30A3E0048CA00
 20:51:12.855 t20185D8B0A0EF1F1F17B
 20:51:12.855 t20287C9A0A1AF1F101FC
 20:51:12.855 t20389B720A220EB801FC
 20:51:12.855 t20480000000000000000
 20:51:12.855 t2058D18822027FFF5000
 20:51:12.954 t20083BB64A3E0048CA00
 20:51:12.954 t20185B0D4A0EA9F1F17B
 20:51:12.954 t20286000402AF2F900F9
 20:51:12.954 t20389C9B4A220B2809FB
 20:51:12.954 t20480000400000000000
 20:51:12.954 t2058D18862027FFF5000
 20:51:13.054 t20083BB98A3E0048CA00
 20:51:13.054 t20185B718A0EF1F1F17B
 20:51:13.054 t20287C9A8A1601F100FC
 20:51:13.054 t20389D8B8A22090809FE
 20:51:13.054 t20480000800000000000
 20:51:13.054 t2058D188A2027FFF5000
 20:51:13.154 t20083BBCCA3E0048CA00
 20:51:13.154 t20185C9ACA0EF1F1F17C
 20:51:13.154 t20287C9ACA1AF1F101FC
 20:51:13.154 t20389F37CA223FF7FFFF
 20:51:13.154 t20480000C00000000000
 20:51:13.155 t2058D188E2027FFF5000
 20:51:13.254 t20083BBE0A3E0048CA00
 20:51:13.254 t20185D8B0A0EF1F1F17B
 20:51:13.254 t20286000002AF2F900F9
 20:51:13.255 t20389B720A220EB801FC
 20:51:13.255 t20480000000000000000
 20:51:13.255 t2058D18822027FFF5000
 20:51:13.354 t20083BC14A3E0048CA00
 20:51:13.354 t20185B0D4A0EA9F1F17B
 20:51:13.354 t20287C9A4A1601F100FC
 20:51:13.355 t20389C9B4A220B2809FB
 20:51:13.355 t20480000400000000000
 20:51:13.355 t2058D18862027FFF5000
 20:51:13.454 t20083BC48A3E0048CA00
 20:51:13.454 t20185B718A0EF1F1F17B
 20:51:13.455 t20287C9A8A1AF1F101FC
 20:51:13.455 t20389D8B8A22090809FE
 20:51:13.455 t20480000800000000000
 20:51:13.455 t2058D188A2027FFF5000
 20:51:13.555 t20083BC7CA3E0048CA00
 20:51:13.555 t20185C9ACA0EF1F1F17C
 20:51:13.555 t20286000C02AF2F900F9
 20:51:13.555 t20389F37CA223FF7FFFF
 20:51:13.555 t20480000C00000000000
 20:51:13.555 t2058D188E2027FFF5000
 20:51:13.655 t20083BC90A3E0048CA00
 20:51:13.655 t20185D8B0A0EF1F1F17B
 20:51:13.655 t20287C9A0A1601F100FC
 20:51:13.655 t20389B720A220EB801FC
 20:51:13.655 t20480000000000000000
 20:51:13.655 t2058D18822027FFF5000
 20:51:13.755 t20083BCC4A3E0048CA00
 20:51:13.755 t20185B0D4A0EA9F1F17B
 20:51:13.755 t20287C9A4A1AF1F101FC
 20:51:13.755 t20389C9B4A220B2809FB
 20:51:13.755 t20480000400000000000
 20:51:13.755 t2058D18862027FFF5000
 20:51:13.855 t20083BCF8A3E0048CA00
 20:51:13.855 t20185B718A0EF1F1F17B
 20:51:13.855 t20286000802AF2F900F9
 20:51:13.855 t20389D8B8A22090809FE
 20:51:13.855 t20480000800000000000
 20:51:13.855 t2058D188A2027FFF5000
 20:51:13.955 t20083BD2CA3E0048CA00
 20:51:13.955 t20185C9ACA0EF1F1F17C
 20:51:13.955 t20287C9ACA1601F100FC
 20:51:13.956 t20389F37CA223FF7FFFF
 20:51:13.956 t20480000C00000000000
 20:51:13.956 t2058D188E2027FFF5000
 20:51:14.055 t20083BD50A3E0048CA00
 20:51:14.055 t20185D8B0A0EF1F1F17B
 20:51:14.056 t20287C9A0A1AF1F101FC
 20:51:14.056 t20389B720A220EB801FC
 20:51:14.056 t20480000000000000000
 20:51:14.056 t2058D18822027FFF5000
 20:51:14.155 t20083BD74A3E0048CA00
 20:51:14.155 t20185B714A0EF1F1F17B
 20:51:14.155 t20286000402AF2F900F9
 20:51:14.155 t20389C9B4A220B2809FB
 20:51:14.156 t20480000400000000000
 20:51:14.156 t2058D18862027FFF5000
 20:51:14.255 t20083BDA8A3E0048CA00
 20:51:14.255 t20185C9A8A0EF1F1F17C
 20:51:14.255 t20287C9A8A1601F100FC
 20:51:14.255 t20389D8B8A22090809FE
 20:51:14.255 t20480000800000000000
 20:51:14.255 t2058D188A2027FFF5000
 20:51:14.355 t20083BDDCA3E0048CA00
 20:51:14.355 t20185D8BCA0EF1F1F17B
 20:51:14.355 t20287C9ACA1AF1F101FC
 20:51:14.355 t20389F37CA223FF7FFFF
 20:51:14.355 t20480000C00000000000
 20:51:14.355 t2058D188E2027FFF5000
 20:51:14.455 t20083BE00A3E0048CA00
 20:51:14.455 t20185B710A0EF1F1F17B
 20:51:14.455 t20286000002AF2F900F9
 20:51:14.455 t20389B720A220EB801FC
 20:51:14.455 t20480000000000000000
 20:51:14.455 t2058D18822027FFF5000
 20:51:14.555 t20083BE24A3E0048CA00
 20:51:14.555 t20185C9A4A0EF1F1F17C
 20:51:14.555 t20287C9A4A1601F100FC
 20:51:14.555 t20389C9B4A220B2809FB
 20:51:14.556 t20480000400000000000
 20:51:14.556 t2058D18862027FFF5000
 20:51:14.655 t20083BE58A3E0048CA00
 20:51:14.655 t20185D8B8A0EF1F1F17B
 20:51:14.655 t20287C9A8A1AF1F101FC
 20:51:14.655 t20389D8B8A22090809FE
 20:51:14.656 t20480000800000000000
 20:51:14.656 t2058D188A2027FFF5000
 20:51:14.755 t20083BE8CA3E0048CA00
 20:51:14.755 t20185B71CA0EF1F1F17B
 20:51:14.755 t20286000C02AF2F900F9
 20:51:14.755 t20389F37CA223FF7FFFF
 20:51:14.756 t20480000C00000000000
 20:51:14.756 t2058D188E2027FFF5000
 20:51:14.854 t20083BEB0A3E0048CA00
 20:51:14.855 t20185C9A0A0EF1F1F17C
 20:51:14.855 t20287C9A0A1601F100FC
 20:51:14.855 t20389B720A220EB801FC
 20:51:14.855 t20480000000000000000
 20:51:14.855 t2058D18822027FFF5000
 20:51:14.954 t20083BED4A3E0048CA00
 20:51:14.955 t20185D8B4A0EF1F1F17B
 20:51:14.955 t20287C9A4A1AF1F101FC
 20:51:14.955 t20389C9B4A220B2809FB
 20:51:14.955 t20480000400000000000
 20:51:14.955 t2058D18862027FFF5000
 20:51:15.054 t20083BF08A3E0048CA00
 20:51:15.055 t20185B718A0EF1F1F17B
 20:51:15.055 t20286000802AF2F900F9
 20:51:15.055 t20389D8B8A22090809FE
 20:51:15.055 t20480000800000000000
 20:51:15.055 t2058D188A2027FFF5000
 20:51:15.155 t20083BF3CA3E0048CA00
 20:51:15.155 t20185C9ACA0EF1F1F17C
 20:51:15.155 t20287C9ACA1601F100FC
 20:51:15.155 t20389F37CA223FF7FFFF
 20:51:15.155 t20480000C00000000000
 20:51:15.156 t2058D188E2027FFF5000
 20:51:15.255 t20083BF60A3E0048CA00
 20:51:15.255 t20185D8B0A0EF1F1F17B
 20:51:15.255 t20287C9A0A1AF1F101FC
 20:51:15.255 t20389B720A220EB801FC
 20:51:15.255 t20480000000000000000
 20:51:15.256 t2058D18822027FFF5000
 20:51:15.355 t20083BF94A3E0048CA00
 20:51:15.355 t20185B714A0EF1F1F17B
 20:51:15.355 t20286000402AF2F900F9
 20:51:15.355 t20389C9B4A220B2809FB
 20:51:15.355 t20480000400000000000
 20:51:15.356 t2058D18862027FFF5000
 20:51:15.454 t20083BFB8A3E0048CA00
 20:51:15.454 t20185C9A8A0EF1F1F17C
 20:51:15.455 t20287C9A8A1601F100FC
 20:51:15.455 t20389D8B8A22090809FE
 20:51:15.455 t20480000800000000000
 20:51:15.455 t2058D188A2027FFF5000
 20:51:15.554 t20083BFECA3E0048CA00
 20:51:15.554 t20185D8BCA0EF1F1F17B
 20:51:15.554 t20287C9ACA1AF1F101FC
 20:51:15.555 t20389F37CA223FF7FFFF
 20:51:15.555 t20480000C00000000000
 20:51:15.555 t2058D188E2027FFF5000
 20:51:15.654 t20083C010A3E0048CA00
 20:51:15.654 t20185B710A0EF1F1F17B
 20:51:15.655 t20286000002AF2F900F9
 20:51:15.655 t20389B720A220EB801FC
 20:51:15.655 t20480000000000000000
 20:51:15.655 t2058D18822027FFF5000
 20:51:15.754 t20083C044A3E0048CA00
 20:51:15.755 t20185C9A4A0EF1F1F17C
 20:51:15.755 t20287C9A4A1601F100FC
 20:51:15.755 t20389C9B4A220B2809FB
 20:51:15.755 t20480000400000000000
 20:51:15.755 t2058D18862027FFF5000
 20:51:15.854 t20083C068A3E0048CA00
 20:51:15.855 t20185D8B8A0EF1F1F17B
 20:51:15.855 t20287C9A8A1AF1F101FC
 20:51:15.855 t20389D8B8A22090809FE
 20:51:15.855 t20480000800000000000
 20:51:15.856 t2058D188A2027FFF5000
 20:51:15.954 t20083C09CA3E0048CA00
 20:51:15.955 t20185B71CA0EF1F1F17B
 20:51:15.955 t20286000C02AF2F900F9
 20:51:15.955 t20389F37CA223FF7FFFF
 20:51:15.955 t20480000C00000000000
 20:51:15.955 t2058D188E2027FFF5000
 20:51:16.054 t20083C0C0A3E0048CA00
 20:51:16.055 t20185C9A0A0EF1F1F17C
 20:51:16.055 t20287C9A0A1601F100FC
 20:51:16.055 t20389B720A220EB801FC
 20:51:16.055 t20480000000000000000
 20:51:16.055 t2058D18822027FFF5000
 20:51:16.154 t20083C0F4A3E0048CA00
 20:51:16.155 t20185D8B4A0EF1F1F17B
 20:51:16.155 t20287C9A4A1AF1F101FC
 20:51:16.155 t20389C9B4A220B2809FB
 20:51:16.155 t20480000400000000000
 20:51:16.155 t2058D18862027FFF5000
 20:51:16.254 t20083C128A3E0048CA00
 20:51:16.254 t20185B718A0EF1F1F17B
 20:51:16.254 t20286000802AF2F900F9
 20:51:16.254 t20389D8B8A22090809FE
 20:51:16.255 t20480000800000000000
 20:51:16.255 t2058D188A2027FFF5000
 20:51:16.354 t20083C14CA3E0048CA00
 20:51:16.354 t20185C9ACA0EF1F1F17C
 20:51:16.354 t20287C9ACA1601F100FC
 20:51:16.354 t20389F37CA223FF7FFFF
 20:51:16.354 t20480000C00000000000
 20:51:16.355 t2058D188E2027FFF5000
 20:51:16.454 t20083C170A3E0048CA00
 20:51:16.454 t20185D8B0A0EF1F1F17B
 20:51:16.455 t20287C9A0A1AF1F101FC
 20:51:16.455 t20389B720A220EB801FC
 20:51:16.455 t20480000000000000000
 20:51:16.455 t2058D18822027FFF5000
 20:51:16.554 t20083C1A4A3E0048CA00
 20:51:16.554 t20185B714A0EF1F1F17B
 20:51:16.555 t20286000402AF2F900F9
 20:51:16.555 t20389C9B4A220B2809FB
 20:51:16.555 t20480000400000000000
 20:51:16.555 t2058D18862027FFF5000
 20:51:16.654 t20083C1D8A3E0048CA00
 20:51:16.654 t20185C9A8A0EF1F1F17C
 20:51:16.655 t20287C9A8A1601F100FC
 20:51:16.655 t20389D8B8A22090809FE
 20:51:16.655 t20480000800000000000
 20:51:16.655 t2058D188A2027FFF5000
 20:51:16.754 t20083C1FCA3E0048CA00
 20:51:16.754 t20185D8BCA0EF1F1F17B
 20:51:16.755 t20287C9ACA1AF1F101FC
 20:51:16.755 t20389F37CA223FF7FFFF
 20:51:16.755 t20480000C00000000000
 20:51:16.755 t2058D188E2027FFF5000
 20:51:16.854 t20083C220A3E0048CA00
 20:51:16.854 t20185B710A0EF1F1F17B
 20:51:16.854 t20286000002AF2F900F9
 20:51:16.855 t20389B720A220EB801FC
 20:51:16.855 t20480000000000000000
 20:51:16.855 t2058D18822027FFF5000
 20:51:16.954 t20083C254A3E0048CA00
 20:51:16.954 t20185C9A4A0EF1F1F17C
 20:51:16.954 t20287C9A4A1601F100FC
 20:51:16.954 t20389C9B4A220B2809FB
 20:51:16.954 t20480000400000000000
 20:51:16.954 t2058D18862027FFF5000
 20:51:17.054 t20083C288A3E0048CA00
 20:51:17.054 t20185D8B8A0EF1F1F17B
 20:51:17.054 t20287C9A8A1AF1F101FC
 20:51:17.054 t20389D8B8A22090809FE
 20:51:17.054 t20480000800000000000
 20:51:17.054 t2058D188A2027FFF5000
 20:51:17.154 t20083C2BCA3E0048CA00
 20:51:17.154 t20185B71CA0EF1F1F17B
 20:51:17.154 t20286000C02AF2F900F9
 20:51:17.155 t20389F37CA223FF7FFFF
 20:51:17.155 t20480000C00000000000
 20:51:17.155 t2058D188E2027FFF5000
 20:51:17.254 t20083C2D0A3E0048CA00
 20:51:17.254 t20185C9A0A0EF1F1F17C
 20:51:17.255 t20287C9A0A1601F100FC
 20:51:17.255 t20389B720A220EB801FC
 20:51:17.255 t20480000000000000000
 20:51:17.255 t2058D18822027FFF5000
 20:51:17.354 t20083C304A3E0048CA00
 20:51:17.354 t20185D8B4A0EF1F1F17B
 20:51:17.355 t20287C9A4A1AF1F101FC
 20:51:17.355 t20389C9B4A220B2809FB
 20:51:17.355 t20480000400000000000
 20:51:17.355 t2058D18862027FFF5000
 20:51:17.454 t20083C338A3E0048CA00
 20:51:17.454 t20185B718A0EF1F1F17B
 20:51:17.454 t20286000802AF2F900F9
 20:51:17.455 t20389D8B8A22090809FE
 20:51:17.455 t20480000800000000000
 20:51:17.455 t2058D188A2027FFF5000
 20:51:17.554 t20083C36CA3E0048CA00
 20:51:17.554 t20185C9ACA0EF1F1F17C
 20:51:17.554 t20287C9ACA1601F100FC
 20:51:17.554 t20389F37CA223FF7FFFF
 20:51:17.554 t20480000C00000000000
 20:51:17.554 t2058D188E2027FFF5000
 20:51:17.654 t20083C380A3E0048CA00
 20:51:17.654 t20185D8B0A0EF1F1F17B
 20:51:17.654 t20287C9A0A1AF1F101FC
 20:51:17.654 t20389B720A220EB801FC
 20:51:17.654 t20480000000000000000
 20:51:17.654 t2058D18822027FFF5000
 20:51:17.754 t20083C3B4A3E0048CA00
 20:51:17.754 t20185B714A0EF1F1F17B
 20:51:17.754 t20286000402AF2F900F9
 20:51:17.754 t20389C9B4A220B2809FB
 20:51:17.754 t20480000400000000000
 20:51:17.754 t2058D18862027FFF5000
 20:51:17.855 t20083C3E8A3E0048CA00
 20:51:17.855 t20185C9A8A0EF1F1F17C
 20:51:17.855 t20287C9A8A1601F100FC
 20:51:17.856 t20389D8B8A22090809FE
 20:51:17.856 t20480000800000000000
 20:51:17.856 t2058D188A2027FFF5000
 20:51:17.955 t20083C41CA3E0048CA00
 20:51:17.955 t20185D8BCA0EF1F1F17B
 20:51:17.955 t20287C9ACA1AF1F101FC
 20:51:17.956 t20389F37CA223FF7FFFF
 20:51:17.956 t20480000C00000000000
 20:51:17.956 t2058D188E2027FFF5000
 20:51:18.055 t20083C440A3E0048CA00
 20:51:18.055 t20185B710A0EF1F1F17B
 20:51:18.055 t20286000002AF2F900F9
 20:51:18.056 t20389B720A220EB801FC
 20:51:18.056 t20480000000000000000
 20:51:18.056 t2058D18822027FFF5000
 20:51:18.155 t20083C464A3E0048CA00
 20:51:18.155 t20185C9A4A0EF1F1F17C
 20:51:18.155 t20287C9A4A1601F100FC
 20:51:18.156 t20389C9B4A220B2809FB
 20:51:18.156 t20480000400000000000
 20:51:18.156 t2058D18862027FFF5000
 20:51:18.255 t20083C498A3E0048CA00
 20:51:18.255 t20185D8B8A0EF1F1F17B
 20:51:18.255 t20287C9A8A1AF1F101FC
 20:51:18.255 t20389D8B8A22090809FE
 20:51:18.255 t20480000800000000000
 20:51:18.256 t2058D188A2027FFF5000
 20:51:18.354 t20083C4CCA3E0048CA00
 20:51:18.355 t20185B71CA0EF1F1F17B
 20:51:18.355 t20286000C02AF2F900F9
 20:51:18.355 t20389F37CA223FF7FFFF
 20:51:18.355 t20480000C00000000000
 20:51:18.355 t2058D188E2027FFF5000
 20:51:18.454 t20083C4F0A3E0048CA00
 20:51:18.455 t20185C9A0A0EF1F1F17C
 20:51:18.455 t20287C9A0A1601F100FC
 20:51:18.455 t20389B720A220EB801FC
 20:51:18.455 t20480000000000000000
 20:51:18.455 t2058D18822027FFF5000
 20:51:18.555 t20083C514A3E0048CA00
 20:51:18.555 t20185D8B4A0EF1F1F17B
 20:51:18.555 t20287C9A4A1AF1F101FC
 20:51:18.555 t20389C9B4A220B2809FB
 20:51:18.556 t20480000400000000000
 20:51:18.556 t2058D18862027FFF5000
 20:51:18.655 t20083C548A3E0048CA00
 20:51:18.655 t20185B718A0EF1F1F17B
 20:51:18.655 t20286000802AF2F900F9
 20:51:18.655 t20389D8B8A22090809FE
 20:51:18.655 t20480000800000000000
 20:51:18.656 t2058D188A2027FFF5000
 20:51:18.755 t20083C57CA3E0048CA00
 20:51:18.755 t20185C9ACA0EF1F1F17C
 20:51:18.755 t20287C9ACA1601F100FC
 20:51:18.755 t20389F37CA223FF7FFFF
 20:51:18.755 t20480000C00000000000
 20:51:18.756 t2058D188E2027FFF5000
 20:51:18.854 t20083C5A0A3E0048CA00
 20:51:18.854 t20185D8B0A0EF1F1F17B
 20:51:18.855 t20287C9A0A1AF1F101FC
 20:51:18.855 t20389B720A220EB801FC
 20:51:18.855 t20480000000000000000
 20:51:18.855 t2058D18822027FFF5000
 20:51:18.954 t20083C5C4A3E0048CA00
 20:51:18.954 t20185B714A0EF1F1F17B
 20:51:18.955 t20286000402AF2F900F9
 20:51:18.955 t20389C9B4A220B2809FB
 20:51:18.955 t20480000400000000000
 20:51:18.955 t2058D18862027FFF5000
 20:51:19.054 t20083C5F8A3E0048CA00
 20:51:19.054 t20185C9A8A0EF1F1F17C
 20:51:19.055 t20287C9A8A1601F100FC
 20:51:19.055 t20389D8B8A22090809FE
 20:51:19.055 t20480000800000000000
 20:51:19.055 t2058D188A2027FFF5000
 20:51:19.154 t20083C62CA3E0048CA00
 20:51:19.155 t20185D8BCA0EF1F1F17B
 20:51:19.155 t20287C9ACA1AF1F101FC
 20:51:19.155 t20389F37CA223FF7FFFF
 20:51:19.155 t20480000C00000000000
 20:51:19.155 t2058D188E2027FFF5000
 20:51:19.254 t20083C650A3E0048CA00
 20:51:19.255 t20185B710A0EF1F1F17B
 20:51:19.255 t20286000002AF2F900F9
 20:51:19.255 t20389B720A220EB801FC
 20:51:19.255 t20480000000000000000
 20:51:19.256 t2058D18822027FFF5000
 20:51:19.354 t20083C684A3E0048CA00
 20:51:19.355 t20185C9A4A0EF1F1F17C
 20:51:19.355 t20287C9A4A1601F100FC
 20:51:19.355 t20389C9B4A220B2809FB
 20:51:19.355 t20480000400000000000
 20:51:19.356 t2058D18862027FFF5000
 20:51:19.454 t20083C6A8A3E0048CA00
 20:51:19.455 t20185D8B8A0EF1F1F17B
 20:51:19.455 t20287C9A8A1AF1F101FC
 20:51:19.455 t20389D8B8A22090809FE
 20:51:19.455 t20480000800000000000
 20:51:19.455 t2058D188A2027FFF5000
 20:51:19.554 t20083C6DCA3E0048CA00
 20:51:19.554 t20185B71CA0EF1F1F17B
 20:51:19.555 t20286000C02AF2F900F9
 20:51:19.555 t20389F37CA223FF7FFFF
 20:51:19.555 t20480000C00000000000
 20:51:19.555 t2058D188E2027FFF5000
 20:51:19.654 t20083C700A3E0048CA00
 20:51:19.654 t20185C9A0A0EF1F1F17C
 20:51:19.654 t20287C9A0A1601F100FC
 20:51:19.654 t20389B720A220EB801FC
 20:51:19.655 t20480000000000000000
 20:51:19.655 t2058D18822027FFF5000
 20:51:19.754 t20083C734A3E0048CA00
 20:51:19.754 t20185D8B4A0EF1F1F17B
 20:51:19.755 t20287C9A4A1AF1F101FC
 20:51:19.755 t20389C9B4A220B2809FB
 20:51:19.755 t20480000400000000000
 20:51:19.755 t2058D18862027FFF5000
 20:51:19.854 t20083C758A3E0048CA00
 20:51:19.855 t20185B718A0EF1F1F17B
 20:51:19.855 t20286000802AF2F900F9
 20:51:19.855 t20389D8B8A22090809FE
 20:51:19.855 t20480000800000000000
 20:51:19.855 t2058D188A2027FFF5000
 20:51:19.954 t20083C78CA3E0048CA00
 20:51:19.954 t20185C9ACA0EF1F1F17C
 20:51:19.954 t20287C9ACA1601F100FC
 20:51:19.955 t20389F37CA223FF7FFFF
 20:51:19.955 t20480000C00000000000
 20:51:19.955 t2058D188E2027FFF5000
 20:51:20.054 t20083C7B0A3E0048CA00
 20:51:20.054 t20185D8B0A0EF1F1F17B
 20:51:20.054 t20287C9A0A1AF1F101FC
 20:51:20.054 t20389B720A220EB801FC
 20:51:20.054 t20480000000000000000
 20:51:20.054 t2058D18822027FFF5000
 20:51:20.154 t20083C7E4A3E0048CA00
 20:51:20.154 t20185B714A0EF1F1F17B
 20:51:20.155 t20286000402AF2F900F9
 20:51:20.155 t20389C9B4A220B2809FB
 20:51:20.155 t20480000400000000000
 20:51:20.155 t2058D18862027FFF5000
 20:51:20.254 t20083C818A3E0048CA00
 20:51:20.254 t20185C9A8A0EF1F1F17C
 20:51:20.255 t20287C9A8A1601F100FC
 20:51:20.255 t20389D8B8A22090809FE
 20:51:20.255 t20480000800000000000
 20:51:20.255 t2058D188A2027FFF5000
 20:51:20.354 t20083C83CA3E0048CA00
 20:51:20.354 t20185D8BCA0EF1F1F17B
 20:51:20.354 t20287C9ACA1AF1F101FC
 20:51:20.354 t20389F37CA223FF7FFFF
 20:51:20.354 t20480000C00000000000
 20:51:20.354 t2058D188E2027FFF5000
 20:51:20.454 t20083C860A3E0048CA00
 20:51:20.454 t20185B710A0EF1F1F17B
 20:51:20.454 t20286000002AF2F900F9
 20:51:20.454 t20389B720A220EB801FC
 20:51:20.454 t20480000000000000000
 20:51:20.454 t2058D18822027FFF5000
 20:51:20.554 t20083C894A3E0048CA00
 20:51:20.554 t20185C9A4A0EF1F1F17C
 20:51:20.554 t20287C9A4A1601F100FC
 20:51:20.554 t20389C9B4A220B2809FB
 20:51:20.554 t20480000400000000000
 20:51:20.554 t2058D18862027FFF5000
 20:51:20.654 t20083C8C8A3E0048CA00
 20:51:20.654 t20185D8B8A0EF1F1F17B
 20:51:20.654 t20287C9A8A1AF1F101FC
 20:51:20.655 t20389D8B8A22090809FE
 20:51:20.655 t20480000800000000000
 20:51:20.655 t2058D188A2027FFF5000
 20:51:20.754 t20083C8ECA3E0048CA00
 20:51:20.754 t20185B71CA0EF1F1F17B
 20:51:20.755 t20286000C02AF2F900F9
 20:51:20.755 t20389F37CA223FF7FFFF
 20:51:20.755 t20480000C00000000000
 20:51:20.755 t2058D188E2027FFF5000
 20:51:20.854 t20083C910A3E0048CA00
 20:51:20.854 t20185C9A0A0EF1F1F17C
 20:51:20.855 t20287C9A0A1601F100FC
 20:51:20.855 t20389B720A220EB801FC
 20:51:20.855 t20480000000000000000
 20:51:20.855 t2058D18822027FFF5000
 20:51:20.954 t20083C944A3E0048CA00
 20:51:20.954 t20185D8B4A0EF1F1F17B
 20:51:20.954 t20287C9A4A1AF1F101FC
 20:51:20.955 t20389C9B4A220B2809FB
 20:51:20.955 t20480000400000000000
 20:51:20.955 t2058D18862027FFF5000
 20:51:21.054 t20083C978A3E0048CA00
 20:51:21.054 t20185B718A0EF1F1F17B
 20:51:21.054 t20286000802AF2F900F9
 20:51:21.054 t20389D8B8A22090809FE
 20:51:21.054 t20480000800000000000
 20:51:21.054 t2058D188A2027FFF5000
 20:51:21.154 t20083C9ACA3E004ACA00
 20:51:21.154 t20185C9ACA0EF1F1F17C
 20:51:21.154 t20287C9ACA1601F100FC
 20:51:21.154 t20389F37CA223FF7FFFF
 20:51:21.154 t20480000C00000000000
 20:51:21.154 t2058D188E2027FFF5000
 20:51:21.254 t20083C9D0A3E004ACA00
 20:51:21.254 t20185D8B0A0EF1F1F17B
 20:51:21.254 t20287C9A0A1AF1F101FC
 20:51:21.255 t20389B720A220EB801FC
 20:51:21.255 t20480000000000000000
 20:51:21.255 t2058D18822027FFF5000
 20:51:21.354 t20083C9F4A3E004ACA00
 20:51:21.354 t20185B714A0EF1F1F17B
 20:51:21.354 t20286000402AF2F900F9
 20:51:21.355 t20389C9B4A220B2809FB
 20:51:21.355 t20480000400000000000
 20:51:21.355 t2058D18862027FFF5000
 20:51:21.454 t20083CA28A3E004ACA00
 20:51:21.454 t20185C9A8A0EF1F1F17C
 20:51:21.454 t20287C9A8A1601F100FC
 20:51:21.455 t20389D8B8A22090809FE
 20:51:21.455 t20480000800000000000
 20:51:21.455 t2058D188A2027FFF5000
 20:51:21.555 t20083CA5CA3E004ACA00
 20:51:21.555 t20185D8BCA0EF1F1F17B
 20:51:21.555 t20287C9ACA1AF1F101FC
 20:51:21.555 t20389F37CA223FF7FFFF
 20:51:21.555 t20480000C00000000000
 20:51:21.555 t2058D188E2027FFF5000
 20:51:21.655 t20083CA80A3E004ACA00
 20:51:21.655 t20185B710A0EF1F1F17B
 20:51:21.655 t20286000002AF2F900F9
 20:51:21.656 t20389B720A220EB801FC
 20:51:21.656 t20480000000000000000
 20:51:21.656 t2058D18822027FFF5000
 20:51:21.755 t20083CAA4A3E004ACA00
 20:51:21.755 t20185C9A4A0EF1F1F17C
 20:51:21.755 t20287C9A4A1601F100FC
 20:51:21.755 t20389C9B4A220B2809FB
 20:51:21.755 t20480000400000000000
 20:51:21.755 t2058D18862027FFF5000
 20:51:21.855 t20083CAD8A3E004ACA00
 20:51:21.855 t20185D8B8A0EF1F1F17B
 20:51:21.855 t20287C9A8A1AF1F101FC
 20:51:21.855 t20389D8B8A22090809FE
 20:51:21.855 t20480000800000000000
 20:51:21.855 t2058D188A2027FFF5000
 20:51:21.955 t20083CB0CA3E004ACA00
 20:51:21.955 t20185B71CA0EF1F1F17B
 20:51:21.955 t20286000C02AF2F900F9
 20:51:21.955 t20389F37CA223FF7FFFF
 20:51:21.956 t20480000C00000000000
 20:51:21.956 t2058D188E2027FFF5000
 20:51:22.055 t20083CB30A3E004ACA00
 20:51:22.055 t20185C9A0A0EF1F1F17C
 20:51:22.055 t20287C9A0A1601F100FC
 20:51:22.055 t20389B720A220EB801FC
 20:51:22.056 t20480000000000000000
 20:51:22.056 t2058D18822027FFF5000
 20:51:22.155 t20083CB64A3E004ACA00
 20:51:22.155 t20185D8B4A0EF1F1F17B
 20:51:22.155 t20287C9A4A1AF1F101FC
 20:51:22.155 t20389C9B4A220B2809FB
 20:51:22.156 t20480000400000000000
 20:51:22.156 t2058D18862027FFF5000
 20:51:22.255 t20083CB88A3E004ACA00
 20:51:22.255 t20185B718A0EF1F1F17B
 20:51:22.255 t20286000802AF2F900F9
 20:51:22.256 t20389D8B8A22090809FE
 20:51:22.256 t20480000800000000000
 20:51:22.257 t2058D188A2027FFF5000
 20:51:22.355 t20083CBBCA3E004ACA00
 20:51:22.355 t20185C9ACA0EF1F1F17C
 20:51:22.355 t20287C9ACA1601F100FC
 20:51:22.355 t20389F37CA223FF7FFFF
 20:51:22.355 t20480000C00000000000
 20:51:22.356 t2058D188E2027FFF5000
 20:51:22.454 t20083CBE0A3E004ACA00
 20:51:22.455 t20185D8B0A0EF1F1F17B
 20:51:22.455 t20287C9A0A1AF1F101FC
 20:51:22.455 t20389B720A220EB801FC
 20:51:22.455 t20480000000000000000
 20:51:22.455 t2058D18822027FFF5000
 20:51:22.554 t20083CC14A3E004ACA00
 20:51:22.555 t20185B714A0EF1F1F17B
 20:51:22.555 t20286000402AF2F900F9
 20:51:22.555 t20389C9B4A220B2809FB
 20:51:22.555 t20480000400000000000
 20:51:22.555 t2058D18862027FFF5000
 20:51:22.655 t20083CC38A3E004ACA00
 20:51:22.655 t20185C9A8A0EF1F1F17C
 20:51:22.655 t20287C9A8A1601F100FC
 20:51:22.655 t20389D8B8A22090809FE
 20:51:22.656 t20480000800000000000
 20:51:22.656 t2058D188A2027FFF5000
 20:51:22.755 t20083CC6CA3E004ACA00
 20:51:22.755 t20185D8BCA0EF1F1F17B
 20:51:22.755 t20287C9ACA1AF1F101FC
 20:51:22.755 t20389F37CA223FF7FFFF
 20:51:22.756 t20480000C00000000000
 20:51:22.756 t2058D188E2027FFF5000
 20:51:22.855 t20083CC90A3E004ACA00
 20:51:22.855 t20185B710A0EF1F1F17B
 20:51:22.855 t20286000002AF2F900F9
 20:51:22.855 t20389B720A220EB801FC
 20:51:22.855 t20480000000000000000
 20:51:22.856 t2058D18822027FFF5000
 20:51:22.955 t20083CCC4A3E004ACA00
 20:51:22.955 t20185C9A4A0EF1F1F17C
 20:51:22.955 t20287C9A4A1601F100FC
 20:51:22.955 t20389C9B4A220B2809FB
 20:51:22.955 t20480000400000000000
 20:51:22.956 t2058D18862027FFF5000
 20:51:23.054 t20083CCF8A3E004ACA00
 20:51:23.054 t20185D8B8A0EF1F1F17B
 20:51:23.055 t20287C9A8A1AF1F101FC
 20:51:23.055 t20389D8B8A22090809FE
 20:51:23.055 t20480000800000000000
 20:51:23.055 t2058D188A2027FFF5000
 20:51:23.154 t20083CD1CA3E004ACA00
 20:51:23.154 t20185B71CA0EF1F1F17B
 20:51:23.154 t20286000C02AF2F900F9
 20:51:23.155 t20389F37CA223FF7FFFF
 20:51:23.155 t20480000C00000000000
 20:51:23.155 t2058D188E2027FFF5000
 20:51:23.254 t20083CD40A3E004ACA00
 20:51:23.254 t20185C9A0A0EF1F1F17C
 20:51:23.254 t20287C9A0A1601F100FC
 20:51:23.254 t20389B720A220EB801FC
 20:51:23.255 t20480000000000000000
 20:51:23.255 t2058D18822027FFF5000
 20:51:23.354 t20083CD74A3E004ACA00
 20:51:23.355 t20185D8B4A0EF1F1F17B
 20:51:23.355 t20287C9A4A1AF1F101FC
 20:51:23.355 t20389C9B4A220B2809FB
 20:51:23.355 t20480000400000000000
 20:51:23.356 t2058D18862027FFF5000
 20:51:23.454 t20083CDA8A3E004ACA00
 20:51:23.455 t20185B718A0EF1F1F17B
 20:51:23.455 t20286000802AF2F900F9
 20:51:23.455 t20389D8B8A22090809FE
 20:51:23.455 t20480000800000000000
 20:51:23.456 t2058D188A2027FFF5000
 20:51:23.554 t20083CDCCA3E004ACA00
 20:51:23.554 t20185C9ACA0EF1F1F17C
 20:51:23.555 t20287C9ACA1601F100FC
 20:51:23.555 t20389F37CA223FF7FFFF
 20:51:23.555 t20480000C00000000000
 20:51:23.555 t2058D188E2027FFF5000
 20:51:23.654 t20083CDF0A3E004ACA00
 20:51:23.655 t20185D8B0A0EF1F1F17B
 20:51:23.655 t20287C9A0A1AF1F101FC
 20:51:23.655 t20389B720A220EB801FC
 20:51:23.655 t20480000000000000000
 20:51:23.656 t2058D18822027FFF5000
 20:51:23.754 t20083CE24A3E004ACA00
 20:51:23.754 t20185B714A0EF1F1F17B
 20:51:23.754 t20286000402AF2F900F9
 20:51:23.754 t20389F374A200667FE00
 20:51:23.754 t20480000400000000000
 20:51:23.755 t2058D18862027FFF5000
 20:51:23.854 t20083CE58A3E004ACA00
 20:51:23.854 t20185C9A8A0EF1F1F17C
 20:51:23.854 t20287C9A8A1601F100FC
 20:51:23.854 t20389FBF8A200837F9FF
 20:51:23.854 t20480000800000000000
 20:51:23.855 t2058D188A2027FFF5000
 20:51:23.954 t20083CE8CA3E004ACA00
 20:51:23.954 t20185D8BCA0EF1F1F17B
 20:51:23.954 t20287C9ACA1AF1F101FC
 20:51:23.954 t20389C9BCA220B2809FB
 20:51:23.955 t20480000C00000000000
 20:51:23.955 t2058D188E2027FFF5000
 20:51:24.054 t20083CEA0A3E004ACA00
 20:51:24.054 t20185B710A0EF1F1F17B
 20:51:24.055 t20286000002AF2F900F9
 20:51:24.055 t20389D8B0A22090809FE
 20:51:24.055 t20480000000000000000
 20:51:24.055 t2058D18822027FFF5000
 20:51:24.154 t20083CED4A3E004ACA00
 20:51:24.154 t20185C9A4A0EF1F1F17C
 20:51:24.154 t20287C9A4A1601F100FC
 20:51:24.155 t20389F374A220667FE00
 20:51:24.155 t20480000400000000000
 20:51:24.155 t2058D18862027FFF5000
 20:51:24.254 t20083CF08A3E004ACA00
 20:51:24.254 t20185D8B8A0EF1F1F17B
 20:51:24.254 t20287C9A8A1AF1F101FC
 20:51:24.255 t20389FBF8A220837F9FF
 20:51:24.255 t20480000800000000000
 20:51:24.255 t2058D188A2027FFF5000
 20:51:24.354 t20083CF3CA3E004ACA00
 20:51:24.354 t20185B71CA0EF1F1F17B
 20:51:24.354 t20286000C02AF2F900F9
 20:51:24.355 t20389C9BCA220B2809FB
 20:51:24.355 t20480000C00000000000
 20:51:24.355 t2058D188E2027FFF5000
 20:51:24.454 t20083CF50A3E004ACA00
 20:51:24.454 t20185C9A0A0EF1F1F17C
 20:51:24.454 t20287C9A0A1601F100FC
 20:51:24.454 t20389D8B0A22090809FE
 20:51:24.454 t20480000000000000000
 20:51:24.454 t2058D18822027FFF5000
 20:51:24.554 t20083CF84A3E004ACA00
 20:51:24.554 t20185D8B4A0EF1F1F17B
 20:51:24.554 t20287C9A4A1AF1F101FC
 20:51:24.554 t20389F374A220667FE00
 20:51:24.554 t20480000400000000000
 20:51:24.554 t2058D18862027FFF5000
 20:51:24.654 t20083CFB8A3E004ACA00
 20:51:24.654 t20185B718A0EF1F1F17B
 20:51:24.654 t20286000802AF2F900F9
 20:51:24.655 t20389FBF8A220837F9FF
 20:51:24.655 t20480000800000000000
 20:51:24.655 t2058D188A2027FFF5000
 20:51:24.754 t20083CFECA3E004ACA00
 20:51:24.754 t20185C9ACA0EF1F1F17C
 20:51:24.754 t20287C9ACA1601F100FC
 20:51:24.755 t20389C9BCA220B2809FB
 20:51:24.755 t20480000C00000000000
 20:51:24.755 t2058D188E2027FFF5000
 20:51:24.854 t20083D010A3E004ACA00
 20:51:24.854 t20185D8B0A0EF1F1F17B
 20:51:24.854 t20287C9A0A1AF1F101FC
 20:51:24.855 t20389D8B0A22090809FE
 20:51:24.855 t20480000000000000000
 20:51:24.855 t2058D18822027FFF5000
 20:51:24.954 t20083D034A3E004ACA00
 20:51:24.954 t20185C9A4A0EF1F1F17C
 20:51:24.954 t20286000402AF2F900F9
 20:51:24.954 t20389F374A220667FE00
 20:51:24.955 t20480000400000000000
 20:51:24.955 t2058D18862027FFF5000
 20:51:25.054 t20083D068A3E004ACA00
 20:51:25.054 t20185D8B8A0EF1F1F17B
 20:51:25.054 t20286000802AF2F900F9
 20:51:25.054 t20389FBF8A220837F9FF
 20:51:25.054 t20480000800000000000
 20:51:25.054 t2058D188A2027FFF5000
 20:51:25.154 t20083D09CA3E004ACA00
 20:51:25.154 t20185C9ACA0EF1F1F17C
 20:51:25.154 t20286000C02AF2F900F9
 20:51:25.154 t20389C9BCA220B2809FB
 20:51:25.154 t20480000C00000000000
 20:51:25.154 t2058D188E2027FFF5000
 20:51:25.254 t20083D0C0A3E004ACA00
 20:51:25.254 t20185D8B0A0EF1F1F17B
 20:51:25.254 t20286000002AF2F900F9
 20:51:25.255 t20389D8B0A22090809FE
 20:51:25.255 t20480000000000000000
 20:51:25.255 t2058D18822027FFF5000
 20:51:25.355 t20083D0E4A3E004ACA00
 20:51:25.355 t20185C9A4A0EF1F1F17C
 20:51:25.355 t20286000402AF2F900F9
 20:51:25.356 t20389F374A220667FE00
 20:51:25.356 t20480000400000000000
 20:51:25.356 t2058D18862027FFF5000
 20:51:25.455 t20083D118A3E004ACA00
 20:51:25.456 t20185D8B8A0EF1F1F17B
 20:51:25.456 t20286000802AF2F900F9
 20:51:25.456 t20389FBF8A220837F9FF
 20:51:25.457 t20480000800000000000
 20:51:25.457 t2058D188A2027FFF5000
 20:51:25.555 t20083D14CA3E004ACA00
 20:51:25.556 t20185C9ACA0EF1F1F17C
 20:51:25.556 t20286000C02AF2F900F9
 20:51:25.556 t20389C9BCA220B2809FB
 20:51:25.557 t20480000C00000000000
 20:51:25.557 t2058D188E2027FFF5000
 20:51:25.655 t20083D170A3E004ACA00
 20:51:25.656 t20185D8B0A0EF1F1F17B
 20:51:25.656 t20286000002AF2F900F9
 20:51:25.656 t20389D8B0A22090809FE
 20:51:25.656 t20480000000000000000
 20:51:25.657 t2058D18822027FFF5000
 20:51:25.754 t20083D1A4A3E004ACA00
 20:51:25.754 t20185C9A4A0EF1F1F17C
 20:51:25.754 t20286000402AF2F900F9
 20:51:25.754 t20389F374A220667FE00
 20:51:25.754 t20480000400000000000
 20:51:25.754 t2058D18862027FFF5000
 20:51:25.855 t20083D1C8A3E004ACA00
 20:51:25.855 t20185D8B8A0EF1F1F17B
 20:51:25.855 t20286000802AF2F900F9
 20:51:25.855 t20389FBF8A220837F9FF
 20:51:25.855 t20480000800000000000
 20:51:25.855 t2058D188A2027FFF5000
 20:51:25.956 t20083D1FCA3E004ACA00
 20:51:25.956 t20185C9ACA0EF1F1F17C
 20:51:25.956 t20286000C02AF2F900F9
 20:51:25.956 t20389C9BCA220B2809FB
 20:51:25.957 t20480000C00000000000
 20:51:25.957 t2058D188E2027FFF5000
 20:51:26.055 t20083D220A3E004ACA00
 20:51:26.056 t20185D8B0A0EF1F1F17B
 20:51:26.056 t20286000002AF2F900F9
 20:51:26.056 t20389D8B0A22090809FE
 20:51:26.056 t20480000000000000000
 20:51:26.057 t2058D18822027FFF5000
 20:51:26.155 t20083D254A3E004ACA00
 20:51:26.156 t20185C9A4A0EF1F1F17C
 20:51:26.157 t20286000402AF2F900F9
 20:51:26.157 t20389F374A220667FE00
 20:51:26.157 t20480000400000000000
 20:51:26.157 t2058D18862027FFF5000
 20:51:26.255 t20083D278A3E004ACA00
 20:51:26.256 t20185D8B8A0EF1F1F17B
 20:51:26.256 t20286000802AF2F900F9
 20:51:26.256 t20389FBF8A220837F9FF
 20:51:26.256 t20480000800000000000
 20:51:26.256 t2058D188A2027FFF5000
 20:51:26.355 t20083D2ACA3E004ACA00
 20:51:26.356 t20185C9ACA0EF1F1F17C
 20:51:26.356 t20286000C02AF2F900F9
 20:51:26.356 t20389C9BCA220B2809FB
 20:51:26.356 t20480000C00000000000
 20:51:26.356 t2058D188E2027FFF5000
 20:51:26.454 t20083D2D0A3E004ACA00
 20:51:26.455 t20185D8B0A0EF1F1F17B
 20:51:26.455 t20286000002AF2F900F9
 20:51:26.455 t20389D8B0A22090809FE
 20:51:26.455 t20480000000000000000
 20:51:26.455 t2058D18822027FFF5000
 20:51:26.555 t20083D304A3E004ACA00
 20:51:26.555 t20185C9A4A0EF1F1F17C
 20:51:26.556 t20286000402AF2F900F9
 20:51:26.556 t20389F374A220667FE00
 20:51:26.556 t20480000400000000000
 20:51:26.556 t2058D18862027FFF5000
 20:51:26.655 t20083D338A3E004ACA00
 20:51:26.656 t20185D8B8A0EF1F1F17B
 20:51:26.656 t20286000802AF2F900F9
 20:51:26.656 t20389FBF8A220837F9FF
 20:51:26.656 t20480000800000000000
 20:51:26.656 t2058D188A2027FFF5000
 20:51:26.755 t20083D35CA3E004ACA00
 20:51:26.756 t20185C9ACA0EF1F1F17C
 20:51:26.756 t20286000C02AF2F900F9
 20:51:26.756 t20389C9BCA220B2809FB
 20:51:26.756 t20480000C00000000000
 20:51:26.756 t2058D188E2027FFF5000
 20:51:26.855 t20083D380A3E004ACA00
 20:51:26.856 t20185D8B0A0EF1F1F17B
 20:51:26.856 t20286000002AF2F900F9
 20:51:26.856 t20389D8B0A22090809FE
 20:51:26.856 t20480000000000000000
 20:51:26.856 t2058D18822027FFF5000
 20:51:26.955 t20083D3B4A3E004ACA00
 20:51:26.956 t20185C9A4A0EF1F1F17C
 20:51:26.956 t20286000402AF2F900F9
 20:51:26.956 t20389F374A220667FE00
 20:51:26.956 t20480000400000000000
 20:51:26.956 t2058D18862027FFF5000
 20:51:27.055 t20083D3E8A3E004ACA00
 20:51:27.055 t20185D8B8A0EF1F1F17B
 20:51:27.055 t20286000802AF2F900F9
 20:51:27.055 t20389FBF8A220837F9FF
 20:51:27.055 t20480000800000000000
 20:51:27.056 t2058D188A2027FFF5000
 20:51:27.154 t20083D40CA3E004ACA00
 20:51:27.155 t20185C9ACA0EF1F1F17C
 20:51:27.155 t20286000C02AF2F900F9
 20:51:27.155 t20389C9BCA220B2809FB
 20:51:27.155 t20480000C00000000000
 20:51:27.155 t2058D188E2027FFF5000
 20:51:27.254 t20083D430A3E004ACA00
 20:51:27.255 t20185D8B0A0EF1F1F17B
 20:51:27.256 t20286000002AF2F900F9
 20:51:27.256 t20389D8B0A22090809FE
 20:51:27.256 t20480000000000000000
 20:51:27.256 t2058D18822027FFF5000
 20:51:27.354 t20083D464A3E004ACA00
 20:51:27.355 t20185C9A4A0EF1F1F17C
 20:51:27.356 t20286000402AF2F900F9
 20:51:27.356 t20389F374A220667FE00
 20:51:27.356 t20480000400000000000
 20:51:27.356 t2058D18862027FFF5000
 20:51:27.454 t20083D498A3E004ACA00
 20:51:27.455 t20185D8B8A0EF1F1F17B
 20:51:27.455 t20286000802AF2F900F9
 20:51:27.456 t20389FBF8A220837F9FF
 20:51:27.456 t20480000800000000000
 20:51:27.456 t2058D188A2027FFF5000
 20:51:27.554 t20083D4CCA3E004ACA00
 20:51:27.555 t20185C9ACA0EF1F1F17C
 20:51:27.555 t20286000C02AF2F900F9
 20:51:27.555 t20389C9BCA220B2809FB
 20:51:27.556 t20480000C00000000000
 20:51:27.556 t2058D188E2027FFF5000
 20:51:27.654 t20083D4E0A3E004ACA00
 20:51:27.655 t20185D8B0A0EF1F1F17B
 20:51:27.655 t20286000002AF2F900F9
 20:51:27.656 t20389D8B0A22090809FE
 20:51:27.656 t20480000000000000000
 20:51:27.656 t2058D18822027FFF5000
 20:51:27.754 t20083D514A3E004ACA00
 20:51:27.755 t20185C9A4A0EF1F1F17C
 20:51:27.755 t20286000402AF2F900F9
 20:51:27.755 t20389F374A220667FE00
 20:51:27.755 t20480000400000000000
 20:51:27.755 t2058D18862027FFF5000
 20:51:27.854 t20083D548A3E004ACA00
 20:51:27.855 t20185D8B8A0EF1F1F17B
 20:51:27.855 t20286000802AF2F900F9
 20:51:27.855 t20389FBF8A220837F9FF
 20:51:27.855 t20480000800000000000
 20:51:27.855 t2058D188A2027FFF5000
 20:51:27.954 t20083D57CA3E004ACA00
 20:51:27.955 t20185C9ACA0EF1F1F17C
 20:51:27.955 t20286000C02AF2F900F9
 20:51:27.956 t20389C9BCA220B2809FB
 20:51:27.956 t20480000C00000000000
 20:51:27.956 t2058D188E2027FFF5000
 20:51:28.054 t20083D5A0A3E004ACA00
 20:51:28.054 t20185D8B0A0EF1F1F17B
 20:51:28.055 t20286000002AF2F900F9
 20:51:28.055 t20389D8B0A22090809FE
 20:51:28.055 t20480000000000000000
 20:51:28.055 t2058D18822027FFF5000
 20:51:28.154 t20083D5C4A3E004ACA00
 20:51:28.155 t20185C9A4A0EF1F1F17C
 20:51:28.155 t20286000402AF2F900F9
 20:51:28.156 t20389F374A220667FE00
 20:51:28.156 t20480000400000000000
 20:51:28.156 t2058D18862027FFF5000
 20:51:28.254 t20083D5F8A3E004ACA00
 20:51:28.255 t20185D8B8A0EF1F1F17B
 20:51:28.255 t20286000802AF2F900F9
 20:51:28.256 t20389FBF8A220837F9FF
 20:51:28.256 t20480000800000000000
 20:51:28.256 t2058D188A2027FFF5000
 20:51:28.354 t20083D62CA3E004ACA00
 20:51:28.355 t20185C9ACA0EF1F1F17C
 20:51:28.355 t20286000C02AF2F900F9
 20:51:28.355 t20389C9BCA220B2809FB
 20:51:28.355 t20480000C00000000000
 20:51:28.355 t2058D188E2027FFF5000
 20:51:28.454 t20083D650A3E004ACA00
 20:51:28.455 t20185D8B0A0EF1F1F17B
 20:51:28.455 t20286000002AF2F900F9
 20:51:28.455 t20389D8B0A22090809FE
 20:51:28.455 t20480000000000000000
 20:51:28.455 t2058D18822027FFF5000
 20:51:28.554 t20083D674A3E004ACA00
 20:51:28.554 t20185C9A4A0EF1F1F17C
 20:51:28.555 t20286000402AF2F900F9
 20:51:28.555 t20389F374A220667FE00
 20:51:28.555 t20480000400000000000
 20:51:28.555 t2058D18862027FFF5000
 20:51:28.654 t20083D6A8A3E004ACA00
 20:51:28.655 t20185D8B8A0EF1F1F17B
 20:51:28.655 t20286000802AF2F900F9
 20:51:28.656 t20389FBF8A220837F9FF
 20:51:28.656 t20480000800000000000
 20:51:28.656 t2058D188A2027FFF5000
 20:51:28.754 t20083D6DCA3E004ACA00
 20:51:28.755 t20185C9ACA0EF1F1F17C
 20:51:28.755 t20286000C02AF2F900F9
 20:51:28.755 t20389C9BCA220B2809FB
 20:51:28.755 t20480000C00000000000
 20:51:28.756 t2058D188E2027FFF5000
 20:51:28.854 t20083D700A3E004ACA00
 20:51:28.855 t20185D8B0A0EF1F1F17B
 20:51:28.855 t20286000002AF2F900F9
 20:51:28.855 t20389D8B0A22090809FE
 20:51:28.855 t20480000000000000000
 20:51:28.856 t2058D18822027FFF5000
 20:51:28.954 t20083D734A3E004ACA00
 20:51:28.955 t20185C9A4A0EF1F1F17C
 20:51:28.955 t20286000402AF2F900F9
 20:51:28.955 t20389F374A220667FE00
 20:51:28.955 t20480000400000000000
 20:51:28.956 t2058D18862027FFF5000
 20:51:29.054 t20083D758A3E004ACA00
 20:51:29.054 t20185D8B8A0EF1F1F17B
 20:51:29.054 t20286000802AF2F900F9
 20:51:29.054 t20389FBF8A220837F9FF
 20:51:29.055 t20480000800000000000
 20:51:29.055 t2058D188A2027FFF5000
 20:51:29.154 t20083D78CA3E004ACA00
 20:51:29.154 t20185C9ACA0EF1F1F17C
 20:51:29.154 t20286000C02AF2F900F9
 20:51:29.155 t20389C9BCA220B2809FB
 20:51:29.155 t20480000C00000000000
 20:51:29.155 t2058D188E2027FFF5000
 20:51:29.254 t20083D7B0A3E004ACA00
 20:51:29.255 t20185D8B0A0EF1F1F17B
 20:51:29.255 t20286000002AF2F900F9
 20:51:29.255 t20389D8B0A22090809FE
 20:51:29.255 t20480000000000000000
 20:51:29.256 t2058D18822027FFF5000
 20:51:29.354 t20083D7E4A3E004ACA00
 20:51:29.355 t20185C9A4A0EF1F1F17C
 20:51:29.355 t20286000402AF2F900F9
 20:51:29.355 t20389F374A220667FE00
 20:51:29.355 t20480000400000000000
 20:51:29.356 t2058D18862027FFF5000
 20:51:29.454 t20083D808A3E004ACA00
 20:51:29.455 t20185D8B8A0EF1F1F17B
 20:51:29.455 t20286000802AF2F900F9
 20:51:29.455 t20389FBF8A220837F9FF
 20:51:29.455 t20480000800000000000
 20:51:29.456 t2058D188A2027FFF5000
 20:51:29.554 t20083D83CA3E004ACA00
 20:51:29.555 t20185C9ACA0EF1F1F17C
 20:51:29.555 t20286000C02AF2F900F9
 20:51:29.555 t20389C9BCA220B2809FB
 20:51:29.555 t20480000C00000000000
 20:51:29.555 t2058D188E2027FFF5000
 20:51:29.654 t20083D860A3E004ACA00
 20:51:29.655 t20185D8B0A0EF1F1F17B
 20:51:29.655 t20286000002AF2F900F9
 20:51:29.655 t20389D8B0A22090809FE
 20:51:29.655 t20480000000000000000
 20:51:29.655 t2058D18822027FFF5000
 20:51:29.755 t20083D894A3E004ACA00
 20:51:29.755 t20185C9A4A0EF1F1F17C
 20:51:29.755 t20286000402AF2F900F9
 20:51:29.755 t20389F374A220667FE00
 20:51:29.755 t20480000400000000000
 20:51:29.755 t2058D18862027FFF5000
 20:51:29.854 t20083D8C8A3E0048CA00
 20:51:29.855 t20185D8B8A0EF1F1F17B
 20:51:29.855 t20286000802AF2F900F9
 20:51:29.855 t20389FBF8A220837F9FF
 20:51:29.855 t20480000800000000000
 20:51:29.855 t2058D188A2027FFF5000
 20:51:29.954 t20083D8FCA3E0048CA00
 20:51:29.955 t20185C9ACA0EF1F1F17C
 20:51:29.955 t20286000C02AF2F900F9
 20:51:29.955 t20389C9BCA220B2809FB
 20:51:29.955 t20480000C00000000000
 20:51:29.955 t2058D188E2027FFF5000
 20:51:30.054 t20083D920A3E0048CA00
 20:51:30.054 t20185D8B0A0EF1F1F17B
 20:51:30.055 t20286000002AF2F900F9
 20:51:30.055 t20389D8B0A22090809FE
 20:51:30.055 t20480000000000000000
 20:51:30.055 t2058D18822027FFF5000
 20:51:30.154 t20083D944A3E0048CA00
 20:51:30.154 t20185C9A4A0EF1F1F17C
 20:51:30.155 t20286000402AF2F900F9
 20:51:30.155 t20389F374A220667FE00
 20:51:30.155 t20480000400000000000
 20:51:30.155 t2058D18862027FFF5000
 20:51:30.255 t20083D978A3E0048CA00
 20:51:30.255 t20185D8B8A0EF1F1F17B
 20:51:30.255 t20286000802AF2F900F9
 20:51:30.255 t20389FBF8A220837F9FF
 20:51:30.255 t20480000800000000000
 20:51:30.256 t2058D188A2027FFF5000
 20:51:30.355 t20083D9ACA3E0048CA00
 20:51:30.355 t20185C9ACA0EF1F1F17C
 20:51:30.355 t20286000C02AF2F900F9
 20:51:30.355 t20389C9BCA220B2809FB
 20:51:30.356 t20480000C00000000000
 20:51:30.356 t2058D188E2027FFF5000
 20:51:30.454 t20083D9D0A3E0048CA00
 20:51:30.454 t20185D8B0A0EF1F1F17B
 20:51:30.454 t20286000002AF2F900F9
 20:51:30.455 t20389D8B0A22090809FE
 20:51:30.455 t20480000000000000000
 20:51:30.455 t2058D18822027FFF5000
 20:51:30.554 t20083D9F4A3E0048CA00
 20:51:30.554 t20185C9A4A0EF1F1F17C
 20:51:30.554 t20286000402AF2F900F9
 20:51:30.554 t20389F374A220667FE00
 20:51:30.555 t20480000400000000000
 20:51:30.555 t2058D18862027FFF5000
 20:51:30.654 t20083DA28A3E0048CA00
 20:51:30.655 t20185D8B8A0EF1F1F17B
 20:51:30.655 t20286000802AF2F900F9
 20:51:30.655 t20389FBF8A220837F9FF
 20:51:30.655 t20480000800000000000
 20:51:30.655 t2058D188A2027FFF5000
 20:51:30.755 t20083DA5CA3E0048CA00
 20:51:30.755 t20185C9ACA0EF1F1F17C
 20:51:30.755 t20286000C02AF2F900F9
 20:51:30.755 t20389C9BCA220B2809FB
 20:51:30.755 t20480000C00000000000
 20:51:30.756 t2058D188E2027FFF5000
 20:51:30.854 t20083DA80A3E0048CA00
 20:51:30.855 t20185D8B0A0EF1F1F17B
 20:51:30.855 t20286000002AF2F900F9
 20:51:30.855 t20389D8B0A22090809FE
 20:51:30.855 t20480000000000000000
 20:51:30.855 t2058D18822027FFF5000
 20:51:30.954 t20083DAB4A3E0048CA00
 20:51:30.955 t20185C9A4A0EF1F1F17C
 20:51:30.955 t20286000402AF2F900F9
 20:51:30.955 t20389F374A220667FE00
 20:51:30.955 t20480000400000000000
 20:51:30.955 t2058D18862027FFF5000
 20:51:31.054 t20083DAD8A3E0048CA00
 20:51:31.055 t20185D8B8A0EF1F1F17B
 20:51:31.055 t20286000802AF2F900F9
 20:51:31.055 t20389FBF8A220837F9FF
 20:51:31.055 t20480000800000000000
 20:51:31.055 t2058D188A2027FFF5000
 20:51:31.154 t20083DB0CA3E0048CA00
 20:51:31.154 t20185C9ACA0EF1F1F17C
 20:51:31.154 t20286000C02AF2F900F9
 20:51:31.155 t20389C9BCA220B2809FB
 20:51:31.155 t20480000C00000000000
 20:51:31.155 t2058D188E2027FFF5000
 20:51:31.254 t20083DB30A3E0048CA00
 20:51:31.254 t20185D8B0A0EF1F1F17B
 20:51:31.254 t20286000002AF2F900F9
 20:51:31.254 t20389D8B0A22090809FE
 20:51:31.254 t20480000000000000000
 20:51:31.255 t2058D18822027FFF5000
 20:51:31.354 t20083DB64A3E0048CA00
 20:51:31.354 t20185C9A4A0EF1F1F17C
 20:51:31.355 t20286000402AF2F900F9
 20:51:31.355 t20389F374A220667FE00
 20:51:31.355 t20480000400000000000
 20:51:31.355 t2058D18862027FFF5000
 20:51:31.454 t20083DB88A3E0048CA00
 20:51:31.454 t20185D8B8A0EF1F1F17B
 20:51:31.455 t20286000802AF2F900F9
 20:51:31.455 t20389FBF8A220837F9FF
 20:51:31.455 t20480000800000000000
 20:51:31.455 t2058D188A2027FFF5000
 20:51:31.554 t20083DBBCA3E0048CA00
 20:51:31.554 t20185C9ACA0EF1F1F17C
 20:51:31.555 t20286000C02AF2F900F9
 20:51:31.555 t20389C9BCA220B2809FB
 20:51:31.555 t20480000C00000000000
 20:51:31.555 t2058D188E2027FFF5000
 20:51:31.654 t20083DBE0A3E0048CA00
 20:51:31.654 t20185D8B0A0EF1F1F17B
 20:51:31.655 t20286000002AF2F900F9
 20:51:31.655 t20389D8B0A22090809FE
 20:51:31.655 t20480000000000000000
 20:51:31.655 t2058D18822027FFF5000
 20:51:31.754 t20083DC14A3E0048CA00
 20:51:31.754 t20185C9A4A0EF1F1F17C
 20:51:31.754 t20286000402AF2F900F9
 20:51:31.755 t20389F374A220667FE00
 20:51:31.755 t20480000400000000000
 20:51:31.755 t2058D18862027FFF5000
 20:51:31.854 t20083DC48A3E0048CA00
 20:51:31.854 t20185D8B8A0EF1F1F17B
 20:51:31.854 t20286000802AF2F900F9
 20:51:31.854 t20389FBF8A220837F9FF
 20:51:31.854 t20480000800000000000
 20:51:31.854 t2058D188A2027FFF5000
 20:51:31.954 t20083DC6CA3E0048CA00
 20:51:31.954 t20185C9ACA0EF1F1F17C
 20:51:31.954 t20286000C02AF2F900F9
 20:51:31.954 t20389C9BCA220B2809FB
 20:51:31.954 t20480000C00000000000
 20:51:31.954 t2058D188E2027FFF5000
 20:51:32.054 t20083DC90A3E0048CA00
 20:51:32.054 t20185D8B0A0EF1F1F17B
 20:51:32.055 t20286000002AF2F900F9
 20:51:32.055 t20389D8B0A22090809FE
 20:51:32.055 t20480000000000000000
 20:51:32.055 t2058D18822027FFF5000
 20:51:32.154 t20083DCC4A3E0048CA00
 20:51:32.154 t20185C9A4A0EF1F1F17C
 20:51:32.155 t20286000402AF2F900F9
 20:51:32.155 t20389F374A220667FE00
 20:51:32.155 t20480000400000000000
 20:51:32.155 t2058D18862027FFF5000
 20:51:32.255 t20083DCF8A3E0048CA00
 20:51:32.255 t20185D8B8A0EF1F1F17B
 20:51:32.255 t20286000802AF2F900F9
 20:51:32.255 t20389FBF8A220837F9FF
 20:51:32.255 t20480000800000000000
 20:51:32.256 t2058D188A2027FFF5000
 20:51:32.354 t20083DD1CA3E0048CA00
 20:51:32.354 t20185C9ACA0EF1F1F17C
 20:51:32.355 t20286000C02AF2F900F9
 20:51:32.355 t203880ADCA2003A805FE
 20:51:32.355 t20480000C00000000000
 20:51:32.355 t2058D188E2027FFF5000
 20:51:32.454 t20083DD40A3E0048CA00
 20:51:32.454 t20185D8B0A0EF1F1F17B
 20:51:32.454 t20286000002AF2F900F9
 20:51:32.455 t20389D8B0A22090809FE
 20:51:32.455 t20480000000000000000
 20:51:32.455 t2058D18822027FFF5000
 20:51:32.554 t20083DD74A3E0048CA00
 20:51:32.554 t20185C9A4A0EF1F1F17C
 20:51:32.554 t20286000402AF2F900F9
 20:51:32.554 t20389F374A220667FE00
 20:51:32.554 t20480000400000000000
 20:51:32.554 t2058D18862027FFF5000
 20:51:32.654 t20083DDA8A3E0048CA00
 20:51:32.654 t20185D8B8A0EF1F1F17B
 20:51:32.654 t20286000802AF2F900F9
 20:51:32.654 t20389FBF8A220837F9FF
 20:51:32.655 t20480000800000000000
 20:51:32.655 t2058D188A2027FFF5000
 20:51:32.754 t20083DDDCA3E0048CA00
 20:51:32.754 t20185C9ACA0EF1F1F17C
 20:51:32.754 t20286000C02AF2F900F9
 20:51:32.754 t203880ADCA2203A805FE
 20:51:32.755 t20480000C00000000000
 20:51:32.755 t2058D188E2027FFF5000
 20:51:32.853 t20083DDF0A3E0048CA00
 20:51:32.854 t20185D8B0A0EF1F1F17B
 20:51:32.854 t20286000002AF2F900F9
 20:51:32.854 t20389D8B0A22090809FE
 20:51:32.854 t20480000000000000000
 20:51:32.854 t2058D18822027FFF5000
 20:51:32.954 t20083DE24A3E0048CA00
 20:51:32.954 t20185C9A4A0EF1F1F17C
 20:51:32.954 t20286000402AF2F900F9
 20:51:32.954 t20389F374A220667FE00
 20:51:32.954 t20480000400000000000
 20:51:32.954 t2058D18862027FFF5000
 20:51:33.054 t20083DE58A3E0048CA00
 20:51:33.054 t20185D8B8A0EF1F1F17B
 20:51:33.054 t20286000802AF2F900F9
 20:51:33.055 t20389FBF8A220837F9FF
 20:51:33.055 t20480000800000000000
 20:51:33.055 t2058D188A2027FFF5000
 20:51:33.153 t20083DE8CA3E0048CA00
 20:51:33.154 t20185C9ACA0EF1F1F17C
 20:51:33.154 t20286000C02AF2F900F9
 20:51:33.154 t203880ADCA2203A805FE
 20:51:33.154 t20480000C00000000000
 20:51:33.154 t2058D188E2027FFF5000
 20:51:33.253 t20083DEA0A3E0048CA00
 20:51:33.254 t20185D8B0A0EF1F1F17B
 20:51:33.254 t20286000002AF2F900F9
 20:51:33.254 t20389D8B0A22090809FE
 20:51:33.254 t20480000000000000000
 20:51:33.254 t2058D18822027FFF5000
 20:51:33.354 t20083DED4A3E0048CA00
 20:51:33.355 t20185C9A4A0EF1F1F17C
 20:51:33.355 t20286000402AF2F900F9
 20:51:33.355 t20389F374A220667FE00
 20:51:33.355 t20480000400000000000
 20:51:33.356 t2058D18862027FFF5000
 20:51:33.455 t20083DF08A3E0048CA00
 20:51:33.455 t20185D8B8A0EF1F1F17B
 20:51:33.455 t20286000802AF2F900F9
 20:51:33.455 t20389FBF8A220837F9FF
 20:51:33.455 t20480000800000000000
 20:51:33.456 t2058D188A2027FFF5000
 20:51:33.555 t20083DF3CA3E0048CA00
 20:51:33.555 t20185D8BCA0EF1F1F17B
 20:51:33.555 t20286000C02AF2F900F9
 20:51:33.555 t203880ADCA2203A805FE
 20:51:33.555 t20480000C00000000000
 20:51:33.556 t2058D188E2027FFF5000
 20:51:33.655 t20083DF60A3E0048CA00
 20:51:33.655 t20185D8B0A0EF1F1F17B
 20:51:33.655 t20286000002AF2F900F9
 20:51:33.655 t20389D8B0A22090809FE
 20:51:33.655 t20480000000000000000
 20:51:33.656 t2058D18822027FFF5000
 20:51:33.755 t20083DF84A3E0048CA00
 20:51:33.755 t20185D8B4A0EF1F1F17B
 20:51:33.755 t20286000402AF2F900F9
 20:51:33.755 t20389F374A220667FE00
 20:51:33.755 t20480000400000000000
 20:51:33.756 t2058D18862027FFF5000
 20:51:33.854 t20083DFB8A3E0048CA00
 20:51:33.854 t20185D8B8A0EF1F1F17B
 20:51:33.854 t20286000802AF2F900F9
 20:51:33.855 t20389FBF8A220837F9FF
 20:51:33.855 t20480000800000000000
 20:51:33.855 t2058D188A2027FFF5000
 20:51:33.954 t20083DFECA3E0048CA00
 20:51:33.954 t20185D8BCA0EF1F1F17B
 20:51:33.954 t20286000C02AF2F900F9
 20:51:33.955 t203880ADCA2203A805FE
 20:51:33.955 t20480000C00000000000
 20:51:33.955 t2058D188E2027FFF5000
 20:51:34.054 t20083E010A3E0048CA00
 20:51:34.055 t20185D8B0A0EF1F1F17B
 20:51:34.055 t20286000002AF2F900F9
 20:51:34.055 t20389D8B0A22090809FE
 20:51:34.055 t20480000000000000000
 20:51:34.055 t2058D18822027FFF5000
 20:51:34.154 t20083E034A3E0048CA00
 20:51:34.155 t20185D8B4A0EF1F1F17B
 20:51:34.155 t20286000402AF2F900F9
 20:51:34.155 t20389F374A220667FE00
 20:51:34.155 t20480000400000000000
 20:51:34.156 t2058D18862027FFF5000
 20:51:34.254 t20083E068A3E0048CA00
 20:51:34.255 t20185D8B8A0EF1F1F17B
 20:51:34.255 t20286000802AF2F900F9
 20:51:34.255 t20389FBF8A220837F9FF
 20:51:34.255 t20480000800000000000
 20:51:34.255 t2058D188A2027FFF5000
 20:51:34.354 t20083E09CA3E0048CA00
 20:51:34.355 t20185D8BCA0EF1F1F17B
 20:51:34.355 t20286000C02AF2F900F9
 20:51:34.355 t203880ADCA2203A805FE
 20:51:34.355 t20480000C00000000000
 20:51:34.355 t2058D188E2027FFF5000
 20:51:34.454 t20083E0C0A3E0048CA00
 20:51:34.454 t20185D8B0A0EF1F1F17B
 20:51:34.454 t20286000002AF2F900F9
 20:51:34.454 t20389D8B0A22090809FE
 20:51:34.455 t20480000000000000000
 20:51:34.455 t2058D18822027FFF5000
 20:51:34.554 t20083E0F4A3E0048CA00
 20:51:34.554 t20185D8B4A0EF1F1F17B
 20:51:34.554 t20286000402AF2F900F9
 20:51:34.554 t20389F374A220667FE00
 20:51:34.555 t20480000400000000000
 20:51:34.555 t2058D18862027FFF5000
 20:51:34.654 t20083E118A3E0048CA00
 20:51:34.654 t20185D8B8A0EF1F1F17B
 20:51:34.655 t20286000802AF2F900F9
 20:51:34.655 t20389FBF8A220837F9FF
 20:51:34.655 t20480000800000000000
 20:51:34.655 t2058D188A2027FFF5000
 20:51:34.754 t20083E14CA3E0048CA00
 20:51:34.754 t20185D8BCA0EF1F1F17B
 20:51:34.755 t20286000C02AF2F900F9
 20:51:34.755 t203880ADCA2203A805FE
 20:51:34.755 t20480000C00000000000
 20:51:34.755 t2058D188E2027FFF5000
 20:51:34.854 t20083E170A3E0048CA00
 20:51:34.854 t20185D8B0A0EF1F1F17B
 20:51:34.855 t20286000002AF2F900F9
 20:51:34.855 t20389D8B0A22090809FE
 20:51:34.855 t20480000000000000000
 20:51:34.855 t2058D18822027FFF5000
 20:51:34.954 t20083E1A4A3E0048CA00
 20:51:34.954 t20185D8B4A0EF1F1F17B
 20:51:34.955 t20286000402AF2F900F9
 20:51:34.955 t20389F374A220667FE00
 20:51:34.955 t20480000400000000000
 20:51:34.955 t2058D18862027FFF5000
 20:51:35.054 t20083E1C8A3E0048CA00
 20:51:35.054 t20185D8B8A0EF1F1F17B
 20:51:35.055 t20286000802AF2F900F9
 20:51:35.055 t20389FBF8A220837F9FF
 20:51:35.055 t20480000800000000000
 20:51:35.055 t2058D188A2027FFF5000
 20:51:35.154 t20083E1FCA3E0048CA00
 20:51:35.154 t20185D8BCA0EF1F1F17B
 20:51:35.154 t20286000C02AF2F900F9
 20:51:35.154 t203880ADCA2203A805FE
 20:51:35.154 t20480000C00000000000
 20:51:35.154 t2058D188E2027FFF5000
 20:51:35.254 t20083E220A3E0048CA00
 20:51:35.254 t20185D8B0A0EF1F1F17B
 20:51:35.254 t20286000002AF2F900F9
 20:51:35.254 t20389D8B0A22090809FE
 20:51:35.254 t20480000000000000000
 20:51:35.254 t2058D18822027FFF5000
 20:51:35.354 t20083E254A3E0048CA00
 20:51:35.354 t20185D8B4A0EF1F1F17B
 20:51:35.354 t20286000402AF2F900F9
 20:51:35.355 t20389F374A220667FE00
 20:51:35.355 t20480000400000000000
 20:51:35.355 t2058D18862027FFF5000
 20:51:35.454 t20083E288A3E0048CA00
 20:51:35.454 t20185D8B8A0EF1F1F17B
 20:51:35.454 t20286000802AF2F900F9
 20:51:35.454 t20389FBF8A220837F9FF
 20:51:35.455 t20480000800000000000
 20:51:35.455 t2058D188A2027FFF5000
 20:51:35.554 t20083E2ACA3E0048CA00
 20:51:35.554 t20185D8BCA0EF1F1F17B
 20:51:35.554 t20286000C02AF2F900F9
 20:51:35.555 t203880ADCA2203A805FE
 20:51:35.555 t20480000C00000000000
 20:51:35.555 t2058D188E2027FFF5000
 20:51:35.654 t20083E2D0A3E0048CA00
 20:51:35.654 t20185D8B0A0EF1F1F17B
 20:51:35.655 t20286000002AF2F900F9
 20:51:35.655 t20389D8B0A22090809FE
 20:51:35.655 t20480000000000000000
 20:51:35.655 t2058D18822027FFF5000
 20:51:35.754 t20083E304A3E0048CA00
 20:51:35.754 t20185D8B4A0EF1F1F17B
 20:51:35.754 t20286000402AF2F900F9
 20:51:35.754 t20389F374A220667FE00
 20:51:35.755 t20480000400000000000
 20:51:35.755 t2058D18862027FFF5000
 20:51:35.854 t20083E338A3E0048CA00
 20:51:35.854 t20185D8B8A0EF1F1F17B
 20:51:35.854 t20286000802AF2F900F9
 20:51:35.854 t20389FBF8A220837F9FF
 20:51:35.854 t20480000800000000000
 20:51:35.854 t2058D188A2027FFF5000
 20:51:35.954 t20083E35CA3E0048CA00
 20:51:35.954 t20185D8BCA0EF1F1F17B
 20:51:35.954 t20286000C02AF2F900F9
 20:51:35.954 t203880ADCA2203A805FE
 20:51:35.954 t20480000C00000000000
 20:51:35.954 t2058D188E2027FFF5000
 20:51:36.054 t20083E380A3E0048CA00
 20:51:36.054 t20185D8B0A0EF1F1F17B
 20:51:36.054 t20286000002AF2F900F9
 20:51:36.054 t20389D8B0A22090809FE
 20:51:36.054 t20480000000000000000
 20:51:36.054 t2058D18822027FFF5000
 20:51:36.154 t20083E3B4A3E0048CA00
 20:51:36.154 t20185D8B4A0EF1F1F17B
 20:51:36.154 t20286000402AF2F900F9
 20:51:36.155 t20389F374A220667FE00
 20:51:36.155 t20480000400000000000
 20:51:36.155 t2058D18862027FFF5000
 20:51:36.254 t20083E3E8A3E0048CA00
 20:51:36.254 t20185D8B8A0EF1F1F17B
 20:51:36.254 t20286000802AF2F900F9
 20:51:36.255 t20389FBF8A220837F9FF
 20:51:36.255 t20480000800000000000
 20:51:36.255 t2058D188A2027FFF5000
 20:51:36.354 t20083E41CA3E0048CA00
 20:51:36.354 t20185D8BCA0EF1F1F17B
 20:51:36.354 t20286000C02AF2F900F9
 20:51:36.355 t203880ADCA2203A805FE
 20:51:36.355 t20480000C00000000000
 20:51:36.355 t2058D188E2027FFF5000
 20:51:36.454 t20083E430A3E0048CA00
 20:51:36.454 t20185D8B0A0EF1F1F17B
 20:51:36.454 t20286000002AF2F900F9
 20:51:36.454 t20389D8B0A22090809FE
 20:51:36.454 t20480000000000000000
 20:51:36.454 t2058D18822027FFF5000
 20:51:36.554 t20083E464A3E0048CA00
 20:51:36.554 t20185D8B4A0EF1F1F17B
 20:51:36.554 t20286000402AF2F900F9
 20:51:36.554 t20389F374A220667FE00
 20:51:36.554 t20480000400000000000
 20:51:36.554 t2058D18862027FFF5000
 20:51:36.654 t20083E498A3E0048CA00
 20:51:36.654 t20185D8B8A0EF1F1F17B
 20:51:36.654 t20286000802AF2F900F9
 20:51:36.654 t20389FBF8A220837F9FF
 20:51:36.655 t20480000800000000000
 20:51:36.655 t2058D188A2027FFF5000
 20:51:36.754 t20083E4CCA3E0048CA00
 20:51:36.754 t20185D8BCA0EF1F1F17B
 20:51:36.754 t20286000C02AF2F900F9
 20:51:36.754 t203880ADCA2203A805FE
 20:51:36.755 t20480000C00000000000
 20:51:36.755 t2058D188E2027FFF5000
 20:51:36.854 t20083E4E0A3E0048CA00
 20:51:36.854 t20185D8B0A0EF1F1F17B
 20:51:36.854 t20286000002AF2F900F9
 20:51:36.854 t20389D8B0A22090809FE
 20:51:36.855 t20480000000000000000
 20:51:36.855 t2058D18822027FFF5000
 20:51:36.954 t20083E514A3E0048CA00
 20:51:36.954 t20185D8B4A0EF1F1F17B
 20:51:36.954 t20286000402AF2F900F9
 20:51:36.954 t20389F374A220667FE00
 20:51:36.955 t20480000400000000000
 20:51:36.955 t2058D18862027FFF5000
 20:51:37.054 t20083E548A3E0048CA00
 20:51:37.054 t20185D8B8A0EF1F1F17B
 20:51:37.054 t20286000802AF2F900F9
 20:51:37.054 t20389FBF8A220837F9FF
 20:51:37.054 t20480000800000000000
 20:51:37.055 t2058D188A2027FFF5000
 20:51:37.153 t20083E57CA3E0048CA00
 20:51:37.154 t20185D8BCA0EF1F1F17B
 20:51:37.154 t20286000C02AF2F900F9
 20:51:37.154 t203880ADCA2203A805FE
 20:51:37.154 t20480000C00000000000
 20:51:37.154 t2058D188E2027FFF5000
 20:51:37.253 t20083E5A0A3E0048CA00
 20:51:37.253 t20185D8B0A0EF1F1F17B
 20:51:37.254 t20286000002AF2F900F9
 20:51:37.254 t20389D8B0A22090809FE
 20:51:37.254 t20480000000000000000
 20:51:37.254 t2058D18822027FFF5000
 20:51:37.354 t20083E5C4A3E0048CA00
 20:51:37.354 t20185D8B4A0EF1F1F17B
 20:51:37.354 t20286000402AF2F900F9
 20:51:37.354 t20389F374A220667FE00
 20:51:37.354 t20480000400000000000
 20:51:37.355 t2058D18862027FFF5000
 20:51:37.454 t20083E5F8A3E0048CA00
 20:51:37.455 t20185D8B8A0EF1F1F17B
 20:51:37.455 t20286000802AF2F900F9
 20:51:37.455 t20389FBF8A220837F9FF
 20:51:37.455 t20480000800000000000
 20:51:37.455 t2058D188A2027FFF5000
 20:51:37.555 t20083E62CA3E0048CA00
 20:51:37.555 t20185D8BCA0EF1F1F17B
 20:51:37.555 t20286000C02AF2F900F9
 20:51:37.555 t203880ADCA2203A805FE
 20:51:37.555 t20480000C00000000000
 20:51:37.556 t2058D188E2027FFF5000
 20:51:37.654 t20083E650A3E0048CA00
 20:51:37.655 t20185D8B0A0EF1F1F17B
 20:51:37.655 t20286000002AF2F900F9
 20:51:37.655 t20389D8B0A22090809FE
 20:51:37.655 t20480000000000000000
 20:51:37.655 t2058D18822027FFF5000
 20:51:37.754 t20083E674A3E0048CA00
 20:51:37.755 t20185D8B4A0EF1F1F17B
 20:51:37.755 t20286000402AF2F900F9
 20:51:37.755 t20389F374A220667FE00
 20:51:37.755 t20480000400000000000
 20:51:37.755 t2058D18862027FFF5000
 20:51:37.854 t20083E6A8A3E0048CA00
 20:51:37.854 t20185D8B8A0EF1F1F17B
 20:51:37.854 t20286000802AF2F900F9
 20:51:37.855 t20389FBF8A220837F9FF
 20:51:37.855 t20480000800000000000
 20:51:37.855 t2058D188A2027FFF5000
 20:51:37.954 t20083E6DCA3E0048CA00
 20:51:37.955 t20185D8BCA0EF1F1F17B
 20:51:37.955 t20286000C02AF2F900F9
 20:51:37.955 t203880ADCA2203A805FE
 20:51:37.955 t20480000C00000000000
 20:51:37.955 t2058D188E2027FFF5000
 20:51:38.054 t20083E700A3E0048CA00
 20:51:38.055 t20185D8B0A0EF1F1F17B
 20:51:38.055 t20286000002AF2F900F9
 20:51:38.055 t20389D8B0A22090809FE
 20:51:38.056 t20480000000000000000
 20:51:38.056 t2058D18822027FFF5000
 20:51:38.154 t20083E734A3E0048CA00
 20:51:38.154 t20185D8B4A0EF1F1F17B
 20:51:38.155 t20286000402AF2F900F9
 20:51:38.155 t20389F374A220667FE00
 20:51:38.155 t20480000400000000000
 20:51:38.155 t2058D18862027FFF5000
 20:51:38.254 t20083E758A3E0048CA00
 20:51:38.255 t20185D8B8A0EF1F1F17B
 20:51:38.255 t20286000802AF2F900F9
 20:51:38.255 t20389FBF8A220837F9FF
 20:51:38.255 t20480000800000000000
 20:51:38.255 t2058D188A2027FFF5000
 20:51:38.354 t20083E78CA3E0048CA00
 20:51:38.355 t20185D8BCA0EF1F1F17B
 20:51:38.355 t20286000C02AF2F900F9
 20:51:38.355 t203880ADCA2203A805FE
 20:51:38.355 t20480000C00000000000
 20:51:38.355 t2058D188E2027FFF5000
 20:51:38.454 t20083E7B0A3E0048CA00
 20:51:38.454 t20185D8B0A0EF1F1F17B
 20:51:38.454 t20286000002AF2F900F9
 20:51:38.454 t20389D8B0A22090809FE
 20:51:38.454 t20480000000000000000
 20:51:38.455 t2058D18822027FFF5000
 20:51:38.554 t20083E7E4A3E0048CA00
 20:51:38.554 t20185D8B4A0EF1F1F17B
 20:51:38.554 t20286000402AF2F900F9
 20:51:38.554 t20389F374A220667FE00
 20:51:38.554 t20480000400000000000
 20:51:38.555 t2058D18862027FFF5000
 20:51:38.654 t20083E808A3E0048CA00
 20:51:38.654 t20185D8B8A0EF1F1F17B
 20:51:38.655 t20286000802AF2F900F9
 20:51:38.655 t20389FBF8A220837F9FF
 20:51:38.655 t20480000800000000000
 20:51:38.655 t2058D188A2027FFF5000
 20:51:38.754 t20083E83CA3E0048CA00
 20:51:38.754 t20185D8BCA0EF1F1F17B
 20:51:38.754 t20286000C02AF2F900F9
 20:51:38.754 t203880ADCA2203A805FE
 20:51:38.754 t20480000C00000000000
 20:51:38.755 t2058D188E2027FFF5000
 20:51:38.854 t20083E860A3E0048CA00
 20:51:38.854 t20185D8B0A0EF1F1F17B
 20:51:38.855 t20286000002AF2F900F9
 20:51:38.855 t20389D8B0A22090809FE
 20:51:38.855 t20480000000000000000
 20:51:38.855 t2058D18822027FFF5000
 20:51:38.954 t20083E894A3E0048CA00
 20:51:38.954 t20185D8B4A0EF1F1F17B
 20:51:38.955 t20286000402AF2F900F9
 20:51:38.955 t20389F374A220667FE00
 20:51:38.955 t20480000400000000000
 20:51:38.955 t2058D18862027FFF5000
 20:51:39.054 t20083E8C8A3E0048CA00
 20:51:39.054 t20185D8B8A0EF1F1F17B
 20:51:39.055 t20286000802AF2F900F9
 20:51:39.055 t20389FBF8A220837F9FF
 20:51:39.055 t20480000800000000000
 20:51:39.055 t2058D188A2027FFF5000
 20:51:39.154 t20083E8ECA3E0048CA00
 20:51:39.154 t20185D8BCA0EF1F1F17B
 20:51:39.154 t20286000C02AF2F900F9
 20:51:39.154 t203880ADCA2203A805FE
 20:51:39.154 t20480000C00000000000
 20:51:39.154 t2058D188E2027FFF5000
 20:51:39.254 t20083E910A3E0048CA00
 20:51:39.254 t20185D8B0A0EF1F1F17B
 20:51:39.254 t20286000002AF2F900F9
 20:51:39.254 t20389D8B0A22090809FE
 20:51:39.254 t20480000000000000000
 20:51:39.254 t2058D18822027FFF5000
 20:51:39.354 t20083E944A3E0048CA00
 20:51:39.354 t20185D8B4A0EF1F1F17B
 20:51:39.354 t20286000402AF2F900F9
 20:51:39.355 t20389F374A220667FE00
 20:51:39.355 t20480000400000000000
 20:51:39.355 t2058D18862027FFF5000
 20:51:39.454 t20083E978A3E0048CA00
 20:51:39.454 t20185D8B8A0EF1F1F17B
 20:51:39.455 t20286000802AF2F900F9
 20:51:39.455 t20389FBF8A220837F9FF
 20:51:39.455 t20480000800000000000
 20:51:39.455 t2058D188A2027FFF5000
 20:51:39.554 t20083E99CA3E0048CA00
 20:51:39.554 t20185D8BCA0EF1F1F17B
 20:51:39.554 t20286000C02AF2F900F9
 20:51:39.554 t203880ADCA2203A805FE
 20:51:39.554 t20480000C00000000000
 20:51:39.554 t2058D188E2027FFF5000
 20:51:39.654 t20083E9C0A3E0048CA00
 20:51:39.654 t20185D8B0A0EF1F1F17B
 20:51:39.654 t20286000002AF2F900F9
 20:51:39.654 t20389D8B0A22090809FE
 20:51:39.654 t20480000000000000000
 20:51:39.654 t2058D18822027FFF5000
 20:51:39.754 t20083E9F4A3E0048CA00
 20:51:39.754 t20185D8B4A0EF1F1F17B
 20:51:39.754 t20286000402AF2F900F9
 20:51:39.754 t20389F374A220667FE00
 20:51:39.754 t20480000400000000000
 20:51:39.754 t2058D18862027FFF5000
 20:51:39.854 t20083EA28A3E0048CA00
 20:51:39.854 t20185D8B8A0EF1F1F17B
 20:51:39.854 t20286000802AF2F900F9
 20:51:39.854 t20389FBF8A220837F9FF
 20:51:39.854 t20480000800000000000
 20:51:39.854 t2058D188A2027FFF5000
 20:51:39.954 t20083EA5CA3E0048CA00
 20:51:39.954 t20185D8BCA0EF1F1F17B
 20:51:39.954 t20286000C02AF2F900F9
 20:51:39.954 t20388208CA201027FE00
 20:51:39.954 t20480000C00000000000
 20:51:39.954 t2058D188E2027FFF5000
 20:51:40.054 t20083EA70A3E0048CA00
 20:51:40.054 t20185D8B0A0EF1F1F17B
 20:51:40.054 t20286000002AF2F900F9
 20:51:40.054 t20389F370A220667FE00
 20:51:40.054 t20480000000000000000
 20:51:40.054 t2058D18822027FFF5000
 20:51:40.154 t20083EAA4A3E0048CA00
 20:51:40.154 t20185D8B4A0EF1F1F17B
 20:51:40.154 t20286000402AF2F900F9
 20:51:40.154 t20389FBF4A220837F9FF
 20:51:40.155 t20480000400000000000
 20:51:40.155 t2058D18862027FFF5000
 20:51:40.254 t20083EAD8A3E0048CA00
 20:51:40.254 t20185D8B8A0EF1F1F17B
 20:51:40.254 t20286000802AF2F900F9
 20:51:40.255 t203880AD8A2203A805FE
 20:51:40.255 t20480000800000000000
 20:51:40.255 t2058D188A2027FFF5000
 20:51:40.354 t20083EB0CA3E0048CA00
 20:51:40.354 t20185D8BCA0EF1F1F17B
 20:51:40.354 t20286000C02AF2F900F9
 20:51:40.355 t20388208CA221027FE00
 20:51:40.355 t20480000C00000000000
 20:51:40.355 t2058D188E2027FFF5000
 20:51:40.454 t20083EB30A3E0048CA00
 20:51:40.454 t20185D8B0A0EF1F1F17B
 20:51:40.454 t20286000002AF2F900F9
 20:51:40.455 t20389F370A220667FE00
 20:51:40.455 t20480000000000000000
 20:51:40.455 t2058D18822027FFF5000
 20:51:40.554 t20083EB54A3E0048CA00
 20:51:40.554 t20185D8B4A0EF1F1F17B
 20:51:40.554 t20286000402AF2F900F9
 20:51:40.554 t20389FBF4A220837F9FF
 20:51:40.554 t20480000400000000000
 20:51:40.554 t2058D18862027FFF5000
 20:51:40.653 t20083EB88A3E0048CA00
 20:51:40.654 t20185D8B8A0EF1F1F17B
 20:51:40.654 t20286000802AF2F900F9
 20:51:40.654 t203880AD8A2203A805FE
 20:51:40.654 t20480000800000000000
 20:51:40.654 t2058D188A2027FFF5000
 20:51:40.754 t20083EBBCA3E0048CA00
 20:51:40.754 t20185D8BCA0EF1F1F17B
 20:51:40.754 t20286000C02AF2F900F9
 20:51:40.754 t20388208CA221027FE00
 20:51:40.755 t20480000C00000000000
 20:51:40.755 t2058D188E2027FFF5000
 20:51:40.854 t20083EBE0A3E0048CA00
 20:51:40.854 t20185D8B0A0EF1F1F17B
 20:51:40.854 t20286000002AF2F900F9
 20:51:40.854 t20389F370A220667FE00
 20:51:40.855 t20480000000000000000
 20:51:40.855 t2058D18822027FFF5000
 20:51:40.954 t20083EC04A3E0048CA00
 20:51:40.954 t20185D8B4A0EF1F1F17B
 20:51:40.954 t20286000402AF2F900F9
 20:51:40.954 t20389FBF4A220837F9FF
 20:51:40.954 t20480000400000000000
 20:51:40.955 t2058D18862027FFF5000
 20:51:41.054 t20083EC38A3E0048CA00
 20:51:41.054 t20185D8B8A0EF1F1F17B
 20:51:41.054 t20286000802AF2F900F9
 20:51:41.054 t203880AD8A2203A805FE
 20:51:41.054 t20480000800000000000
 20:51:41.055 t2058D188A2027FFF5000
 20:51:41.153 t20083EC6CA3E0048CA00
 20:51:41.154 t20185D8BCA0EF1F1F17B
 20:51:41.154 t20286000C02AF2F900F9
 20:51:41.154 t20388208CA221027FE00
 20:51:41.154 t20480000C00000000000
 20:51:41.155 t2058D188E2027FFF5000
 20:51:41.253 t20083EC90A3E0048CA00
 20:51:41.253 t20185D8B0A0EF1F1F17B
 20:51:41.254 t20286000002AF2F900F9
 20:51:41.254 t20389F370A220667FE00
 20:51:41.254 t20480000000000000000
 20:51:41.254 t2058D18822027FFF5000
 20:51:41.353 t20083ECC4A3E0048CA00
 20:51:41.354 t20185D8B4A0EF1F1F17B
 20:51:41.354 t20286000402AF2F900F9
 20:51:41.354 t20389FBF4A220837F9FF
 20:51:41.354 t20480000400000000000
 20:51:41.354 t2058D18862027FFF5000
 20:51:41.454 t20083ECE8A3E0048CA00
 20:51:41.454 t20185D8B8A0EF1F1F17B
 20:51:41.454 t20286000802AF2F900F9
 20:51:41.454 t203880AD8A2203A805FE
 20:51:41.454 t20480000800000000000
 20:51:41.455 t2058D188A2027FFF5000
 20:51:41.554 t20083ED1CA3E0048CA00
 20:51:41.555 t20185D8BCA0EF1F1F17B
 20:51:41.555 t20286000C02AF2F900F9
 20:51:41.555 t20388208CA221027FE00
 20:51:41.555 t20480000C00000000000
 20:51:41.556 t2058D188E2027FFF5000
 20:51:41.654 t20083ED40A3E0048CA00
 20:51:41.655 t20185D8B0A0EF1F1F17B
 20:51:41.655 t20286000002AF2F900F9
 20:51:41.655 t20389F370A220667FE00
 20:51:41.655 t20480000000000000000
 20:51:41.655 t2058D18822027FFF5000
 20:51:41.754 t20083ED74A3E0048CA00
 20:51:41.755 t20185D8B4A0EF1F1F17B
 20:51:41.755 t20286000402AF2F900F9
 20:51:41.755 t20389FBF4A220837F9FF
 20:51:41.755 t20480000400000000000
 20:51:41.755 t2058D18862027FFF5000
 20:51:41.854 t20083ED98A3E0048CA00
 20:51:41.854 t20185D8B8A0EF1F1F17B
 20:51:41.854 t20286000802AF2F900F9
 20:51:41.854 t203880AD8A2203A805FE
 20:51:41.855 t20480000800000000000
 20:51:41.855 t2058D188A2027FFF5000
 20:51:41.954 t20083EDCCA3E0048CA00
 20:51:41.954 t20185D8BCA0EF1F1F17B
 20:51:41.954 t20286000C02AF2F900F9
 20:51:41.954 t20388208CA221027FE00
 20:51:41.955 t20480000C00000000000
 20:51:41.955 t2058D188E2027FFF5000
 20:51:42.054 t20083EDF0A3E0048CA00
 20:51:42.054 t20185D8B0A0EF1F1F17B
 20:51:42.054 t20286000002AF2F900F9
 20:51:42.055 t20389F370A220667FE00
 20:51:42.055 t20480000000000000000
 20:51:42.055 t2058D18822027FFF5000
 20:51:42.154 t20083EE24A3E0048CA00
 20:51:42.155 t20185D8B4A0EF1F1F17B
 20:51:42.155 t20286000402AF2F900F9
 20:51:42.155 t20389FBF4A220837F9FF
 20:51:42.155 t20480000400000000000
 20:51:42.155 t2058D18862027FFF5000
 20:51:42.254 t20083EE58A3E0048CA00
 20:51:42.254 t20185D8B8A0EF1F1F17B
 20:51:42.255 t20286000802AF2F900F9
 20:51:42.255 t203880AD8A2203A805FE
 20:51:42.255 t20480000800000000000
 20:51:42.255 t2058D188A2027FFF5000
 20:51:42.354 t20083EE7CA3E0048CA00
 20:51:42.355 t20185D8BCA0EF1F1F17B
 20:51:42.355 t20286000C02AF2F900F9
 20:51:42.355 t20388208CA221027FE00
 20:51:42.355 t20480000C00000000000
 20:51:42.355 t2058D188E2027FFF5000
 20:51:42.454 t20083EEA0A3E0048CA00
 20:51:42.454 t20185D8B0A0EF1F1F17B
 20:51:42.455 t20286000002AF2F900F9
 20:51:42.455 t20389F370A220667FE00
 20:51:42.455 t20480000000000000000
 20:51:42.455 t2058D18822027FFF5000
 20:51:42.554 t20083EED4A3E0048CA00
 20:51:42.554 t20185D8B4A0EF1F1F17B
 20:51:42.554 t20286000402AF2F900F9
 20:51:42.554 t20389FBF4A220837F9FF
 20:51:42.554 t20480000400000000000
 20:51:42.555 t2058D18862027FFF5000
 20:51:42.654 t20083EF08A3E0048CA00
 20:51:42.654 t20185D8B8A0EF1F1F17B
 20:51:42.654 t20286000802AF2F900F9
 20:51:42.654 t203880AD8A2203A805FE
 20:51:42.654 t20480000800000000000
 20:51:42.655 t2058D188A2027FFF5000
 20:51:42.754 t20083EF2CA3E0048CA00
 20:51:42.754 t20185D8BCA0EF1F1F17B
 20:51:42.755 t20286000C02AF2F900F9
 20:51:42.755 t20388208CA221027FE00
 20:51:42.755 t20480000C00000000000
 20:51:42.755 t2058D188E2027FFF5000
 20:51:42.854 t20083EF50A3E0048CA00
 20:51:42.854 t20185D8B0A0EF1F1F17B
 20:51:42.855 t20286000002AF2F900F9
 20:51:42.855 t20389F370A220667FE00
 20:51:42.855 t20480000000000000000
 20:51:42.855 t2058D18822027FFF5000
 20:51:42.954 t20083EF84A3E0048CA00
 20:51:42.954 t20185D8B4A0EF1F1F17B
 20:51:42.954 t20286000402AF2F900F9
 20:51:42.955 t20389FBF4A220837F9FF
 20:51:42.955 t20480000400000000000
 20:51:42.955 t2058D18862027FFF5000
 20:51:43.054 t20083EFB8A3E0048CA00
 20:51:43.054 t20185D8B8A0EF1F1F17B
 20:51:43.055 t20286000802AF2F900F9
 20:51:43.055 t203880AD8A2203A805FE
 20:51:43.055 t20480000800000000000
 20:51:43.055 t2058D188A2027FFF5000
 20:51:43.154 t20083EFECA3E0048CA00
 20:51:43.154 t20185D8BCA0EF1F1F17B
 20:51:43.154 t20286000C02AF2F900F9
 20:51:43.155 t20388208CA221027FE00
 20:51:43.155 t20480000C00000000000
 20:51:43.155 t2058D188E2027FFF5000
 20:51:43.254 t20083F000A3E0048CA00
 20:51:43.254 t20185D8B0A0EF1F1F17B
 20:51:43.254 t20286000002AF2F900F9
 20:51:43.254 t20389F370A220667FE00
 20:51:43.254 t20480000000000000000
 20:51:43.254 t2058D18822027FFF5000
 20:51:43.354 t20083F034A3E0048CA00
 20:51:43.354 t20185D8B4A0EF1F1F17B
 20:51:43.354 t20286000402AF2F900F9
 20:51:43.354 t20389FBF4A220837F9FF
 20:51:43.354 t20480000400000000000
 20:51:43.354 t2058D18862027FFF5000
 20:51:43.454 t20083F068A3E0048CA00
 20:51:43.454 t20185D8B8A0EF1F1F17B
 20:51:43.455 t20286000802AF2F900F9
 20:51:43.455 t203880AD8A2203A805FE
 20:51:43.455 t20480000800000000000
 20:51:43.455 t2058D188A2027FFF5000
 20:51:43.554 t20083F09CA3E0048CA00
 20:51:43.554 t20185D8BCA0EF1F1F17B
 20:51:43.554 t20286000C02AF2F900F9
 20:51:43.555 t20388208CA221027FE00
 20:51:43.555 t20480000C00000000000
 20:51:43.555 t2058D188E2027FFF5000
 20:51:43.654 t20083F0B0A3E0048CA00
 20:51:43.654 t20185D8B0A0EF1F1F17B
 20:51:43.654 t20286000002AF2F900F9
 20:51:43.655 t20389F370A220667FE00
 20:51:43.655 t20480000000000000000
 20:51:43.655 t2058D18822027FFF5000
 20:51:43.754 t20083F0E4A3E0048CA00
 20:51:43.754 t20185D8B4A0EF1F1F17B
 20:51:43.754 t20286000402AF2F900F9
 20:51:43.755 t20389FBF4A220837F9FF
 20:51:43.755 t20480000400000000000
 20:51:43.756 t2058D18862027FFF5000
 20:51:43.854 t20083F118A3E0048CA00
 20:51:43.854 t20185D8B8A0EF1F1F17B
 20:51:43.854 t20286000802AF2F900F9
 20:51:43.854 t203880AD8A2203A805FE
 20:51:43.855 t20480000800000000000
 20:51:43.855 t2058D188A2027FFF5000
 20:51:43.954 t20083F14CA3E0048CA00
 20:51:43.954 t20185D8BCA0EF1F1F17B
 20:51:43.954 t20286000C02AF2F900F9
 20:51:43.954 t20388208CA221027FE00
 20:51:43.954 t20480000C00000000000
 20:51:43.954 t2058D188E2027FFF5000
 20:51:44.054 t20083F170A3E0048CA00
 20:51:44.054 t20185D8B0A0EF1F1F17B
 20:51:44.054 t20286000002AF2F900F9
 20:51:44.054 t20389F370A220667FE00
 20:51:44.055 t20480000000000000000
 20:51:44.055 t2058D18822027FFF5000
 20:51:44.154 t20083F194A3E0048CA00
 20:51:44.154 t20185D8B4A0EF1F1F17B
 20:51:44.154 t20286000402AF2F900F9
 20:51:44.154 t20389FBF4A220837F9FF
 20:51:44.155 t20480000400000000000
 20:51:44.155 t2058D18862027FFF5000
 20:51:44.254 t20083F1C8A3E0048CA00
 20:51:44.254 t20185D8B8A0EF1F1F17B
 20:51:44.254 t20286000802AF2F900F9
 20:51:44.255 t203880AD8A2203A805FE
 20:51:44.255 t20480000800000000000
 20:51:44.255 t2058D188A2027FFF5000
 20:51:44.354 t20083F1FCA3E0048CA00
 20:51:44.354 t20185D8BCA0EF1F1F17B
 20:51:44.354 t20286000C02AF2F900F9
 20:51:44.354 t20388208CA221027FE00
 20:51:44.355 t20480000C00000000000
 20:51:44.355 t2058D188E2027FFF5000
 20:51:44.454 t20083F220A3E0048CA00
 20:51:44.454 t20185D8B0A0EF1F1F17B
 20:51:44.454 t20286000002AF2F900F9
 20:51:44.454 t20389F370A220667FE00
 20:51:44.455 t20480000000000000000
 20:51:44.455 t2058D18822027FFF5000
 20:51:44.553 t20083F244A3E0048CA00
 20:51:44.554 t20185D8B4A0EF1F1F17B
 20:51:44.554 t20286000402AF2F900F9
 20:51:44.554 t20389FBF4A220837F9FF
 20:51:44.554 t20480000400000000000
 20:51:44.554 t2058D18862027FFF5000
 20:51:44.653 t20083F278A3E0048CA00
 20:51:44.654 t20185D8B8A0EF1F1F17B
 20:51:44.654 t20286000802AF2F900F9
 20:51:44.654 t203880AD8A2203A805FE
 20:51:44.654 t20480000800000000000
 20:51:44.654 t2058D188A2027FFF5000
 20:51:44.753 t20083F2ACA3E0048CA00
 20:51:44.754 t20185D8BCA0EF1F1F17B
 20:51:44.754 t20286000C02AF2F900F9
 20:51:44.754 t20388208CA221027FE00
 20:51:44.754 t20480000C00000000000
 20:51:44.754 t2058D188E2027FFF5000
 20:51:44.854 t20083F2D0A3E0048CA00
 20:51:44.854 t20185D8B0A0EF1F1F17B
 20:51:44.854 t20286000002AF2F900F9
 20:51:44.854 t20389F370A220667FE00
 20:51:44.855 t20480000000000000000
 20:51:44.855 t2058D18822027FFF5000
 20:51:44.954 t20083F304A3E0048CA00
 20:51:44.954 t20185D8B4A0EF1F1F17B
 20:51:44.954 t20286000402AF2F900F9
 20:51:44.954 t20389FBF4A220837F9FF
 20:51:44.954 t20480000400000000000
 20:51:44.955 t2058D18862027FFF5000
 20:51:45.054 t20083F328A3E0048CA00
 20:51:45.054 t20185D8B8A0EF1F1F17B
 20:51:45.054 t20286000802AF2F900F9
 20:51:45.054 t203880AD8A2203A805FE
 20:51:45.054 t20480000800000000000
 20:51:45.055 t2058D188A2027FFF5000
 20:51:45.153 t20083F35CA3E0048CA00
 20:51:45.154 t20185D8BCA0EF1F1F17B
 20:51:45.154 t20286000C02AF2F900F9
 20:51:45.154 t20388208CA221027FE00
 20:51:45.154 t20480000C00000000000
 20:51:45.155 t2058D188E2027FFF5000
 20:51:45.253 t20083F380A3E0048CA00
 20:51:45.253 t20185D8B0A0EF1F1F17B
 20:51:45.253 t20286000002AF2F900F9
 20:51:45.254 t20389F370A220667FE00
 20:51:45.254 t20480000000000000000
 20:51:45.254 t2058D18822027FFF5000
 20:51:45.353 t20083F3B4A3E0048CA00
 20:51:45.353 t20185D8B4A0EF1F1F17B
 20:51:45.353 t20286000402AF2F900F9
 20:51:45.354 t20389FBF4A220837F9FF
 20:51:45.354 t20480000400000000000
 20:51:45.354 t2058D18862027FFF5000
 20:51:45.453 t20083F3D8A3E0048CA00
 20:51:45.454 t20185D8B8A0EF1F1F17B
 20:51:45.454 t20286000802AF2F900F9
 20:51:45.454 t203880AD8A2203A805FE
 20:51:45.454 t20480000800000000000
 20:51:45.454 t2058D188A2027FFF5000
 20:51:45.554 t20083F40CA3E0048CA00
 20:51:45.554 t20185D8BCA0EF1F1F17B
 20:51:45.555 t20286000C02AF2F900F9
 20:51:45.555 t20388208CA221027FE00
 20:51:45.555 t20480000C00000000000
 20:51:45.555 t2058D188E2027FFF5000
 20:51:45.654 t20083F430A3E0048CA00
 20:51:45.655 t20185D8B0A0EF1F1F17B
 20:51:45.655 t20286000002AF2F900F9
 20:51:45.655 t20389F370A220667FE00
 20:51:45.655 t20480000000000000000
 20:51:45.655 t2058D18822027FFF5000
 20:51:45.754 t20083F464A3E0048CA00
 20:51:45.754 t20185D8B4A0EF1F1F17B
 20:51:45.755 t20286000402AF2F900F9
 20:51:45.755 t20389FBF4A220837F9FF
 20:51:45.755 t20480000400000000000
 20:51:45.755 t2058D18862027FFF5000
 20:51:45.854 t20083F498A3E0048CA00
 20:51:45.854 t20185D8B8A0EF1F1F17B
 20:51:45.854 t20286000802AF2F900F9
 20:51:45.854 t203880AD8A2203A805FE
 20:51:45.855 t20480000800000000000
 20:51:45.855 t2058D188A2027FFF5000
 20:51:45.954 t20083F4BCA3E0048CA00
 20:51:45.954 t20185D8BCA0EF1F1F17B
 20:51:45.954 t20286000C02AF2F900F9
 20:51:45.954 t20388208CA221027FE00
 20:51:45.955 t20480000C00000000000
 20:51:45.955 t2058D188E2027FFF5000
 20:51:46.054 t20083F4E0A3E0048CA00
 20:51:46.055 t20185D8B0A0EF1F1F17B
 20:51:46.055 t20286000002AF2F900F9
 20:51:46.055 t20389F370A220667FE00
 20:51:46.055 t20480000000000000000
 20:51:46.055 t2058D18822027FFF5000
 20:51:46.154 t20083F514A3E0048CA00
 20:51:46.154 t20185D8B4A0EF1F1F17B
 20:51:46.155 t20286000402AF2F900F9
 20:51:46.155 t20389FBF4A220837F9FF
 20:51:46.155 t20480000400000000000
 20:51:46.155 t2058D18862027FFF5000
 20:51:46.254 t20083F548A3E0048CA00
 20:51:46.254 t20185D8B8A0EF1F1F17B
 20:51:46.255 t20286000802AF2F900F9
 20:51:46.255 t203880AD8A2203A805FE
 20:51:46.255 t20480000800000000000
 20:51:46.255 t2058D188A2027FFF5000
 20:51:46.354 t20083F56CA3E0048CA00
 20:51:46.354 t20185D8BCA0EF1F1F17B
 20:51:46.354 t20286000C02AF2F900F9
 20:51:46.354 t20388208CA221027FE00
 20:51:46.354 t20480000C00000000000
 20:51:46.355 t2058D188E2027FFF5000
 20:51:46.454 t20083F590A3E0048CA00
 20:51:46.454 t20185D8B0A0EF1F1F17B
 20:51:46.455 t20286000002AF2F900F9
 20:51:46.455 t20389F370A220667FE00
 20:51:46.455 t20480000000000000000
 20:51:46.455 t2058D18822027FFF5000
 20:51:46.554 t20083F5C4A3E0048CA00
 20:51:46.554 t20185D8B4A0EF1F1F17B
 20:51:46.554 t20286000402AF2F900F9
 20:51:46.554 t20389FBF4A220837F9FF
 20:51:46.554 t20480000400000000000
 20:51:46.554 t2058D18862027FFF5000
 20:51:46.654 t20083F5F8A3E0048CA00
 20:51:46.654 t20185D8B8A0EF1F1F17B
 20:51:46.654 t20286000802AF2F900F9
 20:51:46.654 t203880AD8A2203A805FE
 20:51:46.654 t20480000800000000000
 20:51:46.654 t2058D188A2027FFF5000
 20:51:46.754 t20083F62CA3E0048CA00
 20:51:46.754 t20185D8BCA0EF1F1F17B
 20:51:46.755 t20286000C02AF2F900F9
 20:51:46.755 t20388208CA221027FE00
 20:51:46.755 t20480000C00000000000
 20:51:46.755 t2058D188E2027FFF5000
 20:51:46.854 t20083F640A3E0048CA00
 20:51:46.854 t20185D8B0A0EF1F1F17B
 20:51:46.854 t20286000002AF2F900F9
 20:51:46.854 t20389F370A220667FE00
 20:51:46.854 t20480000000000000000
 20:51:46.855 t2058D18822027FFF5000
 20:51:46.954 t20083F674A3E0048CA00
 20:51:46.954 t20185D8B4A0EF1F1F17B
 20:51:46.954 t20286000402AF2F900F9
 20:51:46.955 t20389FBF4A220837F9FF
 20:51:46.955 t20480000400000000000
 20:51:46.955 t2058D18862027FFF5000
 20:51:47.054 t20083F6A8A3E0048CA00
 20:51:47.054 t20185D8B8A0EF1F1F17B
 20:51:47.055 t20286000802AF2F900F9
 20:51:47.055 t203880AD8A2203A805FE
 20:51:47.055 t20480000800000000000
 20:51:47.055 t2058D188A2027FFF5000
 20:51:47.154 t20083F6DCA3E0048CA00
 20:51:47.154 t20185D8BCA0EF1F1F17B
 20:51:47.154 t20286000C02AF2F900F9
 20:51:47.154 t20388208CA221027FE00
 20:51:47.155 t20480000C00000000000
 20:51:47.155 t2058D188E2027FFF5000
 20:51:47.254 t20083F6F0A3E0048CA00
 20:51:47.254 t20185D8B0A0EF1F1F17B
 20:51:47.254 t20286000002AF2F900F9
 20:51:47.254 t20389F370A220667FE00
 20:51:47.254 t20480000000000000000
 20:51:47.254 t2058D18822027FFF5000
 20:51:47.354 t20083F724A3E0048CA00
 20:51:47.354 t20185D8B4A0EF1F1F17B
 20:51:47.354 t20286000402AF2F900F9
 20:51:47.354 t20389FBF4A220837F9FF
 20:51:47.355 t20480000400000000000
 20:51:47.355 t2058D18862027FFF5000
 20:51:47.454 t20083F758A3E0048CA00
 20:51:47.454 t20185D8B8A0EF1F1F17B
 20:51:47.454 t20286000802AF2F900F9
 20:51:47.454 t203880AD8A2203A805FE
 20:51:47.454 t20480000800000000000
 20:51:47.454 t2058D188A2027FFF5000
 20:51:47.554 t20083F78CA3E0048CA00
 20:51:47.554 t20185D8BCA0EF1F1F17B
 20:51:47.554 t20286000C02AF2F900F9
 20:51:47.555 t20388208CA221027FE00
 20:51:47.555 t20480000C00000000000
 20:51:47.555 t2058D188E2027FFF5000
 20:51:47.654 t20083F7B0A3E0048CA00
 20:51:47.654 t20185D8B0A0EF1F1F17B
 20:51:47.654 t20286000002AF2F900F9
 20:51:47.655 t20389F370A220667FE00
 20:51:47.655 t20480000000000000000
 20:51:47.655 t2058D18822027FFF5000
 20:51:47.754 t20083F7D4A3E0048CA00
 20:51:47.754 t20185D8B4A0EF1F1F17B
 20:51:47.754 t20286000402AF2F900F9
 20:51:47.755 t20389FBF4A220837F9FF
 20:51:47.755 t20480000400000000000
 20:51:47.755 t2058D18862027FFF5000
 20:51:47.854 t20083F808A3E0048CA00
 20:51:47.854 t20185D8B8A0EF1F1F17B
 20:51:47.854 t20286000802AF2F900F9
 20:51:47.854 t203880AD8A2203A805FE
 20:51:47.854 t20480000800000000000
 20:51:47.854 t2058D188A2027FFF5000
 20:51:47.953 t20083F83CA3E0048CA00
 20:51:47.954 t20185D8BCA0EF1F1F17B
 20:51:47.954 t20286000C02AF2F900F9
 20:51:47.954 t20388208CA221027FE00
 20:51:47.954 t20480000C00000000000
 20:51:47.954 t2058D188E2027FFF5000
 20:51:48.054 t20083F860A3E0048CA00
 20:51:48.054 t20185D8B0A0EF1F1F17B
 20:51:48.054 t20286000002AF2F900F9
 20:51:48.054 t20389F370A220667FE00
 20:51:48.055 t20480000000000000000
 20:51:48.055 t2058D18822027FFF5000
 20:51:48.154 t20083F894A3E0048CA00
 20:51:48.154 t20185D8B4A0EF1F1F17B
 20:51:48.154 t20286000402AF2F900F9
 20:51:48.154 t20389FBF4A220837F9FF
 20:51:48.154 t20480000400000000000
 20:51:48.155 t2058D18862027FFF5000
 20:51:48.254 t20083F8B8A3E0048CA00
 20:51:48.254 t20185D8B8A0EF1F1F17B
 20:51:48.254 t20286000802AF2F900F9
 20:51:48.254 t203880AD8A2203A805FE
 20:51:48.254 t20480000800000000000
 20:51:48.255 t2058D188A2027FFF5000
 20:51:48.354 t20083F8ECA3E0048CA00
 20:51:48.354 t20185D8BCA0EF1F1F17B
 20:51:48.354 t20286000C02AF2F900F9
 20:51:48.354 t20388208CA221027FE00
 20:51:48.354 t20480000C00000000000
 20:51:48.354 t2058D188E2027FFF5000
 20:51:48.454 t20083F910A3E0048CA00
 20:51:48.454 t20185D8B0A0EF1F1F17B
 20:51:48.454 t20286000002AF2F900F9
 20:51:48.454 t20389F370A220667FE00
 20:51:48.454 t20480000000000000000
 20:51:48.454 t2058D18822027FFF5000
 20:51:48.553 t20083F944A3E0048CA00
 20:51:48.553 t20185D8B4A0EF1F1F17B
 20:51:48.554 t20286000402AF2F900F9
 20:51:48.554 t20389FBF4A220837F9FF
 20:51:48.554 t20480000400000000000
 20:51:48.554 t2058D18862027FFF5000
 20:51:48.653 t20083F968A3E0048CA00
 20:51:48.653 t20185D8B8A0EF1F1F17B
 20:51:48.654 t20286000802AF2F900F9
 20:51:48.654 t203880AD8A2203A805FE
 20:51:48.654 t20480000800000000000
 20:51:48.654 t2058D188A2027FFF5000
 20:51:48.754 t20083F99CA3E0048CA00
 20:51:48.754 t20185D8BCA0EF1F1F17B
 20:51:48.754 t20286000C02AF2F900F9
 20:51:48.754 t20388208CA221027FE00
 20:51:48.754 t20480000C00000000000
 20:51:48.755 t2058D188E2027FFF5000
 20:51:48.854 t20083F9C0A3E0048CA00
 20:51:48.854 t20185D8B0A0EF1F1F17B
 20:51:48.854 t20286000002AF2F900F9
 20:51:48.854 t20389F370A220667FE00
 20:51:48.854 t20480000000000000000
 20:51:48.855 t2058D18822027FFF5000
 20:51:48.954 t20083F9E4A3E0048CA00
 20:51:48.954 t20185D8B4A0EF1F1F17B
 20:51:48.954 t20286000402AF2F900F9
 20:51:48.954 t20389FBF4A220837F9FF
 20:51:48.954 t20480000400000000000
 20:51:48.955 t2058D18862027FFF5000
 20:51:49.053 t20083FA18A3E0048CA00
 20:51:49.054 t20185D8B8A0EF1F1F17B
 20:51:49.054 t20286000802AF2F900F9
 20:51:49.054 t203880AD8A2203A805FE
 20:51:49.054 t20480000800000000000
 20:51:49.055 t2058D188A2027FFF5000
 20:51:49.153 t20083FA4CA3E0048CA00
 20:51:49.153 t20185D8BCA0EF1F1F17B
 20:51:49.153 t20286000C02AF2F900F9
 20:51:49.153 t20388208CA221027FE00
 20:51:49.154 t20480000C00000000000
 20:51:49.154 t2058D188E2027FFF5000
 20:51:49.253 t20083FA60A3E0048CA00
 20:51:49.253 t20185D8B0A0EF1F1F17B
 20:51:49.253 t20286000002AF2F900F9
 20:51:49.253 t20389F370A220667FE00
 20:51:49.254 t20480000000000000000
 20:51:49.254 t2058D18822027FFF5000
 20:51:49.354 t20083FA94A3E0048CA00
 20:51:49.355 t20185D8B4A0EF1F1F17B
 20:51:49.355 t20286000402AF2F900F9
 20:51:49.355 t20389FBF4A220837F9FF
 20:51:49.355 t20480000400000000000
 20:51:49.355 t2058D18862027FFF5000
 20:51:49.454 t20083FAC8A3E0048CA00
 20:51:49.455 t20185D8B8A0EF1F1F17B
 20:51:49.455 t20286000802AF2F900F9
 20:51:49.455 t203880AD8A2203A805FE
 20:51:49.455 t20480000800000000000
 20:51:49.455 t2058D188A2027FFF5000
 20:51:49.554 t20083FAFCA3E0048CA00
 20:51:49.554 t20185D8BCA0EF1F1F17B
 20:51:49.554 t20286000C02AF2F900F9
 20:51:49.554 t20388208CA221027FE00
 20:51:49.555 t20480000C00000000000
 20:51:49.555 t2058D188E2027FFF5000
 20:51:49.654 t20083FB10A3E0048CA00
 20:51:49.654 t20185D8B0A0EF1F1F17B
 20:51:49.654 t20286000002AF2F900F9
 20:51:49.654 t20389F370A220667FE00
 20:51:49.655 t20480000000000000000
 20:51:49.655 t2058D18822027FFF5000
 20:51:49.754 t20083FB44A3E0048CA00
 20:51:49.754 t20185D8B4A0EF1F1F17B
 20:51:49.755 t20286000402AF2F900F9
 20:51:49.755 t20389FBF4A220837F9FF
 20:51:49.755 t20480000400000000000
 20:51:49.755 t2058D18862027FFF5000
 20:51:49.854 t20083FB78A3E0048CA00
 20:51:49.854 t20185D8B8A0EF1F1F17B
 20:51:49.854 t20286000802AF2F900F9
 20:51:49.854 t203880AD8A2203A805FE
 20:51:49.854 t20480000800000000000
 20:51:49.855 t2058D188A2027FFF5000
 20:51:49.954 t20083FBACA3E0048CA00
 20:51:49.954 t20185D8BCA0EF1F1F17B
 20:51:49.954 t20286000C02AF2F900F9
 20:51:49.954 t20388208CA221027FE00
 20:51:49.954 t20480000C00000000000
 20:51:49.955 t2058D188E2027FFF5000
 20:51:50.054 t20083FBD0A3E0048CA00
 20:51:50.054 t20185D8B0A0EF1F1F17B
 20:51:50.054 t20286000002AF2F900F9
 20:51:50.054 t20389F370A220667FE00
 20:51:50.054 t20480000000000000000
 20:51:50.054 t2058D18822027FFF5000
 20:51:50.154 t20083FC04A3E0048CA00
 20:51:50.154 t20185D8B4A0EF1F1F17B
 20:51:50.154 t20286000402AF2F900F9
 20:51:50.155 t20389FBF4A220837F9FF
 20:51:50.155 t20480000400000000000
 20:51:50.155 t2058D18862027FFF5000
 20:51:50.254 t20083FC38A3E0048CA00
 20:51:50.254 t20185D8B8A0EF1F1F17B
 20:51:50.255 t20286000802AF2F900F9
 20:51:50.255 t203880AD8A2203A805FE
 20:51:50.255 t20480000800000000000
 20:51:50.255 t2058D188A2027FFF5000
 20:51:50.354 t20083FC5CA3E0048CA00
 20:51:50.354 t20185D8BCA0EF1F1F17B
 20:51:50.355 t20286000C02AF2F900F9
 20:51:50.355 t20388208CA221027FE00
 20:51:50.355 t20480000C00000000000
 20:51:50.355 t2058D188E2027FFF5000
 20:51:50.454 t20083FC80A3E0048CA00
 20:51:50.454 t20185D8B0A0EF1F1F17B
 20:51:50.455 t20286000002AF2F900F9
 20:51:50.455 t20389F370A220667FE00
 20:51:50.455 t20480000000000000000
 20:51:50.455 t2058D18822027FFF5000
 20:51:50.554 t20083FCB4A3E0048CA00
 20:51:50.554 t20185D8B4A0EF1F1F17B
 20:51:50.554 t20286000402AF2F900F9
 20:51:50.554 t20389FBF4A220837F9FF
 20:51:50.554 t20480000400000000000
 20:51:50.554 t2058D18862027FFF5000
 20:51:50.654 t20083FCE8A3E0048CA00
 20:51:50.654 t20185D8B8A0EF1F1F17B
 20:51:50.654 t20286000802AF2F900F9
 20:51:50.654 t203880AD8A2203A805FE
 20:51:50.654 t20480000800000000000
 20:51:50.654 t2058D188A2027FFF5000
 20:51:50.754 t20083FD0CA3E0048CA00
 20:51:50.754 t20185D8BCA0EF1F1F17B
 20:51:50.754 t20286000C02AF2F900F9
 20:51:50.755 t20388208CA221027FE00
 20:51:50.755 t20480000C00000000000
 20:51:50.755 t2058D188E2027FFF5000
 20:51:50.854 t20083FD30A3E0048CA00
 20:51:50.854 t20185D8B0A0EF1F1F17B
 20:51:50.854 t20286000002AF2F900F9
 20:51:50.855 t20389F370A220667FE00
 20:51:50.855 t20480000000000000000
 20:51:50.855 t2058D18822027FFF5000
 20:51:50.954 t20083FD64A3E0048CA00
 20:51:50.954 t20185D8B4A0EF1F1F17B
 20:51:50.954 t20286000402AF2F900F9
 20:51:50.955 t20389FBF4A220837F9FF
 20:51:50.955 t20480000400000000000
 20:51:50.955 t2058D18862027FFF5000
 20:51:51.054 t20083FD98A3E0048CA00
 20:51:51.054 t20185D8B8A0EF1F1F17B
 20:51:51.054 t20286000802AF2F900F9
 20:51:51.055 t203880AD8A2203A805FE
 20:51:51.055 t20480000800000000000
 20:51:51.055 t2058D188A2027FFF5000
 20:51:51.154 t20083FDCCA3E0048CA00
 20:51:51.154 t20185D8BCA0EF1F1F17B
 20:51:51.154 t20286000C02AF2F900F9
 20:51:51.155 t20388208CA221027FE00
 20:51:51.155 t20480000C00000000000
 20:51:51.155 t2058D188E2027FFF5000
 20:51:51.254 t20083FDE0A3E0048CA00
 20:51:51.254 t20185D8B0A0EF1F1F17B
 20:51:51.254 t20286000002AF2F900F9
 20:51:51.254 t20389F370A220667FE00
 20:51:51.254 t20480000000000000000
 20:51:51.254 t2058D18822027FFF5000
 20:51:51.354 t20083FE14A3E0048CA00
 20:51:51.354 t20185D8B4A0EF1F1F17B
 20:51:51.354 t20286000402AF2F900F9
 20:51:51.354 t20389FBF4A220837F9FF
 20:51:51.354 t20480000400000000000
 20:51:51.354 t2058D18862027FFF5000
 20:51:51.454 t20083FE48A3E0048CA00
 20:51:51.454 t20185D8B8A0EF1F1F17B
 20:51:51.454 t20286000802AF2F900F9
 20:51:51.454 t203880AD8A2203A805FE
 20:51:51.455 t20480000800000000000
 20:51:51.455 t2058D188A2027FFF5000
 20:51:51.554 t20083FE7CA3E0048CA00
 20:51:51.554 t20185D8BCA0EF1F1F17B
 20:51:51.554 t20286000C02AF2F900F9
 20:51:51.554 t20388208CA221027FE00
 20:51:51.554 t20480000C00000000000
 20:51:51.555 t2058D188E2027FFF5000
 20:51:51.654 t20083FE90A3E0048CA00
 20:51:51.654 t20185D8B0A0EF1F1F17B
 20:51:51.654 t20286000002AF2F900F9
 20:51:51.654 t20389F370A220667FE00
 20:51:51.654 t20480000000000000000
 20:51:51.655 t2058D18822027FFF5000
 20:51:51.754 t20083FEC4A3E0048CA00
 20:51:51.754 t20185D8B4A0EF1F1F17B
 20:51:51.755 t20286000402AF2F900F9
 20:51:51.755 t20389FBF4A220837F9FF
 20:51:51.755 t20480000400000000000
 20:51:51.755 t2058D18862027FFF5000
 20:51:51.854 t20083FEF8A3E0048CA00
 20:51:51.854 t20185D8B8A0EF1F1F17B
 20:51:51.854 t20286000802AF2F900F9
 20:51:51.854 t203880AD8A2203A805FE
 20:51:51.854 t20480000800000000000
 20:51:51.855 t2058D188A2027FFF5000
 20:51:51.953 t20083FF2CA3E0048CA00
 20:51:51.953 t20185D8BCA0EF1F1F17B
 20:51:51.954 t20286000C02AF2F900F9
 20:51:51.954 t20388208CA221027FE00
 20:51:51.954 t20480000C00000000000
 20:51:51.954 t2058D188E2027FFF5000
 20:51:52.053 t20083FF50A3E0048CA00
 20:51:52.054 t20185D8B0A0EF1F1F17B
 20:51:52.054 t20286000002AF2F900F9
 20:51:52.054 t20389F370A220667FE00
 20:51:52.054 t20480000000000000000
 20:51:52.054 t2058D18822027FFF5000
 20:51:52.154 t20083FF74A3E0048CA00
 20:51:52.154 t20185D8B4A0EF1F1F17B
 20:51:52.154 t20286000402AF2F900F9
 20:51:52.154 t20389FBF4A220837F9FF
 20:51:52.154 t20480000400000000000
 20:51:52.155 t2058D18862027FFF5000
 20:51:52.254 t20083FFA8A3E0048CA00
 20:51:52.254 t20185D8B8A0EF1F1F17B
 20:51:52.254 t20286000802AF2F900F9
 20:51:52.254 t203880AD8A2203A805FE
 20:51:52.254 t20480000800000000000
 20:51:52.255 t2058D188A2027FFF5000
 20:51:52.353 t20083FFDCA3E0048CA00
 20:51:52.354 t20185D8BCA0EF1F1F17B
 20:51:52.354 t20286000C02AF2F900F9
 20:51:52.354 t20388208CA221027FE00
 20:51:52.354 t20480000C00000000000
 20:51:52.354 t2058D188E2027FFF5000
 20:51:52.454 t200820010A3E0048CA00
 20:51:52.454 t20185D8B0A0EF1F1F17B
 20:51:52.454 t20286000002AF2F900F9
 20:51:52.454 t20389F370A220667FE00
 20:51:52.454 t20480000000000000000
 20:51:52.455 t2058D18822027FFF5000
 20:51:52.553 t200820034A3E0048CA00
 20:51:52.553 t20185D8B4A0EF1F1F17B
 20:51:52.553 t20286000402AF2F900F9
 20:51:52.554 t20389FBF4A220837F9FF
 20:51:52.554 t20480000400000000000
 20:51:52.554 t2058D18862027FFF5000
 20:51:52.653 t200820068A3E0048CA00
 20:51:52.653 t20185D8B8A0EF1F1F17B
 20:51:52.653 t20286000802AF2F900F9
 20:51:52.654 t203880AD8A2203A805FE
 20:51:52.654 t20480000800000000000
 20:51:52.654 t2058D188A2027FFF5000
 20:51:52.753 t20082009CA3E0048CA00
 20:51:52.753 t20185D8BCA0EF1F1F17B
 20:51:52.754 t20286000C02AF2F900F9
 20:51:52.754 t20388208CA221027FE00
 20:51:52.754 t20480000C00000000000
 20:51:52.754 t2058D188E2027FFF5000
 20:51:52.853 t2008200C0A3E0048CA00
 20:51:52.854 t20185D8B0A0EF1F1F17B
 20:51:52.854 t20286000002AF2F900F9
 20:51:52.854 t20389F370A220667FE00
 20:51:52.854 t20480000000000000000
 20:51:52.855 t2058D18822027FFF5000
 20:51:52.953 t2008200F4A3E0048CA00
 20:51:52.954 t20185D8B4A0EF1F1F17B
 20:51:52.954 t20286000402AF2F900F9
 20:51:52.954 t20389FBF4A220837F9FF
 20:51:52.954 t20480000400000000000
 20:51:52.954 t2058D18862027FFF5000
 20:51:53.053 t200820118A3E0048CA00
 20:51:53.053 t20185D8B8A0EF1F1F17B
 20:51:53.054 t20286000802AF2F900F9
 20:51:53.054 t203880AD8A2203A805FE
 20:51:53.054 t20480000800000000000
 20:51:53.054 t2058D188A2027FFF5000
 20:51:53.153 t20082014CA3E0048CA00
 20:51:53.153 t20185D8BCA0EF1F1F17B
 20:51:53.153 t20286000C02AF2F900F9
 20:51:53.153 t20388208CA221027FE00
 20:51:53.154 t20480000C00000000000
 20:51:53.154 t2058D188E2027FFF5000
 20:51:53.253 t200820170A3E0048CA00
 20:51:53.253 t20185D8B0A0EF1F1F17B
 20:51:53.253 t20286000002AF2F900F9
 20:51:53.253 t20389F370A220667FE00
 20:51:53.254 t20480000000000000000
 20:51:53.254 t2058D18822027FFF5000
 20:51:53.353 t2008201A4A3E0048CA00
 20:51:53.353 t20185D8B4A0EF1F1F17B
 20:51:53.353 t20286000402AF2F900F9
 20:51:53.353 t20389FBF4A220837F9FF
 20:51:53.353 t20480000400000000000
 20:51:53.354 t2058D18862027FFF5000
 20:51:53.454 t2008201C8A3E0048CA00
 20:51:53.454 t20185D8B8A0EF1F1F17B
 20:51:53.455 t20286000802AF2F900F9
 20:51:53.455 t203880AD8A2203A805FE
 20:51:53.455 t20480000800000000000
 20:51:53.455 t2058D188A2027FFF5000
 20:51:53.554 t2008201FCA3E0048CA00
 20:51:53.554 t20185D8BCA0EF1F1F17B
 20:51:53.555 t20286000C02AF2F900F9
 20:51:53.555 t20388208CA221027FE00
 20:51:53.555 t20480000C00000000000
 20:51:53.555 t2058D188E2027FFF5000
 20:51:53.654 t200820220A3E0048CA00
 20:51:53.654 t20185D8B0A0EF1F1F17B
 20:51:53.654 t20286000002AF2F900F9
 20:51:53.654 t20389F370A220667FE00
 20:51:53.655 t20480000000000000000
 20:51:53.655 t2058D18822027FFF5000
 20:51:53.754 t200820254A3E0048CA00
 20:51:53.754 t20185D8B4A0EF1F1F17B
 20:51:53.755 t20286000402AF2F900F9
 20:51:53.755 t20389FBF4A220837F9FF
 20:51:53.755 t20480000400000000000
 20:51:53.755 t2058D18862027FFF5000
 20:51:53.854 t200820288A3E0048CA00
 20:51:53.854 t20185D8B8A0EF1F1F17B
 20:51:53.854 t20286000802AF2F900F9
 20:51:53.855 t203880AD8A2203A805FE
 20:51:53.855 t20480000800000000000
 20:51:53.855 t2058D188A2027FFF5000
 20:51:53.954 t2008202ACA3E0048CA00
 20:51:53.954 t20185D8BCA0EF1F1F17B
 20:51:53.954 t20286000C02AF2F900F9
 20:51:53.954 t20388208CA221027FE00
 20:51:53.954 t20480000C00000000000
 20:51:53.954 t2058D188E2027FFF5000
 20:51:54.054 t2008202D0A3E0048CA00
 20:51:54.054 t20185D8B0A0EF1F1F17B
 20:51:54.054 t20286000002AF2F900F9
 20:51:54.054 t20389FBF0A220837F9FF
 20:51:54.054 t20480000000000000000
 20:51:54.054 t2058D18822027FFF5000
 20:51:54.154 t200820304A3E0048CA00
 20:51:54.154 t20185D8B4A0EF1F1F17B
 20:51:54.155 t20286000402AF2F900F9
 20:51:54.155 t203880AD4A2203A805FE
 20:51:54.155 t20480000400000000000
 20:51:54.155 t2058D18862027FFF5000
 20:51:54.254 t200820338A3E0048CA00
 20:51:54.254 t20185D8B8A0EF1F1F17B
 20:51:54.255 t20286000802AF2F900F9
 20:51:54.255 t203882088A221027FE00
 20:51:54.255 t20480000800000000000
 20:51:54.255 t2058D188A2027FFF5000
 20:51:54.354 t20082035CA3E0048CA00
 20:51:54.354 t20185D8BCA0EF1F1F17B
 20:51:54.355 t20286000C02AF2F900F9
 20:51:54.355 t20389FBFCA220837F9FF
 20:51:54.355 t20480000C00000000000
 20:51:54.355 t2058D188E2027FFF5000
 20:51:54.454 t200820380A3E0048CA00
 20:51:54.454 t20185D8B0A0EF1F1F17B
 20:51:54.454 t20286000002AF2F900F9
 20:51:54.455 t203880AD0A2203A805FE
 20:51:54.455 t20480000000000000000
 20:51:54.455 t2058D18822027FFF5000
 20:51:54.554 t2008203B4A3E0048CA00
 20:51:54.554 t20185D8B4A0EF1F1F17B
 20:51:54.554 t20286000402AF2F900F9
 20:51:54.554 t203882084A221027FE00
 20:51:54.554 t20480000400000000000
 20:51:54.554 t2058D18862027FFF5000
 20:51:54.654 t2008203E8A3E0048CA00
 20:51:54.654 t20185D8B8A0EF1F1F17B
 20:51:54.654 t20286000802AF2F900F9
 20:51:54.654 t20389FBF8A220837F9FF
 20:51:54.654 t20480000800000000000
 20:51:54.654 t2058D188A2027FFF5000
 20:51:54.754 t20082041CA3E0048CA00
 20:51:54.754 t20185D8BCA0EF1F1F17B
 20:51:54.754 t20286000C02AF2F900F9
 20:51:54.755 t203880ADCA2203A805FE
 20:51:54.755 t20480000C00000000000
 20:51:54.755 t2058D188E2027FFF5000
 20:51:54.854 t200820430A3E0048CA00
 20:51:54.854 t20185D8B0A0EF1F1F17B
 20:51:54.854 t20286000002AF2F900F9
 20:51:54.855 t203882080A221027FE00
 20:51:54.855 t20480000000000000000
 20:51:54.855 t2058D18822027FFF5000
 20:51:54.954 t200820464A3E0048CA00
 20:51:54.954 t20185D8B4A0EF1F1F17B
 20:51:54.954 t20286000402AF2F900F9
 20:51:54.955 t20389FBF4A220837F9FF
 20:51:54.955 t20480000400000000000
 20:51:54.955 t2058D18862027FFF5000
 20:51:55.054 t200820498A3E0048CA00
 20:51:55.054 t20185D8B8A0EF1F1F17B
 20:51:55.054 t20286000802AF2F900F9
 20:51:55.055 t203880AD8A2203A805FE
 20:51:55.055 t20480000800000000000
 20:51:55.055 t2058D188A2027FFF5000
 20:51:55.154 t2008204CCA3E0048CA00
 20:51:55.154 t20185D8BCA0EF1F1F17B
 20:51:55.154 t20286000C02AF2F900F9
 20:51:55.155 t20388208CA221027FE00
 20:51:55.155 t20480000C00000000000
 20:51:55.155 t2058D188E2027FFF5000
 20:51:55.254 t2008204E0A3E0048CA00
 20:51:55.254 t20185D8B0A0EF1F1F17B
 20:51:55.254 t20286000002AF2F900F9
 20:51:55.254 t20389FBF0A220837F9FF
 20:51:55.254 t20480000000000000000
 20:51:55.254 t2058D18822027FFF5000
 20:51:55.354 t200820514A3E0048CA00
 20:51:55.354 t20185D8B4A0EF1F1F17B
 20:51:55.354 t20286000402AF2F900F9
 20:51:55.354 t203880AD4A2203A805FE
 20:51:55.354 t20480000400000000000
 20:51:55.354 t2058D18862027FFF5000
 20:51:55.454 t200820548A3E0048CA00
 20:51:55.454 t20185D8B8A0EF1F1F17B
 20:51:55.454 t20286000802AF2F900F9
 20:51:55.454 t203882088A221027FE00
 20:51:55.455 t20480000800000000000
 20:51:55.455 t2058D188A2027FFF5000
 20:51:55.554 t20082057CA3E0048CA00
 20:51:55.554 t20185D8BCA0EF1F1F17B
 20:51:55.554 t20286000C02AF2F900F9
 20:51:55.554 t20389FBFCA220837F9FF
 20:51:55.555 t20480000C00000000000
 20:51:55.555 t2058D188E2027FFF5000
 20:51:55.654 t2008205A0A3E0048CA00
 20:51:55.654 t20185D8B0A0EF1F1F17B
 20:51:55.654 t20286000002AF2F900F9
 20:51:55.654 t203880AD0A2203A805FE
 20:51:55.655 t20480000000000000000
 20:51:55.655 t2058D18822027FFF5000
 20:51:55.754 t2008205C4A3E0048CA00
 20:51:55.754 t20185D8B4A0EF1F1F17B
 20:51:55.754 t20286000402AF2F900F9
 20:51:55.754 t203882084A221027FE00
 20:51:55.755 t20480000400000000000
 20:51:55.755 t2058D18862027FFF5000
 20:51:55.854 t2008205F8A3E0048CA00
 20:51:55.854 t20185D8B8A0EF1F1F17B
 20:51:55.854 t20286000802AF2F900F9
 20:51:55.854 t20389FBF8A220837F9FF
 20:51:55.854 t20480000800000000000
 20:51:55.855 t2058D188A2027FFF5000
 20:51:55.953 t20082062CA3E0048CA00
 20:51:55.954 t20185D8BCA0EF1F1F17B
 20:51:55.954 t20286000C02AF2F900F9
 20:51:55.954 t203880ADCA2203A805FE
 20:51:55.954 t20480000C00000000000
 20:51:55.954 t2058D188E2027FFF5000
 20:51:56.054 t200820650A3E0048CA00
 20:51:56.054 t20185D8B0A0EF1F1F17B
 20:51:56.054 t20286000002AF2F900F9
 20:51:56.054 t203882080A221027FE00
 20:51:56.054 t20480000000000000000
 20:51:56.055 t2058D18822027FFF5000
 20:51:56.153 t200820684A3E0048CA00
 20:51:56.154 t20185D8B4A0EF1F1F17B
 20:51:56.154 t20286000402AF2F900F9
 20:51:56.154 t20389FBF4A220837F9FF
 20:51:56.154 t20480000400000000000
 20:51:56.155 t2058D18862027FFF5000
 20:51:56.254 t2008206A8A3E0048CA00
 20:51:56.254 t20185D8B8A0EF1F1F17B
 20:51:56.254 t20286000802AF2F900F9
 20:51:56.254 t203880AD8A2203A805FE
 20:51:56.255 t20480000800000000000
 20:51:56.255 t2058D188A2027FFF5000
 20:51:56.353 t2008206DCA3E0048CA00
 20:51:56.354 t20185D8BCA0EF1F1F17B
 20:51:56.354 t20286000C02AF2F900F9
 20:51:56.354 t20388208CA221027FE00
 20:51:56.354 t20480000C00000000000
 20:51:56.355 t2058D188E2027FFF5000
 20:51:56.453 t200820700A3E0048CA00
 20:51:56.454 t20185D8B0A0EF1F1F17B
 20:51:56.454 t20286000002AF2F900F9
 20:51:56.454 t20389FBF0A220837F9FF
 20:51:56.454 t20480000000000000000
 20:51:56.455 t2058D18822027FFF5000
 20:51:56.553 t200820734A3E0048CA00
 20:51:56.553 t20185D8B4A0EF1F1F17B
 20:51:56.553 t20286000402AF2F900F9
 20:51:56.554 t203880AD4A2203A805FE
 20:51:56.554 t20480000400000000000
 20:51:56.554 t2058D18862027FFF5000
 20:51:56.653 t200820758A3E0048CA00
 20:51:56.653 t20185D8B8A0EF1F1F17B
 20:51:56.653 t20286000802AF2F900F9
 20:51:56.654 t203882088A221027FE00
 20:51:56.654 t20480000800000000000
 20:51:56.654 t2058D188A2027FFF5000
 20:51:56.753 t20082078CA3E0048CA00
 20:51:56.754 t20185D8BCA0EF1F1F17B
 20:51:56.754 t20286000C02AF2F900F9
 20:51:56.754 t20389FBFCA220837F9FF
 20:51:56.754 t20480000C00000000000
 20:51:56.754 t2058D188E2027FFF5000
 20:51:56.853 t2008207B0A3E0048CA00
 20:51:56.854 t20185D8B0A0EF1F1F17B
 20:51:56.854 t20286000002AF2F900F9
 20:51:56.854 t203880AD0A2203A805FE
 20:51:56.854 t20480000000000000000
 20:51:56.854 t2058D18822027FFF5000
 20:51:56.953 t2008207E4A3E0048CA00
 20:51:56.954 t20185D8B4A0EF1F1F17B
 20:51:56.954 t20286000402AF2F900F9
 20:51:56.954 t203882084A221027FE00
 20:51:56.954 t20480000400000000000
 20:51:56.954 t2058D18862027FFF5000
 20:51:57.053 t200820818A3E0048CA00
 20:51:57.054 t20185D8B8A0EF1F1F17B
 20:51:57.054 t20286000802AF2F900F9
 20:51:57.054 t20389FBF8A220837F9FF
 20:51:57.054 t20480000800000000000
 20:51:57.054 t2058D188A2027FFF5000
 20:51:57.153 t20082083CA3E0048CA00
 20:51:57.153 t20185D8BCA0EF1F1F17B
 20:51:57.154 t20286000C02AF2F900F9
 20:51:57.154 t203880ADCA2203A805FE
 20:51:57.154 t20480000C00000000000
 20:51:57.154 t2058D188E2027FFF5000
 20:51:57.253 t200820860A3E0048CA00
 20:51:57.253 t20185D8B0A0EF1F1F17B
 20:51:57.253 t20286000002AF2F900F9
 20:51:57.253 t203882080A221027FE00
 20:51:57.253 t20480000000000000000
 20:51:57.254 t2058D18822027FFF5000
 20:51:57.353 t200820894A3E0048CA00
 20:51:57.353 t20185D8B4A0EF1F1F17B
 20:51:57.353 t20286000402AF2F900F9
 20:51:57.353 t20389FBF4A220837F9FF
 20:51:57.353 t20480000400000000000
 20:51:57.354 t2058D18862027FFF5000
 20:51:57.453 t2008208C8A3E0048CA00
 20:51:57.453 t20185D8B8A0EF1F1F17B
 20:51:57.454 t20286000802AF2F900F9
 20:51:57.454 t203880AD8A2203A805FE
 20:51:57.454 t20480000800000000000
 20:51:57.454 t2058D188A2027FFF5000
 20:51:57.554 t2008208ECA3E0048CA00
 20:51:57.554 t20185D8BCA0EF1F1F17B
 20:51:57.555 t20286000C02AF2F900F9
 20:51:57.555 t20388208CA221027FE00
 20:51:57.555 t20480000C00000000000
 20:51:57.555 t2058D188E2027FFF5000
 20:51:57.654 t200820910A3E0048CA00
 20:51:57.654 t20185D8B0A0EF1F1F17B
 20:51:57.655 t20286000002AF2F900F9
 20:51:57.655 t20389FBF0A220837F9FF
 20:51:57.655 t20480000000000000000
 20:51:57.655 t2058D18822027FFF5000
 20:51:57.754 t200820944A3E0048CA00
 20:51:57.754 t20185D8B4A0EF1F1F17B
 20:51:57.754 t20286000402AF2F900F9
 20:51:57.755 t203880AD4A2203A805FE
 20:51:57.755 t20480000400000000000
 20:51:57.755 t2058D18862027FFF5000
 20:51:57.854 t200820978A3E0048CA00
 20:51:57.854 t20185D8B8A0EF1F1F17B
 20:51:57.854 t20286000802AF2F900F9
 20:51:57.854 t203882088A221027FE00
 20:51:57.854 t20480000800000000000
 20:51:57.854 t2058D188A2027FFF5000
 20:51:57.954 t2008209ACA3E0048CA00
 20:51:57.954 t20185D8BCA0EF1F1F17B
 20:51:57.954 t20286000C02AF2F900F9
 20:51:57.954 t20389FBFCA220837F9FF
 20:51:57.954 t20480000C00000000000
 20:51:57.954 t2058D188E2027FFF5000
 20:51:58.054 t2008209C0A3E0048CA00
 20:51:58.054 t20185D8B0A0EF1F1F17B
 20:51:58.055 t20286000002AF2F900F9
 20:51:58.055 t203880AD0A2203A805FE
 20:51:58.055 t20480000000000000000
 20:51:58.055 t2058D18822027FFF5000
 20:51:58.154 t2008209F4A3E0048CA00
 20:51:58.154 t20185D8B4A0EF1F1F17B
 20:51:58.154 t20286000402AF2F900F9
 20:51:58.154 t203882084A221027FE00
 20:51:58.155 t20480000400000000000
 20:51:58.155 t2058D18862027FFF5000
 20:51:58.254 t200820A28A3E0048CA00
 20:51:58.254 t20185D8B8A0EF1F1F17B
 20:51:58.254 t20286000802AF2F900F9
 20:51:58.255 t20389FBF8A220837F9FF
 20:51:58.255 t20480000800000000000
 20:51:58.255 t2058D188A2027FFF5000
 20:51:58.354 t200820A5CA3E0048CA00
 20:51:58.354 t20185D8BCA0EF1F1F17B
 20:51:58.354 t20286000C02AF2F900F9
 20:51:58.355 t203880ADCA2203A805FE
 20:51:58.355 t20480000C00000000000
 20:51:58.355 t2058D188E2027FFF5000
 20:51:58.454 t200820A70A3E0048CA00
 20:51:58.454 t20185D8B0A0EF1F1F17B
 20:51:58.454 t20286000002AF2F900F9
 20:51:58.455 t203882080A221027FE00
 20:51:58.455 t20480000000000000000
 20:51:58.455 t2058D18822027FFF5000
 20:51:58.554 t200820AA4A3E0048CA00
 20:51:58.554 t20185D8B4A0EF1F1F17B
 20:51:58.554 t20286000402AF2F900F9
 20:51:58.554 t20389FBF4A220837F9FF
 20:51:58.554 t20480000400000000000
 20:51:58.554 t2058D18862027FFF5000
 20:51:58.654 t200820AD8A3E0048CA00
 20:51:58.654 t20185D8B8A0EF1F1F17B
 20:51:58.654 t20286000802AF2F900F9
 20:51:58.654 t203880AD8A2203A805FE
 20:51:58.654 t20480000800000000000
 20:51:58.654 t2058D188A2027FFF5000
 20:51:58.754 t200820B0CA3E0048CA00
 20:51:58.754 t20185D8BCA0EF1F1F17B
 20:51:58.754 t20286000C02AF2F900F9
 20:51:58.754 t20388208CA221027FE00
 20:51:58.755 t20480000C00000000000
 20:51:58.755 t2058D188E2027FFF5000
 20:51:58.854 t200820B30A3E0048CA00
 20:51:58.854 t20185D8B0A0EF1F1F17B
 20:51:58.854 t20286000002AF2F900F9
 20:51:58.854 t20389FBF0A220837F9FF
 20:51:58.855 t20480000000000000000
 20:51:58.855 t2058D18822027FFF5000
 20:51:58.954 t200820B54A3E0048CA00
 20:51:58.954 t20185D8B4A0EF1F1F17B
 20:51:58.954 t20286000402AF2F900F9
 20:51:58.955 t203880AD4A2203A805FE
 20:51:58.955 t20480000400000000000
 20:51:58.955 t2058D18862027FFF5000
 20:51:59.054 t200820B88A3E0048CA00
 20:51:59.054 t20185D8B8A0EF1F1F17B
 20:51:59.054 t20286000802AF2F900F9
 20:51:59.054 t203882088A221027FE00
 20:51:59.055 t20480000800000000000
 20:51:59.055 t2058D188A2027FFF5000
 20:51:59.154 t200820BBCA3E0048CA00
 20:51:59.154 t20185D8BCA0EF1F1F17B
 20:51:59.154 t20286000C02AF2F900F9
 20:51:59.154 t20389FBFCA220837F9FF
 20:51:59.155 t20480000C00000000000
 20:51:59.155 t2058D188E2027FFF5000
 20:51:59.254 t200820BE0A3E0048CA00
 20:51:59.254 t20185D8B0A0EF1F1F17B
 20:51:59.254 t20286000002AF2F900F9
 20:51:59.254 t203880AD0A2203A805FE
 20:51:59.254 t20480000000000000000
 20:51:59.254 t2058D18822027FFF5000
 20:51:59.353 t200820C04A3E0048CA00
 20:51:59.354 t20185D8B4A0EF1F1F17B
 20:51:59.354 t20286000402AF2F900F9
 20:51:59.354 t203882084A221027FE00
 20:51:59.354 t20480000400000000000
 20:51:59.354 t2058D18862027FFF5000
 20:51:59.454 t200820C38A3E0048CA00
 20:51:59.454 t20185D8B8A0EF1F1F17B
 20:51:59.454 t20286000802AF2F900F9
 20:51:59.454 t20389FBF8A220837F9FF
 20:51:59.455 t20480000800000000000
 20:51:59.455 t2058D188A2027FFF5000
 20:51:59.554 t200820C6CA3E0048CA00
 20:51:59.554 t20185D8BCA0EF1F1F17B
 20:51:59.554 t20286000C02AF2F900F9
 20:51:59.554 t203880ADCA2203A805FE
 20:51:59.554 t20480000C00000000000
 20:51:59.555 t2058D188E2027FFF5000
 20:51:59.653 t200820C90A3E0048CA00
 20:51:59.654 t20185D8B0A0EF1F1F17B
 20:51:59.654 t20286000002AF2F900F9
 20:51:59.654 t203882080A221027FE00
 20:51:59.654 t20480000000000000000
 20:51:59.654 t2058D18822027FFF5000
 20:51:59.754 t200820CC4A3E0048CA00
 20:51:59.754 t20185D8B4A0EF1F1F17B
 20:51:59.754 t20286000402AF2F900F9
 20:51:59.754 t203883B44A203FF803FF
 20:51:59.754 t20480000400000000000
 20:51:59.754 t2058D18862027FFF5000
 20:51:59.853 t200820CE8A3E0048CA00
 20:51:59.853 t20185D8B8A0EF1F1F17B
 20:51:59.854 t20286000802AF2F900F9
 20:51:59.854 t203880AD8A2203A805FE
 20:51:59.854 t20480000800000000000
 20:51:59.854 t2058D188A2027FFF5000
 20:51:59.953 t200820D1CA3E0048CA00
 20:51:59.953 t20185D8BCA0EF1F1F17B
 20:51:59.954 t20286000C02AF2F900F9
 20:51:59.954 t20388208CA221027FE00
 20:51:59.954 t20480000C00000000000
 20:51:59.954 t2058D188E2027FFF5000
 20:52:00.054 t200820D40A3E0048CA00
 20:52:00.054 t20185D8B0A0EF1F1F17B
 20:52:00.054 t20286000002AF2F900F9
 20:52:00.054 t203883B40A223FF803FF
 20:52:00.054 t20480000000000000000
 20:52:00.054 t2058D18822027FFF5000
 20:52:00.153 t200820D74A3E0048CA00
 20:52:00.154 t20185D8B4A0EF1F1F17B
 20:52:00.154 t20286000402AF2F900F9
 20:52:00.154 t203880AD4A2203A805FE
 20:52:00.154 t20480000400000000000
 20:52:00.155 t2058D18862027FFF5000
 20:52:00.253 t200820D98A3E0048CA00
 20:52:00.254 t20185D8B8A0EF1F1F17B
 20:52:00.254 t20286000802AF2F900F9
 20:52:00.254 t203882088A221027FE00
 20:52:00.254 t20480000800000000000
 20:52:00.255 t2058D188A2027FFF5000
 20:52:00.353 t200820DCCA3E0048CA00
 20:52:00.354 t20185D8BCA0EF1F1F17B
 20:52:00.354 t20286000C02AF2F900F9
 20:52:00.354 t203883B4CA223FF803FF
 20:52:00.354 t20480000C00000000000
 20:52:00.354 t2058D188E2027FFF5000
 20:52:00.453 t200820DF0A3E0048CA00
 20:52:00.454 t20185D8B0A0EF1F1F17B
 20:52:00.454 t20286000002AF2F900F9
 20:52:00.454 t203880AD0A2203A805FE
 20:52:00.454 t20480000000000000000
 20:52:00.455 t2058D18822027FFF5000
 20:52:00.554 t200820E24A3E0048CA00
 20:52:00.554 t20185D8B4A0EF1F1F17B
 20:52:00.554 t20286000402AF2F900F9
 20:52:00.554 t203882084A221027FE00
 20:52:00.555 t20480000400000000000
 20:52:00.555 t2058D18862027FFF5000
 20:52:00.653 t200820E58A3E0048CA00
 20:52:00.653 t20185D8B8A0EF1F1F17B
 20:52:00.653 t20286000802AF2F900F9
 20:52:00.653 t203883B48A223FF803FF
 20:52:00.654 t20480000800000000000
 20:52:00.654 t2058D188A2027FFF5000
 20:52:00.753 t200820E8CA3E0048CA00
 20:52:00.753 t20185D8BCA0EF1F1F17B
 20:52:00.753 t20286000C02AF2F900F9
 20:52:00.753 t203880ADCA2203A805FE
 20:52:00.754 t20480000C00000000000
 20:52:00.754 t2058D188E2027FFF5000
 20:52:00.853 t200820EA0A3E0048CA00
 20:52:00.854 t20185D8B0A0EF1F1F17B
 20:52:00.854 t20286000002AF2F900F9
 20:52:00.854 t203882080A221027FE00
 20:52:00.854 t20480000000000000000
 20:52:00.854 t2058D18822027FFF5000
 20:52:00.953 t200820ED4A3E0048CA00
 20:52:00.953 t20185D8B4A0EF1F1F17B
 20:52:00.954 t20286000402AF2F900F9
 20:52:00.954 t203883B44A223FF803FF
 20:52:00.954 t20480000400000000000
 20:52:00.954 t2058D18862027FFF5000
 20:52:01.053 t200820F08A3E0048CA00
 20:52:01.053 t20185D8B8A0EF1F1F17B
 20:52:01.054 t20286000802AF2F900F9
 20:52:01.054 t203880AD8A2203A805FE
 20:52:01.054 t20480000800000000000
 20:52:01.054 t2058D188A2027FFF5000
 20:52:01.153 t200820F3CA3E0048CA00
 20:52:01.154 t20185D8BCA0EF1F1F17B
 20:52:01.154 t20286000C02AF2F900F9
 20:52:01.154 t20388208CA221027FE00
 20:52:01.154 t20480000C00000000000
 20:52:01.154 t2058D188E2027FFF5000
 20:52:01.253 t200820F50A3E0048CA00
 20:52:01.253 t20185D8B0A0EF1F1F17B
 20:52:01.254 t20286000002AF2F900F9
 20:52:01.254 t203883B40A223FF803FF
 20:52:01.254 t20480000000000000000
 20:52:01.254 t2058D18822027FFF5000
 20:52:01.353 t200820F84A3E0048CA00
 20:52:01.353 t20185D8B4A0EF1F1F17B
 20:52:01.353 t20286000402AF2F900F9
 20:52:01.353 t203880AD4A2203A805FE
 20:52:01.354 t20480000400000000000
 20:52:01.354 t2058D18862027FFF5000
 20:52:01.453 t200820FB8A3E0048CA00
 20:52:01.453 t20185D8B8A0EF1F1F17B
 20:52:01.453 t20286000802AF2F900F9
 20:52:01.453 t203882088A221027FE00
 20:52:01.453 t20480000800000000000
 20:52:01.453 t2058D188A2027FFF5000
 20:52:01.553 t200820FECA3E0048CA00
 20:52:01.553 t20185D8BCA0EF1F1F17B
 20:52:01.553 t20286000C02AF2F900F9
 20:52:01.554 t203883B4CA223FF803FF
 20:52:01.554 t20480000C00000000000
 20:52:01.554 t2058D188E2027FFF5000
 20:52:01.654 t200821010A3E0048CA00
 20:52:01.654 t20185D8B0A0EF1F1F17B
 20:52:01.655 t20286000002AF2F900F9
 20:52:01.655 t203880AD0A2203A805FE
 20:52:01.655 t20480000000000000000
 20:52:01.655 t2058D18822027FFF5000
 20:52:01.754 t200821034A3E0048CA00
 20:52:01.754 t20185D8B4A0EF1F1F17B
 20:52:01.755 t20286000402AF2F900F9
 20:52:01.755 t203882084A221027FE00
 20:52:01.755 t20480000400000000000
 20:52:01.755 t2058D18862027FFF5000
 20:52:01.854 t200821068A3E0048CA00
 20:52:01.854 t20185D8B8A0EF1F1F17B
 20:52:01.854 t20286000802AF2F900F9
 20:52:01.855 t203883B48A223FF803FF
 20:52:01.855 t20480000800000000000
 20:52:01.855 t2058D188A2027FFF5000
 20:52:01.954 t20082109CA3E0048CA00
 20:52:01.954 t20185D8BCA0EF1F1F17B
 20:52:01.954 t20286000C02AF2F900F9
 20:52:01.954 t203880ADCA2203A805FE
 20:52:01.954 t20480000C00000000000
 20:52:01.954 t2058D188E2027FFF5000
 20:52:02.054 t2008210C0A3E0048CA00
 20:52:02.054 t20185D8B0A0EF1F1F17B
 20:52:02.054 t20286000002AF2F900F9
 20:52:02.054 t203882080A221027FE00
 20:52:02.054 t20480000000000000000
 20:52:02.054 t2058D18822027FFF5000
 20:52:02.154 t2008210E4A3E0048CA00
 20:52:02.154 t20185D8B4A0EF1F1F17B
 20:52:02.154 t20286000402AF2F900F9
 20:52:02.155 t203883B44A223FF803FF
 20:52:02.155 t20480000400000000000
 20:52:02.155 t2058D18862027FFF5000
 20:52:02.254 t200821118A3E0048CA00
 20:52:02.254 t20185D8B8A0EF1F1F17B
 20:52:02.254 t20286000802AF2F900F9
 20:52:02.255 t203880AD8A2203A805FE
 20:52:02.255 t20480000800000000000
 20:52:02.255 t2058D188A2027FFF5000
 20:52:02.354 t20082114CA3E0048CA00
 20:52:02.354 t20185D8BCA0EF1F1F17B
 20:52:02.354 t20286000C02AF2F900F9
 20:52:02.355 t20388208CA221027FE00
 20:52:02.355 t20480000C00000000000
 20:52:02.355 t2058D188E2027FFF5000
 20:52:02.454 t200821170A3E0048CA00
 20:52:02.454 t20185D8B0A0EF1F1F17B
 20:52:02.454 t20286000002AF2F900F9
 20:52:02.454 t203883B40A223FF803FF
 20:52:02.454 t20480000000000000000
 20:52:02.454 t2058D18822027FFF5000
 20:52:02.554 t2008211A4A3E0048CA00
 20:52:02.554 t20185D8B4A0EF1F1F17B
 20:52:02.554 t20286000402AF2F900F9
 20:52:02.555 t203880AD4A2203A805FE
 20:52:02.555 t20480000400000000000
 20:52:02.555 t2058D18862027FFF5000
 20:52:02.654 t2008211C8A3E0048CA00
 20:52:02.654 t20185D8B8A0EF1F1F17B
 20:52:02.654 t20286000802AF2F900F9
 20:52:02.654 t203882088A221027FE00
 20:52:02.654 t20480000800000000000
 20:52:02.654 t2058D188A2027FFF5000
 20:52:02.754 t2008211FCA3E0048CA00
 20:52:02.754 t20185D8BCA0EF1F1F17B
 20:52:02.754 t20286000C02AF2F900F9
 20:52:02.754 t203883B4CA223FF803FF
 20:52:02.754 t20480000C00000000000
 20:52:02.754 t2058D188E2027FFF5000
 20:52:02.854 t200821220A3E0048CA00
 20:52:02.854 t20185D8B0A0EF1F1F17B
 20:52:02.854 t20286000002AF2F900F9
 20:52:02.854 t203880AD0A2203A805FE
 20:52:02.855 t20480000000000000000
 20:52:02.855 t2058D18822027FFF5000
 20:52:02.954 t200821254A3E0048CA00
 20:52:02.954 t20185D8B4A0EF1F1F17B
 20:52:02.954 t20286000402AF2F900F9
 20:52:02.954 t203882084A221027FE00
 20:52:02.954 t20480000400000000000
 20:52:02.954 t2058D18862027FFF5000
 20:52:03.054 t200821278A3E0048CA00
 20:52:03.054 t20185D8B8A0EF1F1F17B
 20:52:03.054 t20286000802AF2F900F9
 20:52:03.054 t203883B48A223FF803FF
 20:52:03.054 t20480000800000000000
 20:52:03.054 t2058D188A2027FFF5000
 20:52:03.154 t2008212ACA3E0048CA00
 20:52:03.154 t20185D8BCA0EF1F1F17B
 20:52:03.154 t20286000C02AF2F900F9
 20:52:03.154 t203880ADCA2203A805FE
 20:52:03.155 t20480000C00000000000
 20:52:03.155 t2058D188E2027FFF5000
 20:52:03.254 t2008212D0A3E0048CA00
 20:52:03.254 t20185D8B0A0EF1F1F17B
 20:52:03.254 t20286000002AF2F900F9
 20:52:03.254 t203882080A221027FE00
 20:52:03.255 t20480000000000000000
 20:52:03.255 t2058D18822027FFF5000
 20:52:03.353 t200821304A3E0048CA00
 20:52:03.354 t20185D8B4A0EF1F1F17B
 20:52:03.354 t20286000402AF2F900F9
 20:52:03.354 t203883B44A223FF803FF
 20:52:03.354 t20480000400000000000
 20:52:03.354 t2058D18862027FFF5000
 20:52:03.453 t200821338A3E0048CA00
 20:52:03.454 t20185D8B8A0EF1F1F17B
 20:52:03.454 t20286000802AF2F900F9
 20:52:03.454 t203880AD8A2203A805FE
 20:52:03.454 t20480000800000000000
 20:52:03.454 t2058D188A2027FFF5000
 20:52:03.554 t20082135CA3E0048CA00
 20:52:03.554 t20185D8BCA0EF1F1F17B
 20:52:03.554 t20286000C02AF2F900F9
 20:52:03.554 t20388208CA221027FE00
 20:52:03.554 t20480000C00000000000
 20:52:03.554 t2058D188E2027FFF5000
 20:52:03.653 t200821380A3E0048CA00
 20:52:03.653 t20185D8B0A0EF1F1F17B
 20:52:03.654 t20286000002AF2F900F9
 20:52:03.654 t203883B40A223FF803FF
 20:52:03.654 t20480000000000000000
 20:52:03.654 t2058D18822027FFF5000
 20:52:03.753 t2008213B4A3E0048CA00
 20:52:03.754 t20185D8B4A0EF1F1F17B
 20:52:03.754 t20286000402AF2F900F9
 20:52:03.754 t203880AD4A2203A805FE
 20:52:03.754 t20480000400000000000
 20:52:03.755 t2058D18862027FFF5000
 20:52:03.854 t2008213E8A3E0048CA00
 20:52:03.854 t20185D8B8A0EF1F1F17B
 20:52:03.854 t20286000802AF2F900F9
 20:52:03.854 t203882088A221027FE00
 20:52:03.854 t20480000800000000000
 20:52:03.855 t2058D188A2027FFF5000
 20:52:03.953 t20082140CA3E0048CA00
 20:52:03.954 t20185D8BCA0EF1F1F17B
 20:52:03.954 t20286000C02AF2F900F9
 20:52:03.954 t203883B4CA223FF803FF
 20:52:03.954 t20480000C00000000000
 20:52:03.954 t2058D188E2027FFF5000
 20:52:04.053 t200821430A3E0048CA00
 20:52:04.053 t20185D8B0A0EF1F1F17B
 20:52:04.053 t20286000002AF2F900F9
 20:52:04.054 t203880AD0A2203A805FE
 20:52:04.054 t20480000000000000000
 20:52:04.054 t2058D18822027FFF5000
 20:52:04.153 t200821464A3E0048CA00
 20:52:04.153 t20185D8B4A0EF1F1F17B
 20:52:04.154 t20286000402AF2F900F9
 20:52:04.154 t203882084A221027FE00
 20:52:04.154 t20480000400000000000
 20:52:04.154 t2058D18862027FFF5000
 20:52:04.253 t200821498A3E0048CA00
 20:52:04.254 t20185D8B8A0EF1F1F17B
 20:52:04.254 t20286000802AF2F900F9
 20:52:04.254 t203883B48A223FF803FF
 20:52:04.254 t20480000800000000000
 20:52:04.254 t2058D188A2027FFF5000
 20:52:04.353 t2008214CCA3E0048CA00
 20:52:04.354 t20185D8BCA0EF1F1F17B
 20:52:04.354 t20286000C02AF2F900F9
 20:52:04.354 t203880ADCA2203A805FE
 20:52:04.354 t20480000C00000000000
 20:52:04.354 t2058D188E2027FFF5000
 20:52:04.453 t2008214E0A3E0048CA00
 20:52:04.454 t20185D8B0A0EF1F1F17B
 20:52:04.454 t20286000002AF2F900F9
 20:52:04.454 t203882080A221027FE00
 20:52:04.454 t20480000000000000000
 20:52:04.455 t2058D18822027FFF5000
 20:52:04.553 t200821514A3E0048CA00
 20:52:04.553 t20185D8B4A0EF1F1F17B
 20:52:04.554 t20286000402AF2F900F9
 20:52:04.554 t203883B44A223FF803FF
 20:52:04.554 t20480000400000000000
 20:52:04.554 t2058D18862027FFF5000
 20:52:04.653 t200821548A3E0048CA00
 20:52:04.653 t20185D8B8A0EF1F1F17B
 20:52:04.653 t20286000802AF2F900F9
 20:52:04.653 t203880AD8A2203A805FE
 20:52:04.653 t20480000800000000000
 20:52:04.654 t2058D188A2027FFF5000
 20:52:04.753 t20082157CA3E0048CA00
 20:52:04.753 t20185D8BCA0EF1F1F17B
 20:52:04.753 t20286000C02AF2F900F9
 20:52:04.753 t20388208CA221027FE00
 20:52:04.753 t20480000C00000000000
 20:52:04.755 t2058D188E2027FFF5000
 20:52:04.853 t200821590A3E0048CA00
 20:52:04.853 t20185D8B0A0EF1F1F17B
 20:52:04.854 t20286000002AF2F900F9
 20:52:04.854 t203883B40A223FF803FF
 20:52:04.854 t20480000000000000000
 20:52:04.854 t2058D18822027FFF5000
 20:52:04.953 t2008215C4A3E0048CA00
 20:52:04.953 t20185D8B4A0EF1F1F17B
 20:52:04.954 t20286000402AF2F900F9
 20:52:04.954 t203880AD4A2203A805FE
 20:52:04.954 t20480000400000000000
 20:52:04.954 t2058D18862027FFF5000
 20:52:05.053 t2008215F8A3E0048CA00
 20:52:05.053 t20185D8B8A0EF1F1F17B
 20:52:05.054 t20286000802AF2F900F9
 20:52:05.054 t203882088A221027FE00
 20:52:05.054 t20480000800000000000
 20:52:05.054 t2058D188A2027FFF5000
 20:52:05.153 t20082162CA3E0048CA00
 20:52:05.153 t20185D8BCA0EF1F1F17B
 20:52:05.153 t20286000C02AF2F900F9
 20:52:05.153 t203883B4CA223FF803FF
 20:52:05.154 t20480000C00000000000
 20:52:05.154 t2058D188E2027FFF5000
 20:52:05.253 t200821650A3E0048CA00
 20:52:05.253 t20185D8B0A0EF1F1F17B
 20:52:05.253 t20286000002AF2F900F9
 20:52:05.253 t203880AD0A2203A805FE
 20:52:05.253 t20480000000000000000
 20:52:05.254 t2058D18822027FFF5000
 20:52:05.353 t200821674A3E0048CA00
 20:52:05.353 t20185D8B4A0EF1F1F17B
 20:52:05.353 t20286000402AF2F900F9
 20:52:05.353 t203882084A221027FE00
 20:52:05.353 t20480000400000000000
 20:52:05.353 t2058D18862027FFF5000
 20:52:05.453 t2008216A8A3E0048CA00
 20:52:05.453 t20185D8B8A0EF1F1F17B
 20:52:05.453 t20286000802AF2F900F9
 20:52:05.453 t203883B48A223FF803FF
 20:52:05.453 t20480000800000000000
 20:52:05.453 t2058D188A2027FFF5000
 20:52:05.554 t2008216DCA3E0048CA00
 20:52:05.554 t20185D8BCA0EF1F1F17B
 20:52:05.555 t20286000C02AF2F900F9
 20:52:05.555 t203883B4CA20122801FF
 20:52:05.555 t20480000C00000000000
 20:52:05.555 t2058D188E2027FFF5000
 20:52:05.654 t200821700A3E0048CA00
 20:52:05.654 t20185D8B0A0EF1F1F17B
 20:52:05.654 t20286000002AF2F900F9
 20:52:05.654 t203885280A203FF7FFFF
 20:52:05.654 t20480000000000000000
 20:52:05.654 t2058D18822027FFF5000
 20:52:05.754 t200821724A3E0048CA00
 20:52:05.754 t20185D8B4A0EF1F1F17B
 20:52:05.755 t20286000402AF2F900F9
 20:52:05.755 t203882084A221027FE00
 20:52:05.755 t20480000400000000000
 20:52:05.755 t2058D18862027FFF5000
 20:52:05.854 t200821758A3E0048CA00
 20:52:05.854 t20185D8B8A0EF1F1F17B
 20:52:05.854 t20286000802AF2F900F9
 20:52:05.855 t203883B48A22122801FF
 20:52:05.855 t20480000800000000000
 20:52:05.855 t2058D188A2027FFF5000
 20:52:05.954 t20082178CA3E0048CA00
 20:52:05.954 t20185D8BCA0EF1F1F17B
 20:52:05.954 t20286000C02AF2F900F9
 20:52:05.954 t20388528CA223FF7FFFF
 20:52:05.954 t20480000C00000000000
 20:52:05.954 t2058D188E2027FFF5000
 20:52:06.054 t2008217B0A3E0048CA00
 20:52:06.054 t20185D8B0A0EF1F1F17B
 20:52:06.054 t20286000002AF2F900F9
 20:52:06.054 t203882080A221027FE00
 20:52:06.054 t20480000000000000000
 20:52:06.054 t2058D18822027FFF5000
 20:52:06.154 t2008217E4A3E0048CA00
 20:52:06.154 t20185D8B4A0EF1F1F17B
 20:52:06.154 t20286000402AF2F900F9
 20:52:06.154 t203883B44A22122801FF
 20:52:06.154 t20480000400000000000
 20:52:06.154 t2058D18862027FFF5000
 20:52:06.254 t200821808A3E0048CA00
 20:52:06.254 t20185D8B8A0EF1F1F17B
 20:52:06.254 t20286000802AF2F900F9
 20:52:06.255 t203885288A223FF7FFFF
 20:52:06.255 t20480000800000000000
 20:52:06.255 t2058D188A2027FFF5000
 20:52:06.354 t20082183CA3E0048CA00
 20:52:06.354 t20185D8BCA0EF1F1F17B
 20:52:06.354 t20286000C02AF2F900F9
 20:52:06.355 t20388208CA221027FE00
 20:52:06.355 t20480000C00000000000
 20:52:06.355 t2058D188E2027FFF5000
 20:52:06.454 t200821860A3E0048CA00
 20:52:06.454 t20185D8B0A0EF1F1F17B
 20:52:06.454 t20286000002AF2F900F9
 20:52:06.455 t203883B40A22122801FF
 20:52:06.455 t20480000000000000000
 20:52:06.455 t2058D18822027FFF5000
 20:52:06.554 t200821894A3E0048CA00
 20:52:06.554 t20185D8B4A0EF1F1F17B
 20:52:06.554 t20286000402AF2F900F9
 20:52:06.554 t203885284A223FF7FFFF
 20:52:06.554 t20480000400000000000
 20:52:06.554 t2058D18862027FFF5000
 20:52:06.653 t2008218B8A3E0048CA00
 20:52:06.654 t20185D8B8A0EF1F1F17B
 20:52:06.654 t20286000802AF2F900F9
 20:52:06.654 t203882088A221027FE00
 20:52:06.654 t20480000800000000000
 20:52:06.654 t2058D188A2027FFF5000
 20:52:06.753 t2008218ECA3E0048CA00
 20:52:06.754 t20185D8BCA0EF1F1F17B
 20:52:06.754 t20286000C02AF2F900F9
 20:52:06.754 t203883B4CA22122801FF
 20:52:06.754 t20480000C00000000000
 20:52:06.754 t2058D188E2027FFF5000
 20:52:06.854 t200821910A3E0048CA00
 20:52:06.854 t20185D8B0A0EF1F1F17B
 20:52:06.854 t20286000002AF2F900F9
 20:52:06.854 t203885280A223FF7FFFF
 20:52:06.855 t20480000000000000000
 20:52:06.855 t2058D18822027FFF5000
 20:52:06.954 t200821944A3E0048CA00
 20:52:06.954 t20185D8B4A0EF1F1F17B
 20:52:06.954 t20286000402AF2F900F9
 20:52:06.954 t203882084A221027FE00
 20:52:06.955 t20480000400000000000
 20:52:06.955 t2058D18862027FFF5000
 20:52:07.054 t200821978A3E0048CA00
 20:52:07.054 t20185D8B8A0EF1F1F17B
 20:52:07.054 t20286000802AF2F900F9
 20:52:07.054 t203883B48A22122801FF
 20:52:07.055 t20480000800000000000
 20:52:07.055 t2058D188A2027FFF5000
 20:52:07.154 t20082199CA3E0048CA00
 20:52:07.154 t20185D8BCA0EF1F1F17B
 20:52:07.154 t20286000C02AF2F900F9
 20:52:07.154 t20388528CA223FF7FFFF
 20:52:07.154 t20480000C00000000000
 20:52:07.155 t2058D188E2027FFF5000
 20:52:07.253 t2008219C0A3E0048CA00
 20:52:07.254 t20185D8B0A0EF1F1F17B
 20:52:07.254 t20286000002AF2F900F9
 20:52:07.254 t203882080A221027FE00
 20:52:07.254 t20480000000000000000
 20:52:07.255 t2058D18822027FFF5000
 20:52:07.353 t2008219F4A3E0048CA00
 20:52:07.353 t20185D8B4A0EF1F1F17B
 20:52:07.354 t20286000402AF2F900F9
 20:52:07.354 t203883B44A22122801FF
 20:52:07.354 t20480000400000000000
 20:52:07.354 t2058D18862027FFF5000
 20:52:07.453 t200821A28A3E0048CA00
 20:52:07.454 t20185D8B8A0EF1F1F17B
 20:52:07.454 t20286000802AF2F900F9
 20:52:07.454 t203885288A223FF7FFFF
 20:52:07.454 t20480000800000000000
 20:52:07.454 t2058D188A2027FFF5000
 20:52:07.554 t200821A5CA3E0048CA00
 20:52:07.554 t20185D8BCA0EF1F1F17B
 20:52:07.554 t20286000C02AF2F900F9
 20:52:07.554 t20388208CA221027FE00
 20:52:07.554 t20480000C00000000000
 20:52:07.555 t2058D188E2027FFF5000
 20:52:07.653 t200821A70A3E0048CA00
 20:52:07.654 t20185D8B0A0EF1F1F17B
 20:52:07.654 t20286000002AF2F900F9
 20:52:07.654 t203883B40A22122801FF
 20:52:07.655 t20480000000000000000
 20:52:07.655 t2058D18822027FFF5000
 20:52:07.753 t200821AA4A3E0048CA00
 20:52:07.754 t20185D8B4A0EF1F1F17B
 20:52:07.754 t20286000402AF2F900F9
 20:52:07.754 t203885284A223FF7FFFF
 20:52:07.754 t20480000400000000000
 20:52:07.754 t2058D18862027FFF5000
 20:52:07.853 t200821AD8A3E0048CA00
 20:52:07.853 t20185D8B8A0EF1F1F17B
 20:52:07.854 t20286000802AF2F900F9
 20:52:07.854 t203882088A221027FE00
 20:52:07.854 t20480000800000000000
 20:52:07.854 t2058D188A2027FFF5000
 20:52:07.953 t200821B0CA3E0048CA00
 20:52:07.953 t20185D8BCA0EF1F1F17B
 20:52:07.953 t20286000C02AF2F900F9
 20:52:07.954 t203883B4CA22122801FF
 20:52:07.954 t20480000C00000000000
 20:52:07.954 t2058D188E2027FFF5000
 20:52:08.053 t200821B20A3E0048CA00
 20:52:08.053 t20185D8B0A0EF1F1F17B
 20:52:08.053 t20286000002AF2F900F9
 20:52:08.053 t203885280A223FF7FFFF
 20:52:08.054 t20480000000000000000
 20:52:08.054 t2058D18822027FFF5000
 20:52:08.153 t200821B54A3E0048CA00
 20:52:08.154 t20185D8B4A0EF1F1F17B
 20:52:08.154 t20286000402AF2F900F9
 20:52:08.154 t203882084A221027FE00
 20:52:08.154 t20480000400000000000
 20:52:08.154 t2058D18862027FFF5000
 20:52:08.253 t200821B88A3E0048CA00
 20:52:08.254 t20185D8B8A0EF1F1F17B
 20:52:08.254 t20286000802AF2F900F9
 20:52:08.254 t203883B48A22122801FF
 20:52:08.254 t20480000800000000000
 20:52:08.254 t2058D188A2027FFF5000
 20:52:08.353 t200821BBCA3E0048CA00
 20:52:08.353 t20185D8BCA0EF1F1F17B
 20:52:08.353 t20286000C02AF2F900F9
 20:52:08.353 t20388528CA223FF7FFFF
 20:52:08.354 t20480000C00000000000
 20:52:08.354 t2058D188E2027FFF5000
 20:52:08.453 t200821BE0A3E0048CA00
 20:52:08.453 t20185D8B0A0EF1F1F17B
 20:52:08.454 t20286000002AF2F900F9
 20:52:08.454 t203882080A221027FE00
 20:52:08.454 t20480000000000000000
 20:52:08.454 t2058D18822027FFF5000
 20:52:08.553 t200821C04A3E0048CA00
 20:52:08.553 t20185D8B4A0EF1F1F17B
 20:52:08.554 t20286000402AF2F900F9
 20:52:08.554 t203883B44A22122801FF
 20:52:08.554 t20480000400000000000
 20:52:08.554 t2058D18862027FFF5000
 20:52:08.653 t200821C38A3E0048CA00
 20:52:08.653 t20185D8B8A0EF1F1F17B
 20:52:08.653 t20286000802AF2F900F9
 20:52:08.653 t203885288A223FF7FFFF
 20:52:08.653 t20480000800000000000
 20:52:08.653 t2058D188A2027FFF5000
 20:52:08.753 t200821C6CA3E0048CA00
 20:52:08.753 t20185D8BCA0EF1F1F17B
 20:52:08.753 t20286000C02AF2F900F9
 20:52:08.753 t20388208CA221027FE00
 20:52:08.753 t20480000C00000000000
 20:52:08.753 t2058D188E2027FFF5000
 20:52:08.853 t200821C90A3E0048CA00
 20:52:08.853 t20185D8B0A0EF1F1F17B
 20:52:08.854 t20286000002AF2F900F9
 20:52:08.854 t203883B40A22122801FF
 20:52:08.854 t20480000000000000000
 20:52:08.854 t2058D18822027FFF5000
 20:52:08.953 t200821CB4A3E0048CA00
 20:52:08.953 t20185D8B4A0EF1F1F17B
 20:52:08.954 t20286000402AF2F900F9
 20:52:08.954 t203885284A223FF7FFFF
 20:52:08.954 t20480000400000000000
 20:52:08.954 t2058D18862027FFF5000
 20:52:09.053 t200821CE8A3E0048CA00
 20:52:09.053 t20185D8B8A0EF1F1F17B
 20:52:09.053 t20286000802AF2F900F9
 20:52:09.054 t203882088A221027FE00
 20:52:09.054 t20480000800000000000
 20:52:09.054 t2058D188A2027FFF5000
 20:52:09.153 t200821D1CA3E0048CA00
 20:52:09.153 t20185D8BCA0EF1F1F17B
 20:52:09.154 t20286000C02AF2F900F9
 20:52:09.154 t203883B4CA22122801FF
 20:52:09.154 t20480000C00000000000
 20:52:09.154 t2058D188E2027FFF5000
 20:52:09.254 t200821D40A3E0048CA00
 20:52:09.254 t20185D8B0A0EF1F1F17B
 20:52:09.254 t20286000002AF2F900F9
 20:52:09.255 t203885280A223FF7FFFF
 20:52:09.255 t20480000000000000000
 20:52:09.255 t2058D18822027FFF5000
 20:52:09.354 t200821D74A3E0048CA00
 20:52:09.354 t20185D8B4A0EF1F1F17B
 20:52:09.354 t20286000402AF2F900F9
 20:52:09.354 t203882084A221027FE00
 20:52:09.354 t20480000400000000000
 20:52:09.354 t2058D18862027FFF5000
 20:52:09.454 t200821D98A3E0048CA00
 20:52:09.454 t20185D8B8A0EF1F1F17B
 20:52:09.454 t20286000802AF2F900F9
 20:52:09.454 t203883B48A22122801FF
 20:52:09.455 t20480000800000000000
 20:52:09.455 t2058D188A2027FFF5000
 20:52:09.554 t200821DCCA3E0048CA00
 20:52:09.554 t20185D8BCA0EF1F1F17B
 20:52:09.554 t20286000C02AF2F900F9
 20:52:09.554 t20388528CA223FF7FFFF
 20:52:09.554 t20480000C00000000000
 20:52:09.554 t2058D188E2027FFF5000
 20:52:09.654 t200821DF0A3E0048CA00
 20:52:09.654 t20185D8B0A0EF1F1F17B
 20:52:09.654 t20286000002AF2F900F9
 20:52:09.654 t203882080A221027FE00
 20:52:09.654 t20480000000000000000
 20:52:09.655 t2058D18822027FFF5000
 20:52:09.754 t200821E24A3E0048CA00
 20:52:09.754 t20185D8B4A0EF1F1F17B
 20:52:09.754 t20286000402AF2F900F9
 20:52:09.754 t203883B44A22122801FF
 20:52:09.754 t20480000400000000000
 20:52:09.754 t2058D18862027FFF5000
 20:52:09.854 t200821E48A3E0048CA00
 20:52:09.854 t20185D8B8A0EF1F1F17B
 20:52:09.854 t20286000802AF2F900F9
 20:52:09.854 t203885288A223FF7FFFF
 20:52:09.854 t20480000800000000000
 20:52:09.855 t2058D188A2027FFF5000
 20:52:09.954 t200821E7CA3E0048CA00
 20:52:09.954 t20185D8BCA0EF1F1F17B
 20:52:09.954 t20286000C02AF2F900F9
 20:52:09.954 t20388208CA221027FE00
 20:52:09.954 t20480000C00000000000
 20:52:09.954 t2058D188E2027FFF5000
 20:52:10.054 t200821EA0A3E0048CA00
 20:52:10.054 t20185D8B0A0EF1F1F17B
 20:52:10.054 t20286000002AF2F900F9
 20:52:10.054 t203883B40A22122801FF
 20:52:10.054 t20480000000000000000
 20:52:10.054 t2058D18822027FFF5000
 20:52:10.153 t200821ED4A3E0048CA00
 20:52:10.154 t20185D8B4A0EF1F1F17B
 20:52:10.154 t20286000402AF2F900F9
 20:52:10.154 t203885284A223FF7FFFF
 20:52:10.154 t20480000400000000000
 20:52:10.154 t2058D18862027FFF5000
 20:52:10.254 t200821F08A3E0048CA00
 20:52:10.254 t20185D8B8A0EF1F1F17B
 20:52:10.254 t20286000802AF2F900F9
 20:52:10.254 t203882088A221027FE00
 20:52:10.255 t20480000800000000000
 20:52:10.255 t2058D188A2027FFF5000
 20:52:10.354 t200821F2CA3E0048CA00
 20:52:10.354 t20185D8BCA0EF1F1F17B
 20:52:10.354 t20286000C02AF2F900F9
 20:52:10.354 t203883B4CA22122801FF
 20:52:10.354 t20480000C00000000000
 20:52:10.354 t2058D188E2027FFF5000
 20:52:10.454 t200821F50A3E0048CA00
 20:52:10.454 t20185D8B0A0EF1F1F17B
 20:52:10.454 t20286000002AF2F900F9
 20:52:10.454 t203885280A223FF7FFFF
 20:52:10.455 t20480000000000000000
 20:52:10.455 t2058D18822027FFF5000
 20:52:10.554 t200821F84A3E0048CA00
 20:52:10.554 t20185D8B4A0EF1F1F17B
 20:52:10.554 t20286000402AF2F900F9
 20:52:10.554 t203882084A221027FE00
 20:52:10.555 t20480000400000000000
 20:52:10.555 t2058D18862027FFF5000
 20:52:10.653 t200821FB8A3E0048CA00
 20:52:10.654 t20185D8B8A0EF1F1F17B
 20:52:10.654 t20286000802AF2F900F9
 20:52:10.654 t203883B48A22122801FF
 20:52:10.654 t20480000800000000000
 20:52:10.654 t2058D188A2027FFF5000
 20:52:10.753 t200821FDCA3E0048CA00
 20:52:10.753 t20185D8BCA0EF1F1F17B
 20:52:10.754 t20286000C02AF2F900F9
 20:52:10.754 t20388528CA223FF7FFFF
 20:52:10.754 t20480000C00000000000
 20:52:10.754 t2058D188E2027FFF5000
 20:52:10.854 t200822000A3E0048CA00
 20:52:10.854 t20185D8B0A0EF1F1F17B
 20:52:10.854 t20286000002AF2F900F9
 20:52:10.854 t203882080A221027FE00
 20:52:10.854 t20480000000000000000
 20:52:10.855 t2058D18822027FFF5000
 20:52:10.954 t200822034A3E0048CA00
 20:52:10.954 t20185D8B4A0EF1F1F17B
 20:52:10.954 t20286000402AF2F900F9
 20:52:10.954 t203883B44A22122801FF
 20:52:10.954 t20480000400000000000
 20:52:10.955 t2058D18862027FFF5000
 20:52:11.054 t200822068A3E0048CA00
 20:52:11.054 t20185D8B8A0EF1F1F17B
 20:52:11.054 t20286000802AF2F900F9
 20:52:11.054 t203885288A223FF7FFFF
 20:52:11.054 t20480000800000000000
 20:52:11.055 t2058D188A2027FFF5000
 20:52:11.153 t20082209CA3E0048CA00
 20:52:11.154 t20185D8BCA0EF1F1F17B
 20:52:11.154 t20286000C02AF2F900F9
 20:52:11.154 t20388208CA221027FE00
 20:52:11.154 t20480000C00000000000
 20:52:11.154 t2058D188E2027FFF5000
 20:52:11.253 t2008220B0A3E0048CA00
 20:52:11.254 t20185D8B0A0EF1F1F17B
 20:52:11.254 t20286000002AF2F900F9
 20:52:11.254 t203883B40A22122801FF
 20:52:11.254 t20480000000000000000
 20:52:11.255 t2058D18822027FFF5000
 20:52:11.353 t2008220E4A3E0048CA00
 20:52:11.353 t20185D8B4A0EF1F1F17B
 20:52:11.353 t20286000402AF2F900F9
 20:52:11.354 t203885284A223FF7FFFF
 20:52:11.354 t20480000400000000000
 20:52:11.354 t2058D18862027FFF5000
 20:52:11.453 t200822118A3E0048CA00
 20:52:11.453 t20185D8B8A0EF1F1F17B
 20:52:11.453 t20286000802AF2F900F9
 20:52:11.454 t203882088A221027FE00
 20:52:11.454 t20480000800000000000
 20:52:11.454 t2058D188A2027FFF5000
 20:52:11.553 t20082214CA3E0048CA00
 20:52:11.554 t20185D8BCA0EF1F1F17B
 20:52:11.554 t20286000C02AF2F900F9
 20:52:11.554 t203883B4CA22122801FF
 20:52:11.554 t20480000C00000000000
 20:52:11.554 t2058D188E2027FFF5000
 20:52:11.653 t200822160A3E0048CA00
 20:52:11.653 t20185D8B0A0EF1F1F17B
 20:52:11.654 t20286000002AF2F900F9
 20:52:11.654 t203885280A223FF7FFFF
 20:52:11.654 t20480000000000000000
 20:52:11.654 t2058D18822027FFF5000
 20:52:11.753 t200822194A3E0048CA00
 20:52:11.754 t20185D8B4A0EF1F1F17B
 20:52:11.754 t20286000402AF2F900F9
 20:52:11.754 t203882084A221027FE00
 20:52:11.754 t20480000400000000000
 20:52:11.754 t2058D18862027FFF5000
 20:52:11.853 t2008221C8A3E0048CA00
 20:52:11.854 t20185D8B8A0EF1F1F17B
 20:52:11.854 t20286000802AF2F900F9
 20:52:11.854 t203883B48A22122801FF
 20:52:11.854 t20480000800000000000
 20:52:11.854 t2058D188A2027FFF5000
 20:52:11.953 t2008221FCA3E0048CA00
 20:52:11.954 t20185D8BCA0EF1F1F17B
 20:52:11.954 t20286000C02AF2F900F9
 20:52:11.954 t20388528CA223FF7FFFF
 20:52:11.954 t20480000C00000000000
 20:52:11.954 t2058D188E2027FFF5000
 20:52:12.053 t200822220A3E0048CA00
 20:52:12.053 t20185D8B0A0EF1F1F17B
 20:52:12.053 t20286000002AF2F900F9
 20:52:12.053 t203882080A221027FE00
 20:52:12.053 t20480000000000000000
 20:52:12.054 t2058D18822027FFF5000
 20:52:12.153 t200822244A3E0048CA00
 20:52:12.153 t20185D8B4A0EF1F1F17B
 20:52:12.153 t20286000402AF2F900F9
 20:52:12.153 t203883B44A22122801FF
 20:52:12.153 t20480000400000000000
 20:52:12.154 t2058D18862027FFF5000
 20:52:12.253 t200822278A3E0048CA00
 20:52:12.253 t20185D8B8A0EF1F1F17B
 20:52:12.254 t20286000802AF2F900F9
 20:52:12.254 t203885288A223FF7FFFF
 20:52:12.254 t20480000800000000000
 20:52:12.254 t2058D188A2027FFF5000
 20:52:12.353 t2008222ACA3E0048CA00
 20:52:12.353 t20185D8BCA0EF1F1F17B
 20:52:12.354 t20286000C02AF2F900F9
 20:52:12.354 t20388208CA221027FE00
 20:52:12.354 t20480000C00000000000
 20:52:12.354 t2058D188E2027FFF5000
 20:52:12.453 t2008222D0A3E0048CA00
 20:52:12.453 t20185D8B0A0EF1F1F17B
 20:52:12.454 t20286000002AF2F900F9
 20:52:12.454 t203883B40A22122801FF
 20:52:12.454 t20480000000000000000
 20:52:12.454 t2058D18822027FFF5000
 20:52:12.553 t2008222F4A3E0048CA00
 20:52:12.553 t20185D8B4A0EF1F1F17B
 20:52:12.554 t20286000402AF2F900F9
 20:52:12.554 t203885284A223FF7FFFF
 20:52:12.554 t20480000400000000000
 20:52:12.554 t2058D18862027FFF5000
 20:52:12.653 t200822328A3E0048CA00
 20:52:12.653 t20185D8B8A0EF1F1F17B
 20:52:12.654 t20286000802AF2F900F9
 20:52:12.654 t203882088A221027FE00
 20:52:12.654 t20480000800000000000
 20:52:12.654 t2058D188A2027FFF5000
 20:52:12.753 t20082235CA3E0048CA00
 20:52:12.753 t20185D8BCA0EF1F1F17B
 20:52:12.753 t20286000C02AF2F900F9
 20:52:12.753 t203883B4CA22122801FF
 20:52:12.753 t20480000C00000000000
 20:52:12.753 t2058D188E2027FFF5000
 20:52:12.853 t200822380A3E0048CA00
 20:52:12.853 t20185D8B0A0EF1F1F17B
 20:52:12.853 t20286000002AF2F900F9
 20:52:12.853 t203885280A223FF7FFFF
 20:52:12.853 t20480000000000000000
 20:52:12.853 t2058D18822027FFF5000
 20:52:12.953 t2008223B4A3E0048CA00
 20:52:12.953 t20185D8B4A0EF1F1F17B
 20:52:12.954 t20286000402AF2F900F9
 20:52:12.954 t203882084A221027FE00
 20:52:12.954 t20480000400000000000
 20:52:12.954 t2058D18862027FFF5000
 20:52:13.053 t2008223D8A3E0048CA00
 20:52:13.053 t20185D8B8A0EF1F1F17B
 20:52:13.054 t20286000802AF2F900F9
 20:52:13.054 t203883B48A22122801FF
 20:52:13.054 t20480000800000000000
 20:52:13.054 t2058D188A2027FFF5000
 20:52:13.153 t20082240CA3E0048CA00
 20:52:13.153 t20185D8BCA0EF1F1F17B
 20:52:13.153 t20286000C02AF2F900F9
 20:52:13.154 t20388528CA223FF7FFFF
 20:52:13.154 t20480000C00000000000
 20:52:13.154 t2058D188E2027FFF5000
 20:52:13.253 t200822430A3E0048CA00
 20:52:13.253 t20185D8B0A0EF1F1F17B
 20:52:13.253 t20286000002AF2F900F9
 20:52:13.253 t203882080A221027FE00
 20:52:13.254 t20480000000000000000
 20:52:13.254 t2058D18822027FFF5000
 20:52:13.353 t200822464A3E0048CA00
 20:52:13.353 t20185D8B4A0EF1F1F17B
 20:52:13.353 t20286000402AF2F900F9
 20:52:13.353 t203883B44A22122801FF
 20:52:13.353 t20480000400000000000
 20:52:13.353 t2058D18862027FFF5000
 20:52:13.454 t200822488A3E0048CA00
 20:52:13.454 t20185D8B8A0EF1F1F17B
 20:52:13.454 t20286000802AF2F900F9
 20:52:13.454 t203885288A223FF7FFFF
 20:52:13.454 t20480000800000000000
 20:52:13.454 t2058D188A2027FFF5000
 20:52:13.554 t2008224BCA3E0048CA00
 20:52:13.554 t20185D8BCA0EF1F1F17B
 20:52:13.554 t20286000C02AF2F900F9
 20:52:13.554 t20388208CA221027FE00
 20:52:13.554 t20480000C00000000000
 20:52:13.554 t2058D188E2027FFF5000
 20:52:13.654 t2008224E0A3E0048CA00
 20:52:13.654 t20185D8B0A0EF1F1F17B
 20:52:13.654 t20286000002AF2F900F9
 20:52:13.655 t203883B40A22122801FF
 20:52:13.655 t20480000000000000000
 20:52:13.655 t2058D18822027FFF5000
 20:52:13.754 t200822514A3E0048CA00
 20:52:13.754 t20185D8B4A0EF1F1F17B
 20:52:13.754 t20286000402AF2F900F9
 20:52:13.755 t203885284A223FF7FFFF
 20:52:13.755 t20480000400000000000
 20:52:13.755 t2058D18862027FFF5000
 20:52:13.854 t200822548A3E0048CA00
 20:52:13.854 t20185D8B8A0EF1F1F17B
 20:52:13.854 t20286000802AF2F900F9
 20:52:13.854 t203882088A221027FE00
 20:52:13.854 t20480000800000000000
 20:52:13.854 t2058D188A2027FFF5000
 20:52:13.954 t20082256CA3E0048CA00
 20:52:13.954 t20185D8BCA0EF1F1F17B
 20:52:13.954 t20286000C02AF2F900F9
 20:52:13.954 t203883B4CA22122801FF
 20:52:13.955 t20480000C00000000000
 20:52:13.955 t2058D188E2027FFF5000
 20:52:14.053 t200822590A3E0048CA00
 20:52:14.054 t20185D8B0A0EF1F1F17B
 20:52:14.054 t20286000002AF2F900F9
 20:52:14.054 t203885280A223FF7FFFF
 20:52:14.054 t20480000000000000000
 20:52:14.054 t2058D18822027FFF5000
 20:52:14.153 t2008225C4A3E0048CA00
 20:52:14.154 t20185D8B4A0EF1F1F17B
 20:52:14.154 t20286000402AF2F900F9
 20:52:14.154 t203882084A221027FE00
 20:52:14.154 t20480000400000000000
 20:52:14.154 t2058D18862027FFF5000
 20:52:14.254 t2008225F8A3E0048CA00
 20:52:14.254 t20185D8B8A0EF1F1F17B
 20:52:14.254 t20286000802AF2F900F9
 20:52:14.254 t203883B48A22122801FF
 20:52:14.254 t20480000800000000000
 20:52:14.255 t2058D188A2027FFF5000
 20:52:14.354 t20082261CA3E0048CA00
 20:52:14.354 t20185D8BCA0EF1F1F17B
 20:52:14.354 t20286000C02AF2F900F9
 20:52:14.354 t20388528CA223FF7FFFF
 20:52:14.354 t20480000C00000000000
 20:52:14.354 t2058D188E2027FFF5000
 20:52:14.454 t200822640A3E0048CA00
 20:52:14.454 t20185D8B0A0EF1F1F17B
 20:52:14.454 t20286000002AF2F900F9
 20:52:14.455 t203882080A221027FE00
 20:52:14.455 t20480000000000000000
 20:52:14.455 t2058D18822027FFF5000
 20:52:14.554 t200822674A3E0048CA00
 20:52:14.554 t20185D8B4A0EF1F1F17B
 20:52:14.554 t20286000402AF2F900F9
 20:52:14.554 t203883B44A22122801FF
 20:52:14.554 t20480000400000000000
 20:52:14.555 t2058D18862027FFF5000
 20:52:14.654 t2008226A8A3E0048CA00
 20:52:14.654 t20185D8B8A0EF1F1F17B
 20:52:14.654 t20286000802AF2F900F9
 20:52:14.654 t203885288A223FF7FFFF
 20:52:14.654 t20480000800000000000
 20:52:14.655 t2058D188A2027FFF5000
 20:52:14.753 t2008226DCA3E0048CA00
 20:52:14.753 t20185D8BCA0EF1F1F17B
 20:52:14.754 t20286000C02AF2F900F9
 20:52:14.754 t20388208CA221027FE00
 20:52:14.754 t20480000C00000000000
 20:52:14.754 t2058D188E2027FFF5000
 20:52:14.853 t2008226F0A3E0048CA00
 20:52:14.853 t20185D8B0A0EF1F1F17B
 20:52:14.853 t20286000002AF2F900F9
 20:52:14.854 t203883B40A22122801FF
 20:52:14.854 t20480000000000000000
 20:52:14.854 t2058D18822027FFF5000
 20:52:14.953 t200822724A3E0048CA00
 20:52:14.954 t20185D8B4A0EF1F1F17B
 20:52:14.954 t20286000402AF2F900F9
 20:52:14.954 t203885284A223FF7FFFF
 20:52:14.954 t20480000400000000000
 20:52:14.955 t2058D18862027FFF5000
 20:52:15.053 t200822758A3E0048CA00
 20:52:15.054 t20185D8B8A0EF1F1F17B
 20:52:15.054 t20286000802AF2F900F9
 20:52:15.054 t203882088A221027FE00
 20:52:15.054 t20480000800000000000
 20:52:15.055 t2058D188A2027FFF5000
 20:52:15.153 t20082278CA3E0048CA00
 20:52:15.154 t20185D8BCA0EF1F1F17B
 20:52:15.154 t20286000C02AF2F900F9
 20:52:15.154 t203883B4CA22122801FF
 20:52:15.154 t20480000C00000000000
 20:52:15.154 t2058D188E2027FFF5000
 20:52:15.253 t2008227A0A3E0048CA00
 20:52:15.254 t20185D8B0A0EF1F1F17B
 20:52:15.254 t20286000002AF2F900F9
 20:52:15.254 t203885280A223FF7FFFF
 20:52:15.254 t20480000000000000000
 20:52:15.254 t2058D18822027FFF5000
 20:52:15.353 t2008227D4A3E0048CA00
 20:52:15.354 t20185D8B4A0EF1F1F17B
 20:52:15.354 t20286000402AF2F900F9
 20:52:15.354 t203882084A221027FE00
 20:52:15.354 t20480000400000000000
 20:52:15.354 t2058D18862027FFF5000
 20:52:15.453 t200822808A3E0048CA00
 20:52:15.453 t20185D8B8A0EF1F1F17B
 20:52:15.453 t20286000802AF2F900F9
 20:52:15.453 t203883B48A22122801FF
 20:52:15.454 t20480000800000000000
 20:52:15.454 t2058D188A2027FFF5000
 20:52:15.553 t20082283CA3E0048CA00
 20:52:15.553 t20185D8BCA0EF1F1F17B
 20:52:15.553 t20286000C02AF2F900F9
 20:52:15.553 t20388528CA223FF7FFFF
 20:52:15.553 t20480000C00000000000
 20:52:15.554 t2058D188E2027FFF5000
 20:52:15.653 t200822860A3E0048CA00
 20:52:15.654 t20185D8B0A0EF1F1F17B
 20:52:15.654 t20286000002AF2F900F9
 20:52:15.654 t203882080A221027FE00
 20:52:15.655 t20480000000000000000
 20:52:15.656 t2058D18822027FFF5000
 20:52:15.753 t200822884A3E0048CA00
 20:52:15.753 t20185D8B4A0EF1F1F17B
 20:52:15.754 t20286000402AF2F900F9
 20:52:15.754 t203883B44A22122801FF
 20:52:15.754 t20480000400000000000
 20:52:15.754 t2058D18862027FFF5000
 20:52:15.853 t2008228B8A3E0048CA00
 20:52:15.853 t20185D8B8A0EF1F1F17B
 20:52:15.854 t20286000802AF2F900F9
 20:52:15.854 t203885288A223FF7FFFF
 20:52:15.854 t20480000800000000000
 20:52:15.854 t2058D188A2027FFF5000
 20:52:15.953 t2008228ECA3E0048CA00
 20:52:15.953 t20185D8BCA0EF1F1F17B
 20:52:15.953 t20286000C02AF2F900F9
 20:52:15.953 t20388208CA221027FE00
 20:52:15.953 t20480000C00000000000
 20:52:15.954 t2058D188E2027FFF5000
 20:52:16.053 t200822910A3E0048CA00
 20:52:16.053 t20185D8B0A0EF1F1F17B
 20:52:16.053 t20286000002AF2F900F9
 20:52:16.053 t203883B40A22122801FF
 20:52:16.053 t20480000000000000000
 20:52:16.053 t2058D18822027FFF5000
 20:52:16.153 t200822934A3E0048CA00
 20:52:16.153 t20185D8B4A0EF1F1F17B
 20:52:16.153 t20286000402AF2F900F9
 20:52:16.153 t203885284A223FF7FFFF
 20:52:16.153 t20480000400000000000
 20:52:16.153 t2058D18862027FFF5000
 20:52:16.253 t200822968A3E0048CA00
 20:52:16.253 t20185D8B8A0EF1F1F17B
 20:52:16.253 t20286000802AF2F900F9
 20:52:16.254 t203882088A221027FE00
 20:52:16.254 t20480000800000000000
 20:52:16.254 t2058D188A2027FFF5000
 20:52:16.353 t20082299CA3E0048CA00
 20:52:16.353 t20185D8BCA0EF1F1F17B
 20:52:16.354 t20286000C02AF2F900F9
 20:52:16.354 t203883B4CA22122801FF
 20:52:16.354 t20480000C00000000000
 20:52:16.354 t2058D188E2027FFF5000
 20:52:16.453 t2008229C0A3E0048CA00
 20:52:16.453 t20185D8B0A0EF1F1F17B
 20:52:16.453 t20286000002AF2F900F9
 20:52:16.454 t203885280A223FF7FFFF
 20:52:16.454 t20480000000000000000
 20:52:16.454 t2058D18822027FFF5000
 20:52:16.553 t2008229F4A3E0048CA00
 20:52:16.553 t20185D8B4A0EF1F1F17B
 20:52:16.553 t20286000402AF2F900F9
 20:52:16.554 t203882084A221027FE00
 20:52:16.554 t20480000400000000000
 20:52:16.554 t2058D18862027FFF5000
 20:52:16.653 t200822A18A3E0048CA00
 20:52:16.653 t20185D8B8A0EF1F1F17B
 20:52:16.654 t20286000802AF2F900F9
 20:52:16.654 t203883B48A22122801FF
 20:52:16.654 t20480000800000000000
 20:52:16.654 t2058D188A2027FFF5000
 20:52:16.753 t200822A4CA3E0048CA00
 20:52:16.753 t20185D8BCA0EF1F1F17B
 20:52:16.753 t20286000C02AF2F900F9
 20:52:16.753 t20388528CA223FF7FFFF
 20:52:16.753 t20480000C00000000000
 20:52:16.753 t2058D188E2027FFF5000
 20:52:16.853 t200822A70A3E0048CA00
 20:52:16.853 t20185D8B0A0EF1F1F17B
 20:52:16.853 t20286000002AF2F900F9
 20:52:16.853 t203882080A221027FE00
 20:52:16.853 t20480000000000000000
 20:52:16.853 t2058D18822027FFF5000
 20:52:16.953 t200822AA4A3E0048CA00
 20:52:16.953 t20185D8B4A0EF1F1F17B
 20:52:16.953 t20286000402AF2F900F9
 20:52:16.954 t203883B44A22122801FF
 20:52:16.954 t20480000400000000000
 20:52:16.954 t2058D18862027FFF5000
 20:52:17.053 t200822AC8A3E0048CA00
 20:52:17.053 t20185D8B8A0EF1F1F17B
 20:52:17.053 t20286000802AF2F900F9
 20:52:17.053 t203885288A223FF7FFFF
 20:52:17.053 t20480000800000000000
 20:52:17.054 t2058D188A2027FFF5000
 20:52:17.153 t200822AFCA3E0048CA00
 20:52:17.153 t20185D8BCA0EF1F1F17B
 20:52:17.153 t20286000C02AF2F900F9
 20:52:17.154 t20388208CA221027FE00
 20:52:17.154 t20480000C00000000000
 20:52:17.154 t2058D188E2027FFF5000
 20:52:17.253 t200822B20A3E0048CA00
 20:52:17.253 t20185D8B0A0EF1F1F17B
 20:52:17.253 t20286000002AF2F900F9
 20:52:17.254 t203883B40A22122801FF
 20:52:17.254 t20480000000000000000
 20:52:17.254 t2058D18822027FFF5000
 20:52:17.354 t200822B54A3E0048CA00
 20:52:17.354 t20185D8B4A0EF1F1F17B
 20:52:17.354 t20286000402AF2F900F9
 20:52:17.355 t203885284A223FF7FFFF
 20:52:17.355 t20480000400000000000
 20:52:17.356 t2058D18862027FFF5000
 20:52:17.454 t200822B88A3E0048CA00
 20:52:17.454 t20185D8B8A0EF1F1F17B
 20:52:17.454 t20286000802AF2F900F9
 20:52:17.454 t203882088A221027FE00
 20:52:17.454 t20480000800000000000
 20:52:17.454 t2058D188A2027FFF5000
 20:52:17.554 t200822BACA3E0048CA00
 20:52:17.554 t20185D8BCA0EF1F1F17B
 20:52:17.555 t20286000C02AF2F900F9
 20:52:17.555 t203883B4CA22122801FF
 20:52:17.555 t20480000C00000000000
 20:52:17.555 t2058D188E2027FFF5000
 20:52:17.654 t200822BD0A3E0048CA00
 20:52:17.654 t20185D8B0A0EF1F1F17B
 20:52:17.654 t20286000002AF2F900F9
 20:52:17.654 t203885280A223FF7FFFF
 20:52:17.654 t20480000000000000000
 20:52:17.655 t2058D18822027FFF5000
 20:52:17.754 t200822C04A3E0048CA00
 20:52:17.754 t20185D8B4A0EF1F1F17B
 20:52:17.754 t20286000402AF2F900F9
 20:52:17.755 t203882084A221027FE00
 20:52:17.755 t20480000400000000000
 20:52:17.755 t2058D18862027FFF5000
 20:52:17.854 t200822C38A3E0048CA00
 20:52:17.854 t20185D8B8A0EF1F1F17B
 20:52:17.854 t20286000802AF2F900F9
 20:52:17.855 t203883B48A22122801FF
 20:52:17.855 t20480000800000000000
 20:52:17.855 t2058D188A2027FFF5000
 20:52:17.954 t200822C5CA3E0048CA00
 20:52:17.954 t20185D8BCA0EF1F1F17B
 20:52:17.954 t20286000C02AF2F900F9
 20:52:17.955 t20388528CA223FF7FFFF
 20:52:17.955 t20480000C00000000000
 20:52:17.955 t2058D188E2027FFF5000
 20:52:18.053 t200822C80A3E0048CA00
 20:52:18.054 t20185D8B0A0EF1F1F17B
 20:52:18.054 t20286000002AF2F900F9
 20:52:18.054 t203882080A221027FE00
 20:52:18.054 t20480000000000000000
 20:52:18.054 t2058D18822027FFF5000
 20:52:18.153 t200822CB4A3E0048CA00
 20:52:18.154 t20185D8B4A0EF1F1F17B
 20:52:18.154 t20286000402AF2F900F9
 20:52:18.154 t203883B44A22122801FF
 20:52:18.154 t20480000400000000000
 20:52:18.154 t2058D18862027FFF5000
 20:52:18.254 t200822CE8A3E0048CA00
 20:52:18.254 t20185D8B8A0EF1F1F17B
 20:52:18.254 t20286000802AF2F900F9
 20:52:18.255 t203885288A223FF7FFFF
 20:52:18.255 t20480000800000000000
 20:52:18.255 t2058D188A2027FFF5000
 20:52:18.353 t200822D1CA3E0048CA00
 20:52:18.354 t20185D8BCA0EF1F1F17B
 20:52:18.354 t20286000C02AF2F900F9
 20:52:18.355 t20388208CA221027FE00
 20:52:18.355 t20480000C00000000000
 20:52:18.356 t2058D188E2027FFF5000
 20:52:18.454 t200822D30A3E0048CA00
 20:52:18.454 t20185D8B0A0EF1F1F17B
 20:52:18.454 t20286000002AF2F900F9
 20:52:18.455 t203883B40A22122801FF
 20:52:18.455 t20480000000000000000
 20:52:18.455 t2058D18822027FFF5000
 20:52:18.554 t200822D64A3E0048CA00
 20:52:18.554 t20185D8B4A0EF1F1F17B
 20:52:18.554 t20286000402AF2F900F9
 20:52:18.555 t203885284A223FF7FFFF
 20:52:18.555 t20480000400000000000
 20:52:18.555 t2058D18862027FFF5000
 20:52:18.653 t200822D98A3E0048CA00
 20:52:18.654 t20185D8B8A0EF1F1F17B
 20:52:18.654 t20286000802AF2F900F9
 20:52:18.655 t203882088A221027FE00
 20:52:18.655 t20480000800000000000
 20:52:18.655 t2058D188A2027FFF5000
 20:52:18.753 t200822DCCA3E0048CA00
 20:52:18.753 t20185D8BCA0EF1F1F17B
 20:52:18.753 t20286000C02AF2F900F9
 20:52:18.754 t203883B4CA22122801FF
 20:52:18.754 t20480000C00000000000
 20:52:18.754 t2058D188E2027FFF5000
 20:52:18.853 t200822DE0A3E0048CA00
 20:52:18.853 t20185D8B0A0EF1F1F17B
 20:52:18.853 t20286000002AF2F900F9
 20:52:18.853 t203885280A223FF7FFFF
 20:52:18.854 t20480000000000000000
 20:52:18.854 t2058D18822027FFF5000
 20:52:18.953 t200822E14A3E0048CA00
 20:52:18.953 t20185D8B4A0EF1F1F17B
 20:52:18.954 t20286000402AF2F900F9
 20:52:18.954 t203882084A221027FE00
 20:52:18.954 t20480000400000000000
 20:52:18.954 t2058D18862027FFF5000
 20:52:19.053 t200822E48A3E0048CA00
 20:52:19.054 t20185D8B8A0EF1F1F17B
 20:52:19.054 t20286000802AF2F900F9
 20:52:19.054 t203883B48A22122801FF
 20:52:19.055 t20480000800000000000
 20:52:19.055 t2058D188A2027FFF5000
 20:52:19.153 t200822E7CA3E0048CA00
 20:52:19.154 t20185D8BCA0EF1F1F17B
 20:52:19.154 t20286000C02AF2F900F9
 20:52:19.154 t20388528CA223FF7FFFF
 20:52:19.155 t20480000C00000000000
 20:52:19.155 t2058D188E2027FFF5000
 20:52:19.253 t200822EA0A3E0048CA00
 20:52:19.253 t20185D8B0A0EF1F1F17B
 20:52:19.254 t20286000002AF2F900F9
 20:52:19.254 t203882080A221027FE00
 20:52:19.254 t20480000000000000000
 20:52:19.255 t2058D18822027FFF5000
 20:52:19.353 t200822EC4A3E0048CA00
 20:52:19.353 t20185D8B4A0EF1F1F17B
 20:52:19.354 t20286000402AF2F900F9
 20:52:19.354 t203883B44A22122801FF
 20:52:19.355 t20480000400000000000
 20:52:19.355 t2058D18862027FFF5000
 20:52:19.453 t200822EF8A3E0048CA00
 20:52:19.453 t20185D8B8A0EF1F1F17B
 20:52:19.453 t20286000802AF2F900F9
 20:52:19.453 t203885288A223FF7FFFF
 20:52:19.454 t20480000800000000000
 20:52:19.454 t2058D188A2027FFF5000
 20:52:19.553 t200822F2CA3E0048CA00
 20:52:19.553 t20185D8BCA0EF1F1F17B
 20:52:19.553 t20286000C02AF2F900F9
 20:52:19.553 t20388208CA221027FE00
 20:52:19.553 t20480000C00000000000
 20:52:19.553 t2058D188E2027FFF5000
 20:52:19.653 t200822F50A3E0048CA00
 20:52:19.653 t20185D8B0A0EF1F1F17B
 20:52:19.653 t20286000002AF2F900F9
 20:52:19.654 t203883B40A22122801FF
 20:52:19.654 t20480000000000000000
 20:52:19.654 t2058D18822027FFF5000
 20:52:19.753 t200822F74A3E0048CA00
 20:52:19.753 t20185D8B4A0EF1F1F17B
 20:52:19.753 t20286000402AF2F900F9
 20:52:19.753 t203885284A223FF7FFFF
 20:52:19.753 t20480000400000000000
 20:52:19.754 t2058D18862027FFF5000
 20:52:19.853 t200822FA8A3E0048CA00
 20:52:19.853 t20185D8B8A0EF1F1F17B
 20:52:19.853 t20286000802AF2F900F9
 20:52:19.854 t203882088A221027FE00
 20:52:19.854 t20480000800000000000
 20:52:19.854 t2058D188A2027FFF5000
 20:52:19.953 t200822FDCA3E0048CA00
 20:52:19.953 t20185D8BCA0EF1F1F17B
 20:52:19.953 t20286000C02AF2F900F9
 20:52:19.953 t203883B4CA22122801FF
 20:52:19.953 t20480000C00000000000
 20:52:19.954 t2058D188E2027FFF5000
 20:52:20.053 t200823000A3E0048CA00
 20:52:20.053 t20185D8B0A0EF1F1F17B
 20:52:20.053 t20286000002AF2F900F9
 20:52:20.053 t203885280A223FF7FFFF
 20:52:20.053 t20480000000000000000
 20:52:20.054 t2058D18822027FFF5000
 20:52:20.153 t200823034A3E0048CA00
 20:52:20.153 t20185D8B4A0EF1F1F17B
 20:52:20.153 t20286000402AF2F900F9
 20:52:20.153 t203882084A221027FE00
 20:52:20.153 t20480000400000000000
 20:52:20.154 t2058D18862027FFF5000
 20:52:20.253 t200823058A3E0048CA00
 20:52:20.253 t20185D8B8A0EF1F1F17B
 20:52:20.253 t20286000802AF2F900F9
 20:52:20.254 t203883B48A22122801FF
 20:52:20.254 t20480000800000000000
 20:52:20.255 t2058D188A2027FFF5000
 20:52:20.353 t20082308CA3E0048CA00
 20:52:20.353 t20185D8BCA0EF1F1F17B
 20:52:20.354 t20286000C02AF2F900F9
 20:52:20.354 t20388528CA223FF7FFFF
 20:52:20.354 t20480000C00000000000
 20:52:20.355 t2058D188E2027FFF5000
 20:52:20.453 t2008230B0A3E0048CA00
 20:52:20.453 t20185D8B0A0EF1F1F17B
 20:52:20.454 t20286000002AF2F900F9
 20:52:20.454 t203882080A221027FE00
 20:52:20.454 t20480000000000000000
 20:52:20.455 t2058D18822027FFF5000
 20:52:20.553 t2008230E4A3E0048CA00
 20:52:20.553 t20185D8B4A0EF1F1F17B
 20:52:20.554 t20286000402AF2F900F9
 20:52:20.555 t203883B44A22122801FF
 20:52:20.555 t20480000400000000000
 20:52:20.555 t2058D18862027FFF5000
 20:52:20.653 t200823108A3E0048CA00
 20:52:20.653 t20185D8B8A0EF1F1F17B
 20:52:20.654 t20286000802AF2F900F9
 20:52:20.655 t203885288A223FF7FFFF
 20:52:20.655 t20480000800000000000
 20:52:20.655 t2058D188A2027FFF5000
 20:52:20.753 t20082313CA3E0048CA00
 20:52:20.753 t20185D8BCA0EF1F1F17B
 20:52:20.753 t20286000C02AF2F900F9
 20:52:20.753 t20388208CA221027FE00
 20:52:20.753 t20480000C00000000000
 20:52:20.753 t2058D188E2027FFF5000
 20:52:20.853 t200823160A3E0048CA00
 20:52:20.853 t20185D8B0A0EF1F1F17B
 20:52:20.853 t20286000002AF2F900F9
 20:52:20.853 t203883B40A22122801FF
 20:52:20.853 t20480000000000000000
 20:52:20.853 t2058D18822027FFF5000
 20:52:20.954 t200823194A3E0048CA00
 20:52:20.954 t20185D8B4A0EF1F1F17B
 20:52:20.954 t20286000402AF2F900F9
 20:52:20.954 t203885284A223FF7FFFF
 20:52:20.955 t20480000400000000000
 20:52:20.955 t2058D18862027FFF5000
 20:52:21.054 t2008231C8A3E0048CA00
 20:52:21.054 t20185D8B8A0EF1F1F17B
 20:52:21.054 t20286000802AF2F900F9
 20:52:21.055 t203882088A221027FE00
 20:52:21.055 t20480000800000000000
 20:52:21.055 t2058D188A2027FFF5000
 20:52:21.155 t2008231ECA3E0048CA00
 20:52:21.155 t20185D8BCA0EF1F1F17B
 20:52:21.155 t20286000C02AF2F900F9
 20:52:21.155 t203883B4CA22122801FF
 20:52:21.155 t20480000C00000000000
 20:52:21.156 t2058D188E2027FFF5000
 20:52:21.254 t200823210A3E0048CA00
 20:52:21.255 t20185D8B0A0EF1F1F17B
 20:52:21.255 t20286000002AF2F900F9
 20:52:21.255 t203885280A223FF7FFFF
 20:52:21.255 t20480000000000000000
 20:52:21.255 t2058D18822027FFF5000
 20:52:21.354 t200823244A3E0048CA00
 20:52:21.355 t20185D8B4A0EF1F1F17B
 20:52:21.355 t20286000402AF2F900F9
 20:52:21.355 t203882084A221027FE00
 20:52:21.355 t20480000400000000000
 20:52:21.355 t2058D18862027FFF5000
 20:52:21.454 t200823278A3E0048CA00
 20:52:21.454 t20185D8B8A0EF1F1F17B
 20:52:21.454 t20286000802AF2F900F9
 20:52:21.454 t203883B48A22122801FF
 20:52:21.454 t20480000800000000000
 20:52:21.454 t2058D188A2027FFF5000
 20:52:21.554 t20082329CA3E0048CA00
 20:52:21.554 t20185D8BCA0EF1F1F17B
 20:52:21.554 t20286000C02AF2F900F9
 20:52:21.554 t20388528CA223FF7FFFF
 20:52:21.554 t20480000C00000000000
 20:52:21.554 t2058D188E2027FFF5000
 20:52:21.654 t2008232C0A3E0048CA00
 20:52:21.654 t20185D8B0A0EF1F1F17B
 20:52:21.655 t20286000002AF2F900F9
 20:52:21.655 t203882080A221027FE00
 20:52:21.655 t20480000000000000000
 20:52:21.655 t2058D18822027FFF5000
 20:52:21.754 t2008232F4A3E0048CA00
 20:52:21.755 t20185D8B4A0EF1F1F17B
 20:52:21.755 t20286000402AF2F900F9
 20:52:21.755 t203883B44A22122801FF
 20:52:21.755 t20480000400000000000
 20:52:21.755 t2058D18862027FFF5000
 20:52:21.854 t200823328A3E0048CA00
 20:52:21.854 t20185D8B8A0EF1F1F17B
 20:52:21.854 t20286000802AF2F900F9
 20:52:21.855 t203885288A223FF7FFFF
 20:52:21.855 t20480000800000000000
 20:52:21.855 t2058D188A2027FFF5000
 20:52:21.954 t20082335CA3E0048CA00
 20:52:21.954 t20185D8BCA0EF1F1F17B
 20:52:21.955 t20286000C02AF2F900F9
 20:52:21.955 t20388208CA221027FE00
 20:52:21.955 t20480000C00000000000
 20:52:21.955 t2058D188E2027FFF5000
 20:52:22.054 t200823370A3E0048CA00
 20:52:22.054 t20185D8B0A0EF1F1F17B
 20:52:22.054 t20286000002AF2F900F9
 20:52:22.054 t203883B40A22122801FF
 20:52:22.054 t20480000000000000000
 20:52:22.054 t2058D18822027FFF5000
 20:52:22.154 t2008233A4A3E0048CA00
 20:52:22.154 t20185D8B4A0EF1F1F17B
 20:52:22.154 t20286000402AF2F900F9
 20:52:22.154 t203885284A223FF7FFFF
 20:52:22.154 t20480000400000000000
 20:52:22.154 t2058D18862027FFF5000
 20:52:22.253 t2008233D8A3E0048CA00
 20:52:22.254 t20185D8B8A0EF1F1F17B
 20:52:22.254 t20286000802AF2F900F9
 20:52:22.254 t203882088A221027FE00
 20:52:22.254 t20480000800000000000
 20:52:22.254 t2058D188A2027FFF5000
 20:52:22.354 t20082340CA3E0048CA00
 20:52:22.354 t20185D8BCA0EF1F1F17B
 20:52:22.354 t20286000C02AF2F900F9
 20:52:22.354 t203883B4CA22122801FF
 20:52:22.355 t20480000C00000000000
 20:52:22.355 t2058D188E2027FFF5000
 20:52:22.454 t200823420A3E0048CA00
 20:52:22.454 t20185D8B0A0EF1F1F17B
 20:52:22.454 t20286000002AF2F900F9
 20:52:22.454 t203885280A223FF7FFFF
 20:52:22.454 t20480000000000000000
 20:52:22.454 t2058D18822027FFF5000
 20:52:22.554 t200823454A3E0048CA00
 20:52:22.554 t20185D8B4A0EF1F1F17B
 20:52:22.554 t20286000402AF2F900F9
 20:52:22.555 t203882084A221027FE00
 20:52:22.555 t20480000400000000000
 20:52:22.555 t2058D18862027FFF5000
 20:52:22.654 t200823488A3E0048CA00
 20:52:22.654 t20185D8B8A0EF1F1F17B
 20:52:22.654 t20286000802AF2F900F9
 20:52:22.655 t203883B48A22122801FF
 20:52:22.655 t20480000800000000000
 20:52:22.655 t2058D188A2027FFF5000
 20:52:22.753 t2008234BCA3E0048CA00
 20:52:22.754 t20185D8BCA0EF1F1F17B
 20:52:22.754 t20286000C02AF2F900F9
 20:52:22.754 t20388528CA223FF7FFFF
 20:52:22.754 t20480000C00000000000
 20:52:22.754 t2058D188E2027FFF5000
 20:52:22.853 t2008234E0A3E0048CA00
 20:52:22.854 t20185D8B0A0EF1F1F17B
 20:52:22.854 t20286000002AF2F900F9
 20:52:22.854 t203882080A221027FE00
 20:52:22.854 t20480000000000000000
 20:52:22.854 t2058D18822027FFF5000
 20:52:22.954 t200823504A3E0048CA00
 20:52:22.954 t20185D8B4A0EF1F1F17B
 20:52:22.954 t20286000402AF2F900F9
 20:52:22.955 t203883B44A22122801FF
 20:52:22.955 t20480000400000000000
 20:52:22.955 t2058D18862027FFF5000
 20:52:23.055 t200823538A3E0048CA00
 20:52:23.055 t20185D8B8A0EF1F1F17B
 20:52:23.055 t20286000802AF2F900F9
 20:52:23.055 t203885288A223FF7FFFF
 20:52:23.055 t20480000800000000000
 20:52:23.056 t2058D188A2027FFF5000
 20:52:23.154 t20082356CA3E0048CA00
 20:52:23.154 t20185D8BCA0EF1F1F17B
 20:52:23.154 t20286000C02AF2F900F9
 20:52:23.155 t20388208CA221027FE00
 20:52:23.155 t20480000C00000000000
 20:52:23.155 t2058D188E2027FFF5000
 20:52:23.254 t200823590A3E0048CA00
 20:52:23.254 t20185D8B0A0EF1F1F17B
 20:52:23.254 t20286000002AF2F900F9
 20:52:23.255 t203883B40A22122801FF
 20:52:23.255 t20480000000000000000
 20:52:23.255 t2058D18822027FFF5000
 20:52:23.354 t2008235B4A3E0048CA00
 20:52:23.354 t20185D8B4A0EF1F1F17B
 20:52:23.354 t20286000402AF2F900F9
 20:52:23.354 t203885284A223FF7FFFF
 20:52:23.355 t20480000400000000000
 20:52:23.355 t2058D18862027FFF5000
 20:52:23.453 t2008235E8A3E0048CA00
 20:52:23.454 t20185D8B8A0EF1F1F17B
 20:52:23.454 t20286000802AF2F900F9
 20:52:23.454 t203882088A221027FE00
 20:52:23.454 t20480000800000000000
 20:52:23.454 t2058D188A2027FFF5000
 20:52:23.553 t20082361CA3E0048CA00
 20:52:23.553 t20185D8BCA0EF1F1F17B
 20:52:23.553 t20286000C02AF2F900F9
 20:52:23.554 t203883B4CA22122801FF
 20:52:23.554 t20480000C00000000000
 20:52:23.554 t2058D188E2027FFF5000
 20:52:23.654 t200823640A3E0048CA00
 20:52:23.654 t20185D8B0A0EF1F1F17B
 20:52:23.654 t20286000002AF2F900F9
 20:52:23.654 t203885280A223FF7FFFF
 20:52:23.655 t20480000000000000000
 20:52:23.655 t2058D18822027FFF5000
 20:52:23.754 t200823674A3E0048CA00
 20:52:23.754 t20185D8B4A0EF1F1F17B
 20:52:23.754 t20286000402AF2F900F9
 20:52:23.754 t203882084A221027FE00
 20:52:23.755 t20480000400000000000
 20:52:23.755 t2058D18862027FFF5000
 20:52:23.853 t200823698A3E0048CA00
 20:52:23.853 t20185D8B8A0EF1F1F17B
 20:52:23.854 t20286000802AF2F900F9
 20:52:23.854 t203883B48A22122801FF
 20:52:23.854 t20480000800000000000
 20:52:23.854 t2058D188A2027FFF5000
 20:52:23.954 t2008236CCA3E0048CA00
 20:52:23.954 t20185D8BCA0EF1F1F17B
 20:52:23.954 t20286000C02AF2F900F9
 20:52:23.954 t20388528CA223FF7FFFF
 20:52:23.954 t20480000C00000000000
 20:52:23.955 t2058D188E2027FFF5000
 20:52:24.053 t2008236F0A3E0048CA00
 20:52:24.053 t20185D8B0A0EF1F1F17B
 20:52:24.053 t20286000002AF2F900F9
 20:52:24.053 t203882080A221027FE00
 20:52:24.053 t20480000000000000000
 20:52:24.054 t2058D18822027FFF5000
 20:52:24.153 t200823724A3E0048CA00
 20:52:24.153 t20185D8B4A0EF1F1F17B
 20:52:24.153 t20286000402AF2F900F9
 20:52:24.153 t203883B44A22122801FF
 20:52:24.153 t20480000400000000000
 20:52:24.153 t2058D18862027FFF5000
 20:52:24.253 t200823748A3E0048CA00
 20:52:24.253 t20185D8B8A0EF1F1F17B
 20:52:24.253 t20286000802AF2F900F9
 20:52:24.253 t203885288A223FF7FFFF
 20:52:24.253 t20480000800000000000
 20:52:24.253 t2058D188A2027FFF5000
 20:52:24.354 t20082377CA3E0048CA00
 20:52:24.354 t20185D8BCA0EF1F1F17B
 20:52:24.354 t20286000C02AF2F900F9
 20:52:24.354 t20388208CA221027FE00
 20:52:24.354 t20480000C00000000000
 20:52:24.355 t2058D188E2027FFF5000
 20:52:24.453 t2008237A0A3E0048CA00
 20:52:24.454 t20185D8B0A0EF1F1F17B
 20:52:24.454 t20286000002AF2F900F9
 20:52:24.454 t203883B40A22122801FF
 20:52:24.454 t20480000000000000000
 20:52:24.454 t2058D18822027FFF5000
 20:52:24.553 t2008237D4A3E0048CA00
 20:52:24.554 t20185D8B4A0EF1F1F17B
 20:52:24.554 t20286000402AF2F900F9
 20:52:24.554 t203885284A223FF7FFFF
 20:52:24.554 t20480000400000000000
 20:52:24.554 t2058D18862027FFF5000
 20:52:24.653 t200823808A3E0048CA00
 20:52:24.653 t20185D8B8A0EF1F1F17B
 20:52:24.654 t20286000802AF2F900F9
 20:52:24.654 t203882088A221027FE00
 20:52:24.654 t20480000800000000000
 20:52:24.654 t2058D188A2027FFF5000
 20:52:24.753 t20082382CA3E0048CA00
 20:52:24.753 t20185D8BCA0EF1F1F17B
 20:52:24.753 t20286000C02AF2F900F9
 20:52:24.753 t203883B4CA22122801FF
 20:52:24.753 t20480000C00000000000
 20:52:24.753 t2058D188E2027FFF5000
 20:52:24.853 t200823850A3E0048CA00
 20:52:24.853 t20185D8B0A0EF1F1F17B
 20:52:24.853 t20286000002AF2F900F9
 20:52:24.853 t203885280A223FF7FFFF
 20:52:24.853 t20480000000000000000
 20:52:24.853 t2058D18822027FFF5000
 20:52:24.953 t200823884A3E0048CA00
 20:52:24.953 t20185D8B4A0EF1F1F17B
 20:52:24.953 t20286000402AF2F900F9
 20:52:24.954 t203882084A221027FE00
 20:52:24.954 t20480000400000000000
 20:52:24.954 t2058D18862027FFF5000
 20:52:25.053 t2008238B8A3E0048CA00
 20:52:25.053 t20185D8B8A0EF1F1F17B
 20:52:25.054 t20286000802AF2F900F9
 20:52:25.054 t203883B48A22122801FF
 20:52:25.054 t20480000800000000000
 20:52:25.054 t2058D188A2027FFF5000
 20:52:25.153 t2008238DCA3E0048CA00
 20:52:25.153 t20185D8BCA0EF1F1F17B
 20:52:25.153 t20286000C02AF2F900F9
 20:52:25.153 t20388528CA223FF7FFFF
 20:52:25.153 t20480000C00000000000
 20:52:25.153 t2058D188E2027FFF5000
 20:52:25.254 t200823900A3E0048CA00
 20:52:25.254 t20185D8B0A0EF1F1F17B
 20:52:25.254 t20286000002AF2F900F9
 20:52:25.254 t203882080A221027FE00
 20:52:25.254 t20480000000000000000
 20:52:25.255 t2058D18822027FFF5000
 20:52:25.354 t200823934A3E0048CA00
 20:52:25.354 t20185D8B4A0EF1F1F17B
 20:52:25.354 t20286000402AF2F900F9
 20:52:25.354 t203885284A200CB7FDFF
 20:52:25.354 t20480000400000000000
 20:52:25.355 t2058D18862027FFF5000
 20:52:25.453 t200823968A3E0048CA00
 20:52:25.454 t20185D8B8A0EF1F1F17B
 20:52:25.454 t20286000802AF2F900F9
 20:52:25.454 t203886EF8A203FF803FF
 20:52:25.454 t20480000800000000000
 20:52:25.454 t2058D188A2027FFF5000
 20:52:25.553 t20082399CA3E0048CA00
 20:52:25.554 t20185D8BCA0EF1F1F17B
 20:52:25.554 t20286000C02AF2F900F9
 20:52:25.554 t203883B4CA22122801FF
 20:52:25.554 t20480000C00000000000
 20:52:25.554 t2058D188E2027FFF5000
 20:52:25.654 t2008239B0A3E0048CA00
 20:52:25.654 t20185D8B0A0EF1F1F17B
 20:52:25.654 t20286000002AF2F900F9
 20:52:25.654 t203885280A220CB7FDFF
 20:52:25.654 t20480000000000000000
 20:52:25.655 t2058D18822027FFF5000
 20:52:25.753 t2008239E4A3E0048CA00
 20:52:25.754 t20185D8B4A0EF1F1F17B
 20:52:25.754 t20286000402AF2F900F9
 20:52:25.754 t203886EF4A223FF803FF
 20:52:25.754 t20480000400000000000
 20:52:25.755 t2058D18862027FFF5000
 20:52:25.854 t200823A18A3E0048CA00
 20:52:25.854 t20185D8B8A0EF1F1F17B
 20:52:25.854 t20286000802AF2F900F9
 20:52:25.854 t203883B48A22122801FF
 20:52:25.854 t20480000800000000000
 20:52:25.855 t2058D188A2027FFF5000
 20:52:25.953 t200823A4CA3E0048CA00
 20:52:25.954 t20185D8BCA0EF1F1F17B
 20:52:25.954 t20286000C02AF2F900F9
 20:52:25.954 t20388528CA220CB7FDFF
 20:52:25.954 t20480000C00000000000
 20:52:25.954 t2058D188E2027FFF5000
 20:52:26.053 t200823A60A3E0048CA00
 20:52:26.054 t20185D8B0A0EF1F1F17B
 20:52:26.054 t20286000002AF2F900F9
 20:52:26.054 t203886EF0A223FF803FF
 20:52:26.054 t20480000000000000000
 20:52:26.054 t2058D18822027FFF5000
 20:52:26.153 t200823A94A3E0048CA00
 20:52:26.153 t20185D8B4A0EF1F1F17B
 20:52:26.153 t20286000402AF2F900F9
 20:52:26.154 t203883B44A22122801FF
 20:52:26.154 t20480000400000000000
 20:52:26.154 t2058D18862027FFF5000
 20:52:26.253 t200823AC8A3E0048CA00
 20:52:26.253 t20185D8B8A0EF1F1F17B
 20:52:26.254 t20286000802AF2F900F9
 20:52:26.254 t203885288A220CB7FDFF
 20:52:26.254 t20480000800000000000
 20:52:26.254 t2058D188A2027FFF5000
 20:52:26.353 t200823AFCA3E0048CA00
 20:52:26.354 t20185D8BCA0EF1F1F17B
 20:52:26.354 t20286000C02AF2F900F9
 20:52:26.354 t203886EFCA223FF803FF
 20:52:26.354 t20480000C00000000000
 20:52:26.354 t2058D188E2027FFF5000
 20:52:26.453 t200823B20A3E0048CA00
 20:52:26.454 t20185D8B0A0EF1F1F17B
 20:52:26.454 t20286000002AF2F900F9
 20:52:26.454 t203883B40A22122801FF
 20:52:26.454 t20480000000000000000
 20:52:26.454 t2058D18822027FFF5000
 20:52:26.553 t200823B44A3E0048CA00
 20:52:26.553 t20185D8B4A0EF1F1F17B
 20:52:26.553 t20286000402AF2F900F9
 20:52:26.554 t203885284A220CB7FDFF
 20:52:26.554 t20480000400000000000
 20:52:26.554 t2058D18862027FFF5000
 20:52:26.653 t200823B78A3E0048CA00
 20:52:26.654 t20185D8B8A0EF1F1F17B
 20:52:26.654 t20286000802AF2F900F9
 20:52:26.654 t203886EF8A223FF803FF
 20:52:26.654 t20480000800000000000
 20:52:26.654 t2058D188A2027FFF5000
 20:52:26.753 t200823B9CA3E0048CA00
 20:52:26.753 t20185D8BCA0EF1F1F17B
 20:52:26.753 t20286000C02AF2F900F9
 20:52:26.753 t203883B4CA22122801FF
 20:52:26.754 t20480000C00000000000
 20:52:26.754 t2058D188E2027FFF5000
 20:52:26.853 t200823BC0A3E0048CA00
 20:52:26.853 t20185D8B0A0EF1F1F17B
 20:52:26.853 t20286000002AF2F900F9
 20:52:26.853 t203885280A220CB7FDFF
 20:52:26.853 t20480000000000000000
 20:52:26.854 t2058D18822027FFF5000
 20:52:26.953 t200823BF4A3E0048CA00
 20:52:26.953 t20185D8B4A0EF1F1F17B
 20:52:26.954 t20286000402AF2F900F9
 20:52:26.954 t203886EF4A223FF803FF
 20:52:26.954 t20480000400000000000
 20:52:26.954 t2058D18862027FFF5000
 20:52:27.053 t200823C28A3E0048CA00
 20:52:27.053 t20185D8B8A0EF1F1F17B
 20:52:27.054 t20286000802AF2F900F9
 20:52:27.054 t203883B48A22122801FF
 20:52:27.054 t20480000800000000000
 20:52:27.054 t2058D188A2027FFF5000
 20:52:27.153 t200823C4CA3E0048CA00
 20:52:27.153 t20185D8BCA0EF1F1F17B
 20:52:27.154 t20286000C02AF2F900F9
 20:52:27.154 t20388528CA220CB7FDFF
 20:52:27.154 t20480000C00000000000
 20:52:27.154 t2058D188E2027FFF5000
 20:52:27.253 t200823C70A3E0048CA00
 20:52:27.253 t20185D8B0A0EF1F1F17B
 20:52:27.253 t20286000002AF2F900F9
 20:52:27.253 t203886EF0A223FF803FF
 20:52:27.253 t20480000000000000000
 20:52:27.254 t2058D18822027FFF5000
 20:52:27.353 t200823CA4A3E0048CA00
 20:52:27.353 t20185D8B4A0EF1F1F17B
 20:52:27.353 t20286000402AF2F900F9
 20:52:27.354 t203883B44A22122801FF
 20:52:27.354 t20480000400000000000
 20:52:27.354 t2058D18862027FFF5000
 20:52:27.453 t200823CD8A3E0048CA00
 20:52:27.453 t20185D8B8A0EF1F1F17B
 20:52:27.453 t20286000802AF2F900F9
 20:52:27.453 t203885288A220CB7FDFF
 20:52:27.453 t20480000800000000000
 20:52:27.453 t2058D188A2027FFF5000
 20:52:27.553 t200823D0CA3E0048CA00
 20:52:27.553 t20185D8BCA0EF1F1F17B
 20:52:27.553 t20286000C02AF2F900F9
 20:52:27.553 t203886EFCA223FF803FF
 20:52:27.553 t20480000C00000000000
 20:52:27.553 t2058D188E2027FFF5000
 20:52:27.653 t200823D20A3E0048CA00
 20:52:27.653 t20185D8B0A0EF1F1F17B
 20:52:27.653 t20286000002AF2F900F9
 20:52:27.654 t203883B40A22122801FF
 20:52:27.654 t20480000000000000000
 20:52:27.654 t2058D18822027FFF5000
 20:52:27.753 t200823D54A3E0048CA00
 20:52:27.753 t20185D8B4A0EF1F1F17B
 20:52:27.753 t20286000402AF2F900F9
 20:52:27.754 t203885284A220CB7FDFF
 20:52:27.754 t20480000400000000000
 20:52:27.754 t2058D18862027FFF5000
 20:52:27.853 t200823D88A3E0048CA00
 20:52:27.853 t20185D8B8A0EF1F1F17B
 20:52:27.853 t20286000802AF2F900F9
 20:52:27.854 t203886EF8A223FF803FF
 20:52:27.854 t20480000800000000000
 20:52:27.854 t2058D188A2027FFF5000
 20:52:27.953 t200823DBCA3E0048CA00
 20:52:27.953 t20185D8BCA0EF1F1F17B
 20:52:27.953 t20286000C02AF2F900F9
 20:52:27.954 t203883B4CA22122801FF
 20:52:27.954 t20480000C00000000000
 20:52:27.954 t2058D188E2027FFF5000
 20:52:28.053 t200823DD0A3E0048CA00
 20:52:28.053 t20185D8B0A0EF1F1F17B
 20:52:28.053 t20286000002AF2F900F9
 20:52:28.053 t203885280A220CB7FDFF
 20:52:28.053 t20480000000000000000
 20:52:28.053 t2058D18822027FFF5000
 20:52:28.153 t200823E04A3E0048CA00
 20:52:28.153 t20185D8B4A0EF1F1F17B
 20:52:28.153 t20286000402AF2F900F9
 20:52:28.153 t203886EF4A223FF803FF
 20:52:28.153 t20480000400000000000
 20:52:28.153 t2058D18862027FFF5000
 20:52:28.253 t200823E38A3E0048CA00
 20:52:28.253 t20185D8B8A0EF1F1F17B
 20:52:28.253 t20286000802AF2F900F9
 20:52:28.253 t203883B48A22122801FF
 20:52:28.253 t20480000800000000000
 20:52:28.253 t2058D188A2027FFF5000
 20:52:28.353 t200823E6CA3E0048CA00
 20:52:28.353 t20185D8BCA0EF1F1F17B
 20:52:28.353 t20286000C02AF2F900F9
 20:52:28.353 t20388528CA220CB7FDFF
 20:52:28.354 t20480000C00000000000
 20:52:28.354 t2058D188E2027FFF5000
 20:52:28.453 t200823E90A3E0048CA00
 20:52:28.453 t20185D8B0A0EF1F1F17B
 20:52:28.453 t20286000002AF2F900F9
 20:52:28.454 t203886EF0A223FF803FF
 20:52:28.454 t20480000000000000000
 20:52:28.454 t2058D18822027FFF5000
 20:52:28.553 t200823EB4A3E0048CA00
 20:52:28.553 t20185D8B4A0EF1F1F17B
 20:52:28.553 t20286000402AF2F900F9
 20:52:28.553 t203883B44A22122801FF
 20:52:28.554 t20480000400000000000
 20:52:28.554 t2058D18862027FFF5000
 20:52:28.653 t200823EE8A3E0048CA00
 20:52:28.653 t20185D8B8A0EF1F1F17B
 20:52:28.653 t20286000802AF2F900F9
 20:52:28.653 t203885288A220CB7FDFF
 20:52:28.654 t20480000800000000000
 20:52:28.654 t2058D188A2027FFF5000
 20:52:28.752 t200823F1CA3E0048CA00
 20:52:28.753 t20185D8BCA0EF1F1F17B
 20:52:28.753 t20286000C02AF2F900F9
 20:52:28.753 t203886EFCA223FF803FF
 20:52:28.753 t20480000C00000000000
 20:52:28.753 t2058D188E2027FFF5000
 20:52:28.853 t200823F40A3E0048CA00
 20:52:28.853 t20185D8B0A0EF1F1F17B
 20:52:28.853 t20286000002AF2F900F9
 20:52:28.853 t203883B40A22122801FF
 20:52:28.853 t20480000000000000000
 20:52:28.853 t2058D18822027FFF5000
 20:52:28.953 t200823F64A3E0048CA00
 20:52:28.953 t20185D8B4A0EF1F1F17B
 20:52:28.953 t20286000402AF2F900F9
 20:52:28.953 t203885284A220CB7FDFF
 20:52:28.954 t20480000400000000000
 20:52:28.954 t2058D18862027FFF5000
 20:52:29.053 t200823F98A3E0048CA00
 20:52:29.053 t20185D8B8A0EF1F1F17B
 20:52:29.053 t20286000802AF2F900F9
 20:52:29.053 t203886EF8A223FF803FF
 20:52:29.053 t20480000800000000000
 20:52:29.054 t2058D188A2027FFF5000
 20:52:29.154 t200823FCCA3E0048CA00
 20:52:29.154 t20185D8BCA0EF1F1F17B
 20:52:29.154 t20286000C02AF2F900F9
 20:52:29.154 t203883B4CA22122801FF
 20:52:29.155 t20480000C00000000000
 20:52:29.155 t2058D188E2027FFF5000
 20:52:29.253 t200823FF0A3E0048CA00
 20:52:29.254 t20185D8B0A0EF1F1F17B
 20:52:29.254 t20286000002AF2F900F9
 20:52:29.254 t203885280A220CB7FDFF
 20:52:29.254 t20480000000000000000
 20:52:29.255 t2058D18822027FFF5000
 20:52:29.353 t200824024A3E0048CA00
 20:52:29.354 t20185D8B4A0EF1F1F17B
 20:52:29.354 t20286000402AF2F900F9
 20:52:29.354 t203886EF4A223FF803FF
 20:52:29.354 t20480000400000000000
 20:52:29.355 t2058D18862027FFF5000
 20:52:29.453 t200824048A3E0048CA00
 20:52:29.453 t20185D8B8A0EF1F1F17B
 20:52:29.454 t20286000802AF2F900F9
 20:52:29.454 t203883B48A22122801FF
 20:52:29.454 t20480000800000000000
 20:52:29.454 t2058D188A2027FFF5000
 20:52:29.553 t20082407CA3E0048CA00
 20:52:29.553 t20185D8BCA0EF1F1F17B
 20:52:29.554 t20286000C02AF2F900F9
 20:52:29.554 t20388528CA220CB7FDFF
 20:52:29.554 t20480000C00000000000
 20:52:29.554 t2058D188E2027FFF5000
 20:52:29.653 t2008240A0A3E0048CA00
 20:52:29.653 t20185D8B0A0EF1F1F17B
 20:52:29.653 t20286000002AF2F900F9
 20:52:29.654 t203886EF0A223FF803FF
 20:52:29.654 t20480000000000000000
 20:52:29.654 t2058D18822027FFF5000
 20:52:29.753 t2008240D4A3E0048CA00
 20:52:29.753 t20185D8B4A0EF1F1F17B
 20:52:29.754 t20286000402AF2F900F9
 20:52:29.754 t203883B44A22122801FF
 20:52:29.754 t20480000400000000000
 20:52:29.754 t2058D18862027FFF5000
 20:52:29.853 t2008240F8A3E0048CA00
 20:52:29.853 t20185D8B8A0EF1F1F17B
 20:52:29.854 t20286000802AF2F900F9
 20:52:29.854 t203885288A220CB7FDFF
 20:52:29.854 t20480000800000000000
 20:52:29.854 t2058D188A2027FFF5000
 20:52:29.953 t20082412CA3E0048CA00
 20:52:29.953 t20185D8BCA0EF1F1F17B
 20:52:29.954 t20286000C02AF2F900F9
 20:52:29.954 t203886EFCA223FF803FF
 20:52:29.954 t20480000C00000000000
 20:52:29.954 t2058D188E2027FFF5000
 20:52:30.053 t200824150A3E0048CA00
 20:52:30.053 t20185D8B0A0EF1F1F17B
 20:52:30.053 t20286000002AF2F900F9
 20:52:30.053 t203883B40A22122801FF
 20:52:30.054 t20480000000000000000
 20:52:30.054 t2058D18822027FFF5000
 20:52:30.153 t200824184A3E0048CA00
 20:52:30.153 t20185D8B4A0EF1F1F17B
 20:52:30.153 t20286000402AF2F900F9
 20:52:30.153 t203885284A220CB7FDFF
 20:52:30.154 t20480000400000000000
 20:52:30.154 t2058D18862027FFF5000
 20:52:30.253 t2008241B8A3E0048CA00
 20:52:30.253 t20185D8B8A0EF1F1F17B
 20:52:30.253 t20286000802AF2F900F9
 20:52:30.253 t203886EF8A223FF803FF
 20:52:30.254 t20480000800000000000
 20:52:30.254 t2058D188A2027FFF5000
 20:52:30.353 t2008241DCA3E0048CA00
 20:52:30.353 t20185D8BCA0EF1F1F17B
 20:52:30.353 t20286000C02AF2F900F9
 20:52:30.354 t203883B4CA22122801FF
 20:52:30.354 t20480000C00000000000
 20:52:30.354 t2058D188E2027FFF5000
 20:52:30.453 t200824200A3E0048CA00
 20:52:30.453 t20185D8B0A0EF1F1F17B
 20:52:30.454 t20286000002AF2F900F9
 20:52:30.454 t203885280A220CB7FDFF
 20:52:30.454 t20480000000000000000
 20:52:30.454 t2058D18822027FFF5000
 20:52:30.553 t200824234A3E0048CA00
 20:52:30.553 t20185D8B4A0EF1F1F17B
 20:52:30.554 t20286000402AF2F900F9
 20:52:30.554 t203886EF4A223FF803FF
 20:52:30.554 t20480000400000000000
 20:52:30.554 t2058D18862027FFF5000
 20:52:30.653 t200824268A3E0048CA00
 20:52:30.653 t20185D8B8A0EF1F1F17B
 20:52:30.654 t20286000802AF2F900F9
 20:52:30.654 t203883B48A22122801FF
 20:52:30.654 t20480000800000000000
 20:52:30.654 t2058D188A2027FFF5000
 20:52:30.753 t20082428CA3E0048CA00
 20:52:30.753 t20185D8BCA0EF1F1F17B
 20:52:30.753 t20286000C02AF2F900F9
 20:52:30.753 t20388528CA220CB7FDFF
 20:52:30.753 t20480000C00000000000
 20:52:30.754 t2058D188E2027FFF5000
 20:52:30.853 t2008242B0A3E0048CA00
 20:52:30.853 t20185D8B0A0EF1F1F17B
 20:52:30.853 t20286000002AF2F900F9
 20:52:30.853 t203886EF0A223FF803FF
 20:52:30.853 t20480000000000000000
 20:52:30.854 t2058D18822027FFF5000
 20:52:30.953 t2008242E4A3E0048CA00
 20:52:30.953 t20185D8B4A0EF1F1F17B
 20:52:30.953 t20286000402AF2F900F9
 20:52:30.954 t203883B44A22122801FF
 20:52:30.954 t20480000400000000000
 20:52:30.954 t2058D18862027FFF5000
 20:52:31.053 t200824318A3E0048CA00
 20:52:31.053 t20185D8B8A0EF1F1F17B
 20:52:31.054 t20286000802AF2F900F9
 20:52:31.054 t203885288A220CB7FDFF
 20:52:31.054 t20480000800000000000
 20:52:31.054 t2058D188A2027FFF5000
 20:52:31.153 t20082434CA3E0048CA00
 20:52:31.153 t20185D8BCA0EF1F1F17B
 20:52:31.154 t20286000C02AF2F900F9
 20:52:31.154 t203886EFCA223FF803FF
 20:52:31.154 t20480000C00000000000
 20:52:31.154 t2058D188E2027FFF5000
 20:52:31.253 t200824360A3E0048CA00
 20:52:31.253 t20185D8B0A0EF1F1F17B
 20:52:31.254 t20286000002AF2F900F9
 20:52:31.254 t203883B40A22122801FF
 20:52:31.254 t20480000000000000000
 20:52:31.254 t2058D18822027FFF5000
 20:52:31.353 t200824394A3E0048CA00
 20:52:31.353 t20185D8B4A0EF1F1F17B
 20:52:31.353 t20286000402AF2F900F9
 20:52:31.353 t203885284A220CB7FDFF
 20:52:31.354 t20480000400000000000
 20:52:31.354 t2058D18862027FFF5000
 20:52:31.453 t2008243C8A3E0048CA00
 20:52:31.453 t20185D8B8A0EF1F1F17B
 20:52:31.453 t20286000802AF2F900F9
 20:52:31.453 t203886EF8A223FF803FF
 20:52:31.453 t20480000800000000000
 20:52:31.453 t2058D188A2027FFF5000
 20:52:31.553 t2008243FCA3E0048CA00
 20:52:31.553 t20185D8BCA0EF1F1F17B
 20:52:31.553 t20286000C02AF2F900F9
 20:52:31.554 t203883B4CA22122801FF
 20:52:31.554 t20480000C00000000000
 20:52:31.554 t2058D188E2027FFF5000
 20:52:31.653 t200824410A3E0048CA00
 20:52:31.653 t20185D8B0A0EF1F1F17B
 20:52:31.653 t20286000002AF2F900F9
 20:52:31.654 t203885280A220CB7FDFF
 20:52:31.654 t20480000000000000000
 20:52:31.654 t2058D18822027FFF5000
 20:52:31.753 t200824444A3E0048CA00
 20:52:31.753 t20185D8B4A0EF1F1F17B
 20:52:31.753 t20286000402AF2F900F9
 20:52:31.754 t203886EF4A223FF803FF
 20:52:31.754 t20480000400000000000
 20:52:31.754 t2058D18862027FFF5000
 20:52:31.853 t200824478A3E0048CA00
 20:52:31.853 t20185D8B8A0EF1F1F17B
 20:52:31.853 t20286000802AF2F900F9
 20:52:31.854 t203883B48A22122801FF
 20:52:31.854 t20480000800000000000
 20:52:31.854 t2058D188A2027FFF5000
 20:52:31.953 t2008244ACA3E0048CA00
 20:52:31.953 t20185D8BCA0EF1F1F17B
 20:52:31.953 t20286000C02AF2F900F9
 20:52:31.954 t20388528CA220CB7FDFF
 20:52:31.954 t20480000C00000000000
 20:52:31.954 t2058D188E2027FFF5000
 20:52:32.053 t2008244D0A3E0048CA00
 20:52:32.053 t20185D8B0A0EF1F1F17B
 20:52:32.053 t20286000002AF2F900F9
 20:52:32.053 t203886EF0A223FF803FF
 20:52:32.054 t20480000000000000000
 20:52:32.054 t2058D18822027FFF5000
 20:52:32.153 t2008244F4A3E0048CA00
 20:52:32.153 t20185D8B4A0EF1F1F17B
 20:52:32.153 t20286000402AF2F900F9
 20:52:32.153 t203883B44A22122801FF
 20:52:32.153 t20480000400000000000
 20:52:32.153 t2058D18862027FFF5000
 20:52:32.253 t200824528A3E0048CA00
 20:52:32.253 t20185D8B8A0EF1F1F17B
 20:52:32.253 t20286000802AF2F900F9
 20:52:32.253 t203885288A220CB7FDFF
 20:52:32.253 t20480000800000000000
 20:52:32.253 t2058D188A2027FFF5000
 20:52:32.353 t20082455CA3E0048CA00
 20:52:32.353 t20185D8BCA0EF1F1F17B
 20:52:32.353 t20286000C02AF2F900F9
 20:52:32.353 t203886EFCA223FF803FF
 20:52:32.354 t20480000C00000000000
 20:52:32.354 t2058D188E2027FFF5000
 20:52:32.453 t200824580A3E0048CA00
 20:52:32.453 t20185D8B0A0EF1F1F17B
 20:52:32.453 t20286000002AF2F900F9
 20:52:32.453 t203883B40A22122801FF
 20:52:32.454 t20480000000000000000
 20:52:32.454 t2058D18822027FFF5000
 20:52:32.553 t2008245A4A3E0048CA00
 20:52:32.553 t20185D8B4A0EF1F1F17B
 20:52:32.553 t20286000402AF2F900F9
 20:52:32.554 t203885284A220CB7FDFF
 20:52:32.554 t20480000400000000000
 20:52:32.554 t2058D18862027FFF5000
 20:52:32.653 t2008245D8A3E0048CA00
 20:52:32.653 t20185D8B8A0EF1F1F17B
 20:52:32.653 t20286000802AF2F900F9
 20:52:32.654 t203886EF8A223FF803FF
 20:52:32.654 t20480000800000000000
 20:52:32.654 t2058D188A2027FFF5000
 20:52:32.753 t20082460CA3E0048CA00
 20:52:32.753 t20184845CA0CF1F1F17C
 20:52:32.753 t20286000C02AF2F900F9
 20:52:32.753 t203883B4CA22122801FF
 20:52:32.754 t20480000C00000000000
 20:52:32.754 t2058D188E2027FFF5000
 20:52:32.852 t200824630A3E0048CA00
 20:52:32.853 t20185D8B0A0EF1F1F17B
 20:52:32.853 t20286000002AF2F900F9
 20:52:32.853 t203885280A220CB7FDFF
 20:52:32.853 t20480000000000000000
 20:52:32.853 t2058D18822027FFF5000
 20:52:32.953 t200824664A3E0048CA00
 20:52:32.953 t201848454A0EF1F1F17C
 20:52:32.953 t20286000402AF2F900F9
 20:52:32.953 t203886EF4A223FF803FF
 20:52:32.953 t20480000400000000000
 20:52:32.954 t2058D18862027FFF5000
 20:52:33.053 t200824688A3E0048CA00
 20:52:33.053 t20185D8B8A0EF1F1F17B
 20:52:33.053 t20286000802AF2F900F9
 20:52:33.053 t203883B48A22122801FF
 20:52:33.053 t20480000800000000000
 20:52:33.054 t2058D188A2027FFF5000
 20:52:33.154 t2008246BCA3E0048CA00
 20:52:33.154 t20184845CA0EF1F1F17C
 20:52:33.154 t20286000C02AF2F900F9
 20:52:33.154 t20388528CA220CB7FDFF
 20:52:33.154 t20480000C00000000000
 20:52:33.155 t2058D188E2027FFF5000
 20:52:33.253 t2008246E0A3E0048CA00
 20:52:33.254 t20185D8B0A0EF1F1F17B
 20:52:33.254 t20286000002AF2F900F9
 20:52:33.254 t203886EF0A223FF803FF
 20:52:33.254 t20480000000000000000
 20:52:33.254 t2058D18822027FFF5000
 20:52:33.353 t200824714A3E0048CA00
 20:52:33.354 t201848454A0EF1F1F17C
 20:52:33.354 t20286000402AF2F900F9
 20:52:33.354 t203883B44A22122801FF
 20:52:33.354 t20480000400000000000
 20:52:33.354 t2058D18862027FFF5000
 20:52:33.453 t200824738A3E0048CA00
 20:52:33.453 t20185D8B8A0EF1F1F17B
 20:52:33.453 t20286000802AF2F900F9
 20:52:33.453 t203885288A220CB7FDFF
 20:52:33.454 t20480000800000000000
 20:52:33.454 t2058D188A2027FFF5000
 20:52:33.553 t20082476CA3E0048CA00
 20:52:33.553 t20184845CA0EF1F1F17C
 20:52:33.553 t20286000C02AF2F900F9
 20:52:33.553 t203886EFCA223FF803FF
 20:52:33.554 t20480000C00000000000
 20:52:33.554 t2058D188E2027FFF5000
 20:52:33.653 t200824790A3E0048CA00
 20:52:33.654 t20185D8B0A0EF1F1F17B
 20:52:33.654 t20286000002AF2F900F9
 20:52:33.654 t203883B40A22122801FF
 20:52:33.654 t20480000000000000000
 20:52:33.654 t2058D18822027FFF5000
 20:52:33.753 t2008247C4A3E0048CA00
 20:52:33.754 t201848454A0EF1F1F17C
 20:52:33.754 t20286000402AF2F900F9
 20:52:33.754 t203885284A220CB7FDFF
 20:52:33.754 t20480000400000000000
 20:52:33.754 t2058D18862027FFF5000
 20:52:33.853 t2008247F8A3E0048CA00
 20:52:33.854 t20185D8B8A0EF1F1F17B
 20:52:33.854 t20286000802AF2F900F9
 20:52:33.854 t203886EF8A223FF803FF
 20:52:33.854 t20480000800000000000
 20:52:33.854 t2058D188A2027FFF5000
 20:52:33.953 t20082481CA3E0048CA00
 20:52:33.954 t20184845CA0EF1F1F17C
 20:52:33.954 t20286000C02AF2F900F9
 20:52:33.954 t203883B4CA22122801FF
 20:52:33.954 t20480000C00000000000
 20:52:33.954 t2058D188E2027FFF5000
 20:52:34.053 t200824840A3E0048CA00
 20:52:34.053 t20185D8B0A0EF1F1F17B
 20:52:34.054 t20286000002AF2F900F9
 20:52:34.054 t203885280A220CB7FDFF
 20:52:34.054 t20480000000000000000
 20:52:34.054 t2058D18822027FFF5000
 20:52:34.153 t200824874A3E0048CA00
 20:52:34.153 t201848454A0EF1F1F17C
 20:52:34.153 t20286000402AF2F900F9
 20:52:34.153 t203886EF4A223FF803FF
 20:52:34.153 t20480000400000000000
 20:52:34.154 t2058D18862027FFF5000
 20:52:34.253 t2008248A8A3E0048CA00
 20:52:34.254 t20185D8B8A0EF1F1F17B
 20:52:34.254 t20286000802AF2F900F9
 20:52:34.254 t203883B48A22122801FF
 20:52:34.254 t20480000800000000000
 20:52:34.254 t2058D188A2027FFF5000
 20:52:34.353 t2008248CCA3E0048CA00
 20:52:34.353 t20184845CA0EF1F1F17C
 20:52:34.354 t20286000C02AF2F900F9
 20:52:34.354 t20388528CA220CB7FDFF
 20:52:34.354 t20480000C00000000000
 20:52:34.354 t2058D188E2027FFF5000
 20:52:34.453 t2008248F0A3E0048CA00
 20:52:34.453 t20185D8B0A0EF1F1F17B
 20:52:34.453 t20286000002AF2F900F9
 20:52:34.454 t203886EF0A223FF803FF
 20:52:34.454 t20480000000000000000
 20:52:34.454 t2058D18822027FFF5000
 20:52:34.553 t200824924A3E0048CA00
 20:52:34.553 t201848454A0EF1F1F17C
 20:52:34.554 t20286000402AF2F900F9
 20:52:34.554 t203883B44A22122801FF
 20:52:34.554 t20480000400000000000
 20:52:34.554 t2058D18862027FFF5000
 20:52:34.653 t200824958A3E0048CA00
 20:52:34.654 t20185D8B8A0EF1F1F17B
 20:52:34.654 t20286000802AF2F900F9
 20:52:34.654 t203885288A220CB7FDFF
 20:52:34.654 t20480000800000000000
 20:52:34.654 t2058D188A2027FFF5000
 20:52:34.753 t20082498CA3E0048CA00
 20:52:34.753 t20184845CA0EF1F1F17C
 20:52:34.753 t20286000C02AF2F900F9
 20:52:34.754 t203886EFCA223FF803FF
 20:52:34.754 t20480000C00000000000
 20:52:34.754 t2058D188E2027FFF5000
 20:52:34.853 t2008249A0A3E0048CA00
 20:52:34.853 t20185D8B0A0EF1F1F17B
 20:52:34.853 t20286000002AF2F900F9
 20:52:34.853 t203883B40A22122801FF
 20:52:34.853 t20480000000000000000
 20:52:34.853 t2058D18822027FFF5000
 20:52:34.953 t2008249D4A3E0048CA00
 20:52:34.953 t201848454A0EF1F1F17C
 20:52:34.953 t20286000402AF2F900F9
 20:52:34.953 t203885284A220CB7FDFF
 20:52:34.953 t20480000400000000000
 20:52:34.953 t2058D18862027FFF5000
 20:52:35.053 t200824A08A3E0048CA00
 20:52:35.053 t20185D8B8A0EF1F1F17B
 20:52:35.054 t20286000802AF2F900F9
 20:52:35.054 t203886EF8A223FF803FF
 20:52:35.054 t20480000800000000000
 20:52:35.054 t2058D188A2027FFF5000
 20:52:35.153 t200824A3CA3E0048CA00
 20:52:35.153 t20184845CA0EF1F1F17C
 20:52:35.154 t20286000C02AF2F900F9
 20:52:35.154 t203883B4CA22122801FF
 20:52:35.154 t20480000C00000000000
 20:52:35.154 t2058D188E2027FFF5000
 20:52:35.253 t200824A50A3E0048CA00
 20:52:35.253 t20185D8B0A0EF1F1F17B
 20:52:35.253 t20286000002AF2F900F9
 20:52:35.254 t203885280A220CB7FDFF
 20:52:35.254 t20480000000000000000
 20:52:35.254 t2058D18822027FFF5000
 20:52:35.353 t200824A84A3E0048CA00
 20:52:35.353 t201848454A0EF1F1F17C
 20:52:35.353 t20286000402AF2F900F9
 20:52:35.353 t203886EF4A223FF803FF
 20:52:35.353 t20480000400000000000
 20:52:35.353 t2058D18862027FFF5000
 20:52:35.453 t200824AB8A3E0048CA00
 20:52:35.453 t20185D8B8A0EF1F1F17B
 20:52:35.453 t20286000802AF2F900F9
 20:52:35.453 t203883B48A22122801FF
 20:52:35.454 t20480000800000000000
 20:52:35.454 t2058D188A2027FFF5000
 20:52:35.553 t200824AECA3E0048CA00
 20:52:35.553 t20184845CA0EF1F1F17C
 20:52:35.553 t20286000C02AF2F900F9
 20:52:35.553 t20388528CA220CB7FDFF
 20:52:35.553 t20480000C00000000000
 20:52:35.553 t2058D188E2027FFF5000
 20:52:35.653 t200824B10A3E0048CA00
 20:52:35.653 t20185D8B0A0EF1F1F17B
 20:52:35.653 t20286000002AF2F900F9
 20:52:35.654 t203886EF0A223FF803FF
 20:52:35.654 t20480000000000000000
 20:52:35.654 t2058D18822027FFF5000
 20:52:35.753 t200824B34A3E0048CA00
 20:52:35.753 t201848454A0EF1F1F17C
 20:52:35.753 t20286000402AF2F900F9
 20:52:35.754 t203883B44A22122801FF
 20:52:35.754 t20480000400000000000
 20:52:35.754 t2058D18862027FFF5000
 20:52:35.853 t200824B68A3E0048CA00
 20:52:35.853 t20185D8B8A0EF1F1F17B
 20:52:35.853 t20286000802AF2F900F9
 20:52:35.854 t203885288A220CB7FDFF
 20:52:35.854 t20480000800000000000
 20:52:35.854 t2058D188A2027FFF5000
 20:52:35.953 t200824B9CA3E0048CA00
 20:52:35.953 t20184845CA0EF1F1F17C
 20:52:35.953 t20286000C02AF2F900F9
 20:52:35.954 t203886EFCA223FF803FF
 20:52:35.954 t20480000C00000000000
 20:52:35.954 t2058D188E2027FFF5000
 20:52:36.053 t200824BC0A3E0048CA00
 20:52:36.053 t20185D8B0A0EF1F1F17B
 20:52:36.053 t20286000002AF2F900F9
 20:52:36.054 t203883B40A22122801FF
 20:52:36.054 t20480000000000000000
 20:52:36.054 t2058D18822027FFF5000
 20:52:36.152 t200824BE4A3E0048CA00
 20:52:36.153 t201848454A0EF1F1F17C
 20:52:36.153 t20286000402AF2F900F9
 20:52:36.153 t203885284A220CB7FDFF
 20:52:36.153 t20480000400000000000
 20:52:36.153 t2058D18862027FFF5000
 20:52:36.252 t200824C18A3E0048CA00
 20:52:36.253 t20185D8B8A0EF1F1F17B
 20:52:36.253 t20286000802AF2F900F9
 20:52:36.253 t203886EF8A223FF803FF
 20:52:36.253 t20480000800000000000
 20:52:36.253 t2058D188A2027FFF5000
 20:52:36.353 t200824C4CA3E0048CA00
 20:52:36.353 t20184845CA0EF1F1F17C
 20:52:36.353 t20286000C02AF2F900F9
 20:52:36.353 t203883B4CA22122801FF
 20:52:36.353 t20480000C00000000000
 20:52:36.354 t2058D188E2027FFF5000
 20:52:36.453 t200824C70A3E0048CA00
 20:52:36.453 t20185D8B0A0EF1F1F17B
 20:52:36.453 t20286000002AF2F900F9
 20:52:36.453 t203885280A220CB7FDFF
 20:52:36.454 t20480000000000000000
 20:52:36.454 t2058D18822027FFF5000
 20:52:36.553 t200824CA4A3E0048CA00
 20:52:36.553 t201848454A0EF1F1F17C
 20:52:36.553 t20286000402AF2F900F9
 20:52:36.553 t203886EF4A223FF803FF
 20:52:36.553 t20480000400000000000
 20:52:36.554 t2058D18862027FFF5000
 20:52:36.653 t200824CC8A3E0048CA00
 20:52:36.653 t20185D8B8A0EF1F1F17B
 20:52:36.653 t20286000802AF2F900F9
 20:52:36.654 t203883B48A22122801FF
 20:52:36.654 t20480000800000000000
 20:52:36.654 t2058D188A2027FFF5000
 20:52:36.753 t200824CFCA3E0048CA00
 20:52:36.753 t20184845CA0EF1F1F17C
 20:52:36.753 t20286000C02AF2F900F9
 20:52:36.753 t20388528CA220CB7FDFF
 20:52:36.754 t20480000C00000000000
 20:52:36.754 t2058D188E2027FFF5000
 20:52:36.852 t200824D20A3E0048CA00
 20:52:36.852 t20185D8B0A0EF1F1F17B
 20:52:36.853 t20286000002AF2F900F9
 20:52:36.853 t203886EF0A223FF803FF
 20:52:36.853 t20480000000000000000
 20:52:36.853 t2058D18822027FFF5000
 20:52:36.952 t200824D54A3E0048CA00
 20:52:36.952 t201848454A0EF1F1F17C
 20:52:36.953 t20286000402AF2F900F9
 20:52:36.953 t203883B44A22122801FF
 20:52:36.953 t20480000400000000000
 20:52:36.953 t2058D18862027FFF5000
 20:52:37.053 t200824D78A3E0048CA00
 20:52:37.053 t20185D8B8A0EF1F1F17B
 20:52:37.053 t20286000802AF2F900F9
 20:52:37.053 t203885288A220CB7FDFF
 20:52:37.053 t20480000800000000000
 20:52:37.054 t2058D188A2027FFF5000
 20:52:37.153 t200824DACA3E0048CA00
 20:52:37.153 t20184845CA0EF1F1F17C
 20:52:37.153 t20286000C02AF2F900F9
 20:52:37.153 t203886EFCA223FF803FF
 20:52:37.153 t20480000C00000000000
 20:52:37.154 t2058D188E2027FFF5000
 20:52:37.254 t200824DD0A3E0048CA00
 20:52:37.254 t20185D8B0A0EF1F1F17B
 20:52:37.254 t20286000002AF2F900F9
 20:52:37.254 t203883B40A22122801FF
 20:52:37.254 t20480000000000000000
 20:52:37.255 t2058D18822027FFF5000
 20:52:37.353 t200824E04A3E0048CA00
 20:52:37.354 t201848454A0EF1F1F17C
 20:52:37.354 t20286000402AF2F900F9
 20:52:37.354 t203885284A220CB7FDFF
 20:52:37.354 t20480000400000000000
 20:52:37.354 t2058D18862027FFF5000
 20:52:37.453 t200824E38A3E0048CA00
 20:52:37.454 t20185D8B8A0EF1F1F17B
 20:52:37.454 t20286000802AF2F900F9
 20:52:37.454 t203886EF8A223FF803FF
 20:52:37.454 t20480000800000000000
 20:52:37.454 t2058D188A2027FFF5000
 20:52:37.553 t200824E5CA3E0048CA00
 20:52:37.553 t20184845CA0EF1F1F17C
 20:52:37.553 t20286000C02AF2F900F9
 20:52:37.554 t203883B4CA22122801FF
 20:52:37.554 t20480000C00000000000
 20:52:37.554 t2058D188E2027FFF5000
 20:52:37.653 t200824E80A3E0048CA00
 20:52:37.654 t20185D8B0A0EF1F1F17B
 20:52:37.654 t20286000002AF2F900F9
 20:52:37.654 t203885280A220CB7FDFF
 20:52:37.654 t20480000000000000000
 20:52:37.654 t2058D18822027FFF5000
 20:52:37.753 t200824EB4A3E0048CA00
 20:52:37.754 t201848454A0EF1F1F17C
 20:52:37.754 t20286000402AF2F900F9
 20:52:37.754 t203886EF4A223FF803FF
 20:52:37.754 t20480000400000000000
 20:52:37.754 t2058D18862027FFF5000
 20:52:37.853 t200824EE8A3E0048CA00
 20:52:37.854 t20185D8B8A0EF1F1F17B
 20:52:37.854 t20286000802AF2F900F9
 20:52:37.854 t203883B48A22122801FF
 20:52:37.854 t20480000800000000000
 20:52:37.854 t2058D188A2027FFF5000
 20:52:37.953 t200824F0CA3E0048CA00
 20:52:37.954 t20184845CA0EF1F1F17C
 20:52:37.954 t20286000C02AF2F900F9
 20:52:37.954 t20388528CA220CB7FDFF
 20:52:37.954 t20480000C00000000000
 20:52:37.954 t2058D188E2027FFF5000
 20:52:38.053 t200824F30A3E0048CA00
 20:52:38.054 t20185D8B0A0EF1F1F17B
 20:52:38.054 t20286000002AF2F900F9
 20:52:38.054 t203886EF0A223FF803FF
 20:52:38.054 t20480000000000000000
 20:52:38.054 t2058D18822027FFF5000
 20:52:38.153 t200824F64A3E0048CA00
 20:52:38.153 t201848454A0EF1F1F17C
 20:52:38.153 t20286000402AF2F900F9
 20:52:38.153 t203883B44A22122801FF
 20:52:38.153 t20480000400000000000
 20:52:38.154 t2058D18862027FFF5000
 20:52:38.253 t200824F98A3E0048CA00
 20:52:38.253 t20185D8B8A0EF1F1F17B
 20:52:38.253 t20286000802AF2F900F9
 20:52:38.253 t203885288A220CB7FDFF
 20:52:38.253 t20480000800000000000
 20:52:38.254 t2058D188A2027FFF5000
 20:52:38.353 t200824FCCA3E0048CA00
 20:52:38.353 t20184845CA0EF1F1F17C
 20:52:38.354 t20286000C02AF2F900F9
 20:52:38.354 t203886EFCA223FF803FF
 20:52:38.354 t20480000C00000000000
 20:52:38.354 t2058D188E2027FFF5000
 20:52:38.453 t200824FE0A3E0048CA00
 20:52:38.453 t20185D8B0A0EF1F1F17B
 20:52:38.453 t20286000002AF2F900F9
 20:52:38.453 t203883B40A22122801FF
 20:52:38.453 t20480000000000000000
 20:52:38.454 t2058D18822027FFF5000
 20:52:38.553 t200825014A3E0048CA00
 20:52:38.553 t201848454A0EF1F1F17C
 20:52:38.554 t20286000402AF2F900F9
 20:52:38.554 t203885284A220CB7FDFF
 20:52:38.554 t20480000400000000000
 20:52:38.554 t2058D18862027FFF5000
 20:52:38.653 t200825048A3E0048CA00
 20:52:38.653 t20185D8B8A0EF1F1F17B
 20:52:38.653 t20286000802AF2F900F9
 20:52:38.653 t203886EF8A223FF803FF
 20:52:38.653 t20480000800000000000
 20:52:38.654 t2058D188A2027FFF5000
 20:52:38.753 t20082507CA3E0048CA00
 20:52:38.753 t20184845CA0EF1F1F17C
 20:52:38.754 t20286000C02AF2F900F9
 20:52:38.754 t203883B4CA22122801FF
 20:52:38.754 t20480000C00000000000
 20:52:38.754 t2058D188E2027FFF5000
 20:52:38.853 t200825090A3E0048CA00
 20:52:38.853 t20185D8B0A0EF1F1F17B
 20:52:38.853 t20286000002AF2F900F9
 20:52:38.853 t203885280A220CB7FDFF
 20:52:38.853 t20480000000000000000
 20:52:38.853 t2058D18822027FFF5000
 20:52:38.953 t2008250C4A3E0048CA00
 20:52:38.953 t201848454A0EF1F1F17C
 20:52:38.953 t20286000402AF2F900F9
 20:52:38.953 t203886EF4A223FF803FF
 20:52:38.953 t20480000400000000000
 20:52:38.953 t2058D18862027FFF5000
 20:52:39.053 t2008250F8A3E0048CA00
 20:52:39.053 t20185D8B8A0EF1F1F17B
 20:52:39.053 t20286000802AF2F900F9
 20:52:39.054 t203883B48A22122801FF
 20:52:39.054 t20480000800000000000
 20:52:39.054 t2058D188A2027FFF5000
 20:52:39.153 t20082512CA3E0048CA00
 20:52:39.153 t20184845CA0EF1F1F17C
 20:52:39.153 t20286000C02AF2F900F9
 20:52:39.154 t20388528CA220CB7FDFF
 20:52:39.154 t20480000C00000000000
 20:52:39.154 t2058D188E2027FFF5000
 20:52:39.253 t200825150A3E0048CA00
 20:52:39.253 t20185D8B0A0EF1F1F17B
 20:52:39.253 t20286000002AF2F900F9
 20:52:39.254 t203886EF0A223FF803FF
 20:52:39.254 t20480000000000000000
 20:52:39.254 t2058D18822027FFF5000
 20:52:39.353 t200825174A3E0048CA00
 20:52:39.353 t201848454A0EF1F1F17C
 20:52:39.353 t20286000402AF2F900F9
 20:52:39.354 t203883B44A22122801FF
 20:52:39.354 t20480000400000000000
 20:52:39.354 t2058D18862027FFF5000
 20:52:39.453 t2008251A8A3E0048CA00
 20:52:39.453 t20185D8B8A0EF1F1F17B
 20:52:39.453 t20286000802AF2F900F9
 20:52:39.453 t203885288A220CB7FDFF
 20:52:39.453 t20480000800000000000
 20:52:39.453 t2058D188A2027FFF5000
 20:52:39.553 t2008251DCA3E0048CA00
 20:52:39.553 t20184845CA0EF1F1F17C
 20:52:39.553 t20286000C02AF2F900F9
 20:52:39.554 t203886EFCA223FF803FF
 20:52:39.554 t20480000C00000000000
 20:52:39.554 t2058D188E2027FFF5000
 20:52:39.653 t200825200A3E0048CA00
 20:52:39.653 t20185D8B0A0EF1F1F17B
 20:52:39.653 t20286000002AF2F900F9
 20:52:39.653 t203883B40A22122801FF
 20:52:39.653 t20480000000000000000
 20:52:39.653 t2058D18822027FFF5000
 20:52:39.753 t200825224A3E0048CA00
 20:52:39.753 t201848454A0EF1F1F17C
 20:52:39.753 t20286000402AF2F900F9
 20:52:39.753 t203885284A220CB7FDFF
 20:52:39.753 t20480000400000000000
 20:52:39.753 t2058D18862027FFF5000
 20:52:39.852 t200825258A3E0048CA00
 20:52:39.853 t20185D8B8A0EF1F1F17B
 20:52:39.853 t20286000802AF2F900F9
 20:52:39.853 t203886EF8A223FF803FF
 20:52:39.853 t20480000800000000000
 20:52:39.853 t2058D188A2027FFF5000
 20:52:39.953 t20082528CA3E0048CA00
 20:52:39.953 t20184845CA0EF1F1F17C
 20:52:39.953 t20286000C02AF2F900F9
 20:52:39.953 t203883B4CA22122801FF
 20:52:39.953 t20480000C00000000000
 20:52:39.953 t2058D188E2027FFF5000
 20:52:40.053 t2008252B0A3E0048CA00
 20:52:40.053 t20185D8B0A0EF1F1F17B
 20:52:40.053 t20286000002AF2F900F9
 20:52:40.053 t203885280A220CB7FDFF
 20:52:40.054 t20480000000000000000
 20:52:40.054 t2058D18822027FFF5000
 20:52:40.153 t2008252E4A3E0048CA00
 20:52:40.153 t201848454A0EF1F1F17C
 20:52:40.153 t20286000402AF2F900F9
 20:52:40.153 t203886EF4A223FF803FF
 20:52:40.153 t20480000400000000000
 20:52:40.154 t2058D18862027FFF5000
 20:52:40.252 t200825308A3E0048CA00
 20:52:40.252 t20185D8B8A0EF1F1F17B
 20:52:40.253 t20286000802AF2F900F9
 20:52:40.253 t203883B48A22122801FF
 20:52:40.253 t20480000800000000000
 20:52:40.253 t2058D188A2027FFF5000
 20:52:40.353 t20082533CA3E0048CA00
 20:52:40.353 t20184845CA0EF1F1F17C
 20:52:40.353 t20286000C02AF2F900F9
 20:52:40.353 t20388528CA220CB7FDFF
 20:52:40.353 t20480000C00000000000
 20:52:40.354 t2058D188E2027FFF5000
 20:52:40.452 t200825360A3E0048CA00
 20:52:40.453 t20185D8B0A0EF1F1F17B
 20:52:40.453 t20286000002AF2F900F9
 20:52:40.453 t203886EF0A223FF803FF
 20:52:40.453 t20480000000000000000
 20:52:40.454 t2058D18822027FFF5000
 20:52:40.553 t200825394A3E0048CA00
 20:52:40.553 t201848454A0EF1F1F17C
 20:52:40.553 t20286000402AF2F900F9
 20:52:40.553 t203883B44A22122801FF
 20:52:40.553 t20480000400000000000
 20:52:40.554 t2058D18862027FFF5000
 20:52:40.653 t2008253C8A3E0048CA00
 20:52:40.653 t20185D8B8A0EF1F1F17B
 20:52:40.653 t20286000802AF2F900F9
 20:52:40.653 t203885288A220CB7FDFF
 20:52:40.653 t20480000800000000000
 20:52:40.654 t2058D188A2027FFF5000
 20:52:40.752 t2008253ECA3E0048CA00
 20:52:40.752 t20184845CA0EF1F1F17C
 20:52:40.753 t20286000C02AF2F900F9
 20:52:40.753 t203886EFCA223FF803FF
 20:52:40.753 t20480000C00000000000
 20:52:40.753 t2058D188E2027FFF5000
 20:52:40.852 t200825410A3E0048CA00
 20:52:40.852 t20185D8B0A0EF1F1F17B
 20:52:40.852 t20286000002AF2F900F9
 20:52:40.853 t203883B40A22122801FF
 20:52:40.853 t20480000000000000000
 20:52:40.853 t2058D18822027FFF5000
 20:52:40.953 t200825444A3E0048CA00
 20:52:40.953 t201848454A0EF1F1F17C
 20:52:40.953 t20286000402AF2F900F9
 20:52:40.954 t203885284A220CB7FDFF
 20:52:40.954 t20480000400000000000
 20:52:40.954 t2058D18862027FFF5000
 20:52:41.053 t200825478A3E0048CA00
 20:52:41.054 t20185D8B8A0EF1F1F17B
 20:52:41.054 t20286000802AF2F900F9
 20:52:41.054 t203886EF8A223FF803FF
 20:52:41.054 t20480000800000000000
 20:52:41.054 t2058D188A2027FFF5000
 20:52:41.153 t20082549CA3E0048CA00
 20:52:41.154 t20184845CA0EF1F1F17C
 20:52:41.154 t20286000C02AF2F900F9
 20:52:41.154 t203883B4CA22122801FF
 20:52:41.154 t20480000C00000000000
 20:52:41.154 t2058D188E2027FFF5000
 20:52:41.253 t2008254C0A3E0048CA00
 20:52:41.254 t20185D8B0A0EF1F1F17B
 20:52:41.254 t20286000002AF2F900F9
 20:52:41.254 t203885280A220CB7FDFF
 20:52:41.254 t20480000000000000000
 20:52:41.254 t2058D18822027FFF5000
 20:52:41.353 t2008254F4A3E0048CA00
 20:52:41.354 t201848454A0EF1F1F17C
 20:52:41.354 t20286000402AF2F900F9
 20:52:41.354 t203886EF4A223FF803FF
 20:52:41.354 t20480000400000000000
 20:52:41.354 t2058D18862027FFF5000
 20:52:41.453 t200825528A3E0048CA00
 20:52:41.453 t20185D8B8A0EF1F1F17B
 20:52:41.454 t20286000802AF2F900F9
 20:52:41.454 t203883B48A22122801FF
 20:52:41.454 t20480000800000000000
 20:52:41.454 t2058D188A2027FFF5000
 20:52:41.553 t20082555CA3E0048CA00
 20:52:41.553 t20184845CA0EF1F1F17C
 20:52:41.553 t20286000C02AF2F900F9
 20:52:41.553 t20388528CA220CB7FDFF
 20:52:41.554 t20480000C00000000000
 20:52:41.554 t2058D188E2027FFF5000
 20:52:41.653 t200825570A3E0048CA00
 20:52:41.653 t20185D8B0A0EF1F1F17B
 20:52:41.653 t20286000002AF2F900F9
 20:52:41.653 t203886EF0A223FF803FF
 20:52:41.653 t20480000000000000000
 20:52:41.654 t2058D18822027FFF5000
 20:52:41.753 t2008255A4A3E0048CA00
 20:52:41.753 t201848454A0EF1F1F17C
 20:52:41.754 t20286000402AF2F900F9
 20:52:41.754 t203886EF4A200F480200
 20:52:41.754 t20480000400000000000
 20:52:41.754 t2058D18862027FFF5000
 20:52:41.853 t2008255D8A3E0048CA00
 20:52:41.853 t20185D8B8A0EF1F1F17B
 20:52:41.854 t20286000802AF2F900F9
 20:52:41.854 t203888458A200837FA04
 20:52:41.854 t20480000800000000000
 20:52:41.854 t2058D188A2027FFF5000
 20:52:41.953 t20082560CA3E0048CA00
 20:52:41.953 t20184845CA0EF1F1F17C
 20:52:41.954 t20286000C02AF2F900F9
 20:52:41.954 t20388528CA220CB7FDFF
 20:52:41.954 t20480000C00000000000
 20:52:41.954 t2058D188E2027FFF5000
 20:52:42.053 t200825620A3E0048CA00
 20:52:42.053 t20185D8B0A0EF1F1F17B
 20:52:42.054 t20286000002AF2F900F9
 20:52:42.054 t203886EF0A220F480200
 20:52:42.054 t20480000000000000000
 20:52:42.054 t2058D18822027FFF5000
 20:52:42.153 t200825654A3E0048CA00
 20:52:42.153 t201848454A0EF1F1F17C
 20:52:42.153 t20286000402AF2F900F9
 20:52:42.153 t203888454A220837FA04
 20:52:42.153 t20480000400000000000
 20:52:42.153 t2058D18862027FFF5000
 20:52:42.253 t200825688A3E0048CA00
 20:52:42.253 t20185D8B8A0EF1F1F17B
 20:52:42.253 t20286000802AF2F900F9
 20:52:42.253 t203885288A220CB7FDFF
 20:52:42.253 t20480000800000000000
 20:52:42.253 t2058D188A2027FFF5000
 20:52:42.353 t2008256BCA3E0048CA00
 20:52:42.353 t20184845CA0EF1F1F17C
 20:52:42.353 t20286000C02AF2F900F9
 20:52:42.353 t203886EFCA220F480200
 20:52:42.353 t20480000C00000000000
 20:52:42.353 t2058D188E2027FFF5000
 20:52:42.453 t2008256E0A3E0048CA00
 20:52:42.453 t20185D8B0A0EF1F1F17B
 20:52:42.453 t20286000002AF2F900F9
 20:52:42.453 t203888450A220837FA04
 20:52:42.454 t20480000000000000000
 20:52:42.454 t2058D18822027FFF5000
 20:52:42.553 t200825704A3E0048CA00
 20:52:42.553 t201848454A0EF1F1F17C
 20:52:42.553 t20286000402AF2F900F9
 20:52:42.554 t203885284A220CB7FDFF
 20:52:42.554 t20480000400000000000
 20:52:42.554 t2058D18862027FFF5000
 20:52:42.653 t200825738A3E0048CA00
 20:52:42.653 t20185D8B8A0EF1F1F17B
 20:52:42.653 t20286000802AF2F900F9
 20:52:42.654 t203886EF8A220F480200
 20:52:42.654 t20480000800000000000
 20:52:42.654 t2058D188A2027FFF5000
 20:52:42.753 t20082576CA3E0048CA00
 20:52:42.753 t20184845CA0EF1F1F17C
 20:52:42.754 t20286000C02AF2F900F9
 20:52:42.754 t20388845CA220837FA04
 20:52:42.754 t20480000C00000000000
 20:52:42.754 t2058D188E2027FFF5000
 20:52:42.853 t200825790A3E0048CA00
 20:52:42.853 t20185D8B0A0EF1F1F17B
 20:52:42.853 t20286000002AF2F900F9
 20:52:42.853 t203885280A220CB7FDFF
 20:52:42.853 t20480000000000000000
 20:52:42.853 t2058D18822027FFF5000
 20:52:42.953 t2008257B4A3E0048CA00
 20:52:42.953 t201848454A0EF1F1F17C
 20:52:42.953 t20286000402AF2F900F9
 20:52:42.953 t203886EF4A220F480200
 20:52:42.953 t20480000400000000000
 20:52:42.954 t2058D18862027FFF5000
 20:52:43.053 t2008257E8A3E0048CA00
 20:52:43.053 t20185D8B8A0EF1F1F17B
 20:52:43.053 t20286000802AF2F900F9
 20:52:43.053 t203888458A220837FA04
 20:52:43.054 t20480000800000000000
 20:52:43.054 t2058D188A2027FFF5000
 20:52:43.153 t20082581CA3E0048CA00
 20:52:43.153 t20184845CA0EF1F1F17C
 20:52:43.153 t20286000C02AF2F900F9
 20:52:43.154 t20388528CA220CB7FDFF
 20:52:43.154 t20480000C00000000000
 20:52:43.154 t2058D188E2027FFF5000
 20:52:43.253 t200825840A3E0048CA00
 20:52:43.253 t20185D8B0A0EF1F1F17B
 20:52:43.253 t20286000002AF2F900F9
 20:52:43.254 t203886EF0A220F480200
 20:52:43.254 t20480000000000000000
 20:52:43.254 t2058D18822027FFF5000
 20:52:43.353 t200825874A3E0048CA00
 20:52:43.353 t201848454A0EF1F1F17C
 20:52:43.353 t20286000402AF2F900F9
 20:52:43.354 t203888454A220837FA04
 20:52:43.354 t20480000400000000000
 20:52:43.354 t2058D18862027FFF5000
 20:52:43.453 t200825898A3E0048CA00
 20:52:43.453 t20185D8B8A0EF1F1F17B
 20:52:43.453 t20286000802AF2F900F9
 20:52:43.453 t203885288A220CB7FDFF
 20:52:43.454 t20480000800000000000
 20:52:43.454 t2058D188A2027FFF5000
 20:52:43.552 t2008258CCA3E0048CA00
 20:52:43.553 t20184845CA0EF1F1F17C
 20:52:43.553 t20286000C02AF2F900F9
 20:52:43.553 t203886EFCA220F480200
 20:52:43.553 t20480000C00000000000
 20:52:43.553 t2058D188E2027FFF5000
 20:52:43.653 t2008258F0A3E0048CA00
 20:52:43.653 t20185D8B0A0EF1F1F17B
 20:52:43.653 t20286000002AF2F900F9
 20:52:43.653 t203888450A220837FA04
 20:52:43.653 t20480000000000000000
 20:52:43.654 t2058D18822027FFF5000
 20:52:43.753 t200825924A3E0048CA00
 20:52:43.753 t201848454A0EF1F1F17C
 20:52:43.753 t20286000402AF2F900F9
 20:52:43.753 t203885284A220CB7FDFF
 20:52:43.754 t20480000400000000000
 20:52:43.754 t2058D18862027FFF5000
 20:52:43.853 t200825948A3E0048CA00
 20:52:43.853 t20185D8B8A0EF1F1F17B
 20:52:43.853 t20286000802AF2F900F9
 20:52:43.853 t203886EF8A220F480200
 20:52:43.853 t20480000800000000000
 20:52:43.853 t2058D188A2027FFF5000
 20:52:43.953 t20082597CA3E0048CA00
 20:52:43.953 t20184845CA0EF1F1F17C
 20:52:43.953 t20286000C02AF2F900F9
 20:52:43.953 t20388845CA220837FA04
 20:52:43.953 t20480000C00000000000
 20:52:43.953 t2058D188E2027FFF5000
 20:52:44.053 t2008259A0A3E0048CA00
 20:52:44.053 t20185D8B0A0EF1F1F17B
 20:52:44.053 t20286000002AF2F900F9
 20:52:44.053 t203885280A220CB7FDFF
 20:52:44.054 t20480000000000000000
 20:52:44.054 t2058D18822027FFF5000
 20:52:44.152 t2008259D4A3E0048CA00
 20:52:44.153 t201848454A0EF1F1F17C
 20:52:44.153 t20286000402AF2F900F9
 20:52:44.153 t203886EF4A220F480200
 20:52:44.153 t20480000400000000000
 20:52:44.154 t2058D18862027FFF5000
 20:52:44.252 t200825A08A3E0048CA00
 20:52:44.252 t20185D8B8A0EF1F1F17B
 20:52:44.253 t20286000802AF2F900F9
 20:52:44.253 t203888458A220837FA04
 20:52:44.253 t20480000800000000000
 20:52:44.253 t2058D188A2027FFF5000
 20:52:44.353 t200825A2CA3E0048CA00
 20:52:44.353 t20184845CA0EF1F1F17C
 20:52:44.353 t20286000C02AF2F900F9
 20:52:44.353 t20388528CA220CB7FDFF
 20:52:44.353 t20480000C00000000000
 20:52:44.354 t2058D188E2027FFF5000
 20:52:44.452 t200825A50A3E0048CA00
 20:52:44.453 t20185D8B0A0EF1F1F17B
 20:52:44.453 t20286000002AF2F900F9
 20:52:44.453 t203886EF0A220F480200
 20:52:44.453 t20480000000000000000
 20:52:44.453 t2058D18822027FFF5000
 20:52:44.553 t200825A84A3E0048CA00
 20:52:44.553 t201848454A0EF1F1F17C
 20:52:44.553 t20286000402AF2F900F9
 20:52:44.553 t203888454A220837FA04
 20:52:44.553 t20480000400000000000
 20:52:44.554 t2058D18862027FFF5000
 20:52:44.652 t200825AB8A3E0048CA00
 20:52:44.653 t20185D8B8A0EF1F1F17B
 20:52:44.653 t20286000802AF2F900F9
 20:52:44.653 t203885288A220CB7FDFF
 20:52:44.653 t20480000800000000000
 20:52:44.654 t2058D188A2027FFF5000
 20:52:44.752 t200825ADCA3E0048CA00
 20:52:44.753 t20184845CA0EF1F1F17C
 20:52:44.753 t20286000C02AF2F900F9
 20:52:44.753 t203886EFCA220F480200
 20:52:44.753 t20480000C00000000000
 20:52:44.753 t2058D188E2027FFF5000
 20:52:44.852 t200825B00A3E0048CA00
 20:52:44.852 t20185D8B0A0EF1F1F17B
 20:52:44.852 t20286000002AF2F900F9
 20:52:44.852 t203888450A220837FA04
 20:52:44.853 t20480000000000000000
 20:52:44.853 t2058D18822027FFF5000
 20:52:44.952 t200825B34A3E0048CA00
 20:52:44.952 t201848454A0EF1F1F17C
 20:52:44.952 t20286000402AF2F900F9
 20:52:44.952 t203885284A220CB7FDFF
 20:52:44.953 t20480000400000000000
 20:52:44.953 t2058D18862027FFF5000
 20:52:45.053 t200825B68A3E0048CA00
 20:52:45.054 t20185D8B8A0EF1F1F17B
 20:52:45.054 t20286000802AF2F900F9
 20:52:45.054 t203886EF8A220F480200
 20:52:45.054 t20480000800000000000
 20:52:45.054 t2058D188A2027FFF5000
 20:52:45.153 t200825B9CA3E0048CA00
 20:52:45.154 t20184845CA0EF1F1F17C
 20:52:45.154 t20286000C02AF2F900F9
 20:52:45.154 t20388845CA220837FA04
 20:52:45.154 t20480000C00000000000
 20:52:45.154 t2058D188E2027FFF5000
 20:52:45.253 t200825BB0A3E0048CA00
 20:52:45.254 t20185D8B0A0EF1F1F17B
 20:52:45.254 t20286000002AF2F900F9
 20:52:45.254 t203885280A220CB7FDFF
 20:52:45.254 t20480000000000000000
 20:52:45.254 t2058D18822027FFF5000
 20:52:45.353 t200825BE4A3E0048CA00
 20:52:45.353 t201848454A0EF1F1F17C
 20:52:45.354 t20286000402AF2F900F9
 20:52:45.354 t203886EF4A220F480200
 20:52:45.354 t20480000400000000000
 20:52:45.354 t2058D18862027FFF5000
 20:52:45.453 t200825C18A3E0048CA00
 20:52:45.453 t20185D8B8A0EF1F1F17B
 20:52:45.454 t20286000802AF2F900F9
 20:52:45.454 t203888458A220837FA04
 20:52:45.454 t20480000800000000000
 20:52:45.454 t2058D188A2027FFF5000
 20:52:45.553 t200825C4CA3E0048CA00
 20:52:45.553 t20184845CA0EF1F1F17C
 20:52:45.553 t20286000C02AF2F900F9
 20:52:45.553 t20388528CA220CB7FDFF
 20:52:45.553 t20480000C00000000000
 20:52:45.553 t2058D188E2027FFF5000
 20:52:45.653 t200825C60A3E0048CA00
 20:52:45.653 t20185D8B0A0EF1F1F17B
 20:52:45.653 t20286000002AF2F900F9
 20:52:45.653 t203886EF0A220F480200
 20:52:45.653 t20480000000000000000
 20:52:45.653 t2058D18822027FFF5000
 20:52:45.753 t200825C94A3E0048CA00
 20:52:45.753 t201848454A0EF1F1F17C
 20:52:45.754 t20286000402AF2F900F9
 20:52:45.754 t203888454A220837FA04
 20:52:45.754 t20480000400000000000
 20:52:45.754 t2058D18862027FFF5000
 20:52:45.853 t200825CC8A3E0048CA00
 20:52:45.853 t20185D8B8A0EF1F1F17B
 20:52:45.854 t20286000802AF2F900F9
 20:52:45.854 t203885288A220CB7FDFF
 20:52:45.854 t20480000800000000000
 20:52:45.854 t2058D188A2027FFF5000
 20:52:45.953 t200825CFCA3E0048CA00
 20:52:45.953 t20184845CA0EF1F1F17C
 20:52:45.953 t20286000C02AF2F900F9
 20:52:45.953 t203886EFCA220F480200
 20:52:45.953 t20480000C00000000000
 20:52:45.954 t2058D188E2027FFF5000
 20:52:46.053 t200825D20A3E0048CA00
 20:52:46.053 t20185D8B0A0EF1F1F17B
 20:52:46.053 t20286000002AF2F900F9
 20:52:46.053 t203888450A220837FA04
 20:52:46.053 t20480000000000000000
 20:52:46.054 t2058D18822027FFF5000
 20:52:46.153 t200825D44A3E0048CA00
 20:52:46.153 t201848454A0EF1F1F17C
 20:52:46.153 t20286000402AF2F900F9
 20:52:46.153 t203885284A220CB7FDFF
 20:52:46.154 t20480000400000000000
 20:52:46.154 t2058D18862027FFF5000
 20:52:46.253 t200825D78A3E0048CA00
 20:52:46.253 t20185D8B8A0EF1F1F17B
 20:52:46.253 t20286000802AF2F900F9
 20:52:46.254 t203886EF8A220F480200
 20:52:46.254 t20480000800000000000
 20:52:46.254 t2058D188A2027FFF5000
 20:52:46.353 t200825DACA3E0048CA00
 20:52:46.353 t20184845CA0EF1F1F17C
 20:52:46.353 t20286000C02AF2F900F9
 20:52:46.353 t20388845CA220837FA04
 20:52:46.354 t20480000C00000000000
 20:52:46.354 t2058D188E2027FFF5000
 20:52:46.453 t200825DD0A3E0048CA00
 20:52:46.453 t20185D8B0A0EF1F1F17B
 20:52:46.454 t20286000002AF2F900F9
 20:52:46.454 t203885280A220CB7FDFF
 20:52:46.454 t20480000000000000000
 20:52:46.454 t2058D18822027FFF5000
 20:52:46.553 t200825DF4A3E0048CA00
 20:52:46.553 t201848454A0EF1F1F17C
 20:52:46.554 t20286000402AF2F900F9
 20:52:46.554 t203886EF4A220F480200
 20:52:46.554 t20480000400000000000
 20:52:46.554 t2058D18862027FFF5000
 20:52:46.653 t200825E28A3E0048CA00
 20:52:46.653 t20185D8B8A0EF1F1F17B
 20:52:46.653 t20286000802AF2F900F9
 20:52:46.654 t203888458A220837FA04
 20:52:46.654 t20480000800000000000
 20:52:46.654 t2058D188A2027FFF5000
 20:52:46.753 t200825E5CA3E0048CA00
 20:52:46.753 t20184845CA0EF1F1F17C
 20:52:46.753 t20286000C02AF2F900F9
 20:52:46.754 t20388528CA220CB7FDFF
 20:52:46.754 t20480000C00000000000
 20:52:46.754 t2058D188E2027FFF5000
 20:52:46.853 t200825E80A3E0048CA00
 20:52:46.853 t20185D8B0A0EF1F1F17B
 20:52:46.853 t20286000002AF2F900F9
 20:52:46.853 t203886EF0A220F480200
 20:52:46.853 t20480000000000000000
 20:52:46.853 t2058D18822027FFF5000
 20:52:46.953 t200825EB4A3E0048CA00
 20:52:46.953 t201848454A0EF1F1F17C
 20:52:46.953 t20286000402AF2F900F9
 20:52:46.953 t203888454A220837FA04
 20:52:46.953 t20480000400000000000
 20:52:46.953 t2058D18862027FFF5000
 20:52:47.053 t200825ED8A3E0048CA00
 20:52:47.053 t20185D8B8A0EF1F1F17B
 20:52:47.053 t20286000802AF2F900F9
 20:52:47.054 t203885288A220CB7FDFF
 20:52:47.054 t20480000800000000000
 20:52:47.054 t2058D188A2027FFF5000
 20:52:47.153 t200825F0CA3E0048CA00
 20:52:47.153 t20184845CA0EF1F1F17C
 20:52:47.153 t20286000C02AF2F900F9
 20:52:47.154 t203886EFCA220F480200
 20:52:47.154 t20480000C00000000000
 20:52:47.154 t2058D188E2027FFF5000
 20:52:47.253 t200825F30A3E0048CA00
 20:52:47.253 t20185D8B0A0EF1F1F17B
 20:52:47.253 t20286000002AF2F900F9
 20:52:47.253 t203888450A220837FA04
 20:52:47.254 t20480000000000000000
 20:52:47.254 t2058D18822027FFF5000
 20:52:47.353 t200825F64A3E0048CA00
 20:52:47.353 t201848454A0EF1F1F17C
 20:52:47.353 t20286000402AF2F900F9
 20:52:47.353 t203885284A220CB7FDFF
 20:52:47.354 t20480000400000000000
 20:52:47.354 t2058D18862027FFF5000
 20:52:47.453 t200825F88A3E0048CA00
 20:52:47.453 t20185D8B8A0EF1F1F17B
 20:52:47.453 t20286000802AF2F900F9
 20:52:47.453 t203886EF8A220F480200
 20:52:47.454 t20480000800000000000
 20:52:47.454 t2058D188A2027FFF5000
 20:52:47.552 t200825FBCA3E0048CA00
 20:52:47.553 t20184845CA0EF1F1F17C
 20:52:47.553 t20286000C02AF2F900F9
 20:52:47.553 t20388845CA220837FA04
 20:52:47.553 t20480000C00000000000
 20:52:47.553 t2058D188E2027FFF5000
 20:52:47.652 t200825FE0A3E0048CA00
 20:52:47.653 t20185D8B0A0EF1F1F17B
 20:52:47.653 t20286000002AF2F900F9
 20:52:47.653 t203885280A220CB7FDFF
 20:52:47.653 t20480000000000000000
 20:52:47.653 t2058D18822027FFF5000
 20:52:47.753 t200826014A3E0048CA00
 20:52:47.753 t201848454A0EF1F1F17C
 20:52:47.753 t20286000402AF2F900F9
 20:52:47.753 t203886EF4A220F480200
 20:52:47.753 t20480000400000000000
 20:52:47.753 t2058D18862027FFF5000
 20:52:47.853 t200826048A3E0048CA00
 20:52:47.853 t20185D8B8A0EF1F1F17B
 20:52:47.853 t20286000802AF2F900F9
 20:52:47.853 t203888458A220837FA04
 20:52:47.854 t20480000800000000000
 20:52:47.854 t2058D188A2027FFF5000
 20:52:47.953 t20082606CA3E0048CA00
 20:52:47.953 t20184845CA0EF1F1F17C
 20:52:47.953 t20286000C02AF2F900F9
 20:52:47.953 t20388528CA220CB7FDFF
 20:52:47.953 t20480000C00000000000
 20:52:47.954 t2058D188E2027FFF5000
 20:52:48.053 t200826090A3E0048CA00
 20:52:48.053 t20185D8B0A0EF1F1F17B
 20:52:48.053 t20286000002AF2F900F9
 20:52:48.053 t203886EF0A220F480200
 20:52:48.053 t20480000000000000000
 20:52:48.054 t2058D18822027FFF5000
 20:52:48.152 t2008260C4A3E0048CA00
 20:52:48.152 t201848454A0EF1F1F17C
 20:52:48.153 t20286000402AF2F900F9
 20:52:48.153 t203888454A220837FA04
 20:52:48.153 t20480000400000000000
 20:52:48.153 t2058D18862027FFF5000
 20:52:48.252 t2008260F8A3E0048CA00
 20:52:48.252 t20185D8B8A0EF1F1F17B
 20:52:48.253 t20286000802AF2F900F9
 20:52:48.253 t203885288A220CB7FDFF
 20:52:48.253 t20480000800000000000
 20:52:48.253 t2058D188A2027FFF5000
 20:52:48.352 t20082611CA3E0048CA00
 20:52:48.353 t20184845CA0EF1F1F17C
 20:52:48.353 t20286000C02AF2F900F9
 20:52:48.353 t203886EFCA220F480200
 20:52:48.353 t20480000C00000000000
 20:52:48.353 t2058D188E2027FFF5000
 20:52:48.453 t200826140A3E0048CA00
 20:52:48.453 t20185D8B0A0EF1F1F17B
 20:52:48.453 t20286000002AF2F900F9
 20:52:48.453 t203888450A220837FA04
 20:52:48.453 t20480000000000000000
 20:52:48.454 t2058D18822027FFF5000
 20:52:48.552 t200826174A3E0048CA00
 20:52:48.553 t201848454A0EF1F1F17C
 20:52:48.553 t20286000402AF2F900F9
 20:52:48.553 t203885284A220CB7FDFF
 20:52:48.553 t20480000400000000000
 20:52:48.554 t2058D18862027FFF5000
 20:52:48.652 t2008261A8A3E0048CA00
 20:52:48.653 t20185D8B8A0EF1F1F17B
 20:52:48.653 t20286000802AF2F900F9
 20:52:48.653 t203886EF8A220F480200
 20:52:48.653 t20480000800000000000
 20:52:48.654 t2058D188A2027FFF5000
 20:52:48.752 t2008261DCA3E0048CA00
 20:52:48.753 t20184845CA0EF1F1F17C
 20:52:48.753 t20286000C02AF2F900F9
 20:52:48.753 t20388845CA220837FA04
 20:52:48.753 t20480000C00000000000
 20:52:48.753 t2058D188E2027FFF5000
 20:52:48.852 t2008261F0A3E0048CA00
 20:52:48.852 t20185D8B0A0EF1F1F17B
 20:52:48.852 t20286000002AF2F900F9
 20:52:48.852 t203885280A220CB7FDFF
 20:52:48.853 t20480000000000000000
 20:52:48.853 t2058D18822027FFF5000
 20:52:48.952 t200826224A3E0048CA00
 20:52:48.952 t201848454A0EF1F1F17C
 20:52:48.952 t20286000402AF2F900F9
 20:52:48.952 t203886EF4A220F480200
 20:52:48.953 t20480000400000000000
 20:52:48.953 t2058D18862027FFF5000
 20:52:49.052 t200826258A3E0048CA00
 20:52:49.053 t20185D8B8A0EF1F1F17B
 20:52:49.053 t20286000802AF2F900F9
 20:52:49.053 t203888458A220837FA04
 20:52:49.053 t20480000800000000000
 20:52:49.053 t2058D188A2027FFF5000
 20:52:49.153 t20082628CA3E0048CA00
 20:52:49.153 t20184845CA0EF1F1F17C
 20:52:49.154 t20286000C02AF2F900F9
 20:52:49.154 t20388528CA220CB7FDFF
 20:52:49.154 t20480000C00000000000
 20:52:49.154 t2058D188E2027FFF5000
 20:52:49.253 t2008262A0A3E0048CA00
 20:52:49.253 t20185D8B0A0EF1F1F17B
 20:52:49.254 t20286000002AF2F900F9
 20:52:49.254 t203886EF0A220F480200
 20:52:49.254 t20480000000000000000
 20:52:49.254 t2058D18822027FFF5000
 20:52:49.353 t2008262D4A3E0048CA00
 20:52:49.353 t201848454A0EF1F1F17C
 20:52:49.354 t20286000402AF2F900F9
 20:52:49.354 t203888454A220837FA04
 20:52:49.354 t20480000400000000000
 20:52:49.354 t2058D18862027FFF5000
 20:52:49.453 t200826308A3E0048CA00
 20:52:49.453 t20185D8B8A0EF1F1F17B
 20:52:49.454 t20286000802AF2F900F9
 20:52:49.454 t203885288A220CB7FDFF
 20:52:49.454 t20480000800000000000
 20:52:49.454 t2058D188A2027FFF5000
 20:52:49.553 t20082633CA3E0048CA00
 20:52:49.553 t20184845CA0EF1F1F17C
 20:52:49.553 t20286000C02AF2F900F9
 20:52:49.553 t203886EFCA220F480200
 20:52:49.553 t20480000C00000000000
 20:52:49.553 t2058D188E2027FFF5000
 20:52:49.653 t200826360A3E0048CA00
 20:52:49.653 t20185D8B0A0EF1F1F17B
 20:52:49.653 t20286000002AF2F900F9
 20:52:49.653 t203888450A220837FA04
 20:52:49.654 t20480000000000000000
 20:52:49.654 t2058D18822027FFF5000
 20:52:49.753 t200826384A3E0048CA00
 20:52:49.753 t201848454A0EF1F1F17C
 20:52:49.753 t20286000402AF2F900F9
 20:52:49.753 t203885284A220CB7FDFF
 20:52:49.753 t20480000400000000000
 20:52:49.753 t2058D18862027FFF5000
 20:52:49.853 t2008263B8A3E0048CA00
 20:52:49.853 t20185D8B8A0EF1F1F17B
 20:52:49.853 t20286000802AF2F900F9
 20:52:49.853 t203886EF8A220F480200
 20:52:49.853 t20480000800000000000
 20:52:49.853 t2058D188A2027FFF5000
 20:52:49.953 t2008263ECA3E0048CA00
 20:52:49.953 t20184845CA0EF1F1F17C
 20:52:49.953 t20286000C02AF2F900F9
 20:52:49.953 t20388845CA220837FA04
 20:52:49.954 t20480000C00000000000
 20:52:49.954 t2058D188E2027FFF5000
 20:52:50.053 t200826410A3E0048CA00
 20:52:50.053 t20185D8B0A0EF1F1F17B
 20:52:50.053 t20286000002AF2F900F9
 20:52:50.053 t203885280A220CB7FDFF
 20:52:50.053 t20480000000000000000
 20:52:50.053 t2058D18822027FFF5000
 20:52:50.153 t200826434A3E0048CA00
 20:52:50.153 t201848454A0EF1F1F17C
 20:52:50.153 t20286000402AF2F900F9
 20:52:50.153 t203886EF4A220F480200
 20:52:50.153 t20480000400000000000
 20:52:50.154 t2058D18862027FFF5000
 20:52:50.253 t200826468A3E0048CA00
 20:52:50.253 t20185D8B8A0EF1F1F17B
 20:52:50.253 t20286000802AF2F900F9
 20:52:50.253 t203888458A220837FA04
 20:52:50.253 t20480000800000000000
 20:52:50.253 t2058D188A2027FFF5000
 20:52:50.353 t20082649CA3E0048CA00
 20:52:50.353 t20184845CA0EF1F1F17C
 20:52:50.353 t20286000C02AF2F900F9
 20:52:50.353 t20388528CA220CB7FDFF
 20:52:50.353 t20480000C00000000000
 20:52:50.353 t2058D188E2027FFF5000
 20:52:50.453 t2008264C0A3E0048CA00
 20:52:50.453 t20185D8B0A0EF1F1F17B
 20:52:50.453 t20286000002AF2F900F9
 20:52:50.454 t203886EF0A220F480200
 20:52:50.454 t20480000000000000000
 20:52:50.454 t2058D18822027FFF5000
 20:52:50.553 t2008264F4A3E0048CA00
 20:52:50.553 t201848454A0EF1F1F17C
 20:52:50.553 t20286000402AF2F900F9
 20:52:50.554 t203888454A220837FA04
 20:52:50.554 t20480000400000000000
 20:52:50.554 t2058D18862027FFF5000
 20:52:50.653 t200826518A3E0048CA00
 20:52:50.653 t20185D8B8A0EF1F1F17B
 20:52:50.653 t20286000802AF2F900F9
 20:52:50.654 t203885288A220CB7FDFF
 20:52:50.654 t20480000800000000000
 20:52:50.654 t2058D188A2027FFF5000
 20:52:50.753 t20082654CA3E0048CA00
 20:52:50.753 t20184845CA0EF1F1F17C
 20:52:50.753 t20286000C02AF2F900F9
 20:52:50.754 t203886EFCA220F480200
 20:52:50.754 t20480000C00000000000
 20:52:50.754 t2058D188E2027FFF5000
 20:52:50.853 t200826570A3E0048CA00
 20:52:50.853 t20185D8B0A0EF1F1F17B
 20:52:50.853 t20286000002AF2F900F9
 20:52:50.853 t203888450A220837FA04
 20:52:50.853 t20480000000000000000
 20:52:50.853 t2058D18822027FFF5000
 20:52:50.953 t2008265A4A3E0048CA00
 20:52:50.953 t201848454A0EF1F1F17C
 20:52:50.953 t20286000402AF2F900F9
 20:52:50.953 t203885284A220CB7FDFF
 20:52:50.953 t20480000400000000000
 20:52:50.953 t2058D18862027FFF5000
 20:52:51.053 t2008265C8A3E0048CA00
 20:52:51.053 t20185D8B8A0EF1F1F17B
 20:52:51.053 t20286000802AF2F900F9
 20:52:51.053 t203886EF8A220F480200
 20:52:51.053 t20480000800000000000
 20:52:51.054 t2058D188A2027FFF5000
 20:52:51.153 t2008265FCA3E0048CA00
 20:52:51.153 t20184845CA0EF1F1F17C
 20:52:51.153 t20286000C02AF2F900F9
 20:52:51.154 t20388845CA220837FA04
 20:52:51.154 t20480000C00000000000
 20:52:51.154 t2058D188E2027FFF5000
 20:52:51.253 t200826620A3E0048CA00
 20:52:51.253 t20185D8B0A0EF1F1F17B
 20:52:51.253 t20286000002AF2F900F9
 20:52:51.253 t203885280A220CB7FDFF
 20:52:51.254 t20480000000000000000
 20:52:51.254 t2058D18822027FFF5000
 20:52:51.353 t200826654A3E0048CA00
 20:52:51.353 t201848454A0EF1F1F17C
 20:52:51.353 t20286000402AF2F900F9
 20:52:51.353 t203886EF4A220F480200
 20:52:51.353 t20480000400000000000
 20:52:51.354 t2058D18862027FFF5000
 20:52:51.453 t200826688A3E0048CA00
 20:52:51.453 t20185D8B8A0EF1F1F17B
 20:52:51.453 t20286000802AF2F900F9
 20:52:51.453 t203888458A220837FA04
 20:52:51.454 t20480000800000000000
 20:52:51.454 t2058D188A2027FFF5000
 20:52:51.552 t2008266ACA3E0048CA00
 20:52:51.553 t20184845CA0EF1F1F17C
 20:52:51.553 t20286000C02AF2F900F9
 20:52:51.553 t20388528CA220CB7FDFF
 20:52:51.553 t20480000C00000000000
 20:52:51.553 t2058D188E2027FFF5000
 20:52:51.652 t2008266D0A3E0048CA00
 20:52:51.653 t20185D8B0A0EF1F1F17B
 20:52:51.653 t20286000002AF2F900F9
 20:52:51.653 t203886EF0A220F480200
 20:52:51.653 t20480000000000000000
 20:52:51.653 t2058D18822027FFF5000
 20:52:51.753 t200826704A3E0048CA00
 20:52:51.753 t201848454A0EF1F1F17C
 20:52:51.753 t20286000402AF2F900F9
 20:52:51.753 t203888454A220837FA04
 20:52:51.753 t20480000400000000000
 20:52:51.754 t2058D18862027FFF5000
 20:52:51.852 t200826738A3E0048CA00
 20:52:51.853 t20185D8B8A0EF1F1F17B
 20:52:51.853 t20286000802AF2F900F9
 20:52:51.853 t203885288A220CB7FDFF
 20:52:51.853 t20480000800000000000
 20:52:51.853 t2058D188A2027FFF5000
 20:52:51.953 t20082675CA3E0048CA00
 20:52:51.953 t20184845CA0EF1F1F17C
 20:52:51.953 t20286000C02AF2F900F9
 20:52:51.953 t203886EFCA220F480200
 20:52:51.953 t20480000C00000000000
 20:52:51.954 t2058D188E2027FFF5000
 20:52:52.052 t200826780A3E0048CA00
 20:52:52.053 t20185D8B0A0EF1F1F17B
 20:52:52.053 t20286000002AF2F900F9
 20:52:52.053 t203888450A220837FA04
 20:52:52.053 t20480000000000000000
 20:52:52.054 t2058D18822027FFF5000
 20:52:52.152 t2008267B4A3E0048CA00
 20:52:52.153 t201848454A0EF1F1F17C
 20:52:52.153 t20286000402AF2F900F9
 20:52:52.153 t2038897A4A2011E7FDFF
 20:52:52.153 t20480000400000000000
 20:52:52.153 t2058D18862027FFF5000
 20:52:52.252 t2008267E8A3E0048CA00
 20:52:52.252 t20185D8B8A0EF1F1F17B
 20:52:52.252 t20286000802AF2F900F9
 20:52:52.253 t203886EF8A220F480200
 20:52:52.253 t20480000800000000000
 20:52:52.253 t2058D188A2027FFF5000
 20:52:52.352 t20082681CA3E0048CA00
 20:52:52.352 t20184845CA0EF1F1F17C
 20:52:52.352 t20286000C02AF2F900F9
 20:52:52.353 t20388845CA220837FA04
 20:52:52.353 t20480000C00000000000
 20:52:52.353 t2058D188E2027FFF5000
 20:52:52.452 t200826830A3E0048CA00
 20:52:52.453 t20185D8B0A0EF1F1F17B
 20:52:52.453 t20286000002AF2F900F9
 20:52:52.453 t2038897A0A2211E7FDFF
 20:52:52.453 t20480000000000000000
 20:52:52.453 t2058D18822027FFF5000
 20:52:52.552 t200826864A3E0048CA00
 20:52:52.553 t201848454A0EF1F1F17C
 20:52:52.553 t20286000402AF2F900F9
 20:52:52.553 t203886EF4A220F480200
 20:52:52.553 t20480000400000000000
 20:52:52.553 t2058D18862027FFF5000
 20:52:52.652 t200826898A3E0048CA00
 20:52:52.653 t20185D8B8A0EF1F1F17B
 20:52:52.653 t20286000802AF2F900F9
 20:52:52.653 t203888458A220837FA04
 20:52:52.653 t20480000800000000000
 20:52:52.654 t2058D188A2027FFF5000
 20:52:52.752 t2008268CCA3E0048CA00
 20:52:52.753 t20184845CA0EF1F1F17C
 20:52:52.753 t20286000C02AF2F900F9
 20:52:52.753 t2038897ACA2211E7FDFF
 20:52:52.753 t20480000C00000000000
 20:52:52.753 t2058D188E2027FFF5000
 20:52:52.852 t2008268E0A3E0048CA00
 20:52:52.852 t20185D8B0A0EF1F1F17B
 20:52:52.853 t20286000002AF2F900F9
 20:52:52.853 t203886EF0A220F480200
 20:52:52.853 t20480000000000000000
 20:52:52.853 t2058D18822027FFF5000
 20:52:52.952 t200826914A3E0048CA00
 20:52:52.952 t201848454A0EF1F1F17C
 20:52:52.952 t20286000402AF2F900F9
 20:52:52.952 t203888454A220837FA04
 20:52:52.952 t20480000400000000000
 20:52:52.953 t2058D18862027FFF5000
 20:52:53.052 t200826948A3E0048CA00
 20:52:53.052 t20185D8B8A0EF1F1F17B
 20:52:53.053 t20286000802AF2F900F9
 20:52:53.053 t2038897A8A2211E7FDFF
 20:52:53.053 t20480000800000000000
 20:52:53.053 t2058D188A2027FFF5000
 20:52:53.153 t20082697CA3E0048CA00
 20:52:53.153 t20184845CA0EF1F1F17C
 20:52:53.154 t20286000C02AF2F900F9
 20:52:53.154 t203886EFCA220F480200
 20:52:53.154 t20480000C00000000000
 20:52:53.154 t2058D188E2027FFF5000
 20:52:53.253 t2008269A0A3E0048CA00
 20:52:53.253 t20185D8B0A0EF1F1F17B
 20:52:53.254 t20286000002AF2F900F9
 20:52:53.254 t203888450A220837FA04
 20:52:53.254 t20480000000000000000
 20:52:53.254 t2058D18822027FFF5000
 20:52:53.353 t2008269C4A3E0048CA00
 20:52:53.353 t201848454A0EF1F1F17C
 20:52:53.353 t20286000402AF2F900F9
 20:52:53.354 t2038897A4A2211E7FDFF
 20:52:53.354 t20480000400000000000
 20:52:53.354 t2058D18862027FFF5000
 20:52:53.453 t2008269F8A3E0048CA00
 20:52:53.453 t20185D8B8A0EF1F1F17B
 20:52:53.453 t20286000802AF2F900F9
 20:52:53.453 t203886EF8A220F480200
 20:52:53.454 t20480000800000000000
 20:52:53.454 t2058D188A2027FFF5000
 20:52:53.553 t200826A2CA3E0048CA00
 20:52:53.553 t20184845CA0EF1F1F17C
 20:52:53.553 t20286000C02AF2F900F9
 20:52:53.553 t20388845CA220837FA04
 20:52:53.553 t20480000C00000000000
 20:52:53.553 t2058D188E2027FFF5000
 20:52:53.653 t200826A50A3E0048CA00
 20:52:53.653 t20185D8B0A0EF1F1F17B
 20:52:53.653 t20286000002AF2F900F9
 20:52:53.653 t2038897A0A2211E7FDFF
 20:52:53.653 t20480000000000000000
 20:52:53.653 t2058D18822027FFF5000
 20:52:53.753 t200826A74A3E0048CA00
 20:52:53.753 t201848454A0EF1F1F17C
 20:52:53.753 t20286000402AF2F900F9
 20:52:53.754 t203886EF4A220F480200
 20:52:53.754 t20480000400000000000
 20:52:53.754 t2058D18862027FFF5000
 20:52:53.853 t200826AA8A3E0048CA00
 20:52:53.853 t20185D8B8A0EF1F1F17B
 20:52:53.853 t20286000802AF2F900F9
 20:52:53.854 t203888458A220837FA04
 20:52:53.854 t20480000800000000000
 20:52:53.854 t2058D188A2027FFF5000
 20:52:53.953 t200826ADCA3E0048CA00
 20:52:53.953 t20184845CA0EF1F1F17C
 20:52:53.954 t20286000C02AF2F900F9
 20:52:53.954 t2038897ACA2211E7FDFF
 20:52:53.954 t20480000C00000000000
 20:52:53.954 t2058D188E2027FFF5000
 20:52:54.053 t200826B00A3E0048CA00
 20:52:54.053 t20185D8B0A0EF1F1F17B
 20:52:54.054 t20286000002AF2F900F9
 20:52:54.054 t203886EF0A220F480200
 20:52:54.054 t20480000000000000000
 20:52:54.054 t2058D18822027FFF5000
 20:52:54.153 t200826B34A3E0048CA00
 20:52:54.153 t20184A974A0CA9F1F17B
 20:52:54.154 t20286A974A3C49F900F9
 20:52:54.154 t203888454A220837FA04
 20:52:54.154 t20480000400000000000
 20:52:54.154 t2058D18862027FFF5000
 20:52:54.253 t200826B58A3E0048CA00
 20:52:54.253 t201840008F0C49F9F179
 20:52:54.253 t20286A978A18A9F100FB
 20:52:54.253 t2038897A8A2211E7FDFF
 20:52:54.253 t20480000800000000000
 20:52:54.253 t2058D188A2027FFF5000
 20:52:54.353 t200826B8CA3E0048CA00
 20:52:54.353 t201840C2CF0CF1F9A979
 20:52:54.353 t20286000C02AF2F900F9
 20:52:54.353 t203886EFCA220F480200
 20:52:54.353 t20480000C00000000000
 20:52:54.353 t2058D188E2027FFF5000
 20:52:54.453 t200826BB0A3E0048CA00
 20:52:54.453 t20185D8B0A0EF1F1F17B
 20:52:54.453 t20286A970A3E49F900F9
 20:52:54.454 t203888450A220837FA04
 20:52:54.454 t20480000000000000000
 20:52:54.454 t2058D18822027FFF5000
 20:52:54.553 t200826BE4A3E0048CA00
 20:52:54.553 t201848454A0EF1F1F17C
 20:52:54.553 t20286A974A1AA9F100FB
 20:52:54.554 t2038897A4A2211E7FDFF
 20:52:54.554 t20480000400000000000
 20:52:54.554 t2058D18862027FFF5000
 20:52:54.653 t200826C08A3E0048CA00
 20:52:54.653 t20184A978A0EA9F1F17B
 20:52:54.653 t20286000802AF2F900F9
 20:52:54.653 t203886EF8A220F480200
 20:52:54.653 t20480000800000000000
 20:52:54.653 t2058D188A2027FFF5000
 20:52:54.753 t200826C3CA3E0048CA00
 20:52:54.753 t20184000CF0E49F9F179
 20:52:54.753 t20286A97CA3E49F900F9
 20:52:54.754 t20388845CA220837FA04
 20:52:54.754 t20480000C00000000000
 20:52:54.754 t2058D188E2027FFF5000
 20:52:54.853 t200826C60A3E0048CA00
 20:52:54.853 t201840C20F0EF1F9A979
 20:52:54.853 t20286A970A1AA9F100FB
 20:52:54.853 t2038897A0A2211E7FDFF
 20:52:54.854 t20480000000000000000
 20:52:54.854 t2058D18822027FFF5000
 20:52:54.953 t200826C94A3E0048CA00
 20:52:54.953 t20185D8B4A0EF1F1F17B
 20:52:54.953 t20286000402AF2F900F9
 20:52:54.953 t203886EF4A220F480200
 20:52:54.953 t20480000400000000000
 20:52:54.953 t2058D18862027FFF5000
 20:52:55.053 t200826CC8A3E0048CA00
 20:52:55.053 t201848458A0EF1F1F17C
 20:52:55.053 t20286A978A3E49F900F9
 20:52:55.053 t203888458A220837FA04
 20:52:55.054 t20480000800000000000
 20:52:55.054 t2058D188A2027FFF5000
 20:52:55.153 t200826CECA3E0048CA00
 20:52:55.153 t20184A97CA0EA9F1F17B
 20:52:55.153 t20286A97CA1AA9F100FB
 20:52:55.153 t2038897ACA2211E7FDFF
 20:52:55.154 t20480000C00000000000
 20:52:55.154 t2058D188E2027FFF5000
 20:52:55.253 t200826D10A3E0048CA00
 20:52:55.253 t201840000F0E49F9F179
 20:52:55.253 t20286000002AF2F900F9
 20:52:55.253 t203886EF0A220F480200
 20:52:55.254 t20480000000000000000
 20:52:55.254 t2058D18822027FFF5000
 20:52:55.353 t200826D44A3E0048CA00
 20:52:55.353 t201840C24F0EF1F9A979
 20:52:55.353 t20286A974A3E49F900F9
 20:52:55.353 t203888454A220837FA04
 20:52:55.354 t20480000400000000000
 20:52:55.354 t2058D18862027FFF5000
 20:52:55.453 t200826D78A3E0048CA00
 20:52:55.453 t20185D8B8A0EF1F1F17B
 20:52:55.453 t20286A978A1AA9F100FB
 20:52:55.453 t2038897A8A2211E7FDFF
 20:52:55.454 t20480000800000000000
 20:52:55.454 t2058D188A2027FFF5000
 20:52:55.552 t200826D9CA3E0048CA00
 20:52:55.553 t20184845CA0EF1F1F17C
 20:52:55.553 t20286000C02AF2F900F9
 20:52:55.553 t203886EFCA220F480200
 20:52:55.553 t20480000C00000000000
 20:52:55.553 t2058D188E2027FFF5000
 20:52:55.652 t200826DC0A3E0048CA00
 20:52:55.653 t20184A970A0EA9F1F17B
 20:52:55.653 t20286A970A3E49F900F9
 20:52:55.653 t203888450A220837FA04
 20:52:55.653 t20480000000000000000
 20:52:55.653 t2058D18822027FFF5000
 20:52:55.753 t200826DF4A3E0048CA00
 20:52:55.753 t201840004F0E49F9F179
 20:52:55.753 t20286A974A1AA9F100FB
 20:52:55.753 t2038897A4A2211E7FDFF
 20:52:55.753 t20480000400000000000
 20:52:55.754 t2058D18862027FFF5000
 20:52:55.853 t200826E28A3E0048CA00
 20:52:55.853 t201840C28F0EF1F9A979
 20:52:55.853 t20286000802AF2F900F9
 20:52:55.853 t203886EF8A220F480200
 20:52:55.853 t20480000800000000000
 20:52:55.854 t2058D188A2027FFF5000
 20:52:55.952 t200826E5CA3E0048CA00
 20:52:55.953 t20185D8BCA0EF1F1F17B
 20:52:55.953 t20286A97CA3E49F900F9
 20:52:55.953 t20388845CA220837FA04
 20:52:55.953 t20480000C00000000000
 20:52:55.954 t2058D188E2027FFF5000
 20:52:56.052 t200826E70A3E0048CA00
 20:52:56.053 t201848450A0EF1F1F17C
 20:52:56.053 t20286A970A1AA9F100FB
 20:52:56.053 t2038897A0A2211E7FDFF
 20:52:56.053 t20480000000000000000
 20:52:56.053 t2058D18822027FFF5000
 20:52:56.152 t200826EA4A3E0048CA00
 20:52:56.153 t20184A974A0EA9F1F17B
 20:52:56.153 t20286000402AF2F900F9
 20:52:56.153 t203886EF4A220F480200
 20:52:56.153 t20480000400000000000
 20:52:56.154 t2058D18862027FFF5000
 20:52:56.252 t200826ED8A3E0048CA00
 20:52:56.252 t201840008F0E49F9F179
 20:52:56.252 t20286A978A3E49F900F9
 20:52:56.253 t203888458A220837FA04
 20:52:56.253 t20480000800000000000
 20:52:56.253 t2058D188A2027FFF5000
 20:52:56.352 t200826F0CA3E0048CA00
 20:52:56.352 t201840C2CF0EF1F9A979
 20:52:56.352 t20286A97CA1AA9F100FB
 20:52:56.352 t2038897ACA2211E7FDFF
 20:52:56.353 t20480000C00000000000
 20:52:56.353 t2058D188E2027FFF5000
 20:52:56.452 t200826F20A3E0048CA00
 20:52:56.453 t20185D8B0A0EF1F1F17B
 20:52:56.453 t20286000002AF2F900F9
 20:52:56.453 t203886EF0A220F480200
 20:52:56.453 t20480000000000000000
 20:52:56.453 t2058D18822027FFF5000
 20:52:56.552 t200826F54A3E0048CA00
 20:52:56.553 t201848454A0EF1F1F17C
 20:52:56.553 t20286A974A3E49F900F9
 20:52:56.553 t203888454A220837FA04
 20:52:56.553 t20480000400000000000
 20:52:56.553 t2058D18862027FFF5000
 20:52:56.652 t200826F88A3E0048CA00
 20:52:56.653 t20184A978A0EA9F1F17B
 20:52:56.653 t20286A978A1AA9F100FB
 20:52:56.653 t2038897A8A2211E7FDFF
 20:52:56.653 t20480000800000000000
 20:52:56.653 t2058D188A2027FFF5000
 20:52:56.752 t200826FBCA3E0048CA00
 20:52:56.752 t20184000CF0E49F9F179
 20:52:56.753 t20286000C02AF2F900F9
 20:52:56.753 t203886EFCA220F480200
 20:52:56.753 t20480000C00000000000
 20:52:56.753 t2058D188E2027FFF5000
 20:52:56.852 t200826FE0A3E0048CA00
 20:52:56.852 t201840C20F0EF1F9A979
 20:52:56.853 t20286A970A3E49F900F9
 20:52:56.853 t203888450A220837FA04
 20:52:56.853 t20480000000000000000
 20:52:56.853 t2058D18822027FFF5000
 20:52:56.952 t200827004A3E0048CA00
 20:52:56.952 t20185D8B4A0EF1F1F17B
 20:52:56.952 t20286A974A1AA9F100FB
 20:52:56.952 t2038897A4A2211E7FDFF
 20:52:56.952 t20480000400000000000
 20:52:56.953 t2058D18862027FFF5000
 20:52:57.052 t200827038A3E0048CA00
 20:52:57.052 t201848458A0EF1F1F17C
 20:52:57.052 t20286000802AF2F900F9
 20:52:57.052 t203886EF8A220F480200
 20:52:57.052 t20480000800000000000
 20:52:57.052 t2058D188A2027FFF5000
 20:52:57.152 t20082706CA3E0048CA00
 20:52:57.152 t20184A97CA0EA9F1F17B
 20:52:57.153 t20286A97CA3E49F900F9
 20:52:57.153 t20388845CA220837FA04
 20:52:57.153 t20480000C00000000000
 20:52:57.153 t2058D188E2027FFF5000
 20:52:57.252 t200827090A3E0048CA00
 20:52:57.252 t201840000F0E49F9F179
 20:52:57.253 t20286A970A1AA9F100FB
 20:52:57.253 t2038897A0A2211E7FDFF
 20:52:57.253 t20480000000000000000
 20:52:57.253 t2058D18822027FFF5000
 20:52:57.352 t2008270B4A3E0048CA00
 20:52:57.352 t201840C24F0EF1F9A979
 20:52:57.352 t20286000402AF2F900F9
 20:52:57.352 t203886EF4A220F480200
 20:52:57.353 t20480000400000000000
 20:52:57.353 t2058D18862027FFF5000
 20:52:57.453 t2008270E8A3E0048CA00
 20:52:57.453 t20185D8B8A0EF1F1F17B
 20:52:57.453 t20286A978A3E49F900F9
 20:52:57.454 t203888458A220837FA04
 20:52:57.454 t20480000800000000000
 20:52:57.454 t2058D188A2027FFF5000
 20:52:57.553 t20082711CA3E0048CA00
 20:52:57.553 t20184845CA0EF1F1F17C
 20:52:57.553 t20286A97CA1AA9F100FB
 20:52:57.553 t2038897ACA2211E7FDFF
 20:52:57.553 t20480000C00000000000
 20:52:57.553 t2058D188E2027FFF5000
 20:52:57.653 t200827140A3E0048CA00
 20:52:57.653 t20184A970A0EA9F1F17B
 20:52:57.653 t20286000002AF2F900F9
 20:52:57.654 t203886EF0A220F480200
 20:52:57.654 t20480000000000000000
 20:52:57.654 t2058D18822027FFF5000
 20:52:57.753 t200827174A3E0048CA00
 20:52:57.753 t201840004F0E49F9F179
 20:52:57.753 t20286A974A3E49F900F9
 20:52:57.754 t203888454A220837FA04
 20:52:57.754 t20480000400000000000
 20:52:57.754 t2058D18862027FFF5000
 20:52:57.853 t200827198A3E0048CA00
 20:52:57.853 t201840C28F0EF1F9A979
 20:52:57.853 t20286A978A1AA9F100FB
 20:52:57.854 t2038897A8A2211E7FDFF
 20:52:57.854 t20480000800000000000
 20:52:57.854 t2058D188A2027FFF5000
 20:52:57.953 t2008271CCA3E0048CA00
 20:52:57.953 t20185D8BCA0EF1F1F17B
 20:52:57.953 t20286000C02AF2F900F9
 20:52:57.954 t203886EFCA220F480200
 20:52:57.954 t20480000C00000000000
 20:52:57.954 t2058D188E2027FFF5000
 20:52:58.053 t2008271F0A3E0048CA00
 20:52:58.053 t201848450A0EF1F1F17C
 20:52:58.053 t20286A970A3E49F900F9
 20:52:58.054 t203888450A220837FA04
 20:52:58.054 t20480000000000000000
 20:52:58.054 t2058D18822027FFF5000
 20:52:58.153 t200827224A3E0048CA00
 20:52:58.153 t20184A974A0EA9F1F17B
 20:52:58.153 t20286A974A1AA9F100FB
 20:52:58.154 t2038897A4A2211E7FDFF
 20:52:58.154 t20480000400000000000
 20:52:58.154 t2058D18862027FFF5000
 20:52:58.253 t200827248A3E0048CA00
 20:52:58.253 t201840008F0E49F9F179
 20:52:58.253 t20286000802AF2F900F9
 20:52:58.253 t203886EF8A220F480200
 20:52:58.253 t20480000800000000000
 20:52:58.253 t2058D188A2027FFF5000
 20:52:58.353 t20082727CA3E0048CA00
 20:52:58.353 t201840C2CF0EF1F9A979
 20:52:58.353 t20286A97CA3E49F900F9
 20:52:58.353 t20388845CA220837FA04
 20:52:58.353 t20480000C00000000000
 20:52:58.353 t2058D188E2027FFF5000
 20:52:58.453 t2008272A0A3E0048CA00
 20:52:58.453 t20185D8B0A0EF1F1F17B
 20:52:58.453 t20286A970A1AA9F100FB
 20:52:58.453 t2038897A0A2211E7FDFF
 20:52:58.453 t20480000000000000000
 20:52:58.453 t2058D18822027FFF5000
 20:52:58.553 t2008272D4A3E0048CA00
 20:52:58.553 t201848454A0EF1F1F17C
 20:52:58.553 t20286000402AF2F900F9
 20:52:58.554 t203886EF4A220F480200
 20:52:58.554 t20480000400000000000
 20:52:58.554 t2058D18862027FFF5000
 20:52:58.653 t200827308A3E0048CA00
 20:52:58.653 t20184A978A0EA9F1F17B
 20:52:58.653 t20286A978A3E49F900F9
 20:52:58.653 t203888458A220837FA04
 20:52:58.654 t20480000800000000000
 20:52:58.654 t2058D188A2027FFF5000
 20:52:58.753 t20082732CA3E0048CA00
 20:52:58.753 t20184000CF0E49F9F179
 20:52:58.753 t20286A97CA1AA9F100FB
 20:52:58.753 t2038897ACA2211E7FDFF
 20:52:58.754 t20480000C00000000000
 20:52:58.754 t2058D188E2027FFF5000
 20:52:58.853 t200827350A3E0048CA00
 20:52:58.853 t201840C20F0EF1F9A979
 20:52:58.853 t20286000002AF2F900F9
 20:52:58.853 t203886EF0A220F480200
 20:52:58.854 t20480000000000000000
 20:52:58.854 t2058D18822027FFF5000
 20:52:58.953 t200827384A3E0048CA00
 20:52:58.953 t20185D8B4A0EF1F1F17B
 20:52:58.953 t20286A974A3E49F900F9
 20:52:58.953 t203880004F200397F5FD
 20:52:58.953 t20480000400000000000
 20:52:58.953 t2058D18862027FFF5000
 20:52:59.053 t2008273B8A3E0048CA00
 20:52:59.053 t201848458A0EF1F1F17C
 20:52:59.053 t20286A978A1AA9F100FB
 20:52:59.053 t2038805E8F200417F5FE
 20:52:59.053 t20480000800000000000
 20:52:59.054 t2058D188A2027FFF5000
 20:52:59.153 t2008273DCA3E0048CA00
 20:52:59.153 t20184A97CA0EA9F1F17B
 20:52:59.153 t20286000C02AF2F900F9
 20:52:59.153 t203880C2CF200327FDFF
 20:52:59.153 t20480000C00000000000
 20:52:59.153 t2058D188E2027FFF5000
 20:52:59.253 t200827400A3E0048CA00
 20:52:59.253 t201840000F0E49F9F179
 20:52:59.253 t20286A970A3E49F900F9
 20:52:59.253 t203881690F200617FDFF
 20:52:59.254 t20480000000000000000
 20:52:59.254 t2058D18822027FFF5000
 20:52:59.353 t200827434A3E0048CA00
 20:52:59.353 t201840C24F0EF1F9A979
 20:52:59.353 t20286A974A1AA9F100FB
 20:52:59.353 t203886EF4A220F480200
 20:52:59.354 t20480000400000000000
 20:52:59.354 t2058D18862027FFF5000
 20:52:59.452 t200827468A3E0048CA00
 20:52:59.453 t20185D8B8A0EF1F1F17B
 20:52:59.453 t20286000802AF2F900F9
 20:52:59.453 t203888458A220837FA04
 20:52:59.453 t20480000800000000000
 20:52:59.454 t2058D188A2027FFF5000
 20:52:59.552 t20082749CA3E0048CA00
 20:52:59.552 t20184845CA0EF1F1F17C
 20:52:59.553 t20286A97CA3E49F900F9
 20:52:59.553 t2038897ACA2211E7FDFF
 20:52:59.553 t20480000C00000000000
 20:52:59.553 t2058D188E2027FFF5000
 20:52:59.652 t2008274B0A3E0048CA00
 20:52:59.652 t20184A970A0EA9F1F17B
 20:52:59.653 t20286A970A1AA9F100FB
 20:52:59.653 t203880000F220397F5FD
 20:52:59.653 t20480000000000000000
 20:52:59.653 t2058D18822027FFF5000
 20:52:59.752 t2008274E4A3E0048CA00
 20:52:59.752 t201840004F0E49F9F179
 20:52:59.752 t20286000402AF2F900F9
 20:52:59.753 t2038805E4F220417F5FE
 20:52:59.753 t20480000400000000000
 20:52:59.753 t2058D18862027FFF5000
 20:52:59.853 t200827518A3E0048CA00
 20:52:59.853 t201840C28F0EF1F9A979
 20:52:59.853 t20286A978A3E49F900F9
 20:52:59.853 t203880C28F220327FDFF
 20:52:59.853 t20480000800000000000
 20:52:59.853 t2058D188A2027FFF5000
 20:52:59.952 t20082754CA3E0048CA00
 20:52:59.952 t20185D8BCA0EF1F1F17B
 20:52:59.953 t20286A97CA1AA9F100FB
 20:52:59.953 t20388169CF220617FDFF
 20:52:59.953 t20480000C00000000000
 20:52:59.953 t2058D188E2027FFF5000
 20:53:00.052 t200827560A3E0048CA00
 20:53:00.052 t201848450A0EF1F1F17C
 20:53:00.053 t20286000002AF2F900F9
 20:53:00.053 t203886EF0A220F480200
 20:53:00.053 t20480000000000000000
 20:53:00.053 t2058D18822027FFF5000
 20:53:00.152 t200827594A3E0048CA00
 20:53:00.152 t20184A974A0EA9F1F17B
 20:53:00.153 t20286A974A3E49F900F9
 20:53:00.153 t203888454A220837FA04
 20:53:00.153 t20480000400000000000
 20:53:00.153 t2058D18862027FFF5000
 20:53:00.252 t2008275C8A3E0048CA00
 20:53:00.253 t201840008F0E49F9F179
 20:53:00.253 t20286A978A1AA9F100FB
 20:53:00.253 t2038897A8A2211E7FDFF
 20:53:00.253 t20480000800000000000
 20:53:00.253 t2058D188A2027FFF5000
 20:53:00.352 t2008275FCA3E0048CA00
 20:53:00.352 t201840C2CF0EF1F9A979
 20:53:00.352 t20286000C02AF2F900F9
 20:53:00.352 t20388000CF220397F5FD
 20:53:00.353 t20480000C00000000000
 20:53:00.353 t2058D188E2027FFF5000
 20:53:00.453 t200827620A3E0048CA00
 20:53:00.453 t20185D8B0A0EF1F1F17B
 20:53:00.453 t20286A970A3E49F900F9
 20:53:00.453 t2038805E0F220417F5FE
 20:53:00.453 t20480000000000000000
 20:53:00.454 t2058D18822027FFF5000
 20:53:00.552 t200827644A3E0048CA00
 20:53:00.553 t201848454A0EF1F1F17C
 20:53:00.553 t20286A974A1AA9F100FB
 20:53:00.553 t203880C24F220327FDFF
 20:53:00.553 t20480000400000000000
 20:53:00.553 t2058D18862027FFF5000
 20:53:00.652 t200827678A3E0048CA00
 20:53:00.652 t20184A978A0EA9F1F17B
 20:53:00.653 t20286000802AF2F900F9
 20:53:00.653 t203881698F220617FDFF
 20:53:00.653 t20480000800000000000
 20:53:00.653 t2058D188A2027FFF5000
 20:53:00.752 t2008276ACA3E0048CA00
 20:53:00.752 t20184000CF0E49F9F179
 20:53:00.753 t20286A97CA3E49F900F9
 20:53:00.753 t203886EFCA220F480200
 20:53:00.753 t20480000C00000000000
 20:53:00.753 t2058D188E2027FFF5000
 20:53:00.852 t2008276D0A3E0048CA00
 20:53:00.852 t201840C20F0EF1F9A979
 20:53:00.853 t20286A970A1AA9F100FB
 20:53:00.853 t203888450A220837FA04
 20:53:00.853 t20480000000000000000
 20:53:00.853 t2058D18822027FFF5000
 20:53:00.952 t2008276F4A3E0048CA00
 20:53:00.952 t20185D8B4A0EF1F1F17B
 20:53:00.952 t20286000402AF2F900F9
 20:53:00.952 t2038897A4A2211E7FDFF
 20:53:00.952 t20480000400000000000
 20:53:00.953 t2058D18862027FFF5000
 20:53:01.052 t200827728A3E0048CA00
 20:53:01.052 t201848458A0EF1F1F17C
 20:53:01.052 t20286A978A3E49F900F9
 20:53:01.052 t203880008F220397F5FD
 20:53:01.052 t20480000800000000000
 20:53:01.053 t2058D188A2027FFF5000
 20:53:01.152 t20082775CA3E0048CA00
 20:53:01.152 t20184B59CA0CF1F1F17B
 20:53:01.153 t20286A97CA1AA9F100FB
 20:53:01.153 t2038805ECF220417F5FE
 20:53:01.153 t20480000C00000000000
 20:53:01.153 t2058D188E2027FFF5000
 20:53:01.252 t200827780A3E0048CA00
 20:53:01.252 t20185D8B0A0EF1F1F17B
 20:53:01.253 t20286000002AF2F900F9
 20:53:01.253 t203880C20F220327FDFF
 20:53:01.253 t20480000000000000000
 20:53:01.253 t2058D18822027FFF5000
 20:53:01.352 t2008277B4A3E0048CA00
 20:53:01.352 t201848454A0EF1F1F17C
 20:53:01.353 t20286A974A3E49F900F9
 20:53:01.353 t203881694F220617FDFF
 20:53:01.353 t20480000400000000000
 20:53:01.353 t2058D18862027FFF5000
 20:53:01.452 t2008277D8A3E0048CA00
 20:53:01.452 t20184A978A0EA9F1F17B
 20:53:01.452 t20286A978A1AA9F100FB
 20:53:01.452 t203886EF8A220F480200
 20:53:01.452 t20480000800000000000
 20:53:01.453 t2058D188A2027FFF5000
 20:53:01.553 t20082780CA3E0048CA00
 20:53:01.553 t20184B59CA0EF1F1F17B
 20:53:01.554 t20286000C02AF2F900F9
 20:53:01.554 t20388845CA220837FA04
 20:53:01.554 t20480000C00000000000
 20:53:01.554 t2058D188E2027FFF5000
 20:53:01.653 t200827830A3E0048CA00
 20:53:01.653 t201840000F0E49F9F179
 20:53:01.653 t20286A970A3E49F900F9
 20:53:01.653 t2038897A0A2211E7FDFF
 20:53:01.653 t20480000000000000000
 20:53:01.653 t2058D18822027FFF5000
 20:53:01.753 t200827864A3E0048CA00
 20:53:01.753 t201840C24F0EF1F9A979
 20:53:01.753 t20286A974A1AA9F100FB
 20:53:01.753 t203880004F220397F5FD
 20:53:01.753 t20480000400000000000
 20:53:01.753 t2058D18862027FFF5000
 20:53:01.853 t200827888A3E0048CA00
 20:53:01.853 t20185D8B8A0EF1F1F17B
 20:53:01.853 t20286000802AF2F900F9
 20:53:01.854 t2038805E8F220417F5FE
 20:53:01.854 t20480000800000000000
 20:53:01.854 t2058D188A2027FFF5000
 20:53:01.953 t2008278BCA3E0048CA00
 20:53:01.953 t20184845CA0EF1F1F17C
 20:53:01.953 t20286A97CA3E49F900F9
 20:53:01.954 t203880C2CF220327FDFF
 20:53:01.954 t20480000C00000000000
 20:53:01.954 t2058D188E2027FFF5000
 20:53:02.053 t2008278E0A3E0048CA00
 20:53:02.053 t20184A970A0EA9F1F17B
 20:53:02.053 t20286A970A1AA9F100FB
 20:53:02.054 t203881690F220617FDFF
 20:53:02.054 t20480000000000000000
 20:53:02.054 t2058D18822027FFF5000
 20:53:02.153 t200827914A3E0048CA00
 20:53:02.153 t20184B594A0EF1F1F17B
 20:53:02.153 t20286000402AF2F900F9
 20:53:02.154 t203886EF4A220F480200
 20:53:02.154 t20480000400000000000
 20:53:02.154 t2058D18862027FFF5000
 20:53:02.253 t200827948A3E0048CA00
 20:53:02.253 t201840008F0E49F9F179
 20:53:02.253 t20286A978A3E49F900F9
 20:53:02.253 t203888458A220837FA04
 20:53:02.253 t20480000800000000000
 20:53:02.253 t2058D188A2027FFF5000
 20:53:02.353 t20082796CA3E0048CA00
 20:53:02.353 t201840C2CF0EF1F9A979
 20:53:02.353 t20286A97CA1AA9F100FB
 20:53:02.353 t2038897ACA2211E7FDFF
 20:53:02.353 t20480000C00000000000
 20:53:02.353 t2058D188E2027FFF5000
 20:53:02.453 t200827990A3E0048CA00
 20:53:02.453 t20185D8B0A0EF1F1F17B
 20:53:02.453 t20286000002AF2F900F9
 20:53:02.453 t203880000F220397F5FD
 20:53:02.454 t20480000000000000000
 20:53:02.454 t2058D18822027FFF5000
 20:53:02.553 t2008279C4A3E0048CA00
 20:53:02.553 t201848454A0EF1F1F17C
 20:53:02.553 t20286A974A3E49F900F9
 20:53:02.553 t2038805E4F220417F5FE
 20:53:02.554 t20480000400000000000
 20:53:02.554 t2058D18862027FFF5000
 20:53:02.653 t2008279F8A3E0048CA00
 20:53:02.653 t20184A978A0EA9F1F17B
 20:53:02.653 t20286A978A1AA9F100FB
 20:53:02.653 t203880C28F220327FDFF
 20:53:02.654 t20480000800000000000
 20:53:02.654 t2058D188A2027FFF5000
 20:53:02.753 t200827A1CA3E0048CA00
 20:53:02.753 t20184B59CA0EF1F1F17B
 20:53:02.753 t20286000C02AF2F900F9
 20:53:02.753 t20388169CF220617FDFF
 20:53:02.754 t20480000C00000000000
 20:53:02.754 t2058D188E2027FFF5000
 20:53:02.853 t200827A40A3E0048CA00
 20:53:02.853 t201840000F0E49F9F179
 20:53:02.853 t20286A970A3E49F900F9
 20:53:02.853 t203886EF0A220F480200
 20:53:02.854 t20480000000000000000
 20:53:02.854 t2058D18822027FFF5000
 20:53:02.952 t200827A74A3E0048CA00
 20:53:02.953 t201840C24F0EF1F9A979
 20:53:02.953 t20286A974A1AA9F100FB
 20:53:02.953 t203888454A220837FA04
 20:53:02.953 t20480000400000000000
 20:53:02.953 t2058D18862027FFF5000
 20:53:03.052 t200827AA8A3E0048CA00
 20:53:03.053 t20185D8B8A0EF1F1F17B
 20:53:03.053 t20286000802AF2F900F9
 20:53:03.053 t2038897A8A2211E7FDFF
 20:53:03.053 t20480000800000000000
 20:53:03.053 t2058D188A2027FFF5000
 20:53:03.153 t200827ADCA3E0048CA00
 20:53:03.153 t20184845CA0EF1F1F17C
 20:53:03.153 t20286A97CA3E49F900F9
 20:53:03.153 t20388000CF220397F5FD
 20:53:03.154 t20480000C00000000000
 20:53:03.154 t2058D188E2027FFF5000
 20:53:03.253 t200827AF0A3E0048CA00
 20:53:03.253 t20184A970A0EA9F1F17B
 20:53:03.253 t20286A970A1AA9F100FB
 20:53:03.253 t2038805E0F220417F5FE
 20:53:03.253 t20480000000000000000
 20:53:03.253 t2058D18822027FFF5000
 20:53:03.353 t200827B24A3E0048CA00
 20:53:03.353 t20184B594A0EF1F1F17B
 20:53:03.353 t20286000402AF2F900F9
 20:53:03.353 t203880C24F220327FDFF
 20:53:03.353 t20480000400000000000
 20:53:03.354 t2058D18862027FFF5000
 20:53:03.453 t200827B58A3E0048CA00
 20:53:03.453 t201840008F0E49F9F179
 20:53:03.454 t20286A978A3E49F900F9
 20:53:03.454 t203881698F220617FDFF
 20:53:03.454 t20480000800000000000
 20:53:03.454 t2058D188A2027FFF5000
 20:53:03.553 t200827B8CA3E0048CA00
 20:53:03.553 t201840C2CF0EF1F9A979
 20:53:03.553 t20286A97CA1AA9F100FB
 20:53:03.553 t203886EFCA220F480200
 20:53:03.553 t20480000C00000000000
 20:53:03.554 t2058D188E2027FFF5000
 20:53:03.652 t200827BA0A3E0048CA00
 20:53:03.652 t20185D8B0A0EF1F1F17B
 20:53:03.652 t20286000002AF2F900F9
 20:53:03.653 t203888450A220837FA04
 20:53:03.653 t20480000000000000000
 20:53:03.653 t2058D18822027FFF5000
 20:53:03.752 t200827BD4A3E0048CA00
 20:53:03.752 t201848454A0EF1F1F17C
 20:53:03.752 t20286A974A3E49F900F9
 20:53:03.753 t2038897A4A2211E7FDFF
 20:53:03.753 t20480000400000000000
 20:53:03.753 t2058D18862027FFF5000
 20:53:03.852 t200827C08A3E0048CA00
 20:53:03.853 t20184A978A0EA9F1F17B
 20:53:03.853 t20286A978A1AA9F100FB
 20:53:03.853 t203880008F220397F5FD
 20:53:03.853 t20480000800000000000
 20:53:03.854 t2058D188A2027FFF5000
 20:53:03.952 t200827C3CA3E0048CA00
 20:53:03.953 t20184B59CA0EF1F1F17B
 20:53:03.953 t20286000C02AF2F900F9
 20:53:03.953 t2038805ECF220417F5FE
 20:53:03.953 t20480000C00000000000
 20:53:03.953 t2058D188E2027FFF5000
 20:53:04.052 t200827C60A3E0048CA00
 20:53:04.053 t201840000F0E49F9F179
 20:53:04.053 t20286A970A3E49F900F9
 20:53:04.053 t203880C20F220327FDFF
 20:53:04.053 t20480000000000000000
 20:53:04.053 t2058D18822027FFF5000
 20:53:04.152 t200827C84A3E0048CA00
 20:53:04.153 t201840C24F0EF1F9A979
 20:53:04.153 t20286A974A1AA9F100FB
 20:53:04.153 t203881694F220617FDFF
 20:53:04.153 t20480000400000000000
 20:53:04.154 t2058D18862027FFF5000
 20:53:04.252 t200827CB8A3E0048CA00
 20:53:04.253 t20185D8B8A0EF1F1F17B
 20:53:04.253 t20286000802AF2F900F9
 20:53:04.253 t203886EF8A220F480200
 20:53:04.253 t20480000800000000000
 20:53:04.253 t2058D188A2027FFF5000
 20:53:04.352 t200827CECA3E0048CA00
 20:53:04.352 t20184845CA0EF1F1F17C
 20:53:04.352 t20286A97CA3E49F900F9
 20:53:04.352 t20388845CA220837FA04
 20:53:04.352 t20480000C00000000000
 20:53:04.353 t2058D188E2027FFF5000
 20:53:04.452 t200827D10A3E0048CA00
 20:53:04.452 t20184A970A0EA9F1F17B
 20:53:04.452 t20286A970A1AA9F100FB
 20:53:04.452 t2038897A0A2211E7FDFF
 20:53:04.452 t20480000000000000000
 20:53:04.453 t2058D18822027FFF5000
 20:53:04.552 t200827D34A3E0048CA00
 20:53:04.552 t20184B594A0EF1F1F17B
 20:53:04.552 t20286000402AF2F900F9
 20:53:04.553 t203880004F220397F5FD
 20:53:04.553 t20480000400000000000
 20:53:04.553 t2058D18862027FFF5000
 20:53:04.652 t200827D68A3E0048CA00
 20:53:04.652 t201840008F0E49F9F179
 20:53:04.653 t20286A978A3E49F900F9
 20:53:04.653 t2038805E8F220417F5FE
 20:53:04.653 t20480000800000000000
 20:53:04.653 t2058D188A2027FFF5000
 20:53:04.752 t200827D9CA3E0048CA00
 20:53:04.752 t201840C2CF0EF1F9A979
 20:53:04.753 t20286A97CA1AA9F100FB
 20:53:04.753 t203880C2CF220327FDFF
 20:53:04.753 t20480000C00000000000
 20:53:04.753 t2058D188E2027FFF5000
 20:53:04.852 t200827DC0A3E0048CA00
 20:53:04.852 t20185D8B0A0EF1F1F17B
 20:53:04.853 t20286000002AF2F900F9
 20:53:04.853 t203881690F220617FDFF
 20:53:04.853 t20480000000000000000
 20:53:04.853 t2058D18822027FFF5000
 20:53:04.952 t200827DF4A3E0048CA00
 20:53:04.952 t201848454A0EF1F1F17C
 20:53:04.952 t20286A974A3E49F900F9
 20:53:04.952 t203886EF4A220F480200
 20:53:04.952 t20480000400000000000
 20:53:04.952 t2058D18862027FFF5000
 20:53:05.052 t200827E18A3E0048CA00
 20:53:05.052 t20184A978A0EA9F1F17B
 20:53:05.052 t20286A978A1AA9F100FB
 20:53:05.052 t203888458A220837FA04
 20:53:05.052 t20480000800000000000
 20:53:05.052 t2058D188A2027FFF5000
 20:53:05.152 t200827E4CA3E0048CA00
 20:53:05.152 t20184B59CA0EF1F1F17B
 20:53:05.152 t20286000C02AF2F900F9
 20:53:05.152 t2038897ACA2211E7FDFF
 20:53:05.152 t20480000C00000000000
 20:53:05.153 t2058D188E2027FFF5000
 20:53:05.252 t200827E70A3E0048CA00
 20:53:05.252 t201840000F0E49F9F179
 20:53:05.252 t20286A970A3E49F900F9
 20:53:05.253 t203880000F220397F5FD
 20:53:05.253 t20480000000000000000
 20:53:05.253 t2058D18822027FFF5000
 20:53:05.352 t200827EA4A3E0048CA00
 20:53:05.352 t201840C24F0EF1F9A979
 20:53:05.353 t20286A974A1AA9F100FB
 20:53:05.353 t2038805E4F220417F5FE
 20:53:05.353 t20480000400000000000
 20:53:05.353 t2058D18862027FFF5000
 20:53:05.452 t200827EC8A3E0048CA00
 20:53:05.452 t20185D8B8A0EF1F1F17B
 20:53:05.452 t20286000802AF2F900F9
 20:53:05.452 t203880C28F220327FDFF
 20:53:05.452 t20480000800000000000
 20:53:05.453 t2058D188A2027FFF5000
 20:53:05.552 t200827EFCA3E0048CA00
 20:53:05.552 t20184845CA0EF1F1F17C
 20:53:05.552 t20286A97CA3E49F900F9
 20:53:05.552 t20388169CF220617FDFF
 20:53:05.553 t20480000C00000000000
 20:53:05.553 t2058D188E2027FFF5000
 20:53:05.653 t200827F20A3E0048CA00
 20:53:05.653 t20184A970A0EA9F1F17B
 20:53:05.653 t20286A970A1AA9F100FB
 20:53:05.654 t203886EF0A220F480200
 20:53:05.654 t20480000000000000000
 20:53:05.654 t2058D18822027FFF5000
 20:53:05.753 t200827F54A3E0048CA00
 20:53:05.753 t20184B594A0EF1F1F17B
 20:53:05.753 t20286000402AF2F900F9
 20:53:05.753 t203888454A220837FA04
 20:53:05.753 t20480000400000000000
 20:53:05.753 t2058D18862027FFF5000
 20:53:05.853 t200827F88A3E0048CA00
 20:53:05.853 t201840008F0E49F9F179
 20:53:05.853 t20286A978A3E49F900F9
 20:53:05.853 t2038897A8A2211E7FDFF
 20:53:05.854 t20480000800000000000
 20:53:05.854 t2058D188A2027FFF5000
 20:53:05.953 t200827FACA3E0048CA00
 20:53:05.953 t201840C2CF0EF1F9A979
 20:53:05.953 t20286A97CA1AA9F100FB
 20:53:05.953 t20388000CF220397F5FD
 20:53:05.954 t20480000C00000000000
 20:53:05.954 t2058D188E2027FFF5000
 20:53:06.053 t200827FD0A3E0048CA00
 20:53:06.053 t20185D8B0A0EF1F1F17B
 20:53:06.053 t20286000002AF2F900F9
 20:53:06.054 t2038805E0F220417F5FE
 20:53:06.054 t20480000000000000000
 20:53:06.054 t2058D18822027FFF5000
 20:53:06.153 t200828004A3E0048CA00
 20:53:06.153 t201848454A0EF1F1F17C
 20:53:06.153 t20286A974A3E49F900F9
 20:53:06.154 t203880C24F220327FDFF
 20:53:06.154 t20480000400000000000
 20:53:06.154 t2058D18862027FFF5000
 20:53:06.253 t200828038A3E0048CA00
 20:53:06.253 t20184A978A0EA9F1F17B
 20:53:06.253 t20286A978A1AA9F100FB
 20:53:06.254 t203881698F220617FDFF
 20:53:06.254 t20480000800000000000
 20:53:06.254 t2058D188A2027FFF5000
 20:53:06.353 t20082805CA3E0048CA00
 20:53:06.353 t20184B59CA0EF1F1F17B
 20:53:06.353 t20286000C02AF2F900F9
 20:53:06.353 t203886EFCA220F480200
 20:53:06.353 t20480000C00000000000
 20:53:06.353 t2058D188E2027FFF5000
 20:53:06.453 t200828080A3E0048CA00
 20:53:06.453 t201840000F0E49F9F179
 20:53:06.453 t20286A970A3E49F900F9
 20:53:06.453 t203888450A220837FA04
 20:53:06.453 t20480000000000000000
 20:53:06.453 t2058D18822027FFF5000
 20:53:06.553 t2008280B4A3E0048CA00
 20:53:06.553 t201840C24F0EF1F9A979
 20:53:06.553 t20286A974A1AA9F100FB
 20:53:06.553 t2038897A4A2211E7FDFF
 20:53:06.554 t20480000400000000000
 20:53:06.554 t2058D18862027FFF5000
 20:53:06.653 t2008280E8A3E0048CA00
 20:53:06.653 t20185D8B8A0EF1F1F17B
 20:53:06.653 t20286000802AF2F900F9
 20:53:06.653 t203880008F220397F5FD
 20:53:06.653 t20480000800000000000
 20:53:06.654 t2058D188A2027FFF5000
 20:53:06.753 t20082811CA3E0048CA00
 20:53:06.753 t20184845CA0EF1F1F17C
 20:53:06.753 t20286A97CA3E49F900F9
 20:53:06.753 t2038805ECF220417F5FE
 20:53:06.754 t20480000C00000000000
 20:53:06.754 t2058D188E2027FFF5000
 20:53:06.853 t200828130A3E0048CA00
 20:53:06.853 t20184A970A0EA9F1F17B
 20:53:06.853 t20286A970A1AA9F100FB
 20:53:06.853 t203880C20F220327FDFF
 20:53:06.854 t20480000000000000000
 20:53:06.854 t2058D18822027FFF5000
 20:53:06.953 t200828164A3E0048CA00
 20:53:06.953 t20184B594A0EF1F1F17B
 20:53:06.953 t20286000402AF2F900F9
 20:53:06.953 t203881694F220617FDFF
 20:53:06.954 t20480000400000000000
 20:53:06.954 t2058D18862027FFF5000
 20:53:07.052 t200828198A3E0048CA00
 20:53:07.052 t201840008F0E49F9F179
 20:53:07.053 t20286A978A3E49F900F9
 20:53:07.053 t203886EF8A220F480200
 20:53:07.053 t20480000800000000000
 20:53:07.053 t2058D188A2027FFF5000
 20:53:07.152 t2008281CCA3E0048CA00
 20:53:07.152 t201840C2CF0EF1F9A979
 20:53:07.153 t20286A97CA1AA9F100FB
 20:53:07.153 t20388845CA220837FA04
 20:53:07.153 t20480000C00000000000
 20:53:07.153 t2058D188E2027FFF5000
 20:53:07.253 t2008281E0A3E0048CA00
 20:53:07.253 t20185D8B0A0EF1F1F17B
 20:53:07.253 t20286000002AF2F900F9
 20:53:07.253 t2038897A0A2211E7FDFF
 20:53:07.253 t20480000000000000000
 20:53:07.254 t2058D18822027FFF5000
 20:53:07.353 t200828214A3E0048CA00
 20:53:07.353 t201848454A0EF1F1F17C
 20:53:07.353 t20286A974A3E49F900F9
 20:53:07.353 t203880004F220397F5FD
 20:53:07.353 t20480000400000000000
 20:53:07.354 t2058D18862027FFF5000
 20:53:07.453 t200828248A3E0048CA00
 20:53:07.453 t20184A978A0EA9F1F17B
 20:53:07.453 t20286A978A1AA9F100FB
 20:53:07.453 t2038805E8F220417F5FE
 20:53:07.453 t20480000800000000000
 20:53:07.454 t2058D188A2027FFF5000
 20:53:07.552 t20082827CA3E0048CA00
 20:53:07.553 t20184B59CA0EF1F1F17B
 20:53:07.553 t20286000C02AF2F900F9
 20:53:07.553 t203880C2CF220327FDFF
 20:53:07.553 t20480000C00000000000
 20:53:07.554 t2058D188E2027FFF5000
 20:53:07.652 t2008282A0A3E0048CA00
 20:53:07.652 t201840000F0E49F9F179
 20:53:07.652 t20286A970A3E49F900F9
 20:53:07.653 t203881690F220617FDFF
 20:53:07.653 t20480000000000000000
 20:53:07.653 t2058D18822027FFF5000
 20:53:07.752 t2008282C4A3E0048CA00
 20:53:07.752 t201840C24F0EF1F9A979
 20:53:07.752 t20286A974A1AA9F100FB
 20:53:07.753 t203886EF4A220F480200
 20:53:07.753 t20480000400000000000
 20:53:07.753 t2058D18862027FFF5000
 20:53:07.852 t2008282F8A3E0048CA00
 20:53:07.853 t20185D8B8A0EF1F1F17B
 20:53:07.853 t20286000802AF2F900F9
 20:53:07.853 t203888458A220837FA04
 20:53:07.853 t20480000800000000000
 20:53:07.853 t2058D188A2027FFF5000
 20:53:07.952 t20082832CA3E0048CA00
 20:53:07.953 t20184845CA0EF1F1F17C
 20:53:07.953 t20286A97CA3E49F900F9
 20:53:07.953 t2038897ACA2211E7FDFF
 20:53:07.953 t20480000C00000000000
 20:53:07.953 t2058D188E2027FFF5000
 20:53:08.052 t200828350A3E0048CA00
 20:53:08.053 t20184A970A0EA9F1F17B
 20:53:08.053 t20286A970A1AA9F100FB
 20:53:08.053 t203880000F220397F5FD
 20:53:08.053 t20480000000000000000
 20:53:08.053 t2058D18822027FFF5000
 20:53:08.152 t200828374A3E0048CA00
 20:53:08.153 t20184B594A0EF1F1F17B
 20:53:08.153 t20286000402AF2F900F9
 20:53:08.153 t2038805E4F220417F5FE
 20:53:08.153 t20480000400000000000
 20:53:08.153 t2058D18862027FFF5000
 20:53:08.252 t2008283A8A3E0048CA00
 20:53:08.252 t201840008F0E49F9F179
 20:53:08.253 t20286A978A3E49F900F9
 20:53:08.253 t203880C28F220327FDFF
 20:53:08.253 t20480000800000000000
 20:53:08.253 t2058D188A2027FFF5000
 20:53:08.352 t2008283DCA3E0048CA00
 20:53:08.352 t201840C2CF0EF1F9A979
 20:53:08.352 t20286A97CA1AA9F100FB
 20:53:08.352 t20388169CF220617FDFF
 20:53:08.352 t20480000C00000000000
 20:53:08.353 t2058D188E2027FFF5000
 20:53:08.452 t200828400A3E0048CA00
 20:53:08.452 t20185D8B0A0EF1F1F17B
 20:53:08.452 t20286000002AF2F900F9
 20:53:08.452 t203886EF0A220F480200
 20:53:08.452 t20480000000000000000
 20:53:08.453 t2058D18822027FFF5000
 20:53:08.552 t200828434A3E0048CA00
 20:53:08.552 t201848454A0EF1F1F17C
 20:53:08.553 t20286A974A3E49F900F9
 20:53:08.553 t203888454A220837FA04
 20:53:08.553 t20480000400000000000
 20:53:08.553 t2058D18862027FFF5000
 20:53:08.652 t200828468A3E004ACA00
 20:53:08.652 t20184A978A0EA9F1F17B
 20:53:08.652 t20286A978A1AA9F100FB
 20:53:08.652 t2038897A8A2211E7FDFF
 20:53:08.652 t20480000800000000000
 20:53:08.653 t2058D188A2027FFF5000
 20:53:08.752 t20082849CA3E004ACA00
 20:53:08.752 t20184B59CA0EF1F1F17B
 20:53:08.753 t20286000C02AF2F900F9
 20:53:08.753 t20388000CF220397F5FD
 20:53:08.753 t20480000C00000000000
 20:53:08.753 t2058D188E2027FFF5000
 20:53:08.852 t2008284C0A3E004ACA00
 20:53:08.852 t201840000F0E49F9F179
 20:53:08.853 t20286A970A3E49F900F9
 20:53:08.853 t2038805E0F220417F5FE
 20:53:08.853 t20480000000000000000
 20:53:08.853 t2058D18822027FFF5000
 20:53:08.952 t2008284E4A3E004ACA00
 20:53:08.952 t201840C24F0EF1F9A979
 20:53:08.952 t20286A974A1AA9F100FB
 20:53:08.953 t203880C24F220327FDFF
 20:53:08.953 t20480000400000000000
 20:53:08.953 t2058D18862027FFF5000
 20:53:09.052 t200828518A3E004ACA00
 20:53:09.052 t20185D8B8A0EF1F1F17B
 20:53:09.052 t20286000802AF2F900F9
 20:53:09.052 t203881698F220617FDFF
 20:53:09.052 t20480000800000000000
 20:53:09.053 t2058D188A2027FFF5000
 20:53:09.152 t20082854CA3E004ACA00
 20:53:09.152 t20184845CA0EF1F1F17C
 20:53:09.152 t20286A97CA3E49F900F9
 20:53:09.152 t203886EFCA220F480200
 20:53:09.152 t20480000C00000000000
 20:53:09.152 t2058D188E2027FFF5000
 20:53:09.252 t200828570A3E004ACA00
 20:53:09.252 t20184A970A0EA9F1F17B
 20:53:09.252 t20286A970A1AA9F100FB
 20:53:09.253 t203888450A220837FA04
 20:53:09.253 t20480000000000000000
 20:53:09.253 t2058D18822027FFF5000
 20:53:09.352 t200828594A3E004ACA00
 20:53:09.352 t20184B594A0EF1F1F17B
 20:53:09.353 t20286000402AF2F900F9
 20:53:09.353 t2038897A4A2211E7FDFF
 20:53:09.353 t20480000400000000000
 20:53:09.353 t2058D18862027FFF5000
 20:53:09.452 t2008285C8A3E004ACA00
 20:53:09.452 t201840008F0E49F9F179
 20:53:09.452 t20286A978A3E49F900F9
 20:53:09.453 t203880008F220397F5FD
 20:53:09.453 t20480000800000000000
 20:53:09.453 t2058D188A2027FFF5000
 20:53:09.552 t2008285FCA3E004ACA00
 20:53:09.552 t201840C2CF0EF1F9A979
 20:53:09.552 t20286A97CA1AA9F100FB
 20:53:09.552 t2038805ECF220417F5FE
 20:53:09.553 t20480000C00000000000
 20:53:09.553 t2058D188E2027FFF5000
 20:53:09.653 t200828620A3E004ACA00
 20:53:09.653 t20185D8B0A0EF1F1F17B
 20:53:09.653 t20286000002AF2F900F9
 20:53:09.653 t203880C20F220327FDFF
 20:53:09.653 t20480000000000000000
 20:53:09.653 t2058D18822027FFF5000
 20:53:09.753 t200828654A3E004ACA00
 20:53:09.753 t201848454A0EF1F1F17C
 20:53:09.753 t20286A974A3E49F900F9
 20:53:09.753 t203881694F220617FDFF
 20:53:09.753 t20480000400000000000
 20:53:09.753 t2058D18862027FFF5000
 20:53:09.853 t200828678A3E004ACA00
 20:53:09.853 t20184A978A0EA9F1F17B
 20:53:09.853 t20286A978A1AA9F100FB
 20:53:09.853 t203886EF8A220F480200
 20:53:09.853 t20480000800000000000
 20:53:09.853 t2058D188A2027FFF5000
 20:53:09.953 t2008286ACA3E004ACA00
 20:53:09.953 t20184B59CA0EF1F1F17B
 20:53:09.953 t20286000C02AF2F900F9
 20:53:09.953 t20388B59CA203FF7FBFF
 20:53:09.953 t20480000C00000000000
 20:53:09.953 t2058D188E2027FFF5000
 20:53:10.053 t2008286D0A3E004ACA00
 20:53:10.053 t201840000F0E49F9F179
 20:53:10.053 t20286A970A3E49F900F9
 20:53:10.053 t203888450A220837FA04
 20:53:10.053 t20480000000000000000
 20:53:10.053 t2058D18822027FFF5000
 20:53:10.153 t200828704A3E004ACA00
 20:53:10.153 t201840C24F0EF1F9A979
 20:53:10.153 t20286A974A1AA9F100FB
 20:53:10.153 t2038897A4A2211E7FDFF
 20:53:10.154 t20480000400000000000
 20:53:10.154 t2058D18862027FFF5000
 20:53:10.253 t200828738A3E004ACA00
 20:53:10.253 t20185D8B8A0EF1F1F17B
 20:53:10.253 t20286000802AF2F900F9
 20:53:10.253 t20388B598A223FF7FBFF
 20:53:10.254 t20480000800000000000
 20:53:10.254 t2058D188A2027FFF5000
 20:53:10.353 t20082875CA3E004ACA00
 20:53:10.353 t20184845CA0EF1F1F17C
 20:53:10.353 t20286A97CA3E49F900F9
 20:53:10.353 t20388000CF220397F5FD
 20:53:10.354 t20480000C00000000000
 20:53:10.354 t2058D188E2027FFF5000
 20:53:10.452 t200828780A3E004ACA00
 20:53:10.453 t20184A970A0EA9F1F17B
 20:53:10.453 t20286A970A1AA9F100FB
 20:53:10.453 t2038805E0F220417F5FE
 20:53:10.453 t20480000000000000000
 20:53:10.453 t2058D18822027FFF5000
 20:53:10.552 t2008287B4A3E004ACA00
 20:53:10.552 t20184B594A0EF1F1F17B
 20:53:10.553 t20286000402AF2F900F9
 20:53:10.553 t203880C24F220327FDFF
 20:53:10.553 t20480000400000000000
 20:53:10.553 t2058D18862027FFF5000
 20:53:10.653 t2008287E8A3E004ACA00
 20:53:10.653 t201840008F0E49F9F179
 20:53:10.653 t20286A978A3E49F900F9
 20:53:10.653 t203881698F220617FDFF
 20:53:10.654 t20480000800000000000
 20:53:10.654 t2058D188A2027FFF5000
 20:53:10.752 t20082880CA3E004ACA00
 20:53:10.753 t201840C2CF0EF1F9A979
 20:53:10.753 t20286A97CA1AA9F100FB
 20:53:10.753 t20388845CA220837FA04
 20:53:10.754 t20480000C00000000000
 20:53:10.754 t2058D188E2027FFF5000
 20:53:10.853 t200828830A3E004ACA00
 20:53:10.853 t20185D8B0A0EF1F1F17B
 20:53:10.853 t20286000002AF2F900F9
 20:53:10.853 t2038897A0A2211E7FDFF
 20:53:10.853 t20480000000000000000
 20:53:10.854 t2058D18822027FFF5000
 20:53:10.953 t200828864A3E004ACA00
 20:53:10.953 t201848454A0EF1F1F17C
 20:53:10.953 t20286A974A3E49F900F9
 20:53:10.953 t20388B594A223FF7FBFF
 20:53:10.954 t20480000400000000000
 20:53:10.954 t2058D18862027FFF5000
 20:53:11.052 t200828898A3E004ACA00
 20:53:11.053 t20184A978A0EA9F1F17B
 20:53:11.053 t20286A978A1AA9F100FB
 20:53:11.053 t203880008F220397F5FD
 20:53:11.053 t20480000800000000000
 20:53:11.054 t2058D188A2027FFF5000
 20:53:11.152 t2008288CCA3E004ACA00
 20:53:11.152 t20184B59CA0EF1F1F17B
 20:53:11.152 t20286000C02AF2F900F9
 20:53:11.153 t2038805ECF220417F5FE
 20:53:11.153 t20480000C00000000000
 20:53:11.153 t2058D188E2027FFF5000
 20:53:11.252 t2008288E0A3E004ACA00
 20:53:11.253 t201840000F0E49F9F179
 20:53:11.253 t20286A970A3E49F900F9
 20:53:11.253 t203880C20F220327FDFF
 20:53:11.253 t20480000000000000000
 20:53:11.254 t2058D18822027FFF5000
 20:53:11.352 t200828914A3E004ACA00
 20:53:11.352 t201840C24F0EF1F9A979
 20:53:11.353 t20286A974A1AA9F100FB
 20:53:11.353 t203881694F220617FDFF
 20:53:11.353 t20480000400000000000
 20:53:11.353 t2058D18862027FFF5000
 20:53:11.452 t200828948A3E004ACA00
 20:53:11.453 t20185D8B8A0EF1F1F17B
 20:53:11.453 t20286000802AF2F900F9
 20:53:11.453 t203888458A220837FA04
 20:53:11.453 t20480000800000000000
 20:53:11.454 t2058D188A2027FFF5000
 20:53:11.552 t20082897CA3E004ACA00
 20:53:11.553 t20184845CA0EF1F1F17C
 20:53:11.553 t20286A97CA3E49F900F9
 20:53:11.553 t2038897ACA2211E7FDFF
 20:53:11.553 t20480000C00000000000
 20:53:11.554 t2058D188E2027FFF5000
 20:53:11.652 t200828990A3E004ACA00
 20:53:11.653 t20184A970A0EA9F1F17B
 20:53:11.653 t20286A970A1AA9F100FB
 20:53:11.653 t20388B590A223FF7FBFF
 20:53:11.653 t20480000000000000000
 20:53:11.654 t2058D18822027FFF5000
 20:53:11.752 t2008289C4A3E004ACA00
 20:53:11.752 t20184B594A0EF1F1F17B
 20:53:11.752 t20286000402AF2F900F9
 20:53:11.752 t203880004F220397F5FD
 20:53:11.752 t20480000400000000000
 20:53:11.753 t2058D18862027FFF5000
 20:53:11.852 t2008289F8A3E004ACA00
 20:53:11.852 t201840008F0E49F9F179
 20:53:11.852 t20286A978A3E49F900F9
 20:53:11.852 t2038805E8F220417F5FE
 20:53:11.852 t20480000800000000000
 20:53:11.853 t2058D188A2027FFF5000
 20:53:11.952 t200828A2CA3E004ACA00
 20:53:11.952 t201840C2CF0EF1F9A979
 20:53:11.953 t20286A97CA1AA9F100FB
 20:53:11.953 t203880C2CF220327FDFF
 20:53:11.953 t20480000C00000000000
 20:53:11.954 t2058D188E2027FFF5000
 20:53:12.052 t200828A50A3E004ACA00
 20:53:12.052 t20185D8B0A0EF1F1F17B
 20:53:12.053 t20286000002AF2F900F9
 20:53:12.053 t203881690F220617FDFF
 20:53:12.053 t20480000000000000000
 20:53:12.054 t2058D18822027FFF5000
 20:53:12.152 t200828A74A3E004ACA00
 20:53:12.152 t201848454A0EF1F1F17C
 20:53:12.153 t20286A974A3E49F900F9
 20:53:12.153 t203888454A220837FA04
 20:53:12.153 t20480000400000000000
 20:53:12.153 t2058D18862027FFF5000
 20:53:12.252 t200828AA8A3E004ACA00
 20:53:12.252 t20184A978A0EA9F1F17B
 20:53:12.253 t20286A978A1AA9F100FB
 20:53:12.253 t2038897A8A2211E7FDFF
 20:53:12.253 t20480000800000000000
 20:53:12.254 t2058D188A2027FFF5000
 20:53:12.352 t200828ADCA3E004ACA00
 20:53:12.352 t20184B59CA0EF1F1F17B
 20:53:12.353 t20286000C02AF2F900F9
 20:53:12.353 t20388B59CA223FF7FBFF
 20:53:12.353 t20480000C00000000000
 20:53:12.353 t2058D188E2027FFF5000
 20:53:12.452 t200828B00A3E004ACA00
 20:53:12.452 t201840000F0E49F9F179
 20:53:12.452 t20286A970A3E49F900F9
 20:53:12.452 t203880000F220397F5FD
 20:53:12.452 t20480000000000000000
 20:53:12.452 t2058D18822027FFF5000
 20:53:12.552 t200828B24A3E004ACA00
 20:53:12.552 t201840C24F0EF1F9A979
 20:53:12.552 t20286A974A1AA9F100FB
 20:53:12.552 t2038805E4F220417F5FE
 20:53:12.552 t20480000400000000000
 20:53:12.552 t2058D18862027FFF5000
 20:53:12.652 t200828B58A3E004ACA00
 20:53:12.652 t201848458A0EF1F1F17C
 20:53:12.652 t20286000802AF2F900F9
 20:53:12.652 t203880C28F220327FDFF
 20:53:12.652 t20480000800000000000
 20:53:12.652 t2058D188A2027FFF5000
 20:53:12.752 t200828B8CA3E004ACA00
 20:53:12.752 t20184A97CA0EA9F1F17B
 20:53:12.752 t20286A97CA3E49F900F9
 20:53:12.753 t20388169CF220617FDFF
 20:53:12.753 t20480000C00000000000
 20:53:12.754 t2058D188E2027FFF5000
 20:53:12.852 t200828BB0A3E004ACA00
 20:53:12.852 t20184B590A0EF1F1F17B
 20:53:12.852 t20286A970A1AA9F100FB
 20:53:12.853 t203888450A220837FA04
 20:53:12.853 t20480000000000000000
 20:53:12.853 t2058D18822027FFF5000
 20:53:12.952 t200828BE4A3E004ACA00
 20:53:12.952 t201840004F0E49F9F179
 20:53:12.952 t20286000402AF2F900F9
 20:53:12.953 t2038897A4A2211E7FDFF
 20:53:12.953 t20480000400000000000
 20:53:12.953 t2058D18862027FFF5000
 20:53:13.052 t200828C08A3E004ACA00
 20:53:13.052 t201840C28F0EF1F9A979
 20:53:13.052 t20286A978A3E49F900F9
 20:53:13.052 t20388B598A223FF7FBFF
 20:53:13.052 t20480000800000000000
 20:53:13.052 t2058D188A2027FFF5000
 20:53:13.152 t200828C3CA3E004ACA00
 20:53:13.152 t20184845CA0EF1F1F17C
 20:53:13.152 t20286A97CA1AA9F100FB
 20:53:13.152 t20388000CF220397F5FD
 20:53:13.152 t20480000C00000000000
 20:53:13.152 t2058D188E2027FFF5000
 20:53:13.253 t200828C60A3E004ACA00
 20:53:13.254 t20184A970A0EA9F1F17B
 20:53:13.254 t20286000002AF2F900F9
 20:53:13.254 t2038805E0F220417F5FE
 20:53:13.255 t20480000000000000000
 20:53:13.255 t2058D18822027FFF5000
 20:53:13.353 t200828C84A3E0048CA00
 20:53:13.354 t20184B594A0EF1F1F17B
 20:53:13.354 t20286A974A3E49F900F9
 20:53:13.355 t203880C24F220327FDFF
 20:53:13.355 t20480000400000000000
 20:53:13.355 t2058D18862027FFF5000
 20:53:13.454 t200828CB8A3E0048CA00
 20:53:13.455 t201840008F0E49F9F179
 20:53:13.455 t20286A978A1AA9F100FB
 20:53:13.455 t203881698F220617FDFF
 20:53:13.455 t20480000800000000000
 20:53:13.456 t2058D188A2027FFF5000
 20:53:13.553 t200828CDCA3E0048CA00
 20:53:13.554 t201840C2CF0EF1F9A979
 20:53:13.554 t20286000C02AF2F900F9
 20:53:13.554 t20388845CA220837FA04
 20:53:13.554 t20480000C00000000000
 20:53:13.555 t2058D188E2027FFF5000
 20:53:13.653 t200828D00A3E0048CA00
 20:53:13.653 t201848450A0EF1F1F17C
 20:53:13.653 t20286A970A3E49F900F9
 20:53:13.654 t2038897A0A2211E7FDFF
 20:53:13.654 t20480000000000000000
 20:53:13.654 t2058D18822027FFF5000
 20:53:13.753 t200828D34A3E0048CA00
 20:53:13.753 t20184A974A0EA9F1F17B
 20:53:13.753 t20286A974A1AA9F100FB
 20:53:13.754 t20388B594A223FF7FBFF
 20:53:13.754 t20480000400000000000
 20:53:13.754 t2058D18862027FFF5000
 20:53:13.853 t200828D68A3E0048CA00
 20:53:13.853 t20184B598A0EF1F1F17B
 20:53:13.853 t20286000802AF2F900F9
 20:53:13.853 t203880008F220397F5FD
 20:53:13.853 t20480000800000000000
 20:53:13.854 t2058D188A2027FFF5000
 20:53:13.953 t200828D9CA3E0048CA00
 20:53:13.954 t20184000CF0E49F9F179
 20:53:13.954 t20286A97CA3E49F900F9
 20:53:13.954 t2038805ECF220417F5FE
 20:53:13.954 t20480000C00000000000
 20:53:13.954 t2058D188E2027FFF5000
 20:53:14.053 t200828DB0A3E0048CA00
 20:53:14.053 t201840C20F0EF1F9A979
 20:53:14.054 t20286A970A1AA9F100FB
 20:53:14.054 t203880C20F220327FDFF
 20:53:14.054 t20480000000000000000
 20:53:14.054 t2058D18822027FFF5000
 20:53:14.153 t200828DE4A3E0048CA00
 20:53:14.154 t201848454A0EF1F1F17C
 20:53:14.154 t20286000402AF2F900F9
 20:53:14.154 t203881694F220617FDFF
 20:53:14.154 t20480000400000000000
 20:53:14.154 t2058D18862027FFF5000
 20:53:14.253 t200828E18A3E0048CA00
 20:53:14.254 t20184A978A0EA9F1F17B
 20:53:14.254 t20286A978A3E49F900F9
 20:53:14.254 t203888458A220837FA04
 20:53:14.254 t20480000800000000000
 20:53:14.254 t2058D188A2027FFF5000
 20:53:14.353 t200828E4CA3E0048CA00
 20:53:14.354 t20184B59CA0EF1F1F17B
 20:53:14.354 t20286A97CA1AA9F100FB
 20:53:14.354 t2038897ACA2211E7FDFF
 20:53:14.354 t20480000C00000000000
 20:53:14.354 t2058D188E2027FFF5000
 20:53:14.452 t200828E60A3E0048CA00
 20:53:14.453 t201840000F0E49F9F179
 20:53:14.453 t20286000002AF2F900F9
 20:53:14.453 t20388B590A223FF7FBFF
 20:53:14.453 t20480000000000000000
 20:53:14.453 t2058D18822027FFF5000
 20:53:14.553 t200828E94A3E0048CA00
 20:53:14.553 t201840C24F0EF1F9A979
 20:53:14.554 t20286A974A3E49F900F9
 20:53:14.554 t203880004F220397F5FD
 20:53:14.554 t20480000400000000000
 20:53:14.554 t2058D18862027FFF5000
 20:53:14.652 t200828EC8A3E0048CA00
 20:53:14.653 t201848458A0EF1F1F17C
 20:53:14.653 t20286A978A1AA9F100FB
 20:53:14.653 t2038805E8F220417F5FE
 20:53:14.653 t20480000800000000000
 20:53:14.653 t2058D188A2027FFF5000
 20:53:14.753 t200828EFCA3E0048CA00
 20:53:14.754 t20184A97CA0EA9F1F17B
 20:53:14.754 t20286000C02AF2F900F9
 20:53:14.754 t203880C2CF220327FDFF
 20:53:14.754 t20480000C00000000000
 20:53:14.754 t2058D188E2027FFF5000
 20:53:14.853 t200828F20A3E0048CA00
 20:53:14.853 t20184B590A0EF1F1F17B
 20:53:14.854 t20286A970A3E49F900F9
 20:53:14.854 t203881690F220617FDFF
 20:53:14.854 t20480000000000000000
 20:53:14.854 t2058D18822027FFF5000
 20:53:14.952 t200828F44A3E0048CA00
 20:53:14.953 t201840004F0E49F9F179
 20:53:14.953 t20286A974A1AA9F100FB
 20:53:14.953 t203888454A220837FA04
 20:53:14.953 t20480000400000000000
 20:53:14.954 t2058D18862027FFF5000
 20:53:15.052 t200828F78A3E0048CA00
 20:53:15.053 t201840C28F0EF1F9A979
 20:53:15.053 t20286000802AF2F900F9
 20:53:15.053 t2038897A8A2211E7FDFF
 20:53:15.053 t20480000800000000000
 20:53:15.053 t2058D188A2027FFF5000
 20:53:15.152 t200828FACA3E0048CA00
 20:53:15.153 t20184845CA0EF1F1F17C
 20:53:15.153 t20286A97CA3E49F900F9
 20:53:15.153 t20388B59CA223FF7FBFF
 20:53:15.153 t20480000C00000000000
 20:53:15.153 t2058D188E2027FFF5000
 20:53:15.252 t200828FD0A3E0048CA00
 20:53:15.253 t20184A970A0EA9F1F17B
 20:53:15.253 t20286A970A1AA9F100FB
 20:53:15.254 t203880000F220397F5FD
 20:53:15.254 t20480000000000000000
 20:53:15.254 t2058D18822027FFF5000
 20:53:15.352 t200828FF4A3E0048CA00
 20:53:15.353 t20184B594A0EF1F1F17B
 20:53:15.353 t20286000402AF2F900F9
 20:53:15.354 t2038805E4F220417F5FE
 20:53:15.354 t20480000400000000000
 20:53:15.354 t2058D18862027FFF5000
 20:53:15.452 t200829028A3E0048CA00
 20:53:15.453 t201840008F0E49F9F179
 20:53:15.453 t20286A978A3E49F900F9
 20:53:15.454 t203880C28F220327FDFF
 20:53:15.454 t20480000800000000000
 20:53:15.454 t2058D188A2027FFF5000
 20:53:15.552 t20082905CA3E0048CA00
 20:53:15.553 t201840C2CF0EF1F9A979
 20:53:15.553 t20286A97CA1AA9F100FB
 20:53:15.554 t20388169CF220617FDFF
 20:53:15.554 t20480000C00000000000
 20:53:15.554 t2058D188E2027FFF5000
 20:53:15.652 t200829080A3E0048CA00
 20:53:15.653 t201848450A0EF1F1F17C
 20:53:15.653 t20286000002AF2F900F9
 20:53:15.654 t203888450A220837FA04
 20:53:15.654 t20480000000000000000
 20:53:15.654 t2058D18822027FFF5000
 20:53:15.752 t2008290B4A3E0048CA00
 20:53:15.753 t20184A974A0EA9F1F17B
 20:53:15.753 t20286A974A3E49F900F9
 20:53:15.753 t2038897A4A2211E7FDFF
 20:53:15.753 t20480000400000000000
 20:53:15.753 t2058D18862027FFF5000
 20:53:15.852 t2008290D8A3E0048CA00
 20:53:15.853 t20184B598A0EF1F1F17B
 20:53:15.853 t20286A978A1AA9F100FB
 20:53:15.853 t20388B598A223FF7FBFF
 20:53:15.853 t20480000800000000000
 20:53:15.853 t2058D188A2027FFF5000
 20:53:15.952 t20082910CA3E0048CA00
 20:53:15.953 t20184000CF0E49F9F179
 20:53:15.953 t20286000C02AF2F900F9
 20:53:15.953 t20388000CF220397F5FD
 20:53:15.953 t20480000C00000000000
 20:53:15.953 t2058D188E2027FFF5000
 20:53:16.052 t200829130A3E0048CA00
 20:53:16.053 t201840C20F0EF1F9A979
 20:53:16.053 t20286A970A3E49F900F9
 20:53:16.054 t2038805E0F220417F5FE
 20:53:16.054 t20480000000000000000
 20:53:16.054 t2058D18822027FFF5000
 20:53:16.152 t200829164A3E0048CA00
 20:53:16.153 t201848454A0EF1F1F17C
 20:53:16.153 t20286A974A1AA9F100FB
 20:53:16.154 t203880C24F220327FDFF
 20:53:16.154 t20480000400000000000
 20:53:16.154 t2058D18862027FFF5000
 20:53:16.252 t200829188A3E0048CA00
 20:53:16.252 t20184A978A0EA9F1F17B
 20:53:16.252 t20286000802AF2F900F9
 20:53:16.253 t203881698F220617FDFF
 20:53:16.253 t20480000800000000000
 20:53:16.253 t2058D188A2027FFF5000
 20:53:16.352 t2008291BCA3E0048CA00
 20:53:16.353 t20184B59CA0EF1F1F17B
 20:53:16.353 t20286A97CA3E49F900F9
 20:53:16.353 t20388845CA220837FA04
 20:53:16.353 t20480000C00000000000
 20:53:16.353 t2058D188E2027FFF5000
 20:53:16.452 t2008291E0A3E0048CA00
 20:53:16.452 t201840000F0E49F9F179
 20:53:16.452 t20286A970A1AA9F100FB
 20:53:16.453 t2038897A0A2211E7FDFF
 20:53:16.453 t20480000000000000000
 20:53:16.453 t2058D18822027FFF5000
 20:53:16.552 t200829214A3E0048CA00
 20:53:16.552 t201840C24F0EF1F9A979
 20:53:16.552 t20286000402AF2F900F9
 20:53:16.552 t20388B594A223FF7FBFF
 20:53:16.553 t20480000400000000000
 20:53:16.553 t2058D18862027FFF5000
 20:53:16.653 t200829248A3E0048CA00
 20:53:16.653 t201848458A0EF1F1F17C
 20:53:16.653 t20286A978A3E49F900F9
 20:53:16.654 t203880008F220397F5FD
 20:53:16.654 t20480000800000000000
 20:53:16.654 t2058D188A2027FFF5000
 20:53:16.753 t20082926CA3E0048CA00
 20:53:16.753 t20184A97CA0EA9F1F17B
 20:53:16.753 t20286A97CA1AA9F100FB
 20:53:16.753 t2038805ECF220417F5FE
 20:53:16.753 t20480000C00000000000
 20:53:16.753 t2058D188E2027FFF5000
 20:53:16.853 t200829290A3E0048CA00
 20:53:16.853 t20184B590A0EF1F1F17B
 20:53:16.854 t20286000002AF2F900F9
 20:53:16.854 t203880C20F220327FDFF
 20:53:16.854 t20480000000000000000
 20:53:16.854 t2058D18822027FFF5000
 20:53:16.953 t2008292C4A3E0048CA00
 20:53:16.953 t201840004F0E49F9F179
 20:53:16.953 t20286A974A3E49F900F9
 20:53:16.953 t203881694F220617FDFF
 20:53:16.954 t20480000400000000000
 20:53:16.954 t2058D18862027FFF5000
 20:53:17.053 t2008292F8A3E0048CA00
 20:53:17.053 t201840C28F0EF1F9A979
 20:53:17.053 t20286A978A1AA9F100FB
 20:53:17.053 t203888458A220837FA04
 20:53:17.053 t20480000800000000000
 20:53:17.053 t2058D188A2027FFF5000
 20:53:17.152 t20082931CA3E0048CA00
 20:53:17.153 t20184845CA0EF1F1F17C
 20:53:17.153 t20286000C02AF2F900F9
 20:53:17.153 t2038897ACA2211E7FDFF
 20:53:17.153 t20480000C00000000000
 20:53:17.153 t2058D188E2027FFF5000
 20:53:17.254 t200829340A3E0048CA00
 20:53:17.254 t20184A970A0EA9F1F17B
 20:53:17.254 t20286A970A3E49F900F9
 20:53:17.254 t20388B590A223FF7FBFF
 20:53:17.255 t20480000000000000000
 20:53:17.255 t2058D18822027FFF5000
 20:53:17.353 t200829374A3E0048CA00
 20:53:17.353 t20184B594A0EF1F1F17B
 20:53:17.353 t20286A974A1AA9F100FB
 20:53:17.354 t203880004F220397F5FD
 20:53:17.354 t20480000400000000000
 20:53:17.354 t2058D18862027FFF5000
 20:53:17.453 t2008293A8A3E0048CA00
 20:53:17.453 t201840008F0E49F9F179
 20:53:17.453 t20286000802AF2F900F9
 20:53:17.453 t2038805E8F220417F5FE
 20:53:17.454 t20480000800000000000
 20:53:17.454 t2058D188A2027FFF5000
 20:53:17.552 t2008293DCA3E0048CA00
 20:53:17.552 t201840C2CF0EF1F9A979
 20:53:17.553 t20286A97CA3E49F900F9
 20:53:17.553 t203880C2CF220327FDFF
 20:53:17.553 t20480000C00000000000
 20:53:17.553 t2058D188E2027FFF5000
 20:53:17.653 t2008293F0A3E0048CA00
 20:53:17.653 t201848450A0EF1F1F17C
 20:53:17.653 t20286A970A1AA9F100FB
 20:53:17.653 t203881690F220617FDFF
 20:53:17.653 t20480000000000000000
 20:53:17.654 t2058D18822027FFF5000
 20:53:17.752 t200829424A3E0048CA00
 20:53:17.752 t20184A974A0EA9F1F17B
 20:53:17.753 t20286000402AF2F900F9
 20:53:17.753 t203888454A220837FA04
 20:53:17.753 t20480000400000000000
 20:53:17.753 t2058D18862027FFF5000
 20:53:17.852 t200829458A3E0048CA00
 20:53:17.852 t20184B598A0EF1F1F17B
 20:53:17.853 t20286A978A3E49F900F9
 20:53:17.853 t2038897A8A2211E7FDFF
 20:53:17.853 t20480000800000000000
 20:53:17.853 t2058D188A2027FFF5000
 20:53:17.953 t20082948CA3E0048CA00
 20:53:17.953 t20184000CF0E49F9F179
 20:53:17.953 t20286A97CA1AA9F100FB
 20:53:17.953 t20388B59CA223FF7FBFF
 20:53:17.953 t20480000C00000000000
 20:53:17.954 t2058D188E2027FFF5000
 20:53:18.052 t2008294A0A3E0048CA00
 20:53:18.053 t201840C20F0EF1F9A979
 20:53:18.053 t20286000002AF2F900F9
 20:53:18.053 t203880000F220397F5FD
 20:53:18.053 t20480000000000000000
 20:53:18.053 t2058D18822027FFF5000
 20:53:18.153 t2008294D4A3E0048CA00
 20:53:18.153 t201848454A0EF1F1F17C
 20:53:18.153 t20286A974A3E49F900F9
 20:53:18.153 t203888C84A2004481200
 20:53:18.154 t20480000400000000000
 20:53:18.154 t2058D18862027FFF5000
 20:53:18.253 t200829508A3E0048CA00
 20:53:18.253 t20184A978A0EA9F1F17B
 20:53:18.253 t20286A978A1AA9F100FB
 20:53:18.253 t2038897A8A2011E7FDFF
 20:53:18.254 t20480000800000000000
 20:53:18.254 t2058D188A2027FFF5000
 20:53:18.352 t20082953CA3E0048CA00
 20:53:18.353 t20184B59CA0EF1F1F17B
 20:53:18.353 t20286000C02AF2F900F9
 20:53:18.353 t20388B34CA200257FDFE
 20:53:18.353 t20480000C00000000000
 20:53:18.354 t2058D188E2027FFF5000
 20:53:18.452 t200829560A3E0048CA00
 20:53:18.452 t201840000F0E49F9F179
 20:53:18.452 t20286A970A3E49F900F9
 20:53:18.453 t20388C810A203FF7FFFF
 20:53:18.453 t20480000000000000000
 20:53:18.453 t2058D18822027FFF5000
 20:53:18.552 t200829584A3E0048CA00
 20:53:18.553 t201840C24F0EF1F9A979
 20:53:18.553 t20286A974A1AA9F100FB
 20:53:18.553 t203888C84A2204481200
 20:53:18.553 t20480000400000000000
 20:53:18.553 t2058D18862027FFF5000
 20:53:18.652 t2008295B8A3E0048CA00
 20:53:18.653 t201848458A0EF1F1F17C
 20:53:18.653 t20286000802AF2F900F9
 20:53:18.653 t2038897A8A2211E7FDFF
 20:53:18.653 t20480000800000000000
 20:53:18.654 t2058D188A2027FFF5000
 20:53:18.752 t2008295ECA3E0048CA00
 20:53:18.753 t20184A97CA0EA9F1F17B
 20:53:18.753 t20286A97CA3E49F900F9
 20:53:18.753 t20388B34CA220257FDFE
 20:53:18.753 t20480000C00000000000
 20:53:18.753 t2058D188E2027FFF5000
 20:53:18.852 t200829610A3E0048CA00
 20:53:18.852 t20184B590A0EF1F1F17B
 20:53:18.852 t20286A970A1AA9F100FB
 20:53:18.852 t20388C810A223FF7FFFF
 20:53:18.853 t20480000000000000000
 20:53:18.853 t2058D18822027FFF5000
 20:53:18.952 t200829634A3E0048CA00
 20:53:18.952 t201840004F0E49F9F179
 20:53:18.952 t20286000402AF2F900F9
 20:53:18.952 t203880004F220397F5FD
 20:53:18.953 t20480000400000000000
 20:53:18.953 t2058D18862027FFF5000
 20:53:19.052 t200829668A3E0048CA00
 20:53:19.052 t201840C28F0EF1F9A979
 20:53:19.052 t20286A978A3E49F900F9
 20:53:19.052 t2038805E8F220417F5FE
 20:53:19.053 t20480000800000000000
 20:53:19.053 t2058D188A2027FFF5000
 20:53:19.152 t20082969CA3E0048CA00
 20:53:19.152 t20184845CA0EF1F1F17C
 20:53:19.152 t20286A97CA1AA9F100FB
 20:53:19.152 t203880C2CF220327FDFF
 20:53:19.152 t20480000C00000000000
 20:53:19.153 t2058D188E2027FFF5000
 20:53:19.252 t2008296C0A3E0048CA00
 20:53:19.252 t20184A970A0EA9F1F17B
 20:53:19.253 t20286000002AF2F900F9
 20:53:19.253 t203881690F220617FDFF
 20:53:19.253 t20480000000000000000
 20:53:19.253 t2058D18822027FFF5000
 20:53:19.353 t2008296F4A3E0048CA00
 20:53:19.353 t20184B594A0EF1F1F17B
 20:53:19.353 t20286A974A3E49F900F9
 20:53:19.353 t203888C84A2204481200
 20:53:19.353 t20480000400000000000
 20:53:19.354 t2058D18862027FFF5000
 20:53:19.452 t200829718A3E0048CA00
 20:53:19.452 t201840008F0E49F9F179
 20:53:19.453 t20286A978A1AA9F100FB
 20:53:19.453 t2038897A8A2211E7FDFF
 20:53:19.453 t20480000800000000000
 20:53:19.453 t2058D188A2027FFF5000
 20:53:19.552 t20082974CA3E0048CA00
 20:53:19.552 t201840C2CF0EF1F9A979
 20:53:19.552 t20286000C02AF2F900F9
 20:53:19.553 t20388B34CA220257FDFE
 20:53:19.553 t20480000C00000000000
 20:53:19.553 t2058D188E2027FFF5000
 20:53:19.652 t200829770A3E0048CA00
 20:53:19.652 t201848450A0EF1F1F17C
 20:53:19.652 t20286A970A3E49F900F9
 20:53:19.652 t20388C810A223FF7FFFF
 20:53:19.652 t20480000000000000000
 20:53:19.653 t2058D18822027FFF5000
 20:53:19.752 t2008297A4A3E0048CA00
 20:53:19.752 t20184A974A0EA9F1F17B
 20:53:19.752 t20286A974A1AA9F100FB
 20:53:19.752 t203880004F220397F5FD
 20:53:19.752 t20480000400000000000
 20:53:19.752 t2058D18862027FFF5000
 20:53:19.852 t2008297C8A3E0048CA00
 20:53:19.852 t20184B598A0EF1F1F17B
 20:53:19.852 t20286000802AF2F900F9
 20:53:19.852 t2038805E8F220417F5FE
 20:53:19.852 t20480000800000000000
 20:53:19.852 t2058D188A2027FFF5000
 20:53:19.952 t2008297FCA3E0048CA00
 20:53:19.952 t20184000CF0E49F9F179
 20:53:19.952 t20286A97CA3E49F900F9
 20:53:19.952 t203880C2CF220327FDFF
 20:53:19.952 t20480000C00000000000
 20:53:19.952 t2058D188E2027FFF5000
 20:53:20.052 t200829820A3E0048CA00
 20:53:20.052 t201840C20F0EF1F9A979
 20:53:20.052 t20286A970A1AA9F100FB
 20:53:20.052 t203881690F220617FDFF
 20:53:20.052 t20480000000000000000
 20:53:20.052 t2058D18822027FFF5000
 20:53:20.152 t200829854A3E0048CA00
 20:53:20.152 t201848454A0EF1F1F17C
 20:53:20.152 t20286000402AF2F900F9
 20:53:20.152 t203888C84A2204481200
 20:53:20.152 t20480000400000000000
 20:53:20.152 t2058D18862027FFF5000
 20:53:20.252 t200829888A3E0048CA00
 20:53:20.252 t20184A978A0EA9F1F17B
 20:53:20.252 t20286A978A3E49F900F9
 20:53:20.253 t2038897A8A2211E7FDFF
 20:53:20.253 t20480000800000000000
 20:53:20.253 t2058D188A2027FFF5000
 20:53:20.352 t2008298ACA3E0048CA00
 20:53:20.352 t20184B59CA0EF1F1F17B
 20:53:20.352 t20286A97CA1AA9F100FB
 20:53:20.352 t20388B34CA220257FDFE
 20:53:20.353 t20480000C00000000000
 20:53:20.353 t2058D188E2027FFF5000
 20:53:20.452 t2008298D0A3E0048CA00
 20:53:20.452 t201840000F0E49F9F179
 20:53:20.452 t20286000002AF2F900F9
 20:53:20.452 t20388C810A223FF7FFFF
 20:53:20.452 t20480000000000000000
 20:53:20.452 t2058D18822027FFF5000
 20:53:20.551 t200829904A3E0048CA00
 20:53:20.552 t201840C24F0EF1F9A979
 20:53:20.552 t20286A974A3E49F900F9
 20:53:20.552 t203880004F220397F5FD
 20:53:20.552 t20480000400000000000
 20:53:20.552 t2058D18862027FFF5000
 20:53:20.652 t200829938A3E0048CA00
 20:53:20.652 t201848458A0EF1F1F17C
 20:53:20.652 t20286A978A1AA9F100FB
 20:53:20.652 t2038805E8F220417F5FE
 20:53:20.653 t20480000800000000000
 20:53:20.653 t2058D188A2027FFF5000
 20:53:20.753 t20082995CA3E0048CA00
 20:53:20.753 t20184A97CA0EA9F1F17B
 20:53:20.753 t20286000C02AF2F900F9
 20:53:20.753 t20388C81CA2005A7FDFF
 20:53:20.753 t20480000C00000000000
 20:53:20.754 t2058D188E2027FFF5000
 20:53:20.853 t200829980A3E0048CA00
 20:53:20.853 t20184B590A0EF1F1F17B
 20:53:20.853 t20286A970A3E49F900F9
 20:53:20.853 t20388D5E0A203FF7FFFF
 20:53:20.854 t20480000000000000000
 20:53:20.854 t2058D18822027FFF5000
 20:53:20.953 t2008299B4A3E0048CA00
 20:53:20.953 t201840004F0E49F9F179
 20:53:20.953 t20286A974A1AA9F100FB
 20:53:20.953 t2038897A4A2211E7FDFF
 20:53:20.954 t20480000400000000000
 20:53:20.954 t2058D18862027FFF5000
 20:53:21.053 t2008299E8A3E0048CA00
 20:53:21.053 t201840C28F0EF1F9A979
 20:53:21.053 t20286000802AF2F900F9
 20:53:21.053 t20388B348A220257FDFE
 20:53:21.053 t20480000800000000000
 20:53:21.054 t2058D188A2027FFF5000
 20:53:21.152 t200829A1CA3E0048CA00
 20:53:21.153 t20184845CA0EF1F1F17C
 20:53:21.153 t20286A97CA3E49F900F9
 20:53:21.153 t20388C81CA2205A7FDFF
 20:53:21.153 t20480000C00000000000
 20:53:21.153 t2058D188E2027FFF5000
 20:53:21.252 t200829A30A3E0048CA00
 20:53:21.253 t20184A970A0EA9F1F17B
 20:53:21.253 t20286A970A1AA9F100FB
 20:53:21.253 t20388D5E0A223FF7FFFF
 20:53:21.253 t20480000000000000000
 20:53:21.253 t2058D18822027FFF5000
 20:53:21.353 t200829A64A3E0048CA00
 20:53:21.353 t20184B594A0EF1F1F17B
 20:53:21.353 t20286000402AF2F900F9
 20:53:21.353 t203880004F220397F5FD
 20:53:21.353 t20480000400000000000
 20:53:21.354 t2058D18862027FFF5000
 20:53:21.453 t200829A98A3E0048CA00
 20:53:21.453 t201840008F0E49F9F179
 20:53:21.453 t20286A978A3E49F900F9
 20:53:21.453 t2038805E8F220417F5FE
 20:53:21.453 t20480000800000000000
 20:53:21.454 t2058D188A2027FFF5000
 20:53:21.553 t200829ACCA3E0048CA00
 20:53:21.553 t201840C2CF0EF1F9A979
 20:53:21.553 t20286A97CA1AA9F100FB
 20:53:21.553 t203880C2CF220327FDFF
 20:53:21.553 t20480000C00000000000
 20:53:21.554 t2058D188E2027FFF5000
 20:53:21.652 t200829AE0A3E0048CA00
 20:53:21.653 t201848450A0EF1F1F17C
 20:53:21.653 t20286000002AF2F900F9
 20:53:21.653 t203881690F220617FDFF
 20:53:21.653 t20480000000000000000
 20:53:21.653 t2058D18822027FFF5000
 20:53:21.752 t200829B14A3E0048CA00
 20:53:21.753 t20184A974A0EA9F1F17B
 20:53:21.753 t20286A974A3E49F900F9
 20:53:21.753 t2038897A4A2211E7FDFF
 20:53:21.753 t20480000400000000000
 20:53:21.753 t2058D18862027FFF5000
 20:53:21.852 t200829B48A3E0048CA00
 20:53:21.852 t20184B598A0EF1F1F17B
 20:53:21.852 t20286A978A1AA9F100FB
 20:53:21.853 t20388B348A220257FDFE
 20:53:21.853 t20480000800000000000
 20:53:21.853 t2058D188A2027FFF5000
 20:53:21.952 t200829B7CA3E0048CA00
 20:53:21.952 t20184000CF0E49F9F179
 20:53:21.952 t20286000C02AF2F900F9
 20:53:21.953 t20388C81CA2205A7FDFF
 20:53:21.953 t20480000C00000000000
 20:53:21.953 t2058D188E2027FFF5000
 20:53:22.052 t200829BA0A3E0048CA00
 20:53:22.053 t201840C20F0EF1F9A979
 20:53:22.053 t20286A970A3E49F900F9
 20:53:22.053 t20388D5E0A223FF7FFFF
 20:53:22.053 t20480000000000000000
 20:53:22.053 t2058D18822027FFF5000
 20:53:22.152 t200829BC4A3E0048CA00
 20:53:22.153 t201848454A0EF1F1F17C
 20:53:22.153 t20286A974A1AA9F100FB
 20:53:22.153 t203880004F220397F5FD
 20:53:22.154 t20480000400000000000
 20:53:22.154 t2058D18862027FFF5000
 20:53:22.252 t200829BF8A3E0048CA00
 20:53:22.253 t20184A978A0EA9F1F17B
 20:53:22.253 t20286000802AF2F900F9
 20:53:22.253 t2038805E8F220417F5FE
 20:53:22.253 t20480000800000000000
 20:53:22.253 t2058D188A2027FFF5000
 20:53:22.352 t200829C2CA3E0048CA00
 20:53:22.353 t20184B59CA0EF1F1F17B
 20:53:22.353 t20286A97CA3E49F900F9
 20:53:22.353 t203880C2CF220327FDFF
 20:53:22.353 t20480000C00000000000
 20:53:22.353 t2058D188E2027FFF5000
 20:53:22.452 t200829C50A3E0048CA00
 20:53:22.452 t201840000F0E49F9F179
 20:53:22.452 t20286A970A1AA9F100FB
 20:53:22.452 t203881690F220617FDFF
 20:53:22.453 t20480000000000000000
 20:53:22.453 t2058D18822027FFF5000
 20:53:22.552 t200829C74A3E0048CA00
 20:53:22.552 t201840C24F0EF1F9A979
 20:53:22.552 t20286000402AF2F900F9
 20:53:22.552 t2038897A4A2211E7FDFF
 20:53:22.552 t20480000400000000000
 20:53:22.553 t2058D18862027FFF5000
 20:53:22.652 t200829CA8A3E0048CA00
 20:53:22.652 t201848458A0EF1F1F17C
 20:53:22.652 t20286A978A3E49F900F9
 20:53:22.652 t20388B348A220257FDFE
 20:53:22.652 t20480000800000000000
 20:53:22.653 t2058D188A2027FFF5000
 20:53:22.752 t200829CDCA3E0048CA00
 20:53:22.752 t20184A97CA0EA9F1F17B
 20:53:22.752 t20286A97CA1AA9F100FB
 20:53:22.752 t20388C81CA2205A7FDFF
 20:53:22.752 t20480000C00000000000
 20:53:22.752 t2058D188E2027FFF5000
 20:53:22.852 t200829D00A3E0048CA00
 20:53:22.852 t20184B590A0EF1F1F17B
 20:53:22.853 t20286000002AF2F900F9
 20:53:22.853 t20388D5E0A223FF7FFFF
 20:53:22.853 t20480000000000000000
 20:53:22.853 t2058D18822027FFF5000
 20:53:22.952 t200829D34A3E0048CA00
 20:53:22.952 t201840004F0E49F9F179
 20:53:22.953 t20286A974A3E49F900F9
 20:53:22.953 t203880004F220397F5FD
 20:53:22.953 t20480000400000000000
 20:53:22.953 t2058D18862027FFF5000
 20:53:23.052 t200829D58A3E0048CA00
 20:53:23.052 t201840C28F0EF1F9A979
 20:53:23.053 t20286A978A1AA9F100FB
 20:53:23.053 t2038805E8F220417F5FE
 20:53:23.053 t20480000800000000000
 20:53:23.053 t2058D188A2027FFF5000
 20:53:23.152 t200829D8CA3E0048CA00
 20:53:23.152 t20184845CA0EF1F1F17C
 20:53:23.152 t20286000C02AF2F900F9
 20:53:23.153 t203880C2CF220327FDFF
 20:53:23.153 t20480000C00000000000
 20:53:23.153 t2058D188E2027FFF5000
 20:53:23.252 t200829DB0A3E0048CA00
 20:53:23.252 t20184A970A0EA9F1F17B
 20:53:23.252 t20286A970A3E49F900F9
 20:53:23.252 t203881690F220617FDFF
 20:53:23.252 t20480000000000000000
 20:53:23.252 t2058D18822027FFF5000
 20:53:23.352 t200829DE4A3E0048CA00
 20:53:23.352 t20184B594A0EF1F1F17B
 20:53:23.352 t20286A974A1AA9F100FB
 20:53:23.353 t2038897A4A2211E7FDFF
 20:53:23.353 t20480000400000000000
 20:53:23.353 t2058D18862027FFF5000
 20:53:23.452 t200829E08A3E0048CA00
 20:53:23.452 t201840008F0E49F9F179
 20:53:23.453 t20286000802AF2F900F9
 20:53:23.453 t20388B348A220257FDFE
 20:53:23.453 t20480000800000000000
 20:53:23.453 t2058D188A2027FFF5000
 20:53:23.552 t200829E3CA3E0048CA00
 20:53:23.552 t201840C2CF0EF1F9A979
 20:53:23.553 t20286A97CA3E49F900F9
 20:53:23.553 t20388C81CA2205A7FDFF
 20:53:23.553 t20480000C00000000000
 20:53:23.553 t2058D188E2027FFF5000
 20:53:23.652 t200829E60A3E0048CA00
 20:53:23.652 t201848450A0EF1F1F17C
 20:53:23.653 t20286A970A1AA9F100FB
 20:53:23.653 t20388D5E0A223FF7FFFF
 20:53:23.653 t20480000000000000000
 20:53:23.653 t2058D18822027FFF5000
 20:53:23.752 t200829E94A3E0048CA00
 20:53:23.752 t20184A974A0EA9F1F17B
 20:53:23.752 t20286000402AF2F900F9
 20:53:23.753 t203880004F220397F5FD
 20:53:23.753 t20480000400000000000
 20:53:23.753 t2058D18862027FFF5000
 20:53:23.852 t200829EC8A3E0048CA00
 20:53:23.852 t20184B598A0EF1F1F17B
 20:53:23.852 t20286A978A3E49F900F9
 20:53:23.852 t2038805E8F220417F5FE
 20:53:23.852 t20480000800000000000
 20:53:23.852 t2058D188A2027FFF5000
 20:53:23.952 t200829EECA3E0048CA00
 20:53:23.952 t20184000CF0E49F9F179
 20:53:23.952 t20286A97CA1AA9F100FB
 20:53:23.952 t203880C2CF220327FDFF
 20:53:23.952 t20480000C00000000000
 20:53:23.952 t2058D188E2027FFF5000
 20:53:24.052 t200829F10A3E0048CA00
 20:53:24.052 t201840C20F0EF1F9A979
 20:53:24.052 t20286000002AF2F900F9
 20:53:24.053 t203881690F220617FDFF
 20:53:24.053 t20480000000000000000
 20:53:24.053 t2058D18822027FFF5000
 20:53:24.152 t200829F44A3E0048CA00
 20:53:24.152 t201848454A0EF1F1F17C
 20:53:24.152 t20286A974A3E49F900F9
 20:53:24.153 t2038897A4A2211E7FDFF
 20:53:24.153 t20480000400000000000
 20:53:24.153 t2058D18862027FFF5000
 20:53:24.252 t200829F78A3E0048CA00
 20:53:24.252 t20184A978A0EA9F1F17B
 20:53:24.252 t20286A978A1AA9F100FB
 20:53:24.252 t20388B348A220257FDFE
 20:53:24.253 t20480000800000000000
 20:53:24.253 t2058D188A2027FFF5000
 20:53:24.352 t200829F9CA3E0048CA00
 20:53:24.352 t20184B59CA0EF1F1F17B
 20:53:24.352 t20286000C02AF2F900F9
 20:53:24.353 t20388C81CA2205A7FDFF
 20:53:24.353 t20480000C00000000000
 20:53:24.353 t2058D188E2027FFF5000
 20:53:24.452 t200829FC0A3E0048CA00
 20:53:24.452 t201840000F0E49F9F179
 20:53:24.452 t20286A970A3E49F900F9
 20:53:24.452 t20388D5E0A223FF7FFFF
 20:53:24.453 t20480000000000000000
 20:53:24.453 t2058D18822027FFF5000
 20:53:24.551 t200829FF4A3E0048CA00
 20:53:24.552 t201840C24F0EF1F9A979
 20:53:24.552 t20286A974A1AA9F100FB
 20:53:24.552 t203880004F220397F5FD
 20:53:24.552 t20480000400000000000
 20:53:24.552 t2058D18862027FFF5000
 20:53:24.651 t20082A028A3E0048CA00
 20:53:24.652 t201848458A0EF1F1F17C
 20:53:24.652 t20286000802AF2F900F9
 20:53:24.652 t2038805E8F220417F5FE
 20:53:24.652 t20480000800000000000
 20:53:24.652 t2058D188A2027FFF5000
 20:53:24.752 t20082A05CA3E0048CA00
 20:53:24.752 t20184A97CA0EA9F1F17B
 20:53:24.752 t20286A97CA3E49F900F9
 20:53:24.752 t203880C2CF220327FDFF
 20:53:24.753 t20480000C00000000000
 20:53:24.753 t2058D188E2027FFF5000
 20:53:24.852 t20082A070A3E0048CA00
 20:53:24.852 t20184B590A0EF1F1F17B
 20:53:24.852 t20286A970A1AA9F100FB
 20:53:24.852 t203881690F220617FDFF
 20:53:24.853 t20480000000000000000
 20:53:24.853 t2058D18822027FFF5000
 20:53:24.952 t20082A0A4A3E0048CA00
 20:53:24.952 t201840004F0E49F9F179
 20:53:24.952 t20286000402AF2F900F9
 20:53:24.952 t2038897A4A2211E7FDFF
 20:53:24.953 t20480000400000000000
 20:53:24.953 t2058D18862027FFF5000
 20:53:25.053 t20082A0D8A3E0048CA00
 20:53:25.053 t201840C28F0EF1F9A979
 20:53:25.053 t20286A978A3E49F900F9
 20:53:25.053 t20388B348A220257FDFE
 20:53:25.053 t20480000800000000000
 20:53:25.054 t2058D188A2027FFF5000
 20:53:25.152 t20082A10CA3E0048CA00
 20:53:25.152 t20184845CA0EF1F1F17C
 20:53:25.153 t20286A97CA1AA9F100FB
 20:53:25.153 t20388C81CA2205A7FDFF
 20:53:25.153 t20480000C00000000000
 20:53:25.153 t2058D188E2027FFF5000
 20:53:25.252 t20082A120A3E0048CA00
 20:53:25.252 t20184A970A0EA9F1F17B
 20:53:25.253 t20286000002AF2F900F9
 20:53:25.253 t20388D5E0A223FF7FFFF
 20:53:25.253 t20480000000000000000
 20:53:25.253 t2058D18822027FFF5000
 20:53:25.352 t20082A154A3E0048CA00
 20:53:25.352 t20184B594A0EF1F1F17B
 20:53:25.353 t20286A974A3E49F900F9
 20:53:25.353 t203880004F220397F5FD
 20:53:25.353 t20480000400000000000
 20:53:25.353 t2058D18862027FFF5000
 20:53:25.452 t20082A188A3E0048CA00
 20:53:25.453 t201840008F0E49F9F179
 20:53:25.453 t20286A978A1AA9F100FB
 20:53:25.453 t2038805E8F220417F5FE
 20:53:25.453 t20480000800000000000
 20:53:25.454 t2058D188A2027FFF5000
 20:53:25.553 t20082A1BCA3E0048CA00
 20:53:25.553 t201840C2CF0EF1F9A979
 20:53:25.553 t20286000C02AF2F900F9
 20:53:25.553 t203880C2CF220327FDFF
 20:53:25.553 t20480000C00000000000
 20:53:25.554 t2058D188E2027FFF5000
 20:53:25.652 t20082A1E0A3E0048CA00
 20:53:25.653 t201848450A0EF1F1F17C
 20:53:25.653 t20286A970A3E49F900F9
 20:53:25.653 t203881690F220617FDFF
 20:53:25.653 t20480000000000000000
 20:53:25.654 t2058D18822027FFF5000
 20:53:25.752 t20082A204A3E0048CA00
 20:53:25.753 t20184A974A0EA9F1F17B
 20:53:25.753 t20286A974A1AA9F100FB
 20:53:25.753 t2038897A4A2211E7FDFF
 20:53:25.753 t20480000400000000000
 20:53:25.754 t2058D18862027FFF5000
 20:53:25.852 t20082A238A3E0048CA00
 20:53:25.852 t20184B598A0EF1F1F17B
 20:53:25.852 t20286000802AF2F900F9
 20:53:25.852 t20388B348A220257FDFE
 20:53:25.853 t20480000800000000000
 20:53:25.853 t2058D188A2027FFF5000
 20:53:25.952 t20082A26CA3E0048CA00
 20:53:25.952 t20184000CF0E49F9F179
 20:53:25.952 t20286A97CA3E49F900F9
 20:53:25.952 t20388C81CA2205A7FDFF
 20:53:25.953 t20480000C00000000000
 20:53:25.953 t2058D188E2027FFF5000
 20:53:26.052 t20082A290A3E0048CA00
 20:53:26.053 t201840C20F0EF1F9A979
 20:53:26.053 t20286A970A1AA9F100FB
 20:53:26.053 t20388D5E0A223FF7FFFF
 20:53:26.053 t20480000000000000000
 20:53:26.053 t2058D18822027FFF5000
 20:53:26.152 t20082A2B4A3E0048CA00
 20:53:26.153 t201848454A0EF1F1F17C
 20:53:26.153 t20286000402AF2F900F9
 20:53:26.153 t203880004F220397F5FD
 20:53:26.153 t20480000400000000000
 20:53:26.153 t2058D18862027FFF5000
 20:53:26.252 t20082A2E8A3E0048CA00
 20:53:26.253 t20184A978A0EA9F1F17B
 20:53:26.253 t20286A978A3E49F900F9
 20:53:26.253 t2038805E8F220417F5FE
 20:53:26.253 t20480000800000000000
 20:53:26.253 t2058D188A2027FFF5000
 20:53:26.352 t20082A31CA3E0048CA00
 20:53:26.352 t20184B59CA0EF1F1F17B
 20:53:26.353 t20286A97CA1AA9F100FB
 20:53:26.353 t203880C2CF220327FDFF
 20:53:26.353 t20480000C00000000000
 20:53:26.353 t2058D188E2027FFF5000
 20:53:26.452 t20082A340A3E0048CA00
 20:53:26.452 t201840000F0E49F9F179
 20:53:26.453 t20286000002AF2F900F9
 20:53:26.453 t203881690F220617FDFF
 20:53:26.453 t20480000000000000000
 20:53:26.453 t2058D18822027FFF5000
 20:53:26.552 t20082A374A3E0048CA00
 20:53:26.552 t201840C24F0EF1F9A979
 20:53:26.552 t20286A974A3E49F900F9
 20:53:26.552 t2038897A4A2211E7FDFF
 20:53:26.552 t20480000400000000000
 20:53:26.553 t2058D18862027FFF5000
 20:53:26.652 t20082A398A3E0048CA00
 20:53:26.652 t201848458A0EF1F1F17C
 20:53:26.652 t20286A978A1AA9F100FB
 20:53:26.652 t20388B348A220257FDFE
 20:53:26.652 t20480000800000000000
 20:53:26.652 t2058D188A2027FFF5000
 20:53:26.752 t20082A3CCA3E0048CA00
 20:53:26.752 t20184A97CA0EA9F1F17B
 20:53:26.752 t20286000C02AF2F900F9
 20:53:26.753 t20388C81CA2205A7FDFF
 20:53:26.753 t20480000C00000000000
 20:53:26.753 t2058D188E2027FFF5000
 20:53:26.852 t20082A3F0A3E0048CA00
 20:53:26.852 t20184B590A0EF1F1F17B
 20:53:26.853 t20286A970A3E49F900F9
 20:53:26.853 t20388D5E0A223FF7FFFF
 20:53:26.853 t20480000000000000000
 20:53:26.853 t2058D18822027FFF5000
 20:53:26.952 t20082A424A3E0048CA00
 20:53:26.952 t201840004F0E49F9F179
 20:53:26.953 t20286A974A1AA9F100FB
 20:53:26.953 t203880004F220397F5FD
 20:53:26.953 t20480000400000000000
 20:53:26.953 t2058D18862027FFF5000
 20:53:27.052 t20082A448A3E0048CA00
 20:53:27.052 t201840C28F0EF1F9A979
 20:53:27.053 t20286000802AF2F900F9
 20:53:27.053 t2038805E8F220417F5FE
 20:53:27.053 t20480000800000000000
 20:53:27.053 t2058D188A2027FFF5000
 20:53:27.152 t20082A47CA3E0048CA00
 20:53:27.152 t20184845CA0EF1F1F17C
 20:53:27.152 t20286A97CA3E49F900F9
 20:53:27.152 t203880C2CF220327FDFF
 20:53:27.152 t20480000C00000000000
 20:53:27.152 t2058D188E2027FFF5000
 20:53:27.252 t20082A4A0A3E0048CA00
 20:53:27.252 t20184A970A0EA9F1F17B
 20:53:27.252 t20286A970A1AA9F100FB
 20:53:27.252 t203881690F220617FDFF
 20:53:27.253 t20480000000000000000
 20:53:27.253 t2058D18822027FFF5000
 20:53:27.352 t20082A4D4A3E0048CA00
 20:53:27.353 t20184B594A0EF1F1F17B
 20:53:27.353 t20286000402AF2F900F9
 20:53:27.353 t2038897A4A2211E7FDFF
 20:53:27.354 t20480000400000000000
 20:53:27.354 t2058D18862027FFF5000
 20:53:27.452 t20082A508A3E0048CA00
 20:53:27.452 t201840008F0E49F9F179
 20:53:27.453 t20286A978A3E49F900F9
 20:53:27.453 t20388B348A220257FDFE
 20:53:27.453 t20480000800000000000
 20:53:27.453 t2058D188A2027FFF5000
 20:53:27.552 t20082A52CA3E0048CA00
 20:53:27.552 t201840C2CF0EF1F9A979
 20:53:27.552 t20286A97CA1AA9F100FB
 20:53:27.552 t20388C81CA2205A7FDFF
 20:53:27.552 t20480000C00000000000
 20:53:27.552 t2058D188E2027FFF5000
 20:53:27.652 t20082A550A3E0048CA00
 20:53:27.652 t201848450A0EF1F1F17C
 20:53:27.652 t20286000002AF2F900F9
 20:53:27.652 t20388D5E0A223FF7FFFF
 20:53:27.652 t20480000000000000000
 20:53:27.652 t2058D18822027FFF5000
 20:53:27.752 t20082A584A3E0048CA00
 20:53:27.752 t20184A974A0EA9F1F17B
 20:53:27.752 t20286A974A3E49F900F9
 20:53:27.753 t203880004F220397F5FD
 20:53:27.753 t20480000400000000000
 20:53:27.753 t2058D18862027FFF5000
 20:53:27.852 t20082A5B8A3E0048CA00
 20:53:27.852 t20184B598A0EF1F1F17B
 20:53:27.852 t20286A978A1AA9F100FB
 20:53:27.852 t2038805E8F220417F5FE
 20:53:27.852 t20480000800000000000
 20:53:27.852 t2058D188A2027FFF5000
 20:53:27.952 t20082A5DCA3E0048CA00
 20:53:27.952 t20184000CF0E49F9F179
 20:53:27.952 t20286000C02AF2F900F9
 20:53:27.952 t203880C2CF220327FDFF
 20:53:27.952 t20480000C00000000000
 20:53:27.952 t2058D188E2027FFF5000
 20:53:28.052 t20082A600A3E0048CA00
 20:53:28.052 t201840C20F0EF1F9A979
 20:53:28.052 t20286A970A3E49F900F9
 20:53:28.052 t203881690F220617FDFF
 20:53:28.052 t20480000000000000000
 20:53:28.052 t2058D18822027FFF5000
 20:53:28.152 t20082A634A3E0048CA00
 20:53:28.152 t201848454A0EF1F1F17C
 20:53:28.152 t20286A974A1AA9F100FB
 20:53:28.152 t2038897A4A2211E7FDFF
 20:53:28.152 t20480000400000000000
 20:53:28.152 t2058D18862027FFF5000
 20:53:28.252 t20082A668A3E0048CA00
 20:53:28.252 t20184A978A0EA9F1F17B
 20:53:28.252 t20286000802AF2F900F9
 20:53:28.252 t20388B348A220257FDFE
 20:53:28.253 t20480000800000000000
 20:53:28.253 t2058D188A2027FFF5000
 20:53:28.352 t20082A69CA3E0048CA00
 20:53:28.352 t20184B59CA0EF1F1F17B
 20:53:28.352 t20286A97CA3E49F900F9
 20:53:28.352 t20388C81CA2205A7FDFF
 20:53:28.353 t20480000C00000000000
 20:53:28.353 t2058D188E2027FFF5000
 20:53:28.451 t20082A6B0A3E0048CA00
 20:53:28.452 t201840000F0E49F9F179
 20:53:28.452 t20286A970A1AA9F100FB
 20:53:28.452 t20388D5E0A223FF7FFFF
 20:53:28.452 t20480000000000000000
 20:53:28.452 t2058D18822027FFF5000
 20:53:28.551 t20082A6E4A3E0048CA00
 20:53:28.552 t201840C24F0EF1F9A979
 20:53:28.552 t20286000402AF2F900F9
 20:53:28.552 t203880004F220397F5FD
 20:53:28.552 t20480000400000000000
 20:53:28.552 t2058D18862027FFF5000
 20:53:28.652 t20082A718A3E0048CA00
 20:53:28.652 t201848458A0EF1F1F17C
 20:53:28.652 t20286A978A3E49F900F9
 20:53:28.652 t2038805E8F220417F5FE
 20:53:28.652 t20480000800000000000
 20:53:28.653 t2058D188A2027FFF5000
 20:53:28.751 t20082A74CA3E0048CA00
 20:53:28.752 t20184A97CA0EA9F1F17B
 20:53:28.752 t20286A97CA1AA9F100FB
 20:53:28.752 t203880C2CF220327FDFF
 20:53:28.752 t20480000C00000000000
 20:53:28.752 t2058D188E2027FFF5000
 20:53:28.852 t20082A760A3E0048CA00
 20:53:28.853 t20184B590A0EF1F1F17B
 20:53:28.853 t20286000002AF2F900F9
 20:53:28.853 t203881690F220617FDFF
 20:53:28.853 t20480000000000000000
 20:53:28.854 t2058D18822027FFF5000
 20:53:28.953 t20082A794A3E0048CA00
 20:53:28.953 t201840004F0E49F9F179
 20:53:28.953 t20286A974A3E49F900F9
 20:53:28.953 t2038897A4A2211E7FDFF
 20:53:28.953 t20480000400000000000
 20:53:28.954 t2058D18862027FFF5000
 20:53:29.053 t20082A7C8A3E0048CA00
 20:53:29.053 t201840C28F0EF1F9A979
 20:53:29.053 t20286A978A1AA9F100FB
 20:53:29.053 t20388B348A220257FDFE
 20:53:29.053 t20480000800000000000
 20:53:29.054 t2058D188A2027FFF5000
 20:53:29.152 t20082A7FCA3E0048CA00
 20:53:29.152 t20184845CA0EF1F1F17C
 20:53:29.152 t20286000C02AF2F900F9
 20:53:29.153 t20388C81CA2205A7FDFF
 20:53:29.153 t20480000C00000000000
 20:53:29.153 t2058D188E2027FFF5000
 20:53:29.252 t20082A820A3E0048CA00
 20:53:29.252 t20184A970A0EA9F1F17B
 20:53:29.252 t20286A970A3E49F900F9
 20:53:29.253 t20388D5E0A223FF7FFFF
 20:53:29.253 t20480000000000000000
 20:53:29.253 t2058D18822027FFF5000
 20:53:29.352 t20082A844A3E0048CA00
 20:53:29.353 t20184B594A0EF1F1F17B
 20:53:29.353 t20286A974A1AA9F100FB
 20:53:29.353 t203880004F220397F5FD
 20:53:29.353 t20480000400000000000
 20:53:29.353 t2058D18862027FFF5000
 20:53:29.452 t20082A878A3E0048CA00
 20:53:29.453 t201840008F0E49F9F179
 20:53:29.453 t20286000802AF2F900F9
 20:53:29.453 t2038805E8F220417F5FE
 20:53:29.453 t20480000800000000000
 20:53:29.453 t2058D188A2027FFF5000
 20:53:29.552 t20082A8ACA3E0048CA00
 20:53:29.552 t201840C2CF0EF1F9A979
 20:53:29.553 t20286A97CA3E49F900F9
 20:53:29.553 t203880C2CF220327FDFF
 20:53:29.553 t20480000C00000000000
 20:53:29.553 t2058D188E2027FFF5000
 20:53:29.652 t20082A8D0A3E0048CA00
 20:53:29.652 t201848450A0EF1F1F17C
 20:53:29.653 t20286A970A1AA9F100FB
 20:53:29.653 t203881690F220617FDFF
 20:53:29.653 t20480000000000000000
 20:53:29.653 t2058D18822027FFF5000
 20:53:29.752 t20082A8F4A3E0048CA00
 20:53:29.752 t20184A974A0EA9F1F17B
 20:53:29.752 t20286000402AF2F900F9
 20:53:29.752 t2038897A4A2211E7FDFF
 20:53:29.753 t20480000400000000000
 20:53:29.753 t2058D18862027FFF5000
 20:53:29.852 t20082A928A3E0048CA00
 20:53:29.852 t20184B598A0EF1F1F17B
 20:53:29.852 t20286A978A3E49F900F9
 20:53:29.852 t20388B348A220257FDFE
 20:53:29.853 t20480000800000000000
 20:53:29.853 t2058D188A2027FFF5000
 20:53:29.952 t20082A95CA3E0048CA00
 20:53:29.952 t20184000CF0E49F9F179
 20:53:29.952 t20286A97CA1AA9F100FB
 20:53:29.952 t20388C81CA2205A7FDFF
 20:53:29.952 t20480000C00000000000
 20:53:29.952 t2058D188E2027FFF5000
 20:53:30.052 t20083FFF023E0043FFFE
 20:53:30.052 t201840C20F0EF1F9A979
 20:53:30.052 t20286000002AF2F900F9
 20:53:30.052 t20388D5E0A223FF7FFFF
 20:53:30.052 t20480000000000000000
 20:53:30.052 t2058D18822027FFF5000
 20:53:30.152 t200820044F3E0044CA00
 20:53:30.152 t201840004F0E49F9F179
 20:53:30.152 t20286A974A3E49F900F9
 20:53:30.153 t203880004F220397F5FD
 20:53:30.153 t20480000400000000000
 20:53:30.153 t2058D18862027FFF5000
 20:53:30.252 t200820078F3E0044CA00
 20:53:30.252 t201840C28F0EF1F9A979
 20:53:30.252 t20286A978A3E49F900F9
 20:53:30.252 t2038805E8F220417F5FE
 20:53:30.252 t20480000800000000000
 20:53:30.253 t2058D188A2027FFF5000
 20:53:30.352 t2008200ACF3E0044CA00
 20:53:30.352 t20184000CF0E49F9F179
 20:53:30.353 t20286A97CA3E49F900F9
 20:53:30.353 t203880C2CF220327FDFF
 20:53:30.353 t20480000C00000000000
 20:53:30.353 t2058D188E2027FFF5000
 20:53:30.452 t2008200D0F3E0044CA00
 20:53:30.452 t201840C20F0EF1F9A979
 20:53:30.452 t20286A970A3E49F900F9
 20:53:30.453 t203881690F220617FDFF
 20:53:30.453 t20480000000000000000
 20:53:30.453 t2058D18822027FFF5000
 20:53:30.552 t2008200F4F3E0044CA00
 20:53:30.552 t201840004F0E49F9F179
 20:53:30.552 t20286A974A3E49F900F9
 20:53:30.552 t2038897A4A2211E7FDFF
 20:53:30.552 t20480000400000000000
 20:53:30.552 t2058D18862027FFF5000
 20:53:30.652 t200820128F3E0044CA00
 20:53:30.652 t201840C28F0EF1F9A979
 20:53:30.652 t20286A978A3E49F900F9
 20:53:30.652 t20388B348A220257FDFE
 20:53:30.652 t20480000800000000000
 20:53:30.652 t2058D188A2027FFF5000
 20:53:30.752 t20082015CF3E0044CA00
 20:53:30.752 t20184000CF0E49F9F179
 20:53:30.752 t20286A97CA3E49F900F9
 20:53:30.753 t20388C81CA2205A7FDFF
 20:53:30.753 t20480000C00000000000
 20:53:30.753 t2058D188E2027FFF5000
 20:53:30.852 t200820180F3E0044CA00
 20:53:30.852 t201840C20F0EF1F9A979
 20:53:30.852 t20286A970A3E49F900F9
 20:53:30.853 t20388D5E0A223FF7FFFF
 20:53:30.853 t20480000000000000000
 20:53:30.853 t2058D18822027FFF5000
 20:53:30.952 t2008201A4F3E0044CA00
 20:53:30.952 t201840004F0E49F9F179
 20:53:30.952 t20286A974A3E49F900F9
 20:53:30.953 t203880004F220397F5FD
 20:53:30.953 t20480000400000000000
 20:53:30.953 t2058D18862027FFF5000
 20:53:31.052 t2008201D8F3E0044CA00
 20:53:31.052 t201840C28F0EF1F9A979
 20:53:31.052 t20286A978A3E49F900F9
 20:53:31.053 t2038805E8F220417F5FE
 20:53:31.053 t20480000800000000000
 20:53:31.053 t2058D188A2027FFF5000
 20:53:31.152 t20082020CF3E0044CA00
 20:53:31.152 t20184000CF0E49F9F179
 20:53:31.152 t20286A97CA3E49F900F9
 20:53:31.152 t203880C2CF220327FDFF
 20:53:31.153 t20480000C00000000000
 20:53:31.153 t2058D188E2027FFF5000
 20:53:31.252 t200820230F3E0044CA00
 20:53:31.252 t201840C20F0EF1F9A979
 20:53:31.252 t20286A970A3E49F900F9
 20:53:31.252 t203881690F220617FDFF
 20:53:31.252 t20480000000000000000
 20:53:31.252 t2058D18822027FFF5000
 20:53:31.352 t200820264F3E0044CA00
 20:53:31.352 t201840004F0E49F9F179
 20:53:31.352 t20286A974A3E49F900F9
 20:53:31.352 t2038897A4A2211E7FDFF
 20:53:31.352 t20480000400000000000
 20:53:31.352 t2058D18862027FFF5000
 20:53:31.452 t200820288F3E0044CA00
 20:53:31.452 t201840C28F0EF1F9A979
 20:53:31.452 t20286A978A3E49F900F9
 20:53:31.452 t20388B348A220257FDFE
 20:53:31.453 t20480000800000000000
 20:53:31.453 t2058D188A2027FFF5000
 20:53:31.552 t2008202BCF3E0044CA00
 20:53:31.552 t20184000CF0E49F9F179
 20:53:31.552 t20286A97CA3E49F900F9
 20:53:31.552 t20388C81CA2205A7FDFF
 20:53:31.553 t20480000C00000000000
 20:53:31.553 t2058D188E2027FFF5000
 20:53:31.652 t2008202E0F3E0044CA00
 20:53:31.652 t201840C20F0EF1F9A979
 20:53:31.652 t20286A970A3E49F900F9
 20:53:31.652 t20388D5E0A223FF7FFFF
 20:53:31.653 t20480000000000000000
 20:53:31.653 t2058D18822027FFF5000
 20:53:31.752 t200820314F3E0044CA00
 20:53:31.752 t201840004F0E49F9F179
 20:53:31.752 t20286A974A3E49F900F9
 20:53:31.752 t203880004F220397F5FD
 20:53:31.753 t20480000400000000000
 20:53:31.753 t2058D18862027FFF5000
 20:53:31.852 t200820338F3E0044CA00
 20:53:31.852 t201840C28F0EF1F9A979
 20:53:31.852 t20286A978A3E49F900F9
 20:53:31.852 t2038805E8F220417F5FE
 20:53:31.852 t20480000800000000000
 20:53:31.853 t2058D188A2027FFF5000
 20:53:31.951 t20082036CF3E0044CA00
 20:53:31.952 t20184000CF0E49F9F179
 20:53:31.952 t20286A97CA3E49F900F9
 20:53:31.952 t203880C2CF220327FDFF
 20:53:31.952 t20480000C00000000000
 20:53:31.952 t2058D188E2027FFF5000
 20:53:32.052 t200820390F3E0044CA00
 20:53:32.052 t201840C20F0EF1F9A979
 20:53:32.052 t20286A970A3E49F900F9
 20:53:32.052 t203881690F220617FDFF
 20:53:32.052 t20480000000000000000
 20:53:32.053 t2058D18822027FFF5000
 20:53:32.152 t2008203C4F3E0044CA00
 20:53:32.152 t201840004F0E49F9F179
 20:53:32.152 t20286A974A3E49F900F9
 20:53:32.152 t2038897A4A2211E7FDFF
 20:53:32.153 t20480000400000000000
 20:53:32.153 t2058D18862027FFF5000
 20:53:32.252 t2008203F8F3E0044CA00
 20:53:32.252 t201840C28F0EF1F9A979
 20:53:32.252 t20286A978A3E49F900F9
 20:53:32.252 t20388B348A220257FDFE
 20:53:32.253 t20480000800000000000
 20:53:32.253 t2058D188A2027FFF5000
 20:53:32.351 t20082041CF3E0044CA00
 20:53:32.352 t20184000CF0E49F9F179
 20:53:32.352 t20286A97CA3E49F900F9
 20:53:32.352 t20388C81CA2205A7FDFF
 20:53:32.352 t20480000C00000000000
 20:53:32.352 t2058D188E2027FFF5000
 20:53:32.452 t200820440F3E0044CA00
 20:53:32.452 t201840C20F0EF1F9A979
 20:53:32.452 t20286A970A3E49F900F9
 20:53:32.452 t20388D5E0A223FF7FFFF
 20:53:32.452 t20480000000000000000
 20:53:32.453 t2058D18822027FFF5000
 20:53:32.551 t200820474F3E0044CA00
 20:53:32.551 t201840004F0E49F9F179
 20:53:32.552 t20286A974A3E49F900F9
 20:53:32.552 t203880004F220397F5FD
 20:53:32.552 t20480000400000000000
 20:53:32.552 t2058D18862027FFF5000
 20:53:32.651 t2008204A8F3E0044CA00
 20:53:32.651 t201840C28F0EF1F9A979
 20:53:32.651 t20286A978A3E49F900F9
 20:53:32.652 t2038805E8F220417F5FE
 20:53:32.652 t20480000800000000000
 20:53:32.652 t2058D188A2027FFF5000
 20:53:32.752 t2008204CCF3E0044CA00
 20:53:32.753 t20184000CF0E49F9F179
 20:53:32.753 t20286A97CA3E49F900F9
 20:53:32.753 t203880C2CF220327FDFF
 20:53:32.753 t20480000C00000000000
 20:53:32.753 t2058D188E2027FFF5000
 20:53:32.852 t2008204F0F3E0044CA00
 20:53:32.853 t201840C20F0EF1F9A979
 20:53:32.853 t20286A970A3E49F900F9
 20:53:32.853 t203881690F220617FDFF
 20:53:32.853 t20480000000000000000
 20:53:32.854 t2058D18822027FFF5000
 20:53:32.952 t200820524F3E0044CA00
 20:53:32.953 t201840004F0E49F9F179
 20:53:32.953 t20286A974A3E49F900F9
 20:53:32.953 t2038897A4A2211E7FDFF
 20:53:32.953 t20480000400000000000
 20:53:32.954 t2058D18862027FFF5000
 20:53:33.052 t200820558F3E0044CA00
 20:53:33.053 t201840C28F0EF1F9A979
 20:53:33.053 t20286A978A3E49F900F9
 20:53:33.053 t20388B348A220257FDFE
 20:53:33.053 t20480000800000000000
 20:53:33.053 t2058D188A2027FFF5000
 20:53:33.152 t20082058CF3E0044CA00
 20:53:33.153 t20184000CF0E49F9F179
 20:53:33.153 t20286A97CA3E49F900F9
 20:53:33.153 t20388C81CA2205A7FDFF
 20:53:33.153 t20480000C00000000000
 20:53:33.153 t2058D188E2027FFF5000
 20:53:33.252 t2008205A0F3E0044CA00
 20:53:33.252 t201840C20F0EF1F9A979
 20:53:33.252 t20286A970A3E49F900F9
 20:53:33.252 t20388D5E0A223FF7FFFF
 20:53:33.253 t20480000000000000000
 20:53:33.253 t2058D18822027FFF5000
 20:53:33.352 t2008205D4F3E0044CA00
 20:53:33.352 t201840004F0E49F9F179
 20:53:33.352 t20286A974A3E49F900F9
 20:53:33.352 t203880004F220397F5FD
 20:53:33.352 t20480000400000000000
 20:53:33.353 t2058D18862027FFF5000
 20:53:33.452 t200820608F3E0044CA00
 20:53:33.452 t201840C28F0EF1F9A979
 20:53:33.453 t20286A978A3E49F900F9
 20:53:33.453 t2038805E8F220417F5FE
 20:53:33.453 t20480000800000000000
 20:53:33.453 t2058D188A2027FFF5000
 20:53:33.552 t20082063CF3E0044CA00
 20:53:33.552 t20184000CF0E49F9F179
 20:53:33.553 t20286A97CA3E49F900F9
 20:53:33.553 t203880C2CF220327FDFF
 20:53:33.553 t20480000C00000000000
 20:53:33.553 t2058D188E2027FFF5000
 20:53:33.652 t200820650F3E0044CA00
 20:53:33.652 t201840C20F0EF1F9A979
 20:53:33.652 t20286A970A3E49F900F9
 20:53:33.652 t203881690F220617FDFF
 20:53:33.653 t20480000000000000000
 20:53:33.653 t2058D18822027FFF5000
 20:53:33.752 t200820684F3E0044CA00
 20:53:33.752 t201840004F0E49F9F179
 20:53:33.753 t20286A974A3E49F900F9
 20:53:33.753 t2038897A4A2211E7FDFF
 20:53:33.753 t20480000400000000000
 20:53:33.753 t2058D18862027FFF5000
 20:53:33.852 t2008206B8F3E0044CA00
 20:53:33.852 t201840C28F0EF1F9A979
 20:53:33.852 t20286A978A3E49F900F9
 20:53:33.853 t20388B348A220257FDFE
 20:53:33.853 t20480000800000000000
 20:53:33.853 t2058D188A2027FFF5000
 20:53:33.952 t2008206ECF3E0044CA00
 20:53:33.952 t20184000CF0E49F9F179
 20:53:33.952 t20286A97CA3E49F900F9
 20:53:33.952 t20388C81CA2205A7FDFF
 20:53:33.952 t20480000C00000000000
 20:53:33.952 t2058D188E2027FFF5000
 20:53:34.052 t200820710F3E0044CA00
 20:53:34.052 t201840C20F0EF1F9A979
 20:53:34.052 t20286A970A3E49F900F9
 20:53:34.052 t20388D5E0A223FF7FFFF
 20:53:34.052 t20480000000000000000
 20:53:34.052 t2058D18822027FFF5000
 20:53:34.152 t200820734F3E0044CA00
 20:53:34.152 t201840004F0E49F9F179
 20:53:34.152 t20286A974A3E49F900F9
 20:53:34.153 t203880004F220397F5FD
 20:53:34.153 t20480000400000000000
 20:53:34.153 t2058D18862027FFF5000
 20:53:34.252 t200820768F3E0044CA00
 20:53:34.252 t201840C28F0EF1F9A979
 20:53:34.252 t20286A978A3E49F900F9
 20:53:34.253 t2038805E8F220417F5FE
 20:53:34.253 t20480000800000000000
 20:53:34.253 t2058D188A2027FFF5000
 20:53:34.352 t20082079CF3E0044CA00
 20:53:34.352 t20184000CF0E49F9F179
 20:53:34.353 t2028645DCF1401F100FB
 20:53:34.353 t203880C2CF220327FDFF
 20:53:34.353 t20480000C00000000000
 20:53:34.353 t2058D188E2027FFF5000
 20:53:34.452 t2008207C0F3E0044CA00
 20:53:34.452 t201840C20F0EF1F9A979
 20:53:34.453 t2028645D0F18F1F100FB
 20:53:34.453 t203881690F220617FDFF
 20:53:34.453 t20480000000000000000
 20:53:34.453 t2058D18822027FFF5000
 20:53:34.552 t2008207E4F3E0044CA00
 20:53:34.552 t201840004F0E49F9F179
 20:53:34.552 t20286A974A3E49F900F9
 20:53:34.552 t2038897A4A2211E7FDFF
 20:53:34.552 t20480000400000000000
 20:53:34.552 t2058D18862027FFF5000
 20:53:34.652 t200820818F3E0044CA00
 20:53:34.652 t201840C28F0EF1F9A979
 20:53:34.652 t2028645D8F1601F100FB
 20:53:34.652 t20388B348A220257FDFE
 20:53:34.652 t20480000800000000000
 20:53:34.652 t2058D188A2027FFF5000
 20:53:34.752 t20082084CF3E0044CA00
 20:53:34.752 t20184000CF0E49F9F179
 20:53:34.752 t2028645DCF1AF1F100FB
 20:53:34.753 t20388C81CA2205A7FDFF
 20:53:34.753 t20480000C00000000000
 20:53:34.753 t2058D188E2027FFF5000
 20:53:34.852 t200820870F3E0044CA00
 20:53:34.853 t201840C20F0EF1F9A979
 20:53:34.853 t20286A970A3E49F900F9
 20:53:34.853 t20388D5E0A223FF7FFFF
 20:53:34.853 t20480000000000000000
 20:53:34.854 t2058D18822027FFF5000
 20:53:34.952 t2008208A4F3E0044CA00
 20:53:34.952 t201840004F0E49F9F179
 20:53:34.952 t2028645D4F1601F100FB
 20:53:34.952 t203882754F2001C7FDFF
 20:53:34.953 t20480000400000000000
 20:53:34.953 t2058D18862027FFF5000
 20:53:35.052 t2008208C8F3E0044CA00
 20:53:35.052 t201840C28F0EF1F9A979
 20:53:35.052 t2028645D8F1AF1F100FB
 20:53:35.053 t203882FB8F200597FDFF
 20:53:35.053 t20480000800000000000
 20:53:35.053 t2058D188A2027FFF5000
 20:53:35.152 t2008208FCF3E0044CA00
 20:53:35.152 t20184000CF0E49F9F179
 20:53:35.152 t20286A97CA3E49F900F9
 20:53:35.153 t203883C9CF203FF82BFF
 20:53:35.153 t20480000C00000000000
 20:53:35.153 t2058D188E2027FFF5000
 20:53:35.252 t200820920F3E0044CA00
 20:53:35.252 t201840C20F0EF1F9A979
 20:53:35.252 t2028645D0F1601F100FB
 20:53:35.252 t203880000F220397F5FD
 20:53:35.253 t20480000000000000000
 20:53:35.253 t2058D18822027FFF5000
 20:53:35.352 t200820954F3E0044CA00
 20:53:35.352 t201840004F0E49F9F179
 20:53:35.352 t2028645D4F1AF1F100FB
 20:53:35.352 t2038805E4F220417F5FE
 20:53:35.352 t20480000400000000000
 20:53:35.352 t2058D18862027FFF5000
 20:53:35.452 t200820978F3E0044CA00
 20:53:35.452 t201840C28F0EF1F9A979
 20:53:35.452 t20286A978A3E49F900F9
 20:53:35.452 t203880C28F220327FDFF
 20:53:35.452 t20480000800000000000
 20:53:35.452 t2058D188A2027FFF5000
 20:53:35.552 t2008209ACF3E0044CA00
 20:53:35.552 t20184000CF0E49F9F179
 20:53:35.552 t2028645DCF1601F100FB
 20:53:35.553 t20388169CF220617FDFF
 20:53:35.553 t20480000C00000000000
 20:53:35.553 t2058D188E2027FFF5000
 20:53:35.652 t2008209D0F3E0044CA00
 20:53:35.652 t201840C20F0EF1F9A979
 20:53:35.652 t2028645D0F1AF1F100FB
 20:53:35.653 t203882750F2201C7FDFF
 20:53:35.653 t20480000000000000000
 20:53:35.653 t2058D18822027FFF5000
 20:53:35.751 t200820A04F3E0044CA00
 20:53:35.752 t201840004F0E49F9F179
 20:53:35.752 t20286A974A3E49F900F9
 20:53:35.752 t203882FB4F220597FDFF
 20:53:35.752 t20480000400000000000
 20:53:35.752 t2058D18862027FFF5000
 20:53:35.851 t200820A38F3E0044CA00
 20:53:35.852 t201840C28F0EF1F9A979
 20:53:35.852 t2028645D8F1601F100FB
 20:53:35.852 t203883C98F223FF82BFF
 20:53:35.852 t20480000800000000000
 20:53:35.852 t2058D188A2027FFF5000
 20:53:35.951 t200820A5CF3E0044CA00
 20:53:35.952 t20184000CF0E49F9F179
 20:53:35.952 t2028645DCF1AF1F100FB
 20:53:35.952 t20388000CF220397F5FD
 20:53:35.952 t20480000C00000000000
 20:53:35.952 t2058D188E2027FFF5000
 20:53:36.051 t200820A80F3E0044CA00
 20:53:36.052 t201840C20F0EF1F9A979
 20:53:36.052 t20286A970A3E49F900F9
 20:53:36.052 t2038805E0F220417F5FE
 20:53:36.052 t20480000000000000000
 20:53:36.052 t2058D18822027FFF5000
 20:53:36.152 t200820AB4F3E0044CA00
 20:53:36.152 t201840004F0E49F9F179
 20:53:36.152 t2028645D4F1601F100FB
 20:53:36.152 t203880C24F220327FDFF
 20:53:36.152 t20480000400000000000
 20:53:36.153 t2058D18862027FFF5000
 20:53:36.252 t200820AE8F3E0044CA00
 20:53:36.252 t201840C28F0EF1F9A979
 20:53:36.252 t2028645D8F1AF1F100FB
 20:53:36.252 t203881698F220617FDFF
 20:53:36.252 t20480000800000000000
 20:53:36.253 t2058D188A2027FFF5000
 20:53:36.352 t200820B0CF3E0044CA00
 20:53:36.352 t20184000CF0E49F9F179
 20:53:36.352 t20286A97CA3E49F900F9
 20:53:36.352 t20388275CF2201C7FDFF
 20:53:36.352 t20480000C00000000000
 20:53:36.353 t2058D188E2027FFF5000
 20:53:36.452 t200820B30F3E0044CA00
 20:53:36.452 t201840C20F0EF1F9A979
 20:53:36.452 t2028645D0F1601F100FB
 20:53:36.452 t203882FB0F220597FDFF
 20:53:36.452 t20480000000000000000
 20:53:36.453 t2058D18822027FFF5000
 20:53:36.551 t200820B64F3E0044CA00
 20:53:36.551 t201840004F0E49F9F179
 20:53:36.551 t2028645D4F1AF1F100FB
 20:53:36.552 t203883C94F223FF82BFF
 20:53:36.552 t20480000400000000000
 20:53:36.552 t2058D18862027FFF5000
 20:53:36.651 t200820B98F3E0044CA00
 20:53:36.651 t201840C28F0EF1F9A979
 20:53:36.651 t20286A978A3E49F900F9
 20:53:36.652 t203880008F220397F5FD
 20:53:36.652 t20480000800000000000
 20:53:36.652 t2058D188A2027FFF5000
 20:53:36.751 t200820BCCF3E0044CA00
 20:53:36.751 t20184000CF0E49F9F179
 20:53:36.752 t2028645DCF1601F100FB
 20:53:36.752 t2038805ECF220417F5FE
 20:53:36.752 t20480000C00000000000
 20:53:36.752 t2058D188E2027FFF5000
 20:53:36.851 t200820BE0F3E0044CA00
 20:53:36.852 t201840C20F0EF1F9A979
 20:53:36.852 t2028645D0F1AF1F100FB
 20:53:36.852 t203880C20F220327FDFF
 20:53:36.852 t20480000000000000000
 20:53:36.853 t2058D18822027FFF5000
 20:53:36.952 t200820C14F3E0044CA00
 20:53:36.953 t201840004F0E49F9F179
 20:53:36.953 t20286A974A3E49F900F9
 20:53:36.953 t203883C94F2003182A0C
 20:53:36.953 t20480000400000000000
 20:53:36.953 t2058D18862027FFF5000
 20:53:37.052 t200820C48F3E0044CA00
 20:53:37.053 t201840C28F0EF1F9A979
 20:53:37.053 t2028645D8F1601F100FB
 20:53:37.053 t203884248F203FF843FF
 20:53:37.053 t20480000800000000000
 20:53:37.053 t2058D188A2027FFF5000
 20:53:37.152 t200820C7CF3E0044CA00
 20:53:37.153 t2018445DCF0CF1F1F17B
 20:53:37.153 t2028645DCF1AF1F100FB
 20:53:37.153 t2038805ECF220417F5FE
 20:53:37.153 t20480000C00000000000
 20:53:37.153 t2058D188E2027FFF5000
 20:53:37.252 t200820C90F3E0044CA00
 20:53:37.252 t201840000F0E49F9F179
 20:53:37.252 t20286A970A3E49F900F9
 20:53:37.252 t203880C20F220327FDFF
 20:53:37.253 t20480000000000000000
 20:53:37.253 t2058D18822027FFF5000
 20:53:37.352 t200820CC4F3E0044CA00
 20:53:37.352 t201840C24F0EF1F9A979
 20:53:37.352 t2028645D4F1601F100FB
 20:53:37.352 t203881694F220617FDFF
 20:53:37.352 t20480000400000000000
 20:53:37.353 t2058D18862027FFF5000
 20:53:37.452 t200820CF8F3E0044CA00
 20:53:37.452 t2018445D8F0EF1F1F17B
 20:53:37.453 t2028645D8F1AF1F100FB
 20:53:37.453 t203882758F2201C7FDFF
 20:53:37.453 t20480000800000000000
 20:53:37.453 t2058D188A2027FFF5000
 20:53:37.552 t200820D2CF3E0044CA00
 20:53:37.552 t20184000CF0E49F9F179
 20:53:37.553 t20286A97CA3E49F900F9
 20:53:37.553 t203882FBCF220597FDFF
 20:53:37.553 t20480000C00000000000
 20:53:37.553 t2058D188E2027FFF5000
 20:53:37.652 t200820D40F3E0044CA00
 20:53:37.652 t201840C20F0EF1F9A979
 20:53:37.653 t2028645D0F1601F100FB
 20:53:37.653 t203883C90F2203182A0C
 20:53:37.653 t20480000000000000000
 20:53:37.653 t2058D18822027FFF5000
 20:53:37.752 t200820D74F3E0044CA00
 20:53:37.752 t2018445D4F0EF1F1F17B
 20:53:37.752 t2028645D4F1AF1F100FB
 20:53:37.752 t203884244F223FF843FF
 20:53:37.752 t20480000400000000000
 20:53:37.753 t2058D18862027FFF5000
 20:53:37.852 t200820DA8F3E0044CA00
 20:53:37.852 t201840008F0E49F9F179
 20:53:37.853 t20286A978A3E49F900F9
 20:53:37.853 t2038805E8F220417F5FE
 20:53:37.853 t20480000800000000000
 20:53:37.853 t2058D188A2027FFF5000
 20:53:37.952 t200820DDCF3E0044CA00
 20:53:37.952 t201840C2CF0EF1F9A979
 20:53:37.952 t2028645DCF1601F100FB
 20:53:37.952 t203880C2CF220327FDFF
 20:53:37.952 t20480000C00000000000
 20:53:37.952 t2058D188E2027FFF5000
 20:53:38.052 t200820E00F3E0044CA00
 20:53:38.052 t2018445D0F0EF1F1F17B
 20:53:38.052 t2028645D0F1AF1F100FB
 20:53:38.053 t203881690F220617FDFF
 20:53:38.053 t20480000000000000000
 20:53:38.053 t2058D18822027FFF5000
 20:53:38.152 t200820E24F3E0044CA00
 20:53:38.152 t201840004F0E49F9F179
 20:53:38.153 t20286A974A3E49F900F9
 20:53:38.153 t203882754F2201C7FDFF
 20:53:38.153 t20480000400000000000
 20:53:38.153 t2058D18862027FFF5000
 20:53:38.252 t200820E58F3E0044CA00
 20:53:38.252 t201840C28F0EF1F9A979
 20:53:38.252 t2028645D8F1601F100FB
 20:53:38.253 t203882FB8F220597FDFF
 20:53:38.253 t20480000800000000000
 20:53:38.253 t2058D188A2027FFF5000
 20:53:38.352 t200820E8CF3E0044CA00
 20:53:38.352 t2018445DCF0EF1F1F17B
 20:53:38.352 t2028645DCF1AF1F100FB
 20:53:38.352 t203883C9CF2203182A0C
 20:53:38.352 t20480000C00000000000
 20:53:38.353 t2058D188E2027FFF5000
 20:53:38.452 t200820EB0F3E0044CA00
 20:53:38.452 t201840000F0E49F9F179
 20:53:38.452 t20286A970A3E49F900F9
 20:53:38.453 t203884240F223FF843FF
 20:53:38.453 t20480000000000000000
 20:53:38.453 t2058D18822027FFF5000
 20:53:38.552 t200820ED4F3E0044CA00
 20:53:38.552 t201840C24F0EF1F9A979
 20:53:38.552 t2028645D4F1601F100FB
 20:53:38.552 t2038805E4F220417F5FE
 20:53:38.552 t20480000400000000000
 20:53:38.552 t2058D18862027FFF5000
 20:53:38.652 t200820F08F3E0044CA00
 20:53:38.652 t2018445D8F0EF1F1F17B
 20:53:38.652 t2028645D8F1AF1F100FB
 20:53:38.652 t203880C28F220327FDFF
 20:53:38.652 t20480000800000000000
 20:53:38.652 t2058D188A2027FFF5000
 20:53:38.752 t200820F3CF3E0044CA00
 20:53:38.752 t20184000CF0E49F9F179
 20:53:38.753 t20286A97CA3E49F900F9
 20:53:38.753 t20388169CF220617FDFF
 20:53:38.753 t20480000C00000000000
 20:53:38.753 t2058D188E2027FFF5000
 20:53:38.852 t200820F60F3E0044CA00
 20:53:38.852 t201840C20F0EF1F9A979
 20:53:38.852 t2028645D0F1601F100FB
 20:53:38.852 t203882750F2201C7FDFF
 20:53:38.853 t20480000000000000000
 20:53:38.853 t2058D18822027FFF5000
 20:53:38.952 t200820F94F3E0044CA00
 20:53:38.952 t2018445D4F0EF1F1F17B
 20:53:38.952 t2028645D4F1AF1F100FB
 20:53:38.953 t203882FB4F220597FDFF
 20:53:38.953 t20480000400000000000
 20:53:38.953 t2058D18862027FFF5000
 20:53:39.052 t200820FB8F3E0044CA00
 20:53:39.052 t201840008F0E49F9F179
 20:53:39.052 t20286A978A3E49F900F9
 20:53:39.053 t203883C98F2203182A0C
 20:53:39.053 t20480000800000000000
 20:53:39.053 t2058D188A2027FFF5000
 20:53:39.152 t200820FECF3E0044CA00
 20:53:39.152 t201840C2CF0EF1F9A979
 20:53:39.152 t2028645DCF1601F100FB
 20:53:39.152 t20388424CF223FF843FF
 20:53:39.153 t20480000C00000000000
 20:53:39.153 t2058D188E2027FFF5000
 20:53:39.252 t200821010F3E0044CA00
 20:53:39.252 t2018445D0F0EF1F1F17B
 20:53:39.252 t2028645D0F1AF1F100FB
 20:53:39.252 t2038805E0F220417F5FE
 20:53:39.252 t20480000000000000000
 20:53:39.252 t2058D18822027FFF5000
 20:53:39.352 t200821044F3E0044CA00
 20:53:39.352 t201840004F0E49F9F179
 20:53:39.352 t20286A974A3E49F900F9
 20:53:39.352 t203880C24F220327FDFF
 20:53:39.352 t20480000400000000000
 20:53:39.352 t2058D18862027FFF5000
 20:53:39.452 t200821068F3E0044CA00
 20:53:39.452 t201840C28F0EF1F9A979
 20:53:39.452 t2028645D8F1601F100FB
 20:53:39.452 t203881698F220617FDFF
 20:53:39.453 t20480000800000000000
 20:53:39.453 t2058D188A2027FFF5000
 20:53:39.552 t20082109CF3E0044CA00
 20:53:39.552 t2018445DCF0EF1F1F17B
 20:53:39.552 t2028645DCF1AF1F100FB
 20:53:39.552 t20388275CF2201C7FDFF
 20:53:39.552 t20480000C00000000000
 20:53:39.552 t2058D188E2027FFF5000
 20:53:39.651 t2008210C0F3E0044CA00
 20:53:39.651 t201840000F0E49F9F179
 20:53:39.652 t20286A970A3E49F900F9
 20:53:39.652 t203882FB0F220597FDFF
 20:53:39.652 t20480000000000000000
 20:53:39.652 t2058D18822027FFF5000
 20:53:39.751 t2008210F4F3E0044CA00
 20:53:39.751 t201840C24F0EF1F9A979
 20:53:39.752 t2028645D4F1601F100FB
 20:53:39.752 t203883C94F2203182A0C
 20:53:39.752 t20480000400000000000
 20:53:39.752 t2058D18862027FFF5000
 20:53:39.851 t200821128F3E0044CA00
 20:53:39.851 t2018445D8F0EF1F1F17B
 20:53:39.852 t2028645D8F1AF1F100FB
 20:53:39.852 t203884248F223FF843FF
 20:53:39.852 t20480000800000000000
 20:53:39.852 t2058D188A2027FFF5000
 20:53:39.951 t20082114CF3E0044CA00
 20:53:39.951 t20184000CF0E49F9F179
 20:53:39.952 t20286A97CA3E49F900F9
 20:53:39.952 t2038805ECF220417F5FE
 20:53:39.952 t20480000C00000000000
 20:53:39.952 t2058D188E2027FFF5000
 20:53:40.051 t200821170F3E0044CA00
 20:53:40.051 t201840C20F0EF1F9A979
 20:53:40.052 t2028645D0F1601F100FB
 20:53:40.052 t203880C20F220327FDFF
 20:53:40.052 t20480000000000000000
 20:53:40.052 t2058D18822027FFF5000
 20:53:40.151 t2008211A4F3E0044CA00
 20:53:40.152 t2018445D4F0EF1F1F17B
 20:53:40.152 t2028645D4F1AF1F100FB
 20:53:40.152 t203881694F220617FDFF
 20:53:40.152 t20480000400000000000
 20:53:40.152 t2058D18862027FFF5000
 20:53:40.251 t2008211D8F3E0044CA00
 20:53:40.252 t201840008F0E49F9F179
 20:53:40.252 t20286A978A3E49F900F9
 20:53:40.252 t203882758F2201C7FDFF
 20:53:40.252 t20480000800000000000
 20:53:40.253 t2058D188A2027FFF5000
 20:53:40.351 t2008211FCF3E0044CA00
 20:53:40.352 t201840C2CF0EF1F9A979
 20:53:40.352 t2028645DCF1601F100FB
 20:53:40.352 t203882FBCF220597FDFF
 20:53:40.352 t20480000C00000000000
 20:53:40.352 t2058D188E2027FFF5000
 20:53:40.451 t200821220F3E0044CA00
 20:53:40.452 t2018445D0F0EF1F1F17B
 20:53:40.452 t2028645D0F1AF1F100FB
 20:53:40.452 t203883C90F2203182A0C
 20:53:40.452 t20480000000000000000
 20:53:40.452 t2058D18822027FFF5000
 20:53:40.552 t200821254F3E0044CA00
 20:53:40.552 t201840004F0E49F9F179
 20:53:40.553 t20286A974A3E49F900F9
 20:53:40.553 t203884244F2003A8420E
 20:53:40.553 t20480000400000000000
 20:53:40.553 t2058D18862027FFF5000
 20:53:40.652 t200821288F3E0044CA00
 20:53:40.652 t201840C28F0EF1F9A979
 20:53:40.652 t2028645D8F1601F100FB
 20:53:40.652 t203880C28F220327FDFF
 20:53:40.653 t20480000800000000000
 20:53:40.653 t2058D188A2027FFF5000
 20:53:40.752 t2008212BCF3E0044CA00
 20:53:40.752 t2018445DCF0EF1F1F17B
 20:53:40.753 t2028645DCF1AF1F100FB
 20:53:40.753 t20388169CF220617FDFF
 20:53:40.753 t20480000C00000000000
 20:53:40.753 t2058D188E2027FFF5000
 20:53:40.852 t2008212D0F3E0044CA00
 20:53:40.852 t201840C20F0EF1F9A979
 20:53:40.853 t20286A970A3E49F900F9
 20:53:40.853 t203882750F2201C7FDFF
 20:53:40.853 t20480000000000000000
 20:53:40.853 t2058D18822027FFF5000
 20:53:40.952 t200821304F3E0044CA00
 20:53:40.952 t201845144F0CF1F1F17A
 20:53:40.953 t2028645D4F1601F100FB
 20:53:40.953 t203882FB4F220597FDFF
 20:53:40.953 t20480000400000000000
 20:53:40.953 t2058D18862027FFF5000
 20:53:41.052 t200821338F3E0044CA00
 20:53:41.052 t201840C28F0EF1F9A979
 20:53:41.053 t2028645D8F1AF1F100FB
 20:53:41.053 t203883C98F2203182A0C
 20:53:41.053 t20480000800000000000
 20:53:41.053 t2058D188A2027FFF5000
 20:53:41.152 t20082136CF3E0044CA00
 20:53:41.152 t2018445DCF0EF1F1F17B
 20:53:41.153 t20286A97CA3E49F900F9
 20:53:41.153 t20388424CF2203A8420E
 20:53:41.153 t20480000C00000000000
 20:53:41.153 t2058D188E2027FFF5000
 20:53:41.252 t200821380F3E0044CA00
 20:53:41.252 t201845140F0EF1F1F17A
 20:53:41.252 t2028645D0F1601F100FB
 20:53:41.252 t203880C20F220327FDFF
 20:53:41.252 t20480000000000000000
 20:53:41.252 t2058D18822027FFF5000
 20:53:41.352 t2008213B4F3E0044CA00
 20:53:41.352 t201840C24F0EF1F9A979
 20:53:41.352 t2028645D4F1AF1F100FB
 20:53:41.352 t203881694F220617FDFF
 20:53:41.352 t20480000400000000000
 20:53:41.352 t2058D18862027FFF5000
 20:53:41.452 t2008213E8F3E0044CA00
 20:53:41.452 t2018445D8F0EF1F1F17B
 20:53:41.452 t20286A978A3E49F900F9
 20:53:41.453 t203882758F2201C7FDFF
 20:53:41.453 t20480000800000000000
 20:53:41.453 t2058D188A2027FFF5000
 20:53:41.552 t20082141CF3E0044CA00
 20:53:41.552 t20184514CF0EF1F1F17A
 20:53:41.553 t2028645DCF1601F100FB
 20:53:41.553 t203882FBCF220597FDFF
 20:53:41.553 t20480000C00000000000
 20:53:41.553 t2058D188E2027FFF5000
 20:53:41.652 t200821440F3E0044CA00
 20:53:41.652 t201840C20F0EF1F9A979
 20:53:41.652 t2028645D0F1AF1F100FB
 20:53:41.653 t203883C90F2203182A0C
 20:53:41.653 t20480000000000000000
 20:53:41.653 t2058D18822027FFF5000
 20:53:41.752 t200821464F3E0044CA00
 20:53:41.752 t2018445D4F0EF1F1F17B
 20:53:41.753 t20286A974A3E49F900F9
 20:53:41.753 t203884244F2203A8420E
 20:53:41.753 t20480000400000000000
 20:53:41.753 t2058D18862027FFF5000
 20:53:41.852 t200821498F3E0044CA00
 20:53:41.852 t201845148F0EF1F1F17A
 20:53:41.853 t2028645D8F1601F100FB
 20:53:41.853 t203880C28F220327FDFF
 20:53:41.853 t20480000800000000000
 20:53:41.853 t2058D188A2027FFF5000
 20:53:41.952 t2008214CCF3E0044CA00
 20:53:41.952 t201840C2CF0EF1F9A979
 20:53:41.952 t2028645DCF1AF1F100FB
 20:53:41.952 t20388169CF220617FDFF
 20:53:41.952 t20480000C00000000000
 20:53:41.952 t2058D188E2027FFF5000
 20:53:42.052 t2008214F0F3E0044CA00
 20:53:42.052 t2018445D0F0EF1F1F17B
 20:53:42.052 t20286A970A3E49F900F9
 20:53:42.052 t203882750F2201C7FDFF
 20:53:42.052 t20480000000000000000
 20:53:42.052 t2058D18822027FFF5000
 20:53:42.152 t200821514F3E0044CA00
 20:53:42.152 t201845144F0EF1F1F17A
 20:53:42.152 t2028645D4F1601F100FB
 20:53:42.152 t203882FB4F220597FDFF
 20:53:42.152 t20480000400000000000
 20:53:42.153 t2058D18862027FFF5000
 20:53:42.252 t200821548F3E0044CA00
 20:53:42.252 t201840C28F0EF1F9A979
 20:53:42.252 t2028645D8F1AF1F100FB
 20:53:42.253 t203883C98F2203182A0C
 20:53:42.253 t20480000800000000000
 20:53:42.253 t2058D188A2027FFF5000
 20:53:42.352 t20082157CF3E0044CA00
 20:53:42.352 t2018445DCF0EF1F1F17B
 20:53:42.352 t20286A97CA3E49F900F9
 20:53:42.353 t20388424CF2203A8420E
 20:53:42.353 t20480000C00000000000
 20:53:42.353 t2058D188E2027FFF5000
 20:53:42.452 t2008215A0F3E0044CA00
 20:53:42.452 t201845140F0EF1F1F17A
 20:53:42.452 t2028645D0F1601F100FB
 20:53:42.453 t203880C20F220327FDFF
 20:53:42.453 t20480000000000000000
 20:53:42.453 t2058D18822027FFF5000
 20:53:42.552 t2008215D4F3E0044CA00
 20:53:42.552 t201840C24F0EF1F9A979
 20:53:42.552 t2028645D4F1AF1F100FB
 20:53:42.552 t203881694F220617FDFF
 20:53:42.552 t20480000400000000000
 20:53:42.552 t2058D18862027FFF5000
 20:53:42.652 t2008215F8F3E0044CA00
 20:53:42.652 t2018445D8F0EF1F1F17B
 20:53:42.652 t20286A978A3E49F900F9
 20:53:42.652 t203882758F2201C7FDFF
 20:53:42.652 t20480000800000000000
 20:53:42.652 t2058D188A2027FFF5000
 20:53:42.752 t20082162CF3E0044CA00
 20:53:42.752 t20184514CF0EF1F1F17A
 20:53:42.752 t2028645DCF1601F100FB
 20:53:42.752 t203882FBCF220597FDFF
 20:53:42.752 t20480000C00000000000
 20:53:42.753 t2058D188E2027FFF5000
 20:53:42.852 t200821650F3E0044CA00
 20:53:42.852 t201840C20F0EF1F9A979
 20:53:42.852 t2028645D0F1AF1F100FB
 20:53:42.852 t203883C90F2203182A0C
 20:53:42.853 t20480000000000000000
 20:53:42.853 t2058D18822027FFF5000
 20:53:42.952 t200821684F3E0044CA00
 20:53:42.952 t2018445D4F0EF1F1F17B
 20:53:42.952 t20286A974A3E49F900F9
 20:53:42.952 t203884244F2203A8420E
 20:53:42.953 t20480000400000000000
 20:53:42.953 t2058D18862027FFF5000
 20:53:43.052 t2008216A8F3E0044CA00
 20:53:43.052 t201845148F0EF1F1F17A
 20:53:43.052 t2028645D8F1601F100FB
 20:53:43.052 t203880C28F220327FDFF
 20:53:43.053 t20480000800000000000
 20:53:43.053 t2058D188A2027FFF5000
 20:53:43.152 t2008216DCF3E0044CA00
 20:53:43.152 t201840C2CF0EF1F9A979
 20:53:43.152 t2028645DCF1AF1F100FB
 20:53:43.152 t20388169CF220617FDFF
 20:53:43.152 t20480000C00000000000
 20:53:43.153 t2058D188E2027FFF5000
 20:53:43.251 t200821700F3E0044CA00
 20:53:43.251 t2018445D0F0EF1F1F17B
 20:53:43.252 t20286A970A3E49F900F9
 20:53:43.252 t203882750F2201C7FDFF
 20:53:43.252 t20480000000000000000
 20:53:43.252 t2058D18822027FFF5000
 20:53:43.351 t200821734F3E0044CA00
 20:53:43.351 t201845144F0EF1F1F17A
 20:53:43.352 t2028645D4F1601F100FB
 20:53:43.352 t203882FB4F220597FDFF
 20:53:43.352 t20480000400000000000
 20:53:43.352 t2058D18862027FFF5000
 20:53:43.452 t200821768F3E0044CA00
 20:53:43.452 t201840C28F0EF1F9A979
 20:53:43.452 t2028645D8F1AF1F100FB
 20:53:43.452 t203883C98F2203182A0C
 20:53:43.452 t20480000800000000000
 20:53:43.453 t2058D188A2027FFF5000
 20:53:43.552 t20082178CF3E0044CA00
 20:53:43.552 t2018445DCF0EF1F1F17B
 20:53:43.552 t20286A97CA3E49F900F9
 20:53:43.552 t20388424CF2203A8420E
 20:53:43.552 t20480000C00000000000
 20:53:43.553 t2058D188E2027FFF5000
 20:53:43.651 t2008217B0F3E0044CA00
 20:53:43.652 t201845140F0EF1F1F17A
 20:53:43.652 t2028645D0F1601F100FB
 20:53:43.652 t203880C20F220327FDFF
 20:53:43.652 t20480000000000000000
 20:53:43.653 t2058D18822027FFF5000
 20:53:43.751 t2008217E4F3E0044CA00
 20:53:43.752 t201840C24F0EF1F9A979
 20:53:43.752 t2028645D4F1AF1F100FB
 20:53:43.752 t203884BD4F2004E83A0E
 20:53:43.752 t20480000400000000000
 20:53:43.752 t2058D18862027FFF5000
 20:53:43.851 t200821818F3E0044CA00
 20:53:43.852 t2018445D8F0EF1F1F17B
 20:53:43.852 t20286A978A3E49F900F9
 20:53:43.852 t203885118F2000483E10
 20:53:43.852 t20480000800000000000
 20:53:43.852 t2058D188A2027FFF5000
 20:53:43.951 t20082183CF3E0044CA00
 20:53:43.951 t20184514CF0EF1F1F17A
 20:53:43.951 t2028645DCF1601F100FB
 20:53:43.951 t20388526CF203FF83FFF
 20:53:43.952 t20480000C00000000000
 20:53:43.952 t2058D188E2027FFF5000
 20:53:44.051 t200821860F3E0044CA00
 20:53:44.051 t201840C20F0EF1F9A979
 20:53:44.051 t2028645D0F1AF1F100FB
 20:53:44.051 t203881690F220617FDFF
 20:53:44.052 t20480000000000000000
 20:53:44.052 t2058D18822027FFF5000
 20:53:44.151 t200821894F3E0044CA00
 20:53:44.152 t2018445D4F0EF1F1F17B
 20:53:44.152 t20286A974A3E49F900F9
 20:53:44.152 t203882754F2201C7FDFF
 20:53:44.152 t20480000400000000000
 20:53:44.152 t2058D18862027FFF5000
 20:53:44.251 t2008218C8F3E0044CA00
 20:53:44.252 t201845148F0EF1F1F17A
 20:53:44.252 t2028645D8F1601F100FB
 20:53:44.252 t203882FB8F220597FDFF
 20:53:44.252 t20480000800000000000
 20:53:44.252 t2058D188A2027FFF5000
 20:53:44.352 t2008218FCF3E0044CA00
 20:53:44.353 t201840C2CF0EF1F9A979
 20:53:44.353 t2028645DCF1AF1F100FB
 20:53:44.353 t203883C9CF2203182A0C
 20:53:44.353 t20480000C00000000000
 20:53:44.353 t2058D188E2027FFF5000
 20:53:44.452 t200821910F3E0044CA00
 20:53:44.452 t2018445D0F0EF1F1F17B
 20:53:44.453 t20286A970A3E49F900F9
 20:53:44.453 t203884240F2203A8420E
 20:53:44.453 t20480000000000000000
 20:53:44.453 t2058D18822027FFF5000
 20:53:44.552 t200821944F3E0044CA00
 20:53:44.552 t201845144F0EF1F1F17A
 20:53:44.553 t2028645D4F1601F100FB
 20:53:44.553 t203884BD4F2204E83A0E
 20:53:44.553 t20480000400000000000
 20:53:44.553 t2058D18862027FFF5000
 20:53:44.652 t200821978F3E0044CA00
 20:53:44.652 t201840C28F0EF1F9A979
 20:53:44.652 t2028645D8F1AF1F100FB
 20:53:44.652 t203885118F2200483E10
 20:53:44.652 t20480000800000000000
 20:53:44.653 t2058D188A2027FFF5000
 20:53:44.752 t2008219ACF3E0044CA00
 20:53:44.752 t2018445DCF0EF1F1F17B
 20:53:44.752 t20286A97CA3E49F900F9
 20:53:44.752 t20388526CF223FF83FFF
 20:53:44.752 t20480000C00000000000
 20:53:44.752 t2058D188E2027FFF5000
 20:53:44.852 t2008219C0F3E0044CA00
 20:53:44.852 t201845140F0EF1F1F17A
 20:53:44.852 t2028645D0F1601F100FB
 20:53:44.853 t203881690F220617FDFF
 20:53:44.853 t20480000000000000000
 20:53:44.853 t2058D18822027FFF5000
 20:53:44.952 t2008219F4F3E0044CA00
 20:53:44.953 t201840C24F0EF1F9A979
 20:53:44.953 t2028645D4F1AF1F100FB
 20:53:44.953 t203882754F2201C7FDFF
 20:53:44.953 t20480000400000000000
 20:53:44.953 t2058D18862027FFF5000
 20:53:45.052 t200821A28F3E0044CA00
 20:53:45.052 t2018445D8F0EF1F1F17B
 20:53:45.053 t20286A978A3E49F900F9
 20:53:45.053 t203882FB8F220597FDFF
 20:53:45.053 t20480000800000000000
 20:53:45.053 t2058D188A2027FFF5000
 20:53:45.152 t200821A5CF3E0044CA00
 20:53:45.152 t20184514CF0EF1F1F17A
 20:53:45.153 t2028645DCF1601F100FB
 20:53:45.153 t203883C9CF2203182A0C
 20:53:45.153 t20480000C00000000000
 20:53:45.153 t2058D188E2027FFF5000
 20:53:45.252 t200821A80F3E0044CA00
 20:53:45.252 t201840C20F0EF1F9A979
 20:53:45.252 t2028645D0F1AF1F100FB
 20:53:45.252 t203884240F2203A8420E
 20:53:45.252 t20480000000000000000
 20:53:45.252 t2058D18822027FFF5000
 20:53:45.352 t200821AA4F3E0044CA00
 20:53:45.352 t2018445D4F0EF1F1F17B
 20:53:45.352 t20286A974A3E49F900F9
 20:53:45.352 t203884BD4F2204E83A0E
 20:53:45.352 t20480000400000000000
 20:53:45.352 t2058D18862027FFF5000
 20:53:45.452 t200821AD8F3E0044CA00
 20:53:45.452 t201845148F0EF1F1F17A
 20:53:45.452 t2028645D8F1601F100FB
 20:53:45.453 t203885118F2200483E10
 20:53:45.453 t20480000800000000000
 20:53:45.453 t2058D188A2027FFF5000
 20:53:45.552 t200821B0CF3E0044CA00
 20:53:45.552 t201840C2CF0EF1F9A979
 20:53:45.552 t2028645DCF1AF1F100FB
 20:53:45.553 t20388526CF223FF83FFF
 20:53:45.553 t20480000C00000000000
 20:53:45.553 t2058D188E2027FFF5000
 20:53:45.652 t200821B30F3E0044CA00
 20:53:45.652 t2018445D0F0EF1F1F17B
 20:53:45.653 t20286A970A3E49F900F9
 20:53:45.653 t203881690F220617FDFF
 20:53:45.653 t20480000000000000000
 20:53:45.653 t2058D18822027FFF5000
 20:53:45.752 t200821B54F3E0044CA00
 20:53:45.752 t201845144F0EF1F1F17A
 20:53:45.753 t2028645D4F1601F100FB
 20:53:45.753 t203882754F2201C7FDFF
 20:53:45.753 t20480000400000000000
 20:53:45.753 t2058D18862027FFF5000
 20:53:45.852 t200821B88F3E0044CA00
 20:53:45.852 t201840C28F0EF1F9A979
 20:53:45.852 t2028645D8F1AF1F100FB
 20:53:45.853 t203882FB8F220597FDFF
 20:53:45.853 t20480000800000000000
 20:53:45.853 t2058D188A2027FFF5000
 20:53:45.952 t200821BBCF3E0044CA00
 20:53:45.952 t2018445DCF0EF1F1F17B
 20:53:45.952 t20286A97CA3E49F900F9
 20:53:45.952 t203883C9CF2203182A0C
 20:53:45.952 t20480000C00000000000
 20:53:45.952 t2058D188E2027FFF5000
 20:53:46.052 t200821BE0F3E0044CA00
 20:53:46.052 t201845140F0EF1F1F17A
 20:53:46.052 t2028645D0F1601F100FB
 20:53:46.052 t203884240F2203A8420E
 20:53:46.052 t20480000000000000000
 20:53:46.052 t2058D18822027FFF5000
 20:53:46.152 t200821C14F3E0044CA00
 20:53:46.152 t201840C24F0EF1F9A979
 20:53:46.152 t2028645D4F1AF1F100FB
 20:53:46.152 t203884BD4F2204E83A0E
 20:53:46.153 t20480000400000000000
 20:53:46.153 t2058D18862027FFF5000
 20:53:46.252 t200821C38F3E0044CA00
 20:53:46.252 t2018445D8F0EF1F1F17B
 20:53:46.252 t20286A978A3E49F900F9
 20:53:46.252 t203885118F2200483E10
 20:53:46.253 t20480000800000000000
 20:53:46.253 t2058D188A2027FFF5000
 20:53:46.352 t200821C6CF3E0044CA00
 20:53:46.352 t20184514CF0EF1F1F17A
 20:53:46.352 t2028645DCF1601F100FB
 20:53:46.352 t20388526CF223FF83FFF
 20:53:46.353 t20480000C00000000000
 20:53:46.353 t2058D188E2027FFF5000
 20:53:46.452 t200821C90F3E0044CA00
 20:53:46.452 t201840C20F0EF1F9A979
 20:53:46.452 t2028645D0F1AF1F100FB
 20:53:46.452 t203881690F220617FDFF
 20:53:46.453 t20480000000000000000
 20:53:46.453 t2058D18822027FFF5000
 20:53:46.552 t200821CC4F3E0044CA00
 20:53:46.552 t2018445D4F0EF1F1F17B
 20:53:46.552 t20286A974A3E49F900F9
 20:53:46.552 t203882754F2201C7FDFF
 20:53:46.552 t20480000400000000000
 20:53:46.553 t2058D18862027FFF5000
 20:53:46.651 t200821CE8F3E0044CA00
 20:53:46.652 t201845148F0EF1F1F17A
 20:53:46.652 t2028645D8F1601F100FB
 20:53:46.652 t203882FB8F220597FDFF
 20:53:46.652 t20480000800000000000
 20:53:46.652 t2058D188A2027FFF5000
 20:53:46.751 t200821D1CF3E0044CA00
 20:53:46.752 t201840C2CF0EF1F9A979
 20:53:46.752 t2028645DCF1AF1F100FB
 20:53:46.752 t203883C9CF2203182A0C
 20:53:46.752 t20480000C00000000000
 20:53:46.752 t2058D188E2027FFF5000
 20:53:46.852 t200821D40F3E0044CA00
 20:53:46.852 t2018445D0F0EF1F1F17B
 20:53:46.852 t20286A970A3E49F900F9
 20:53:46.852 t203884240F2203A8420E
 20:53:46.853 t20480000000000000000
 20:53:46.853 t2058D18822027FFF5000
 20:53:46.952 t200821D74F3E0044CA00
 20:53:46.952 t201845144F0EF1F1F17A
 20:53:46.952 t2028645D4F1601F100FB
 20:53:46.952 t203884BD4F2204E83A0E
 20:53:46.953 t20480000400000000000
 20:53:46.953 t2058D18862027FFF5000
 20:53:47.051 t200821DA8F3E0044CA00
 20:53:47.052 t201840C28F0EF1F9A979
 20:53:47.052 t2028645D8F1AF1F100FB
 20:53:47.052 t203885118F2200483E10
 20:53:47.052 t20480000800000000000
 20:53:47.052 t2058D188A2027FFF5000
 20:53:47.152 t200821DCCF3E0044CA00
 20:53:47.152 t2018445DCF0EF1F1F17B
 20:53:47.152 t20286A97CA3E49F900F9
 20:53:47.152 t20388526CF223FF83FFF
 20:53:47.152 t20480000C00000000000
 20:53:47.152 t2058D188E2027FFF5000
 20:53:47.251 t200821DF0F3E0044CA00
 20:53:47.251 t201845140F0EF1F1F17A
 20:53:47.252 t2028645D0F1601F100FB
 20:53:47.252 t203881690F220617FDFF
 20:53:47.252 t20480000000000000000
 20:53:47.252 t2058D18822027FFF5000
 20:53:47.351 t200821E24F3E0044CA00
 20:53:47.351 t201840C24F0EF1F9A979
 20:53:47.351 t2028645D4F1AF1F100FB
 20:53:47.352 t203882754F2201C7FDFF
 20:53:47.352 t20480000400000000000
 20:53:47.352 t2058D18862027FFF5000
 20:53:47.451 t200821E58F3E0044CA00
 20:53:47.452 t2018445D8F0EF1F1F17B
 20:53:47.452 t20286A978A3E49F900F9
 20:53:47.452 t203882FB8F220597FDFF
 20:53:47.452 t20480000800000000000
 20:53:47.452 t2058D188A2027FFF5000
 20:53:47.551 t200821E7CF3E0044CA00
 20:53:47.552 t20184514CF0EF1F1F17A
 20:53:47.552 t2028645DCF1601F100FB
 20:53:47.552 t203883C9CF2203182A0C
 20:53:47.552 t20480000C00000000000
 20:53:47.552 t2058D188E2027FFF5000
 20:53:47.651 t200821EA0F3E0044CA00
 20:53:47.652 t201840C20F0EF1F9A979
 20:53:47.652 t2028645D0F1AF1F100FB
 20:53:47.652 t203884240F2203A8420E
 20:53:47.652 t20480000000000000000
 20:53:47.652 t2058D18822027FFF5000
 20:53:47.751 t200821ED4F3E0044CA00
 20:53:47.752 t2018445D4F0EF1F1F17B
 20:53:47.752 t20286A974A3E49F900F9
 20:53:47.752 t203884BD4F2204E83A0E
 20:53:47.752 t20480000400000000000
 20:53:47.752 t2058D18862027FFF5000
 20:53:47.851 t200821F08F3E0044CA00
 20:53:47.851 t201845148F0EF1F1F17A
 20:53:47.851 t2028645D8F1601F100FB
 20:53:47.851 t203885118F2200483E10
 20:53:47.852 t20480000800000000000
 20:53:47.852 t2058D188A2027FFF5000
 20:53:47.951 t200821F3CF3E0044CA00
 20:53:47.951 t201840C2CF0EF1F9A979
 20:53:47.951 t2028645DCF1AF1F100FB
 20:53:47.951 t20388526CF223FF83FFF
 20:53:47.952 t20480000C00000000000
 20:53:47.952 t2058D188E2027FFF5000
 20:53:48.051 t200821F50F3E0044CA00
 20:53:48.051 t2018445D0F0EF1F1F17B
 20:53:48.051 t20286A970A3E49F900F9
 20:53:48.051 t203881690F220617FDFF
 20:53:48.051 t20480000000000000000
 20:53:48.052 t2058D18822027FFF5000
 20:53:48.151 t200821F84F3E0044CA00
 20:53:48.151 t201845144F0EF1F1F17A
 20:53:48.152 t2028645D4F1601F100FB
 20:53:48.152 t203882754F2201C7FDFF
 20:53:48.152 t20480000400000000000
 20:53:48.152 t2058D18862027FFF5000
 20:53:48.251 t200821FB8F3E0044CA00
 20:53:48.251 t201840C28F0EF1F9A979
 20:53:48.252 t2028645D8F1AF1F100FB
 20:53:48.252 t203882FB8F220597FDFF
 20:53:48.252 t20480000800000000000
 20:53:48.252 t2058D188A2027FFF5000
 20:53:48.352 t200821FECF3E0044CA00
 20:53:48.352 t2018445DCF0EF1F1F17B
 20:53:48.353 t20286A97CA3E49F900F9
 20:53:48.353 t203883C9CF2203182A0C
 20:53:48.353 t20480000C00000000000
 20:53:48.353 t2058D188E2027FFF5000
 20:53:48.452 t200822000F3E0044CA00
 20:53:48.452 t201845140F0EF1F1F17A
 20:53:48.453 t2028645D0F1601F100FB
 20:53:48.453 t203884240F2203A8420E
 20:53:48.453 t20480000000000000000
 20:53:48.453 t2058D18822027FFF5000
 20:53:48.552 t200822034F3E0044CA00
 20:53:48.552 t201840C24F0EF1F9A979
 20:53:48.552 t2028645D4F1AF1F100FB
 20:53:48.553 t203884BD4F2204E83A0E
 20:53:48.553 t20480000400000000000
 20:53:48.553 t2058D18862027FFF5000
 20:53:48.652 t200822068F3E0044CA00
 20:53:48.652 t2018445D8F0EF1F1F17B
 20:53:48.652 t20286A978A3E49F900F9
 20:53:48.652 t203885118F2200483E10
 20:53:48.652 t20480000800000000000
 20:53:48.652 t2058D188A2027FFF5000
 20:53:48.752 t20082209CF3E0044CA00
 20:53:48.752 t20184514CF0EF1F1F17A
 20:53:48.752 t2028645DCF1601F100FB
 20:53:48.752 t20388526CF223FF83FFF
 20:53:48.752 t20480000C00000000000
 20:53:48.752 t2058D188E2027FFF5000
 20:53:48.852 t2008220C0F3E0044CA00
 20:53:48.852 t201840C20F0EF1F9A979
 20:53:48.852 t2028645D0F1AF1F100FB
 20:53:48.853 t203881690F220617FDFF
 20:53:48.853 t20480000000000000000
 20:53:48.853 t2058D18822027FFF5000
 20:53:48.952 t2008220E4F3E0044CA00
 20:53:48.952 t2018445D4F0EF1F1F17B
 20:53:48.953 t20286A974A3E49F900F9
 20:53:48.953 t203882754F2201C7FDFF
 20:53:48.953 t20480000400000000000
 20:53:48.953 t2058D18862027FFF5000
 20:53:49.052 t200822118F3E0044CA00
 20:53:49.052 t201845148F0EF1F1F17A
 20:53:49.053 t2028645D8F1601F100FB
 20:53:49.053 t203882FB8F220597FDFF
 20:53:49.053 t20480000800000000000
 20:53:49.053 t2058D188A2027FFF5000
 20:53:49.152 t20082214CF3E0044CA00
 20:53:49.152 t201840C2CF0EF1F9A979
 20:53:49.153 t2028645DCF1AF1F100FB
 20:53:49.153 t203883C9CF2203182A0C
 20:53:49.153 t20480000C00000000000
 20:53:49.153 t2058D188E2027FFF5000
 20:53:49.252 t200822170F3E0044CA00
 20:53:49.252 t2018445D0F0EF1F1F17B
 20:53:49.252 t20286A970A3E49F900F9
 20:53:49.252 t203884240F2203A8420E
 20:53:49.253 t20480000000000000000
 20:53:49.253 t2058D18822027FFF5000
 20:53:49.352 t200822194F3E0044CA00
 20:53:49.352 t201845144F0EF1F1F17A
 20:53:49.352 t2028645D4F1601F100FB
 20:53:49.352 t203884BD4F2204E83A0E
 20:53:49.352 t20480000400000000000
 20:53:49.352 t2058D18862027FFF5000
 20:53:49.452 t2008221C8F3E0044CA00
 20:53:49.452 t201840C28F0EF1F9A979
 20:53:49.452 t2028645D8F1AF1F100FB
 20:53:49.452 t203885118F2200483E10
 20:53:49.453 t20480000800000000000
 20:53:49.453 t2058D188A2027FFF5000
 20:53:49.552 t2008221FCF3E0044CA00
 20:53:49.552 t2018445DCF0EF1F1F17B
 20:53:49.552 t20286A97CA3E49F900F9
 20:53:49.552 t20388526CF223FF83FFF
 20:53:49.553 t20480000C00000000000
 20:53:49.553 t2058D188E2027FFF5000
 20:53:49.652 t200822220F3E0044CA00
 20:53:49.652 t201845140F0EF1F1F17A
 20:53:49.652 t2028645D0F1601F100FB
 20:53:49.652 t203881690F220617FDFF
 20:53:49.652 t20480000000000000000
 20:53:49.652 t2058D18822027FFF5000
 20:53:49.752 t200822254F3E0044CA00
 20:53:49.752 t201840C24F0EF1F9A979
 20:53:49.752 t2028645D4F1AF1F100FB
 20:53:49.752 t203882754F2201C7FDFF
 20:53:49.752 t20480000400000000000
 20:53:49.752 t2058D18862027FFF5000
 20:53:49.852 t200822278F3E0044CA00
 20:53:49.852 t2018445D8F0EF1F1F17B
 20:53:49.852 t20286A978A3E49F900F9
 20:53:49.852 t203882FB8F220597FDFF
 20:53:49.852 t20480000800000000000
 20:53:49.852 t2058D188A2027FFF5000
 20:53:49.951 t2008222ACF3E0044CA00
 20:53:49.952 t20184514CF0EF1F1F17A
 20:53:49.952 t2028645DCF1601F100FB
 20:53:49.952 t203883C9CF2203182A0C
 20:53:49.952 t20480000C00000000000
 20:53:49.952 t2058D188E2027FFF5000
 20:53:50.051 t2008222D0F3E0044CA00
 20:53:50.052 t201840C20F0EF1F9A979
 20:53:50.052 t2028645D0F1AF1F100FB
 20:53:50.052 t203884240F2203A8420E
 20:53:50.052 t20480000000000000000
 20:53:50.052 t2058D18822027FFF5000
 20:53:50.151 t200822304F3E0044CA00
 20:53:50.152 t2018445D4F0EF1F1F17B
 20:53:50.152 t20286A974A3E49F900F9
 20:53:50.152 t203884BD4F2204E83A0E
 20:53:50.152 t20480000400000000000
 20:53:50.152 t2058D18862027FFF5000
 20:53:50.252 t200822328F3E0044CA00
 20:53:50.252 t201845148F0EF1F1F17A
 20:53:50.252 t2028645D8F1601F100FB
 20:53:50.252 t203885118F2200483E10
 20:53:50.253 t20480000800000000000
 20:53:50.253 t2058D188A2027FFF5000
 20:53:50.352 t20082235CF3E0044CA00
 20:53:50.352 t201840C2CF0EF1F9A979
 20:53:50.352 t2028645DCF1AF1F100FB
 20:53:50.352 t20388526CF223FF83FFF
 20:53:50.353 t20480000C00000000000
 20:53:50.353 t2058D188E2027FFF5000
 20:53:50.452 t200822380F3E0044CA00
 20:53:50.452 t2018445D0F0EF1F1F17B
 20:53:50.452 t20286A970A3E49F900F9
 20:53:50.452 t203881690F220617FDFF
 20:53:50.452 t20480000000000000000
 20:53:50.453 t2058D18822027FFF5000
 20:53:50.552 t2008223B4F3E0044CA00
 20:53:50.552 t201845144F0EF1F1F17A
 20:53:50.552 t2028645D4F1601F100FB
 20:53:50.552 t203882754F2201C7FDFF
 20:53:50.552 t20480000400000000000
 20:53:50.553 t2058D18862027FFF5000
 20:53:50.651 t2008223E8F3E0044CA00
 20:53:50.651 t201840C28F0EF1F9A979
 20:53:50.652 t2028645D8F1AF1F100FB
 20:53:50.652 t203882FB8F220597FDFF
 20:53:50.652 t20480000800000000000
 20:53:50.652 t2058D188A2027FFF5000
 20:53:50.751 t20082240CF3E0044CA00
 20:53:50.751 t2018445DCF0EF1F1F17B
 20:53:50.752 t20286A97CA3E49F900F9
 20:53:50.752 t203883C9CF2203182A0C
 20:53:50.752 t20480000C00000000000
 20:53:50.752 t2058D188E2027FFF5000
 20:53:50.851 t200822430F3E0044CA00
 20:53:50.851 t201845140F0EF1F1F17A
 20:53:50.852 t2028645D0F1601F100FB
 20:53:50.852 t203884240F2203A8420E
 20:53:50.852 t20480000000000000000
 20:53:50.852 t2058D18822027FFF5000
 20:53:50.951 t200822464F3E0044CA00
 20:53:50.952 t201840C24F0EF1F9A979
 20:53:50.952 t2028645D4F1AF1F100FB
 20:53:50.952 t203884BD4F2204E83A0E
 20:53:50.952 t20480000400000000000
 20:53:50.952 t2058D18862027FFF5000
 20:53:51.051 t200822498F3E0044CA00
 20:53:51.051 t2018445D8F0EF1F1F17B
 20:53:51.052 t20286A978A3E49F900F9
 20:53:51.052 t203885118F2200483E10
 20:53:51.052 t20480000800000000000
 20:53:51.052 t2058D188A2027FFF5000
 20:53:51.151 t2008224BCF3E0044CA00
 20:53:51.151 t20184514CF0EF1F1F17A
 20:53:51.151 t2028645DCF1601F100FB
 20:53:51.152 t20388526CF223FF83FFF
 20:53:51.152 t20480000C00000000000
 20:53:51.152 t2058D188E2027FFF5000
 20:53:51.251 t2008224E0F3E0044CA00
 20:53:51.252 t201840C20F0EF1F9A979
 20:53:51.252 t2028645D0F1AF1F100FB
 20:53:51.252 t203881690F220617FDFF
 20:53:51.252 t20480000000000000000
 20:53:51.253 t2058D18822027FFF5000
 20:53:51.351 t200822514F3E0044CA00
 20:53:51.351 t2018445D4F0EF1F1F17B
 20:53:51.351 t20286A974A3E49F900F9
 20:53:51.351 t203885264F200C283E07
 20:53:51.352 t20480000400000000000
 20:53:51.352 t2058D18862027FFF5000
 20:53:51.451 t200822548F3E0044CA00
 20:53:51.451 t201845148F0EF1F1F17A
 20:53:51.451 t2028645D8F1601F100FB
 20:53:51.451 t203885FE8F2005B801FF
 20:53:51.452 t20480000800000000000
 20:53:51.452 t2058D188A2027FFF5000
 20:53:51.551 t20082257CF3E0044CA00
 20:53:51.552 t201840C2CF0EF1F9A979
 20:53:51.552 t2028645DCF1AF1F100FB
 20:53:51.552 t20388275CF2201C7FDFF
 20:53:51.552 t20480000C00000000000
 20:53:51.552 t2058D188E2027FFF5000
 20:53:51.651 t200822590F3E0044CA00
 20:53:51.652 t2018445D0F0EF1F1F17B
 20:53:51.652 t20286A970A3E49F900F9
 20:53:51.652 t203882FB0F220597FDFF
 20:53:51.652 t20480000000000000000
 20:53:51.653 t2058D18822027FFF5000
 20:53:51.751 t2008225C4F3E0044CA00
 20:53:51.751 t201845144F0EF1F1F17A
 20:53:51.752 t2028645D4F1601F100FB
 20:53:51.752 t203883C94F2203182A0C
 20:53:51.752 t20480000400000000000
 20:53:51.752 t2058D18862027FFF5000
 20:53:51.851 t2008225F8F3E0044CA00
 20:53:51.851 t201840C28F0EF1F9A979
 20:53:51.852 t2028645D8F1AF1F100FB
 20:53:51.852 t203884248F2203A8420E
 20:53:51.852 t20480000800000000000
 20:53:51.852 t2058D188A2027FFF5000
 20:53:51.951 t20082262CF3E0044CA00
 20:53:51.951 t2018445DCF0EF1F1F17B
 20:53:51.952 t20286A97CA3E49F900F9
 20:53:51.952 t203884BDCF2204E83A0E
 20:53:51.952 t20480000C00000000000
 20:53:51.952 t2058D188E2027FFF5000
 20:53:52.051 t200822640F3E0044CA00
 20:53:52.051 t201845140F0EF1F1F17A
 20:53:52.051 t2028645D0F1601F100FB
 20:53:52.051 t203885110F2200483E10
 20:53:52.051 t20480000000000000000
 20:53:52.051 t2058D18822027FFF5000
 20:53:52.152 t200822674F3E0044CA00
 20:53:52.152 t201840C24F0EF1F9A979
 20:53:52.152 t2028645D4F1AF1F100FB
 20:53:52.152 t203885264F220C283E07
 20:53:52.152 t20480000400000000000
 20:53:52.152 t2058D18862027FFF5000
 20:53:52.252 t2008226A8F3E0044CA00
 20:53:52.252 t2018445D8F0EF1F1F17B
 20:53:52.252 t20286A978A3E49F900F9
 20:53:52.253 t203885FE8F2205B801FF
 20:53:52.253 t20480000800000000000
 20:53:52.253 t2058D188A2027FFF5000
 20:53:52.352 t2008226DCF3E0044CA00
 20:53:52.352 t20184514CF0EF1F1F17A
 20:53:52.353 t2028645DCF1601F100FB
 20:53:52.353 t20388275CF2201C7FDFF
 20:53:52.353 t20480000C00000000000
 20:53:52.353 t2058D188E2027FFF5000
 20:53:52.452 t200822700F3E0044CA00
 20:53:52.452 t201840C20F0EF1F9A979
 20:53:52.452 t2028645D0F1AF1F100FB
 20:53:52.452 t203882FB0F220597FDFF
 20:53:52.452 t20480000000000000000
 20:53:52.453 t2058D18822027FFF5000
 20:53:52.552 t200822724F3E0044CA00
 20:53:52.552 t2018445D4F0EF1F1F17B
 20:53:52.553 t20286A974A3E49F900F9
 20:53:52.553 t203883C94F2203182A0C
 20:53:52.553 t20480000400000000000
 20:53:52.553 t2058D18862027FFF5000
 20:53:52.652 t200822758F3E0044CA00
 20:53:52.652 t201845148F0EF1F1F17A
 20:53:52.652 t2028645D8F1601F100FB
 20:53:52.653 t203884248F2203A8420E
 20:53:52.653 t20480000800000000000
 20:53:52.653 t2058D188A2027FFF5000
 20:53:52.752 t20082278CF3E0044CA00
 20:53:52.752 t201840C2CF0EF1F9A979
 20:53:52.752 t2028645DCF1AF1F100FB
 20:53:52.752 t203884BDCF2204E83A0E
 20:53:52.752 t20480000C00000000000
 20:53:52.752 t2058D188E2027FFF5000
 20:53:52.852 t2008227B0F3E0044CA00
 20:53:52.852 t2018445D0F0EF1F1F17B
 20:53:52.852 t20286A970A3E49F900F9
 20:53:52.852 t203885110F2200483E10
 20:53:52.852 t20480000000000000000
 20:53:52.852 t2058D18822027FFF5000
 20:53:52.952 t2008227D4F3E0044CA00
 20:53:52.952 t201845144F0EF1F1F17A
 20:53:52.952 t2028645D4F1601F100FB
 20:53:52.953 t203885264F220C283E07
 20:53:52.953 t20480000400000000000
 20:53:52.953 t2058D18862027FFF5000
 20:53:53.052 t200822808F3E0044CA00
 20:53:53.052 t201840C28F0EF1F9A979
 20:53:53.052 t2028645D8F1AF1F100FB
 20:53:53.052 t203885FE8F2205B801FF
 20:53:53.052 t20480000800000000000
 20:53:53.052 t2058D188A2027FFF5000
 20:53:53.152 t20082283CF3E0044CA00
 20:53:53.152 t2018445DCF0EF1F1F17B
 20:53:53.152 t20286A97CA3E49F900F9
 20:53:53.153 t20388275CF2201C7FDFF
 20:53:53.153 t20480000C00000000000
 20:53:53.153 t2058D188E2027FFF5000
 20:53:53.252 t200822860F3E0044CA00
 20:53:53.252 t201845140F0EF1F1F17A
 20:53:53.252 t2028645D0F1601F100FB
 20:53:53.253 t203882FB0F220597FDFF
 20:53:53.253 t20480000000000000000
 20:53:53.253 t2058D18822027FFF5000
 20:53:53.352 t200822894F3E0044CA00
 20:53:53.352 t201840C24F0EF1F9A979
 20:53:53.352 t2028645D4F1AF1F100FB
 20:53:53.352 t203883C94F2203182A0C
 20:53:53.352 t20480000400000000000
 20:53:53.352 t2058D18862027FFF5000
 20:53:53.452 t2008228B8F3E0044CA00
 20:53:53.452 t2018445D8F0EF1F1F17B
 20:53:53.452 t20286A978A3E49F900F9
 20:53:53.452 t203884248F2203A8420E
 20:53:53.452 t20480000800000000000
 20:53:53.452 t2058D188A2027FFF5000
 20:53:53.552 t2008228ECF3E0044CA00
 20:53:53.552 t20184514CF0EF1F1F17A
 20:53:53.552 t2028645DCF1601F100FB
 20:53:53.552 t203884BDCF2204E83A0E
 20:53:53.553 t20480000C00000000000
 20:53:53.553 t2058D188E2027FFF5000
 20:53:53.652 t200822910F3E0044CA00
 20:53:53.652 t201840C20F0EF1F9A979
 20:53:53.652 t2028645D0F1AF1F100FB
 20:53:53.652 t203885110F2200483E10
 20:53:53.653 t20480000000000000000
 20:53:53.653 t2058D18822027FFF5000
 20:53:53.752 t200822944F3E0044CA00
 20:53:53.752 t2018445D4F0EF1F1F17B
 20:53:53.752 t20286A974A3E49F900F9
 20:53:53.752 t203885264F220C283E07
 20:53:53.753 t20480000400000000000
 20:53:53.753 t2058D18862027FFF5000
 20:53:53.852 t200822968F3E0044CA00
 20:53:53.852 t201845148F0EF1F1F17A
 20:53:53.852 t2028645D8F1601F100FB
 20:53:53.852 t203885FE8F2205B801FF
 20:53:53.853 t20480000800000000000
 20:53:53.853 t2058D188A2027FFF5000
 20:53:53.952 t20082299CF3E0044CA00
 20:53:53.952 t201840C2CF0EF1F9A979
 20:53:53.952 t2028645DCF1AF1F100FB
 20:53:53.952 t20388275CF2201C7FDFF
 20:53:53.953 t20480000C00000000000
 20:53:53.953 t2058D188E2027FFF5000
 20:53:54.051 t2008229C0F3E0044CA00
 20:53:54.052 t2018445D0F0EF1F1F17B
 20:53:54.052 t20286A970A3E49F900F9
 20:53:54.052 t203882FB0F220597FDFF
 20:53:54.052 t20480000000000000000
 20:53:54.052 t2058D18822027FFF5000
 20:53:54.151 t2008229F4F3E0044CA00
 20:53:54.151 t201845144F0EF1F1F17A
 20:53:54.152 t2028645D4F1601F100FB
 20:53:54.152 t203883C94F2203182A0C
 20:53:54.152 t20480000400000000000
 20:53:54.152 t2058D18862027FFF5000
 20:53:54.252 t200822A28F3E0044CA00
 20:53:54.252 t201840C28F0EF1F9A979
 20:53:54.252 t2028645D8F1AF1F100FB
 20:53:54.252 t203884248F2203A8420E
 20:53:54.252 t20480000800000000000
 20:53:54.252 t2058D188A2027FFF5000
 20:53:54.352 t200822A4CF3E0044CA00
 20:53:54.352 t2018445DCF0EF1F1F17B
 20:53:54.352 t20286A97CA3E49F900F9
 20:53:54.352 t203884BDCF2204E83A0E
 20:53:54.352 t20480000C00000000000
 20:53:54.353 t2058D188E2027FFF5000
 20:53:54.452 t200822A70F3E0044CA00
 20:53:54.452 t201845140F0EF1F1F17A
 20:53:54.452 t2028645D0F1601F100FB
 20:53:54.452 t203885110F2200483E10
 20:53:54.452 t20480000000000000000
 20:53:54.453 t2058D18822027FFF5000
 20:53:54.552 t200822AA4F3E0044CA00
 20:53:54.552 t201840C24F0EF1F9A979
 20:53:54.552 t2028645D4F1AF1F100FB
 20:53:54.552 t203885264F220C283E07
 20:53:54.552 t20480000400000000000
 20:53:54.553 t2058D18862027FFF5000
 20:53:54.651 t200822AD8F3E0044CA00
 20:53:54.652 t2018445D8F0EF1F1F17B
 20:53:54.652 t20286A978A3E49F900F9
 20:53:54.652 t203885FE8F2205B801FF
 20:53:54.652 t20480000800000000000
 20:53:54.653 t2058D188A2027FFF5000
 20:53:54.751 t200822AFCF3E0044CA00
 20:53:54.751 t20184514CF0EF1F1F17A
 20:53:54.751 t2028645DCF1601F100FB
 20:53:54.752 t20388275CF2201C7FDFF
 20:53:54.752 t20480000C00000000000
 20:53:54.752 t2058D188E2027FFF5000
 20:53:54.851 t200822B20F3E0044CA00
 20:53:54.851 t201840C20F0EF1F9A979
 20:53:54.851 t2028645D0F1AF1F100FB
 20:53:54.852 t203882FB0F220597FDFF
 20:53:54.852 t20480000000000000000
 20:53:54.852 t2058D18822027FFF5000
 20:53:54.951 t200822B54F3E0044CA00
 20:53:54.952 t2018445D4F0EF1F1F17B
 20:53:54.952 t20286A974A3E49F900F9
 20:53:54.952 t203883C94F2203182A0C
 20:53:54.952 t20480000400000000000
 20:53:54.953 t2058D18862027FFF5000
 20:53:55.051 t200822B88F3E0044CA00
 20:53:55.052 t201845148F0EF1F1F17A
 20:53:55.052 t2028645D8F1601F100FB
 20:53:55.052 t203884248F2203A8420E
 20:53:55.052 t20480000800000000000
 20:53:55.053 t2058D188A2027FFF5000
 20:53:55.151 t200822BBCF3E0044CA00
 20:53:55.151 t201840C2CF0EF1F9A979
 20:53:55.151 t2028645DCF1AF1F100FB
 20:53:55.152 t203884BDCF2204E83A0E
 20:53:55.152 t20480000C00000000000
 20:53:55.152 t2058D188E2027FFF5000
 20:53:55.251 t200822BD0F3E0044CA00
 20:53:55.252 t2018445D0F0EF1F1F17B
 20:53:55.252 t20286A970A3E49F900F9
 20:53:55.252 t203885110F2200483E10
 20:53:55.252 t20480000000000000000
 20:53:55.252 t2058D18822027FFF5000
 20:53:55.351 t200822C04F3E0044CA00
 20:53:55.351 t201845144F0EF1F1F17A
 20:53:55.351 t2028645D4F1601F100FB
 20:53:55.351 t203885264F220C283E07
 20:53:55.352 t20480000400000000000
 20:53:55.352 t2058D18862027FFF5000
 20:53:55.451 t200822C38F3E0044CA00
 20:53:55.451 t201840C28F0EF1F9A979
 20:53:55.451 t2028645D8F1AF1F100FB
 20:53:55.451 t203885FE8F2205B801FF
 20:53:55.452 t20480000800000000000
 20:53:55.452 t2058D188A2027FFF5000
 20:53:55.551 t200822C6CF3E0044CA00
 20:53:55.551 t2018445DCF0EF1F1F17B
 20:53:55.552 t20286A97CA3E49F900F9
 20:53:55.552 t20388275CF2201C7FDFF
 20:53:55.552 t20480000C00000000000
 20:53:55.552 t2058D188E2027FFF5000
 20:53:55.651 t200822C80F3E0044CA00
 20:53:55.651 t201845140F0EF1F1F17A
 20:53:55.651 t2028645D0F1601F100FB
 20:53:55.651 t203882FB0F220597FDFF
 20:53:55.651 t20480000000000000000
 20:53:55.652 t2058D18822027FFF5000
 20:53:55.751 t200822CB4F3E0044CA00
 20:53:55.751 t201840C24F0EF1F9A979
 20:53:55.752 t2028645D4F1AF1F100FB
 20:53:55.752 t203883C94F2203182A0C
 20:53:55.752 t20480000400000000000
 20:53:55.752 t2058D18862027FFF5000
 20:53:55.851 t200822CE8F3E0044CA00
 20:53:55.851 t2018445D8F0EF1F1F17B
 20:53:55.852 t20286A978A3E49F900F9
 20:53:55.852 t203884248F2203A8420E
 20:53:55.852 t20480000800000000000
 20:53:55.852 t2058D188A2027FFF5000
 20:53:55.951 t200822D1CF3E0044CA00
 20:53:55.951 t20184514CF0EF1F1F17A
 20:53:55.952 t2028645DCF1601F100FB
 20:53:55.952 t203884BDCF2204E83A0E
 20:53:55.952 t20480000C00000000000
 20:53:55.952 t2058D188E2027FFF5000
 20:53:56.051 t200822D40F3E0044CA00
 20:53:56.051 t201840C20F0EF1F9A979
 20:53:56.051 t2028645D0F1AF1F100FB
 20:53:56.051 t203885110F2200483E10
 20:53:56.051 t20480000000000000000
 20:53:56.051 t2058D18822027FFF5000
 20:53:56.151 t200822D64F3E0044CA00
 20:53:56.151 t2018445D4F0EF1F1F17B
 20:53:56.151 t20286A974A3E49F900F9
 20:53:56.151 t203885264F220C283E07
 20:53:56.151 t20480000400000000000
 20:53:56.151 t2058D18862027FFF5000
 20:53:56.252 t200822D98F3E0044CA00
 20:53:56.252 t201845148F0EF1F1F17A
 20:53:56.252 t2028645D8F1601F100FB
 20:53:56.253 t203885FE8F2205B801FF
 20:53:56.253 t20480000800000000000
 20:53:56.253 t2058D188A2027FFF5000
 20:53:56.352 t200822DCCF3E0044CA00
 20:53:56.352 t201840C2CF0EF1F9A979
 20:53:56.352 t2028645DCF1AF1F100FB
 20:53:56.353 t20388275CF2201C7FDFF
 20:53:56.353 t20480000C00000000000
 20:53:56.353 t2058D188E2027FFF5000
 20:53:56.452 t200822DF0F3E0044CA00
 20:53:56.452 t2018445D0F0EF1F1F17B
 20:53:56.452 t20286A970A3E49F900F9
 20:53:56.453 t203882FB0F220597FDFF
 20:53:56.453 t20480000000000000000
 20:53:56.453 t2058D18822027FFF5000
 20:53:56.552 t200822E14F3E0044CA00
 20:53:56.552 t201845144F0EF1F1F17A
 20:53:56.553 t2028645D4F1601F100FB
 20:53:56.553 t203883C94F2203182A0C
 20:53:56.553 t20480000400000000000
 20:53:56.553 t2058D18862027FFF5000
 20:53:56.652 t200822E48F3E0044CA00
 20:53:56.652 t201840C28F0EF1F9A979
 20:53:56.652 t2028645D8F1AF1F100FB
 20:53:56.652 t203884248F2203A8420E
 20:53:56.653 t20480000800000000000
 20:53:56.653 t2058D188A2027FFF5000
 20:53:56.752 t200822E7CF3E0044CA00
 20:53:56.752 t2018445DCF0EF1F1F17B
 20:53:56.752 t20286A97CA3E49F900F9
 20:53:56.752 t203884BDCF2204E83A0E
 20:53:56.752 t20480000C00000000000
 20:53:56.752 t2058D188E2027FFF5000
 20:53:56.852 t200822EA0F3E0044CA00
 20:53:56.852 t201845140F0EF1F1F17A
 20:53:56.852 t2028645D0F1601F100FB
 20:53:56.852 t203885110F2200483E10
 20:53:56.853 t20480000000000000000
 20:53:56.853 t2058D18822027FFF5000
 20:53:56.952 t200822ED4F3E0044CA00
 20:53:56.952 t201840C24F0EF1F9A979
 20:53:56.952 t2028645D4F1AF1F100FB
 20:53:56.953 t203885264F220C283E07
 20:53:56.953 t20480000400000000000
 20:53:56.953 t2058D18862027FFF5000
 20:53:57.052 t200822EF8F3E0044CA00
 20:53:57.052 t2018445D8F0EF1F1F17B
 20:53:57.052 t20286A978A3E49F900F9
 20:53:57.053 t203885FE8F2205B801FF
 20:53:57.053 t20480000800000000000
 20:53:57.053 t2058D188A2027FFF5000
 20:53:57.152 t200822F2CF3E0044CA00
 20:53:57.152 t20184514CF0EF1F1F17A
 20:53:57.152 t2028645DCF1601F100FB
 20:53:57.153 t20388275CF2201C7FDFF
 20:53:57.153 t20480000C00000000000
 20:53:57.153 t2058D188E2027FFF5000
 20:53:57.252 t200822F50F3E0044CA00
 20:53:57.252 t201840C20F0EF1F9A979
 20:53:57.252 t2028645D0F1AF1F100FB
 20:53:57.252 t203882FB0F220597FDFF
 20:53:57.252 t20480000000000000000
 20:53:57.252 t2058D18822027FFF5000
 20:53:57.352 t200822F84F3E0044CA00
 20:53:57.352 t2018445D4F0EF1F1F17B
 20:53:57.352 t20286A974A3E49F900F9
 20:53:57.353 t203883C94F2203182A0C
 20:53:57.353 t20480000400000000000
 20:53:57.353 t2058D18862027FFF5000
 20:53:57.452 t200822FA8F3E0044CA00
 20:53:57.452 t201845148F0EF1F1F17A
 20:53:57.452 t2028645D8F1601F100FB
 20:53:57.452 t203884248F2203A8420E
 20:53:57.452 t20480000800000000000
 20:53:57.452 t2058D188A2027FFF5000
 20:53:57.552 t200822FDCF3E0044CA00
 20:53:57.552 t201840C2CF0EF1F9A979
 20:53:57.552 t2028645DCF1AF1F100FB
 20:53:57.552 t203884BDCF2204E83A0E
 20:53:57.553 t20480000C00000000000
 20:53:57.553 t2058D188E2027FFF5000
 20:53:57.652 t200823000F3E0044CA00
 20:53:57.652 t2018445D0F0EF1F1F17B
 20:53:57.652 t20286A970A3E49F900F9
 20:53:57.652 t203885110F2200483E10
 20:53:57.653 t20480000000000000000
 20:53:57.653 t2058D18822027FFF5000
 20:53:57.752 t200823034F3E0044CA00
 20:53:57.752 t201845144F0EF1F1F17A
 20:53:57.752 t2028645D4F1601F100FB
 20:53:57.752 t203885264F220C283E07
 20:53:57.753 t20480000400000000000
 20:53:57.753 t2058D18862027FFF5000
 20:53:57.852 t200823068F3E0044CA00
 20:53:57.852 t201840C28F0EF1F9A979
 20:53:57.852 t2028645D8F1AF1F100FB
 20:53:57.852 t203885FE8F2205B801FF
 20:53:57.853 t20480000800000000000
 20:53:57.853 t2058D188A2027FFF5000
 20:53:57.952 t20082308CF3E0044CA00
 20:53:57.952 t2018445DCF0EF1F1F17B
 20:53:57.952 t20286A97CA3E49F900F9
 20:53:57.952 t20388275CF2201C7FDFF
 20:53:57.953 t20480000C00000000000
 20:53:57.953 t2058D188E2027FFF5000
 20:53:58.051 t2008230B0F3E0044CA00
 20:53:58.052 t201845140F0EF1F1F17A
 20:53:58.052 t2028645D0F1601F100FB
 20:53:58.052 t203882FB0F220597FDFF
 20:53:58.052 t20480000000000000000
 20:53:58.052 t2058D18822027FFF5000
 20:53:58.151 t2008230E4F3E0044CA00
 20:53:58.152 t201840C24F0EF1F9A979
 20:53:58.152 t2028645D4F1AF1F100FB
 20:53:58.152 t203883C94F2203182A0C
 20:53:58.152 t20480000400000000000
 20:53:58.152 t2058D18862027FFF5000
 20:53:58.251 t200823118F3E0044CA00
 20:53:58.252 t2018445D8F0EF1F1F17B
 20:53:58.252 t20286A978A3E49F900F9
 20:53:58.252 t203884248F2203A8420E
 20:53:58.252 t20480000800000000000
 20:53:58.252 t2058D188A2027FFF5000
 20:53:58.352 t20082313CF3E0044CA00
 20:53:58.352 t20184514CF0EF1F1F17A
 20:53:58.352 t2028645DCF1601F100FB
 20:53:58.352 t203884BDCF2204E83A0E
 20:53:58.352 t20480000C00000000000
 20:53:58.353 t2058D188E2027FFF5000
 20:53:58.451 t200823160F3E0044CA00
 20:53:58.452 t201840C20F0EF1F9A979
 20:53:58.452 t2028645D0F1AF1F100FB
 20:53:58.452 t203885110F2200483E10
 20:53:58.452 t20480000000000000000
 20:53:58.452 t2058D18822027FFF5000
 20:53:58.551 t200823194F3E0044CA00
 20:53:58.552 t2018445D4F0EF1F1F17B
 20:53:58.552 t20286A974A3E49F900F9
 20:53:58.552 t203886674F2002C7FDFD
 20:53:58.552 t20480000400000000000
 20:53:58.552 t2058D18862027FFF5000
 20:53:58.651 t2008231C8F3E0044CA00
 20:53:58.652 t201845148F0EF1F1F17A
 20:53:58.652 t2028645D8F1601F100FB
 20:53:58.652 t203886D18F203FF7E7FF
 20:53:58.652 t20480000800000000000
 20:53:58.652 t2058D188A2027FFF5000
 20:53:58.751 t2008231FCF3E0044CA00
 20:53:58.751 t201840C2CF0EF1F9A979
 20:53:58.752 t2028645DCF1AF1F100FB
 20:53:58.752 t203882FBCF220597FDFF
 20:53:58.752 t20480000C00000000000
 20:53:58.752 t2058D188E2027FFF5000
 20:53:58.851 t200823210F3E0044CA00
 20:53:58.851 t2018445D0F0EF1F1F17B
 20:53:58.851 t20286A970A3E49F900F9
 20:53:58.851 t203883C90F2203182A0C
 20:53:58.852 t20480000000000000000
 20:53:58.852 t2058D18822027FFF5000
 20:53:58.951 t200823244F3E0044CA00
 20:53:58.952 t201845144F0EF1F1F17A
 20:53:58.952 t2028645D4F1601F100FB
 20:53:58.952 t203884244F2203A8420E
 20:53:58.952 t20480000400000000000
 20:53:58.952 t2058D18862027FFF5000
 20:53:59.051 t200823278F3E0044CA00
 20:53:59.051 t201840C28F0EF1F9A979
 20:53:59.052 t2028645D8F1AF1F100FB
 20:53:59.052 t203884BD8F2204E83A0E
 20:53:59.052 t20480000800000000000
 20:53:59.052 t2058D188A2027FFF5000
 20:53:59.151 t2008232ACF3E0044CA00
 20:53:59.152 t2018445DCF0EF1F1F17B
 20:53:59.152 t20286A97CA3E49F900F9
 20:53:59.152 t20388511CF2200483E10
 20:53:59.153 t20480000C00000000000
 20:53:59.153 t2058D188E2027FFF5000
 20:53:59.251 t2008232C0F3E0044CA00
 20:53:59.251 t201845140F0EF1F1F17A
 20:53:59.252 t2028645D0F1601F100FB
 20:53:59.252 t203885260F220C283E07
 20:53:59.252 t20480000000000000000
 20:53:59.252 t2058D18822027FFF5000
 20:53:59.351 t2008232F4F3E0044CA00
 20:53:59.351 t201840C24F0EF1F9A979
 20:53:59.352 t2028645D4F1AF1F100FB
 20:53:59.352 t203885FE4F2205B801FF
 20:53:59.352 t20480000400000000000
 20:53:59.352 t2058D18862027FFF5000
 20:53:59.451 t200823328F3E0044CA00
 20:53:59.451 t2018445D8F0EF1F1F17B
 20:53:59.451 t20286A978A3E49F900F9
 20:53:59.451 t203886678F2202C7FDFD
 20:53:59.451 t20480000800000000000
 20:53:59.452 t2058D188A2027FFF5000
 20:53:59.551 t20082335CF3E0044CA00
 20:53:59.551 t20184514CF0EF1F1F17A
 20:53:59.551 t2028645DCF1601F100FB
 20:53:59.551 t203886D1CF223FF7E7FF
 20:53:59.551 t20480000C00000000000
 20:53:59.552 t2058D188E2027FFF5000
 20:53:59.651 t200823380F3E0044CA00
 20:53:59.651 t201840C20F0EF1F9A979
 20:53:59.651 t2028645D0F1AF1F100FB
 20:53:59.651 t203882FB0F220597FDFF
 20:53:59.651 t20480000000000000000
 20:53:59.651 t2058D18822027FFF5000
 20:53:59.751 t2008233A4F3E0044CA00
 20:53:59.751 t2018445D4F0EF1F1F17B
 20:53:59.751 t20286A974A3E49F900F9
 20:53:59.752 t203883C94F2203182A0C
 20:53:59.752 t20480000400000000000
 20:53:59.752 t2058D18862027FFF5000
 20:53:59.851 t2008233D8F3E0044CA00
 20:53:59.851 t201845148F0EF1F1F17A
 20:53:59.851 t2028645D8F1601F100FB
 20:53:59.851 t203884248F2203A8420E
 20:53:59.851 t20480000800000000000
 20:53:59.852 t2058D188A2027FFF5000
 20:53:59.951 t20082340CF3E0044CA00
 20:53:59.951 t201840C2CF0EF1F9A979
 20:53:59.951 t2028645DCF1AF1F100FB
 20:53:59.952 t203884BDCF2204E83A0E
 20:53:59.952 t20480000C00000000000
 20:53:59.952 t2058D188E2027FFF5000
 20:54:00.051 t200823430F3E0044CA00
 20:54:00.051 t2018445D0F0EF1F1F17B
 20:54:00.051 t20286A970A3E49F900F9
 20:54:00.051 t203885110F2200483E10
 20:54:00.051 t20480000000000000000
 20:54:00.051 t2058D18822027FFF5000
 20:54:00.151 t200823454F3E0044CA00
 20:54:00.151 t2018472D4F0CF1F1F17B
 20:54:00.151 t2028645D4F1601F100FB
 20:54:00.151 t203885264F220C283E07
 20:54:00.151 t20480000400000000000
 20:54:00.151 t2058D18862027FFF5000
 20:54:00.252 t200823488F3E0044CA00
 20:54:00.252 t201840C28F0EF1F9A979
 20:54:00.252 t2028645D8F1AF1F100FB
 20:54:00.252 t203885FE8F2205B801FF
 20:54:00.253 t20480000800000000000
 20:54:00.253 t2058D188A2027FFF5000
 20:54:00.352 t2008234BCF3E0044CA00
 20:54:00.352 t2018445DCF0EF1F1F17B
 20:54:00.353 t20286A97CA3E49F900F9
 20:54:00.353 t20388667CF2202C7FDFD
 20:54:00.353 t20480000C00000000000
 20:54:00.353 t2058D188E2027FFF5000
 20:54:00.452 t2008234E0F3E0044CA00
 20:54:00.452 t201845140F0EF1F1F17A
 20:54:00.452 t2028645D0F1601F100FB
 20:54:00.452 t203886D10F223FF7E7FF
 20:54:00.452 t20480000000000000000
 20:54:00.452 t2058D18822027FFF5000
 20:54:00.552 t200823514F3E0044CA00
 20:54:00.552 t2018472D4F0EF1F1F17B
 20:54:00.552 t2028645D4F1AF1F100FB
 20:54:00.553 t203882FB4F220597FDFF
 20:54:00.553 t20480000400000000000
 20:54:00.553 t2058D18862027FFF5000
 20:54:00.652 t200823538F3E0044CA00
 20:54:00.652 t201840C28F0EF1F9A979
 20:54:00.652 t20286A978A3E49F900F9
 20:54:00.653 t203883C98F2203182A0C
 20:54:00.653 t20480000800000000000
 20:54:00.653 t2058D188A2027FFF5000
 20:54:00.752 t20082356CF3E0044CA00
 20:54:00.752 t2018445DCF0EF1F1F17B
 20:54:00.752 t2028645DCF1601F100FB
 20:54:00.752 t20388424CF2203A8420E
 20:54:00.753 t20480000C00000000000
 20:54:00.753 t2058D188E2027FFF5000
 20:54:00.852 t200823590F3E0044CA00
 20:54:00.852 t201845140F0EF1F1F17A
 20:54:00.852 t2028645D0F1AF1F100FB
 20:54:00.852 t203884BD0F2204E83A0E
 20:54:00.852 t20480000000000000000
 20:54:00.852 t2058D18822027FFF5000
 20:54:00.952 t2008235C4F3E0044CA00
 20:54:00.952 t2018472D4F0EF1F1F17B
 20:54:00.952 t20286A974A3E49F900F9
 20:54:00.952 t203885114F2200483E10
 20:54:00.953 t20480000400000000000
 20:54:00.953 t2058D18862027FFF5000
 20:54:01.052 t2008235E8F3E0044CA00
 20:54:01.052 t201840C28F0EF1F9A979
 20:54:01.052 t2028645D8F1601F100FB
 20:54:01.052 t203885268F220C283E07
 20:54:01.053 t20480000800000000000
 20:54:01.053 t2058D188A2027FFF5000
 20:54:01.152 t20082361CF3E0044CA00
 20:54:01.152 t2018445DCF0EF1F1F17B
 20:54:01.152 t2028645DCF1AF1F100FB
 20:54:01.152 t203885FECF2205B801FF
 20:54:01.153 t20480000C00000000000
 20:54:01.153 t2058D188E2027FFF5000
 20:54:01.252 t200823640F3E0044CA00
 20:54:01.252 t201845140F0EF1F1F17A
 20:54:01.252 t20286A970A3E49F900F9
 20:54:01.252 t203886670F2202C7FDFD
 20:54:01.253 t20480000000000000000
 20:54:01.253 t2058D18822027FFF5000
 20:54:01.352 t200823674F3E0044CA00
 20:54:01.352 t2018472D4F0EF1F1F17B
 20:54:01.352 t2028645D4F1601F100FB
 20:54:01.352 t203886D14F223FF7E7FF
 20:54:01.352 t20480000400000000000
 20:54:01.353 t2058D18862027FFF5000
 20:54:01.451 t2008236A8F3E0044CA00
 20:54:01.451 t201840C28F0EF1F9A979
 20:54:01.452 t2028645D8F1AF1F100FB
 20:54:01.452 t203882FB8F220597FDFF
 20:54:01.452 t20480000800000000000
 20:54:01.452 t2058D188A2027FFF5000
 20:54:01.551 t2008236CCF3E0044CA00
 20:54:01.552 t2018445DCF0EF1F1F17B
 20:54:01.552 t20286A97CA3E49F900F9
 20:54:01.552 t203883C9CF2203182A0C
 20:54:01.552 t20480000C00000000000
 20:54:01.552 t2058D188E2027FFF5000
 20:54:01.652 t2008236F0F3E0044CA00
 20:54:01.652 t201845140F0EF1F1F17A
 20:54:01.652 t2028645D0F1601F100FB
 20:54:01.652 t203884240F2203A8420E
 20:54:01.652 t20480000000000000000
 20:54:01.653 t2058D18822027FFF5000
 20:54:01.752 t200823724F3E0044CA00
 20:54:01.752 t2018472D4F0EF1F1F17B
 20:54:01.752 t2028645D4F1AF1F100FB
 20:54:01.752 t203884BD4F2204E83A0E
 20:54:01.752 t20480000400000000000
 20:54:01.753 t2058D18862027FFF5000
 20:54:01.852 t200823758F3E0044CA00
 20:54:01.852 t201840C28F0EF1F9A979
 20:54:01.852 t20286A978A3E49F900F9
 20:54:01.852 t203885118F2200483E10
 20:54:01.852 t20480000800000000000
 20:54:01.853 t2058D188A2027FFF5000
 20:54:01.952 t20082377CF3E0044CA00
 20:54:01.952 t2018445DCF0EF1F1F17B
 20:54:01.952 t2028645DCF1601F100FB
 20:54:01.952 t20388526CF220C283E07
 20:54:01.952 t20480000C00000000000
 20:54:01.953 t2058D188E2027FFF5000
 20:54:02.051 t2008237A0F3E0044CA00
 20:54:02.051 t201845140F0EF1F1F17A
 20:54:02.051 t2028645D0F1AF1F100FB
 20:54:02.052 t203885FE0F2205B801FF
 20:54:02.052 t20480000000000000000
 20:54:02.052 t2058D18822027FFF5000
 20:54:02.151 t2008237D4F3E0044CA00
 20:54:02.151 t2018472D4F0EF1F1F17B
 20:54:02.151 t20286A974A3E49F900F9
 20:54:02.152 t203886674F2202C7FDFD
 20:54:02.152 t20480000400000000000
 20:54:02.152 t2058D18862027FFF5000
 20:54:02.251 t200823808F3E0044CA00
 20:54:02.252 t201840C28F0EF1F9A979
 20:54:02.252 t2028645D8F1601F100FB
 20:54:02.252 t203886D18F223FF7E7FF
 20:54:02.252 t20480000800000000000
 20:54:02.252 t2058D188A2027FFF5000
 20:54:02.351 t20082383CF3E0044CA00
 20:54:02.352 t2018445DCF0EF1F1F17B
 20:54:02.352 t2028645DCF1AF1F100FB
 20:54:02.352 t203882FBCF220597FDFF
 20:54:02.352 t20480000C00000000000
 20:54:02.352 t2058D188E2027FFF5000
 20:54:02.451 t200823850F3E0044CA00
 20:54:02.452 t201845140F0EF1F1F17A
 20:54:02.452 t20286A970A3E49F900F9
 20:54:02.452 t203883C90F2203182A0C
 20:54:02.452 t20480000000000000000
 20:54:02.452 t2058D18822027FFF5000
 20:54:02.551 t200823884F3E0044CA00
 20:54:02.552 t2018472D4F0EF1F1F17B
 20:54:02.552 t2028645D4F1601F100FB
 20:54:02.552 t203884244F2203A8420E
 20:54:02.552 t20480000400000000000
 20:54:02.552 t2058D18862027FFF5000
 20:54:02.651 t2008238B8F3E0044CA00
 20:54:02.652 t201840C28F0EF1F9A979
 20:54:02.652 t2028645D8F1AF1F100FB
 20:54:02.652 t203884BD8F2204E83A0E
 20:54:02.652 t20480000800000000000
 20:54:02.652 t2058D188A2027FFF5000
 20:54:02.751 t2008238ECF3E0044CA00
 20:54:02.751 t2018445DCF0EF1F1F17B
 20:54:02.751 t20286A97CA3E49F900F9
 20:54:02.751 t20388511CF2200483E10
 20:54:02.751 t20480000C00000000000
 20:54:02.752 t2058D188E2027FFF5000
 20:54:02.851 t200823900F3E0044CA00
 20:54:02.851 t201845140F0EF1F1F17A
 20:54:02.851 t2028645D0F1601F100FB
 20:54:02.851 t203885260F220C283E07
 20:54:02.851 t20480000000000000000
 20:54:02.851 t2058D18822027FFF5000
 20:54:02.951 t200823934F3E0044CA00
 20:54:02.951 t2018472D4F0EF1F1F17B
 20:54:02.952 t2028645D4F1AF1F100FB
 20:54:02.952 t203885FE4F2205B801FF
 20:54:02.952 t20480000400000000000
 20:54:02.952 t2058D18862027FFF5000
 20:54:03.051 t200823968F3E0044CA00
 20:54:03.051 t201840C28F0EF1F9A979
 20:54:03.051 t20286A978A3E49F900F9
 20:54:03.052 t203886678F2202C7FDFD
 20:54:03.052 t20480000800000000000
 20:54:03.052 t2058D188A2027FFF5000
 20:54:03.151 t20082399CF3E0044CA00
 20:54:03.151 t2018445DCF0EF1F1F17B
 20:54:03.151 t2028645DCF1601F100FB
 20:54:03.151 t203886D1CF223FF7E7FF
 20:54:03.151 t20480000C00000000000
 20:54:03.152 t2058D188E2027FFF5000
 20:54:03.251 t2008239C0F3E0044CA00
 20:54:03.251 t201845140F0EF1F1F17A
 20:54:03.252 t2028645D0F1AF1F100FB
 20:54:03.252 t203882FB0F220597FDFF
 20:54:03.252 t20480000000000000000
 20:54:03.252 t2058D18822027FFF5000
 20:54:03.351 t2008239E4F3E0044CA00
 20:54:03.351 t2018472D4F0EF1F1F17B
 20:54:03.351 t20286A974A3E49F900F9
 20:54:03.352 t203883C94F2203182A0C
 20:54:03.352 t20480000400000000000
 20:54:03.352 t2058D18862027FFF5000
 20:54:03.451 t200823A18F3E0044CA00
 20:54:03.451 t201840C28F0EF1F9A979
 20:54:03.451 t2028645D8F1601F100FB
 20:54:03.451 t203884248F2203A8420E
 20:54:03.451 t20480000800000000000
 20:54:03.451 t2058D188A2027FFF5000
 20:54:03.551 t200823A4CF3E0044CA00
 20:54:03.551 t2018445DCF0EF1F1F17B
 20:54:03.551 t2028645DCF1AF1F100FB
 20:54:03.551 t203884BDCF2204E83A0E
 20:54:03.551 t20480000C00000000000
 20:54:03.551 t2058D188E2027FFF5000
 20:54:03.651 t200823A70F3E0044CA00
 20:54:03.651 t201845140F0EF1F1F17A
 20:54:03.651 t20286A970A3E49F900F9
 20:54:03.652 t203885110F2200483E10
 20:54:03.652 t20480000000000000000
 20:54:03.652 t2058D18822027FFF5000
 20:54:03.751 t200823A94F3E0044CA00
 20:54:03.751 t2018472D4F0EF1F1F17B
 20:54:03.751 t2028645D4F1601F100FB
 20:54:03.752 t203885264F220C283E07
 20:54:03.752 t20480000400000000000
 20:54:03.752 t2058D18862027FFF5000
 20:54:03.852 t200823AC8F3E0044CA00
 20:54:03.852 t201840C28F0EF1F9A979
 20:54:03.852 t2028645D8F1AF1F100FB
 20:54:03.853 t203885FE8F2205B801FF
 20:54:03.853 t20480000800000000000
 20:54:03.853 t2058D188A2027FFF5000
 20:54:03.952 t200823AFCF3E0044CA00
 20:54:03.952 t2018445DCF0EF1F1F17B
 20:54:03.952 t20286A97CA3E49F900F9
 20:54:03.953 t20388667CF2202C7FDFD
 20:54:03.953 t20480000C00000000000
 20:54:03.953 t2058D188E2027FFF5000
 20:54:04.052 t200823B20F3E0044CA00
 20:54:04.052 t201845140F0EF1F1F17A
 20:54:04.052 t2028645D0F1601F100FB
 20:54:04.052 t203886D10F223FF7E7FF
 20:54:04.052 t20480000000000000000
 20:54:04.052 t2058D18822027FFF5000
 20:54:04.152 t200823B54F3E0044CA00
 20:54:04.152 t2018472D4F0EF1F1F17B
 20:54:04.152 t2028645D4F1AF1F100FB
 20:54:04.152 t203882FB4F220597FDFF
 20:54:04.152 t20480000400000000000
 20:54:04.152 t2058D18862027FFF5000
 20:54:04.252 t200823B78F3E0044CA00
 20:54:04.252 t201840C28F0EF1F9A979
 20:54:04.252 t20286A978A3E49F900F9
 20:54:04.253 t203883C98F2203182A0C
 20:54:04.253 t20480000800000000000
 20:54:04.253 t2058D188A2027FFF5000
 20:54:04.352 t200823BACF3E0044CA00
 20:54:04.352 t2018445DCF0EF1F1F17B
 20:54:04.352 t2028645DCF1601F100FB
 20:54:04.353 t20388424CF2203A8420E
 20:54:04.353 t20480000C00000000000
 20:54:04.354 t2058D188E2027FFF5000
 20:54:04.452 t200823BD0F3E0044CA00
 20:54:04.452 t201845140F0EF1F1F17A
 20:54:04.452 t2028645D0F1AF1F100FB
 20:54:04.452 t203884BD0F2204E83A0E
 20:54:04.453 t20480000000000000000
 20:54:04.454 t2058D18822027FFF5000
 20:54:04.552 t200823C04F3E0044CA00
 20:54:04.552 t2018472D4F0EF1F1F17B
 20:54:04.552 t20286A974A3E49F900F9
 20:54:04.553 t203885114F2200483E10
 20:54:04.553 t20480000400000000000
 20:54:04.553 t2058D18862027FFF5000
 20:54:04.652 t200823C28F3E0044CA00
 20:54:04.652 t201840C28F0EF1F9A979
 20:54:04.652 t2028645D8F1601F100FB
 20:54:04.653 t203885268F220C283E07
 20:54:04.653 t20480000800000000000
 20:54:04.653 t2058D188A2027FFF5000
 20:54:04.752 t200823C5CF3E0044CA00
 20:54:04.752 t2018445DCF0EF1F1F17B
 20:54:04.752 t2028645DCF1AF1F100FB
 20:54:04.752 t203885FECF2205B801FF
 20:54:04.752 t20480000C00000000000
 20:54:04.752 t2058D188E2027FFF5000
 20:54:04.851 t200823C80F3E0044CA00
 20:54:04.852 t201845140F0EF1F1F17A
 20:54:04.852 t20286A970A3E49F900F9
 20:54:04.852 t203886670F2202C7FDFD
 20:54:04.852 t20480000000000000000
 20:54:04.852 t2058D18822027FFF5000
 20:54:04.952 t200823CB4F3E0044CA00
 20:54:04.952 t2018472D4F0EF1F1F17B
 20:54:04.952 t2028645D4F1601F100FB
 20:54:04.952 t203886D14F223FF7E7FF
 20:54:04.953 t20480000400000000000
 20:54:04.953 t2058D18862027FFF5000
 20:54:05.052 t200823CD8F3E0044CA00
 20:54:05.052 t201840C28F0EF1F9A979
 20:54:05.052 t2028645D8F1AF1F100FB
 20:54:05.052 t203882FB8F220597FDFF
 20:54:05.053 t20480000800000000000
 20:54:05.053 t2058D188A2027FFF5000
 20:54:05.152 t200823D0CF3E0044CA00
 20:54:05.152 t2018445DCF0EF1F1F17B
 20:54:05.152 t20286A97CA3E49F900F9
 20:54:05.152 t203883C9CF2203182A0C
 20:54:05.153 t20480000C00000000000
 20:54:05.153 t2058D188E2027FFF5000
 20:54:05.251 t200823D30F3E0044CA00
 20:54:05.252 t201845140F0EF1F1F17A
 20:54:05.252 t2028645D0F1601F100FB
 20:54:05.252 t203884240F2203A8420E
 20:54:05.252 t20480000000000000000
 20:54:05.253 t2058D18822027FFF5000
 20:54:05.351 t200823D64F3E0044CA00
 20:54:05.352 t2018472D4F0EF1F1F17B
 20:54:05.352 t2028645D4F1AF1F100FB
 20:54:05.352 t203884BD4F2204E83A0E
 20:54:05.352 t20480000400000000000
 20:54:05.353 t2058D18862027FFF5000
 20:54:05.451 t200823D88F3E0044CA00
 20:54:05.451 t201840C28F0EF1F9A979
 20:54:05.451 t20286A978A3E49F900F9
 20:54:05.452 t203885118F2200483E10
 20:54:05.452 t20480000800000000000
 20:54:05.452 t2058D188A2027FFF5000
 20:54:05.551 t200823DBCF3E0044CA00
 20:54:05.552 t201847C3CF0CA9F1F17A
 20:54:05.552 t202867C3CF4049F100F9
 20:54:05.552 t203886D1CF2005D7E5F5
 20:54:05.552 t20480000C00000000000
 20:54:05.553 t2058D188E2027FFF5000
 20:54:05.651 t200823DE0F3E0044CA00
 20:54:05.652 t20184000100C49F1F179
 20:54:05.652 t202867C30F18A9F100FA
 20:54:05.652 t203887430F200357D1F3
 20:54:05.652 t20480000000000000000
 20:54:05.653 t2058D18822027FFF5000
 20:54:05.751 t200823E14F3E0044CA00
 20:54:05.752 t201840C24F0EF1F9A979
 20:54:05.752 t20286A974A3E49F900F9
 20:54:05.752 t203883C94F2203182A0C
 20:54:05.753 t20480000400000000000
 20:54:05.753 t2058D18862027FFF5000
 20:54:05.851 t200823E48F3E0044CA00
 20:54:05.852 t2018445D8F0EF1F1F17B
 20:54:05.852 t2028645D8F1601F100FB
 20:54:05.852 t203884248F2203A8420E
 20:54:05.853 t20480000800000000000
 20:54:05.853 t2058D188A2027FFF5000
 20:54:05.951 t200823E6CF3E0044CA00
 20:54:05.952 t20184514CF0EF1F1F17A
 20:54:05.952 t2028645DCF1AF1F100FB
 20:54:05.952 t203884BDCF2204E83A0E
 20:54:05.953 t20480000C00000000000
 20:54:05.953 t2058D188E2027FFF5000
 20:54:06.051 t200823E90F3E0044CA00
 20:54:06.051 t2018472D0F0EF1F1F17B
 20:54:06.051 t202867C30F4249F100F9
 20:54:06.051 t203885110F2200483E10
 20:54:06.052 t20480000000000000000
 20:54:06.052 t2058D18822027FFF5000
 20:54:06.151 t200823EC4F3E0044CA00
 20:54:06.151 t201847C34F0EA9F1F17A
 20:54:06.151 t202867C34F1AA9F100FA
 20:54:06.151 t203885264F220C283E07
 20:54:06.152 t20480000400000000000
 20:54:06.152 t2058D18862027FFF5000
 20:54:06.251 t200823EF8F3E0044CA00
 20:54:06.251 t20184000900E49F1F179
 20:54:06.252 t20286A978A3E49F900F9
 20:54:06.252 t203885FE8F2205B801FF
 20:54:06.253 t20480000800000000000
 20:54:06.253 t2058D188A2027FFF5000
 20:54:06.351 t200823F1CF3E0044CA00
 20:54:06.351 t201840C2CF0EF1F9A979
 20:54:06.351 t2028645DCF1601F100FB
 20:54:06.352 t20388667CF2202C7FDFD
 20:54:06.352 t20480000C00000000000
 20:54:06.352 t2058D188E2027FFF5000
 20:54:06.451 t200823F40F3E0044CA00
 20:54:06.451 t2018445D0F0EF1F1F17B
 20:54:06.451 t2028645D0F1AF1F100FB
 20:54:06.451 t203886D10F2205D7E5F5
 20:54:06.452 t20480000000000000000
 20:54:06.452 t2058D18822027FFF5000
 20:54:06.551 t200823F74F3E0044CA00
 20:54:06.551 t201845144F0EF1F1F17A
 20:54:06.551 t202867C34F4249F100F9
 20:54:06.551 t203887434F220357D1F3
 20:54:06.551 t20480000400000000000
 20:54:06.552 t2058D18862027FFF5000
 20:54:06.651 t200823FA8F3E0044CA00
 20:54:06.651 t2018472D8F0EF1F1F17B
 20:54:06.652 t202867C38F1AA9F100FA
 20:54:06.652 t203883C98F2203182A0C
 20:54:06.653 t20480000800000000000
 20:54:06.653 t2058D188A2027FFF5000
 20:54:06.751 t200823FDCF3E0044CA00
 20:54:06.751 t201847C3CF0EA9F1F17A
 20:54:06.751 t20286A97CA3E49F900F9
 20:54:06.751 t20388424CF2203A8420E
 20:54:06.751 t20480000C00000000000
 20:54:06.751 t2058D188E2027FFF5000
 20:54:06.851 t200823FF0F3E0044CA00
 20:54:06.851 t20184000100E49F1F179
 20:54:06.851 t2028645D0F1601F100FB
 20:54:06.851 t203884BD0F2204E83A0E
 20:54:06.851 t20480000000000000000
 20:54:06.851 t2058D18822027FFF5000
 20:54:06.951 t200824024F3E0044CA00
 20:54:06.951 t201840C24F0EF1F9A979
 20:54:06.951 t2028645D4F1AF1F100FB
 20:54:06.952 t203885114F2200483E10
 20:54:06.952 t20480000400000000000
 20:54:06.953 t2058D18862027FFF5000
 20:54:07.051 t200824058F3E0044CA00
 20:54:07.051 t2018445D8F0EF1F1F17B
 20:54:07.052 t202867C38F4249F100F9
 20:54:07.052 t203885268F220C283E07
 20:54:07.053 t20480000800000000000
 20:54:07.053 t2058D188A2027FFF5000
 20:54:07.151 t20082408CF3E0044CA00
 20:54:07.151 t20184514CF0EF1F1F17A
 20:54:07.152 t202867C3CF1AA9F100FA
 20:54:07.152 t203885FECF2205B801FF
 20:54:07.152 t20480000C00000000000
 20:54:07.153 t2058D188E2027FFF5000
 20:54:07.251 t2008240A0F3E0044CA00
 20:54:07.251 t2018472D0F0EF1F1F17B
 20:54:07.252 t20286A970A3E49F900F9
 20:54:07.252 t203886670F2202C7FDFD
 20:54:07.252 t20480000000000000000
 20:54:07.253 t2058D18822027FFF5000
 20:54:07.351 t2008240D4F3E0044CA00
 20:54:07.351 t201847C34F0EA9F1F17A
 20:54:07.351 t2028645D4F1601F100FB
 20:54:07.352 t203886D14F2205D7E5F5
 20:54:07.353 t20480000400000000000
 20:54:07.353 t2058D18862027FFF5000
 20:54:07.451 t200824108F3E0044CA00
 20:54:07.451 t20184000900E49F1F179
 20:54:07.451 t2028645D8F1AF1F100FB
 20:54:07.451 t203887438F220357D1F3
 20:54:07.451 t20480000800000000000
 20:54:07.451 t2058D188A2027FFF5000
 20:54:07.551 t20082413CF3E0044CA00
 20:54:07.551 t201840C2CF0EF1F9A979
 20:54:07.551 t202867C3CF4249F100F9
 20:54:07.551 t203883C9CF2203182A0C
 20:54:07.551 t20480000C00000000000
 20:54:07.551 t2058D188E2027FFF5000
 20:54:07.651 t200824160F3E0044CA00
 20:54:07.651 t2018445D0F0EF1F1F17B
 20:54:07.651 t202867C30F1AA9F100FA
 20:54:07.652 t203884240F2203A8420E
 20:54:07.652 t20480000000000000000
 20:54:07.653 t2058D18822027FFF5000
 20:54:07.751 t200824184F3E0044CA00
 20:54:07.751 t201845144F0EF1F1F17A
 20:54:07.751 t20286A974A3E49F900F9
 20:54:07.752 t203884BD4F2204E83A0E
 20:54:07.752 t20480000400000000000
 20:54:07.753 t2058D18862027FFF5000
 20:54:07.853 t2008241B8F3E0044CA00
 20:54:07.853 t2018472D8F0EF1F1F17B
 20:54:07.853 t2028645D8F1601F100FB
 20:54:07.853 t203885118F2200483E10
 20:54:07.853 t20480000800000000000
 20:54:07.854 t2058D188A2027FFF5000
 20:54:07.953 t2008241ECF3E0044CA00
 20:54:07.953 t201847C3CF0EA9F1F17A
 20:54:07.953 t2028645DCF1AF1F100FB
 20:54:07.953 t20388526CF220C283E07
 20:54:07.953 t20480000C00000000000
 20:54:07.954 t2058D188E2027FFF5000
 20:54:08.052 t200824210F3E0044CA00
 20:54:08.052 t20184000100E49F1F179
 20:54:08.052 t202867C30F4249F100F9
 20:54:08.053 t203885FE0F2205B801FF
 20:54:08.053 t20480000000000000000
 20:54:08.053 t2058D18822027FFF5000
 20:54:08.152 t200824234F3E0044CA00
 20:54:08.152 t201840C24F0EF1F9A979
 20:54:08.152 t202867C34F1AA9F100FA
 20:54:08.152 t203886674F2202C7FDFD
 20:54:08.153 t20480000400000000000
 20:54:08.153 t2058D18862027FFF5000
 20:54:08.253 t200824268F3E0044CA00
 20:54:08.253 t2018445D8F0EF1F1F17B
 20:54:08.253 t20286A978A3E49F900F9
 20:54:08.253 t203886D18F2205D7E5F5
 20:54:08.253 t20480000800000000000
 20:54:08.254 t2058D188A2027FFF5000
 20:54:08.352 t20082429CF3E0044CA00
 20:54:08.353 t20184514CF0EF1F1F17A
 20:54:08.353 t2028645DCF1601F100FB
 20:54:08.353 t20388743CF220357D1F3
 20:54:08.353 t20480000C00000000000
 20:54:08.354 t2058D188E2027FFF5000
 20:54:08.452 t2008242C0F3E0044CA00
 20:54:08.453 t2018472D0F0EF1F1F17B
 20:54:08.453 t2028645D0F1AF1F100FB
 20:54:08.453 t203883C90F2203182A0C
 20:54:08.453 t20480000000000000000
 20:54:08.453 t2058D18822027FFF5000
 20:54:08.553 t2008242F4F3E0044CA00
 20:54:08.554 t201847C34F0EA9F1F17A
 20:54:08.554 t202867C34F4249F100F9
 20:54:08.554 t203884244F2203A8420E
 20:54:08.554 t20480000400000000000
 20:54:08.554 t2058D18862027FFF5000
 20:54:08.652 t200824318F3E0044CA00
 20:54:08.653 t20184000900E49F1F179
 20:54:08.653 t202867C38F1AA9F100FA
 20:54:08.653 t203884BD8F2204E83A0E
 20:54:08.653 t20480000800000000000
 20:54:08.653 t2058D188A2027FFF5000
 20:54:08.752 t20082434CF3E0044CA00
 20:54:08.752 t201840C2CF0EF1F9A979
 20:54:08.752 t20286A97CA3E49F900F9
 20:54:08.752 t20388511CF2200483E10
 20:54:08.752 t20480000C00000000000
 20:54:08.752 t2058D188E2027FFF5000
 20:54:08.852 t200824370F3E0044CA00
 20:54:08.852 t2018445D0F0EF1F1F17B
 20:54:08.852 t2028645D0F1601F100FB
 20:54:08.852 t203885260F220C283E07
 20:54:08.852 t20480000000000000000
 20:54:08.852 t2058D18822027FFF5000
 20:54:08.952 t2008243A4F3E0044CA00
 20:54:08.952 t201845144F0EF1F1F17A
 20:54:08.953 t2028645D4F1AF1F100FB
 20:54:08.953 t203885FE4F2205B801FF
 20:54:08.953 t20480000400000000000
 20:54:08.953 t2058D18862027FFF5000
 20:54:09.052 t2008243C8F3E0044CA00
 20:54:09.052 t2018472D8F0EF1F1F17B
 20:54:09.052 t202867C38F4249F100F9
 20:54:09.052 t203886678F2202C7FDFD
 20:54:09.052 t20480000800000000000
 20:54:09.052 t2058D188A2027FFF5000
 20:54:09.152 t2008243FCF3E0044CA00
 20:54:09.152 t201847C3CF0EA9F1F17A
 20:54:09.153 t202867C3CF1AA9F100FA
 20:54:09.153 t203886D1CF2205D7E5F5
 20:54:09.153 t20480000C00000000000
 20:54:09.153 t2058D188E2027FFF5000
 20:54:09.252 t200824420F3E0044CA00
 20:54:09.253 t20184000100E49F1F179
 20:54:09.253 t20286A970A3E49F900F9
 20:54:09.253 t203887430F220357D1F3
 20:54:09.253 t20480000000000000000
 20:54:09.253 t2058D18822027FFF5000
 20:54:09.352 t200824454F3E0044CA00
 20:54:09.352 t201840C24F0EF1F9A979
 20:54:09.353 t2028645D4F1601F100FB
 20:54:09.353 t203883C94F2203182A0C
 20:54:09.353 t20480000400000000000
 20:54:09.353 t2058D18862027FFF5000
 20:54:09.452 t200824488F3E0044CA00
 20:54:09.452 t2018445D8F0EF1F1F17B
 20:54:09.452 t2028645D8F1AF1F100FB
 20:54:09.452 t203884248F2203A8420E
 20:54:09.452 t20480000800000000000
 20:54:09.452 t2058D188A2027FFF5000
 20:54:09.551 t2008244ACF3E0044CA00
 20:54:09.552 t20184514CF0EF1F1F17A
 20:54:09.552 t202867C3CF4249F100F9
 20:54:09.552 t203884BDCF2204E83A0E
 20:54:09.552 t20480000C00000000000
 20:54:09.552 t2058D188E2027FFF5000
 20:54:09.652 t2008244D0F3E0044CA00
 20:54:09.652 t2018472D0F0EF1F1F17B
 20:54:09.652 t202867C30F1AA9F100FA
 20:54:09.652 t203885110F2200483E10
 20:54:09.652 t20480000000000000000
 20:54:09.652 t2058D18822027FFF5000
 20:54:09.752 t200824504F3E0044CA00
 20:54:09.752 t201847C34F0EA9F1F17A
 20:54:09.752 t20286A974A3E49F900F9
 20:54:09.752 t203885264F220C283E07
 20:54:09.752 t20480000400000000000
 20:54:09.752 t2058D18862027FFF5000
 20:54:09.852 t200824538F3E0044CA00
 20:54:09.852 t20184000900E49F1F179
 20:54:09.852 t2028645D8F1601F100FB
 20:54:09.852 t203885FE8F2205B801FF
 20:54:09.852 t20480000800000000000
 20:54:09.852 t2058D188A2027FFF5000
 20:54:09.951 t20082455CF3E0044CA00
 20:54:09.951 t201840C2CF0EF1F9A979
 20:54:09.952 t2028645DCF1AF1F100FB
 20:54:09.952 t20388667CF2202C7FDFD
 20:54:09.952 t20480000C00000000000
 20:54:09.952 t2058D188E2027FFF5000
 20:54:10.052 t200824580F3E0044CA00
 20:54:10.052 t2018445D0F0EF1F1F17B
 20:54:10.052 t202867C30F4249F100F9
 20:54:10.052 t203886D10F2205D7E5F5
 20:54:10.052 t20480000000000000000
 20:54:10.052 t2058D18822027FFF5000
 20:54:10.151 t2008245B4F3E0044CA00
 20:54:10.152 t201845144F0EF1F1F17A
 20:54:10.152 t202867C34F1AA9F100FA
 20:54:10.152 t203887434F220357D1F3
 20:54:10.152 t20480000400000000000
 20:54:10.152 t2058D18862027FFF5000
 20:54:10.252 t2008245E8F3E0048CA00
 20:54:10.252 t2018472D8F0EF1F1F17B
 20:54:10.252 t20286A978A3E49F900F9
 20:54:10.252 t203883C98F2203182A0C
 20:54:10.252 t20480000800000000000
 20:54:10.253 t2058D188A2027FFF5000
 20:54:10.351 t20082461CF3E0048CA00
 20:54:10.352 t20184807CF0CF1F1F17A
 20:54:10.352 t2028645DCF1601F100FB
 20:54:10.352 t20388000D0200157CDF4
 20:54:10.352 t20480000C00000000000
 20:54:10.353 t2058D188E2027FFF5000
 20:54:10.452 t200824630F3E0048CA00
 20:54:10.452 t201840C20F0EF1F9A979
 20:54:10.452 t2028645D0F1AF1F100FB
 20:54:10.453 t203883C90F2203182A0C
 20:54:10.453 t20480000000000000000
 20:54:10.453 t2058D18822027FFF5000
 20:54:10.552 t200824664F3E0048CA00
 20:54:10.552 t2018445D4F0EF1F1F17B
 20:54:10.552 t202867C34F4249F100F9
 20:54:10.553 t203884244F2203A8420E
 20:54:10.553 t20480000400000000000
 20:54:10.553 t2058D18862027FFF5000
 20:54:10.651 t200824698F3E0048CA00
 20:54:10.652 t201845148F0EF1F1F17A
 20:54:10.652 t202867C38F1AA9F100FA
 20:54:10.652 t203884BD8F2204E83A0E
 20:54:10.652 t20480000800000000000
 20:54:10.652 t2058D188A2027FFF5000
 20:54:10.751 t2008246CCF3E0048CA00
 20:54:10.751 t2018472DCF0EF1F1F17B
 20:54:10.752 t20286A97CA3E49F900F9
 20:54:10.752 t20388511CF2200483E10
 20:54:10.752 t20480000C00000000000
 20:54:10.752 t2058D188E2027FFF5000
 20:54:10.851 t2008246E0F3E0048CA00
 20:54:10.851 t201847C30F0EA9F1F17A
 20:54:10.852 t2028645D0F1601F100FB
 20:54:10.852 t203885260F220C283E07
 20:54:10.852 t20480000000000000000
 20:54:10.852 t2058D18822027FFF5000
 20:54:10.952 t200824714F3E0048CA00
 20:54:10.952 t201848074F0EF1F1F17A
 20:54:10.952 t2028645D4F1AF1F100FB
 20:54:10.952 t203885FE4F2205B801FF
 20:54:10.953 t20480000400000000000
 20:54:10.953 t2058D18862027FFF5000
 20:54:11.052 t200824748F3E0048CA00
 20:54:11.052 t20184000900E49F1F179
 20:54:11.052 t202867C38F4249F100F9
 20:54:11.052 t203886678F2202C7FDFD
 20:54:11.053 t20480000800000000000
 20:54:11.053 t2058D188A2027FFF5000
 20:54:11.151 t20082477CF3E0048CA00
 20:54:11.152 t201840C2CF0EF1F9A979
 20:54:11.152 t202867C3CF1AA9F100FA
 20:54:11.152 t203886D1CF2205D7E5F5
 20:54:11.152 t20480000C00000000000
 20:54:11.152 t2058D188E2027FFF5000
 20:54:11.252 t2008247A0F3E0048CA00
 20:54:11.252 t2018445D0F0EF1F1F17B
 20:54:11.252 t20286A970A3E49F900F9
 20:54:11.252 t203887430F220357D1F3
 20:54:11.252 t20480000000000000000
 20:54:11.253 t2058D18822027FFF5000
 20:54:11.351 t2008247C4F3E0048CA00
 20:54:11.352 t201845144F0EF1F1F17A
 20:54:11.352 t2028645D4F1601F100FB
 20:54:11.352 t2038800050220157CDF4
 20:54:11.352 t20480000400000000000
 20:54:11.352 t2058D18862027FFF5000
 20:54:11.451 t2008247F8F3E0048CA00
 20:54:11.451 t2018472D8F0EF1F1F17B
 20:54:11.451 t2028645D8F1AF1F100FB
 20:54:11.451 t203883C98F2203182A0C
 20:54:11.451 t20480000800000000000
 20:54:11.452 t2058D188A2027FFF5000
 20:54:11.551 t20082482CF3E0048CA00
 20:54:11.552 t201847C3CF0EA9F1F17A
 20:54:11.552 t202867C3CF4249F100F9
 20:54:11.552 t203887C4CF200447D5F1
 20:54:11.552 t20480000C00000000000
 20:54:11.552 t2058D188E2027FFF5000
 20:54:11.651 t200824850F3E0048CA00
 20:54:11.651 t201848070F0EF1F1F17A
 20:54:11.652 t202867C30F1AA9F100FA
 20:54:11.652 t203884240F2203A8420E
 20:54:11.652 t20480000000000000000
 20:54:11.652 t2058D18822027FFF5000
 20:54:11.752 t200824874F3E0048CA00
 20:54:11.752 t20184000500E49F1F179
 20:54:11.752 t20286A974A3E49F900F9
 20:54:11.753 t203884BD4F2204E83A0E
 20:54:11.753 t20480000400000000000
 20:54:11.753 t2058D18862027FFF5000
 20:54:11.851 t2008248A8F3E0048CA00
 20:54:11.852 t201840C28F0EF1F9A979
 20:54:11.852 t2028645D8F1601F100FB
 20:54:11.852 t203885118F2200483E10
 20:54:11.852 t20480000800000000000
 20:54:11.852 t2058D188A2027FFF5000
 20:54:11.952 t2008248DCF3E0048CA00
 20:54:11.952 t2018445DCF0EF1F1F17B
 20:54:11.952 t2028645DCF1AF1F100FB
 20:54:11.952 t20388526CF220C283E07
 20:54:11.952 t20480000C00000000000
 20:54:11.952 t2058D188E2027FFF5000
 20:54:12.052 t200824900F3E0048CA00
 20:54:12.052 t201845140F0EF1F1F17A
 20:54:12.052 t202867C30F4249F100F9
 20:54:12.052 t203885FE0F2205B801FF
 20:54:12.052 t20480000000000000000
 20:54:12.052 t2058D18822027FFF5000
 20:54:12.152 t200824934F3E0048CA00
 20:54:12.152 t2018472D4F0EF1F1F17B
 20:54:12.152 t202867C34F1AA9F100FA
 20:54:12.152 t203886674F2202C7FDFD
 20:54:12.152 t20480000400000000000
 20:54:12.152 t2058D18862027FFF5000
 20:54:12.252 t200824958F3E0048CA00
 20:54:12.252 t201847C38F0EA9F1F17A
 20:54:12.252 t20286A978A3E49F900F9
 20:54:12.252 t203886D18F2205D7E5F5
 20:54:12.253 t20480000800000000000
 20:54:12.253 t2058D188A2027FFF5000
 20:54:12.352 t20082498CF3E0048CA00
 20:54:12.352 t20184807CF0EF1F1F17A
 20:54:12.352 t2028645DCF1601F100FB
 20:54:12.352 t20388743CF220357D1F3
 20:54:12.353 t20480000C00000000000
 20:54:12.353 t2058D188E2027FFF5000
 20:54:12.452 t2008249B0F3E0048CA00
 20:54:12.452 t20184000100E49F1F179
 20:54:12.452 t2028645D0F1AF1F100FB
 20:54:12.452 t203887C40F220447D5F1
 20:54:12.452 t20480000000000000000
 20:54:12.453 t2058D18822027FFF5000
 20:54:12.552 t2008249E4F3E0048CA00
 20:54:12.552 t201840C24F0EF1F9A979
 20:54:12.552 t202867C34F4249F100F9
 20:54:12.552 t2038800050220157CDF4
 20:54:12.552 t20480000400000000000
 20:54:12.553 t2058D18862027FFF5000
 20:54:12.652 t200824A08F3E0048CA00
 20:54:12.652 t2018445D8F0EF1F1F17B
 20:54:12.652 t202867C38F1AA9F100FA
 20:54:12.652 t203884248F2203A8420E
 20:54:12.652 t20480000800000000000
 20:54:12.653 t2058D188A2027FFF5000
 20:54:12.751 t200824A3CF3E0048CA00
 20:54:12.751 t20184514CF0EF1F1F17A
 20:54:12.752 t20286A97CA3E49F900F9
 20:54:12.752 t203884BDCF2204E83A0E
 20:54:12.752 t20480000C00000000000
 20:54:12.752 t2058D188E2027FFF5000
 20:54:12.851 t200824A60F3E0048CA00
 20:54:12.851 t2018472D0F0EF1F1F17B
 20:54:12.852 t2028645D0F1601F100FB
 20:54:12.852 t203885110F2200483E10
 20:54:12.852 t20480000000000000000
 20:54:12.852 t2058D18822027FFF5000
 20:54:12.951 t200824A94F3E0048CA00
 20:54:12.952 t201847C34F0EA9F1F17A
 20:54:12.952 t2028645D4F1AF1F100FB
 20:54:12.952 t203885264F220C283E07
 20:54:12.952 t20480000400000000000
 20:54:12.952 t2058D18862027FFF5000
 20:54:13.052 t200824AC8F3E0048CA00
 20:54:13.052 t201848078F0EF1F1F17A
 20:54:13.052 t202867C38F4249F100F9
 20:54:13.052 t203885FE8F2205B801FF
 20:54:13.052 t20480000800000000000
 20:54:13.053 t2058D188A2027FFF5000
 20:54:13.151 t200824AECF3E0048CA00
 20:54:13.152 t20184000D00E49F1F179
 20:54:13.152 t202867C3CF1AA9F100FA
 20:54:13.152 t20388667CF2202C7FDFD
 20:54:13.152 t20480000C00000000000
 20:54:13.152 t2058D188E2027FFF5000
 20:54:13.251 t200824B10F3E0048CA00
 20:54:13.252 t201840C20F0EF1F9A979
 20:54:13.252 t20286A970A3E49F900F9
 20:54:13.252 t203886D10F2205D7E5F5
 20:54:13.252 t20480000000000000000
 20:54:13.252 t2058D18822027FFF5000
 20:54:13.351 t200824B44F3E0048CA00
 20:54:13.352 t2018445D4F0EF1F1F17B
 20:54:13.352 t2028645D4F1601F100FB
 20:54:13.352 t203887434F220357D1F3
 20:54:13.352 t20480000400000000000
 20:54:13.352 t2058D18862027FFF5000
 20:54:13.451 t200824B78F3E0048CA00
 20:54:13.451 t201845148F0EF1F1F17A
 20:54:13.451 t2028645D8F1AF1F100FB
 20:54:13.452 t203887C48F220447D5F1
 20:54:13.452 t20480000800000000000
 20:54:13.452 t2058D188A2027FFF5000
 20:54:13.551 t200824B9CF3E0048CA00
 20:54:13.551 t2018472DCF0EF1F1F17B
 20:54:13.551 t202867C3CF4249F100F9
 20:54:13.552 t20388000D0220157CDF4
 20:54:13.552 t20480000C00000000000
 20:54:13.552 t2058D188E2027FFF5000
 20:54:13.651 t200824BC0F3E0048CA00
 20:54:13.652 t201847C30F0EA9F1F17A
 20:54:13.652 t202867C30F1AA9F100FA
 20:54:13.652 t203884240F2203A8420E
 20:54:13.652 t20480000000000000000
 20:54:13.652 t2058D18822027FFF5000
 20:54:13.751 t200824BF4F3E0048CA00
 20:54:13.751 t201848074F0EF1F1F17A
 20:54:13.751 t20286A974A3E49F900F9
 20:54:13.752 t203884BD4F2204E83A0E
 20:54:13.752 t20480000400000000000
 20:54:13.752 t2058D18862027FFF5000
 20:54:13.851 t200824C28F3E0048CA00
 20:54:13.851 t20184000900E49F1F179
 20:54:13.852 t2028645D8F1601F100FB
 20:54:13.852 t203885118F2200483E10
 20:54:13.852 t20480000800000000000
 20:54:13.852 t2058D188A2027FFF5000
 20:54:13.951 t200824C5CF3E0048CA00
 20:54:13.951 t2018445DCF0EF1F1F17B
 20:54:13.951 t20286A97CA3E49F900F9
 20:54:13.952 t20388526CF220C283E07
 20:54:13.952 t20480000C00000000000
 20:54:13.952 t2058D188E2027FFF5000
 20:54:14.051 t200824C70F3E0048CA00
 20:54:14.051 t201845140F0EF1F1F17A
 20:54:14.051 t202867C30F4249F100F9
 20:54:14.051 t203885FE0F2205B801FF
 20:54:14.051 t20480000000000000000
 20:54:14.052 t2058D18822027FFF5000
 20:54:14.151 t200824CA4F3E0048CA00
 20:54:14.151 t2018472D4F0EF1F1F17B
 20:54:14.151 t202867C34F1AA9F100FA
 20:54:14.151 t203886674F2202C7FDFD
 20:54:14.151 t20480000400000000000
 20:54:14.152 t2058D18862027FFF5000
 20:54:14.251 t200824CD8F3E0048CA00
 20:54:14.251 t201847C38F0EA9F1F17A
 20:54:14.252 t20286A978A3E49F900F9
 20:54:14.252 t203886D18F2205D7E5F5
 20:54:14.252 t20480000800000000000
 20:54:14.252 t2058D188A2027FFF5000
 20:54:14.351 t200824D0CF3E0048CA00
 20:54:14.351 t20184807CF0EF1F1F17A
 20:54:14.352 t202867C3CF4249F100F9
 20:54:14.352 t20388743CF220357D1F3
 20:54:14.352 t20480000C00000000000
 20:54:14.352 t2058D188E2027FFF5000
 20:54:14.451 t200824D20F3E0048CA00
 20:54:14.451 t20184000100E49F1F179
 20:54:14.452 t202867C30F1AA9F100FA
 20:54:14.452 t203887C40F220447D5F1
 20:54:14.452 t20480000000000000000
 20:54:14.452 t2058D18822027FFF5000
 20:54:14.551 t200824D54F3E0048CA00
 20:54:14.551 t2018445D4F0EF1F1F17B
 20:54:14.552 t20286A974A3E49F900F9
 20:54:14.552 t2038800050220157CDF4
 20:54:14.552 t20480000400000000000
 20:54:14.552 t2058D18862027FFF5000
 20:54:14.651 t200824D88F3E0048CA00
 20:54:14.651 t201845148F0EF1F1F17A
 20:54:14.651 t202867C38F4249F100F9
 20:54:14.652 t203884248F2203A8420E
 20:54:14.652 t20480000800000000000
 20:54:14.652 t2058D188A2027FFF5000
 20:54:14.751 t200824DBCF3E0048CA00
 20:54:14.751 t2018472DCF0EF1F1F17B
 20:54:14.751 t202867C3CF1AA9F100FA
 20:54:14.751 t203884BDCF2204E83A0E
 20:54:14.751 t20480000C00000000000
 20:54:14.751 t2058D188E2027FFF5000
 20:54:14.851 t200824DE0F3E0048CA00
 20:54:14.851 t201847C30F0EA9F1F17A
 20:54:14.851 t20286A970A3E49F900F9
 20:54:14.851 t203885110F2200483E10
 20:54:14.851 t20480000000000000000
 20:54:14.851 t2058D18822027FFF5000
 20:54:14.951 t200824E04F3E0048CA00
 20:54:14.951 t201848074F0EF1F1F17A
 20:54:14.951 t202867C34F4249F100F9
 20:54:14.952 t203885264F220C283E07
 20:54:14.952 t20480000400000000000
 20:54:14.952 t2058D18862027FFF5000
 20:54:15.051 t200824E38F3E0048CA00
 20:54:15.051 t20184000900E49F1F179
 20:54:15.052 t202867C38F1AA9F100FA
 20:54:15.052 t203885FE8F2205B801FF
 20:54:15.052 t20480000800000000000
 20:54:15.053 t2058D188A2027FFF5000
 20:54:15.151 t200824E6CF3E0048CA00
 20:54:15.151 t2018445DCF0EF1F1F17B
 20:54:15.152 t20286A97CA3E49F900F9
 20:54:15.152 t20388667CF2202C7FDFD
 20:54:15.152 t20480000C00000000000
 20:54:15.152 t2058D188E2027FFF5000
 20:54:15.251 t200824E90F3E0048CA00
 20:54:15.251 t201845140F0EF1F1F17A
 20:54:15.251 t202867C30F4249F100F9
 20:54:15.252 t203886D10F2205D7E5F5
 20:54:15.252 t20480000000000000000
 20:54:15.252 t2058D18822027FFF5000
 20:54:15.351 t200824EB4F3E0048CA00
 20:54:15.351 t2018472D4F0EF1F1F17B
 20:54:15.351 t202867C34F1AA9F100FA
 20:54:15.351 t203887434F220357D1F3
 20:54:15.352 t20480000400000000000
 20:54:15.352 t2058D18862027FFF5000
 20:54:15.451 t200824EE8F3E0048CA00
 20:54:15.451 t201847C38F0EA9F1F17A
 20:54:15.451 t20286A978A3E49F900F9
 20:54:15.451 t203887C48F220447D5F1
 20:54:15.451 t20480000800000000000
 20:54:15.451 t2058D188A2027FFF5000
 20:54:15.551 t200824F1CF3E0048CA00
 20:54:15.551 t20184807CF0EF1F1F17A
 20:54:15.551 t202867C3CF4249F100F9
 20:54:15.551 t20388000D0220157CDF4
 20:54:15.551 t20480000C00000000000
 20:54:15.551 t2058D188E2027FFF5000
 20:54:15.651 t200824F40F3E0048CA00
 20:54:15.651 t20184000100E49F1F179
 20:54:15.651 t202867C30F1AA9F100FA
 20:54:15.651 t203884BD0F2204E83A0E
 20:54:15.652 t20480000000000000000
 20:54:15.652 t2058D18822027FFF5000
 20:54:15.751 t200824F74F3E0048CA00
 20:54:15.751 t2018445D4F0EF1F1F17B
 20:54:15.751 t20286A974A3E49F900F9
 20:54:15.751 t203885114F2200483E10
 20:54:15.752 t20480000400000000000
 20:54:15.752 t2058D18862027FFF5000
 20:54:15.852 t200824F98F3E0048CA00
 20:54:15.852 t201845148F0EF1F1F17A
 20:54:15.852 t202867C38F4249F100F9
 20:54:15.852 t203885268F220C283E07
 20:54:15.852 t20480000800000000000
 20:54:15.852 t2058D188A2027FFF5000
 20:54:15.952 t200824FCCF3E0048CA00
 20:54:15.952 t2018472DCF0EF1F1F17B
 20:54:15.952 t202867C3CF1AA9F100FA
 20:54:15.952 t203885FECF2205B801FF
 20:54:15.952 t20480000C00000000000
 20:54:15.953 t2058D188E2027FFF5000
 20:54:16.051 t200824FF0F3E0048CA00
 20:54:16.051 t201847C30F0EA9F1F17A
 20:54:16.052 t20286A970A3E49F900F9
 20:54:16.052 t203886670F2202C7FDFD
 20:54:16.052 t20480000000000000000
 20:54:16.052 t2058D18822027FFF5000
 20:54:16.151 t200825024F3E0048CA00
 20:54:16.152 t201848074F0EF1F1F17A
 20:54:16.152 t202867C34F4249F100F9
 20:54:16.152 t203886D14F2205D7E5F5
 20:54:16.152 t20480000400000000000
 20:54:16.152 t2058D18862027FFF5000
 20:54:16.252 t200825048F3E0048CA00
 20:54:16.252 t20184000900E49F1F179
 20:54:16.252 t202867C38F1AA9F100FA
 20:54:16.252 t203887438F220357D1F3
 20:54:16.252 t20480000800000000000
 20:54:16.253 t2058D188A2027FFF5000
 20:54:16.352 t20082507CF3E0048CA00
 20:54:16.352 t2018445DCF0EF1F1F17B
 20:54:16.352 t20286A97CA3E49F900F9
 20:54:16.352 t203887C4CF220447D5F1
 20:54:16.353 t20480000C00000000000
 20:54:16.353 t2058D188E2027FFF5000
 20:54:16.452 t2008250A0F3E0048CA00
 20:54:16.452 t201845140F0EF1F1F17A
 20:54:16.452 t202867C30F4249F100F9
 20:54:16.452 t2038800010220157CDF4
 20:54:16.452 t20480000000000000000
 20:54:16.453 t2058D18822027FFF5000
 20:54:16.552 t2008250D4F3E0048CA00
 20:54:16.552 t2018472D4F0EF1F1F17B
 20:54:16.552 t202867C34F1AA9F100FA
 20:54:16.552 t203884BD4F2204E83A0E
 20:54:16.552 t20480000400000000000
 20:54:16.553 t2058D18862027FFF5000
 20:54:16.652 t200825108F3E0048CA00
 20:54:16.652 t201847C38F0EA9F1F17A
 20:54:16.652 t20286A978A3E49F900F9
 20:54:16.652 t203885118F2200483E10
 20:54:16.652 t20480000800000000000
 20:54:16.653 t2058D188A2027FFF5000
 20:54:16.751 t20082512CF3E0048CA00
 20:54:16.751 t20184807CF0EF1F1F17A
 20:54:16.752 t202867C3CF4249F100F9
 20:54:16.752 t20388526CF220C283E07
 20:54:16.752 t20480000C00000000000
 20:54:16.752 t2058D188E2027FFF5000
 20:54:16.851 t200825150F3E0048CA00
 20:54:16.851 t20184000100E49F1F179
 20:54:16.851 t202867C30F1AA9F100FA
 20:54:16.852 t203885FE0F2205B801FF
 20:54:16.852 t20480000000000000000
 20:54:16.852 t2058D18822027FFF5000
 20:54:16.951 t200825174F3E0048CA00
 20:54:16.952 t2018445D4F0EF1F1F17B
 20:54:16.952 t20286A974A3E49F900F9
 20:54:16.952 t203886674F2202C7FDFD
 20:54:16.952 t20480000400000000000
 20:54:16.953 t2058D18862027FFF5000
 20:54:17.051 t2008251A8F3E0048CA00
 20:54:17.051 t201845148F0EF1F1F17A
 20:54:17.052 t202867C38F4249F100F9
 20:54:17.052 t203886D18F2205D7E5F5
 20:54:17.052 t20480000800000000000
 20:54:17.052 t2058D188A2027FFF5000
 20:54:17.151 t2008251DCF3E0048CA00
 20:54:17.152 t2018472DCF0EF1F1F17B
 20:54:17.152 t202867C3CF1AA9F100FA
 20:54:17.152 t20388743CF220357D1F3
 20:54:17.152 t20480000C00000000000
 20:54:17.152 t2058D188E2027FFF5000
 20:54:17.251 t200825200F3E0048CA00
 20:54:17.252 t201847C30F0EA9F1F17A
 20:54:17.252 t20286A970A3E49F900F9
 20:54:17.252 t203887C40F220447D5F1
 20:54:17.252 t20480000000000000000
 20:54:17.252 t2058D18822027FFF5000
 20:54:17.351 t200825234F3E0048CA00
 20:54:17.352 t201848074F0EF1F1F17A
 20:54:17.352 t202867C34F4249F100F9
 20:54:17.352 t2038800050220157CDF4
 20:54:17.352 t20480000400000000000
 20:54:17.352 t2058D18862027FFF5000
 20:54:17.451 t200825258F3E0048CA00
 20:54:17.451 t20184000900E49F1F179
 20:54:17.451 t202867C38F1AA9F100FA
 20:54:17.451 t203884BD8F2204E83A0E
 20:54:17.451 t20480000800000000000
 20:54:17.452 t2058D188A2027FFF5000
 20:54:17.551 t20082528CF3E0048CA00
 20:54:17.551 t2018445DCF0EF1F1F17B
 20:54:17.552 t20286A97CA3E49F900F9
 20:54:17.552 t20388511CF2200483E10
 20:54:17.552 t20480000C00000000000
 20:54:17.552 t2058D188E2027FFF5000
 20:54:17.651 t2008252B0F3E0048CA00
 20:54:17.652 t201845140F0EF1F1F17A
 20:54:17.652 t202867C30F4249F100F9
 20:54:17.652 t203885260F220C283E07
 20:54:17.652 t20480000000000000000
 20:54:17.652 t2058D18822027FFF5000
 20:54:17.751 t2008252E4F3E0048CA00
 20:54:17.751 t2018472D4F0EF1F1F17B
 20:54:17.752 t202867C34F1AA9F100FA
 20:54:17.752 t203885FE4F2205B801FF
 20:54:17.752 t20480000400000000000
 20:54:17.752 t2058D18862027FFF5000
 20:54:17.851 t200825308F3E0048CA00
 20:54:17.851 t201847C38F0EA9F1F17A
 20:54:17.852 t20286A978A3E49F900F9
 20:54:17.852 t203886678F2202C7FDFD
 20:54:17.852 t20480000800000000000
 20:54:17.852 t2058D188A2027FFF5000
 20:54:17.951 t20082533CF3E0048CA00
 20:54:17.951 t20184807CF0EF1F1F17A
 20:54:17.952 t202867C3CF4249F100F9
 20:54:17.952 t203886D1CF2205D7E5F5
 20:54:17.952 t20480000C00000000000
 20:54:17.952 t2058D188E2027FFF5000
 20:54:18.051 t200825360F3E0048CA00
 20:54:18.051 t20184000100E49F1F179
 20:54:18.051 t202867C30F1AA9F100FA
 20:54:18.051 t203887430F220357D1F3
 20:54:18.051 t20480000000000000000
 20:54:18.051 t2058D18822027FFF5000
 20:54:18.151 t200825394F3E0048CA00
 20:54:18.151 t2018445D4F0EF1F1F17B
 20:54:18.151 t20286A974A3E49F900F9
 20:54:18.151 t203887C44F220447D5F1
 20:54:18.151 t20480000400000000000
 20:54:18.151 t2058D18862027FFF5000
 20:54:18.251 t2008253C8F3E0048CA00
 20:54:18.251 t201845148F0EF1F1F17A
 20:54:18.251 t202867C38F4249F100F9
 20:54:18.252 t2038800090220157CDF4
 20:54:18.252 t20480000800000000000
 20:54:18.252 t2058D188A2027FFF5000
 20:54:18.351 t2008253ECF3E0048CA00
 20:54:18.351 t2018472DCF0EF1F1F17B
 20:54:18.352 t202867C3CF1AA9F100FA
 20:54:18.352 t203884BDCF2204E83A0E
 20:54:18.352 t20480000C00000000000
 20:54:18.352 t2058D188E2027FFF5000
 20:54:18.451 t200825410F3E0048CA00
 20:54:18.451 t201847C30F0EA9F1F17A
 20:54:18.452 t20286A970A3E49F900F9
 20:54:18.452 t203885110F2200483E10
 20:54:18.452 t20480000000000000000
 20:54:18.452 t2058D18822027FFF5000
 20:54:18.551 t200825444F3E0048CA00
 20:54:18.551 t201848074F0EF1F1F17A
 20:54:18.551 t202867C34F4249F100F9
 20:54:18.552 t203885264F220C283E07
 20:54:18.552 t20480000400000000000
 20:54:18.552 t2058D18862027FFF5000
 20:54:18.651 t200825478F3E0048CA00
 20:54:18.651 t20184000900E49F1F179
 20:54:18.651 t202867C38F1AA9F100FA
 20:54:18.652 t203885FE8F2205B801FF
 20:54:18.652 t20480000800000000000
 20:54:18.652 t2058D188A2027FFF5000
 20:54:18.751 t20082549CF3E0048CA00
 20:54:18.751 t2018445DCF0EF1F1F17B
 20:54:18.751 t20286A97CA3E49F900F9
 20:54:18.751 t20388667CF2202C7FDFD
 20:54:18.751 t20480000C00000000000
 20:54:18.751 t2058D188E2027FFF5000
 20:54:18.851 t2008254C0F3E0048CA00
 20:54:18.851 t201845140F0EF1F1F17A
 20:54:18.851 t202867C30F4249F100F9
 20:54:18.851 t203886D10F2205D7E5F5
 20:54:18.851 t20480000000000000000
 20:54:18.851 t2058D18822027FFF5000
 20:54:18.951 t2008254F4F3E0048CA00
 20:54:18.951 t2018472D4F0EF1F1F17B
 20:54:18.951 t202867C34F1AA9F100FA
 20:54:18.951 t203887434F220357D1F3
 20:54:18.951 t20480000400000000000
 20:54:18.951 t2058D18862027FFF5000
 20:54:19.051 t200825528F3E0048CA00
 20:54:19.051 t201847C38F0EA9F1F17A
 20:54:19.052 t20286A978A3E49F900F9
 20:54:19.052 t203887C48F220447D5F1
 20:54:19.052 t20480000800000000000
 20:54:19.052 t2058D188A2027FFF5000
 20:54:19.151 t20082555CF3E0048CA00
 20:54:19.151 t20184807CF0EF1F1F17A
 20:54:19.151 t202867C3CF4249F100F9
 20:54:19.151 t20388000D0220157CDF4
 20:54:19.152 t20480000C00000000000
 20:54:19.152 t2058D188E2027FFF5000
 20:54:19.251 t200825570F3E0048CA00
 20:54:19.251 t20184000100E49F1F179
 20:54:19.251 t202867C30F1AA9F100FA
 20:54:19.252 t203884BD0F2204E83A0E
 20:54:19.252 t20480000000000000000
 20:54:19.252 t2058D18822027FFF5000
 20:54:19.351 t2008255A4F3E0048CA00
 20:54:19.351 t2018445D4F0EF1F1F17B
 20:54:19.351 t20286A974A3E49F900F9
 20:54:19.351 t203885114F2200483E10
 20:54:19.352 t20480000400000000000
 20:54:19.352 t2058D18862027FFF5000
 20:54:19.451 t2008255D8F3E0048CA00
 20:54:19.451 t201845148F0EF1F1F17A
 20:54:19.451 t202867C38F4249F100F9
 20:54:19.451 t203885268F220C283E07
 20:54:19.451 t20480000800000000000
 20:54:19.451 t2058D188A2027FFF5000
 20:54:19.551 t20082560CF3E0048CA00
 20:54:19.551 t2018472DCF0EF1F1F17B
 20:54:19.551 t202867C3CF1AA9F100FA
 20:54:19.551 t203885FECF2205B801FF
 20:54:19.551 t20480000C00000000000
 20:54:19.551 t2058D188E2027FFF5000
 20:54:19.651 t200825630F3E0048CA00
 20:54:19.651 t201847C30F0EA9F1F17A
 20:54:19.651 t20286A970A3E49F900F9
 20:54:19.651 t203886670F2202C7FDFD
 20:54:19.651 t20480000000000000000
 20:54:19.651 t2058D18822027FFF5000
 20:54:19.751 t200825654F3E0048CA00
 20:54:19.752 t201848074F0EF1F1F17A
 20:54:19.752 t202867C34F4249F100F9
 20:54:19.752 t203886D14F2205D7E5F5
 20:54:19.752 t20480000400000000000
 20:54:19.752 t2058D18862027FFF5000
 20:54:19.851 t200825688F3E0048CA00
 20:54:19.852 t20184000900E49F1F179
 20:54:19.852 t202867C38F1AA9F100FA
 20:54:19.852 t203887438F220357D1F3
 20:54:19.852 t20480000800000000000
 20:54:19.852 t2058D188A2027FFF5000
 20:54:19.951 t2008256BCF3E0048CA00
 20:54:19.952 t2018445DCF0EF1F1F17B
 20:54:19.952 t20286A97CA3E49F900F9
 20:54:19.952 t203887C4CF220447D5F1
 20:54:19.952 t20480000C00000000000
 20:54:19.952 t2058D188E2027FFF5000
 20:54:20.051 t2008256E0F3E0048CA00
 20:54:20.051 t201845140F0EF1F1F17A
 20:54:20.052 t202867C30F4249F100F9
 20:54:20.052 t2038800010220157CDF4
 20:54:20.052 t20480000000000000000
 20:54:20.052 t2058D18822027FFF5000
 20:54:20.151 t200825704F3E0048CA00
 20:54:20.151 t2018472D4F0EF1F1F17B
 20:54:20.152 t202867C34F1AA9F100FA
 20:54:20.152 t203884BD4F2204E83A0E
 20:54:20.152 t20480000400000000000
 20:54:20.152 t2058D18862027FFF5000
 20:54:20.251 t200825738F3E0048CA00
 20:54:20.251 t201847C38F0EA9F1F17A
 20:54:20.251 t20286A978A3E49F900F9
 20:54:20.252 t203885118F2200483E10
 20:54:20.252 t20480000800000000000
 20:54:20.252 t2058D188A2027FFF5000
 20:54:20.351 t20082576CF3E0048CA00
 20:54:20.352 t20184807CF0EF1F1F17A
 20:54:20.352 t202867C3CF4249F100F9
 20:54:20.352 t20388526CF220C283E07
 20:54:20.352 t20480000C00000000000
 20:54:20.353 t2058D188E2027FFF5000
 20:54:20.451 t200825790F3E0048CA00
 20:54:20.452 t20184000100E49F1F179
 20:54:20.452 t202867C30F1AA9F100FA
 20:54:20.452 t203885FE0F2205B801FF
 20:54:20.452 t20480000000000000000
 20:54:20.453 t2058D18822027FFF5000
 20:54:20.551 t2008257C4F3E0048CA00
 20:54:20.552 t201845144F0EF1F1F17A
 20:54:20.552 t20286A974A3E49F900F9
 20:54:20.552 t203886674F2202C7FDFD
 20:54:20.552 t20480000400000000000
 20:54:20.552 t2058D18862027FFF5000
 20:54:20.651 t2008257E8F3E0048CA00
 20:54:20.652 t2018472D8F0EF1F1F17B
 20:54:20.652 t202867C38F4249F100F9
 20:54:20.652 t203886D18F2205D7E5F5
 20:54:20.652 t20480000800000000000
 20:54:20.652 t2058D188A2027FFF5000
 20:54:20.751 t20082581CF3E0048CA00
 20:54:20.752 t201847C3CF0EA9F1F17A
 20:54:20.752 t202867C3CF1AA9F100FA
 20:54:20.752 t20388743CF220357D1F3
 20:54:20.752 t20480000C00000000000
 20:54:20.752 t2058D188E2027FFF5000
 20:54:20.851 t200825840F3E0048CA00
 20:54:20.851 t201848070F0EF1F1F17A
 20:54:20.851 t20286A970A3E49F900F9
 20:54:20.851 t203887C40F220447D5F1
 20:54:20.852 t20480000000000000000
 20:54:20.852 t2058D18822027FFF5000
 20:54:20.951 t200825874F3E0048CA00
 20:54:20.951 t20184000500E49F1F179
 20:54:20.951 t202867C34F4249F100F9
 20:54:20.951 t2038800050220157CDF4
 20:54:20.951 t20480000400000000000
 20:54:20.952 t2058D18862027FFF5000
 20:54:21.051 t200825898F3E0048CA00
 20:54:21.051 t201845148F0EF1F1F17A
 20:54:21.052 t202867C38F1AA9F100FA
 20:54:21.052 t203884BD8F2204E83A0E
 20:54:21.052 t20480000800000000000
 20:54:21.052 t2058D188A2027FFF5000
 20:54:21.151 t2008258CCF3E0048CA00
 20:54:21.151 t2018472DCF0EF1F1F17B
 20:54:21.152 t20286A97CA3E49F900F9
 20:54:21.152 t20388511CF2200483E10
 20:54:21.152 t20480000C00000000000
 20:54:21.152 t2058D188E2027FFF5000
 20:54:21.251 t2008258F0F3E0048CA00
 20:54:21.251 t201847C30F0EA9F1F17A
 20:54:21.251 t202867C30F4249F100F9
 20:54:21.251 t203885260F220C283E07
 20:54:21.251 t20480000000000000000
 20:54:21.251 t2058D18822027FFF5000
 20:54:21.351 t200825924F3E0048CA00
 20:54:21.351 t201848074F0EF1F1F17A
 20:54:21.351 t202867C34F1AA9F100FA
 20:54:21.351 t203888C54F203FF7DBFF
 20:54:21.351 t20480000400000000000
 20:54:21.352 t2058D18862027FFF5000
 20:54:21.451 t200825958F3E0048CA00
 20:54:21.451 t20184000900E49F1F179
 20:54:21.451 t20286A978A3E49F900F9
 20:54:21.451 t203885118F2200483E10
 20:54:21.451 t20480000800000000000
 20:54:21.451 t2058D188A2027FFF5000
 20:54:21.551 t20082597CF3E0048CA00
 20:54:21.551 t20184514CF0EF1F1F17A
 20:54:21.551 t202867C3CF4249F100F9
 20:54:21.551 t20388526CF220C283E07
 20:54:21.551 t20480000C00000000000
 20:54:21.551 t2058D188E2027FFF5000
 20:54:21.651 t2008259A0F3E0048CA00
 20:54:21.651 t2018472D0F0EF1F1F17B
 20:54:21.651 t202867C30F1AA9F100FA
 20:54:21.652 t203885FE0F2205B801FF
 20:54:21.652 t20480000000000000000
 20:54:21.652 t2058D18822027FFF5000
 20:54:21.751 t2008259D4F3E0048CA00
 20:54:21.751 t201847C34F0EA9F1F17A
 20:54:21.751 t20286A974A3E49F900F9
 20:54:21.752 t203888C54F200487D9F7
 20:54:21.752 t20480000400000000000
 20:54:21.752 t2058D18862027FFF5000
 20:54:21.851 t200825A08F3E0048CA00
 20:54:21.851 t201848078F0EF1F1F17A
 20:54:21.851 t202867C38F4249F100F9
 20:54:21.851 t203885268F220C283E07
 20:54:21.851 t20480000800000000000
 20:54:21.851 t2058D188A2027FFF5000
 20:54:21.951 t200825A2CF3E0048CA00
 20:54:21.951 t20184000D00E49F1F179
 20:54:21.951 t202867C3CF1AA9F100FA
 20:54:21.951 t203885FECF2205B801FF
 20:54:21.951 t20480000C00000000000
 20:54:21.951 t2058D188E2027FFF5000
 20:54:22.051 t200825A50F3E0048CA00
 20:54:22.051 t201845140F0EF1F1F17A
 20:54:22.051 t20286A970A3E49F900F9
 20:54:22.052 t203886670F2202C7FDFD
 20:54:22.052 t20480000000000000000
 20:54:22.052 t2058D18822027FFF5000
 20:54:22.151 t200825A84F3E0048CA00
 20:54:22.151 t2018472D4F0EF1F1F17B
 20:54:22.151 t202867C34F4249F100F9
 20:54:22.151 t203886D14F2205D7E5F5
 20:54:22.151 t20480000400000000000
 20:54:22.151 t2058D18862027FFF5000
 20:54:22.251 t200825AB8F3E0048CA00
 20:54:22.251 t201847C38F0EA9F1F17A
 20:54:22.251 t202867C38F1AA9F100FA
 20:54:22.251 t203887438F220357D1F3
 20:54:22.251 t20480000800000000000
 20:54:22.251 t2058D188A2027FFF5000
 20:54:22.351 t200825AECF3E0048CA00
 20:54:22.351 t20184807CF0EF1F1F17A
 20:54:22.351 t20286A97CA3E49F900F9
 20:54:22.351 t203887C4CF220447D5F1
 20:54:22.352 t20480000C00000000000
 20:54:22.352 t2058D188E2027FFF5000
 20:54:22.451 t200825B00F3E0048CA00
 20:54:22.451 t20184000100E49F1F179
 20:54:22.451 t202867C30F4249F100F9
 20:54:22.452 t203888C50F220487D9F7
 20:54:22.452 t20480000000000000000
 20:54:22.452 t2058D18822027FFF5000
 20:54:22.551 t200825B34F3E0048CA00
 20:54:22.551 t201845144F0EF1F1F17A
 20:54:22.551 t202867C34F1AA9F100FA
 20:54:22.552 t2038800050220157CDF4
 20:54:22.552 t20480000400000000000
 20:54:22.552 t2058D18862027FFF5000
 20:54:22.651 t200825B68F3E0048CA00
 20:54:22.651 t2018472D8F0EF1F1F17B
 20:54:22.651 t20286A978A3E49F900F9
 20:54:22.652 t203885268F220C283E07
 20:54:22.652 t20480000800000000000
 20:54:22.652 t2058D188A2027FFF5000
 20:54:22.751 t200825B9CF3E0048CA00
 20:54:22.751 t201847C3CF0EA9F1F17A
 20:54:22.751 t202867C3CF4249F100F9
 20:54:22.751 t203885FECF2205B801FF
 20:54:22.751 t20480000C00000000000
 20:54:22.751 t2058D188E2027FFF5000
 20:54:22.850 t200825BB0F3E0048CA00
 20:54:22.851 t201848070F0EF1F1F17A
 20:54:22.851 t202867C30F1AA9F100FA
 20:54:22.851 t203886670F2202C7FDFD
 20:54:22.851 t20480000000000000000
 20:54:22.851 t2058D18822027FFF5000
 20:54:22.951 t200825BE4F3E0048CA00
 20:54:22.951 t201849A74F0CF1F1F17B
 20:54:22.951 t202869A74F1401F105FB
 20:54:22.951 t203886D14F2205D7E5F5
 20:54:22.952 t20480000400000000000
 20:54:22.952 t2058D18862027FFF5000
 20:54:23.051 t200825C18F3E0048CA00
 20:54:23.051 t201845148F0EF1F1F17A
 20:54:23.052 t202869A78F18F1F100FB
 20:54:23.052 t203887438F220357D1F3
 20:54:23.052 t20480000800000000000
 20:54:23.052 t2058D188A2027FFF5000
 20:54:23.151 t200825C4CF3E0048CA00
 20:54:23.151 t2018472DCF0EF1F1F17B
 20:54:23.151 t20286A97CA3E49F900F9
 20:54:23.151 t203887C4CF220447D5F1
 20:54:23.152 t20480000C00000000000
 20:54:23.152 t2058D188E2027FFF5000
 20:54:23.251 t200825C70F3E0048CA00
 20:54:23.251 t201847C30F0EA9F1F17A
 20:54:23.251 t202867C30F4249F100F9
 20:54:23.251 t203888C50F220487D9F7
 20:54:23.252 t20480000000000000000
 20:54:23.252 t2058D18822027FFF5000
 20:54:23.351 t200825C94F3E0048CA00
 20:54:23.352 t201848074F0EF1F1F17A
 20:54:23.352 t202867C34F1AA9F100FA
 20:54:23.352 t2038800050220157CDF4
 20:54:23.352 t20480000400000000000
 20:54:23.353 t2058D18862027FFF5000
 20:54:23.451 t200825CC8F3E0048CA00
 20:54:23.451 t201849A78F0EF1F1F17B
 20:54:23.452 t202869A78F1601F105FB
 20:54:23.452 t203885268F220C283E07
 20:54:23.452 t20480000800000000000
 20:54:23.452 t2058D188A2027FFF5000
 20:54:23.551 t200825CFCF3E0048CA00
 20:54:23.551 t20184000D00E49F1F179
 20:54:23.552 t202869A7CF1AF1F100FB
 20:54:23.552 t203885FECF2205B801FF
 20:54:23.552 t20480000C00000000000
 20:54:23.552 t2058D188E2027FFF5000
 20:54:23.651 t200825D20F3E0048CA00
 20:54:23.652 t201845140F0EF1F1F17A
 20:54:23.652 t20286A970A3E49F900F9
 20:54:23.652 t203886670F2202C7FDFD
 20:54:23.652 t20480000000000000000
 20:54:23.653 t2058D18822027FFF5000
 20:54:23.752 t200825D44F3E0048CA00
 20:54:23.752 t2018472D4F0EF1F1F17B
 20:54:23.752 t202867C34F4249F100F9
 20:54:23.752 t203886D14F2205D7E5F5
 20:54:23.752 t20480000400000000000
 20:54:23.753 t2058D18862027FFF5000
 20:54:23.851 t200825D78F3E0048CA00
 20:54:23.852 t201847C38F0EA9F1F17A
 20:54:23.852 t202867C38F1AA9F100FA
 20:54:23.852 t203887438F220357D1F3
 20:54:23.852 t20480000800000000000
 20:54:23.853 t2058D188A2027FFF5000
 20:54:23.951 t200825DACF3E0048CA00
 20:54:23.952 t20184807CF0EF1F1F17A
 20:54:23.952 t202869A7CF1601F105FB
 20:54:23.952 t203887C4CF220447D5F1
 20:54:23.952 t20480000C00000000000
 20:54:23.952 t2058D188E2027FFF5000
 20:54:24.051 t200825DD0F3E0048CA00
 20:54:24.051 t201849A70F0EF1F1F17B
 20:54:24.051 t202869A70F1AF1F100FB
 20:54:24.052 t203888C50F220487D9F7
 20:54:24.052 t20480000000000000000
 20:54:24.052 t2058D18822027FFF5000
 20:54:24.151 t200825E04F3E0048CA00
 20:54:24.151 t20184000500E49F1F179
 20:54:24.151 t20286A974A3E49F900F9
 20:54:24.151 t2038800050220157CDF4
 20:54:24.152 t20480000400000000000
 20:54:24.152 t2058D18862027FFF5000
 20:54:24.251 t200825E28F3E0048CA00
 20:54:24.251 t201845148F0EF1F1F17A
 20:54:24.252 t202867C38F4249F100F9
 20:54:24.252 t203885268F220C283E07
 20:54:24.252 t20480000800000000000
 20:54:24.252 t2058D188A2027FFF5000
 20:54:24.351 t200825E5CF3E0048CA00
 20:54:24.351 t2018472DCF0EF1F1F17B
 20:54:24.352 t202867C3CF1AA9F100FA
 20:54:24.352 t203885FECF2205B801FF
 20:54:24.352 t20480000C00000000000
 20:54:24.352 t2058D188E2027FFF5000
 20:54:24.451 t200825E80F3E0048CA00
 20:54:24.452 t201847C30F0EA9F1F17A
 20:54:24.452 t202869A70F1601F105FB
 20:54:24.452 t203886670F2202C7FDFD
 20:54:24.452 t20480000000000000000
 20:54:24.452 t2058D18822027FFF5000
 20:54:24.551 t200825EB4F3E0048CA00
 20:54:24.551 t201848074F0EF1F1F17A
 20:54:24.551 t202869A74F1AF1F100FB
 20:54:24.551 t203886D14F2205D7E5F5
 20:54:24.552 t20480000400000000000
 20:54:24.552 t2058D18862027FFF5000
 20:54:24.651 t200825ED8F3E0048CA00
 20:54:24.651 t201849A78F0EF1F1F17B
 20:54:24.652 t20286A978A3E49F900F9
 20:54:24.652 t203887438F220357D1F3
 20:54:24.652 t20480000800000000000
 20:54:24.652 t2058D188A2027FFF5000
 20:54:24.751 t200825F0CF3E0048CA00
 20:54:24.751 t20184000D00E49F1F179
 20:54:24.751 t202867C3CF4249F100F9
 20:54:24.751 t203887C4CF220447D5F1
 20:54:24.751 t20480000C00000000000
 20:54:24.752 t2058D188E2027FFF5000
 20:54:24.851 t200825F30F3E0048CA00
 20:54:24.851 t201845140F0EF1F1F17A
 20:54:24.851 t202867C30F1AA9F100FA
 20:54:24.851 t203888C50F220487D9F7
 20:54:24.851 t20480000000000000000
 20:54:24.852 t2058D18822027FFF5000
 20:54:24.951 t200825F64F3E0048CA00
 20:54:24.951 t2018472D4F0EF1F1F17B
 20:54:24.952 t202869A74F1601F105FB
 20:54:24.952 t2038800050220157CDF4
 20:54:24.952 t20480000400000000000
 20:54:24.952 t2058D18862027FFF5000
 20:54:25.051 t200825F98F3E0048CA00
 20:54:25.051 t201847C38F0EA9F1F17A
 20:54:25.051 t202869A78F1AF1F100FB
 20:54:25.051 t203885268F220C283E07
 20:54:25.051 t20480000800000000000
 20:54:25.051 t2058D188A2027FFF5000
 20:54:25.151 t200825FBCF3E0048CA00
 20:54:25.151 t20184807CF0EF1F1F17A
 20:54:25.152 t20286A97CA3E49F900F9
 20:54:25.152 t203885FECF2205B801FF
 20:54:25.152 t20480000C00000000000
 20:54:25.152 t2058D188E2027FFF5000
 20:54:25.251 t200825FE0F3E0048CA00
 20:54:25.251 t201849A70F0EF1F1F17B
 20:54:25.252 t202867C30F4249F100F9
 20:54:25.252 t203886670F2202C7FDFD
 20:54:25.252 t20480000000000000000
 20:54:25.252 t2058D18822027FFF5000
 20:54:25.351 t200826014F3E0048CA00
 20:54:25.351 t20184000500E49F1F179
 20:54:25.351 t202867C34F1AA9F100FA
 20:54:25.352 t203886D14F2205D7E5F5
 20:54:25.352 t20480000400000000000
 20:54:25.352 t2058D18862027FFF5000
 20:54:25.451 t200826048F3E0048CA00
 20:54:25.451 t201845148F0EF1F1F17A
 20:54:25.451 t202869A78F1601F105FB
 20:54:25.451 t203887438F220357D1F3
 20:54:25.451 t20480000800000000000
 20:54:25.451 t2058D188A2027FFF5000
 20:54:25.551 t20082607CF3E0048CA00
 20:54:25.551 t2018472DCF0EF1F1F17B
 20:54:25.551 t202869A7CF1AF1F100FB
 20:54:25.551 t203887C4CF220447D5F1
 20:54:25.551 t20480000C00000000000
 20:54:25.551 t2058D188E2027FFF5000
 20:54:25.651 t200826090F3E0048CA00
 20:54:25.651 t201847C30F0EA9F1F17A
 20:54:25.652 t20286A970A3E49F900F9
 20:54:25.652 t203888C50F220487D9F7
 20:54:25.652 t20480000000000000000
 20:54:25.652 t2058D18822027FFF5000
 20:54:25.751 t2008260C4F3E0048CA00
 20:54:25.751 t201848074F0EF1F1F17A
 20:54:25.751 t202867C34F4249F100F9
 20:54:25.751 t2038800050220157CDF4
 20:54:25.751 t20480000400000000000
 20:54:25.752 t2058D18862027FFF5000
 20:54:25.851 t2008260F8F3E0048CA00
 20:54:25.851 t201849A78F0EF1F1F17B
 20:54:25.851 t202867C38F1AA9F100FA
 20:54:25.852 t203885268F220C283E07
 20:54:25.852 t20480000800000000000
 20:54:25.852 t2058D188A2027FFF5000
 20:54:25.951 t20082612CF3E0048CA00
 20:54:25.951 t20184000D00E49F1F179
 20:54:25.951 t202869A7CF1601F105FB
 20:54:25.952 t203885FECF2205B801FF
 20:54:25.952 t20480000C00000000000
 20:54:25.952 t2058D188E2027FFF5000
 20:54:26.051 t200826150F3E0048CA00
 20:54:26.051 t201845140F0EF1F1F17A
 20:54:26.051 t202869A70F1AF1F100FB
 20:54:26.051 t203886670F2202C7FDFD
 20:54:26.051 t20480000000000000000
 20:54:26.051 t2058D18822027FFF5000
 20:54:26.151 t200826174F3E0048CA00
 20:54:26.151 t2018472D4F0EF1F1F17B
 20:54:26.151 t20286A974A3E49F900F9
 20:54:26.151 t203886D14F2205D7E5F5
 20:54:26.151 t20480000400000000000
 20:54:26.151 t2058D18862027FFF5000
 20:54:26.251 t2008261A8F3E0048CA00
 20:54:26.251 t201847C38F0EA9F1F17A
 20:54:26.251 t202867C38F4249F100F9
 20:54:26.252 t203887438F220357D1F3
 20:54:26.252 t20480000800000000000
 20:54:26.252 t2058D188A2027FFF5000
 20:54:26.351 t2008261DCF3E0048CA00
 20:54:26.351 t20184807CF0EF1F1F17A
 20:54:26.351 t202867C3CF1AA9F100FA
 20:54:26.352 t203887C4CF220447D5F1
 20:54:26.352 t20480000C00000000000
 20:54:26.352 t2058D188E2027FFF5000
 20:54:26.451 t200826200F3E0048CA00
 20:54:26.451 t201849A70F0EF1F1F17B
 20:54:26.451 t202869A70F1601F105FB
 20:54:26.451 t203888C50F220487D9F7
 20:54:26.452 t20480000000000000000
 20:54:26.452 t2058D18822027FFF5000
 20:54:26.551 t200826224F3E0048CA00
 20:54:26.551 t20184000500E49F1F179
 20:54:26.551 t202869A74F1AF1F100FB
 20:54:26.551 t2038800050220157CDF4
 20:54:26.552 t20480000400000000000
 20:54:26.552 t2058D18862027FFF5000
 20:54:26.651 t200826258F3E0048CA00
 20:54:26.651 t201845148F0EF1F1F17A
 20:54:26.651 t20286A978A3E49F900F9
 20:54:26.651 t203885268F220C283E07
 20:54:26.652 t20480000800000000000
 20:54:26.652 t2058D188A2027FFF5000
 20:54:26.750 t20082628CF3E0048CA00
 20:54:26.751 t2018472DCF0EF1F1F17B
 20:54:26.751 t202867C3CF4249F100F9
 20:54:26.751 t203885FECF2205B801FF
 20:54:26.751 t20480000C00000000000
 20:54:26.751 t2058D188E2027FFF5000
 20:54:26.850 t2008262B0F3E0048CA00
 20:54:26.851 t201847C30F0EA9F1F17A
 20:54:26.851 t202867C30F1AA9F100FA
 20:54:26.851 t203886670F2202C7FDFD
 20:54:26.851 t20480000000000000000
 20:54:26.851 t2058D18822027FFF5000
 20:54:26.951 t2008262E4F3E0048CA00
 20:54:26.951 t201848074F0EF1F1F17A
 20:54:26.951 t202869A74F1601F105FB
 20:54:26.951 t203886D14F2205D7E5F5
 20:54:26.952 t20480000400000000000
 20:54:26.952 t2058D18862027FFF5000
 20:54:27.051 t200826308F3E0048CA00
 20:54:27.051 t201849A78F0EF1F1F17B
 20:54:27.051 t202869A78F1AF1F100FB
 20:54:27.051 t203887438F220357D1F3
 20:54:27.052 t20480000800000000000
 20:54:27.052 t2058D188A2027FFF5000
 20:54:27.151 t20082633CF3E0048CA00
 20:54:27.151 t20184000D00E49F1F179
 20:54:27.151 t20286A97CA3E49F900F9
 20:54:27.151 t203887C4CF220447D5F1
 20:54:27.151 t20480000C00000000000
 20:54:27.151 t2058D188E2027FFF5000
 20:54:27.250 t200826360F3E0048CA00
 20:54:27.250 t201845140F0EF1F1F17A
 20:54:27.251 t202867C30F4249F100F9
 20:54:27.251 t203888C50F220487D9F7
 20:54:27.251 t20480000000000000000
 20:54:27.251 t2058D18822027FFF5000
 20:54:27.351 t200826394F3E0048CA00
 20:54:27.352 t2018472D4F0EF1F1F17B
 20:54:27.352 t202867C34F1AA9F100FA
 20:54:27.352 t2038800050220157CDF4
 20:54:27.352 t20480000400000000000
 20:54:27.353 t2058D18862027FFF5000
 20:54:27.451 t2008263B8F3E0048CA00
 20:54:27.451 t201847C38F0EA9F1F17A
 20:54:27.451 t202869A78F1601F105FB
 20:54:27.452 t203885268F220C283E07
 20:54:27.452 t20480000800000000000
 20:54:27.452 t2058D188A2027FFF5000
 20:54:27.551 t2008263ECF3E0048CA00
 20:54:27.551 t20184807CF0EF1F1F17A
 20:54:27.551 t202869A7CF1AF1F100FB
 20:54:27.552 t203885FECF2205B801FF
 20:54:27.552 t20480000C00000000000
 20:54:27.552 t2058D188E2027FFF5000
 20:54:27.651 t200826410F3E0048CA00
 20:54:27.652 t201849A70F0EF1F1F17B
 20:54:27.652 t20286A970A3E49F900F9
 20:54:27.652 t203886670F2202C7FDFD
 20:54:27.652 t20480000000000000000
 20:54:27.653 t2058D18822027FFF5000
 20:54:27.751 t200826444F3E0048CA00
 20:54:27.752 t20184000500E49F1F179
 20:54:27.752 t202867C34F4249F100F9
 20:54:27.752 t203886D14F2205D7E5F5
 20:54:27.752 t20480000400000000000
 20:54:27.752 t2058D18862027FFF5000
 20:54:27.851 t200826478F3E0048CA00
 20:54:27.852 t201845148F0EF1F1F17A
 20:54:27.852 t202867C38F1AA9F100FA
 20:54:27.852 t203887438F220357D1F3
 20:54:27.852 t20480000800000000000
 20:54:27.852 t2058D188A2027FFF5000
 20:54:27.951 t20082649CF3E0048CA00
 20:54:27.952 t2018472DCF0EF1F1F17B
 20:54:27.952 t202869A7CF1601F105FB
 20:54:27.952 t203887C4CF220447D5F1
 20:54:27.952 t20480000C00000000000
 20:54:27.952 t2058D188E2027FFF5000
 20:54:28.051 t2008264C0F3E0048CA00
 20:54:28.051 t201847C30F0EA9F1F17A
 20:54:28.051 t202869A70F1AF1F100FB
 20:54:28.051 t203888C50F220487D9F7
 20:54:28.052 t20480000000000000000
 20:54:28.052 t2058D18822027FFF5000
 20:54:28.151 t2008264F4F3E0048CA00
 20:54:28.151 t201848074F0EF1F1F17A
 20:54:28.151 t20286A974A3E49F900F9
 20:54:28.151 t2038800050220157CDF4
 20:54:28.152 t20480000400000000000
 20:54:28.152 t2058D18862027FFF5000
 20:54:28.251 t200826528F3E0048CA00
 20:54:28.251 t201849A78F0EF1F1F17B
 20:54:28.252 t202867C38F4249F100F9
 20:54:28.252 t203885268F220C283E07
 20:54:28.252 t20480000800000000000
 20:54:28.252 t2058D188A2027FFF5000
 20:54:28.351 t20082654CF3E0048CA00
 20:54:28.351 t20184000D00E49F1F179
 20:54:28.351 t202867C3CF1AA9F100FA
 20:54:28.351 t203885FECF2205B801FF
 20:54:28.352 t20480000C00000000000
 20:54:28.352 t2058D188E2027FFF5000
 20:54:28.451 t200826570F3E0048CA00
 20:54:28.451 t201845140F0EF1F1F17A
 20:54:28.452 t202869A70F1601F105FB
 20:54:28.452 t203886670F2202C7FDFD
 20:54:28.452 t20480000000000000000
 20:54:28.452 t2058D18822027FFF5000
 20:54:28.551 t2008265A4F3E0048CA00
 20:54:28.551 t2018472D4F0EF1F1F17B
 20:54:28.552 t202869A74F1AF1F100FB
 20:54:28.552 t203886D14F2205D7E5F5
 20:54:28.552 t20480000400000000000
 20:54:28.552 t2058D18862027FFF5000
 20:54:28.651 t2008265D8F3E0048CA00
 20:54:28.651 t201847C38F0EA9F1F17A
 20:54:28.652 t20286A978A3E49F900F9
 20:54:28.652 t203887438F220357D1F3
 20:54:28.652 t20480000800000000000
 20:54:28.652 t2058D188A2027FFF5000
 20:54:28.751 t20082660CF3E0048CA00
 20:54:28.751 t20184807CF0EF1F1F17A
 20:54:28.751 t202867C3CF4249F100F9
 20:54:28.751 t203887C4CF220447D5F1
 20:54:28.751 t20480000C00000000000
 20:54:28.751 t2058D188E2027FFF5000
 20:54:28.851 t200826620F3E0048CA00
 20:54:28.851 t201849A70F0EF1F1F17B
 20:54:28.851 t202867C30F1AA9F100FA
 20:54:28.851 t203888C50F220487D9F7
 20:54:28.851 t20480000000000000000
 20:54:28.851 t2058D18822027FFF5000
 20:54:28.951 t200826654F3E0048CA00
 20:54:28.951 t20184000500E49F1F179
 20:54:28.952 t202869A74F1601F105FB
 20:54:28.952 t2038800050220157CDF4
 20:54:28.952 t20480000400000000000
 20:54:28.952 t2058D18862027FFF5000
 20:54:29.051 t200826688F3E0048CA00
 20:54:29.051 t201845148F0EF1F1F17A
 20:54:29.052 t202869A78F1AF1F100FB
 20:54:29.052 t203885268F220C283E07
 20:54:29.052 t20480000800000000000
 20:54:29.052 t2058D188A2027FFF5000
 20:54:29.151 t2008266BCF3E0048CA00
 20:54:29.151 t2018472DCF0EF1F1F17B
 20:54:29.151 t20286A97CA3E49F900F9
 20:54:29.152 t203885FECF2205B801FF
 20:54:29.152 t20480000C00000000000
 20:54:29.152 t2058D188E2027FFF5000
 20:54:29.251 t2008266D0F3E0048CA00
 20:54:29.251 t201847C30F0EA9F1F17A
 20:54:29.251 t202867C30F4249F100F9
 20:54:29.251 t203886670F2202C7FDFD
 20:54:29.251 t20480000000000000000
 20:54:29.251 t2058D18822027FFF5000
 20:54:29.351 t200826704F3E0048CA00
 20:54:29.351 t201848074F0EF1F1F17A
 20:54:29.351 t202867C34F1AA9F100FA
 20:54:29.351 t203889794F2002E7EDFD
 20:54:29.351 t20480000400000000000
 20:54:29.351 t2058D18862027FFF5000
 20:54:29.451 t200826738F3E0048CA00
 20:54:29.451 t201849A78F0EF1F1F17B
 20:54:29.451 t202869A78F1601F105FB
 20:54:29.451 t203885FE8F2205B801FF
 20:54:29.451 t20480000800000000000
 20:54:29.451 t2058D188A2027FFF5000
 20:54:29.551 t20082676CF3E0048CA00
 20:54:29.551 t20184000D00E49F1F179
 20:54:29.551 t202869A7CF1AF1F100FB
 20:54:29.551 t20388667CF2202C7FDFD
 20:54:29.551 t20480000C00000000000
 20:54:29.551 t2058D188E2027FFF5000
 20:54:29.651 t200826790F3E0048CA00
 20:54:29.651 t201845140F0EF1F1F17A
 20:54:29.651 t20286A970A3E49F900F9
 20:54:29.651 t203886D10F2205D7E5F5
 20:54:29.651 t20480000000000000000
 20:54:29.651 t2058D18822027FFF5000
 20:54:29.751 t2008267B4F3E0048CA00
 20:54:29.751 t2018472D4F0EF1F1F17B
 20:54:29.751 t202867C34F4249F100F9
 20:54:29.751 t203887434F220357D1F3
 20:54:29.751 t20480000400000000000
 20:54:29.751 t2058D18862027FFF5000
 20:54:29.851 t2008267E8F3E0048CA00
 20:54:29.851 t201847C38F0EA9F1F17A
 20:54:29.851 t202867C38F1AA9F100FA
 20:54:29.851 t203887C48F220447D5F1
 20:54:29.851 t20480000800000000000
 20:54:29.851 t2058D188A2027FFF5000
 20:54:29.951 t20082681CF3E0048CA00
 20:54:29.951 t20184807CF0EF1F1F17A
 20:54:29.951 t202869A7CF1601F105FB
 20:54:29.951 t203888C5CF220487D9F7
 20:54:29.951 t20480000C00000000000
 20:54:29.951 t2058D188E2027FFF5000
 20:54:30.050 t200826840F3E0048CA00
 20:54:30.051 t201849A70F0EF1F1F17B
 20:54:30.051 t202869A70F1AF1F100FB
 20:54:30.051 t203889790F2202E7EDFD
 20:54:30.051 t20480000000000000000
 20:54:30.051 t2058D18822027FFF5000
 20:54:30.150 t200826864F3E0048CA00
 20:54:30.151 t20184000500E49F1F179
 20:54:30.151 t20286A974A3E49F900F9
 20:54:30.151 t2038800050220157CDF4
 20:54:30.151 t20480000400000000000
 20:54:30.151 t2058D18862027FFF5000
 20:54:30.250 t200826898F3E0048CA00
 20:54:30.251 t201845148F0EF1F1F17A
 20:54:30.251 t202867C38F4249F100F9
 20:54:30.251 t203885FE8F2205B801FF
 20:54:30.251 t20480000800000000000
 20:54:30.251 t2058D188A2027FFF5000
 20:54:30.351 t2008268CCF3E0048CA00
 20:54:30.351 t2018472DCF0EF1F1F17B
 20:54:30.351 t202867C3CF1AA9F100FA
 20:54:30.351 t20388667CF2202C7FDFD
 20:54:30.351 t20480000C00000000000
 20:54:30.352 t2058D188E2027FFF5000
 20:54:30.451 t2008268F0F3E0048CA00
 20:54:30.451 t201847C30F0EA9F1F17A
 20:54:30.451 t202869A70F1601F105FB
 20:54:30.451 t203886D10F2205D7E5F5
 20:54:30.451 t20480000000000000000
 20:54:30.452 t2058D18822027FFF5000
 20:54:30.550 t200826924F3E0048CA00
 20:54:30.550 t201848074F0EF1F1F17A
 20:54:30.551 t202869A74F1AF1F100FB
 20:54:30.551 t203887434F220357D1F3
 20:54:30.551 t20480000400000000000
 20:54:30.551 t2058D18862027FFF5000
 20:54:30.651 t200826948F3E0048CA00
 20:54:30.651 t201849A78F0EF1F1F17B
 20:54:30.651 t20286A978A3E49F900F9
 20:54:30.651 t203887C48F220447D5F1
 20:54:30.651 t20480000800000000000
 20:54:30.652 t2058D188A2027FFF5000
 20:54:30.750 t20082697CF3E0048CA00
 20:54:30.750 t20184000D00E49F1F179
 20:54:30.751 t202867C3CF4249F100F9
 20:54:30.751 t203888C5CF220487D9F7
 20:54:30.751 t20480000C00000000000
 20:54:30.751 t2058D188E2027FFF5000
 20:54:30.850 t2008269A0F3E0048CA00
 20:54:30.850 t201845140F0EF1F1F17A
 20:54:30.851 t202867C30F1AA9F100FA
 20:54:30.851 t203889790F2202E7EDFD
 20:54:30.851 t20480000000000000000
 20:54:30.851 t2058D18822027FFF5000
 20:54:30.951 t2008269D4F3E0048CA00
 20:54:30.952 t2018472D4F0EF1F1F17B
 20:54:30.952 t202869A74F1601F105FB
 20:54:30.952 t2038800050220157CDF4
 20:54:30.952 t20480000400000000000
 20:54:30.953 t2058D18862027FFF5000
 20:54:31.051 t2008269F8F3E0048CA00
 20:54:31.052 t201847C38F0EA9F1F17A
 20:54:31.052 t202869A78F1AF1F100FB
 20:54:31.052 t203885FE8F2205B801FF
 20:54:31.052 t20480000800000000000
 20:54:31.052 t2058D188A2027FFF5000
 20:54:31.151 t200826A2CF3E0048CA00
 20:54:31.152 t20184807CF0EF1F1F17A
 20:54:31.152 t20286A97CA3E49F900F9
 20:54:31.152 t20388667CF2202C7FDFD
 20:54:31.152 t20480000C00000000000
 20:54:31.153 t2058D188E2027FFF5000
 20:54:31.251 t200826A50F3E0048CA00
 20:54:31.251 t201849A70F0EF1F1F17B
 20:54:31.252 t202867C30F4249F100F9
 20:54:31.252 t203886D10F2205D7E5F5
 20:54:31.252 t20480000000000000000
 20:54:31.252 t2058D18822027FFF5000
 20:54:31.351 t200826A84F3E0048CA00
 20:54:31.352 t20184000500E49F1F179
 20:54:31.352 t202867C34F1AA9F100FA
 20:54:31.352 t203887434F220357D1F3
 20:54:31.352 t20480000400000000000
 20:54:31.352 t2058D18862027FFF5000
 20:54:31.451 t200826AB8F3E0048CA00
 20:54:31.451 t201845148F0EF1F1F17A
 20:54:31.451 t202869A78F1601F105FB
 20:54:31.451 t203887C48F220447D5F1
 20:54:31.452 t20480000800000000000
 20:54:31.452 t2058D188A2027FFF5000
 20:54:31.551 t200826ADCF3E0048CA00
 20:54:31.551 t2018472DCF0EF1F1F17B
 20:54:31.551 t202869A7CF1AF1F100FB
 20:54:31.551 t203888C5CF220487D9F7
 20:54:31.552 t20480000C00000000000
 20:54:31.552 t2058D188E2027FFF5000
 20:54:31.651 t200826B00F3E0048CA00
 20:54:31.652 t201847C30F0EA9F1F17A
 20:54:31.652 t20286A970A3E49F900F9
 20:54:31.652 t203889790F2202E7EDFD
 20:54:31.652 t20480000000000000000
 20:54:31.652 t2058D18822027FFF5000
 20:54:31.751 t200826B34F3E0048CA00
 20:54:31.752 t201848074F0EF1F1F17A
 20:54:31.752 t202867C34F4249F100F9
 20:54:31.752 t2038800050220157CDF4
 20:54:31.752 t20480000400000000000
 20:54:31.752 t2058D18862027FFF5000
 20:54:31.851 t200826B68F3E0048CA00
 20:54:31.851 t201849A78F0EF1F1F17B
 20:54:31.852 t202867C38F1AA9F100FA
 20:54:31.852 t203885FE8F2205B801FF
 20:54:31.852 t20480000800000000000
 20:54:31.852 t2058D188A2027FFF5000
 20:54:31.951 t200826B8CF3E0048CA00
 20:54:31.951 t20184000D00E49F1F179
 20:54:31.952 t202869A7CF1601F105FB
 20:54:31.952 t20388667CF2202C7FDFD
 20:54:31.952 t20480000C00000000000
 20:54:31.952 t2058D188E2027FFF5000
 20:54:32.051 t200826BB0F3E0048CA00
 20:54:32.051 t201845140F0EF1F1F17A
 20:54:32.052 t202869A70F1AF1F100FB
 20:54:32.052 t203886D10F2205D7E5F5
 20:54:32.052 t20480000000000000000
 20:54:32.052 t2058D18822027FFF5000
 20:54:32.151 t200826BE4F3E0048CA00
 20:54:32.151 t20184000510C49F1F179
 20:54:32.151 t20286AA44F4449F102F9
 20:54:32.151 t203887434F220357D1F3
 20:54:32.152 t20480000400000000000
 20:54:32.152 t2058D18862027FFF5000
 20:54:32.251 t200826C18F3E0048CA00
 20:54:32.251 t201845148F0EF1F1F17A
 20:54:32.251 t20286AA48F18A9F100FA
 20:54:32.251 t203887C48F220447D5F1
 20:54:32.251 t20480000800000000000
 20:54:32.251 t2058D188A2027FFF5000
 20:54:32.351 t200826C4CF3E0048CA00
 20:54:32.351 t2018472DCF0EF1F1F17B
 20:54:32.352 t20286A97CA3E49F900F9
 20:54:32.352 t203888C5CF220487D9F7
 20:54:32.352 t20480000C00000000000
 20:54:32.352 t2058D188E2027FFF5000
 20:54:32.451 t200826C60F3E0048CA00
 20:54:32.451 t201847C30F0EA9F1F17A
 20:54:32.452 t202867C30F4249F100F9
 20:54:32.452 t203889790F2202E7EDFD
 20:54:32.452 t20480000000000000000
 20:54:32.452 t2058D18822027FFF5000
 20:54:32.551 t200826C94F3E0048CA00
 20:54:32.551 t201848074F0EF1F1F17A
 20:54:32.551 t202867C34F1AA9F100FA
 20:54:32.552 t2038800050220157CDF4
 20:54:32.552 t20480000400000000000
 20:54:32.552 t2058D18862027FFF5000
 20:54:32.651 t200826CC8F3E0048CA00
 20:54:32.651 t201849A78F0EF1F1F17B
 20:54:32.651 t202869A78F1601F105FB
 20:54:32.651 t203885FE8F2205B801FF
 20:54:32.651 t20480000800000000000
 20:54:32.652 t2058D188A2027FFF5000
 20:54:32.751 t200826CFCF3E0048CA00
 20:54:32.751 t20184000D00E49F1F179
 20:54:32.751 t202869A7CF1AF1F100FB
 20:54:32.752 t20388667CF2202C7FDFD
 20:54:32.752 t20480000C00000000000
 20:54:32.752 t2058D188E2027FFF5000
 20:54:32.851 t200826D10F3E0046CA00
 20:54:32.851 t20184000110E49F1F179
 20:54:32.851 t20286AA40F4649F102F9
 20:54:32.851 t203886D10F2205D7E5F5
 20:54:32.851 t20480000000000000000
 20:54:32.851 t2058D18822027FFF5000
 20:54:32.951 t200826D44F3E0046CA00
 20:54:32.951 t201845144F0EF1F1F17A
 20:54:32.951 t20286AA44F1AA9F100FA
 20:54:32.952 t203887434F220357D1F3
 20:54:32.952 t20480000400000000000
 20:54:32.952 t2058D18862027FFF5000
 20:54:33.051 t200826D78F3E0046CA00
 20:54:33.051 t2018472D8F0EF1F1F17B
 20:54:33.051 t20286A978A3E49F900F9
 20:54:33.052 t203887C48F220447D5F1
 20:54:33.052 t20480000800000000000
 20:54:33.052 t2058D188A2027FFF5000
 20:54:33.151 t200826DACF3E0046CA00
 20:54:33.151 t201847C3CF0EA9F1F17A
 20:54:33.151 t202867C3CF4249F100F9
 20:54:33.152 t203888C5CF220487D9F7
 20:54:33.152 t20480000C00000000000
 20:54:33.152 t2058D188E2027FFF5000
 20:54:33.251 t200826DD0F3E0046CA00
 20:54:33.251 t201848070F0EF1F1F17A
 20:54:33.251 t202867C30F1AA9F100FA
 20:54:33.252 t203889790F2202E7EDFD
 20:54:33.252 t20480000000000000000
 20:54:33.252 t2058D18822027FFF5000
 20:54:33.351 t200826DF4F3E0046CA00
 20:54:33.351 t201849A74F0EF1F1F17B
 20:54:33.351 t202869A74F1601F105FB
 20:54:33.351 t20388A0E4F2001B7F5FD
 20:54:33.351 t20480000400000000000
 20:54:33.351 t2058D18862027FFF5000
 20:54:33.451 t200826E28F3E0046CA00
 20:54:33.451 t20184000900E49F1F179
 20:54:33.451 t202869A78F1AF1F100FB
 20:54:33.451 t20388A4C8F203FF7F7FF
 20:54:33.451 t20480000800000000000
 20:54:33.451 t2058D188A2027FFF5000
 20:54:33.551 t200826E5CF3E0046CA00
 20:54:33.551 t20184000D10E49F1F179
 20:54:33.551 t20286AA4CF4649F102F9
 20:54:33.551 t20388667CF2202C7FDFD
 20:54:33.551 t20480000C00000000000
 20:54:33.551 t2058D188E2027FFF5000
 20:54:33.651 t200826E80F3E0046CA00
 20:54:33.651 t201845140F0EF1F1F17A
 20:54:33.651 t20286AA40F1AA9F100FA
 20:54:33.651 t203886D10F2205D7E5F5
 20:54:33.652 t20480000000000000000
 20:54:33.652 t2058D18822027FFF5000
 20:54:33.751 t200826EA4F3E0046CA00
 20:54:33.751 t2018472D4F0EF1F1F17B
 20:54:33.751 t20286A974A3E49F900F9
 20:54:33.752 t203887434F220357D1F3
 20:54:33.752 t20480000400000000000
 20:54:33.752 t2058D18862027FFF5000
 20:54:33.851 t200826ED8F3E0046CA00
 20:54:33.851 t201847C38F0EA9F1F17A
 20:54:33.851 t202867C38F4249F100F9
 20:54:33.851 t203887C48F220447D5F1
 20:54:33.852 t20480000800000000000
 20:54:33.852 t2058D188A2027FFF5000
 20:54:33.951 t200826F0CF3E0046CA00
 20:54:33.951 t20184807CF0EF1F1F17A
 20:54:33.951 t202867C3CF1AA9F100FA
 20:54:33.951 t203888C5CF220487D9F7
 20:54:33.952 t20480000C00000000000
 20:54:33.952 t2058D188E2027FFF5000
 20:54:34.051 t200826F30F3E0046CA00
 20:54:34.051 t201849A70F0EF1F1F17B
 20:54:34.051 t202869A70F1601F105FB
 20:54:34.051 t203889790F2202E7EDFD
 20:54:34.052 t20480000000000000000
 20:54:34.052 t2058D18822027FFF5000
 20:54:34.150 t200826F64F3E0046CA00
 20:54:34.151 t20184000500E49F1F179
 20:54:34.151 t202869A74F1AF1F100FB
 20:54:34.151 t20388A0E4F2201B7F5FD
 20:54:34.151 t20480000400000000000
 20:54:34.151 t2058D18862027FFF5000
 20:54:34.250 t200826F88F3E0046CA00
 20:54:34.251 t20184000910E49F1F179
 20:54:34.251 t20286AA48F4649F102F9
 20:54:34.251 t2038800090220157CDF4
 20:54:34.251 t20480000800000000000
 20:54:34.251 t2058D188A2027FFF5000
 20:54:34.350 t200826FBCF3E0046CA00
 20:54:34.351 t20184514CF0EF1F1F17A
 20:54:34.351 t20286AE0CF1401F107FA
 20:54:34.351 t20388A4CCF223FF7F7FF
 20:54:34.351 t20480000C00000000000
 20:54:34.351 t2058D188E2027FFF5000
 20:54:34.451 t200826FE0F3E0046CA00
 20:54:34.451 t2018472D0F0EF1F1F17B
 20:54:34.451 t20286AE00F18F1F100FA
 20:54:34.451 t203886670F2202C7FDFD
 20:54:34.451 t20480000000000000000
 20:54:34.452 t2058D18822027FFF5000
 20:54:34.551 t200827014F3E0046CA00
 20:54:34.551 t201847C34F0EA9F1F17A
 20:54:34.551 t20286A974A3E49F900F9
 20:54:34.551 t203886D14F2205D7E5F5
 20:54:34.551 t20480000400000000000
 20:54:34.552 t2058D18862027FFF5000
 20:54:34.650 t200827038F3E0046CA00
 20:54:34.651 t201848078F0EF1F1F17A
 20:54:34.651 t202867C38F4249F100F9
 20:54:34.651 t203887438F220357D1F3
 20:54:34.651 t20480000800000000000
 20:54:34.651 t2058D188A2027FFF5000
 20:54:34.750 t20082706CF3E0046CA00
 20:54:34.750 t201849A7CF0EF1F1F17B
 20:54:34.751 t202867C3CF1AA9F100FA
 20:54:34.751 t203887C4CF220447D5F1
 20:54:34.751 t20480000C00000000000
 20:54:34.751 t2058D188E2027FFF5000
 20:54:34.850 t200827090F3E0046CA00
 20:54:34.850 t20184000100E49F1F179
 20:54:34.850 t202869A70F1601F105FB
 20:54:34.851 t203888C50F220487D9F7
 20:54:34.851 t20480000000000000000
 20:54:34.851 t2058D18822027FFF5000
 20:54:34.950 t2008270C4F3E0046CA00
 20:54:34.950 t20184000510E49F1F179
 20:54:34.950 t202869A74F1AF1F100FB
 20:54:34.951 t203889794F2202E7EDFD
 20:54:34.951 t20480000400000000000
 20:54:34.951 t2058D18862027FFF5000
 20:54:35.050 t2008270F8F3E0046CA00
 20:54:35.051 t201845148F0EF1F1F17A
 20:54:35.051 t20286AA48F4649F102F9
 20:54:35.051 t20388A0E8F2201B7F5FD
 20:54:35.051 t20480000800000000000
 20:54:35.052 t2058D188A2027FFF5000
 20:54:35.151 t20082711CF3E0046CA00
 20:54:35.152 t2018472DCF0EF1F1F17B
 20:54:35.152 t20286AA4CF1AA9F100FA
 20:54:35.152 t20388000D0220157CDF4
 20:54:35.152 t20480000C00000000000
 20:54:35.152 t2058D188E2027FFF5000
 20:54:35.251 t200827140F3E0046CA00
 20:54:35.252 t201847C30F0EA9F1F17A
 20:54:35.252 t20286AE00F1601F107FA
 20:54:35.252 t20388A4C0F223FF7F7FF
 20:54:35.252 t20480000000000000000
 20:54:35.252 t2058D18822027FFF5000
 20:54:35.351 t200827174F3E0046CA00
 20:54:35.352 t201848074F0EF1F1F17A
 20:54:35.352 t20286AE04F1AF1F100FA
 20:54:35.352 t203886674F2202C7FDFD
 20:54:35.352 t20480000400000000000
 20:54:35.352 t2058D18862027FFF5000
 20:54:35.451 t2008271A8F3E0046CA00
 20:54:35.451 t201849A78F0EF1F1F17B
 20:54:35.451 t20286A978A3E49F900F9
 20:54:35.451 t203886D18F2205D7E5F5
 20:54:35.452 t20480000800000000000
 20:54:35.452 t2058D188A2027FFF5000
 20:54:35.551 t2008271CCF3E0046CA00
 20:54:35.551 t20184000D00E49F1F179
 20:54:35.551 t202867C3CF4249F100F9
 20:54:35.551 t20388A4CCF2002A7F5FD
 20:54:35.551 t20480000C00000000000
 20:54:35.552 t2058D188E2027FFF5000
 20:54:35.651 t2008271F0F3E0046CA00
 20:54:35.651 t20184000110E49F1F179
 20:54:35.651 t202867C30F1AA9F100FA
 20:54:35.651 t20388AA40F203FF7FFFF
 20:54:35.652 t20480000000000000000
 20:54:35.652 t2058D18822027FFF5000
 20:54:35.751 t200827224F3E0046CA00
 20:54:35.751 t201845144F0EF1F1F17A
 20:54:35.751 t202869A74F1601F105FB
 20:54:35.752 t203886D14F2205D7E5F5
 20:54:35.752 t20480000400000000000
 20:54:35.752 t2058D18862027FFF5000
 20:54:35.851 t200827258F3E0046CA00
 20:54:35.851 t2018472D8F0EF1F1F17B
 20:54:35.852 t202869A78F1AF1F100FB
 20:54:35.852 t203887438F220357D1F3
 20:54:35.852 t20480000800000000000
 20:54:35.852 t2058D188A2027FFF5000
 20:54:35.951 t20082728CF3E0046CA00
 20:54:35.951 t201847C3CF0EA9F1F17A
 20:54:35.952 t20286AA4CF4649F102F9
 20:54:35.952 t203887C4CF220447D5F1
 20:54:35.952 t20480000C00000000000
 20:54:35.952 t2058D188E2027FFF5000
 20:54:36.051 t2008272A0F3E0046CA00
 20:54:36.051 t201848070F0EF1F1F17A
 20:54:36.051 t20286AA40F1AA9F100FA
 20:54:36.052 t203888C50F220487D9F7
 20:54:36.052 t20480000000000000000
 20:54:36.052 t2058D18822027FFF5000
 20:54:36.151 t2008272D4F3E0046CA00
 20:54:36.151 t20184AA44F0CA9F1F17A
 20:54:36.151 t20286AE04F1601F107FA
 20:54:36.151 t203889794F2202E7EDFD
 20:54:36.151 t20480000400000000000
 20:54:36.151 t2058D18862027FFF5000
 20:54:36.251 t200827308F3E0046CA00
 20:54:36.251 t20184AE08F0CF1F1F17A
 20:54:36.251 t20286AE08F1AF1F100FA
 20:54:36.251 t20388A0E8F2201B7F5FD
 20:54:36.251 t20480000800000000000
 20:54:36.251 t2058D188A2027FFF5000
 20:54:36.351 t20082733CF3E0046CA00
 20:54:36.351 t20184514CF0EF1F1F17A
 20:54:36.352 t20286A97CA3E49F900F9
 20:54:36.352 t20388000D0220157CDF4
 20:54:36.352 t20480000C00000000000
 20:54:36.352 t2058D188E2027FFF5000
 20:54:36.451 t200827350F3E0046CA00
 20:54:36.451 t2018472D0F0EF1F1F17B
 20:54:36.451 t202867C30F4249F100F9
 20:54:36.451 t20388A4C0F2202A7F5FD
 20:54:36.451 t20480000000000000000
 20:54:36.451 t2058D18822027FFF5000
 20:54:36.551 t200827384F3E0046CA00
 20:54:36.551 t201847C34F0EA9F1F17A
 20:54:36.551 t202867C34F1AA9F100FA
 20:54:36.552 t20388AA44F223FF7FFFF
 20:54:36.552 t20480000400000000000
 20:54:36.552 t2058D18862027FFF5000
 20:54:36.651 t2008273B8F3E0046CA00
 20:54:36.651 t201848078F0EF1F1F17A
 20:54:36.651 t202869A78F1601F105FB
 20:54:36.652 t203886D18F2205D7E5F5
 20:54:36.652 t20480000800000000000
 20:54:36.652 t2058D188A2027FFF5000
 20:54:36.751 t2008273ECF3E0046CA00
 20:54:36.751 t201849A7CF0EF1F1F17B
 20:54:36.751 t202869A7CF1AF1F100FB
 20:54:36.751 t20388743CF220357D1F3
 20:54:36.751 t20480000C00000000000
 20:54:36.751 t2058D188E2027FFF5000
 20:54:36.851 t200827410F3E0046CA00
 20:54:36.851 t20184000100E49F1F179
 20:54:36.851 t20286AA40F4649F102F9
 20:54:36.851 t203887C40F220447D5F1
 20:54:36.851 t20480000000000000000
 20:54:36.851 t2058D18822027FFF5000
 20:54:36.951 t200827434F3E0046CA00
 20:54:36.951 t20184AA44F0EA9F1F17A
 20:54:36.951 t20286AA44F1AA9F100FA
 20:54:36.952 t2038800051200177F5F1
 20:54:36.952 t20480000400000000000
 20:54:36.952 t2058D18862027FFF5000
 20:54:37.051 t200827468F3E0046CA00
 20:54:37.051 t20184AE08F0EF1F1F17A
 20:54:37.051 t20286AE08F1601F107FA
 20:54:37.052 t2038802591203FF7B7FF
 20:54:37.052 t20480000800000000000
 20:54:37.052 t2058D188A2027FFF5000
 20:54:37.151 t20082749CF3E0046CA00
 20:54:37.151 t20184000D10E49F1F179
 20:54:37.151 t20286AE0CF1AF1F100FA
 20:54:37.151 t203886D1CF2205D7E5F5
 20:54:37.151 t20480000C00000000000
 20:54:37.151 t2058D188E2027FFF5000
 20:54:37.251 t2008274C0F3E0046CA00
 20:54:37.251 t201845140F0EF1F1F17A
 20:54:37.251 t20286A970A3E49F900F9
 20:54:37.251 t203887430F220357D1F3
 20:54:37.251 t20480000000000000000
 20:54:37.251 t2058D18822027FFF5000
 20:54:37.351 t2008274E4F3E0046CA00
 20:54:37.351 t2018472D4F0EF1F1F17B
 20:54:37.351 t202867C34F4249F100F9
 20:54:37.351 t203887C44F220447D5F1
 20:54:37.352 t20480000400000000000
 20:54:37.352 t2058D18862027FFF5000
 20:54:37.450 t200827518F3E0046CA00
 20:54:37.451 t201847C38F0EA9F1F17A
 20:54:37.451 t202867C38F1AA9F100FA
 20:54:37.451 t203888C58F220487D9F7
 20:54:37.451 t20480000800000000000
 20:54:37.451 t2058D188A2027FFF5000
 20:54:37.551 t20082754CF3E0046CA00
 20:54:37.551 t20184807CF0EF1F1F17A
 20:54:37.551 t202869A7CF1601F105FB
 20:54:37.551 t20388979CF2202E7EDFD
 20:54:37.551 t20480000C00000000000
 20:54:37.551 t2058D188E2027FFF5000
 20:54:37.651 t200827570F3E0046CA00
 20:54:37.651 t201849A70F0EF1F1F17B
 20:54:37.651 t202869A70F1AF1F100FB
 20:54:37.651 t20388A0E0F2201B7F5FD
 20:54:37.652 t20480000000000000000
 20:54:37.652 t2058D18822027FFF5000
 20:54:37.751 t2008275A4F3E0046CA00
 20:54:37.751 t20184000500E49F1F179
 20:54:37.751 t20286AA44F4649F102F9
 20:54:37.751 t203886D14F2005D7E5F5
 20:54:37.752 t20480000400000000000
 20:54:37.752 t2058D18862027FFF5000
 20:54:37.851 t2008275C8F3E0046CA00
 20:54:37.851 t20184AA48F0EA9F1F17A
 20:54:37.851 t20286AA48F1AA9F100FA
 20:54:37.851 t203887C48F200447D5F1
 20:54:37.852 t20480000800000000000
 20:54:37.852 t2058D188A2027FFF5000
 20:54:37.951 t2008275FCF3E0046CA00
 20:54:37.951 t20184AE0CF0EF1F1F17A
 20:54:37.951 t20286AE0CF1601F107FA
 20:54:37.951 t203888C5CF200B47D9FB
 20:54:37.951 t20480000C00000000000
 20:54:37.952 t2058D188E2027FFF5000
 20:54:38.050 t200827620F3E0046CA00
 20:54:38.050 t20184000110E49F1F179
 20:54:38.051 t20286AE00F1AF1F100FA
 20:54:38.051 t203889A70F200A07F5FD
 20:54:38.051 t20480000000000000000
 20:54:38.051 t2058D18822027FFF5000
 20:54:38.150 t200827654F3E0046CA00
 20:54:38.150 t201845144F0EF1F1F17A
 20:54:38.151 t20286A974A3E49F900F9
 20:54:38.151 t20388AA44F203FF7FFFF
 20:54:38.151 t20480000400000000000
 20:54:38.151 t2058D18862027FFF5000
 20:54:38.250 t200827678F3E0046CA00
 20:54:38.251 t2018472D8F0EF1F1F17B
 20:54:38.251 t202867C38F4249F100F9
 20:54:38.251 t203886D18F2205D7E5F5
 20:54:38.251 t20480000800000000000
 20:54:38.251 t2058D188A2027FFF5000
 20:54:38.351 t2008276ACF3E0046CA00
 20:54:38.351 t201847C3CF0EA9F1F17A
 20:54:38.351 t202867C3CF1AA9F100FA
 20:54:38.351 t203887C4CF220447D5F1
 20:54:38.351 t20480000C00000000000
 20:54:38.352 t2058D188E2027FFF5000
 20:54:38.450 t2008276D0F3E0046CA00
 20:54:38.451 t201848070F0EF1F1F17A
 20:54:38.451 t202869A70F1601F105FB
 20:54:38.451 t203888C50F220B47D9FB
 20:54:38.451 t20480000000000000000
 20:54:38.452 t2058D18822027FFF5000
 20:54:38.550 t200827704F3E0046CA00
 20:54:38.550 t201849A74F0EF1F1F17B
 20:54:38.550 t202869A74F1AF1F100FB
 20:54:38.551 t203889A74F220A07F5FD
 20:54:38.551 t20480000400000000000
 20:54:38.551 t2058D18862027FFF5000
 20:54:38.650 t200827738F3E0046CA00
 20:54:38.650 t20184000900E49F1F179
 20:54:38.651 t20286AA48F4649F102F9
 20:54:38.651 t2038800090220157CDF4
 20:54:38.651 t20480000800000000000
 20:54:38.651 t2058D188A2027FFF5000
 20:54:38.750 t20082775CF3E0046CA00
 20:54:38.750 t20184AA4CF0EA9F1F17A
 20:54:38.750 t20286AA4CF1AA9F100FA
 20:54:38.751 t20388AA4CF223FF7FFFF
 20:54:38.751 t20480000C00000000000
 20:54:38.751 t2058D188E2027FFF5000
 20:54:38.850 t200827780F3E0046CA00
 20:54:38.850 t20184AE00F0EF1F1F17A
 20:54:38.850 t20286AE00F1601F107FA
 20:54:38.850 t2038800011220177F5F1
 20:54:38.851 t20480000000000000000
 20:54:38.851 t2058D18822027FFF5000
 20:54:38.950 t2008277B4F3E0046CA00
 20:54:38.951 t20184000510E49F1F179
 20:54:38.951 t20286AE04F1AF1F100FA
 20:54:38.951 t2038802551223FF7B7FF
 20:54:38.952 t20480000400000000000
 20:54:38.952 t2058D18862027FFF5000
 20:54:39.050 t2008277E8F3E0046CA00
 20:54:39.051 t201845148F0EF1F1F17A
 20:54:39.051 t20286A978A3E49F900F9
 20:54:39.051 t203886D18F2205D7E5F5
 20:54:39.051 t20480000800000000000
 20:54:39.051 t2058D188A2027FFF5000
 20:54:39.151 t20082780CF3E0046CA00
 20:54:39.152 t2018472DCF0EF1F1F17B
 20:54:39.152 t202867C3CF4249F100F9
 20:54:39.152 t203887C4CF220447D5F1
 20:54:39.152 t20480000C00000000000
 20:54:39.152 t2058D188E2027FFF5000
 20:54:39.251 t200827830F3E0046CA00
 20:54:39.252 t201847C30F0EA9F1F17A
 20:54:39.252 t202867C30F1AA9F100FA
 20:54:39.252 t203888C50F220B47D9FB
 20:54:39.252 t20480000000000000000
 20:54:39.252 t2058D18822027FFF5000
 20:54:39.351 t200827864F3E0046CA00
 20:54:39.351 t201848074F0EF1F1F17A
 20:54:39.352 t202869A74F1601F105FB
 20:54:39.352 t203889A74F220A07F5FD
 20:54:39.352 t20480000400000000000
 20:54:39.352 t2058D18862027FFF5000
 20:54:39.451 t200827898F3E0046CA00
 20:54:39.451 t201849A78F0EF1F1F17B
 20:54:39.451 t202869A78F1AF1F100FB
 20:54:39.451 t2038800090220157CDF4
 20:54:39.451 t20480000800000000000
 20:54:39.452 t2058D188A2027FFF5000
 20:54:39.551 t2008278CCF3E0046CA00
 20:54:39.551 t20184000D00E49F1F179
 20:54:39.551 t20286AA4CF4649F102F9
 20:54:39.551 t20388AA4CF223FF7FFFF
 20:54:39.551 t20480000C00000000000
 20:54:39.552 t2058D188E2027FFF5000
 20:54:39.651 t2008278E0F3E0046CA00
 20:54:39.651 t20184AA40F0EA9F1F17A
 20:54:39.651 t20286AA40F1AA9F100FA
 20:54:39.651 t2038800011220177F5F1
 20:54:39.651 t20480000000000000000
 20:54:39.651 t2058D18822027FFF5000
 20:54:39.751 t200827914F3E0046CA00
 20:54:39.751 t20184AE04F0EF1F1F17A
 20:54:39.751 t20286AE04F1601F107FA
 20:54:39.751 t2038802551223FF7B7FF
 20:54:39.751 t20480000400000000000
 20:54:39.751 t2058D18862027FFF5000
 20:54:39.851 t200827948F3E0046CA00
 20:54:39.851 t20184000910E49F1F179
 20:54:39.851 t20286AE08F1AF1F100FA
 20:54:39.851 t203886D18F2205D7E5F5
 20:54:39.851 t20480000800000000000
 20:54:39.852 t2058D188A2027FFF5000
 20:54:39.951 t20082797CF3E0046CA00
 20:54:39.951 t2018472DCF0EF1F1F17B
 20:54:39.951 t20286A97CA3E49F900F9
 20:54:39.951 t203887C4CF220447D5F1
 20:54:39.951 t20480000C00000000000
 20:54:39.952 t2058D188E2027FFF5000
 20:54:40.051 t200827990F3E0046CA00
 20:54:40.051 t201847C30F0EA9F1F17A
 20:54:40.051 t202867C30F4249F100F9
 20:54:40.051 t203888C50F220B47D9FB
 20:54:40.051 t20480000000000000000
 20:54:40.051 t2058D18822027FFF5000
 20:54:40.151 t2008279C4F3E0046CA00
 20:54:40.151 t201848074F0EF1F1F17A
 20:54:40.151 t202867C34F1AA9F100FA
 20:54:40.151 t203889A74F220A07F5FD
 20:54:40.151 t20480000400000000000
 20:54:40.151 t2058D18862027FFF5000
 20:54:40.251 t2008279F8F3E0046CA00
 20:54:40.251 t201849A78F0EF1F1F17B
 20:54:40.251 t202869A78F1601F105FB
 20:54:40.251 t2038800090220157CDF4
 20:54:40.251 t20480000800000000000
 20:54:40.251 t2058D188A2027FFF5000
 20:54:40.351 t200827A2CF3E0046CA00
 20:54:40.351 t20184000D00E49F1F179
 20:54:40.352 t202869A7CF1AF1F100FB
 20:54:40.352 t20388AA4CF223FF7FFFF
 20:54:40.352 t20480000C00000000000
 20:54:40.352 t2058D188E2027FFF5000
 20:54:40.451 t200827A50F3E0046CA00
 20:54:40.451 t20184AA40F0EA9F1F17A
 20:54:40.451 t20286AA40F4649F102F9
 20:54:40.452 t2038800011220177F5F1
 20:54:40.452 t20480000000000000000
 20:54:40.452 t2058D18822027FFF5000
 20:54:40.551 t200827A74F3E0046CA00
 20:54:40.551 t20184AE04F0EF1F1F17A
 20:54:40.551 t20286AA44F1AA9F100FA
 20:54:40.552 t2038802551223FF7B7FF
 20:54:40.552 t20480000400000000000
 20:54:40.552 t2058D18862027FFF5000
 20:54:40.651 t200827AA8F3E0046CA00
 20:54:40.651 t20184000910E49F1F179
 20:54:40.651 t20286AE08F1601F107FA
 20:54:40.651 t203886D18F2205D7E5F5
 20:54:40.652 t20480000800000000000
 20:54:40.652 t2058D188A2027FFF5000
 20:54:40.751 t200827ADCF3E0046CA00
 20:54:40.751 t2018472DCF0EF1F1F17B
 20:54:40.751 t20286AE0CF1AF1F100FA
 20:54:40.751 t203887C4CF220447D5F1
 20:54:40.751 t20480000C00000000000
 20:54:40.751 t2058D188E2027FFF5000
 20:54:40.851 t200827B00F3E0046CA00
 20:54:40.851 t201847C30F0EA9F1F17A
 20:54:40.851 t20286A970A3E49F900F9
 20:54:40.851 t203888C50F220B47D9FB
 20:54:40.851 t20480000000000000000
 20:54:40.851 t2058D18822027FFF5000
 20:54:40.951 t200827B24F3E0046CA00
 20:54:40.951 t201848074F0EF1F1F17A
 20:54:40.951 t202867C34F4249F100F9
 20:54:40.951 t20388AA44F2003C7FDFE
 20:54:40.952 t20480000400000000000
 20:54:40.952 t2058D18862027FFF5000
 20:54:41.051 t200827B58F3E0046CA00
 20:54:41.051 t201849A78F0EF1F1F17B
 20:54:41.051 t202867C38F1AA9F100FA
 20:54:41.051 t20388B4C8F200537F9FE
 20:54:41.052 t20480000800000000000
 20:54:41.052 t2058D188A2027FFF5000
 20:54:41.151 t200827B8CF3E0046CA00
 20:54:41.151 t20184000D00E49F1F179
 20:54:41.151 t202869A7CF1601F105FB
 20:54:41.151 t203887C4CF220447D5F1
 20:54:41.152 t20480000C00000000000
 20:54:41.152 t2058D188E2027FFF5000
 20:54:41.251 t200827BB0F3E0046CA00
 20:54:41.251 t20184AA40F0EA9F1F17A
 20:54:41.251 t202869A70F1AF1F100FB
 20:54:41.251 t203888C50F220B47D9FB
 20:54:41.252 t20480000000000000000
 20:54:41.252 t2058D18822027FFF5000
 20:54:41.351 t200827BE4F3E0046CA00
 20:54:41.351 t20184AE04F0EF1F1F17A
 20:54:41.351 t20286AA44F4649F102F9
 20:54:41.351 t203889A74F220A07F5FD
 20:54:41.352 t20480000400000000000
 20:54:41.352 t2058D18862027FFF5000
 20:54:41.450 t200827C08F3E0046CA00
 20:54:41.451 t20184000910E49F1F179
 20:54:41.451 t20286AA48F1AA9F100FA
 20:54:41.451 t2038800090220157CDF4
 20:54:41.451 t20480000800000000000
 20:54:41.451 t2058D188A2027FFF5000
 20:54:41.550 t200827C3CF3E0046CA00
 20:54:41.550 t2018472DCF0EF1F1F17B
 20:54:41.551 t20286AE0CF1601F107FA
 20:54:41.551 t20388AA4CF2203C7FDFE
 20:54:41.551 t20480000C00000000000
 20:54:41.551 t2058D188E2027FFF5000
 20:54:41.650 t200827C60F3E0046CA00
 20:54:41.651 t201847C30F0EA9F1F17A
 20:54:41.651 t20286AE00F1AF1F100FA
 20:54:41.651 t20388B4C0F220537F9FE
 20:54:41.651 t20480000000000000000
 20:54:41.651 t2058D18822027FFF5000
 20:54:41.750 t200827C94F3E0046CA00
 20:54:41.751 t201848074F0EF1F1F17A
 20:54:41.751 t20286A974A3E49F900F9
 20:54:41.751 t2038800051220177F5F1
 20:54:41.751 t20480000400000000000
 20:54:41.751 t2058D18862027FFF5000
 20:54:41.850 t200827CB8F3E0046CA00
 20:54:41.851 t201849A78F0EF1F1F17B
 20:54:41.851 t202867C38F4249F100F9
 20:54:41.851 t2038802591223FF7B7FF
 20:54:41.851 t20480000800000000000
 20:54:41.852 t2058D188A2027FFF5000
 20:54:41.950 t200827CECF3E0046CA00
 20:54:41.951 t20184AA4CF0EA9F1F17A
 20:54:41.951 t202867C3CF1AA9F100FA
 20:54:41.951 t203887C4CF220447D5F1
 20:54:41.951 t20480000C00000000000
 20:54:41.951 t2058D188E2027FFF5000
 20:54:42.050 t200827D10F3E0046CA00
 20:54:42.051 t20184AE00F0EF1F1F17A
 20:54:42.051 t202869A70F1601F105FB
 20:54:42.051 t203888C50F220B47D9FB
 20:54:42.051 t20480000000000000000
 20:54:42.051 t2058D18822027FFF5000
 20:54:42.150 t200827D44F3E0046CA00
 20:54:42.150 t20184000510E49F1F179
 20:54:42.150 t202869A74F1AF1F100FB
 20:54:42.151 t203889A74F220A07F5FD
 20:54:42.151 t20480000400000000000
 20:54:42.151 t2058D18862027FFF5000
 20:54:42.250 t200827D78F3E0046CA00
 20:54:42.251 t2018472D8F0EF1F1F17B
 20:54:42.251 t20286AA48F4649F102F9
 20:54:42.251 t2038800090220157CDF4
 20:54:42.251 t20480000800000000000
 20:54:42.251 t2058D188A2027FFF5000
 20:54:42.350 t200827D9CF3E0046CA00
 20:54:42.351 t201847C3CF0EA9F1F17A
 20:54:42.351 t20286AA4CF1AA9F100FA
 20:54:42.351 t20388AA4CF2203C7FDFE
 20:54:42.351 t20480000C00000000000
 20:54:42.352 t2058D188E2027FFF5000
 20:54:42.450 t200827DC0F3E0046CA00
 20:54:42.451 t201848070F0EF1F1F17A
 20:54:42.451 t20286AE00F1601F107FA
 20:54:42.451 t20388B4C0F220537F9FE
 20:54:42.451 t20480000000000000000
 20:54:42.451 t2058D18822027FFF5000
 20:54:42.550 t200827DF4F3E0046CA00
 20:54:42.551 t201849A74F0EF1F1F17B
 20:54:42.551 t20286AE04F1AF1F100FA
 20:54:42.551 t2038800051220177F5F1
 20:54:42.551 t20480000400000000000
 20:54:42.552 t2058D18862027FFF5000
 20:54:42.650 t200827E28F3E0046CA00
 20:54:42.651 t20184AA48F0EA9F1F17A
 20:54:42.651 t20286A978A3E49F900F9
 20:54:42.651 t2038802591223FF7B7FF
 20:54:42.651 t20480000800000000000
 20:54:42.651 t2058D188A2027FFF5000
 20:54:42.750 t200827E4CF3E0046CA00
 20:54:42.750 t20184AE0CF0EF1F1F17A
 20:54:42.750 t202867C3CF4249F100F9
 20:54:42.750 t203887C4CF220447D5F1
 20:54:42.750 t20480000C00000000000
 20:54:42.751 t2058D188E2027FFF5000
 20:54:42.851 t200827E70F3E0046CA00
 20:54:42.851 t20184000110E49F1F179
 20:54:42.851 t202867C30F1AA9F100FA
 20:54:42.851 t203888C50F220B47D9FB
 20:54:42.851 t20480000000000000000
 20:54:42.852 t2058D18822027FFF5000
 20:54:42.951 t200827EA4F3E0046CA00
 20:54:42.951 t2018472D4F0EF1F1F17B
 20:54:42.952 t202869A74F1601F105FB
 20:54:42.952 t203889A74F220A07F5FD
 20:54:42.952 t20480000400000000000
 20:54:42.952 t2058D18862027FFF5000
 20:54:43.051 t200827ED8F3E0046CA00
 20:54:43.051 t201847C38F0EA9F1F17A
 20:54:43.052 t202869A78F1AF1F100FB
 20:54:43.052 t2038800090220157CDF4
 20:54:43.052 t20480000800000000000
 20:54:43.052 t2058D188A2027FFF5000
 20:54:43.151 t200827F0CF3E0046CA00
 20:54:43.151 t20184807CF0EF1F1F17A
 20:54:43.152 t20286AA4CF4649F102F9
 20:54:43.152 t20388AA4CF2203C7FDFE
 20:54:43.152 t20480000C00000000000
 20:54:43.152 t2058D188E2027FFF5000
 20:54:43.251 t200827F20F3E0046CA00
 20:54:43.251 t201849A70F0EF1F1F17B
 20:54:43.252 t20286AA40F1AA9F100FA
 20:54:43.252 t20388B4C0F220537F9FE
 20:54:43.252 t20480000000000000000
 20:54:43.252 t2058D18822027FFF5000
 20:54:43.351 t200827F54F3E0046CA00
 20:54:43.351 t20184AA44F0EA9F1F17A
 20:54:43.352 t20286AE04F1601F107FA
 20:54:43.352 t2038800051220177F5F1
 20:54:43.352 t20480000400000000000
 20:54:43.352 t2058D18862027FFF5000
 20:54:43.451 t200827F88F3E0046CA00
 20:54:43.451 t20184AE08F0EF1F1F17A
 20:54:43.451 t20286AE08F1AF1F100FA
 20:54:43.451 t2038802591223FF7B7FF
 20:54:43.451 t20480000800000000000
 20:54:43.452 t2058D188A2027FFF5000
 20:54:43.551 t200827FBCF3E0046CA00
 20:54:43.551 t20184000D10E49F1F179
 20:54:43.551 t20286A97CA3E49F900F9
 20:54:43.551 t203887C4CF220447D5F1
 20:54:43.551 t20480000C00000000000
 20:54:43.551 t2058D188E2027FFF5000
 20:54:43.651 t200827FD0F3E0046CA00
 20:54:43.651 t2018472D0F0EF1F1F17B
 20:54:43.651 t202867C30F4249F100F9
 20:54:43.651 t203888C50F220B47D9FB
 20:54:43.651 t20480000000000000000
 20:54:43.652 t2058D18822027FFF5000
 20:54:43.751 t200828004F3E0046CA00
 20:54:43.751 t201847C34F0EA9F1F17A
 20:54:43.752 t202867C34F1AA9F100FA
 20:54:43.752 t203889A74F220A07F5FD
 20:54:43.752 t20480000400000000000
 20:54:43.752 t2058D18862027FFF5000
 20:54:43.851 t200828038F3E0046CA00
 20:54:43.851 t201848078F0EF1F1F17A
 20:54:43.851 t202869A78F1601F105FB
 20:54:43.851 t2038800090220157CDF4
 20:54:43.852 t20480000800000000000
 20:54:43.852 t2058D188A2027FFF5000
 20:54:43.951 t20082806CF3E0046CA00
 20:54:43.951 t201849A7CF0EF1F1F17B
 20:54:43.951 t202869A7CF1AF1F100FB
 20:54:43.952 t20388AA4CF2203C7FDFE
 20:54:43.952 t20480000C00000000000
 20:54:43.952 t2058D188E2027FFF5000
 20:54:44.051 t200828090F3E0048CA00
 20:54:44.051 t20184AA40F0EA9F1F17A
 20:54:44.051 t20286AA40F4649F102F9
 20:54:44.051 t20388B4C0F220537F9FE
 20:54:44.051 t20480000000000000000
 20:54:44.051 t2058D18822027FFF5000
 20:54:44.151 t2008280B4F3E0048CA00
 20:54:44.151 t20184AE04F0EF1F1F17A
 20:54:44.151 t20286AA44F1AA9F100FA
 20:54:44.151 t2038800051220177F5F1
 20:54:44.151 t20480000400000000000
 20:54:44.151 t2058D18862027FFF5000
 20:54:44.251 t2008280E8F3E0048CA00
 20:54:44.251 t20184000910E49F1F179
 20:54:44.251 t20286AE08F1601F107FA
 20:54:44.251 t2038802591223FF7B7FF
 20:54:44.252 t20480000800000000000
 20:54:44.252 t2058D188A2027FFF5000
 20:54:44.351 t20082811CF3E0048CA00
 20:54:44.351 t2018472DCF0EF1F1F17B
 20:54:44.351 t20286AE0CF1AF1F100FA
 20:54:44.352 t203887C4CF220447D5F1
 20:54:44.352 t20480000C00000000000
 20:54:44.352 t2058D188E2027FFF5000
 20:54:44.451 t200828140F3E0048CA00
 20:54:44.451 t201847C30F0EA9F1F17A
 20:54:44.451 t20286A970A3E49F900F9
 20:54:44.451 t203888C50F220B47D9FB
 20:54:44.452 t20480000000000000000
 20:54:44.452 t2058D18822027FFF5000
 20:54:44.551 t200828164F3E0048CA00
 20:54:44.551 t201848074F0EF1F1F17A
 20:54:44.551 t202867C34F4249F100F9
 20:54:44.551 t203889A74F220A07F5FD
 20:54:44.552 t20480000400000000000
 20:54:44.552 t2058D18862027FFF5000
 20:54:44.651 t200828198F3E0048CA00
 20:54:44.651 t201849A78F0EF1F1F17B
 20:54:44.651 t202867C38F1AA9F100FA
 20:54:44.651 t2038800090220157CDF4
 20:54:44.652 t20480000800000000000
 20:54:44.652 t2058D188A2027FFF5000
 20:54:44.750 t2008281CCF3E0048CA00
 20:54:44.751 t20184AA4CF0EA9F1F17A
 20:54:44.751 t202869A7CF1601F105FB
 20:54:44.751 t20388AA4CF2203C7FDFE
 20:54:44.751 t20480000C00000000000
 20:54:44.751 t2058D188E2027FFF5000
 20:54:44.850 t2008281F0F3E0048CA00
 20:54:44.851 t20184AE00F0EF1F1F17A
 20:54:44.851 t202869A70F1AF1F100FB
 20:54:44.851 t20388B4C0F220537F9FE
 20:54:44.851 t20480000000000000000
 20:54:44.851 t2058D18822027FFF5000
 20:54:44.950 t200828224F3E0048CA00
 20:54:44.951 t20184000510E49F1F179
 20:54:44.951 t20286AA44F4649F102F9
 20:54:44.951 t2038800051220177F5F1
 20:54:44.951 t20480000400000000000
 20:54:44.951 t2058D18862027FFF5000
 20:54:45.051 t200828248F3E0048CA00
 20:54:45.051 t2018472D8F0EF1F1F17B
 20:54:45.051 t20286AA48F1AA9F100FA
 20:54:45.051 t2038802591223FF7B7FF
 20:54:45.051 t20480000800000000000
 20:54:45.051 t2058D188A2027FFF5000
 20:54:45.151 t20082827CF3E0048CA00
 20:54:45.151 t201847C3CF0EA9F1F17A
 20:54:45.151 t20286AE0CF1601F107FA
 20:54:45.151 t203887C4CF220447D5F1
 20:54:45.151 t20480000C00000000000
 20:54:45.152 t2058D188E2027FFF5000
 20:54:45.251 t2008282A0F3E0048CA00
 20:54:45.251 t201848070F0EF1F1F17A
 20:54:45.251 t20286AE00F1AF1F100FA
 20:54:45.251 t203888C50F220B47D9FB
 20:54:45.251 t20480000000000000000
 20:54:45.252 t2058D18822027FFF5000
 20:54:45.351 t2008282D4F3E0048CA00
 20:54:45.351 t201849A74F0EF1F1F17B
 20:54:45.351 t20286A974A3E49F900F9
 20:54:45.351 t203889A74F220A07F5FD
 20:54:45.351 t20480000400000000000
 20:54:45.352 t2058D18862027FFF5000
 20:54:45.450 t2008282F8F3E0048CA00
 20:54:45.450 t20184AA48F0EA9F1F17A
 20:54:45.451 t202869A78F1601F105FB
 20:54:45.451 t2038800090220157CDF4
 20:54:45.451 t20480000800000000000
 20:54:45.451 t2058D188A2027FFF5000
 20:54:45.550 t20082832CF3E0048CA00
 20:54:45.550 t20184AE0CF0EF1F1F17A
 20:54:45.550 t202869A7CF1AF1F100FB
 20:54:45.551 t20388AA4CF2203C7FDFE
 20:54:45.551 t20480000C00000000000
 20:54:45.551 t2058D188E2027FFF5000
 20:54:45.650 t200828350F3E0048CA00
 20:54:45.651 t20184000110E49F1F179
 20:54:45.651 t20286AA40F4649F102F9
 20:54:45.651 t20388B4C0F220537F9FE
 20:54:45.651 t20480000000000000000
 20:54:45.652 t2058D18822027FFF5000
 20:54:45.750 t200828384F3E0048CA00
 20:54:45.750 t201847C34F0EA9F1F17A
 20:54:45.751 t20286AA44F1AA9F100FA
 20:54:45.751 t2038800051220177F5F1
 20:54:45.751 t20480000400000000000
 20:54:45.751 t2058D18862027FFF5000
 20:54:45.850 t2008283B8F3E0048CA00
 20:54:45.851 t201848078F0EF1F1F17A
 20:54:45.851 t20286AE08F1601F107FA
 20:54:45.851 t2038802591223FF7B7FF
 20:54:45.851 t20480000800000000000
 20:54:45.851 t2058D188A2027FFF5000
 20:54:45.950 t2008283DCF3E0048CA00
 20:54:45.951 t201849A7CF0EF1F1F17B
 20:54:45.951 t20286AE0CF1AF1F100FA
 20:54:45.951 t203887C4CF220447D5F1
 20:54:45.951 t20480000C00000000000
 20:54:45.951 t2058D188E2027FFF5000
 20:54:46.050 t200828400F3E0048CA00
 20:54:46.050 t20184AA40F0EA9F1F17A
 20:54:46.050 t20286A970A3E49F900F9
 20:54:46.051 t203888C50F220B47D9FB
 20:54:46.051 t20480000000000000000
 20:54:46.051 t2058D18822027FFF5000
 20:54:46.150 t200828434F3E0048CA00
 20:54:46.150 t20184AE04F0EF1F1F17A
 20:54:46.150 t202869A74F1601F105FB
 20:54:46.150 t203889A74F220A07F5FD
 20:54:46.151 t20480000400000000000
 20:54:46.151 t2058D18862027FFF5000
 20:54:46.250 t200828468F3E0048CA00
 20:54:46.250 t20184000910E49F1F179
 20:54:46.251 t202869A78F1AF1F100FB
 20:54:46.251 t2038800090220157CDF4
 20:54:46.251 t20480000800000000000
 20:54:46.251 t2058D188A2027FFF5000
 20:54:46.350 t20082848CF3E0048CA00
 20:54:46.350 t201847C3CF0EA9F1F17A
 20:54:46.351 t20286AA4CF4649F102F9
 20:54:46.351 t203887C4CF220447D5F1
 20:54:46.351 t20480000C00000000000
 20:54:46.351 t2058D188E2027FFF5000
 20:54:46.450 t2008284B0F3E0048CA00
 20:54:46.450 t201848070F0EF1F1F17A
 20:54:46.451 t20286AA40F1AA9F100FA
 20:54:46.451 t203888C50F220B47D9FB
 20:54:46.451 t20480000000000000000
 20:54:46.451 t2058D18822027FFF5000
 20:54:46.551 t2008284E4F3E0048CA00
 20:54:46.551 t201849A74F0EF1F1F17B
 20:54:46.552 t20286AE04F1601F107FA
 20:54:46.552 t203889A74F220A07F5FD
 20:54:46.552 t20480000400000000000
 20:54:46.552 t2058D18862027FFF5000
 20:54:46.651 t200828518F3E0048CA00
 20:54:46.651 t20184AA48F0EA9F1F17A
 20:54:46.651 t20286AE08F1AF1F100FA
 20:54:46.652 t20388AA48F2203C7FDFE
 20:54:46.652 t20480000800000000000
 20:54:46.652 t2058D188A2027FFF5000
 20:54:46.751 t20082854CF3E0048CA00
 20:54:46.751 t20184AE0CF0EF1F1F17A
 20:54:46.751 t20286A97CA3E49F900F9
 20:54:46.751 t20388B4CCF220537F9FE
 20:54:46.751 t20480000C00000000000
 20:54:46.752 t2058D188E2027FFF5000
 20:54:46.851 t200828560F3E0048CA00
 20:54:46.851 t20184000110E49F1F179
 20:54:46.851 t202869A70F1601F105FB
 20:54:46.851 t2038800011220177F5F1
 20:54:46.851 t20480000000000000000
 20:54:46.851 t2058D18822027FFF5000
 20:54:46.951 t200828594F3E0048CA00
 20:54:46.951 t201847C34F0EA9F1F17A
 20:54:46.952 t202869A74F1AF1F100FB
 20:54:46.952 t2038802551223FF7B7FF
 20:54:46.952 t20480000400000000000
 20:54:46.952 t2058D18862027FFF5000
 20:54:47.051 t2008285C8F3E0048CA00
 20:54:47.051 t201848078F0EF1F1F17A
 20:54:47.051 t20286AA48F4649F102F9
 20:54:47.052 t203887C48F220447D5F1
 20:54:47.052 t20480000800000000000
 20:54:47.052 t2058D188A2027FFF5000
 20:54:47.151 t2008285FCF3E0048CA00
 20:54:47.151 t201849A7CF0EF1F1F17B
 20:54:47.151 t20286AA4CF1AA9F100FA
 20:54:47.151 t203888C5CF220B47D9FB
 20:54:47.151 t20480000C00000000000
 20:54:47.151 t2058D188E2027FFF5000
 20:54:47.251 t200828610F3E0048CA00
 20:54:47.251 t20184AA40F0EA9F1F17A
 20:54:47.252 t20286AE00F1601F107FA
 20:54:47.252 t203889A70F220A07F5FD
 20:54:47.252 t20480000000000000000
 20:54:47.252 t2058D18822027FFF5000
 20:54:47.351 t200828644F3E0048CA00
 20:54:47.351 t20184AE04F0EF1F1F17A
 20:54:47.351 t20286AE04F1AF1F100FA
 20:54:47.351 t20388AA44F2203C7FDFE
 20:54:47.352 t20480000400000000000
 20:54:47.352 t2058D18862027FFF5000
 20:54:47.451 t200828678F3E0048CA00
 20:54:47.451 t20184000910E49F1F179
 20:54:47.451 t20286A978A3E49F900F9
 20:54:47.451 t20388B4C8F220537F9FE
 20:54:47.451 t20480000800000000000
 20:54:47.451 t2058D188A2027FFF5000
 20:54:47.551 t2008286ACF3E0048CA00
 20:54:47.551 t201847C3CF0EA9F1F17A
 20:54:47.551 t202869A7CF1601F105FB
 20:54:47.551 t20388000D1220177F5F1
 20:54:47.552 t20480000C00000000000
 20:54:47.552 t2058D188E2027FFF5000
 20:54:47.651 t2008286D0F3E0048CA00
 20:54:47.651 t201848070F0EF1F1F17A
 20:54:47.651 t202869A70F1AF1F100FB
 20:54:47.652 t2038802511223FF7B7FF
 20:54:47.652 t20480000000000000000
 20:54:47.652 t2058D18822027FFF5000
 20:54:47.751 t2008286F4F3E0048CA00
 20:54:47.751 t201849A74F0EF1F1F17B
 20:54:47.751 t20286AA44F4649F102F9
 20:54:47.752 t203887C44F220447D5F1
 20:54:47.752 t20480000400000000000
 20:54:47.752 t2058D18862027FFF5000
 20:54:47.851 t200828728F3E0048CA00
 20:54:47.851 t20184AA48F0EA9F1F17A
 20:54:47.851 t20286AA48F1AA9F100FA
 20:54:47.852 t203888C58F220B47D9FB
 20:54:47.852 t20480000800000000000
 20:54:47.852 t2058D188A2027FFF5000
 20:54:47.951 t20082875CF3E0048CA00
 20:54:47.951 t20184AE0CF0EF1F1F17A
 20:54:47.951 t20286AE0CF1601F107FA
 20:54:47.951 t203889A7CF220A07F5FD
 20:54:47.952 t20480000C00000000000
 20:54:47.952 t2058D188E2027FFF5000
 20:54:48.051 t200828780F3E0048CA00
 20:54:48.051 t20184000110E49F1F179
 20:54:48.051 t20286AE00F1AF1F100FA
 20:54:48.051 t20388AA40F2203C7FDFE
 20:54:48.052 t20480000000000000000
 20:54:48.052 t2058D18822027FFF5000
 20:54:48.151 t2008287A4F3E0048CA00
 20:54:48.151 t201848074F0EF1F1F17A
 20:54:48.151 t20286A974A3E49F900F9
 20:54:48.151 t20388B4C4F220537F9FE
 20:54:48.151 t20480000400000000000
 20:54:48.151 t2058D18862027FFF5000
 20:54:48.251 t2008287D8F3E0048CA00
 20:54:48.251 t201849A78F0EF1F1F17B
 20:54:48.251 t202869A78F1601F105FB
 20:54:48.251 t2038800091220177F5F1
 20:54:48.251 t20480000800000000000
 20:54:48.251 t2058D188A2027FFF5000
 20:54:48.351 t20082880CF3E0048CA00
 20:54:48.351 t20184AA4CF0EA9F1F17A
 20:54:48.351 t202869A7CF1AF1F100FB
 20:54:48.351 t20388025D1223FF7B7FF
 20:54:48.352 t20480000C00000000000
 20:54:48.352 t2058D188E2027FFF5000
 20:54:48.451 t200828830F3E0048CA00
 20:54:48.451 t20184AE00F0EF1F1F17A
 20:54:48.451 t20286AA40F4649F102F9
 20:54:48.451 t203887C40F220447D5F1
 20:54:48.452 t20480000000000000000
 20:54:48.452 t2058D18822027FFF5000
 20:54:48.551 t200828864F3E0048CA00
 20:54:48.551 t20184000510E49F1F179
 20:54:48.551 t20286AA44F1AA9F100FA
 20:54:48.551 t203888C54F220B47D9FB
 20:54:48.552 t20480000400000000000
 20:54:48.552 t2058D18862027FFF5000
 20:54:48.651 t200828888F3E0048CA00
 20:54:48.651 t201848078F0EF1F1F17A
 20:54:48.651 t20286AE08F1601F107FA
 20:54:48.652 t203889A78F220A07F5FD
 20:54:48.652 t20480000800000000000
 20:54:48.652 t2058D188A2027FFF5000
 20:54:48.750 t2008288BCF3E0048CA00
 20:54:48.751 t201849A7CF0EF1F1F17B
 20:54:48.751 t20286AE0CF1AF1F100FA
 20:54:48.751 t20388AA4CF2203C7FDFE
 20:54:48.751 t20480000C00000000000
 20:54:48.751 t2058D188E2027FFF5000
 20:54:48.850 t2008288E0F3E0048CA00
 20:54:48.851 t20184AA40F0EA9F1F17A
 20:54:48.851 t20286A970A3E49F900F9
 20:54:48.851 t20388B4C0F220537F9FE
 20:54:48.851 t20480000000000000000
 20:54:48.851 t2058D18822027FFF5000
 20:54:48.951 t200828914F3E0048CA00
 20:54:48.951 t20184AE04F0EF1F1F17A
 20:54:48.951 t202869A74F1601F105FB
 20:54:48.951 t203888084F200BE7C5F6
 20:54:48.951 t20480000400000000000
 20:54:48.952 t2058D18862027FFF5000
 20:54:49.051 t200828938F3E0048CA00
 20:54:49.051 t20184000910E49F1F179
 20:54:49.051 t202869A78F1AF1F100FB
 20:54:49.051 t2038890D8F2006D7DDFB
 20:54:49.051 t20480000800000000000
 20:54:49.052 t2058D188A2027FFF5000
 20:54:49.151 t20082896CF3E0048CA00
 20:54:49.151 t20184807CF0EF1F1F17A
 20:54:49.151 t20286AA4CF4649F102F9
 20:54:49.151 t203889A7CF200677F5FD
 20:54:49.151 t20480000C00000000000
 20:54:49.152 t2058D188E2027FFF5000
 20:54:49.250 t200828990F3E0048CA00
 20:54:49.251 t201849A70F0EF1F1F17B
 20:54:49.251 t20286AA40F1AA9F100FA
 20:54:49.251 t20388A290F200237F5FD
 20:54:49.251 t20480000000000000000
 20:54:49.251 t2058D18822027FFF5000
 20:54:49.350 t2008289C4F3E0048CA00
 20:54:49.351 t20184AA44F0EA9F1F17A
 20:54:49.351 t20286AE04F1601F107FA
 20:54:49.351 t20388A764F2002E7F5FF
 20:54:49.351 t20480000400000000000
 20:54:49.351 t2058D18862027FFF5000
 20:54:49.450 t2008289F8F3E0048CA00
 20:54:49.450 t20184AE08F0EF1F1F17A
 20:54:49.451 t20286AE08F1AF1F100FA
 20:54:49.451 t20388AC28F2001E7FDFE
 20:54:49.451 t20480000800000000000
 20:54:49.451 t2058D188A2027FFF5000
 20:54:49.550 t200828A1CF3E0048CA00
 20:54:49.550 t20184000D10E49F1F179
 20:54:49.550 t20286A97CA3E49F900F9
 20:54:49.551 t20388B4CCF200447F9FE
 20:54:49.551 t20480000C00000000000
 20:54:49.551 t2058D188E2027FFF5000
 20:54:49.650 t200828A40F3E0048CA00
 20:54:49.650 t201848070F0EF1F1F17A
 20:54:49.651 t202869A70F1601F105FB
 20:54:49.651 t20388BC30F203FF7FBFF
 20:54:49.651 t20480000000000000000
 20:54:49.651 t2058D18822027FFF5000
 20:54:49.750 t200828A74F3E0048CA00
 20:54:49.750 t201849A74F0EF1F1F17B
 20:54:49.751 t202869A74F1AF1F100FB
 20:54:49.751 t203888084F220BE7C5F6
 20:54:49.751 t20480000400000000000
 20:54:49.751 t2058D18862027FFF5000
 20:54:49.850 t200828AA8F3E0048CA00
 20:54:49.850 t20184AA48F0EA9F1F17A
 20:54:49.850 t20286AA48F4649F102F9
 20:54:49.851 t2038890D8F2206D7DDFB
 20:54:49.851 t20480000800000000000
 20:54:49.851 t2058D188A2027FFF5000
 20:54:49.950 t200828ACCF3E0048CA00
 20:54:49.950 t20184AE0CF0EF1F1F17A
 20:54:49.951 t20286AA4CF1AA9F100FA
 20:54:49.951 t203889A7CF220677F5FD
 20:54:49.951 t20480000C00000000000
 20:54:49.951 t2058D188E2027FFF5000
 20:54:50.050 t200828AF0F3E0048CA00
 20:54:50.050 t20184000110E49F1F179
 20:54:50.050 t20286AE00F1601F107FA
 20:54:50.050 t20388A290F220237F5FD
 20:54:50.051 t20480000000000000000
 20:54:50.051 t2058D18822027FFF5000
 20:54:50.150 t200828B24F3E0048CA00
 20:54:50.150 t201848074F0EF1F1F17A
 20:54:50.150 t20286AE04F1AF1F100FA
 20:54:50.150 t20388A764F2202E7F5FF
 20:54:50.150 t20480000400000000000
 20:54:50.151 t2058D18862027FFF5000
 20:54:50.250 t200828B58F3E0048CA00
 20:54:50.250 t201849A78F0EF1F1F17B
 20:54:50.250 t20286A978A3E49F900F9
 20:54:50.250 t20388AC28F2201E7FDFE
 20:54:50.250 t20480000800000000000
 20:54:50.251 t2058D188A2027FFF5000
 20:54:50.350 t200828B8CF3E0048CA00
 20:54:50.350 t20184AA4CF0EA9F1F17A
 20:54:50.351 t202869A7CF1601F105FB
 20:54:50.351 t20388B4CCF220447F9FE
 20:54:50.351 t20480000C00000000000
 20:54:50.351 t2058D188E2027FFF5000
 20:54:50.450 t200828BA0F3E0048CA00
 20:54:50.450 t20184AE00F0EF1F1F17A
 20:54:50.451 t202869A70F1AF1F100FB
 20:54:50.451 t20388BC30F223FF7FBFF
 20:54:50.451 t20480000000000000000
 20:54:50.451 t2058D18822027FFF5000
 20:54:50.550 t200828BD4F3E0048CA00
 20:54:50.550 t20184000510E49F1F179
 20:54:50.551 t20286AA44F4649F102F9
 20:54:50.551 t2038800051220177F5F1
 20:54:50.551 t20480000400000000000
 20:54:50.551 t2058D18862027FFF5000
 20:54:50.651 t200828C08F3E0048CA00
 20:54:50.651 t201848078F0EF1F1F17A
 20:54:50.651 t20286AA48F1AA9F100FA
 20:54:50.652 t2038802591223FF7B7FF
 20:54:50.652 t20480000800000000000
 20:54:50.652 t2058D188A2027FFF5000
 20:54:50.751 t200828C3CF3E0048CA00
 20:54:50.751 t201849A7CF0EF1F1F17B
 20:54:50.751 t20286AE0CF1601F107FA
 20:54:50.752 t20388808CF220BE7C5F6
 20:54:50.752 t20480000C00000000000
 20:54:50.752 t2058D188E2027FFF5000
 20:54:50.851 t200828C50F3E0048CA00
 20:54:50.851 t20184AA40F0EA9F1F17A
 20:54:50.851 t20286AE00F1AF1F100FA
 20:54:50.851 t2038890D0F2206D7DDFB
 20:54:50.851 t20480000000000000000
 20:54:50.851 t2058D18822027FFF5000
 20:54:50.951 t200828C84F3E0048CA00
 20:54:50.951 t20184AE04F0EF1F1F17A
 20:54:50.951 t20286A974A3E49F900F9
 20:54:50.952 t203889A74F220677F5FD
 20:54:50.952 t20480000400000000000
 20:54:50.952 t2058D18862027FFF5000
 20:54:51.051 t200828CB8F3E0048CA00
 20:54:51.051 t20184000910E49F1F179
 20:54:51.052 t202869A78F1601F105FB
 20:54:51.052 t20388A298F220237F5FD
 20:54:51.052 t20480000800000000000
 20:54:51.052 t2058D188A2027FFF5000
 20:54:51.151 t200828CECF3E0048CA00
 20:54:51.151 t20184807CF0EF1F1F17A
 20:54:51.152 t202869A7CF1AF1F100FB
 20:54:51.152 t20388A76CF2202E7F5FF
 20:54:51.152 t20480000C00000000000
 20:54:51.152 t2058D188E2027FFF5000
 20:54:51.251 t200828D10F3E0048CA00
 20:54:51.251 t201849A70F0EF1F1F17B
 20:54:51.251 t20286AA40F4649F102F9
 20:54:51.251 t20388AC20F2201E7FDFE
 20:54:51.252 t20480000000000000000
 20:54:51.252 t2058D18822027FFF5000
 20:54:51.351 t200828D34F3E0048CA00
 20:54:51.351 t20184AA44F0EA9F1F17A
 20:54:51.352 t20286AA44F1AA9F100FA
 20:54:51.352 t20388B4C4F220447F9FE
 20:54:51.352 t20480000400000000000
 20:54:51.352 t2058D18862027FFF5000
 20:54:51.451 t200828D68F3E0048CA00
 20:54:51.451 t20184AE08F0EF1F1F17A
 20:54:51.451 t20286AE08F1601F107FA
 20:54:51.451 t20388BC38F223FF7FBFF
 20:54:51.451 t20480000800000000000
 20:54:51.451 t2058D188A2027FFF5000
 20:54:51.551 t200828D9CF3E0048CA00
 20:54:51.551 t20184000D10E49F1F179
 20:54:51.551 t20286AE0CF1AF1F100FA
 20:54:51.551 t20388000D1220177F5F1
 20:54:51.551 t20480000C00000000000
 20:54:51.551 t2058D188E2027FFF5000
 20:54:51.651 t200828DC0F3E0048CA00
 20:54:51.651 t201848070F0EF1F1F17A
 20:54:51.651 t20286A970A3E49F900F9
 20:54:51.652 t2038802511223FF7B7FF
 20:54:51.652 t20480000000000000000
 20:54:51.652 t2058D18822027FFF5000
 20:54:51.751 t200828DE4F3E0048CA00
 20:54:51.751 t201849A74F0EF1F1F17B
 20:54:51.751 t202869A74F1601F105FB
 20:54:51.752 t203888084F220BE7C5F6
 20:54:51.752 t20480000400000000000
 20:54:51.752 t2058D18862027FFF5000
 20:54:51.851 t200828E18F3E0048CA00
 20:54:51.851 t20184AA48F0EA9F1F17A
 20:54:51.851 t202869A78F1AF1F100FB
 20:54:51.851 t2038890D8F2206D7DDFB
 20:54:51.852 t20480000800000000000
 20:54:51.852 t2058D188A2027FFF5000
 20:54:51.951 t200828E4CF3E0048CA00
 20:54:51.951 t20184AE0CF0EF1F1F17A
 20:54:51.951 t20286AA4CF4649F102F9
 20:54:51.951 t203889A7CF220677F5FD
 20:54:51.952 t20480000C00000000000
 20:54:51.952 t2058D188E2027FFF5000
 20:54:52.051 t200828E70F3E0048CA00
 20:54:52.051 t20184000110E49F1F179
 20:54:52.051 t20286AA40F1AA9F100FA
 20:54:52.051 t20388A290F220237F5FD
 20:54:52.052 t20480000000000000000
 20:54:52.052 t2058D18822027FFF5000
 20:54:52.150 t200828EA4F3E0048CA00
 20:54:52.151 t201848074F0EF1F1F17A
 20:54:52.151 t20286AE04F1601F107FA
 20:54:52.151 t20388A764F2202E7F5FF
 20:54:52.151 t20480000400000000000
 20:54:52.151 t2058D18862027FFF5000
 20:54:52.250 t200828EC8F3E0048CA00
 20:54:52.251 t201849A78F0EF1F1F17B
 20:54:52.251 t20286AE08F1AF1F100FA
 20:54:52.251 t20388AC28F2201E7FDFE
 20:54:52.251 t20480000800000000000
 20:54:52.251 t2058D188A2027FFF5000
 20:54:52.351 t200828EFCF3E0048CA00
 20:54:52.351 t20184AA4CF0EA9F1F17A
 20:54:52.351 t20286A97CA3E49F900F9
 20:54:52.351 t20388B4CCF220447F9FE
 20:54:52.352 t20480000C00000000000
 20:54:52.352 t2058D188E2027FFF5000
 20:54:52.451 t200828F20F3E0048CA00
 20:54:52.451 t20184AE00F0EF1F1F17A
 20:54:52.451 t202869A70F1601F105FB
 20:54:52.451 t20388BC30F223FF7FBFF
 20:54:52.451 t20480000000000000000
 20:54:52.451 t2058D18822027FFF5000
 20:54:52.550 t200828F54F3E0048CA00
 20:54:52.551 t20184000510E49F1F179
 20:54:52.551 t202869A74F1AF1F100FB
 20:54:52.551 t2038800051220177F5F1
 20:54:52.551 t20480000400000000000
 20:54:52.551 t2058D18862027FFF5000
 20:54:52.651 t200828F78F3E0048CA00
 20:54:52.651 t201848078F0EF1F1F17A
 20:54:52.651 t20286AA48F4649F102F9
 20:54:52.651 t2038802591223FF7B7FF
 20:54:52.651 t20480000800000000000
 20:54:52.652 t2058D188A2027FFF5000
 20:54:52.750 t200828FACF3E0048CA00
 20:54:52.750 t201849A7CF0EF1F1F17B
 20:54:52.751 t20286AA4CF1AA9F100FA
 20:54:52.751 t20388808CF220BE7C5F6
 20:54:52.751 t20480000C00000000000
 20:54:52.751 t2058D188E2027FFF5000
 20:54:52.850 t200828FD0F3E0048CA00
 20:54:52.850 t20184AA40F0EA9F1F17A
 20:54:52.851 t20286AE00F1601F107FA
 20:54:52.851 t2038890D0F2206D7DDFB
 20:54:52.851 t20480000000000000000
 20:54:52.851 t2058D18822027FFF5000
 20:54:52.950 t200829004F3E0048CA00
 20:54:52.950 t20184AE04F0EF1F1F17A
 20:54:52.950 t20286AE04F1AF1F100FA
 20:54:52.951 t203889A74F220677F5FD
 20:54:52.951 t20480000400000000000
 20:54:52.951 t2058D18862027FFF5000
 20:54:53.051 t200829038F3E0048CA00
 20:54:53.051 t20184000910E49F1F179
 20:54:53.051 t20286A978A3E49F900F9
 20:54:53.051 t20388A298F220237F5FD
 20:54:53.051 t20480000800000000000
 20:54:53.052 t2058D188A2027FFF5000
 20:54:53.151 t20082905CF3E0048CA00
 20:54:53.151 t20184807CF0EF1F1F17A
 20:54:53.151 t202869A7CF1601F105FB
 20:54:53.151 t20388A76CF2202E7F5FF
 20:54:53.151 t20480000C00000000000
 20:54:53.152 t2058D188E2027FFF5000
 20:54:53.250 t200829080F3E0048CA00
 20:54:53.251 t201849A70F0EF1F1F17B
 20:54:53.251 t202869A70F1AF1F100FB
 20:54:53.251 t20388AC20F2201E7FDFE
 20:54:53.251 t20480000000000000000
 20:54:53.252 t2058D18822027FFF5000
 20:54:53.350 t2008290B4F3E0048CA00
 20:54:53.351 t20184AA44F0EA9F1F17A
 20:54:53.351 t20286AA44F4649F102F9
 20:54:53.351 t20388B4C4F220447F9FE
 20:54:53.351 t20480000400000000000
 20:54:53.351 t2058D18862027FFF5000
 20:54:53.450 t2008290E8F3E0048CA00
 20:54:53.450 t20184AE08F0EF1F1F17A
 20:54:53.450 t20286AA48F1AA9F100FA
 20:54:53.451 t20388BC38F223FF7FBFF
 20:54:53.451 t20480000800000000000
 20:54:53.451 t2058D188A2027FFF5000
 20:54:53.550 t20082910CF3E0048CA00
 20:54:53.550 t20184000D10E49F1F179
 20:54:53.550 t20286AE0CF1601F107FA
 20:54:53.551 t20388000D1220177F5F1
 20:54:53.551 t20480000C00000000000
 20:54:53.551 t2058D188E2027FFF5000
 20:54:53.650 t200829130F3E0048CA00
 20:54:53.651 t201848070F0EF1F1F17A
 20:54:53.651 t20286AE00F1AF1F100FA
 20:54:53.651 t2038802511223FF7B7FF
 20:54:53.651 t20480000000000000000
 20:54:53.651 t2058D18822027FFF5000
 20:54:53.750 t200829164F3E0048CA00
 20:54:53.751 t201849A74F0EF1F1F17B
 20:54:53.751 t20286A974A3E49F900F9
 20:54:53.751 t203888084F220BE7C5F6
 20:54:53.751 t20480000400000000000
 20:54:53.751 t2058D18862027FFF5000
 20:54:53.850 t200829198F3E0048CA00
 20:54:53.851 t20184AA48F0EA9F1F17A
 20:54:53.851 t202869A78F1601F105FB
 20:54:53.851 t2038890D8F2206D7DDFB
 20:54:53.851 t20480000800000000000
 20:54:53.851 t2058D188A2027FFF5000
 20:54:53.950 t2008291CCF3E0048CA00
 20:54:53.951 t20184AE0CF0EF1F1F17A
 20:54:53.951 t202869A7CF1AF1F100FB
 20:54:53.951 t203889A7CF220677F5FD
 20:54:53.951 t20480000C00000000000
 20:54:53.951 t2058D188E2027FFF5000
 20:54:54.050 t2008291E0F3E0048CA00
 20:54:54.050 t20184000110E49F1F179
 20:54:54.051 t20286AA40F4649F102F9
 20:54:54.051 t20388A290F220237F5FD
 20:54:54.051 t20480000000000000000
 20:54:54.051 t2058D18822027FFF5000
 20:54:54.150 t200829214F3E0048CA00
 20:54:54.150 t201848074F0EF1F1F17A
 20:54:54.150 t20286AA44F1AA9F100FA
 20:54:54.150 t20388A764F2202E7F5FF
 20:54:54.150 t20480000400000000000
 20:54:54.151 t2058D18862027FFF5000
 20:54:54.250 t200829248F3E0048CA00
 20:54:54.250 t201849A78F0EF1F1F17B
 20:54:54.251 t20286AE08F1601F107FA
 20:54:54.251 t20388AC28F2201E7FDFE
 20:54:54.251 t20480000800000000000
 20:54:54.251 t2058D188A2027FFF5000
 20:54:54.350 t20082927CF3E0048CA00
 20:54:54.350 t20184AA4CF0EA9F1F17A
 20:54:54.350 t20286AE0CF1AF1F100FA
 20:54:54.351 t20388B4CCF220447F9FE
 20:54:54.351 t20480000C00000000000
 20:54:54.351 t2058D188E2027FFF5000
 20:54:54.450 t200829290F3E0048CA00
 20:54:54.450 t20184AE00F0EF1F1F17A
 20:54:54.451 t20286A970A3E49F900F9
 20:54:54.451 t20388BC30F223FF7FBFF
 20:54:54.451 t20480000000000000000
 20:54:54.451 t2058D18822027FFF5000
 20:54:54.550 t2008292C4F3E0048CA00
 20:54:54.550 t20184000510E49F1F179
 20:54:54.550 t202869A74F1601F105FB
 20:54:54.550 t2038800051220177F5F1
 20:54:54.550 t20480000400000000000
 20:54:54.551 t2058D18862027FFF5000
 20:54:54.650 t2008292F8F3E0048CA00
 20:54:54.650 t201848078F0EF1F1F17A
 20:54:54.651 t202869A78F1AF1F100FB
 20:54:54.651 t2038802591223FF7B7FF
 20:54:54.651 t20480000800000000000
 20:54:54.651 t2058D188A2027FFF5000
 20:54:54.751 t20082932CF3E0048CA00
 20:54:54.751 t201849A7CF0EF1F1F17B
 20:54:54.751 t20286AA4CF4649F102F9
 20:54:54.751 t20388808CF220BE7C5F6
 20:54:54.751 t20480000C00000000000
 20:54:54.751 t2058D188E2027FFF5000
 20:54:54.851 t200829350F3E0048CA00
 20:54:54.851 t20184AA40F0EA9F1F17A
 20:54:54.851 t20286AA40F1AA9F100FA
 20:54:54.851 t2038890D0F2206D7DDFB
 20:54:54.851 t20480000000000000000
 20:54:54.851 t2058D18822027FFF5000
 20:54:54.951 t200829374F3E0048CA00
 20:54:54.951 t20184AE04F0EF1F1F17A
 20:54:54.952 t20286AE04F1601F107FA
 20:54:54.952 t203889A74F220677F5FD
 20:54:54.952 t20480000400000000000
 20:54:54.952 t2058D18862027FFF5000
 20:54:55.051 t2008293A8F3E0048CA00
 20:54:55.051 t20184000910E49F1F179
 20:54:55.051 t20286AE08F1AF1F100FA
 20:54:55.051 t20388A298F220237F5FD
 20:54:55.051 t20480000800000000000
 20:54:55.051 t2058D188A2027FFF5000
 20:54:55.151 t2008293DCF3E0048CA00
 20:54:55.151 t20184807CF0EF1F1F17A
 20:54:55.152 t20286A97CA3E49F900F9
 20:54:55.152 t20388A76CF2202E7F5FF
 20:54:55.152 t20480000C00000000000
 20:54:55.152 t2058D188E2027FFF5000
 20:54:55.251 t200829400F3E0048CA00
 20:54:55.251 t201849A70F0EF1F1F17B
 20:54:55.251 t202869A70F1601F105FB
 20:54:55.252 t20388AC20F2201E7FDFE
 20:54:55.252 t20480000000000000000
 20:54:55.252 t2058D18822027FFF5000
 20:54:55.351 t200829424F3E0048CA00
 20:54:55.351 t20184AA44F0EA9F1F17A
 20:54:55.351 t202869A74F1AF1F100FB
 20:54:55.351 t20388B4C4F220447F9FE
 20:54:55.352 t20480000400000000000
 20:54:55.352 t2058D18862027FFF5000
 20:54:55.451 t200829458F3E0048CA00
 20:54:55.451 t20184AE08F0EF1F1F17A
 20:54:55.451 t20286AA48F4649F102F9
 20:54:55.451 t20388BC38F223FF7FBFF
 20:54:55.451 t20480000800000000000
 20:54:55.451 t2058D188A2027FFF5000
 20:54:55.551 t20082948CF3E0048CA00
 20:54:55.551 t20184000D10E49F1F179
 20:54:55.551 t20286AA4CF1AA9F100FA
 20:54:55.551 t20388000D1220177F5F1
 20:54:55.551 t20480000C00000000000
 20:54:55.551 t2058D188E2027FFF5000
 20:54:55.651 t2008294B0F3E0048CA00
 20:54:55.651 t201848070F0EF1F1F17A
 20:54:55.651 t20286AE00F1601F107FA
 20:54:55.651 t2038802511223FF7B7FF
 20:54:55.652 t20480000000000000000
 20:54:55.652 t2058D18822027FFF5000
 20:54:55.751 t2008294E4F3E0048CA00
 20:54:55.751 t201849A74F0EF1F1F17B
 20:54:55.751 t20286AE04F1AF1F100FA
 20:54:55.751 t20388BC34F200C77F9FE
 20:54:55.752 t20480000400000000000
 20:54:55.752 t2058D18862027FFF5000
 20:54:55.851 t200829508F3E0048CA00
 20:54:55.851 t20184AA48F0EA9F1F17A
 20:54:55.851 t20286A978A3E49F900F9
 20:54:55.851 t2038890D8F2206D7DDFB
 20:54:55.852 t20480000800000000000
 20:54:55.852 t2058D188A2027FFF5000
 20:54:55.951 t20082953CF3E0048CA00
 20:54:55.951 t20184AE0CF0EF1F1F17A
 20:54:55.951 t202869A7CF1601F105FB
 20:54:55.951 t203889A7CF220677F5FD
 20:54:55.952 t20480000C00000000000
 20:54:55.952 t2058D188E2027FFF5000
 20:54:56.050 t200829560F3E0048CA00
 20:54:56.051 t20184000110E49F1F179
 20:54:56.051 t202869A70F1AF1F100FB
 20:54:56.051 t20388A290F220237F5FD
 20:54:56.051 t20480000000000000000
 20:54:56.051 t2058D18822027FFF5000
 20:54:56.150 t200829594F3E0048CA00
 20:54:56.151 t201848074F0EF1F1F17A
 20:54:56.151 t20286AA44F4649F102F9
 20:54:56.151 t20388A764F2202E7F5FF
 20:54:56.151 t20480000400000000000
 20:54:56.151 t2058D18862027FFF5000
 20:54:56.250 t2008295B8F3E0048CA00
 20:54:56.251 t201849A78F0EF1F1F17B
 20:54:56.251 t20286AA48F1AA9F100FA
 20:54:56.251 t20388AC28F2201E7FDFE
 20:54:56.251 t20480000800000000000
 20:54:56.251 t2058D188A2027FFF5000
 20:54:56.351 t2008295ECF3E0048CA00
 20:54:56.351 t20184AA4CF0EA9F1F17A
 20:54:56.351 t20286AE0CF1601F107FA
 20:54:56.351 t20388B4CCF220447F9FE
 20:54:56.352 t20480000C00000000000
 20:54:56.352 t2058D188E2027FFF5000
 20:54:56.451 t200829610F3E0048CA00
 20:54:56.451 t20184AE00F0EF1F1F17A
 20:54:56.451 t20286AE00F1AF1F100FA
 20:54:56.451 t20388BC30F220C77F9FE
 20:54:56.451 t20480000000000000000
 20:54:56.451 t2058D18822027FFF5000
 20:54:56.551 t200829644F3E0048CA00
 20:54:56.551 t20184000510E49F1F179
 20:54:56.551 t20286A974A3E49F900F9
 20:54:56.551 t2038800051220177F5F1
 20:54:56.551 t20480000400000000000
 20:54:56.552 t2058D18862027FFF5000
 20:54:56.651 t200829678F3E0048CA00
 20:54:56.651 t201848078F0EF1F1F17A
 20:54:56.651 t202869A78F1601F105FB
 20:54:56.651 t2038802591223FF7B7FF
 20:54:56.651 t20480000800000000000
 20:54:56.652 t2058D188A2027FFF5000
 20:54:56.750 t20082969CF3E0048CA00
 20:54:56.751 t201849A7CF0EF1F1F17B
 20:54:56.751 t202869A7CF1AF1F100FB
 20:54:56.751 t2038890DCF2206D7DDFB
 20:54:56.752 t20480000C00000000000
 20:54:56.752 t2058D188E2027FFF5000
 20:54:56.850 t2008296C0F3E0048CA00
 20:54:56.850 t20184AA40F0EA9F1F17A
 20:54:56.850 t20286AA40F4649F102F9
 20:54:56.851 t203889A70F220677F5FD
 20:54:56.851 t20480000000000000000
 20:54:56.851 t2058D18822027FFF5000
 20:54:56.950 t2008296F4F3E0048CA00
 20:54:56.950 t20184AE04F0EF1F1F17A
 20:54:56.951 t20286AA44F1AA9F100FA
 20:54:56.951 t20388A294F220237F5FD
 20:54:56.951 t20480000400000000000
 20:54:56.951 t2058D18862027FFF5000
 20:54:57.050 t200829728F3E0048CA00
 20:54:57.051 t20184000910E49F1F179
 20:54:57.051 t20286AE08F1601F107FA
 20:54:57.051 t20388A768F2202E7F5FF
 20:54:57.051 t20480000800000000000
 20:54:57.052 t2058D188A2027FFF5000
 20:54:57.150 t20082974CF3E0048CA00
 20:54:57.151 t20184807CF0EF1F1F17A
 20:54:57.151 t20286AE0CF1AF1F100FA
 20:54:57.151 t20388AC2CF2201E7FDFE
 20:54:57.151 t20480000C00000000000
 20:54:57.151 t2058D188E2027FFF5000
 20:54:57.250 t200829770F3E0048CA00
 20:54:57.251 t201849A70F0EF1F1F17B
 20:54:57.251 t20286A970A3E49F900F9
 20:54:57.251 t20388B4C0F220447F9FE
 20:54:57.251 t20480000000000000000
 20:54:57.251 t2058D18822027FFF5000
 20:54:57.350 t2008297A4F3E0048CA00
 20:54:57.351 t20184AA44F0EA9F1F17A
 20:54:57.351 t202869A74F1601F105FB
 20:54:57.351 t20388BC34F220C77F9FE
 20:54:57.351 t20480000400000000000
 20:54:57.351 t2058D18862027FFF5000
 20:54:57.450 t2008297D8F3E0048CA00
 20:54:57.450 t20184AE08F0EF1F1F17A
 20:54:57.450 t202869A78F1AF1F100FB
 20:54:57.450 t2038800091220177F5F1
 20:54:57.451 t20480000800000000000
 20:54:57.451 t2058D188A2027FFF5000
 20:54:57.550 t20082980CF3E0048CA00
 20:54:57.550 t20184000D10E49F1F179
 20:54:57.550 t20286AA4CF4649F102F9
 20:54:57.550 t20388025D1223FF7B7FF
 20:54:57.551 t20480000C00000000000
 20:54:57.551 t2058D188E2027FFF5000
 20:54:57.650 t200829830F3E0048CA00
 20:54:57.650 t201848070F0EF1F1F17A
 20:54:57.651 t20286AA40F1AA9F100FA
 20:54:57.651 t2038890D0F2206D7DDFB
 20:54:57.651 t20480000000000000000
 20:54:57.651 t2058D18822027FFF5000
 20:54:57.750 t200829854F3E0048CA00
 20:54:57.750 t201849A74F0EF1F1F17B
 20:54:57.751 t20286AE04F1601F107FA
 20:54:57.751 t203889A74F220677F5FD
 20:54:57.751 t20480000400000000000
 20:54:57.751 t2058D18862027FFF5000
 20:54:57.850 t200829888F3E0048CA00
 20:54:57.850 t20184AA48F0EA9F1F17A
 20:54:57.851 t20286AE08F1AF1F100FA
 20:54:57.851 t20388A298F220237F5FD
 20:54:57.851 t20480000800000000000
 20:54:57.851 t2058D188A2027FFF5000
 20:54:57.950 t2008298BCF3E0048CA00
 20:54:57.950 t20184AE0CF0EF1F1F17A
 20:54:57.951 t20286A97CA3E49F900F9
 20:54:57.951 t20388A76CF2202E7F5FF
 20:54:57.951 t20480000C00000000000
 20:54:57.951 t2058D188E2027FFF5000
 20:54:58.050 t2008298E0F3E0048CA00
 20:54:58.050 t20184000110E49F1F179
 20:54:58.051 t202869A70F1601F105FB
 20:54:58.051 t20388AC20F2201E7FDFE
 20:54:58.051 t20480000000000000000
 20:54:58.051 t2058D18822027FFF5000
 20:54:58.150 t200829904F3E0048CA00
 20:54:58.150 t201848074F0EF1F1F17A
 20:54:58.150 t202869A74F1AF1F100FB
 20:54:58.150 t20388B4C4F220447F9FE
 20:54:58.150 t20480000400000000000
 20:54:58.150 t2058D18862027FFF5000
 20:54:58.250 t200829938F3E0048CA00
 20:54:58.250 t201849A78F0EF1F1F17B
 20:54:58.250 t20286AA48F4649F102F9
 20:54:58.250 t20388BC38F220C77F9FE
 20:54:58.250 t20480000800000000000
 20:54:58.250 t2058D188A2027FFF5000
 20:54:58.350 t20082996CF3E0048CA00
 20:54:58.350 t20184AA4CF0EA9F1F17A
 20:54:58.350 t20286AA4CF1AA9F100FA
 20:54:58.351 t20388000D1220177F5F1
 20:54:58.351 t20480000C00000000000
 20:54:58.351 t2058D188E2027FFF5000
 20:54:58.451 t200829990F3E0048CA00
 20:54:58.451 t20184AE00F0EF1F1F17A
 20:54:58.452 t20286AE00F1601F107FA
 20:54:58.452 t2038802511223FF7B7FF
 20:54:58.452 t20480000000000000000
 20:54:58.453 t2058D18822027FFF5000
 20:54:58.551 t2008299C4F3E0048CA00
 20:54:58.551 t20184000510E49F1F179
 20:54:58.552 t20286AE04F1AF1F100FA
 20:54:58.552 t2038890D4F2206D7DDFB
 20:54:58.552 t20480000400000000000
 20:54:58.553 t2058D18862027FFF5000
 20:54:58.651 t2008299E8F3E0048CA00
 20:54:58.651 t201848078F0EF1F1F17A
 20:54:58.652 t20286A978A3E49F900F9
 20:54:58.652 t203889A78F220677F5FD
 20:54:58.652 t20480000800000000000
 20:54:58.653 t2058D188A2027FFF5000
 20:54:58.751 t200829A1CF3E0048CA00
 20:54:58.751 t201849A7CF0EF1F1F17B
 20:54:58.751 t202869A7CF1601F105FB
 20:54:58.752 t20388A29CF220237F5FD
 20:54:58.752 t20480000C00000000000
 20:54:58.753 t2058D188E2027FFF5000
 20:54:58.851 t200829A40F3E0048CA00
 20:54:58.851 t20184AA40F0EA9F1F17A
 20:54:58.851 t202869A70F1AF1F100FB
 20:54:58.851 t20388A760F2202E7F5FF
 20:54:58.851 t20480000000000000000
 20:54:58.851 t2058D18822027FFF5000
 20:54:58.951 t200829A74F3E0048CA00
 20:54:58.951 t20184AE04F0EF1F1F17A
 20:54:58.951 t20286AA44F4649F102F9
 20:54:58.951 t20388AC24F2201E7FDFE
 20:54:58.951 t20480000400000000000
 20:54:58.951 t2058D18862027FFF5000
 20:54:59.051 t200829AA8F3E0048CA00
 20:54:59.051 t20184000910E49F1F179
 20:54:59.051 t20286AA48F1AA9F100FA
 20:54:59.052 t20388B4C8F220447F9FE
 20:54:59.052 t20480000800000000000
 20:54:59.052 t2058D188A2027FFF5000
 20:54:59.151 t200829ADCF3E0048CA00
 20:54:59.151 t20184807CF0EF1F1F17A
 20:54:59.151 t20286AE0CF1601F107FA
 20:54:59.152 t20388BC3CF220C77F9FE
 20:54:59.152 t20480000C00000000000
 20:54:59.152 t2058D188E2027FFF5000
 20:54:59.251 t200829AF0F3E0048CA00
 20:54:59.251 t201849A70F0EF1F1F17B
 20:54:59.251 t20286AE00F1AF1F100FA
 20:54:59.252 t2038800011220177F5F1
 20:54:59.252 t20480000000000000000
 20:54:59.252 t2058D18822027FFF5000
 20:54:59.351 t200829B24F3E0048CA00
 20:54:59.351 t20184AA44F0EA9F1F17A
 20:54:59.351 t20286A974A3E49F900F9
 20:54:59.352 t2038802551223FF7B7FF
 20:54:59.352 t20480000400000000000
 20:54:59.352 t2058D18862027FFF5000
 20:54:59.451 t200829B58F3E0048CA00
 20:54:59.451 t20184AE08F0EF1F1F17A
 20:54:59.451 t202869A78F1601F105FB
 20:54:59.451 t2038890D8F2206D7DDFB
 20:54:59.452 t20480000800000000000
 20:54:59.452 t2058D188A2027FFF5000
 20:54:59.550 t200829B8CF3E0048CA00
 20:54:59.551 t20184000D10E49F1F179
 20:54:59.551 t202869A7CF1AF1F100FB
 20:54:59.551 t203889A7CF220677F5FD
 20:54:59.551 t20480000C00000000000
 20:54:59.551 t2058D188E2027FFF5000
 20:54:59.650 t200829BA0F3E0048CA00
 20:54:59.650 t201848070F0EF1F1F17A
 20:54:59.651 t20286AA40F4649F102F9
 20:54:59.651 t20388A290F220237F5FD
 20:54:59.651 t20480000000000000000
 20:54:59.651 t2058D18822027FFF5000
 20:54:59.750 t200829BD4F3E0048CA00
 20:54:59.751 t201849A74F0EF1F1F17B
 20:54:59.751 t20286AA44F1AA9F100FA
 20:54:59.751 t20388A764F2202E7F5FF
 20:54:59.752 t20480000400000000000
 20:54:59.753 t2058D18862027FFF5000
 20:54:59.850 t200829C08F3E0048CA00
 20:54:59.851 t20184AA48F0EA9F1F17A
 20:54:59.851 t20286AE08F1601F107FA
 20:54:59.851 t20388AC28F2201E7FDFE
 20:54:59.851 t20480000800000000000
 20:54:59.851 t2058D188A2027FFF5000
 20:54:59.950 t200829C3CF3E0048CA00
 20:54:59.950 t20184AE0CF0EF1F1F17A
 20:54:59.951 t20286AE0CF1AF1F100FA
 20:54:59.951 t20388B4CCF220447F9FE
 20:54:59.951 t20480000C00000000000
 20:54:59.951 t2058D188E2027FFF5000
 20:55:00.050 t200829C60F3E0048CA00
 20:55:00.050 t20184000110E49F1F179
 20:55:00.051 t20286A970A3E49F900F9
 20:55:00.051 t20388BC30F220C77F9FE
 20:55:00.051 t20480000000000000000
 20:55:00.051 t2058D18822027FFF5000
 20:55:00.150 t200829C84F3E0048CA00
 20:55:00.150 t201848074F0EF1F1F17A
 20:55:00.150 t202869A74F1601F105FB
 20:55:00.151 t2038800051220177F5F1
 20:55:00.151 t20480000400000000000
 20:55:00.151 t2058D18862027FFF5000
 20:55:00.250 t200829CB8F3E0048CA00
 20:55:00.250 t201849A78F0EF1F1F17B
 20:55:00.250 t202869A78F1AF1F100FB
 20:55:00.250 t2038802591223FF7B7FF
 20:55:00.251 t20480000800000000000
 20:55:00.251 t2058D188A2027FFF5000
 20:55:00.350 t200829CECF3E0048CA00
 20:55:00.351 t20184AA4CF0EA9F1F17A
 20:55:00.351 t20286AA4CF4649F102F9
 20:55:00.351 t2038890DCF2206D7DDFB
 20:55:00.351 t20480000C00000000000
 20:55:00.352 t2058D188E2027FFF5000
 20:55:00.450 t200829D10F3E0048CA00
 20:55:00.451 t20184AE00F0EF1F1F17A
 20:55:00.451 t20286AA40F1AA9F100FA
 20:55:00.451 t203889A70F220677F5FD
 20:55:00.452 t20480000000000000000
 20:55:00.452 t2058D18822027FFF5000
 20:55:00.550 t200829D34F3E0048CA00
 20:55:00.551 t20184000510E49F1F179
 20:55:00.551 t20286AE04F1601F107FA
 20:55:00.551 t20388A294F220237F5FD
 20:55:00.552 t20480000400000000000
 20:55:00.552 t2058D18862027FFF5000
 20:55:00.650 t200829D68F3E0048CA00
 20:55:00.651 t201848078F0EF1F1F17A
 20:55:00.651 t20286AE08F1AF1F100FA
 20:55:00.651 t20388A768F2202E7F5FF
 20:55:00.652 t20480000800000000000
 20:55:00.652 t2058D188A2027FFF5000
 20:55:00.750 t200829D9CF3E0048CA00
 20:55:00.750 t201849A7CF0EF1F1F17B
 20:55:00.751 t20286A97CA3E49F900F9
 20:55:00.752 t20388AC2CF2201E7FDFE
 20:55:00.752 t20480000C00000000000
 20:55:00.752 t2058D188E2027FFF5000
 20:55:00.850 t200829DC0F3E0048CA00
 20:55:00.850 t20184AA40F0EA9F1F17A
 20:55:00.850 t202869A70F1601F105FB
 20:55:00.850 t20388B4C0F220447F9FE
 20:55:00.851 t20480000000000000000
 20:55:00.851 t2058D18822027FFF5000
 20:55:00.950 t200829DF4F3E0048CA00
 20:55:00.950 t20184AE04F0EF1F1F17A
 20:55:00.950 t202869A74F1AF1F100FB
 20:55:00.950 t20388BC34F220C77F9FE
 20:55:00.950 t20480000400000000000
 20:55:00.951 t2058D18862027FFF5000
 20:55:01.050 t200829E18F3E0048CA00
 20:55:01.050 t20184000910E49F1F179
 20:55:01.051 t20286AA48F4649F102F9
 20:55:01.051 t2038800091220177F5F1
 20:55:01.051 t20480000800000000000
 20:55:01.052 t2058D188A2027FFF5000
 20:55:01.150 t200829E4CF3E0048CA00
 20:55:01.150 t20184807CF0EF1F1F17A
 20:55:01.151 t20286AA4CF1AA9F100FA
 20:55:01.151 t20388025D1223FF7B7FF
 20:55:01.151 t20480000C00000000000
 20:55:01.152 t2058D188E2027FFF5000
 20:55:01.250 t200829E70F3E0048CA00
 20:55:01.251 t201849A70F0EF1F1F17B
 20:55:01.252 t20286AE00F1601F107FA
 20:55:01.252 t2038890D0F2206D7DDFB
 20:55:01.252 t20480000000000000000
 20:55:01.252 t2058D18822027FFF5000
 20:55:01.350 t200829EA4F3E0048CA00
 20:55:01.350 t20184AA44F0EA9F1F17A
 20:55:01.351 t20286AE04F1AF1F100FA
 20:55:01.351 t203889A74F220677F5FD
 20:55:01.351 t20480000400000000000
 20:55:01.352 t2058D18862027FFF5000
 20:55:01.450 t200829EC8F3E0048CA00
 20:55:01.450 t20184AE08F0EF1F1F17A
 20:55:01.451 t20286A978A3E49F900F9
 20:55:01.451 t20388A298F220237F5FD
 20:55:01.452 t20480000800000000000
 20:55:01.452 t2058D188A2027FFF5000
 20:55:01.550 t200829EFCF3E0048CA00
 20:55:01.550 t20184000D10E49F1F179
 20:55:01.550 t202869A7CF1601F105FB
 20:55:01.550 t20388A76CF2202E7F5FF
 20:55:01.550 t20480000C00000000000
 20:55:01.550 t2058D188E2027FFF5000
 20:55:01.650 t200829F20F3E0048CA00
 20:55:01.650 t201848070F0EF1F1F17A
 20:55:01.650 t202869A70F1AF1F100FB
 20:55:01.650 t20388AC20F2201E7FDFE
 20:55:01.650 t20480000000000000000
 20:55:01.650 t2058D18822027FFF5000
 20:55:01.750 t200829F54F3E0048CA00
 20:55:01.750 t201849A74F0EF1F1F17B
 20:55:01.751 t20286AA44F4649F102F9
 20:55:01.751 t20388B4C4F220447F9FE
 20:55:01.752 t20480000400000000000
 20:55:01.752 t2058D18862027FFF5000
 20:55:01.850 t200829F88F3E0048CA00
 20:55:01.850 t20184AA48F0EA9F1F17A
 20:55:01.851 t20286AA48F1AA9F100FA
 20:55:01.851 t20388BC38F220C77F9FE
 20:55:01.851 t20480000800000000000
 20:55:01.852 t2058D188A2027FFF5000
 20:55:01.950 t200829FACF3E0048CA00
 20:55:01.950 t20184AE0CF0EF1F1F17A
 20:55:01.951 t20286AE0CF1601F107FA
 20:55:01.951 t20388000D1220177F5F1
 20:55:01.951 t20480000C00000000000
 20:55:01.952 t2058D188E2027FFF5000
 20:55:02.052 t200829FD0F3E0048CA00
 20:55:02.052 t20184000110E49F1F179
 20:55:02.052 t20286AE00F1AF1F100FA
 20:55:02.052 t2038802511223FF7B7FF
 20:55:02.052 t20480000000000000000
 20:55:02.053 t2058D18822027FFF5000
 20:55:02.151 t20082A004F3E0048CA00
 20:55:02.151 t201848074F0EF1F1F17A
 20:55:02.152 t20286A974A3E49F900F9
 20:55:02.152 t20388CFD4F200177F9FE
 20:55:02.152 t20480000400000000000
 20:55:02.152 t2058D18862027FFF5000
 20:55:02.251 t20082A038F3E0048CA00
 20:55:02.251 t201849A78F0EF1F1F17B
 20:55:02.251 t202869A78F1601F105FB
 20:55:02.251 t20388D1A8F2004F7F9FE
 20:55:02.251 t20480000800000000000
 20:55:02.252 t2058D188A2027FFF5000
 20:55:02.351 t20082A05CF3E0048CA00
 20:55:02.352 t20184AA4CF0EA9F1F17A
 20:55:02.352 t202869A7CF1AF1F100FB
 20:55:02.352 t20388D7DCF203FF7FBFF
 20:55:02.352 t20480000C00000000000
 20:55:02.352 t2058D188E2027FFF5000
 20:55:02.452 t20082A080F3E0048CA00
 20:55:02.452 t20184AE00F0EF1F1F17A
 20:55:02.452 t20286AA40F4649F102F9
 20:55:02.452 t203889A70F220677F5FD
 20:55:02.452 t20480000000000000000
 20:55:02.453 t2058D18822027FFF5000
 20:55:02.551 t20082A0B4F3E0048CA00
 20:55:02.551 t20184000510E49F1F179
 20:55:02.552 t20286AA44F1AA9F100FA
 20:55:02.552 t20388A294F220237F5FD
 20:55:02.552 t20480000400000000000
 20:55:02.552 t2058D18862027FFF5000
 20:55:02.652 t20082A0E8F3E0048CA00
 20:55:02.653 t201848078F0EF1F1F17A
 20:55:02.653 t20286AE08F1601F107FA
 20:55:02.653 t20388A768F2202E7F5FF
 20:55:02.654 t20480000800000000000
 20:55:02.654 t2058D188A2027FFF5000
 20:55:02.751 t20082A11CF3E0048CA00
 20:55:02.752 t201849A7CF0EF1F1F17B
 20:55:02.752 t20286AE0CF1AF1F100FA
 20:55:02.752 t20388AC2CF2201E7FDFE
 20:55:02.752 t20480000C00000000000
 20:55:02.752 t2058D188E2027FFF5000
 20:55:02.851 t20082A130F3E0048CA00
 20:55:02.851 t20184AA40F0EA9F1F17A
 20:55:02.851 t20286A970A3E49F900F9
 20:55:02.851 t20388B4C0F220447F9FE
 20:55:02.852 t20480000000000000000
 20:55:02.852 t2058D18822027FFF5000
 20:55:02.951 t20082A164F3E0048CA00
 20:55:02.951 t20184AE04F0EF1F1F17A
 20:55:02.951 t20286AA44F4649F102F9
 20:55:02.951 t20388BC34F220C77F9FE
 20:55:02.951 t20480000400000000000
 20:55:02.951 t2058D18862027FFF5000
 20:55:03.051 t20082A198F3E0048CA00
 20:55:03.052 t20184000910E49F1F179
 20:55:03.052 t20286AA48F1AA9F100FA
 20:55:03.052 t2038800091220177F5F1
 20:55:03.052 t20480000800000000000
 20:55:03.053 t2058D188A2027FFF5000
 20:55:03.152 t20082A1CCF3E0048CA00
 20:55:03.152 t201849A7CF0EF1F1F17B
 20:55:03.152 t20286AE0CF1601F107FA
 20:55:03.152 t20388025D1223FF7B7FF
 20:55:03.152 t20480000C00000000000
 20:55:03.153 t2058D188E2027FFF5000
 20:55:03.251 t20082A1E0F3E0048CA00
 20:55:03.251 t20184AA40F0EA9F1F17A
 20:55:03.252 t20286AE00F1AF1F100FA
 20:55:03.252 t20388CFD0F220177F9FE
 20:55:03.252 t20480000000000000000
 20:55:03.252 t2058D18822027FFF5000
 20:55:03.351 t20082A214F3E0048CA00
 20:55:03.351 t20184AE04F0EF1F1F17A
 20:55:03.351 t20286A974A3E49F900F9
 20:55:03.351 t20388D1A4F2204F7F9FE
 20:55:03.352 t20480000400000000000
 20:55:03.352 t2058D18862027FFF5000
 20:55:03.451 t20082A248F3E0048CA00
 20:55:03.451 t20184000910E49F1F179
 20:55:03.451 t20286AA48F4649F102F9
 20:55:03.451 t20388D7D8F223FF7FBFF
 20:55:03.451 t20480000800000000000
 20:55:03.451 t2058D188A2027FFF5000
 20:55:03.551 t20082A27CF3E0048CA00
 20:55:03.551 t201849A7CF0EF1F1F17B
 20:55:03.551 t20286AA4CF1AA9F100FA
 20:55:03.551 t203889A7CF220677F5FD
 20:55:03.551 t20480000C00000000000
 20:55:03.551 t2058D188E2027FFF5000
 20:55:03.650 t20082A2A0F3E0048CA00
 20:55:03.651 t20184AA40F0EA9F1F17A
 20:55:03.651 t20286AE00F1601F107FA
 20:55:03.651 t20388A290F220237F5FD
 20:55:03.651 t20480000000000000000
 20:55:03.651 t2058D18822027FFF5000
 20:55:03.751 t20082A2C4F3E0048CA00
 20:55:03.751 t20184AE04F0EF1F1F17A
 20:55:03.751 t20286AE04F1AF1F100FA
 20:55:03.752 t203889A74F200677F5FD
 20:55:03.752 t20480000400000000000
 20:55:03.752 t2058D18862027FFF5000
 20:55:03.851 t20082A2F8F3E0048CA00
 20:55:03.851 t20184000910E49F1F179
 20:55:03.851 t20286A978A3E49F900F9
 20:55:03.851 t20388A328F200247F5FD
 20:55:03.852 t20480000800000000000
 20:55:03.852 t2058D188A2027FFF5000
 20:55:03.951 t20082A32CF3E0048CA00
 20:55:03.951 t201849A7CF0EF1F1F17B
 20:55:03.951 t20286AA4CF4649F102F9
 20:55:03.952 t20388AA4CF2003C7FDFE
 20:55:03.952 t20480000C00000000000
 20:55:03.952 t2058D188E2027FFF5000
 20:55:04.051 t20082A350F3E0048CA00
 20:55:04.051 t20184AA40F0EA9F1F17A
 20:55:04.051 t20286AA40F1AA9F100FA
 20:55:04.052 t20388B4C0F200537F9FE
 20:55:04.052 t20480000000000000000
 20:55:04.052 t2058D18822027FFF5000
 20:55:04.150 t20082A374F3E0048CA00
 20:55:04.151 t20184AE04F0EF1F1F17A
 20:55:04.151 t20286AE04F1601F107FA
 20:55:04.151 t20388C5F4F200BC7F9FE
 20:55:04.151 t20480000400000000000
 20:55:04.151 t2058D18862027FFF5000
 20:55:04.250 t20082A3A8F3E0048CA00
 20:55:04.251 t20184000910E49F1F179
 20:55:04.251 t20286AE08F1AF1F100FA
 20:55:04.251 t20388D698F200197F9FE
 20:55:04.251 t20480000800000000000
 20:55:04.251 t2058D188A2027FFF5000
 20:55:04.350 t20082A3DCF3E0048CA00
 20:55:04.351 t201849A7CF0EF1F1F17B
 20:55:04.351 t20286A97CA3E49F900F9
 20:55:04.351 t203889A7CF220677F5FD
 20:55:04.351 t20480000C00000000000
 20:55:04.351 t2058D188E2027FFF5000
 20:55:04.451 t20082A400F3E0048CA00
 20:55:04.451 t20184AA40F0EA9F1F17A
 20:55:04.451 t20286AA40F4649F102F9
 20:55:04.452 t20388A320F220247F5FD
 20:55:04.452 t20480000000000000000
 20:55:04.452 t2058D18822027FFF5000
 20:55:04.550 t20082A434F3E0048CA00
 20:55:04.551 t20184AE04F0EF1F1F17A
 20:55:04.551 t20286AA44F1AA9F100FA
 20:55:04.551 t20388AA44F2203C7FDFE
 20:55:04.551 t20480000400000000000
 20:55:04.551 t2058D18862027FFF5000
 20:55:04.650 t20082A458F3E0048CA00
 20:55:04.651 t20184000910E49F1F179
 20:55:04.651 t20286AE08F1601F107FA
 20:55:04.651 t20388B4C8F220537F9FE
 20:55:04.651 t20480000800000000000
 20:55:04.652 t2058D188A2027FFF5000
 20:55:04.750 t20082A48CF3E0048CA00
 20:55:04.750 t201849A7CF0EF1F1F17B
 20:55:04.751 t20286AE0CF1AF1F100FA
 20:55:04.751 t20388C5FCF220BC7F9FE
 20:55:04.751 t20480000C00000000000
 20:55:04.751 t2058D188E2027FFF5000
 20:55:04.850 t20082A4B0F3E0048CA00
 20:55:04.850 t20184AA40F0EA9F1F17A
 20:55:04.851 t20286A970A3E49F900F9
 20:55:04.851 t2038800011220177F5F1
 20:55:04.851 t20480000000000000000
 20:55:04.851 t2058D18822027FFF5000
 20:55:04.950 t20082A4E4F3E0048CA00
 20:55:04.950 t20184AE04F0EF1F1F17A
 20:55:04.950 t20286AA44F4649F102F9
 20:55:04.950 t2038802551223FF7B7FF
 20:55:04.951 t20480000400000000000
 20:55:04.951 t2058D18862027FFF5000
 20:55:05.051 t20082A508F3E0048CA00
 20:55:05.051 t20184000910E49F1F179
 20:55:05.051 t20286AA48F1AA9F100FA
 20:55:05.051 t20388D698F220197F9FE
 20:55:05.051 t20480000800000000000
 20:55:05.052 t2058D188A2027FFF5000
 20:55:05.151 t20082A53CF3E0048CA00
 20:55:05.151 t201849A7CF0EF1F1F17B
 20:55:05.151 t20286AE0CF1601F107FA
 20:55:05.151 t203889A7CF220677F5FD
 20:55:05.151 t20480000C00000000000
 20:55:05.152 t2058D188E2027FFF5000
 20:55:05.250 t20082A560F3E0048CA00
 20:55:05.250 t20184AA40F0EA9F1F17A
 20:55:05.251 t20286AE00F1AF1F100FA
 20:55:05.251 t20388A320F220247F5FD
 20:55:05.251 t20480000000000000000
 20:55:05.251 t2058D18822027FFF5000
 20:55:05.350 t20082A594F3E0048CA00
 20:55:05.351 t20184AE04F0EF1F1F17A
 20:55:05.351 t20286A974A3E49F900F9
 20:55:05.351 t20388AA44F2203C7FDFE
 20:55:05.351 t20480000400000000000
 20:55:05.352 t2058D18862027FFF5000
 20:55:05.451 t20082A5C8F3E0048CA00
 20:55:05.451 t20184000910E49F1F179
 20:55:05.451 t20286AA48F4649F102F9
 20:55:05.451 t20388B4C8F220537F9FE
 20:55:05.452 t20480000800000000000
 20:55:05.452 t2058D188A2027FFF5000
 20:55:05.550 t20082A5ECF3E0048CA00
 20:55:05.550 t201849A7CF0EF1F1F17B
 20:55:05.550 t20286AA4CF1AA9F100FA
 20:55:05.550 t20388C5FCF220BC7F9FE
 20:55:05.551 t20480000C00000000000
 20:55:05.551 t2058D188E2027FFF5000
 20:55:05.650 t20082A610F3E0048CA00
 20:55:05.651 t20184AA40F0EA9F1F17A
 20:55:05.651 t20286AE00F1601F107FA
 20:55:05.651 t2038800011220177F5F1
 20:55:05.651 t20480000000000000000
 20:55:05.651 t2058D18822027FFF5000
 20:55:05.751 t20082A644F3E0048CA00
 20:55:05.751 t20184AE04F0EF1F1F17A
 20:55:05.751 t20286AE04F1AF1F100FA
 20:55:05.751 t2038802551223FF7B7FF
 20:55:05.752 t20480000400000000000
 20:55:05.752 t2058D18862027FFF5000
 20:55:05.851 t20082A678F3E0048CA00
 20:55:05.851 t20184000910E49F1F179
 20:55:05.852 t20286A978A3E49F900F9
 20:55:05.852 t20388D698F220197F9FE
 20:55:05.852 t20480000800000000000
 20:55:05.852 t2058D188A2027FFF5000
 20:55:05.951 t20082A69CF3E0048CA00
 20:55:05.951 t201849A7CF0EF1F1F17B
 20:55:05.951 t20286AA4CF4649F102F9
 20:55:05.951 t203889A7CF220677F5FD
 20:55:05.952 t20480000C00000000000
 20:55:05.952 t2058D188E2027FFF5000
 20:55:06.051 t20082A6C0F3E0048CA00
 20:55:06.051 t20184AA40F0EA9F1F17A
 20:55:06.051 t20286AA40F1AA9F100FA
 20:55:06.051 t20388A320F220247F5FD
 20:55:06.052 t20480000000000000000
 20:55:06.052 t2058D18822027FFF5000
 20:55:06.150 t20082A6F4F3E0048CA00
 20:55:06.151 t20184AE04F0EF1F1F17A
 20:55:06.151 t20286AE04F1601F107FA
 20:55:06.151 t20388AA44F2203C7FDFE
 20:55:06.151 t20480000400000000000
 20:55:06.151 t2058D18862027FFF5000
 20:55:06.250 t20082A728F3E0048CA00
 20:55:06.251 t20184000910E49F1F179
 20:55:06.251 t20286AE08F1AF1F100FA
 20:55:06.251 t20388B4C8F220537F9FE
 20:55:06.251 t20480000800000000000
 20:55:06.251 t2058D188A2027FFF5000
 20:55:06.351 t20082A75CF3E0048CA00
 20:55:06.351 t201849A7CF0EF1F1F17B
 20:55:06.351 t20286A97CA3E49F900F9
 20:55:06.351 t20388C5FCF220BC7F9FE
 20:55:06.351 t20480000C00000000000
 20:55:06.352 t2058D188E2027FFF5000
 20:55:06.451 t20082A770F3E0048CA00
 20:55:06.451 t20184AA40F0EA9F1F17A
 20:55:06.451 t20286AA40F4649F102F9
 20:55:06.451 t2038800011220177F5F1
 20:55:06.451 t20480000000000000000
 20:55:06.452 t2058D18822027FFF5000
 20:55:06.551 t20082A7A4F3E0048CA00
 20:55:06.551 t20184AE04F0EF1F1F17A
 20:55:06.551 t20286AA44F1AA9F100FA
 20:55:06.551 t2038802551223FF7B7FF
 20:55:06.551 t20480000400000000000
 20:55:06.552 t2058D18862027FFF5000
 20:55:06.651 t20082A7D8F3E0048CA00
 20:55:06.651 t20184000910E49F1F179
 20:55:06.651 t20286AE08F1601F107FA
 20:55:06.651 t20388D698F220197F9FE
 20:55:06.651 t20480000800000000000
 20:55:06.652 t2058D188A2027FFF5000
 20:55:06.751 t20082A80CF3E0048CA00
 20:55:06.751 t201849A7CF0EF1F1F17B
 20:55:06.751 t20286AE0CF1AF1F100FA
 20:55:06.751 t203889A7CF220677F5FD
 20:55:06.751 t20480000C00000000000
 20:55:06.752 t2058D188E2027FFF5000
 20:55:06.850 t20082A820F3E0048CA00
 20:55:06.850 t20184AA40F0EA9F1F17A
 20:55:06.851 t20286A970A3E49F900F9
 20:55:06.851 t20388A320F220247F5FD
 20:55:06.851 t20480000000000000000
 20:55:06.851 t2058D18822027FFF5000
 20:55:06.950 t20082A854F3E0048CA00
 20:55:06.950 t20184AE04F0EF1F1F17A
 20:55:06.951 t20286AA44F4649F102F9
 20:55:06.951 t20388AA44F2203C7FDFE
 20:55:06.951 t20480000400000000000
 20:55:06.951 t2058D18862027FFF5000
 20:55:07.050 t20082A888F3E0048CA00
 20:55:07.051 t20184000910E49F1F179
 20:55:07.051 t20286AA48F1AA9F100FA
 20:55:07.051 t20388B4C8F220537F9FE
 20:55:07.051 t20480000800000000000
 20:55:07.051 t2058D188A2027FFF5000
 20:55:07.150 t20082A8BCF3E0048CA00
 20:55:07.151 t201849A7CF0EF1F1F17B
 20:55:07.151 t20286AE0CF1601F107FA
 20:55:07.151 t20388C5FCF220BC7F9FE
 20:55:07.151 t20480000C00000000000
 20:55:07.151 t2058D188E2027FFF5000
 20:55:07.251 t20082A8E0F3E0048CA00
 20:55:07.251 t20184AA40F0EA9F1F17A
 20:55:07.251 t20286AE00F1AF1F100FA
 20:55:07.251 t2038800011220177F5F1
 20:55:07.251 t20480000000000000000
 20:55:07.252 t2058D18822027FFF5000
 20:55:07.350 t20082A904F3E0048CA00
 20:55:07.351 t20184AE04F0EF1F1F17A
 20:55:07.351 t20286A974A3E49F900F9
 20:55:07.351 t2038802551223FF7B7FF
 20:55:07.351 t20480000400000000000
 20:55:07.351 t2058D18862027FFF5000
 20:55:07.450 t20082A938F3E0048CA00
 20:55:07.451 t20184000910E49F1F179
 20:55:07.451 t20286AA48F4649F102F9
 20:55:07.451 t20388D698F220197F9FE
 20:55:07.451 t20480000800000000000
 20:55:07.451 t2058D188A2027FFF5000
 20:55:07.550 t20082A96CF3E0048CA00
 20:55:07.550 t201849A7CF0EF1F1F17B
 20:55:07.550 t20286AA4CF1AA9F100FA
 20:55:07.550 t20388DC5CF203FF7FBFF
 20:55:07.551 t20480000C00000000000
 20:55:07.551 t2058D188E2027FFF5000
 20:55:07.650 t20082A990F3E0048CA00
 20:55:07.650 t20184AA40F0EA9F1F17A
 20:55:07.651 t20286AE00F1601F107FA
 20:55:07.651 t20388A320F220247F5FD
 20:55:07.651 t20480000000000000000
 20:55:07.651 t2058D18822027FFF5000
 20:55:07.750 t20082A9B4F3E0048CA00
 20:55:07.751 t20184AE04F0EF1F1F17A
 20:55:07.751 t20286AE04F1AF1F100FA
 20:55:07.751 t20388AA44F2203C7FDFE
 20:55:07.751 t20480000400000000000
 20:55:07.751 t2058D18862027FFF5000
 20:55:07.850 t20082A9E8F3E0048CA00
 20:55:07.850 t20184000910E49F1F179
 20:55:07.851 t20286A978A3E49F900F9
 20:55:07.851 t20388B4C8F220537F9FE
 20:55:07.851 t20480000800000000000
 20:55:07.852 t2058D188A2027FFF5000
 20:55:07.950 t20082AA1CF3E0048CA00
 20:55:07.950 t201849A7CF0EF1F1F17B
 20:55:07.950 t20286AA4CF4649F102F9
 20:55:07.950 t20388C5FCF220BC7F9FE
 20:55:07.951 t20480000C00000000000
 20:55:07.951 t2058D188E2027FFF5000
 20:55:08.050 t20082AA40F3E0048CA00
 20:55:08.051 t20184AA40F0EA9F1F17A
 20:55:08.051 t20286AA40F1AA9F100FA
 20:55:08.051 t2038800011220177F5F1
 20:55:08.051 t20480000000000000000
 20:55:08.051 t2058D18822027FFF5000
 20:55:08.150 t20082AA64F3E0048CA00
 20:55:08.150 t20184AE04F0EF1F1F17A
 20:55:08.150 t20286AE04F1601F107FA
 20:55:08.150 t2038802551223FF7B7FF
 20:55:08.150 t20480000400000000000
 20:55:08.151 t2058D18862027FFF5000
 20:55:08.250 t20082AA98F3E0048CA00
 20:55:08.250 t201849A78F0EF1F1F17B
 20:55:08.250 t20286AE08F1AF1F100FA
 20:55:08.250 t20388D698F220197F9FE
 20:55:08.250 t20480000800000000000
 20:55:08.250 t2058D188A2027FFF5000
 20:55:08.350 t20082AACCF3E0048CA00
 20:55:08.350 t20184AA4CF0EA9F1F17A
 20:55:08.351 t20286A97CA3E49F900F9
 20:55:08.351 t20388DC5CF223FF7FBFF
 20:55:08.351 t20480000C00000000000
 20:55:08.351 t2058D188E2027FFF5000
 20:55:08.450 t20082AAF0F3E0048CA00
 20:55:08.450 t20184AE00F0EF1F1F17A
 20:55:08.450 t20286AA40F4649F102F9
 20:55:08.450 t20388A320F220247F5FD
 20:55:08.450 t20480000000000000000
 20:55:08.451 t2058D18822027FFF5000
 20:55:08.550 t20082AB24F3E0048CA00
 20:55:08.550 t201849A74F0EF1F1F17B
 20:55:08.550 t20286AA44F1AA9F100FA
 20:55:08.550 t20388AA44F2203C7FDFE
 20:55:08.550 t20480000400000000000
 20:55:08.551 t2058D18862027FFF5000
 20:55:08.650 t20082AB48F3E0048CA00
 20:55:08.650 t20184AA48F0EA9F1F17A
 20:55:08.650 t20286AE08F1601F107FA
 20:55:08.651 t20388B4C8F220537F9FE
 20:55:08.651 t20480000800000000000
 20:55:08.651 t2058D188A2027FFF5000
 20:55:08.750 t20082AB7CF3E0048CA00
 20:55:08.750 t20184AE0CF0EF1F1F17A
 20:55:08.750 t20286AE0CF1AF1F100FA
 20:55:08.751 t20388C5FCF220BC7F9FE
 20:55:08.751 t20480000C00000000000
 20:55:08.751 t2058D188E2027FFF5000
 20:55:08.850 t20082ABA0F3E0048CA00
 20:55:08.850 t201849A70F0EF1F1F17B
 20:55:08.850 t20286A970A3E49F900F9
 20:55:08.850 t2038800011220177F5F1
 20:55:08.850 t20480000000000000000
 20:55:08.850 t2058D18822027FFF5000
 20:55:08.950 t20082ABD4F3E0048CA00
 20:55:08.950 t20184AA44F0EA9F1F17A
 20:55:08.950 t20286AA44F4649F102F9
 20:55:08.950 t2038802551223FF7B7FF
 20:55:08.950 t20480000400000000000
 20:55:08.950 t2058D18862027FFF5000
 20:55:09.050 t20082ABF8F3E0048CA00
 20:55:09.050 t20184AE08F0EF1F1F17A
 20:55:09.050 t20286AA48F1AA9F100FA
 20:55:09.050 t20388D698F220197F9FE
 20:55:09.050 t20480000800000000000
 20:55:09.050 t2058D188A2027FFF5000
 20:55:09.150 t20082AC2CF3E0048CA00
 20:55:09.150 t201849A7CF0EF1F1F17B
 20:55:09.150 t20286AE0CF1601F107FA
 20:55:09.151 t20388DC5CF223FF7FBFF
 20:55:09.151 t20480000C00000000000
 20:55:09.151 t2058D188E2027FFF5000
 20:55:09.250 t20082AC50F3E0048CA00
 20:55:09.250 t20184AA40F0EA9F1F17A
 20:55:09.250 t20286AE00F1AF1F100FA
 20:55:09.250 t20388A320F220247F5FD
 20:55:09.251 t20480000000000000000
 20:55:09.251 t2058D18822027FFF5000
 20:55:09.350 t20082AC84F3E0048CA00
 20:55:09.350 t20184AE04F0EF1F1F17A
 20:55:09.350 t20286A974A3E49F900F9
 20:55:09.351 t20388AA44F2203C7FDFE
 20:55:09.351 t20480000400000000000
 20:55:09.351 t2058D18862027FFF5000
 20:55:09.450 t20082ACB8F3E0048CA00
 20:55:09.450 t201849A78F0EF1F1F17B
 20:55:09.450 t20286AA48F4649F102F9
 20:55:09.450 t20388B4C8F220537F9FE
 20:55:09.450 t20480000800000000000
 20:55:09.450 t2058D188A2027FFF5000
 20:55:09.550 t20082ACDCF3E0048CA00
 20:55:09.550 t20184AA4CF0EA9F1F17A
 20:55:09.550 t20286AA4CF1AA9F100FA
 20:55:09.550 t20388C5FCF220BC7F9FE
 20:55:09.550 t20480000C00000000000
 20:55:09.550 t2058D188E2027FFF5000
 20:55:09.651 t20082AD00F3E0048CA00
 20:55:09.651 t20184AE00F0EF1F1F17A
 20:55:09.651 t20286AE00F1601F107FA
 20:55:09.651 t2038800011220177F5F1
 20:55:09.651 t20480000000000000000
 20:55:09.651 t2058D18822027FFF5000
 20:55:09.751 t20082AD34F3E0048CA00
 20:55:09.751 t201849A74F0EF1F1F17B
 20:55:09.751 t20286AE04F1AF1F100FA
 20:55:09.751 t2038802551223FF7B7FF
 20:55:09.751 t20480000400000000000
 20:55:09.751 t2058D18862027FFF5000
 20:55:09.851 t20082AD68F3E0048CA00
 20:55:09.851 t20184AA48F0EA9F1F17A
 20:55:09.851 t20286A978A3E49F900F9
 20:55:09.851 t20388D698F220197F9FE
 20:55:09.851 t20480000800000000000
 20:55:09.851 t2058D188A2027FFF5000
 20:55:09.951 t20082AD8CF3E0048CA00
 20:55:09.951 t20184AE0CF0EF1F1F17A
 20:55:09.951 t20286AA4CF4649F102F9
 20:55:09.951 t20388DC5CF223FF7FBFF
 20:55:09.951 t20480000C00000000000
 20:55:09.951 t2058D188E2027FFF5000
 20:55:10.050 t20082ADB0F3E0048CA00
 20:55:10.051 t201849A70F0EF1F1F17B
 20:55:10.051 t20286AA40F1AA9F100FA
 20:55:10.051 t20388A320F220247F5FD
 20:55:10.051 t20480000000000000000
 20:55:10.051 t2058D18822027FFF5000
 20:55:10.151 t20082ADE4F3E0048CA00
 20:55:10.151 t20184AA44F0EA9F1F17A
 20:55:10.151 t20286AE04F1601F107FA
 20:55:10.151 t20388DC54F200C27F9FE
 20:55:10.151 t20480000400000000000
 20:55:10.152 t2058D18862027FFF5000
 20:55:10.250 t20082AE08F3E0048CA00
 20:55:10.251 t20184AE08F0EF1F1F17A
 20:55:10.251 t20286AE08F1AF1F100FA
 20:55:10.251 t20388AA48F2203C7FDFE
 20:55:10.251 t20480000800000000000
 20:55:10.251 t2058D188A2027FFF5000
 20:55:10.350 t20082AE3CF3E0048CA00
 20:55:10.351 t201849A7CF0EF1F1F17B
 20:55:10.351 t20286A97CA3E49F900F9
 20:55:10.351 t20388B4CCF220537F9FE
 20:55:10.351 t20480000C00000000000
 20:55:10.351 t2058D188E2027FFF5000
 20:55:10.451 t20082AE60F3E0048CA00
 20:55:10.451 t20184AA40F0EA9F1F17A
 20:55:10.451 t20286AA40F4649F102F9
 20:55:10.451 t20388C5F0F220BC7F9FE
 20:55:10.452 t20480000000000000000
 20:55:10.452 t2058D18822027FFF5000
 20:55:10.551 t20082AE94F3E0048CA00
 20:55:10.551 t20184AE04F0EF1F1F17A
 20:55:10.551 t20286AA44F1AA9F100FA
 20:55:10.551 t2038800051220177F5F1
 20:55:10.552 t20480000400000000000
 20:55:10.552 t2058D18862027FFF5000
 20:55:10.651 t20082AEC8F3E0048CA00
 20:55:10.651 t201849A78F0EF1F1F17B
 20:55:10.651 t20286AE08F1601F107FA
 20:55:10.651 t2038802591223FF7B7FF
 20:55:10.651 t20480000800000000000
 20:55:10.652 t2058D188A2027FFF5000
 20:55:10.751 t20082AEECF3E0048CA00
 20:55:10.751 t20184AA4CF0EA9F1F17A
 20:55:10.751 t20286AE0CF1AF1F100FA
 20:55:10.751 t20388D69CF220197F9FE
 20:55:10.751 t20480000C00000000000
 20:55:10.752 t2058D188E2027FFF5000
 20:55:10.850 t20082AF10F3E0048CA00
 20:55:10.851 t20184AE00F0EF1F1F17A
 20:55:10.852 t20286A970A3E49F900F9
 20:55:10.852 t20388DC50F220C27F9FE
 20:55:10.852 t20480000000000000000
 20:55:10.852 t2058D18822027FFF5000
 20:55:10.950 t20082AF44F3E0048CA00
 20:55:10.950 t201849A74F0EF1F1F17B
 20:55:10.951 t20286AA44F4649F102F9
 20:55:10.951 t20388AA44F2203C7FDFE
 20:55:10.951 t20480000400000000000
 20:55:10.951 t2058D18862027FFF5000
 20:55:11.050 t20082AF78F3E0048CA00
 20:55:11.051 t20184AA48F0EA9F1F17A
 20:55:11.051 t20286AA48F1AA9F100FA
 20:55:11.051 t20388B4C8F220537F9FE
 20:55:11.051 t20480000800000000000
 20:55:11.051 t2058D188A2027FFF5000
 20:55:11.150 t20082AF9CF3E0048CA00
 20:55:11.151 t20184AE0CF0EF1F1F17A
 20:55:11.151 t20286AE0CF1601F107FA
 20:55:11.151 t20388C5FCF220BC7F9FE
 20:55:11.151 t20480000C00000000000
 20:55:11.152 t2058D188E2027FFF5000
 20:55:11.250 t20082AFC0F3E0048CA00
 20:55:11.251 t201849A70F0EF1F1F17B
 20:55:11.251 t20286AE00F1AF1F100FA
 20:55:11.251 t2038800011220177F5F1
 20:55:11.251 t20480000000000000000
 20:55:11.251 t2058D18822027FFF5000
 20:55:11.350 t20082AFF4F3E0048CA00
 20:55:11.351 t20184AA44F0EA9F1F17A
 20:55:11.351 t20286A974A3E49F900F9
 20:55:11.351 t2038802551223FF7B7FF
 20:55:11.351 t20480000400000000000
 20:55:11.351 t2058D18862027FFF5000
 20:55:11.450 t20082B028F3E0048CA00
 20:55:11.451 t20184AE08F0EF1F1F17A
 20:55:11.451 t20286AA48F4649F102F9
 20:55:11.451 t20388D698F220197F9FE
 20:55:11.451 t20480000800000000000
 20:55:11.451 t2058D188A2027FFF5000
 20:55:11.550 t20082B05CF3E0048CA00
 20:55:11.550 t201849A7CF0EF1F1F17B
 20:55:11.550 t20286AA4CF1AA9F100FA
 20:55:11.550 t20388DC5CF220C27F9FE
 20:55:11.551 t20480000C00000000000
 20:55:11.551 t2058D188E2027FFF5000
 20:55:11.650 t20082B070F3E0048CA00
 20:55:11.650 t20184AA40F0EA9F1F17A
 20:55:11.650 t20286AE00F1601F107FA
 20:55:11.650 t20388AA40F2203C7FDFE
 20:55:11.650 t20480000000000000000
 20:55:11.651 t2058D18822027FFF5000
 20:55:11.750 t20082B0A4F3E0048CA00
 20:55:11.750 t20184AE04F0EF1F1F17A
 20:55:11.751 t20286AE04F1AF1F100FA
 20:55:11.751 t20388B4C4F220537F9FE
 20:55:11.751 t20480000400000000000
 20:55:11.752 t2058D18862027FFF5000
 20:55:11.850 t20082B0D8F3E0048CA00
 20:55:11.850 t20184AA48F0EA9F1F17A
 20:55:11.851 t20286A978A3E49F900F9
 20:55:11.851 t20388C5F8F220BC7F9FE
 20:55:11.851 t20480000800000000000
 20:55:11.851 t2058D188A2027FFF5000
 20:55:11.950 t20082B10CF3E0048CA00
 20:55:11.950 t20184AE0CF0EF1F1F17A
 20:55:11.951 t20286AE0CF1601F107FA
 20:55:11.951 t20388000D1220177F5F1
 20:55:11.951 t20480000C00000000000
 20:55:11.951 t2058D188E2027FFF5000
 20:55:12.050 t20082B120F3E0048CA00
 20:55:12.050 t20184AA40F0EA9F1F17A
 20:55:12.050 t20286AE00F1AF1F100FA
 20:55:12.050 t2038802511223FF7B7FF
 20:55:12.051 t20480000000000000000
 20:55:12.051 t2058D18822027FFF5000
 20:55:12.150 t20082B154F3E0048CA00
 20:55:12.150 t20184AE04F0EF1F1F17A
 20:55:12.151 t20286A974A3E49F900F9
 20:55:12.151 t20388D694F220197F9FE
 20:55:12.151 t20480000400000000000
 20:55:12.151 t2058D18862027FFF5000
 20:55:12.250 t20082B188F3E0048CA00
 20:55:12.250 t20184AA48F0EA9F1F17A
 20:55:12.250 t20286AE08F1601F107FA
 20:55:12.250 t20388DC58F220C27F9FE
 20:55:12.250 t20480000800000000000
 20:55:12.250 t2058D188A2027FFF5000
 20:55:12.350 t20082B1BCF3E0048CA00
 20:55:12.350 t20184AE0CF0EF1F1F17A
 20:55:12.350 t20286AE0CF1AF1F100FA
 20:55:12.350 t20388AA4CF2203C7FDFE
 20:55:12.350 t20480000C00000000000
 20:55:12.350 t2058D188E2027FFF5000
 20:55:12.450 t20082B1E0F3E0048CA00
 20:55:12.450 t20184AA40F0EA9F1F17A
 20:55:12.450 t20286A970A3E49F900F9
 20:55:12.451 t20388B4C0F220537F9FE
 20:55:12.451 t20480000000000000000
 20:55:12.451 t2058D18822027FFF5000
 20:55:12.550 t20082B204F3E0048CA00
 20:55:12.550 t20184AE04F0EF1F1F17A
 20:55:12.550 t20286AE04F1601F107FA
 20:55:12.551 t20388C5F4F220BC7F9FE
 20:55:12.551 t20480000400000000000
 20:55:12.551 t2058D18862027FFF5000
 20:55:12.650 t20082B238F3E0048CA00
 20:55:12.650 t20184AA48F0EA9F1F17A
 20:55:12.650 t20286AE08F1AF1F100FA
 20:55:12.651 t2038800091220177F5F1
 20:55:12.651 t20480000800000000000
 20:55:12.651 t2058D188A2027FFF5000
 20:55:12.750 t20082B26CF3E0048CA00
 20:55:12.750 t20184AE0CF0EF1F1F17A
 20:55:12.750 t20286A97CA3E49F900F9
 20:55:12.750 t20388025D1223FF7B7FF
 20:55:12.750 t20480000C00000000000
 20:55:12.750 t2058D188E2027FFF5000
 20:55:12.850 t20082B290F3E0048CA00
 20:55:12.850 t20184AA40F0EA9F1F17A
 20:55:12.850 t20286AE00F1601F107FA
 20:55:12.850 t20388D690F220197F9FE
 20:55:12.850 t20480000000000000000
 20:55:12.850 t2058D18822027FFF5000
 20:55:12.950 t20082B2B4F3E0048CA00
 20:55:12.950 t20184AE04F0EF1F1F17A
 20:55:12.950 t20286AE04F1AF1F100FA
 20:55:12.950 t20388AA44F2001E7FDFF
 20:55:12.950 t20480000400000000000
 20:55:12.950 t2058D18862027FFF5000
 20:55:13.050 t20082B2E8F3E0048CA00
 20:55:13.050 t20184AA48F0EA9F1F17A
 20:55:13.050 t20286A978A3E49F900F9
 20:55:13.050 t20388AE18F2006C7F9FE
 20:55:13.051 t20480000800000000000
 20:55:13.051 t2058D188A2027FFF5000
 20:55:13.150 t20082B31CF3E0048CA00
 20:55:13.150 t20184AE0CF0EF1F1F17A
 20:55:13.150 t20286AE0CF1601F107FA
 20:55:13.151 t20388B91CF200337F9FE
 20:55:13.151 t20480000C00000000000
 20:55:13.151 t2058D188E2027FFF5000
 20:55:13.250 t20082B340F3E0048CA00
 20:55:13.250 t20184AA40F0EA9F1F17A
 20:55:13.250 t20286AE00F1AF1F100FA
 20:55:13.250 t20388C8A0F200737F9FE
 20:55:13.251 t20480000000000000000
 20:55:13.251 t2058D18822027FFF5000
 20:55:13.350 t20082B374F3E0048CA00
 20:55:13.350 t20184AE04F0EF1F1F17A
 20:55:13.350 t20286A974A3E49F900F9
 20:55:13.351 t20388D154F200067F9FE
 20:55:13.351 t20480000400000000000
 20:55:13.351 t2058D18862027FFF5000
 20:55:13.450 t20082B398F3E0048CA00
 20:55:13.450 t20184AA48F0EA9F1F17A
 20:55:13.450 t20286AE08F1601F107FA
 20:55:13.450 t20388D698F200147F9FE
 20:55:13.451 t20480000800000000000
 20:55:13.451 t2058D188A2027FFF5000
 20:55:13.550 t20082B3CCF3E0048CA00
 20:55:13.550 t20184AE0CF0EF1F1F17A
 20:55:13.550 t20286AE0CF1AF1F100FA
 20:55:13.550 t20388D93CF200327F9FE
 20:55:13.550 t20480000C00000000000
 20:55:13.550 t2058D188E2027FFF5000
 20:55:13.649 t20082B3F0F3E0048CA00
 20:55:13.650 t20184AA40F0EA9F1F17A
 20:55:13.650 t20286A970A3E49F900F9
 20:55:13.650 t20388DD20F200167F9FE
 20:55:13.650 t20480000000000000000
 20:55:13.650 t2058D18822027FFF5000
 20:55:13.751 t20082B424F3E0048CA00
 20:55:13.751 t20184AE04F0EF1F1F17A
 20:55:13.751 t20286AE04F1601F107FA
 20:55:13.751 t20388DF14F200057F9FE
 20:55:13.752 t20480000400000000000
 20:55:13.752 t2058D18862027FFF5000
 20:55:13.851 t20082B448F3E0048CA00
 20:55:13.851 t20184AA48F0EA9F1F17A
 20:55:13.851 t20286AE08F1AF1F100FA
 20:55:13.851 t20388DF88F200207F9FE
 20:55:13.852 t20480000800000000000
 20:55:13.852 t2058D188A2027FFF5000
 20:55:13.951 t20082B47CF3E0048CA00
 20:55:13.951 t20184AE0CF0EF1F1F17A
 20:55:13.951 t20286A97CA3E49F900F9
 20:55:13.951 t20388E39CF200067F9FE
 20:55:13.952 t20480000C00000000000
 20:55:13.952 t2058D188E2027FFF5000
 20:55:14.051 t20082B4A0F3E0048CA00
 20:55:14.051 t20184AE00F0EF1F1F17A
 20:55:14.051 t20286A970A3E49F900F9
 20:55:14.051 t20388E620F200207F9FE
 20:55:14.051 t20480000000000000000
 20:55:14.052 t2058D18822027FFF5000
 20:55:14.151 t20082B4D4F3E0048CA00
 20:55:14.151 t20184AE04F0EF1F1F17A
 20:55:14.151 t20286A974A3E49F900F9
 20:55:14.151 t20388E8D4F200077F9FE
 20:55:14.151 t20480000400000000000
 20:55:14.152 t2058D18862027FFF5000
 20:55:14.250 t20082B508F3E0048CA00
 20:55:14.250 t20184AE08F0EF1F1F17A
 20:55:14.251 t20286A978A3E49F900F9
 20:55:14.251 t20388E9F8F200137F9FE
 20:55:14.251 t20480000800000000000
 20:55:14.251 t2058D188A2027FFF5000
 20:55:14.350 t20082B52CF3E0048CA00
 20:55:14.350 t20184AE0CF0EF1F1F17A
 20:55:14.351 t20286A97CA3E49F900F9
 20:55:14.351 t20388AE1CF2206C7F9FE
 20:55:14.351 t20480000C00000000000
 20:55:14.351 t2058D188E2027FFF5000
 20:55:14.451 t20082B550F3E0048CA00
 20:55:14.451 t20184AE00F0EF1F1F17A
 20:55:14.451 t20286A970A3E49F900F9
 20:55:14.451 t20388B910F220337F9FE
 20:55:14.451 t20480000000000000000
 20:55:14.452 t2058D18822027FFF5000
 20:55:14.551 t20082B584F3E0048CA00
 20:55:14.551 t20184AE04F0EF1F1F17A
 20:55:14.551 t20286A974A3E49F900F9
 20:55:14.551 t20388C8A4F220737F9FE
 20:55:14.551 t20480000400000000000
 20:55:14.552 t2058D18862027FFF5000
 20:55:14.651 t20082B5B8F3E0048CA00
 20:55:14.651 t20184AE08F0EF1F1F17A
 20:55:14.651 t20286A978A3E49F900F9
 20:55:14.651 t20388D158F220067F9FE
 20:55:14.651 t20480000800000000000
 20:55:14.652 t2058D188A2027FFF5000
 20:55:14.750 t20082B5DCF3E0048CA00
 20:55:14.751 t20184AE0CF0EF1F1F17A
 20:55:14.751 t20286A97CA3E49F900F9
 20:55:14.751 t20388D69CF220147F9FE
 20:55:14.751 t20480000C00000000000
 20:55:14.751 t2058D188E2027FFF5000
 20:55:14.850 t20082B600F3E0048CA00
 20:55:14.850 t20184AE00F0EF1F1F17A
 20:55:14.850 t20286A970A3E49F900F9
 20:55:14.851 t20388D930F220327F9FE
 20:55:14.851 t20480000000000000000
 20:55:14.851 t2058D18822027FFF5000
 20:55:14.950 t20082B634F3E0048CA00
 20:55:14.950 t20184AE04F0EF1F1F17A
 20:55:14.950 t20286A974A3E49F900F9
 20:55:14.951 t20388DD24F220167F9FE
 20:55:14.951 t20480000400000000000
 20:55:14.951 t2058D18862027FFF5000
 20:55:15.050 t20082B668F3E0048CA00
 20:55:15.050 t20184AE08F0EF1F1F17A
 20:55:15.050 t20286A978A3E49F900F9
 20:55:15.050 t20388DF18F220057F9FE
 20:55:15.051 t20480000800000000000
 20:55:15.051 t2058D188A2027FFF5000
 20:55:15.150 t20082B69CF3E0048CA00
 20:55:15.151 t20184AE0CF0EF1F1F17A
 20:55:15.151 t20286A97CA3E49F900F9
 20:55:15.151 t20388DF8CF220207F9FE
 20:55:15.151 t20480000C00000000000
 20:55:15.151 t2058D188E2027FFF5000
 20:55:15.250 t20082B6B0F3E0048CA00
 20:55:15.251 t20184AE00F0EF1F1F17A
 20:55:15.251 t20286A970A3E49F900F9
 20:55:15.251 t20388E390F220067F9FE
 20:55:15.251 t20480000000000000000
 20:55:15.252 t2058D18822027FFF5000
 20:55:15.350 t20082B6E4F3E0048CA00
 20:55:15.351 t20184AE04F0EF1F1F17A
 20:55:15.351 t20286A974A3E49F900F9
 20:55:15.351 t20388E624F220207F9FE
 20:55:15.351 t20480000400000000000
 20:55:15.351 t2058D18862027FFF5000
 20:55:15.450 t20082B718F3E0048CA00
 20:55:15.450 t20184AE08F0EF1F1F17A
 20:55:15.451 t20286A978A3E49F900F9
 20:55:15.451 t20388E8D8F220077F9FE
 20:55:15.451 t20480000800000000000
 20:55:15.451 t2058D188A2027FFF5000
 20:55:15.550 t20082B74CF3E0048CA00
 20:55:15.550 t20184AE0CF0EF1F1F17A
 20:55:15.550 t20286A97CA3E49F900F9
 20:55:15.550 t20388E9FCF220137F9FE
 20:55:15.550 t20480000C00000000000
 20:55:15.551 t2058D188E2027FFF5000
 20:55:15.650 t20082B760F3E0048CA00
 20:55:15.650 t20184AE00F0EF1F1F17A
 20:55:15.650 t20286A970A3E49F900F9
 20:55:15.650 t20388AE10F2206C7F9FE
 20:55:15.650 t20480000000000000000
 20:55:15.650 t2058D18822027FFF5000
 20:55:15.750 t20082B794F3E0048CA00
 20:55:15.750 t20184AE04F0EF1F1F17A
 20:55:15.750 t20286A974A3E49F900F9
 20:55:15.751 t20388B914F220337F9FE
 20:55:15.751 t20480000400000000000
 20:55:15.751 t2058D18862027FFF5000
 20:55:15.850 t20082B7C8F3E0048CA00
 20:55:15.850 t20184AE08F0EF1F1F17A
 20:55:15.851 t20286A978A3E49F900F9
 20:55:15.851 t20388C8A8F220737F9FE
 20:55:15.851 t20480000800000000000
 20:55:15.851 t2058D188A2027FFF5000
 20:55:15.950 t20082B7FCF3E0048CA00
 20:55:15.950 t20184AE0CF0EF1F1F17A
 20:55:15.950 t20286A97CA3E49F900F9
 20:55:15.951 t20388D15CF220067F9FE
 20:55:15.951 t20480000C00000000000
 20:55:15.951 t2058D188E2027FFF5000
 20:55:16.050 t20082B820F3E0048CA00
 20:55:16.050 t20184AE00F0EF1F1F17A
 20:55:16.051 t20286A970A3E49F900F9
 20:55:16.051 t20388D690F220147F9FE
 20:55:16.051 t20480000000000000000
 20:55:16.051 t2058D18822027FFF5000
 20:55:16.150 t20082B844F3E0048CA00
 20:55:16.150 t20184AE04F0EF1F1F17A
 20:55:16.150 t20286A974A3E49F900F9
 20:55:16.150 t20388D934F220327F9FE
 20:55:16.151 t20480000400000000000
 20:55:16.151 t2058D18862027FFF5000
 20:55:16.250 t20082B878F3E0048CA00
 20:55:16.250 t20184AE08F0EF1F1F17A
 20:55:16.250 t20286A978A3E49F900F9
 20:55:16.250 t20388DD28F220167F9FE
 20:55:16.250 t20480000800000000000
 20:55:16.250 t2058D188A2027FFF5000
 20:55:16.350 t20082B8ACF3E0048CA00
 20:55:16.350 t20184AE0CF0EF1F1F17A
 20:55:16.350 t20286A97CA3E49F900F9
 20:55:16.351 t20388DF1CF220057F9FE
 20:55:16.351 t20480000C00000000000
 20:55:16.351 t2058D188E2027FFF5000
 20:55:16.450 t20082B8D0F3E0048CA00
 20:55:16.450 t20184AE00F0EF1F1F17A
 20:55:16.450 t20286A970A3E49F900F9
 20:55:16.451 t20388DF80F220207F9FE
 20:55:16.451 t20480000000000000000
 20:55:16.451 t2058D18822027FFF5000
 20:55:16.550 t20082B8F4F3E0048CA00
 20:55:16.550 t20184AE04F0EF1F1F17A
 20:55:16.550 t20286A974A3E49F900F9
 20:55:16.551 t20388E394F220067F9FE
 20:55:16.551 t20480000400000000000
 20:55:16.551 t2058D18862027FFF5000
 20:55:16.650 t20082B928F3E0048CA00
 20:55:16.650 t20184AE08F0EF1F1F17A
 20:55:16.650 t20286A978A3E49F900F9
 20:55:16.651 t20388E628F220207F9FE
 20:55:16.651 t20480000800000000000
 20:55:16.651 t2058D188A2027FFF5000
 20:55:16.750 t20082B95CF3E0048CA00
 20:55:16.750 t20184AE0CF0EF1F1F17A
 20:55:16.750 t20286A97CA3E49F900F9
 20:55:16.751 t20388E8DCF220077F9FE
 20:55:16.751 t20480000C00000000000
 20:55:16.751 t2058D188E2027FFF5000
 20:55:16.850 t20082B980F3E0048CA00
 20:55:16.850 t20184AE00F0EF1F1F17A
 20:55:16.850 t20286A970A3E49F900F9
 20:55:16.850 t20388E9F0F220137F9FE
 20:55:16.850 t20480000000000000000
 20:55:16.850 t2058D18822027FFF5000
 20:55:16.950 t20082B9B4F3E0048CA00
 20:55:16.950 t20184AE04F0EF1F1F17A
 20:55:16.950 t20286A974A3E49F900F9
 20:55:16.950 t20388AE14F2206C7F9FE
 20:55:16.950 t20480000400000000000
 20:55:16.950 t2058D18862027FFF5000
 20:55:17.050 t20082B9D8F3E0048CA00
 20:55:17.050 t20184AE08F0EF1F1F17A
 20:55:17.050 t20286A978A3E49F900F9
 20:55:17.050 t20388B918F220337F9FE
 20:55:17.050 t20480000800000000000
 20:55:17.050 t2058D188A2027FFF5000
 20:55:17.150 t20082BA0CF3E0048CA00
 20:55:17.150 t20184AE0CF0EF1F1F17A
 20:55:17.150 t20286A97CA3E49F900F9
 20:55:17.150 t20388C8ACF220737F9FE
 20:55:17.150 t20480000C00000000000
 20:55:17.151 t2058D188E2027FFF5000
 20:55:17.250 t20082BA30F3E0048CA00
 20:55:17.250 t20184AE00F0EF1F1F17A
 20:55:17.250 t20286A970A3E49F900F9
 20:55:17.250 t20388D150F220067F9FE
 20:55:17.251 t20480000000000000000
 20:55:17.251 t2058D18822027FFF5000
 20:55:17.350 t20082BA64F3E0048CA00
 20:55:17.350 t20184AE04F0EF1F1F17A
 20:55:17.350 t20286A974A3E49F900F9
 20:55:17.350 t20388D694F220147F9FE
 20:55:17.351 t20480000400000000000
 20:55:17.351 t2058D18862027FFF5000
 20:55:17.450 t20082BA88F3E0048CA00
 20:55:17.450 t20184AE08F0EF1F1F17A
 20:55:17.450 t20286A978A3E49F900F9
 20:55:17.450 t20388D938F220327F9FE
 20:55:17.451 t20480000800000000000
 20:55:17.451 t2058D188A2027FFF5000
 20:55:17.549 t20082BABCF3E0048CA00
 20:55:17.550 t20184AE0CF0EF1F1F17A
 20:55:17.550 t20286A97CA3E49F900F9
 20:55:17.550 t20388DD2CF220167F9FE
 20:55:17.550 t20480000C00000000000
 20:55:17.550 t2058D188E2027FFF5000
 20:55:17.650 t20082BAE0F3E0048CA00
 20:55:17.651 t20184AE00F0EF1F1F17A
 20:55:17.651 t20286A970A3E49F900F9
 20:55:17.651 t20388DF10F220057F9FE
 20:55:17.651 t20480000000000000000
 20:55:17.651 t2058D18822027FFF5000
 20:55:17.751 t20082BB14F3E0048CA00
 20:55:17.751 t20184AE04F0EF1F1F17A
 20:55:17.751 t20286A974A3E49F900F9
 20:55:17.751 t20388DF84F220207F9FE
 20:55:17.752 t20480000400000000000
 20:55:17.752 t2058D18862027FFF5000
 20:55:17.851 t20082BB48F3E0048CA00
 20:55:17.851 t20184AE08F0EF1F1F17A
 20:55:17.851 t20286A978A3E49F900F9
 20:55:17.851 t20388E398F220067F9FE
 20:55:17.851 t20480000800000000000
 20:55:17.851 t2058D188A2027FFF5000
 20:55:17.951 t20082BB6CF3E0048CA00
 20:55:17.951 t20184AE0CF0EF1F1F17A
 20:55:17.951 t20286A97CA3E49F900F9
 20:55:17.951 t20388E62CF220207F9FE
 20:55:17.951 t20480000C00000000000
 20:55:17.952 t2058D188E2027FFF5000
 20:55:18.051 t20082BB90F3E0048CA00
 20:55:18.051 t20184AE00F0EF1F1F17A
 20:55:18.051 t20286A970A3E49F900F9
 20:55:18.051 t20388E8D0F220077F9FE
 20:55:18.051 t20480000000000000000
 20:55:18.052 t2058D18822027FFF5000
 20:55:18.150 t20082BBC4F3E0048CA00
 20:55:18.150 t20184AE04F0EF1F1F17A
 20:55:18.151 t20286A974A3E49F900F9
 20:55:18.151 t20388E9F4F220137F9FE
 20:55:18.151 t20480000400000000000
 20:55:18.151 t2058D18862027FFF5000
 20:55:18.250 t20082BBF8F3E0048CA00
 20:55:18.250 t20184AE08F0EF1F1F17A
 20:55:18.251 t20286A978A3E49F900F9
 20:55:18.251 t20388AE18F2206C7F9FE
 20:55:18.251 t20480000800000000000
 20:55:18.251 t2058D188A2027FFF5000
 20:55:18.350 t20082BC1CF3E0048CA00
 20:55:18.351 t20184AE0CF0EF1F1F17A
 20:55:18.351 t20286A97CA3E49F900F9
 20:55:18.351 t20388B91CF220337F9FE
 20:55:18.351 t20480000C00000000000
 20:55:18.351 t2058D188E2027FFF5000
 20:55:18.450 t20082BC40F3E0048CA00
 20:55:18.451 t20184AE00F0EF1F1F17A
 20:55:18.451 t20286A970A3E49F900F9
 20:55:18.451 t20388C8A0F220737F9FE
 20:55:18.451 t20480000000000000000
 20:55:18.452 t2058D18822027FFF5000
 20:55:18.550 t20082BC74F3E0048CA00
 20:55:18.551 t20184AE04F0EF1F1F17A
 20:55:18.551 t20286A974A3E49F900F9
 20:55:18.551 t20388D154F220067F9FE
 20:55:18.551 t20480000400000000000
 20:55:18.551 t2058D18862027FFF5000
 20:55:18.650 t20082BCA8F3E0048CA00
 20:55:18.650 t20184AE08F0EF1F1F17A
 20:55:18.651 t20286A978A3E49F900F9
 20:55:18.651 t20388D698F220147F9FE
 20:55:18.651 t20480000800000000000
 20:55:18.651 t2058D188A2027FFF5000
 20:55:18.750 t20082BCDCF3E0048CA00
 20:55:18.751 t20184AE0CF0EF1F1F17A
 20:55:18.751 t20286A97CA3E49F900F9
 20:55:18.751 t20388D93CF220327F9FE
 20:55:18.751 t20480000C00000000000
 20:55:18.752 t2058D188E2027FFF5000
 20:55:18.850 t20082BCF0F3E0048CA00
 20:55:18.850 t20184AE00F0EF1F1F17A
 20:55:18.850 t20286A970A3E49F900F9
 20:55:18.851 t20388DD20F220167F9FE
 20:55:18.851 t20480000000000000000
 20:55:18.851 t2058D18822027FFF5000
 20:55:18.950 t20082BD24F3E0048CA00
 20:55:18.950 t20184AE04F0EF1F1F17A
 20:55:18.950 t20286A974A3E49F900F9
 20:55:18.950 t20388ED14F200107F9FE
 20:55:18.951 t20480000400000000000
 20:55:18.951 t2058D18862027FFF5000
 20:55:19.050 t20082BD58F3E0048CA00
 20:55:19.051 t20184AE08F0EF1F1F17A
 20:55:19.051 t20286A978A3E49F900F9
 20:55:19.051 t20388EED8F2001E7F9FE
 20:55:19.051 t20480000800000000000
 20:55:19.051 t2058D188A2027FFF5000
 20:55:19.150 t20082BD8CF3E0048CA00
 20:55:19.150 t20184AE0CF0EF1F1F17A
 20:55:19.151 t20286A97CA3E49F900F9
 20:55:19.151 t20388F36CF200277F9FE
 20:55:19.151 t20480000C00000000000
 20:55:19.151 t2058D188E2027FFF5000
 20:55:19.250 t20082BDA0F3E0048CA00
 20:55:19.251 t20184AE00F0EF1F1F17A
 20:55:19.251 t20286A970A3E49F900F9
 20:55:19.251 t20388F760F203FF7FBFF
 20:55:19.251 t20480000000000000000
 20:55:19.251 t2058D18822027FFF5000
 20:55:19.350 t20082BDD4F3E0048CA00
 20:55:19.350 t20184AE04F0EF1F1F17A
 20:55:19.351 t20286A974A3E49F900F9
 20:55:19.351 t20388B914F220337F9FE
 20:55:19.351 t20480000400000000000
 20:55:19.351 t2058D18862027FFF5000
 20:55:19.450 t20082BE08F3E0048CA00
 20:55:19.450 t20184AE08F0EF1F1F17A
 20:55:19.451 t20286A978A3E49F900F9
 20:55:19.451 t20388C8A8F220737F9FE
 20:55:19.451 t20480000800000000000
 20:55:19.451 t2058D188A2027FFF5000
 20:55:19.550 t20082BE3CF3E0048CA00
 20:55:19.550 t20184AE0CF0EF1F1F17A
 20:55:19.551 t20286A97CA3E49F900F9
 20:55:19.551 t20388D15CF220067F9FE
 20:55:19.551 t20480000C00000000000
 20:55:19.551 t2058D188E2027FFF5000
 20:55:19.650 t20082BE60F3E0048CA00
 20:55:19.650 t20184AE00F0EF1F1F17A
 20:55:19.651 t20286A970A3E49F900F9
 20:55:19.651 t20388D690F220147F9FE
 20:55:19.651 t20480000000000000000
 20:55:19.651 t2058D18822027FFF5000
 20:55:19.750 t20082BE84F3E0048CA00
 20:55:19.750 t20184AE04F0EF1F1F17A
 20:55:19.750 t20286A974A3E49F900F9
 20:55:19.750 t20388D934F220327F9FE
 20:55:19.750 t20480000400000000000
 20:55:19.750 t2058D18862027FFF5000
 20:55:19.850 t20082BEB8F3E0048CA00
 20:55:19.850 t20184AE08F0EF1F1F17A
 20:55:19.850 t20286A978A3E49F900F9
 20:55:19.850 t20388DD28F220167F9FE
 20:55:19.851 t20480000800000000000
 20:55:19.851 t2058D188A2027FFF5000
 20:55:19.950 t20082BEECF3E0048CA00
 20:55:19.950 t20184AE0CF0EF1F1F17A
 20:55:19.950 t20286A97CA3E49F900F9
 20:55:19.950 t20388DF1CF220057F9FE
 20:55:19.950 t20480000C00000000000
 20:55:19.950 t2058D188E2027FFF5000
 20:55:20.050 t20082BF10F3E0048CA00
 20:55:20.050 t20184AE00F0EF1F1F17A
 20:55:20.050 t20286A970A3E49F900F9
 20:55:20.050 t20388DF80F220207F9FE
 20:55:20.050 t20480000000000000000
 20:55:20.050 t2058D18822027FFF5000
 20:55:20.150 t20082BF34F3E0048CA00
 20:55:20.150 t20184AE04F0EF1F1F17A
 20:55:20.151 t20286A974A3E49F900F9
 20:55:20.151 t20388E394F220067F9FE
 20:55:20.151 t20480000400000000000
 20:55:20.151 t2058D18862027FFF5000
 20:55:20.250 t20082BF68F3E0048CA00
 20:55:20.250 t20184AE08F0EF1F1F17A
 20:55:20.250 t20286A978A3E49F900F9
 20:55:20.250 t20388E628F220207F9FE
 20:55:20.250 t20480000800000000000
 20:55:20.250 t2058D188A2027FFF5000
 20:55:20.350 t20082BF9CF3E0048CA00
 20:55:20.350 t20184AE0CF0EF1F1F17A
 20:55:20.350 t20286A97CA3E49F900F9
 20:55:20.350 t20388E8DCF220077F9FE
 20:55:20.350 t20480000C00000000000
 20:55:20.350 t2058D188E2027FFF5000
 20:55:20.450 t20082BFC0F3E0048CA00
 20:55:20.450 t20184AE00F0EF1F1F17A
 20:55:20.450 t20286A970A3E49F900F9
 20:55:20.450 t20388E9F0F220137F9FE
 20:55:20.450 t20480000000000000000
 20:55:20.450 t2058D18822027FFF5000
 20:55:20.550 t20082BFF4F3E0048CA00
 20:55:20.550 t20184AE04F0EF1F1F17A
 20:55:20.550 t20286A974A3E49F900F9
 20:55:20.551 t20388ED14F220107F9FE
 20:55:20.551 t20480000400000000000
 20:55:20.551 t2058D18862027FFF5000
 20:55:20.650 t20082C018F3E0048CA00
 20:55:20.650 t20184AE08F0EF1F1F17A
 20:55:20.650 t20286A978A3E49F900F9
 20:55:20.651 t20388EED8F2201E7F9FE
 20:55:20.651 t20480000800000000000
 20:55:20.651 t2058D188A2027FFF5000
 20:55:20.750 t20082C04CF3E0048CA00
 20:55:20.750 t20184AE0CF0EF1F1F17A
 20:55:20.750 t20286A97CA3E49F900F9
 20:55:20.750 t20388F36CF220277F9FE
 20:55:20.751 t20480000C00000000000
 20:55:20.751 t2058D188E2027FFF5000
 20:55:20.850 t20082C070F3E0048CA00
 20:55:20.850 t20184AE00F0EF1F1F17A
 20:55:20.850 t20286A970A3E49F900F9
 20:55:20.850 t20388F760F223FF7FBFF
 20:55:20.851 t20480000000000000000
 20:55:20.851 t2058D18822027FFF5000
 20:55:20.950 t20082C0A4F3E0048CA00
 20:55:20.950 t20184AE04F0EF1F1F17A
 20:55:20.950 t20286A974A3E49F900F9
 20:55:20.950 t20388B914F220337F9FE
 20:55:20.950 t20480000400000000000
 20:55:20.950 t2058D18862027FFF5000
 20:55:21.050 t20082C0C8F3E0048CA00
 20:55:21.050 t20184AE08F0EF1F1F17A
 20:55:21.050 t20286A978A3E49F900F9
 20:55:21.050 t20388C8A8F220737F9FE
 20:55:21.050 t20480000800000000000
 20:55:21.050 t2058D188A2027FFF5000
 20:55:21.150 t20082C0FCF3E0048CA00
 20:55:21.150 t20184AE0CF0EF1F1F17A
 20:55:21.150 t20286A97CA3E49F900F9
 20:55:21.151 t20388D15CF220067F9FE
 20:55:21.151 t20480000C00000000000
 20:55:21.151 t2058D188E2027FFF5000
 20:55:21.250 t20082C120F3E0048CA00
 20:55:21.250 t20184AE00F0EF1F1F17A
 20:55:21.250 t20286A970A3E49F900F9
 20:55:21.250 t20388D690F220147F9FE
 20:55:21.251 t20480000000000000000
 20:55:21.251 t2058D18822027FFF5000
 20:55:21.350 t20082C154F3E0048CA00
 20:55:21.350 t20184AE04F0EF1F1F17A
 20:55:21.350 t20286A974A3E49F900F9
 20:55:21.350 t20388D934F220327F9FE
 20:55:21.350 t20480000400000000000
 20:55:21.350 t2058D18862027FFF5000
 20:55:21.450 t20082C188F3E0048CA00
 20:55:21.450 t20184AE08F0EF1F1F17A
 20:55:21.450 t20286A978A3E49F900F9
 20:55:21.450 t20388DD28F220167F9FE
 20:55:21.451 t20480000800000000000
 20:55:21.451 t2058D188A2027FFF5000
 20:55:21.549 t20082C1ACF3E0048CA00
 20:55:21.550 t20184AE0CF0EF1F1F17A
 20:55:21.550 t20286A97CA3E49F900F9
 20:55:21.550 t20388DF1CF220057F9FE
 20:55:21.550 t20480000C00000000000
 20:55:21.550 t2058D188E2027FFF5000
 20:55:21.649 t20082C1D0F3E0048CA00
 20:55:21.650 t20184AE00F0EF1F1F17A
 20:55:21.650 t20286A970A3E49F900F9
 20:55:21.650 t20388DF80F220207F9FE
 20:55:21.650 t20480000000000000000
 20:55:21.650 t2058D18822027FFF5000
 20:55:21.750 t20082C204F3E0048CA00
 20:55:21.750 t20184AE04F0EF1F1F17A
 20:55:21.750 t20286A974A3E49F900F9
 20:55:21.750 t20388E394F220067F9FE
 20:55:21.751 t20480000400000000000
 20:55:21.751 t2058D18862027FFF5000
 20:55:21.850 t20082C238F3E0048CA00
 20:55:21.850 t20184AE08F0EF1F1F17A
 20:55:21.850 t20286A978A3E49F900F9
 20:55:21.850 t20388E628F220207F9FE
 20:55:21.850 t20480000800000000000
 20:55:21.851 t2058D188A2027FFF5000
 20:55:21.951 t20082C25CF3E0048CA00
 20:55:21.951 t20184AE0CF0EF1F1F17A
 20:55:21.951 t20286A97CA3E49F900F9
 20:55:21.951 t20388E8DCF220077F9FE
 20:55:21.952 t20480000C00000000000
 20:55:21.952 t2058D188E2027FFF5000
 20:55:22.051 t20082C280F3E0048CA00
 20:55:22.051 t20184AE00F0EF1F1F17A
 20:55:22.051 t20286A970A3E49F900F9
 20:55:22.051 t20388E9F0F220137F9FE
 20:55:22.051 t20480000000000000000
 20:55:22.052 t2058D18822027FFF5000
 20:55:22.151 t20082C2B4F3E0048CA00
 20:55:22.151 t20184AE04F0EF1F1F17A
 20:55:22.151 t20286A974A3E49F900F9
 20:55:22.151 t20388ED14F220107F9FE
 20:55:22.151 t20480000400000000000
 20:55:22.152 t2058D18862027FFF5000
 20:55:22.250 t20082C2E8F3E0048CA00
 20:55:22.250 t20184AE08F0EF1F1F17A
 20:55:22.250 t20286A978A3E49F900F9
 20:55:22.251 t20388EED8F2201E7F9FE
 20:55:22.251 t20480000800000000000
 20:55:22.251 t2058D188A2027FFF5000
 20:55:22.350 t20082C31CF3E0048CA00
 20:55:22.350 t20184AE0CF0EF1F1F17A
 20:55:22.350 t20286A97CA3E49F900F9
 20:55:22.351 t20388F36CF220277F9FE
 20:55:22.351 t20480000C00000000000
 20:55:22.351 t2058D188E2027FFF5000
 20:55:22.450 t20082C330F3E0048CA00
 20:55:22.451 t20184AE00F0EF1F1F17A
 20:55:22.451 t20286A970A3E49F900F9
 20:55:22.451 t20388F760F223FF7FBFF
 20:55:22.451 t20480000000000000000
 20:55:22.452 t2058D18822027FFF5000
 20:55:22.550 t20082C364F3E0048CA00
 20:55:22.551 t20184AE04F0EF1F1F17A
 20:55:22.551 t20286A974A3E49F900F9
 20:55:22.551 t20388B914F220337F9FE
 20:55:22.551 t20480000400000000000
 20:55:22.551 t2058D18862027FFF5000
 20:55:22.650 t20082C398F3E0048CA00
 20:55:22.650 t20184AE08F0EF1F1F17A
 20:55:22.651 t20286A978A3E49F900F9
 20:55:22.651 t20388C8A8F220737F9FE
 20:55:22.651 t20480000800000000000
 20:55:22.651 t2058D188A2027FFF5000
 20:55:22.750 t20082C3CCF3E0048CA00
 20:55:22.751 t20184AE0CF0EF1F1F17A
 20:55:22.751 t20286A97CA3E49F900F9
 20:55:22.751 t20388D15CF220067F9FE
 20:55:22.751 t20480000C00000000000
 20:55:22.751 t2058D188E2027FFF5000
 20:55:22.850 t20082C3E0F3E0048CA00
 20:55:22.850 t20184AE00F0EF1F1F17A
 20:55:22.851 t20286A970A3E49F900F9
 20:55:22.851 t20388D690F220147F9FE
 20:55:22.851 t20480000000000000000
 20:55:22.851 t2058D18822027FFF5000
 20:55:22.950 t20082C414F3E0048CA00
 20:55:22.950 t20184AE04F0EF1F1F17A
 20:55:22.950 t20286A974A3E49F900F9
 20:55:22.950 t20388D934F220327F9FE
 20:55:22.950 t20480000400000000000
 20:55:22.951 t2058D18862027FFF5000
 20:55:23.050 t20082C448F3E0048CA00
 20:55:23.050 t20184AE08F0EF1F1F17A
 20:55:23.050 t20286A978A3E49F900F9
 20:55:23.050 t20388DD28F220167F9FE
 20:55:23.050 t20480000800000000000
 20:55:23.051 t2058D188A2027FFF5000
 20:55:23.150 t20082C47CF3E0048CA00
 20:55:23.150 t20184AE0CF0EF1F1F17A
 20:55:23.150 t20286A97CA3E49F900F9
 20:55:23.151 t20388DF1CF220057F9FE
 20:55:23.151 t20480000C00000000000
 20:55:23.151 t2058D188E2027FFF5000
 20:55:23.250 t20082C4A0F3E0048CA00
 20:55:23.250 t20184AE00F0EF1F1F17A
 20:55:23.250 t20286A970A3E49F900F9
 20:55:23.251 t20388DF80F220207F9FE
 20:55:23.251 t20480000000000000000
 20:55:23.251 t2058D18822027FFF5000
 20:55:23.350 t20082C4C4F3E0048CA00
 20:55:23.350 t20184AE04F0EF1F1F17A
 20:55:23.350 t20286A974A3E49F900F9
 20:55:23.351 t20388F764F200127F9FE
 20:55:23.351 t20480000400000000000
 20:55:23.351 t2058D18862027FFF5000
 20:55:23.450 t20082C4F8F3E0048CA00
 20:55:23.450 t20184AE08F0EF1F1F17A
 20:55:23.450 t20286A978A3E49F900F9
 20:55:23.451 t20388F9C8F200147F9FE
 20:55:23.451 t20480000800000000000
 20:55:23.451 t2058D188A2027FFF5000
 20:55:23.550 t20082C52CF3E0048CA00
 20:55:23.550 t20184AE0CF0EF1F1F17A
 20:55:23.550 t20286A97CA3E49F900F9
 20:55:23.550 t20388FC7CF200407F9FE
 20:55:23.550 t20480000C00000000000
 20:55:23.550 t2058D188E2027FFF5000
 20:55:23.650 t20082C550F3E0048CA00
 20:55:23.650 t20184AE00F0EF1F1F17A
 20:55:23.650 t20286A970A3E49F900F9
 20:55:23.650 t203890200F203FF7FBFF
 20:55:23.650 t20480000000000000000
 20:55:23.650 t2058D18822027FFF5000
 20:55:23.750 t20082C574F3E0048CA00
 20:55:23.750 t20184AE04F0EF1F1F17A
 20:55:23.750 t20286A974A3E49F900F9
 20:55:23.751 t20388C8A4F220737F9FE
 20:55:23.751 t20480000400000000000
 20:55:23.751 t2058D18862027FFF5000
 20:55:23.850 t20082C5A8F3E0048CA00
 20:55:23.850 t20184AE08F0EF1F1F17A
 20:55:23.851 t20286A978A3E49F900F9
 20:55:23.851 t20388D158F220067F9FE
 20:55:23.851 t20480000800000000000
 20:55:23.851 t2058D188A2027FFF5000
 20:55:23.950 t20082C5DCF3E0048CA00
 20:55:23.950 t20184AE0CF0EF1F1F17A
 20:55:23.950 t20286A97CA3E49F900F9
 20:55:23.951 t20388D69CF220147F9FE
 20:55:23.951 t20480000C00000000000
 20:55:23.951 t2058D188E2027FFF5000
 20:55:24.050 t20082C600F3E0048CA00
 20:55:24.050 t20184AE00F0EF1F1F17A
 20:55:24.051 t20286A970A3E49F900F9
 20:55:24.051 t20388D930F220327F9FE
 20:55:24.051 t20480000000000000000
 20:55:24.051 t2058D18822027FFF5000
 20:55:24.150 t20082C634F3E0048CA00
 20:55:24.150 t20184AE04F0EF1F1F17A
 20:55:24.150 t20286A974A3E49F900F9
 20:55:24.151 t20388DD24F220167F9FE
 20:55:24.151 t20480000400000000000
 20:55:24.151 t2058D18862027FFF5000
 20:55:24.250 t20082C658F3E0048CA00
 20:55:24.250 t20184AE08F0EF1F1F17A
 20:55:24.250 t20286A978A3E49F900F9
 20:55:24.250 t20388DF18F220057F9FE
 20:55:24.250 t20480000800000000000
 20:55:24.250 t2058D188A2027FFF5000
 20:55:24.350 t20082C68CF3E0048CA00
 20:55:24.350 t20184AE0CF0EF1F1F17A
 20:55:24.350 t20286A97CA3E49F900F9
 20:55:24.350 t20388DF8CF220207F9FE
 20:55:24.350 t20480000C00000000000
 20:55:24.350 t2058D188E2027FFF5000
 20:55:24.450 t20082C6B0F3E0048CA00
 20:55:24.450 t20184AE00F0EF1F1F17A
 20:55:24.450 t20286A970A3E49F900F9
 20:55:24.451 t20388E390F220067F9FE
 20:55:24.451 t20480000000000000000
 20:55:24.451 t2058D18822027FFF5000
 20:55:24.550 t20082C6E4F3E0048CA00
 20:55:24.550 t20184AE04F0EF1F1F17A
 20:55:24.550 t20286A974A3E49F900F9
 20:55:24.551 t20388E624F220207F9FE
 20:55:24.551 t20480000400000000000
 20:55:24.551 t2058D18862027FFF5000
 20:55:24.650 t20082C708F3E0048CA00
 20:55:24.650 t20184AE08F0EF1F1F17A
 20:55:24.650 t20286A978A3E49F900F9
 20:55:24.651 t20388E8D8F220077F9FE
 20:55:24.651 t20480000800000000000
 20:55:24.651 t2058D188A2027FFF5000
 20:55:24.750 t20082C73CF3E0048CA00
 20:55:24.750 t20184AE0CF0EF1F1F17A
 20:55:24.750 t20286A97CA3E49F900F9
 20:55:24.751 t20388E9FCF220137F9FE
 20:55:24.751 t20480000C00000000000
 20:55:24.751 t2058D188E2027FFF5000
 20:55:24.850 t20082C760F3E0048CA00
 20:55:24.850 t20184AE00F0EF1F1F17A
 20:55:24.850 t20286A970A3E49F900F9
 20:55:24.850 t20388ED10F220107F9FE
 20:55:24.851 t20480000000000000000
 20:55:24.851 t2058D18822027FFF5000
 20:55:24.950 t20082C794F3E0048CA00
 20:55:24.950 t20184AE04F0EF1F1F17A
 20:55:24.950 t20286A974A3E49F900F9
 20:55:24.950 t20388EED4F2201E7F9FE
 20:55:24.950 t20480000400000000000
 20:55:24.950 t2058D18862027FFF5000
 20:55:25.050 t20082C7C8F3E0048CA00
 20:55:25.050 t20184AE08F0EF1F1F17A
 20:55:25.050 t20286A978A3E49F900F9
 20:55:25.050 t20388F368F220277F9FE
 20:55:25.051 t20480000800000000000
 20:55:25.051 t2058D188A2027FFF5000
 20:55:25.150 t20082C7ECF3E0048CA00
 20:55:25.150 t20184AE0CF0EF1F1F17A
 20:55:25.150 t20286A97CA3E49F900F9
 20:55:25.150 t20388F76CF220127F9FE
 20:55:25.151 t20480000C00000000000
 20:55:25.151 t2058D188E2027FFF5000
 20:55:25.250 t20082C810F3E0048CA00
 20:55:25.250 t20184AE00F0EF1F1F17A
 20:55:25.250 t20286A970A3E49F900F9
 20:55:25.250 t20388F9C0F220147F9FE
 20:55:25.251 t20480000000000000000
 20:55:25.251 t2058D18822027FFF5000
 20:55:25.350 t20082C844F3E0048CA00
 20:55:25.350 t20184AE04F0EF1F1F17A
 20:55:25.350 t20286A974A3E49F900F9
 20:55:25.350 t20388FC74F220407F9FE
 20:55:25.351 t20480000400000000000
 20:55:25.351 t2058D18862027FFF5000
 20:55:25.450 t20082C878F3E0048CA00
 20:55:25.450 t20184AE08F0EF1F1F17A
 20:55:25.450 t20286A978A3E49F900F9
 20:55:25.450 t203890208F223FF7FBFF
 20:55:25.450 t20480000800000000000
 20:55:25.451 t2058D188A2027FFF5000
 20:55:25.549 t20082C89CF3E0048CA00
 20:55:25.549 t20184AE0CF0EF1F1F17A
 20:55:25.550 t20286A97CA3E49F900F9
 20:55:25.550 t20388C8ACF220737F9FE
 20:55:25.550 t20480000C00000000000
 20:55:25.550 t2058D188E2027FFF5000
 20:55:25.649 t20082C8C0F3E0048CA00
 20:55:25.649 t20184AE00F0EF1F1F17A
 20:55:25.650 t20286A970A3E49F900F9
 20:55:25.650 t20388D150F220067F9FE
 20:55:25.650 t20480000000000000000
 20:55:25.650 t2058D18822027FFF5000
 20:55:25.750 t20082C8F4F3E0048CA00
 20:55:25.750 t20184AE04F0EF1F1F17A
 20:55:25.750 t20286A974A3E49F900F9
 20:55:25.750 t20388D694F220147F9FE
 20:55:25.750 t20480000400000000000
 20:55:25.751 t2058D18862027FFF5000
 20:55:25.849 t20082C928F3E0048CA00
 20:55:25.850 t20184AE08F0EF1F1F17A
 20:55:25.850 t20286A978A3E49F900F9
 20:55:25.850 t20388D938F220327F9FE
 20:55:25.850 t20480000800000000000
 20:55:25.850 t2058D188A2027FFF5000
 20:55:25.950 t20082C95CF3E0048CA00
 20:55:25.951 t20184AE0CF0EF1F1F17A
 20:55:25.951 t20286A97CA3E49F900F9
 20:55:25.951 t20388DD2CF220167F9FE
 20:55:25.951 t20480000C00000000000
 20:55:25.952 t2058D188E2027FFF5000
 20:55:26.050 t20082C970F3E0048CA00
 20:55:26.051 t20184AE00F0EF1F1F17A
 20:55:26.051 t20286A970A3E49F900F9
 20:55:26.051 t20388DF10F220057F9FE
 20:55:26.051 t20480000000000000000
 20:55:26.052 t2058D18822027FFF5000
 20:55:26.150 t20082C9A4F3E0048CA00
 20:55:26.150 t20184AE04F0EF1F1F17A
 20:55:26.151 t20286A974A3E49F900F9
 20:55:26.151 t20388DF84F220207F9FE
 20:55:26.151 t20480000400000000000
 20:55:26.151 t2058D18862027FFF5000
 20:55:26.250 t20082C9D8F3E0048CA00
 20:55:26.250 t20184AE08F0EF1F1F17A
 20:55:26.250 t20286A978A3E49F900F9
 20:55:26.251 t20388E398F220067F9FE
 20:55:26.251 t20480000800000000000
 20:55:26.251 t2058D188A2027FFF5000
 20:55:26.350 t20082CA0CF3E0048CA00
 20:55:26.350 t20184AE0CF0EF1F1F17A
 20:55:26.350 t20286A97CA3E49F900F9
 20:55:26.350 t20388E62CF220207F9FE
 20:55:26.351 t20480000C00000000000
 20:55:26.351 t2058D188E2027FFF5000
 20:55:26.450 t20082CA20F3E0048CA00
 20:55:26.451 t20184AE00F0EF1F1F17A
 20:55:26.451 t20286A970A3E49F900F9
 20:55:26.451 t20388E8D0F220077F9FE
 20:55:26.451 t20480000000000000000
 20:55:26.451 t2058D18822027FFF5000
 20:55:26.550 t20082CA54F3E0048CA00
 20:55:26.551 t20184AE04F0EF1F1F17A
 20:55:26.551 t20286A974A3E49F900F9
 20:55:26.551 t20388E9F4F220137F9FE
 20:55:26.551 t20480000400000000000
 20:55:26.551 t2058D18862027FFF5000
 20:55:26.650 t20082CA88F3E0048CA00
 20:55:26.650 t20184AE08F0EF1F1F17A
 20:55:26.651 t20286A978A3E49F900F9
 20:55:26.651 t20388ED18F220107F9FE
 20:55:26.651 t20480000800000000000
 20:55:26.651 t2058D188A2027FFF5000
 20:55:26.750 t20082CABCF3E0048CA00
 20:55:26.751 t20184AE0CF0EF1F1F17A
 20:55:26.751 t20286A97CA3E49F900F9
 20:55:26.751 t20388EEDCF2201E7F9FE
 20:55:26.751 t20480000C00000000000
 20:55:26.751 t2058D188E2027FFF5000
 20:55:26.850 t20082CAE0F3E0048CA00
 20:55:26.850 t20184AE00F0EF1F1F17A
 20:55:26.851 t20286A970A3E49F900F9
 20:55:26.851 t20388F360F220277F9FE
 20:55:26.851 t20480000000000000000
 20:55:26.851 t2058D18822027FFF5000
 20:55:26.950 t20082CB04F3E0048CA00
 20:55:26.950 t20184AE04F0EF1F1F17A
 20:55:26.950 t20286A974A3E49F900F9
 20:55:26.950 t20388F764F220127F9FE
 20:55:26.950 t20480000400000000000
 20:55:26.951 t2058D18862027FFF5000
 20:55:27.050 t20082CB38F3E0048CA00
 20:55:27.050 t20184AE08F0EF1F1F17A
 20:55:27.050 t20286A978A3E49F900F9
 20:55:27.050 t20388F9C8F220147F9FE
 20:55:27.050 t20480000800000000000
 20:55:27.050 t2058D188A2027FFF5000
 20:55:27.150 t20082CB6CF3E0048CA00
 20:55:27.150 t20184AE0CF0EF1F1F17A
 20:55:27.150 t20286A97CA3E49F900F9
 20:55:27.150 t20388FC7CF220407F9FE
 20:55:27.150 t20480000C00000000000
 20:55:27.151 t2058D188E2027FFF5000
 20:55:27.250 t20082CB90F3E0048CA00
 20:55:27.250 t20184AE00F0EF1F1F17A
 20:55:27.251 t20286A970A3E49F900F9
 20:55:27.251 t203890200F223FF7FBFF
 20:55:27.251 t20480000000000000000
 20:55:27.251 t2058D18822027FFF5000
 20:55:27.350 t20082CBB4F3E0048CA00
 20:55:27.350 t20184AE04F0EF1F1F17A
 20:55:27.351 t20286A974A3E49F900F9
 20:55:27.351 t20388C8A4F220737F9FE
 20:55:27.351 t20480000400000000000
 20:55:27.351 t2058D18862027FFF5000
 20:55:27.450 t20082CBE8F3E0048CA00
 20:55:27.450 t20184AE08F0EF1F1F17A
 20:55:27.451 t20286A978A3E49F900F9
 20:55:27.451 t20388D158F220067F9FE
 20:55:27.451 t20480000800000000000
 20:55:27.451 t2058D188A2027FFF5000
 20:55:27.550 t20082CC1CF3E0048CA00
 20:55:27.550 t20184AE0CF0EF1F1F17A
 20:55:27.550 t20286A97CA3E49F900F9
 20:55:27.550 t20388D69CF220147F9FE
 20:55:27.550 t20480000C00000000000
 20:55:27.550 t2058D188E2027FFF5000
 20:55:27.650 t20082CC40F3E0048CA00
 20:55:27.650 t20184AE00F0EF1F1F17A
 20:55:27.650 t20286A970A3E49F900F9
 20:55:27.650 t20388D930F220327F9FE
 20:55:27.650 t20480000000000000000
 20:55:27.650 t2058D18822027FFF5000
 20:55:27.750 t20082CC74F3E0048CA00
 20:55:27.750 t20184AE04F0EF1F1F17A
 20:55:27.750 t20286A974A3E49F900F9
 20:55:27.751 t20388DD24F220167F9FE
 20:55:27.751 t20480000400000000000
 20:55:27.751 t2058D18862027FFF5000
 20:55:27.850 t20082CC98F3E0048CA00
 20:55:27.850 t20184AE08F0EF1F1F17A
 20:55:27.850 t20286A978A3E49F900F9
 20:55:27.851 t20388DF18F220057F9FE
 20:55:27.851 t20480000800000000000
 20:55:27.851 t2058D188A2027FFF5000
 20:55:27.950 t20082CCCCF3E0048CA00
 20:55:27.950 t20184AE0CF0EF1F1F17A
 20:55:27.950 t20286A97CA3E49F900F9
 20:55:27.951 t20388DF8CF220207F9FE
 20:55:27.951 t20480000C00000000000
 20:55:27.951 t2058D188E2027FFF5000
 20:55:28.050 t20082CCF0F3E0048CA00
 20:55:28.050 t20184AE00F0EF1F1F17A
 20:55:28.050 t20286A970A3E49F900F9
 20:55:28.051 t20388E390F220067F9FE
 20:55:28.051 t20480000000000000000
 20:55:28.051 t2058D18822027FFF5000
 20:55:28.150 t20082CD24F3E0048CA00
 20:55:28.150 t20184AE04F0EF1F1F17A
 20:55:28.150 t20286A974A3E49F900F9
 20:55:28.150 t20388E624F220207F9FE
 20:55:28.151 t20480000400000000000
 20:55:28.151 t2058D18862027FFF5000
 20:55:28.250 t20082CD48F3E0048CA00
 20:55:28.250 t20184AE08F0EF1F1F17A
 20:55:28.250 t20286A978A3E49F900F9
 20:55:28.250 t20388E8D8F220077F9FE
 20:55:28.250 t20480000800000000000
 20:55:28.250 t2058D188A2027FFF5000
 20:55:28.350 t20082CD7CF3E0048CA00
 20:55:28.350 t20184AE0CF0EF1F1F17A
 20:55:28.350 t20286A97CA3E49F900F9
 20:55:28.350 t20388E9FCF220137F9FE
 20:55:28.350 t20480000C00000000000
 20:55:28.350 t2058D188E2027FFF5000
 20:55:28.450 t20082CDA0F3E0048CA00
 20:55:28.450 t20184AE00F0EF1F1F17A
 20:55:28.450 t20286A970A3E49F900F9
 20:55:28.450 t20388ED10F220107F9FE
 20:55:28.451 t20480000000000000000
 20:55:28.451 t2058D18822027FFF5000
 20:55:28.550 t20082CDD4F3E0048CA00
 20:55:28.550 t20184AE04F0EF1F1F17A
 20:55:28.550 t20286A974A3E49F900F9
 20:55:28.550 t20388EED4F2201E7F9FE
 20:55:28.551 t20480000400000000000
 20:55:28.551 t2058D18862027FFF5000
 20:55:28.650 t20082CE08F3E0048CA00
 20:55:28.650 t20184AE08F0EF1F1F17A
 20:55:28.650 t20286A978A3E49F900F9
 20:55:28.650 t20388F368F220277F9FE
 20:55:28.650 t20480000800000000000
 20:55:28.650 t2058D188A2027FFF5000
 20:55:28.750 t20082CE2CF3E0048CA00
 20:55:28.750 t20184AE0CF0EF1F1F17A
 20:55:28.750 t20286A97CA3E49F900F9
 20:55:28.750 t20388F76CF220127F9FE
 20:55:28.750 t20480000C00000000000
 20:55:28.751 t2058D188E2027FFF5000
 20:55:28.850 t20082CE50F3E0048CA00
 20:55:28.850 t20184AE00F0EF1F1F17A
 20:55:28.850 t20286A970A3E49F900F9
 20:55:28.850 t20388F9C0F220147F9FE
 20:55:28.850 t20480000000000000000
 20:55:28.851 t2058D18822027FFF5000
 20:55:28.949 t20082CE84F3E0048CA00
 20:55:28.950 t20184AE04F0EF1F1F17A
 20:55:28.950 t20286A974A3E49F900F9
 20:55:28.950 t20388FC74F220407F9FE
 20:55:28.950 t20480000400000000000
 20:55:28.950 t2058D18862027FFF5000
 20:55:29.049 t20082CEB8F3E0048CA00
 20:55:29.050 t20184AE08F0EF1F1F17A
 20:55:29.050 t20286A978A3E49F900F9
 20:55:29.050 t203890208F223FF7FBFF
 20:55:29.050 t20480000800000000000
 20:55:29.050 t2058D188A2027FFF5000
 20:55:29.149 t20082CEDCF3E0048CA00
 20:55:29.150 t20184AE0CF0EF1F1F17A
 20:55:29.150 t20286A97CA3E49F900F9
 20:55:29.150 t20388C8ACF220737F9FE
 20:55:29.150 t20480000C00000000000
 20:55:29.151 t2058D188E2027FFF5000
 20:55:29.250 t20082CF00F3E0048CA00
 20:55:29.250 t20184AE00F0EF1F1F17A
 20:55:29.250 t20286A970A3E49F900F9
 20:55:29.250 t20388D150F220067F9FE
 20:55:29.251 t20480000000000000000
 20:55:29.251 t2058D18822027FFF5000
 20:55:29.350 t20082CF34F3E0048CA00
 20:55:29.350 t20184AE04F0EF1F1F17A
 20:55:29.350 t20286A974A3E49F900F9
 20:55:29.350 t20388D694F220147F9FE
 20:55:29.350 t20480000400000000000
 20:55:29.351 t2058D18862027FFF5000
 20:55:29.450 t20082CF68F3E0048CA00
 20:55:29.450 t20184AE08F0EF1F1F17A
 20:55:29.450 t20286A978A3E49F900F9
 20:55:29.450 t20388D938F220327F9FE
 20:55:29.451 t20480000800000000000
 20:55:29.451 t2058D188A2027FFF5000
 20:55:29.549 t20082CF9CF3E0048CA00
 20:55:29.549 t20184AE0CF0EF1F1F17A
 20:55:29.550 t20286A97CA3E49F900F9
 20:55:29.550 t20388DD2CF220167F9FE
 20:55:29.550 t20480000C00000000000
 20:55:29.550 t2058D188E2027FFF5000
 20:55:29.649 t20082CFB0F3E0048CA00
 20:55:29.649 t20184AE00F0EF1F1F17A
 20:55:29.649 t20286A970A3E49F900F9
 20:55:29.650 t20388DF10F220057F9FE
 20:55:29.650 t20480000000000000000
 20:55:29.650 t2058D18822027FFF5000
 20:55:29.750 t20082CFE4F3E0048CA00
 20:55:29.750 t20184AE04F0EF1F1F17A
 20:55:29.750 t20286A974A3E49F900F9
 20:55:29.751 t20388DF84F220207F9FE
 20:55:29.751 t20480000400000000000
 20:55:29.751 t2058D18862027FFF5000
 20:55:29.850 t20082D018F3E0048CA00
 20:55:29.850 t20184AE08F0EF1F1F17A
 20:55:29.850 t20286A978A3E49F900F9
 20:55:29.850 t20388E398F220067F9FE
 20:55:29.851 t20480000800000000000
 20:55:29.851 t2058D188A2027FFF5000
 20:55:29.950 t20082D04CF3E0048CA00
 20:55:29.950 t20184AE0CF0EF1F1F17A
 20:55:29.950 t20286A97CA3E49F900F9
 20:55:29.951 t20388E62CF220207F9FE
 20:55:29.951 t20480000C00000000000
 20:55:29.951 t2058D188E2027FFF5000
 20:55:30.050 t20082D060F3E0048CA00
 20:55:30.050 t20184AE00F0EF1F1F17A
 20:55:30.050 t20286A970A3E49F900F9
 20:55:30.051 t20388E8D0F220077F9FE
 20:55:30.051 t20480000000000000000
 20:55:30.051 t2058D18822027FFF5000
 20:55:30.150 t20082D094F3E0048CA00
 20:55:30.151 t20184AE04F0EF1F1F17A
 20:55:30.151 t20286A974A3E49F900F9
 20:55:30.151 t20388E9F4F220137F9FE
 20:55:30.151 t20480000400000000000
 20:55:30.151 t2058D18862027FFF5000
 20:55:30.250 t20082D0C8F3E0048CA00
 20:55:30.250 t20184AE08F0EF1F1F17A
 20:55:30.251 t20286A978A3E49F900F9
 20:55:30.251 t20388ED18F220107F9FE
 20:55:30.251 t20480000800000000000
 20:55:30.251 t2058D188A2027FFF5000
 20:55:30.350 t20082D0FCF3E0048CA00
 20:55:30.350 t20184AE0CF0EF1F1F17A
 20:55:30.350 t20286A97CA3E49F900F9
 20:55:30.350 t20388EEDCF2201E7F9FE
 20:55:30.350 t20480000C00000000000
 20:55:30.351 t2058D188E2027FFF5000
 20:55:30.450 t20082D120F3E0048CA00
 20:55:30.450 t20184AE00F0EF1F1F17A
 20:55:30.450 t20286A970A3E49F900F9
 20:55:30.450 t20388F360F220277F9FE
 20:55:30.450 t20480000000000000000
 20:55:30.451 t2058D18822027FFF5000
 20:55:30.550 t20082D144F3E0048CA00
 20:55:30.550 t20184AE04F0EF1F1F17A
 20:55:30.551 t20286A974A3E49F900F9
 20:55:30.551 t20388F764F220127F9FE
 20:55:30.551 t20480000400000000000
 20:55:30.551 t2058D18862027FFF5000
 20:55:30.650 t20082D178F3E0048CA00
 20:55:30.650 t20184AE08F0EF1F1F17A
 20:55:30.651 t20286A978A3E49F900F9
 20:55:30.651 t20388F9C8F220147F9FE
 20:55:30.651 t20480000800000000000
 20:55:30.651 t2058D188A2027FFF5000
 20:55:30.750 t20082D1ACF3E0048CA00
 20:55:30.750 t20184AE0CF0EF1F1F17A
 20:55:30.751 t20286A97CA3E49F900F9
 20:55:30.751 t20388FC7CF220407F9FE
 20:55:30.751 t20480000C00000000000
 20:55:30.751 t2058D188E2027FFF5000
 20:55:30.850 t20082D1D0F3E0048CA00
 20:55:30.850 t20184AE00F0EF1F1F17A
 20:55:30.851 t20286A970A3E49F900F9
 20:55:30.851 t203890200F223FF7FBFF
 20:55:30.851 t20480000000000000000
 20:55:30.851 t2058D18822027FFF5000
 20:55:30.950 t20082D204F3E0048CA00
 20:55:30.950 t20184AE04F0EF1F1F17A
 20:55:30.950 t20286A974A3E49F900F9
 20:55:30.951 t20388C8A4F220737F9FE
 20:55:30.951 t20480000400000000000
 20:55:30.951 t2058D18862027FFF5000
 20:55:31.050 t20082D228F3E0048CA00
 20:55:31.050 t20184AE08F0EF1F1F17A
 20:55:31.050 t20286A978A3E49F900F9
 20:55:31.050 t20388D158F220067F9FE
 20:55:31.050 t20480000800000000000
 20:55:31.050 t2058D188A2027FFF5000
 20:55:31.150 t20082D25CF3E0048CA00
 20:55:31.150 t20184AE0CF0EF1F1F17A
 20:55:31.150 t20286A97CA3E49F900F9
 20:55:31.151 t20388D69CF220147F9FE
 20:55:31.151 t20480000C00000000000
 20:55:31.151 t2058D188E2027FFF5000
 20:55:31.250 t20082D280F3E0048CA00
 20:55:31.250 t20184AE00F0EF1F1F17A
 20:55:31.251 t20286A970A3E49F900F9
 20:55:31.251 t20388D930F220327F9FE
 20:55:31.251 t20480000000000000000
 20:55:31.251 t2058D18822027FFF5000
 20:55:31.350 t20082D2B4F3E0048CA00
 20:55:31.350 t20184AE04F0EF1F1F17A
 20:55:31.351 t20286A974A3E49F900F9
 20:55:31.351 t20388DD24F220167F9FE
 20:55:31.351 t20480000400000000000
 20:55:31.351 t2058D18862027FFF5000
 20:55:31.450 t20082D2D8F3E0048CA00
 20:55:31.450 t20184AE08F0EF1F1F17A
 20:55:31.450 t20286A978A3E49F900F9
 20:55:31.450 t20388DF18F220057F9FE
 20:55:31.450 t20480000800000000000
 20:55:31.451 t2058D188A2027FFF5000
 20:55:31.550 t20082D30CF3E0048CA00
 20:55:31.550 t20184AE0CF0EF1F1F17A
 20:55:31.550 t20286A97CA3E49F900F9
 20:55:31.551 t20388DF8CF220207F9FE
 20:55:31.551 t20480000C00000000000
 20:55:31.551 t2058D188E2027FFF5000
 20:55:31.650 t20082D330F3E0048CA00
 20:55:31.650 t20184AE00F0EF1F1F17A
 20:55:31.650 t20286A970A3E49F900F9
 20:55:31.650 t20388E390F220067F9FE
 20:55:31.650 t20480000000000000000
 20:55:31.650 t2058D18822027FFF5000
 20:55:31.750 t20082D364F3E0048CA00
 20:55:31.750 t20184AE04F0EF1F1F17A
 20:55:31.750 t20286A974A3E49F900F9
 20:55:31.750 t20388E624F220207F9FE
 20:55:31.750 t20480000400000000000
 20:55:31.750 t2058D18862027FFF5000
 20:55:31.850 t20082D398F3E0048CA00
 20:55:31.850 t20184AE08F0EF1F1F17A
 20:55:31.850 t20286A978A3E49F900F9
 20:55:31.850 t20388E8D8F220077F9FE
 20:55:31.850 t20480000800000000000
 20:55:31.850 t2058D188A2027FFF5000
 20:55:31.950 t20082D3BCF3E0048CA00
 20:55:31.950 t20184AE0CF0EF1F1F17A
 20:55:31.950 t20286A97CA3E49F900F9
 20:55:31.950 t20388E9FCF220137F9FE
 20:55:31.950 t20480000C00000000000
 20:55:31.950 t2058D188E2027FFF5000
 20:55:32.050 t20082D3E0F3E0048CA00
 20:55:32.050 t20184AE00F0EF1F1F17A
 20:55:32.050 t20286A970A3E49F900F9
 20:55:32.051 t20388ED10F220107F9FE
 20:55:32.051 t20480000000000000000
 20:55:32.051 t2058D18822027FFF5000
 20:55:32.150 t20082D414F3E0048CA00
 20:55:32.150 t20184AE04F0EF1F1F17A
 20:55:32.150 t20286A974A3E49F900F9
 20:55:32.150 t20388EED4F2201E7F9FE
 20:55:32.151 t20480000400000000000
 20:55:32.151 t2058D18862027FFF5000
 20:55:32.250 t20082D448F3E0048CA00
 20:55:32.250 t20184AE08F0EF1F1F17A
 20:55:32.250 t20286A978A3E49F900F9
 20:55:32.250 t20388F368F220277F9FE
 20:55:32.251 t20480000800000000000
 20:55:32.251 t2058D188A2027FFF5000
 20:55:32.349 t20082D46CF3E0048CA00
 20:55:32.350 t20184AE0CF0EF1F1F17A
 20:55:32.350 t20286A97CA3E49F900F9
 20:55:32.350 t20388F76CF220127F9FE
 20:55:32.350 t20480000C00000000000
 20:55:32.350 t2058D188E2027FFF5000
 20:55:32.449 t20082D490F3E0048CA00
 20:55:32.450 t20184AE00F0EF1F1F17A
 20:55:32.450 t20286A970A3E49F900F9
 20:55:32.450 t20388F9C0F220147F9FE
 20:55:32.450 t20480000000000000000
 20:55:32.450 t2058D18822027FFF5000
 20:55:32.549 t20082D4C4F3E0048CA00
 20:55:32.550 t20184AE04F0EF1F1F17A
 20:55:32.550 t20286A974A3E49F900F9
 20:55:32.550 t20388FC74F220407F9FE
 20:55:32.550 t20480000400000000000
 20:55:32.550 t2058D18862027FFF5000
 20:55:32.650 t20082D4F8F3E0048CA00
 20:55:32.650 t20184AE08F0EF1F1F17A
 20:55:32.650 t20286A978A3E49F900F9
 20:55:32.650 t203890208F223FF7FBFF
 20:55:32.651 t20480000800000000000
 20:55:32.651 t2058D188A2027FFF5000
 20:55:32.750 t20082D52CF3E0048CA00
 20:55:32.750 t20184AE0CF0EF1F1F17A
 20:55:32.750 t20286A97CA3E49F900F9
 20:55:32.750 t20388C8ACF220737F9FE
 20:55:32.750 t20480000C00000000000
 20:55:32.751 t2058D188E2027FFF5000
 20:55:32.849 t20082D540F3E0048CA00
 20:55:32.850 t20184AE00F0EF1F1F17A
 20:55:32.850 t20286A970A3E49F900F9
 20:55:32.850 t20388D150F220067F9FE
 20:55:32.850 t20480000000000000000
 20:55:32.851 t2058D18822027FFF5000
 20:55:32.949 t20082D574F3E0048CA00
 20:55:32.950 t20184AE04F0EF1F1F17A
 20:55:32.950 t20286A974A3E49F900F9
 20:55:32.950 t20388D694F220147F9FE
 20:55:32.950 t20480000400000000000
 20:55:32.950 t2058D18862027FFF5000
 20:55:33.049 t20082D5A8F3E0048CA00
 20:55:33.049 t20184AE08F0EF1F1F17A
 20:55:33.049 t20286A978A3E49F900F9
 20:55:33.050 t20388D938F220327F9FE
 20:55:33.050 t20480000800000000000
 20:55:33.050 t2058D188A2027FFF5000
 20:55:33.149 t20082D5DCF3E0048CA00
 20:55:33.150 t20184AE0CF0EF1F1F17A
 20:55:33.150 t20286A97CA3E49F900F9
 20:55:33.150 t20388DD2CF220167F9FE
 20:55:33.150 t20480000C00000000000
 20:55:33.150 t2058D188E2027FFF5000
 20:55:33.249 t20082D5F0F3E0048CA00
 20:55:33.250 t20184AE00F0EF1F1F17A
 20:55:33.250 t20286A970A3E49F900F9
 20:55:33.250 t20388DF10F220057F9FE
 20:55:33.250 t20480000000000000000
 20:55:33.250 t2058D18822027FFF5000
 20:55:33.349 t20082D624F3E0048CA00
 20:55:33.350 t20184AE04F0EF1F1F17A
 20:55:33.350 t20286A974A3E49F900F9
 20:55:33.350 t20388DF84F220207F9FE
 20:55:33.350 t20480000400000000000
 20:55:33.350 t2058D18862027FFF5000
 20:55:33.450 t20082D658F3E0048CA00
 20:55:33.451 t20184AE08F0EF1F1F17A
 20:55:33.451 t20286A978A3E49F900F9
 20:55:33.451 t20388E398F220067F9FE
 20:55:33.451 t20480000800000000000
 20:55:33.451 t2058D188A2027FFF5000
 20:55:33.550 t20082D68CF3E0048CA00
 20:55:33.550 t20184AE0CF0EF1F1F17A
 20:55:33.550 t20286A97CA3E49F900F9
 20:55:33.551 t20388E62CF220207F9FE
 20:55:33.551 t20480000C00000000000
 20:55:33.551 t2058D188E2027FFF5000
 20:55:33.650 t20082D6B0F3E0048CA00
 20:55:33.650 t20184AE00F0EF1F1F17A
 20:55:33.650 t20286A970A3E49F900F9
 20:55:33.650 t20388E8D0F220077F9FE
 20:55:33.650 t20480000000000000000
 20:55:33.651 t2058D18822027FFF5000
 20:55:33.750 t20082D6D4F3E0048CA00
 20:55:33.750 t20184AE04F0EF1F1F17A
 20:55:33.750 t20286A974A3E49F900F9
 20:55:33.750 t20388E9F4F220137F9FE
 20:55:33.750 t20480000400000000000
 20:55:33.751 t2058D18862027FFF5000
 20:55:33.850 t20082D708F3E0048CA00
 20:55:33.851 t20184AE08F0EF1F1F17A
 20:55:33.851 t20286A978A3E49F900F9
 20:55:33.851 t20388ED18F220107F9FE
 20:55:33.851 t20480000800000000000
 20:55:33.852 t2058D188A2027FFF5000
 20:55:33.950 t20082D73CF3E0048CA00
 20:55:33.950 t20184AE0CF0EF1F1F17A
 20:55:33.951 t20286A97CA3E49F900F9
 20:55:33.951 t20388EEDCF2201E7F9FE
 20:55:33.951 t20480000C00000000000
 20:55:33.951 t2058D188E2027FFF5000
 20:55:34.050 t20082D760F3E0048CA00
 20:55:34.050 t20184AE00F0EF1F1F17A
 20:55:34.051 t20286A970A3E49F900F9
 20:55:34.051 t20388F360F220277F9FE
 20:55:34.051 t20480000000000000000
 20:55:34.051 t2058D18822027FFF5000
 20:55:34.150 t20082D784F3E0048CA00
 20:55:34.150 t20184AE04F0EF1F1F17A
 20:55:34.151 t20286A974A3E49F900F9
 20:55:34.151 t20388F764F220127F9FE
 20:55:34.151 t20480000400000000000
 20:55:34.151 t2058D18862027FFF5000
 20:55:34.250 t20082D7B8F3E0048CA00
 20:55:34.250 t20184AE08F0EF1F1F17A
 20:55:34.251 t20286A978A3E49F900F9
 20:55:34.251 t20388F9C8F220147F9FE
 20:55:34.251 t20480000800000000000
 20:55:34.251 t2058D188A2027FFF5000
 20:55:34.350 t20082D7ECF3E0048CA00
 20:55:34.350 t20184AE0CF0EF1F1F17A
 20:55:34.350 t20286A97CA3E49F900F9
 20:55:34.350 t20388FC7CF220407F9FE
 20:55:34.350 t20480000C00000000000
 20:55:34.350 t2058D188E2027FFF5000
 20:55:34.450 t20082D810F3E0048CA00
 20:55:34.450 t20184AE00F0EF1F1F17A
 20:55:34.450 t20286A970A3E49F900F9
 20:55:34.450 t203890200F223FF7FBFF
 20:55:34.450 t20480000000000000000
 20:55:34.450 t2058D18822027FFF5000
 20:55:34.550 t20082D844F3E0048CA00
 20:55:34.550 t20184AE04F0EF1F1F17A
 20:55:34.551 t20286A974A3E49F900F9
 20:55:34.551 t203890204F200C37F9FF
 20:55:34.551 t20480000400000000000
 20:55:34.551 t2058D18862027FFF5000
 20:55:34.650 t20082D868F3E0048CA00
 20:55:34.650 t20184AE08F0EF1F1F17A
 20:55:34.650 t20286A978A3E49F900F9
 20:55:34.651 t20388D158F220067F9FE
 20:55:34.651 t20480000800000000000
 20:55:34.651 t2058D188A2027FFF5000
 20:55:34.750 t20082D89CF3E0048CA00
 20:55:34.750 t20184AE0CF0EF1F1F17A
 20:55:34.750 t20286A97CA3E49F900F9
 20:55:34.751 t20388D69CF220147F9FE
 20:55:34.751 t20480000C00000000000
 20:55:34.751 t2058D188E2027FFF5000
 20:55:34.850 t20082D8C0F3E0048CA00
 20:55:34.850 t20184AE00F0EF1F1F17A
 20:55:34.850 t20286A970A3E49F900F9
 20:55:34.850 t20388D930F220327F9FE
 20:55:34.850 t20480000000000000000
 20:55:34.850 t2058D18822027FFF5000
 20:55:34.950 t20082D8F4F3E0048CA00
 20:55:34.950 t20184AE04F0EF1F1F17A
 20:55:34.950 t20286A974A3E49F900F9
 20:55:34.950 t20388DD24F220167F9FE
 20:55:34.950 t20480000400000000000
 20:55:34.950 t2058D18862027FFF5000
 20:55:35.050 t20082D918F3E0048CA00
 20:55:35.050 t20184AE08F0EF1F1F17A
 20:55:35.050 t20286A978A3E49F900F9
 20:55:35.050 t20388DF18F220057F9FE
 20:55:35.050 t20480000800000000000
 20:55:35.050 t2058D188A2027FFF5000
 20:55:35.150 t20082D94CF3E0048CA00
 20:55:35.150 t20184AE0CF0EF1F1F17A
 20:55:35.150 t20286A97CA3E49F900F9
 20:55:35.150 t20388DF8CF220207F9FE
 20:55:35.150 t20480000C00000000000
 20:55:35.150 t2058D188E2027FFF5000
 20:55:35.250 t20082D970F3E0048CA00
 20:55:35.250 t20184AE00F0EF1F1F17A
 20:55:35.250 t20286A970A3E49F900F9
 20:55:35.251 t20388E390F220067F9FE
 20:55:35.251 t20480000000000000000
 20:55:35.251 t2058D18822027FFF5000
 20:55:35.350 t20082D9A4F3E0048CA00
 20:55:35.350 t20184AE04F0EF1F1F17A
 20:55:35.350 t20286A974A3E49F900F9
 20:55:35.351 t20388E624F220207F9FE
 20:55:35.351 t20480000400000000000
 20:55:35.351 t2058D18862027FFF5000
 20:55:35.450 t20082D9D8F3E0048CA00
 20:55:35.450 t20184AE08F0EF1F1F17A
 20:55:35.450 t20286A978A3E49F900F9
 20:55:35.450 t20388E8D8F220077F9FE
 20:55:35.450 t20480000800000000000
 20:55:35.451 t2058D188A2027FFF5000
 20:55:35.550 t20082D9FCF3E0048CA00
 20:55:35.550 t20184AE0CF0EF1F1F17A
 20:55:35.550 t20286A97CA3E49F900F9
 20:55:35.550 t20388E9FCF220137F9FE
 20:55:35.551 t20480000C00000000000
 20:55:35.551 t2058D188E2027FFF5000
 20:55:35.649 t20082DA20F3E0048CA00
 20:55:35.650 t20184AE00F0EF1F1F17A
 20:55:35.650 t20286A970A3E49F900F9
 20:55:35.650 t20388ED10F220107F9FE
 20:55:35.650 t20480000000000000000
 20:55:35.650 t2058D18822027FFF5000
 20:55:35.749 t20082DA54F3E0048CA00
 20:55:35.750 t20184AE04F0EF1F1F17A
 20:55:35.750 t20286A974A3E49F900F9
 20:55:35.750 t20388EED4F2201E7F9FE
 20:55:35.750 t20480000400000000000
 20:55:35.750 t2058D18862027FFF5000
 20:55:35.850 t20082DA88F3E0048CA00
 20:55:35.850 t20184AE08F0EF1F1F17A
 20:55:35.850 t20286A978A3E49F900F9
 20:55:35.850 t20388F368F220277F9FE
 20:55:35.850 t20480000800000000000
 20:55:35.851 t2058D188A2027FFF5000
 20:55:35.949 t20082DAACF3E0048CA00
 20:55:35.950 t20184AE0CF0EF1F1F17A
 20:55:35.950 t20286A97CA3E49F900F9
 20:55:35.950 t20388F76CF220127F9FE
 20:55:35.950 t20480000C00000000000
 20:55:35.950 t2058D188E2027FFF5000
 20:55:36.049 t20082DAD0F3E0048CA00
 20:55:36.050 t20184AE00F0EF1F1F17A
 20:55:36.050 t20286A970A3E49F900F9
 20:55:36.050 t20388F9C0F220147F9FE
 20:55:36.050 t20480000000000000000
 20:55:36.050 t2058D18822027FFF5000
 20:55:36.149 t20082DB04F3E0048CA00
 20:55:36.150 t20184AE04F0EF1F1F17A
 20:55:36.150 t20286A974A3E49F900F9
 20:55:36.150 t20388FC74F220407F9FE
 20:55:36.150 t20480000400000000000
 20:55:36.151 t2058D18862027FFF5000
 20:55:36.250 t20082DB38F3E0048CA00
 20:55:36.250 t20184AE08F0EF1F1F17A
 20:55:36.250 t20286A978A3E49F900F9
 20:55:36.250 t203890208F220C37F9FF
 20:55:36.250 t20480000800000000000
 20:55:36.251 t2058D188A2027FFF5000
 20:55:36.349 t20082DB6CF3E0048CA00
 20:55:36.349 t20184AE0CF0EF1F1F17A
 20:55:36.350 t20286A97CA3E49F900F9
 20:55:36.350 t20388D69CF220147F9FE
 20:55:36.350 t20480000C00000000000
 20:55:36.350 t2058D188E2027FFF5000
 20:55:36.449 t20082DB80F3E0048CA00
 20:55:36.449 t20184AE00F0EF1F1F17A
 20:55:36.450 t20286A970A3E49F900F9
 20:55:36.450 t20388D930F220327F9FE
 20:55:36.450 t20480000000000000000
 20:55:36.450 t2058D18822027FFF5000
 20:55:36.549 t20082DBB4F3E0048CA00
 20:55:36.550 t20184AE04F0EF1F1F17A
 20:55:36.550 t20286A974A3E49F900F9
 20:55:36.550 t20388DD24F220167F9FE
 20:55:36.550 t20480000400000000000
 20:55:36.551 t2058D18862027FFF5000
 20:55:36.649 t20082DBE8F3E0048CA00
 20:55:36.650 t20184AE08F0EF1F1F17A
 20:55:36.650 t20286A978A3E49F900F9
 20:55:36.650 t20388DF18F220057F9FE
 20:55:36.650 t20480000800000000000
 20:55:36.651 t2058D188A2027FFF5000
 20:55:36.749 t20082DC1CF3E0048CA00
 20:55:36.750 t20184AE0CF0EF1F1F17A
 20:55:36.750 t20286A97CA3E49F900F9
 20:55:36.750 t20388DF8CF220207F9FE
 20:55:36.750 t20480000C00000000000
 20:55:36.750 t2058D188E2027FFF5000
 20:55:36.849 t20082DC30F3E0048CA00
 20:55:36.850 t20184AE00F0EF1F1F17A
 20:55:36.850 t20286A970A3E49F900F9
 20:55:36.850 t20388E390F220067F9FE
 20:55:36.850 t20480000000000000000
 20:55:36.851 t2058D18822027FFF5000
 20:55:36.949 t20082DC64F3E0048CA00
 20:55:36.950 t20184AE04F0EF1F1F17A
 20:55:36.950 t20286A974A3E49F900F9
 20:55:36.950 t20388E624F220207F9FE
 20:55:36.950 t20480000400000000000
 20:55:36.951 t2058D18862027FFF5000
 20:55:37.049 t20082DC98F3E0048CA00
 20:55:37.049 t20184AE08F0EF1F1F17A
 20:55:37.049 t20286A978A3E49F900F9
 20:55:37.050 t20388E8D8F220077F9FE
 20:55:37.050 t20480000800000000000
 20:55:37.050 t2058D188A2027FFF5000
 20:55:37.149 t20082DCCCF3E0048CA00
 20:55:37.149 t20184AE0CF0EF1F1F17A
 20:55:37.149 t20286A97CA3E49F900F9
 20:55:37.149 t20388E9FCF220137F9FE
 20:55:37.150 t20480000C00000000000
 20:55:37.150 t2058D188E2027FFF5000
 20:55:37.249 t20082DCF0F3E0048CA00
 20:55:37.250 t20184AE00F0EF1F1F17A
 20:55:37.250 t20286A970A3E49F900F9
 20:55:37.250 t20388ED10F220107F9FE
 20:55:37.250 t20480000000000000000
 20:55:37.250 t2058D18822027FFF5000
 20:55:37.349 t20082DD14F3E0048CA00
 20:55:37.350 t20184AE04F0EF1F1F17A
 20:55:37.350 t20286A974A3E49F900F9
 20:55:37.350 t20388EED4F2201E7F9FE
 20:55:37.350 t20480000400000000000
 20:55:37.350 t2058D18862027FFF5000
 20:55:37.450 t20082DD48F3E0048CA00
 20:55:37.451 t20184AE08F0EF1F1F17A
 20:55:37.451 t20286A978A3E49F900F9
 20:55:37.451 t20388F368F220277F9FE
 20:55:37.451 t20480000800000000000
 20:55:37.451 t2058D188A2027FFF5000
 20:55:37.550 t20082DD7CF3E0048CA00
 20:55:37.550 t20184AE0CF0EF1F1F17A
 20:55:37.551 t20286A97CA3E49F900F9
 20:55:37.551 t20388F76CF220127F9FE
 20:55:37.551 t20480000C00000000000
 20:55:37.551 t2058D188E2027FFF5000
 20:55:37.650 t20082DDA0F3E0048CA00
 20:55:37.650 t20184AE00F0EF1F1F17A
 20:55:37.651 t20286A970A3E49F900F9
 20:55:37.651 t20388F9C0F220147F9FE
 20:55:37.651 t20480000000000000000
 20:55:37.651 t2058D18822027FFF5000
 20:55:37.750 t20082DDC4F3E0048CA00
 20:55:37.750 t20184AE04F0EF1F1F17A
 20:55:37.750 t20286A974A3E49F900F9
 20:55:37.750 t20388FC74F220407F9FE
 20:55:37.750 t20480000400000000000
 20:55:37.750 t2058D18862027FFF5000
 20:55:37.850 t20082DDF8F3E0048CA00
 20:55:37.850 t20184AE08F0EF1F1F17A
 20:55:37.850 t20286A978A3E49F900F9
 20:55:37.850 t203890208F220C37F9FF
 20:55:37.850 t20480000800000000000
 20:55:37.850 t2058D188A2027FFF5000
 20:55:37.950 t20082DE2CF3E0048CA00
 20:55:37.950 t20184AE0CF0EF1F1F17A
 20:55:37.951 t20286A97CA3E49F900F9
 20:55:37.951 t20388D69CF220147F9FE
 20:55:37.951 t20480000C00000000000
 20:55:37.951 t2058D188E2027FFF5000
 20:55:38.050 t20082DE50F3E0048CA00
 20:55:38.050 t20184AE00F0EF1F1F17A
 20:55:38.050 t20286A970A3E49F900F9
 20:55:38.051 t20388D930F220327F9FE
 20:55:38.051 t20480000000000000000
 20:55:38.051 t2058D18822027FFF5000
 20:55:38.150 t20082DE84F3E0048CA00
 20:55:38.150 t20184AE04F0EF1F1F17A
 20:55:38.151 t20286A974A3E49F900F9
 20:55:38.151 t20388DD24F220167F9FE
 20:55:38.151 t20480000400000000000
 20:55:38.151 t2058D18862027FFF5000
 20:55:38.250 t20082DEA8F3E0048CA00
 20:55:38.250 t20184AE08F0EF1F1F17A
 20:55:38.251 t20286A978A3E49F900F9
 20:55:38.251 t20388DF18F220057F9FE
 20:55:38.251 t20480000800000000000
 20:55:38.251 t2058D188A2027FFF5000
 20:55:38.350 t20082DEDCF3E0048CA00
 20:55:38.350 t20184AE0CF0EF1F1F17A
 20:55:38.350 t20286A97CA3E49F900F9
 20:55:38.350 t20388DF8CF220207F9FE
 20:55:38.350 t20480000C00000000000
 20:55:38.350 t2058D188E2027FFF5000
 20:55:38.450 t20082DF00F3E0048CA00
 20:55:38.450 t20184AE00F0EF1F1F17A
 20:55:38.450 t20286A970A3E49F900F9
 20:55:38.450 t20388E390F220067F9FE
 20:55:38.450 t20480000000000000000
 20:55:38.450 t2058D18822027FFF5000
 20:55:38.550 t20082DF34F3E0048CA00
 20:55:38.550 t20184AE04F0EF1F1F17A
 20:55:38.551 t20286A974A3E49F900F9
 20:55:38.551 t20388E624F220207F9FE
 20:55:38.551 t20480000400000000000
 20:55:38.551 t2058D18862027FFF5000
 20:55:38.650 t20082DF58F3E0048CA00
 20:55:38.650 t20184AE08F0EF1F1F17A
 20:55:38.650 t20286A978A3E49F900F9
 20:55:38.650 t20388E8D8F220077F9FE
 20:55:38.650 t20480000800000000000
 20:55:38.650 t2058D188A2027FFF5000
 20:55:38.750 t20082DF8CF3E0048CA00
 20:55:38.750 t20184AE0CF0EF1F1F17A
 20:55:38.750 t20286A97CA3E49F900F9
 20:55:38.751 t20388E9FCF220137F9FE
 20:55:38.751 t20480000C00000000000
 20:55:38.751 t2058D188E2027FFF5000
 20:55:38.850 t20082DFB0F3E0048CA00
 20:55:38.850 t20184AE00F0EF1F1F17A
 20:55:38.850 t20286A970A3E49F900F9
 20:55:38.851 t20388ED10F220107F9FE
 20:55:38.851 t20480000000000000000
 20:55:38.851 t2058D18822027FFF5000
 20:55:38.950 t20082DFE4F3E0048CA00
 20:55:38.950 t20184AE04F0EF1F1F17A
 20:55:38.950 t20286A974A3E49F900F9
 20:55:38.951 t20388EED4F2201E7F9FE
 20:55:38.951 t20480000400000000000
 20:55:38.951 t2058D18862027FFF5000
 20:55:39.050 t20082E018F3E0048CA00
 20:55:39.050 t20184AE08F0EF1F1F17A
 20:55:39.050 t20286A978A3E49F900F9
 20:55:39.050 t20388F368F220277F9FE
 20:55:39.050 t20480000800000000000
 20:55:39.050 t2058D188A2027FFF5000
 20:55:39.150 t20082E03CF3E0048CA00
 20:55:39.150 t20184AE0CF0EF1F1F17A
 20:55:39.150 t20286A97CA3E49F900F9
 20:55:39.150 t20389159CF2001E7FDFF
 20:55:39.150 t20480000C00000000000
 20:55:39.150 t2058D188E2027FFF5000
 20:55:39.250 t20082E060F3E0048CA00
 20:55:39.250 t20184AE00F0EF1F1F17A
 20:55:39.250 t20286A970A3E49F900F9
 20:55:39.250 t20388D930F220327F9FE
 20:55:39.251 t20480000000000000000
 20:55:39.251 t2058D18822027FFF5000
 20:55:39.350 t20082E094F3E0048CA00
 20:55:39.350 t20184AE04F0EF1F1F17A
 20:55:39.350 t20286A974A3E49F900F9
 20:55:39.350 t20388DD24F220167F9FE
 20:55:39.351 t20480000400000000000
 20:55:39.351 t2058D18862027FFF5000
 20:55:39.450 t20082E0C8F3E0048CA00
 20:55:39.450 t20184AE08F0EF1F1F17A
 20:55:39.450 t20286A978A3E49F900F9
 20:55:39.450 t20388DF18F220057F9FE
 20:55:39.450 t20480000800000000000
 20:55:39.450 t2058D188A2027FFF5000
 20:55:39.550 t20082E0ECF3E0048CA00
 20:55:39.550 t20184AE0CF0EF1F1F17A
 20:55:39.550 t20286A97CA3E49F900F9
 20:55:39.550 t20388DF8CF220207F9FE
 20:55:39.550 t20480000C00000000000
 20:55:39.551 t2058D188E2027FFF5000
 20:55:39.650 t20082E110F3E0048CA00
 20:55:39.650 t20184AE00F0EF1F1F17A
 20:55:39.650 t20286A970A3E49F900F9
 20:55:39.650 t20388E390F220067F9FE
 20:55:39.650 t20480000000000000000
 20:55:39.650 t2058D18822027FFF5000
 20:55:39.749 t20082E144F3E0048CA00
 20:55:39.750 t20184AE04F0EF1F1F17A
 20:55:39.750 t20286A974A3E49F900F9
 20:55:39.750 t20388E624F220207F9FE
 20:55:39.750 t20480000400000000000
 20:55:39.750 t2058D18862027FFF5000
 20:55:39.849 t20082E178F3E0048CA00
 20:55:39.850 t20184AE08F0EF1F1F17A
 20:55:39.850 t20286A978A3E49F900F9
 20:55:39.850 t20388E8D8F220077F9FE
 20:55:39.850 t20480000800000000000
 20:55:39.850 t2058D188A2027FFF5000
 20:55:39.949 t20082E1ACF3E0048CA00
 20:55:39.949 t20184AE0CF0EF1F1F17A
 20:55:39.950 t20286A97CA3E49F900F9
 20:55:39.950 t20388E9FCF220137F9FE
 20:55:39.950 t20480000C00000000000
 20:55:39.950 t2058D188E2027FFF5000
 20:55:40.049 t20082E1C0F3E0048CA00
 20:55:40.049 t20184AE00F0EF1F1F17A
 20:55:40.050 t20286A970A3E49F900F9
 20:55:40.050 t20388ED10F220107F9FE
 20:55:40.050 t20480000000000000000
 20:55:40.050 t2058D18822027FFF5000
 20:55:40.149 t20082E1F4F3E0048CA00
 20:55:40.149 t20184AE04F0EF1F1F17A
 20:55:40.150 t20286A974A3E49F900F9
 20:55:40.150 t20388EED4F2201E7F9FE
 20:55:40.150 t20480000400000000000
 20:55:40.150 t2058D18862027FFF5000
 20:55:40.249 t20082E228F3E0048CA00
 20:55:40.250 t20184AE08F0EF1F1F17A
 20:55:40.250 t20286A978A3E49F900F9
 20:55:40.250 t20388F368F220277F9FE
 20:55:40.250 t20480000800000000000
 20:55:40.251 t2058D188A2027FFF5000
 20:55:40.349 t20082E25CF3E0048CA00
 20:55:40.350 t20184AE0CF0EF1F1F17A
 20:55:40.350 t20286A97CA3E49F900F9
 20:55:40.350 t20388F76CF220127F9FE
 20:55:40.350 t20480000C00000000000
 20:55:40.351 t2058D188E2027FFF5000
 20:55:40.449 t20082E270F3E0048CA00
 20:55:40.449 t20184AE00F0EF1F1F17A
 20:55:40.449 t20286A970A3E49F900F9
 20:55:40.450 t20388F9C0F220147F9FE
 20:55:40.450 t20480000000000000000
 20:55:40.450 t2058D18822027FFF5000
 20:55:40.549 t20082E2A4F3E0048CA00
 20:55:40.549 t20184AE04F0EF1F1F17A
 20:55:40.549 t20286A974A3E49F900F9
 20:55:40.549 t20388FC74F220407F9FE
 20:55:40.550 t20480000400000000000
 20:55:40.550 t2058D18862027FFF5000
 20:55:40.649 t20082E2D8F3E0048CA00
 20:55:40.650 t20184AE08F0EF1F1F17A
 20:55:40.650 t20286A978A3E49F900F9
 20:55:40.650 t203890208F220C37F9FF
 20:55:40.650 t20480000800000000000
 20:55:40.650 t2058D188A2027FFF5000
 20:55:40.749 t20082E30CF3E0048CA00
 20:55:40.750 t20184AE0CF0EF1F1F17A
 20:55:40.750 t20286A97CA3E49F900F9
 20:55:40.750 t20389159CF2201E7FDFF
 20:55:40.750 t20480000C00000000000
 20:55:40.750 t2058D188E2027FFF5000
 20:55:40.849 t20082E330F3E0048CA00
 20:55:40.849 t20184AE00F0EF1F1F17A
 20:55:40.850 t20286A970A3E49F900F9
 20:55:40.850 t20388D930F220327F9FE
 20:55:40.850 t20480000000000000000
 20:55:40.850 t2058D18822027FFF5000
 20:55:40.949 t20082E354F3E0048CA00
 20:55:40.949 t20184AE04F0EF1F1F17A
 20:55:40.949 t20286A974A3E49F900F9
 20:55:40.949 t20388DD24F220167F9FE
 20:55:40.950 t20480000400000000000
 20:55:40.950 t2058D18862027FFF5000
 20:55:41.049 t20082E388F3E0048CA00
 20:55:41.049 t20184AE08F0EF1F1F17A
 20:55:41.049 t20286A978A3E49F900F9
 20:55:41.049 t20388DF18F220057F9FE
 20:55:41.049 t20480000800000000000
 20:55:41.050 t2058D188A2027FFF5000
 20:55:41.150 t20082E3BCF3E0048CA00
 20:55:41.150 t20184AE0CF0EF1F1F17A
 20:55:41.150 t20286A97CA3E49F900F9
 20:55:41.150 t20388DF8CF220207F9FE
 20:55:41.151 t20480000C00000000000
 20:55:41.151 t2058D188E2027FFF5000
 20:55:41.250 t20082E3E0F3E0048CA00
 20:55:41.250 t20184AE00F0EF1F1F17A
 20:55:41.250 t20286A970A3E49F900F9
 20:55:41.250 t20388E390F220067F9FE
 20:55:41.250 t20480000000000000000
 20:55:41.250 t2058D18822027FFF5000
 20:55:41.350 t20082E404F3E0048CA00
 20:55:41.350 t20184AE04F0EF1F1F17A
 20:55:41.351 t20286A974A3E49F900F9
 20:55:41.351 t20388E624F220207F9FE
 20:55:41.351 t20480000400000000000
 20:55:41.351 t2058D18862027FFF5000
 20:55:41.450 t20082E438F3E0048CA00
 20:55:41.450 t20184AE08F0EF1F1F17A
 20:55:41.451 t20286A978A3E49F900F9
 20:55:41.451 t20388E8D8F220077F9FE
 20:55:41.451 t20480000800000000000
 20:55:41.451 t2058D188A2027FFF5000
 20:55:41.550 t20082E46CF3E0048CA00
 20:55:41.550 t20184AE0CF0EF1F1F17A
 20:55:41.550 t20286A97CA3E49F900F9
 20:55:41.551 t20388E9FCF220137F9FE
 20:55:41.551 t20480000C00000000000
 20:55:41.551 t2058D188E2027FFF5000
 20:55:41.650 t20082E490F3E0048CA00
 20:55:41.650 t20184AE00F0EF1F1F17A
 20:55:41.650 t20286A970A3E49F900F9
 20:55:41.650 t20388ED10F220107F9FE
 20:55:41.650 t20480000000000000000
 20:55:41.651 t2058D18822027FFF5000
 20:55:41.750 t20082E4B4F3E0048CA00
 20:55:41.750 t20184AE04F0EF1F1F17A
 20:55:41.750 t20286A974A3E49F900F9
 20:55:41.751 t2038919F4F2000B7F9FE
 20:55:41.751 t20480000400000000000
 20:55:41.751 t2058D18862027FFF5000
 20:55:41.850 t20082E4E8F3E0048CA00
 20:55:41.850 t20184AE08F0EF1F1F17A
 20:55:41.850 t20286A978A3E49F900F9
 20:55:41.850 t20388DD28F220167F9FE
 20:55:41.850 t20480000800000000000
 20:55:41.850 t2058D188A2027FFF5000
 20:55:41.950 t20082E51CF3E0048CA00
 20:55:41.950 t20184AE0CF0EF1F1F17A
 20:55:41.950 t20286A97CA3E49F900F9
 20:55:41.950 t20388DF1CF220057F9FE
 20:55:41.950 t20480000C00000000000
 20:55:41.950 t2058D188E2027FFF5000
 20:55:42.050 t20082E540F3E0048CA00
 20:55:42.050 t20184AE00F0EF1F1F17A
 20:55:42.050 t20286A970A3E49F900F9
 20:55:42.051 t20388DF80F220207F9FE
 20:55:42.051 t20480000000000000000
 20:55:42.051 t2058D18822027FFF5000
 20:55:42.150 t20082E574F3E0048CA00
 20:55:42.150 t20184AE04F0EF1F1F17A
 20:55:42.150 t20286A974A3E49F900F9
 20:55:42.151 t20388E394F220067F9FE
 20:55:42.151 t20480000400000000000
 20:55:42.151 t2058D18862027FFF5000
 20:55:42.250 t20082E598F3E0048CA00
 20:55:42.250 t20184AE08F0EF1F1F17A
 20:55:42.250 t20286A978A3E49F900F9
 20:55:42.250 t20388E628F220207F9FE
 20:55:42.250 t20480000800000000000
 20:55:42.250 t2058D188A2027FFF5000
 20:55:42.350 t20082E5CCF3E0048CA00
 20:55:42.350 t20184AE0CF0EF1F1F17A
 20:55:42.350 t20286A97CA3E49F900F9
 20:55:42.351 t20388E8DCF220077F9FE
 20:55:42.351 t20480000C00000000000
 20:55:42.351 t2058D188E2027FFF5000
 20:55:42.450 t20082E5F0F3E0048CA00
 20:55:42.450 t20184AE00F0EF1F1F17A
 20:55:42.450 t20286A970A3E49F900F9
 20:55:42.450 t20388E9F0F220137F9FE
 20:55:42.450 t20480000000000000000
 20:55:42.450 t2058D18822027FFF5000
 20:55:42.550 t20082E624F3E0048CA00
 20:55:42.550 t20184AE04F0EF1F1F17A
 20:55:42.550 t20286A974A3E49F900F9
 20:55:42.550 t20388ED14F220107F9FE
 20:55:42.550 t20480000400000000000
 20:55:42.550 t2058D18862027FFF5000
 20:55:42.650 t20082E648F3E0048CA00
 20:55:42.650 t20184AE08F0EF1F1F17A
 20:55:42.650 t20286A978A3E49F900F9
 20:55:42.650 t20388EED8F2201E7F9FE
 20:55:42.650 t20480000800000000000
 20:55:42.650 t2058D188A2027FFF5000
 20:55:42.750 t20082E67CF3E0048CA00
 20:55:42.750 t20184AE0CF0EF1F1F17A
 20:55:42.750 t20286A97CA3E49F900F9
 20:55:42.750 t20388F36CF220277F9FE
 20:55:42.751 t20480000C00000000000
 20:55:42.751 t2058D188E2027FFF5000
 20:55:42.850 t20082E6A0F3E0048CA00
 20:55:42.850 t20184AE00F0EF1F1F17A
 20:55:42.850 t20286A970A3E49F900F9
 20:55:42.850 t20388F760F220127F9FE
 20:55:42.851 t20480000000000000000
 20:55:42.851 t2058D18822027FFF5000
 20:55:42.950 t20082E6D4F3E0048CA00
 20:55:42.950 t20184AE04F0EF1F1F17A
 20:55:42.950 t20286A974A3E49F900F9
 20:55:42.950 t203891CA4F203FF7FBFF
 20:55:42.951 t20480000400000000000
 20:55:42.951 t2058D18862027FFF5000
 20:55:43.050 t20082E708F3E0048CA00
 20:55:43.050 t20184AE08F0EF1F1F17A
 20:55:43.050 t20286A978A3E49F900F9
 20:55:43.050 t20388DF18F220057F9FE
 20:55:43.051 t20480000800000000000
 20:55:43.051 t2058D188A2027FFF5000
 20:55:43.149 t20082E72CF3E0048CA00
 20:55:43.150 t20184AE0CF0EF1F1F17A
 20:55:43.150 t20286A97CA3E49F900F9
 20:55:43.150 t20388DF8CF220207F9FE
 20:55:43.150 t20480000C00000000000
 20:55:43.150 t2058D188E2027FFF5000
 20:55:43.249 t20082E750F3E0048CA00
 20:55:43.250 t20184AE00F0EF1F1F17A
 20:55:43.250 t20286A970A3E49F900F9
 20:55:43.250 t20388E390F220067F9FE
 20:55:43.250 t20480000000000000000
 20:55:43.250 t2058D18822027FFF5000
 20:55:43.350 t20082E784F3E0048CA00
 20:55:43.350 t20184AE04F0EF1F1F17A
 20:55:43.350 t20286A974A3E49F900F9
 20:55:43.350 t20388E624F220207F9FE
 20:55:43.351 t20480000400000000000
 20:55:43.351 t2058D18862027FFF5000
 20:55:43.450 t20082E7B8F3E0048CA00
 20:55:43.450 t20184AE08F0EF1F1F17A
 20:55:43.450 t20286A978A3E49F900F9
 20:55:43.450 t20388E8D8F220077F9FE
 20:55:43.450 t20480000800000000000
 20:55:43.451 t2058D188A2027FFF5000
 20:55:43.550 t20082E7DCF3E0048CA00
 20:55:43.550 t20184AE0CF0EF1F1F17A
 20:55:43.550 t20286A97CA3E49F900F9
 20:55:43.550 t203891CACF200127F9FE
 20:55:43.550 t20480000C00000000000
 20:55:43.551 t2058D188E2027FFF5000
 20:55:43.649 t20082E800F3E0048CA00
 20:55:43.650 t20184AE00F0EF1F1F17A
 20:55:43.650 t20286A970A3E49F900F9
 20:55:43.650 t20388DF80F220207F9FE
 20:55:43.650 t20480000000000000000
 20:55:43.650 t2058D18822027FFF5000
 20:55:43.750 t20082E834F3E0048CA00
 20:55:43.750 t20184AE04F0EF1F1F17A
 20:55:43.750 t20286A974A3E49F900F9
 20:55:43.750 t20388E394F220067F9FE
 20:55:43.750 t20480000400000000000
 20:55:43.751 t2058D18862027FFF5000
 20:55:43.849 t20082E868F3E0048CA00
 20:55:43.849 t20184AE08F0EF1F1F17A
 20:55:43.849 t20286A978A3E49F900F9
 20:55:43.850 t20388E628F220207F9FE
 20:55:43.850 t20480000800000000000
 20:55:43.850 t2058D188A2027FFF5000
 20:55:43.949 t20082E89CF3E0048CA00
 20:55:43.949 t20184AE0CF0EF1F1F17A
 20:55:43.949 t20286A97CA3E49F900F9
 20:55:43.950 t20388E8DCF220077F9FE
 20:55:43.950 t20480000C00000000000
 20:55:43.950 t2058D188E2027FFF5000
 20:55:44.049 t20082E8B0F3E0048CA00
 20:55:44.050 t20184AE00F0EF1F1F17A
 20:55:44.050 t20286A970A3E49F900F9
 20:55:44.050 t20388E9F0F220137F9FE
 20:55:44.050 t20480000000000000000
 20:55:44.051 t2058D18822027FFF5000
 20:55:44.149 t20082E8E4F3E0048CA00
 20:55:44.150 t20184AE04F0EF1F1F17A
 20:55:44.150 t20286A974A3E49F900F9
 20:55:44.150 t20388ED14F220107F9FE
 20:55:44.150 t20480000400000000000
 20:55:44.151 t2058D18862027FFF5000
 20:55:44.250 t20082E918F3E0048CA00
 20:55:44.250 t20184AE08F0EF1F1F17A
 20:55:44.250 t20286A978A3E49F900F9
 20:55:44.250 t20388EED8F2201E7F9FE
 20:55:44.250 t20480000800000000000
 20:55:44.251 t2058D188A2027FFF5000
 20:55:44.349 t20082E94CF3E0048CA00
 20:55:44.350 t20184AE0CF0EF1F1F17A
 20:55:44.350 t20286A97CA3E49F900F9
 20:55:44.350 t20388F36CF220277F9FE
 20:55:44.350 t20480000C00000000000
 20:55:44.350 t2058D188E2027FFF5000
 20:55:44.449 t20082E960F3E0048CA00
 20:55:44.449 t20184AE00F0EF1F1F17A
 20:55:44.450 t20286A970A3E49F900F9
 20:55:44.450 t20388F760F220127F9FE
 20:55:44.450 t20480000000000000000
 20:55:44.450 t2058D18822027FFF5000
 20:55:44.549 t20082E994F3E0048CA00
 20:55:44.549 t20184AE04F0EF1F1F17A
 20:55:44.549 t20286A974A3E49F900F9
 20:55:44.549 t20388F9C4F220147F9FE
 20:55:44.550 t20480000400000000000
 20:55:44.550 t2058D18862027FFF5000
 20:55:44.649 t20082E9C8F3E0048CA00
 20:55:44.649 t20184AE08F0EF1F1F17A
 20:55:44.650 t20286A978A3E49F900F9
 20:55:44.650 t20388FC78F220407F9FE
 20:55:44.650 t20480000800000000000
 20:55:44.650 t2058D188A2027FFF5000
 20:55:44.749 t20082E9FCF3E0048CA00
 20:55:44.749 t20184AE0CF0EF1F1F17A
 20:55:44.749 t20286A97CA3E49F900F9
 20:55:44.749 t20389206CF2000B7FDFF
 20:55:44.749 t20480000C00000000000
 20:55:44.750 t2058D188E2027FFF5000
 20:55:44.849 t20082EA20F3E0048CA00
 20:55:44.849 t20184AE00F0EF1F1F17A
 20:55:44.850 t20286A970A3E49F900F9
 20:55:44.850 t20388E390F220067F9FE
 20:55:44.850 t20480000000000000000
 20:55:44.850 t2058D18822027FFF5000
 20:55:44.949 t20082EA44F3E0048CA00
 20:55:44.949 t20184AE04F0EF1F1F17A
 20:55:44.950 t20286A974A3E49F900F9
 20:55:44.950 t20388E624F220207F9FE
 20:55:44.950 t20480000400000000000
 20:55:44.950 t2058D18862027FFF5000
 20:55:45.049 t20082EA78F3E0048CA00
 20:55:45.049 t20184AE08F0EF1F1F17A
 20:55:45.050 t20286A978A3E49F900F9
 20:55:45.050 t20388E8D8F220077F9FE
 20:55:45.050 t20480000800000000000
 20:55:45.050 t2058D188A2027FFF5000
 20:55:45.150 t20082EAACF3E0048CA00
 20:55:45.150 t20184AE0CF0EF1F1F17A
 20:55:45.150 t20286A97CA3E49F900F9
 20:55:45.150 t20388E9FCF220137F9FE
 20:55:45.150 t20480000C00000000000
 20:55:45.151 t2058D188E2027FFF5000
 20:55:45.249 t20082EAD0F3E0048CA00
 20:55:45.249 t20184AE00F0EF1F1F17A
 20:55:45.249 t20286A970A3E49F900F9
 20:55:45.249 t20388ED10F220107F9FE
 20:55:45.249 t20480000000000000000
 20:55:45.249 t2058D18822027FFF5000
 20:55:45.350 t20082EAF4F3E0048CA00
 20:55:45.350 t20184AE04F0EF1F1F17A
 20:55:45.350 t20286A974A3E49F900F9
 20:55:45.350 t20388EED4F2201E7F9FE
 20:55:45.350 t20480000400000000000
 20:55:45.351 t2058D18862027FFF5000
 20:55:45.450 t20082EB28F3E0048CA00
 20:55:45.450 t20184AE08F0EF1F1F17A
 20:55:45.450 t20286A978A3E49F900F9
 20:55:45.451 t20388F368F220277F9FE
 20:55:45.451 t20480000800000000000
 20:55:45.451 t2058D188A2027FFF5000
 20:55:45.550 t20082EB5CF3E0048CA00
 20:55:45.550 t20184AE0CF0EF1F1F17A
 20:55:45.550 t20286A97CA3E49F900F9
 20:55:45.551 t20388F76CF220127F9FE
 20:55:45.551 t20480000C00000000000
 20:55:45.551 t2058D188E2027FFF5000
 20:55:45.650 t20082EB80F3E0048CA00
 20:55:45.650 t20184AE00F0EF1F1F17A
 20:55:45.651 t20286A970A3E49F900F9
 20:55:45.651 t20388F9C0F220147F9FE
 20:55:45.651 t20480000000000000000
 20:55:45.651 t2058D18822027FFF5000
 20:55:45.750 t20082EBB4F3E0048CA00
 20:55:45.750 t20184AE04F0EF1F1F17A
 20:55:45.750 t20286A974A3E49F900F9
 20:55:45.751 t20388FC74F220407F9FE
 20:55:45.751 t20480000400000000000
 20:55:45.751 t2058D18862027FFF5000
 20:55:45.850 t20082EBD8F3E0048CA00
 20:55:45.850 t20184AE08F0EF1F1F17A
 20:55:45.850 t20286A978A3E49F900F9
 20:55:45.850 t203890208F220C37F9FF
 20:55:45.850 t20480000800000000000
 20:55:45.850 t2058D188A2027FFF5000
 20:55:45.950 t20082EC0CF3E0048CA00
 20:55:45.950 t20184AE0CF0EF1F1F17A
 20:55:45.950 t20286A97CA3E49F900F9
 20:55:45.950 t20389159CF2201E7FDFF
 20:55:45.950 t20480000C00000000000
 20:55:45.950 t2058D188E2027FFF5000
 20:55:46.050 t20082EC30F3E0048CA00
 20:55:46.050 t20184AE00F0EF1F1F17A
 20:55:46.051 t20286A970A3E49F900F9
 20:55:46.051 t2038919F0F2200B7F9FE
 20:55:46.051 t20480000000000000000
 20:55:46.051 t2058D18822027FFF5000
 20:55:46.150 t20082EC64F3E0048CA00
 20:55:46.150 t20184AE04F0EF1F1F17A
 20:55:46.150 t20286A974A3E49F900F9
 20:55:46.151 t203892254F203FF7FFFF
 20:55:46.151 t20480000400000000000
 20:55:46.151 t2058D18862027FFF5000
 20:55:46.250 t20082EC88F3E0048CA00
 20:55:46.250 t20184AE08F0EF1F1F17A
 20:55:46.250 t20286A978A3E49F900F9
 20:55:46.251 t20388E628F220207F9FE
 20:55:46.251 t20480000800000000000
 20:55:46.251 t2058D188A2027FFF5000
 20:55:46.350 t20082ECBCF3E0048CA00
 20:55:46.350 t20184AE0CF0EF1F1F17A
 20:55:46.350 t20286A97CA3E49F900F9
 20:55:46.350 t20388E8DCF220077F9FE
 20:55:46.350 t20480000C00000000000
 20:55:46.350 t2058D188E2027FFF5000
 20:55:46.450 t20082ECE0F3E0048CA00
 20:55:46.450 t20184AE00F0EF1F1F17A
 20:55:46.450 t20286A970A3E49F900F9
 20:55:46.450 t20388E9F0F220137F9FE
 20:55:46.450 t20480000000000000000
 20:55:46.451 t2058D18822027FFF5000
 20:55:46.550 t20082ED14F3E0048CA00
 20:55:46.550 t20184AE04F0EF1F1F17A
 20:55:46.550 t20286A974A3E49F900F9
 20:55:46.550 t20388ED14F220107F9FE
 20:55:46.550 t20480000400000000000
 20:55:46.550 t2058D18862027FFF5000
 20:55:46.650 t20082ED48F3E0048CA00
 20:55:46.650 t20184AE08F0EF1F1F17A
 20:55:46.650 t20286A978A3E49F900F9
 20:55:46.650 t20388EED8F2201E7F9FE
 20:55:46.651 t20480000800000000000
 20:55:46.651 t2058D188A2027FFF5000
 20:55:46.750 t20082ED6CF3E0048CA00
 20:55:46.750 t20184AE0CF0EF1F1F17A
 20:55:46.750 t20286A97CA3E49F900F9
 20:55:46.750 t20388F36CF220277F9FE
 20:55:46.751 t20480000C00000000000
 20:55:46.751 t2058D188E2027FFF5000
 20:55:46.850 t20082ED90F3E0048CA00
 20:55:46.850 t20184AE00F0EF1F1F17A
 20:55:46.850 t20286A970A3E49F900F9
 20:55:46.850 t20388F760F220127F9FE
 20:55:46.851 t20480000000000000000
 20:55:46.851 t2058D18822027FFF5000
 20:55:46.950 t20082EDC4F3E0048CA00
 20:55:46.950 t20184AE04F0EF1F1F17A
 20:55:46.950 t20286A974A3E49F900F9
 20:55:46.950 t20388F9C4F220147F9FE
 20:55:46.951 t20480000400000000000
 20:55:46.951 t2058D18862027FFF5000
 20:55:47.050 t20082EDF8F3E0048CA00
 20:55:47.050 t20184AE08F0EF1F1F17A
 20:55:47.050 t20286A978A3E49F900F9
 20:55:47.050 t20388FC78F220407F9FE
 20:55:47.051 t20480000800000000000
 20:55:47.051 t2058D188A2027FFF5000
 20:55:47.149 t20082EE1CF3E0048CA00
 20:55:47.150 t20184AE0CF0EF1F1F17A
 20:55:47.150 t20286A97CA3E49F900F9
 20:55:47.150 t20389020CF220C37F9FF
 20:55:47.150 t20480000C00000000000
 20:55:47.150 t2058D188E2027FFF5000
 20:55:47.249 t20082EE40F3E0048CA00
 20:55:47.250 t20184AE00F0EF1F1F17A
 20:55:47.250 t20286A970A3E49F900F9
 20:55:47.250 t203891590F2201E7FDFF
 20:55:47.250 t20480000000000000000
 20:55:47.250 t2058D18822027FFF5000
 20:55:47.350 t20082EE74F3E0048CA00
 20:55:47.350 t20184AE04F0EF1F1F17A
 20:55:47.350 t20286A974A3E49F900F9
 20:55:47.350 t2038919F4F2200B7F9FE
 20:55:47.350 t20480000400000000000
 20:55:47.351 t2058D18862027FFF5000
 20:55:47.450 t20082EEA8F3E0048CA00
 20:55:47.450 t20184AE08F0EF1F1F17A
 20:55:47.450 t20286A978A3E49F900F9
 20:55:47.450 t203891CA8F220127F9FE
 20:55:47.450 t20480000800000000000
 20:55:47.450 t2058D188A2027FFF5000
 20:55:47.550 t20082EEDCF3E0048CA00
 20:55:47.550 t20184AE0CF0EF1F1F17A
 20:55:47.550 t20286A97CA3E49F900F9
 20:55:47.550 t20389206CF2200B7FDFF
 20:55:47.550 t20480000C00000000000
 20:55:47.551 t2058D188E2027FFF5000
 20:55:47.650 t20082EEF0F3E0048CA00
 20:55:47.650 t20184AE00F0EF1F1F17A
 20:55:47.650 t20286A970A3E49F900F9
 20:55:47.650 t203892250F223FF7FFFF
 20:55:47.650 t20480000000000000000
 20:55:47.651 t2058D18822027FFF5000
 20:55:47.749 t20082EF24F3E0048CA00
 20:55:47.750 t20184AE04F0EF1F1F17A
 20:55:47.750 t20286A974A3E49F900F9
 20:55:47.750 t20388E624F220207F9FE
 20:55:47.750 t20480000400000000000
 20:55:47.750 t2058D18862027FFF5000
 20:55:47.849 t20082EF58F3E0048CA00
 20:55:47.849 t20184AE08F0EF1F1F17A
 20:55:47.850 t20286A978A3E49F900F9
 20:55:47.850 t20388E8D8F220077F9FE
 20:55:47.850 t20480000800000000000
 20:55:47.850 t2058D188A2027FFF5000
 20:55:47.949 t20082EF8CF3E0048CA00
 20:55:47.949 t20184AE0CF0EF1F1F17A
 20:55:47.950 t20286A97CA3E49F900F9
 20:55:47.950 t20388E9FCF220137F9FE
 20:55:47.950 t20480000C00000000000
 20:55:47.950 t2058D188E2027FFF5000
 20:55:48.049 t20082EFA0F3E0048CA00
 20:55:48.050 t20184AE00F0EF1F1F17A
 20:55:48.050 t20286A970A3E49F900F9
 20:55:48.050 t20388ED10F220107F9FE
 20:55:48.050 t20480000000000000000
 20:55:48.050 t2058D18822027FFF5000
 20:55:48.149 t20082EFD4F3E0048CA00
 20:55:48.150 t20184AE04F0EF1F1F17A
 20:55:48.150 t20286A974A3E49F900F9
 20:55:48.150 t20388EED4F2201E7F9FE
 20:55:48.150 t20480000400000000000
 20:55:48.151 t2058D18862027FFF5000
 20:55:48.249 t20082F008F3E0048CA00
 20:55:48.250 t20184AE08F0EF1F1F17A
 20:55:48.250 t20286A978A3E49F900F9
 20:55:48.250 t20388F368F220277F9FE
 20:55:48.250 t20480000800000000000
 20:55:48.250 t2058D188A2027FFF5000
 20:55:48.349 t20082F03CF3E0048CA00
 20:55:48.350 t20184AE0CF0EF1F1F17A
 20:55:48.350 t20286A97CA3E49F900F9
 20:55:48.350 t20388F76CF220127F9FE
 20:55:48.350 t20480000C00000000000
 20:55:48.350 t2058D188E2027FFF5000
 20:55:48.449 t20082F060F3E0048CA00
 20:55:48.449 t20184AE00F0EF1F1F17A
 20:55:48.449 t20286A970A3E49F900F9
 20:55:48.449 t20388F9C0F220147F9FE
 20:55:48.449 t20480000000000000000
 20:55:48.450 t2058D18822027FFF5000
 20:55:48.549 t20082F084F3E0048CA00
 20:55:48.549 t20184AE04F0EF1F1F17A
 20:55:48.549 t20286A974A3E49F900F9
 20:55:48.549 t203892254F200327FDFF
 20:55:48.549 t20480000400000000000
 20:55:48.550 t2058D18862027FFF5000
 20:55:48.649 t20082F0B8F3E0048CA00
 20:55:48.649 t20184AE08F0EF1F1F17A
 20:55:48.650 t20286A978A3E49F900F9
 20:55:48.650 t20388E8D8F220077F9FE
 20:55:48.650 t20480000800000000000
 20:55:48.650 t2058D188A2027FFF5000
 20:55:48.749 t20082F0ECF3E0048CA00
 20:55:48.749 t20184AE0CF0EF1F1F17A
 20:55:48.750 t20286A97CA3E49F900F9
 20:55:48.750 t20388E9FCF220137F9FE
 20:55:48.750 t20480000C00000000000
 20:55:48.750 t2058D188E2027FFF5000
 20:55:48.849 t20082F110F3E0048CA00
 20:55:48.849 t20184AE00F0EF1F1F17A
 20:55:48.849 t20286A970A3E49F900F9
 20:55:48.850 t20388ED10F220107F9FE
 20:55:48.850 t20480000000000000000
 20:55:48.850 t2058D18822027FFF5000
 20:55:48.949 t20082F134F3E0048CA00
 20:55:48.949 t20184AE04F0EF1F1F17A
 20:55:48.949 t20286A974A3E49F900F9
 20:55:48.950 t20388EED4F2201E7F9FE
 20:55:48.950 t20480000400000000000
 20:55:48.950 t2058D18862027FFF5000
 20:55:49.049 t20082F168F3E0048CA00
 20:55:49.049 t20184AE08F0EF1F1F17A
 20:55:49.049 t20286A978A3E49F900F9
 20:55:49.049 t20388F368F220277F9FE
 20:55:49.049 t20480000800000000000
 20:55:49.049 t2058D188A2027FFF5000
 20:55:49.150 t20082F19CF3E0048CA00
 20:55:49.150 t20184AE0CF0EF1F1F17A
 20:55:49.150 t20286A97CA3E49F900F9
 20:55:49.150 t20388F76CF220127F9FE
 20:55:49.150 t20480000C00000000000
 20:55:49.150 t2058D188E2027FFF5000
 20:55:49.250 t20082F1C0F3E0048CA00
 20:55:49.250 t20184AE00F0EF1F1F17A
 20:55:49.250 t20286A970A3E49F900F9
 20:55:49.250 t20388F9C0F220147F9FE
 20:55:49.250 t20480000000000000000
 20:55:49.250 t2058D18822027FFF5000
 20:55:49.350 t20082F1F4F3E0048CA00
 20:55:49.350 t20184AE04F0EF1F1F17A
 20:55:49.350 t20286A974A3E49F900F9
 20:55:49.351 t20388FC74F220407F9FE
 20:55:49.351 t20480000400000000000
 20:55:49.351 t2058D18862027FFF5000
 20:55:49.450 t20082F218F3E0048CA00
 20:55:49.450 t20184AE08F0EF1F1F17A
 20:55:49.451 t20286A978A3E49F900F9
 20:55:49.451 t203890208F220C37F9FF
 20:55:49.451 t20480000800000000000
 20:55:49.452 t2058D188A2027FFF5000
 20:55:49.550 t20082F24CF3E0048CA00
 20:55:49.550 t20184AE0CF0EF1F1F17A
 20:55:49.550 t20286A97CA3E49F900F9
 20:55:49.551 t20389159CF2201E7FDFF
 20:55:49.551 t20480000C00000000000
 20:55:49.551 t2058D188E2027FFF5000
 20:55:49.650 t20082F270F3E0048CA00
 20:55:49.650 t20184AE00F0EF1F1F17A
 20:55:49.650 t20286A970A3E49F900F9
 20:55:49.650 t2038919F0F2200B7F9FE
 20:55:49.650 t20480000000000000000
 20:55:49.650 t2058D18822027FFF5000
 20:55:49.750 t20082F2A4F3E0048CA00
 20:55:49.750 t20184AE04F0EF1F1F17A
 20:55:49.750 t20286A974A3E49F900F9
 20:55:49.750 t203891CA4F220127F9FE
 20:55:49.750 t20480000400000000000
 20:55:49.750 t2058D18862027FFF5000
 20:55:49.850 t20082F2C8F3E0048CA00
 20:55:49.850 t20184AE08F0EF1F1F17A
 20:55:49.850 t20286A978A3E49F900F9
 20:55:49.850 t203892068F2200B7FDFF
 20:55:49.850 t20480000800000000000
 20:55:49.850 t2058D188A2027FFF5000
 20:55:49.950 t20082F2FCF3E0048CA00
 20:55:49.950 t20184AE0CF0EF1F1F17A
 20:55:49.950 t20286A97CA3E49F900F9
 20:55:49.950 t20389225CF220327FDFF
 20:55:49.950 t20480000C00000000000
 20:55:49.950 t2058D188E2027FFF5000
 20:55:50.050 t20082F320F3E0048CA00
 20:55:50.050 t20184AE00F0EF1F1F17A
 20:55:50.050 t20286A970A3E49F900F9
 20:55:50.050 t20388E9F0F220137F9FE
 20:55:50.050 t20480000000000000000
 20:55:50.050 t2058D18822027FFF5000
 20:55:50.150 t20082F354F3E0048CA00
 20:55:50.150 t20184AE04F0EF1F1F17A
 20:55:50.150 t20286A974A3E49F900F9
 20:55:50.150 t20388ED14F220107F9FE
 20:55:50.150 t20480000400000000000
 20:55:50.150 t2058D18862027FFF5000
 20:55:50.250 t20082F388F3E0048CA00
 20:55:50.250 t20184AE08F0EF1F1F17A
 20:55:50.250 t20286A978A3E49F900F9
 20:55:50.250 t20388EED8F2201E7F9FE
 20:55:50.251 t20480000800000000000
 20:55:50.251 t2058D188A2027FFF5000
 20:55:50.350 t20082F3ACF3E0048CA00
 20:55:50.350 t20184AE0CF0EF1F1F17A
 20:55:50.350 t20286A97CA3E49F900F9
 20:55:50.350 t203892B1CF203FF803FF
 20:55:50.351 t20480000C00000000000
 20:55:50.351 t2058D188E2027FFF5000
 20:55:50.450 t20082F3D0F3E0048CA00
 20:55:50.450 t20184AE00F0EF1F1F17A
 20:55:50.450 t20286A970A3E49F900F9
 20:55:50.450 t20388ED10F220107F9FE
 20:55:50.451 t20480000000000000000
 20:55:50.451 t2058D18822027FFF5000
 20:55:50.549 t20082F404F3E0048CA00
 20:55:50.550 t20184AE04F0EF1F1F17A
 20:55:50.550 t20286A974A3E49F900F9
 20:55:50.550 t20388EED4F2201E7F9FE
 20:55:50.550 t20480000400000000000
 20:55:50.550 t2058D18862027FFF5000
 20:55:50.649 t20082F438F3E0048CA00
 20:55:50.650 t20184AE08F0EF1F1F17A
 20:55:50.650 t20286A978A3E49F900F9
 20:55:50.650 t20388F368F220277F9FE
 20:55:50.650 t20480000800000000000
 20:55:50.650 t2058D188A2027FFF5000
 20:55:50.750 t20082F45CF3E0048CA00
 20:55:50.750 t20184AE0CF0EF1F1F17A
 20:55:50.750 t20286A97CA3E49F900F9
 20:55:50.750 t20388F76CF220127F9FE
 20:55:50.751 t20480000C00000000000
 20:55:50.751 t2058D188E2027FFF5000
 20:55:50.850 t20082F480F3E0048CA00
 20:55:50.850 t20184AE00F0EF1F1F17A
 20:55:50.850 t20286A970A3E49F900F9
 20:55:50.850 t20388F9C0F220147F9FE
 20:55:50.850 t20480000000000000000
 20:55:50.851 t2058D18822027FFF5000
 20:55:50.950 t20082F4B4F3E0048CA00
 20:55:50.950 t20184AE04F0EF1F1F17A
 20:55:50.950 t20286A974A3E49F900F9
 20:55:50.950 t20388FC74F220407F9FE
 20:55:50.950 t20480000400000000000
 20:55:50.951 t2058D18862027FFF5000
 20:55:51.050 t20082F4E8F3E0048CA00
 20:55:51.050 t20184AE08F0EF1F1F17A
 20:55:51.050 t20286A978A3E49F900F9
 20:55:51.050 t203890208F220C37F9FF
 20:55:51.050 t20480000800000000000
 20:55:51.051 t2058D188A2027FFF5000
 20:55:51.149 t20082F51CF3E0048CA00
 20:55:51.149 t20184AE0CF0EF1F1F17A
 20:55:51.150 t20286A97CA3E49F900F9
 20:55:51.150 t20389159CF2201E7FDFF
 20:55:51.150 t20480000C00000000000
 20:55:51.150 t2058D188E2027FFF5000
 20:55:51.249 t20082F530F3E0048CA00
 20:55:51.249 t20184AE00F0EF1F1F17A
 20:55:51.250 t20286A970A3E49F900F9
 20:55:51.250 t2038919F0F2200B7F9FE
 20:55:51.250 t20480000000000000000
 20:55:51.250 t2058D18822027FFF5000
 20:55:51.349 t20082F564F3E0048CA00
 20:55:51.350 t20184AE04F0EF1F1F17A
 20:55:51.350 t20286A974A3E49F900F9
 20:55:51.350 t203891CA4F220127F9FE
 20:55:51.350 t20480000400000000000
 20:55:51.350 t2058D18862027FFF5000
 20:55:51.449 t20082F598F3E0048CA00
 20:55:51.450 t20184AE08F0EF1F1F17A
 20:55:51.450 t20286A978A3E49F900F9
 20:55:51.450 t203892068F2200B7FDFF
 20:55:51.450 t20480000800000000000
 20:55:51.451 t2058D188A2027FFF5000
 20:55:51.549 t20082F5CCF3E0048CA00
 20:55:51.550 t20184AE0CF0EF1F1F17A
 20:55:51.550 t20286A97CA3E49F900F9
 20:55:51.550 t20389225CF220327FDFF
 20:55:51.550 t20480000C00000000000
 20:55:51.550 t2058D188E2027FFF5000
 20:55:51.649 t20082F5E0F3E0048CA00
 20:55:51.650 t20184AE00F0EF1F1F17A
 20:55:51.650 t20286A970A3E49F900F9
 20:55:51.650 t203892B10F223FF803FF
 20:55:51.650 t20480000000000000000
 20:55:51.650 t2058D18822027FFF5000
 20:55:51.749 t20082F614F3E0048CA00
 20:55:51.750 t20184AE04F0EF1F1F17A
 20:55:51.750 t20286A974A3E49F900F9
 20:55:51.750 t20388ED14F220107F9FE
 20:55:51.750 t20480000400000000000
 20:55:51.751 t2058D18862027FFF5000
 20:55:51.849 t20082F648F3E0048CA00
 20:55:51.849 t20184AE08F0EF1F1F17A
 20:55:51.849 t20286A978A3E49F900F9
 20:55:51.849 t20388EED8F2201E7F9FE
 20:55:51.850 t20480000800000000000
 20:55:51.850 t2058D188A2027FFF5000
 20:55:51.949 t20082F66CF3E0048CA00
 20:55:51.949 t20184AE0CF0EF1F1F17A
 20:55:51.949 t20286A97CA3E49F900F9
 20:55:51.949 t203892B1CF2001C80200
 20:55:51.950 t20480000C00000000000
 20:55:51.950 t2058D188E2027FFF5000
 20:55:52.049 t20082F690F3E0048CA00
 20:55:52.049 t20184AE00F0EF1F1F17A
 20:55:52.050 t20286A970A3E49F900F9
 20:55:52.050 t20388EED0F2201E7F9FE
 20:55:52.050 t20480000000000000000
 20:55:52.050 t2058D18822027FFF5000
 20:55:52.149 t20082F6C4F3E0048CA00
 20:55:52.149 t20184AE04F0EF1F1F17A
 20:55:52.150 t20286A974A3E49F900F9
 20:55:52.150 t20388F364F220277F9FE
 20:55:52.150 t20480000400000000000
 20:55:52.150 t2058D18862027FFF5000
 20:55:52.249 t20082F6F8F3E0048CA00
 20:55:52.249 t20184AE08F0EF1F1F17A
 20:55:52.250 t20286A978A3E49F900F9
 20:55:52.250 t20388F768F220127F9FE
 20:55:52.250 t20480000800000000000
 20:55:52.250 t2058D188A2027FFF5000
 20:55:52.349 t20082F72CF3E0048CA00
 20:55:52.349 t20184AE0CF0EF1F1F17A
 20:55:52.350 t20286A97CA3E49F900F9
 20:55:52.350 t20388F9CCF220147F9FE
 20:55:52.350 t20480000C00000000000
 20:55:52.350 t2058D188E2027FFF5000
 20:55:52.449 t20082F740F3E0048CA00
 20:55:52.449 t20184AE00F0EF1F1F17A
 20:55:52.450 t20286A970A3E49F900F9
 20:55:52.450 t20388FC70F220407F9FE
 20:55:52.450 t20480000000000000000
 20:55:52.450 t2058D18822027FFF5000
 20:55:52.549 t20082F774F3E0048CA00
 20:55:52.549 t20184AE04F0EF1F1F17A
 20:55:52.549 t20286A974A3E49F900F9
 20:55:52.549 t203890204F220C37F9FF
 20:55:52.549 t20480000400000000000
 20:55:52.549 t2058D18862027FFF5000
 20:55:52.649 t20082F7A8F3E0048CA00
 20:55:52.649 t20184AE08F0EF1F1F17A
 20:55:52.649 t20286A978A3E49F900F9
 20:55:52.649 t203891598F2201E7FDFF
 20:55:52.649 t20480000800000000000
 20:55:52.649 t2058D188A2027FFF5000
 20:55:52.749 t20082F7DCF3E0048CA00
 20:55:52.749 t20184AE0CF0EF1F1F17A
 20:55:52.749 t20286A97CA3E49F900F9
 20:55:52.750 t2038919FCF2200B7F9FE
 20:55:52.750 t20480000C00000000000
 20:55:52.750 t2058D188E2027FFF5000
 20:55:52.849 t20082F7F0F3E0048CA00
 20:55:52.849 t20184AE00F0EF1F1F17A
 20:55:52.849 t20286A970A3E49F900F9
 20:55:52.850 t203891CA0F220127F9FE
 20:55:52.850 t20480000000000000000
 20:55:52.850 t2058D18822027FFF5000
 20:55:52.950 t20082F824F3E0048CA00
 20:55:52.950 t20184AE04F0EF1F1F17A
 20:55:52.951 t20286A974A3E49F900F9
 20:55:52.951 t203892064F2200B7FDFF
 20:55:52.951 t20480000400000000000
 20:55:52.952 t2058D18862027FFF5000
 20:55:53.050 t20082F858F3E0048CA00
 20:55:53.050 t20184AE08F0EF1F1F17A
 20:55:53.051 t20286A978A3E49F900F9
 20:55:53.052 t203892258F220327FDFF
 20:55:53.052 t20480000800000000000
 20:55:53.052 t2058D188A2027FFF5000
 20:55:53.150 t20082F88CF3E0048CA00
 20:55:53.150 t20184AE0CF0EF1F1F17A
 20:55:53.151 t20286A97CA3E49F900F9
 20:55:53.151 t203892B1CF2201C80200
 20:55:53.151 t20480000C00000000000
 20:55:53.152 t2058D188E2027FFF5000
 20:55:53.250 t20082F8B0F3E0048CA00
 20:55:53.250 t20184AE00F0EF1F1F17A
 20:55:53.250 t20286A970A3E49F900F9
 20:55:53.250 t20388EED0F2201E7F9FE
 20:55:53.250 t20480000000000000000
 20:55:53.251 t2058D18822027FFF5000
 20:55:53.350 t20082F8D4F3E0048CA00
 20:55:53.350 t20184AE04F0EF1F1F17A
 20:55:53.351 t20286A974A3E49F900F9
 20:55:53.351 t20388F364F220277F9FE
 20:55:53.351 t20480000400000000000
 20:55:53.352 t2058D18862027FFF5000
 20:55:53.450 t20082F908F3E0048CA00
 20:55:53.450 t20184AE08F0EF1F1F17A
 20:55:53.451 t20286A978A3E49F900F9
 20:55:53.451 t20388F768F220127F9FE
 20:55:53.452 t20480000800000000000
 20:55:53.452 t2058D188A2027FFF5000
 20:55:53.550 t20082F93CF3E0048CA00
 20:55:53.550 t20184AE0CF0EF1F1F17A
 20:55:53.551 t20286A97CA3E49F900F9
 20:55:53.551 t203892E3CF2000F80601
 20:55:53.552 t20480000C00000000000
 20:55:53.552 t2058D188E2027FFF5000
 20:55:53.650 t20082F960F3E0048CA00
 20:55:53.650 t20184AE00F0EF1F1F17A
 20:55:53.651 t20286A970A3E49F900F9
 20:55:53.651 t20388F360F220277F9FE
 20:55:53.652 t20480000000000000000
 20:55:53.652 t2058D18822027FFF5000
 20:55:53.751 t20082F984F3E0048CA00
 20:55:53.751 t20184AE04F0EF1F1F17A
 20:55:53.752 t20286A974A3E49F900F9
 20:55:53.752 t20388F764F220127F9FE
 20:55:53.752 t20480000400000000000
 20:55:53.752 t2058D18862027FFF5000
 20:55:53.850 t20082F9B8F3E0048CA00
 20:55:53.850 t20184AE08F0EF1F1F17A
 20:55:53.850 t20286A978A3E49F900F9
 20:55:53.850 t20388F9C8F220147F9FE
 20:55:53.851 t20480000800000000000
 20:55:53.851 t2058D188A2027FFF5000
 20:55:53.950 t20082F9ECF3E0048CA00
 20:55:53.950 t20184AE0CF0EF1F1F17A
 20:55:53.950 t20286A97CA3E49F900F9
 20:55:53.950 t20388FC7CF220407F9FE
 20:55:53.951 t20480000C00000000000
 20:55:53.951 t2058D188E2027FFF5000
 20:55:54.050 t20082FA10F3E0048CA00
 20:55:54.050 t20184AE00F0EF1F1F17A
 20:55:54.050 t20286A970A3E49F900F9
 20:55:54.050 t203890200F220C37F9FF
 20:55:54.050 t20480000000000000000
 20:55:54.050 t2058D18822027FFF5000
 20:55:54.150 t20082FA44F3E0048CA00
 20:55:54.150 t20184AE04F0EF1F1F17A
 20:55:54.151 t20286A974A3E49F900F9
 20:55:54.151 t203891594F2201E7FDFF
 20:55:54.151 t20480000400000000000
 20:55:54.151 t2058D18862027FFF5000
 20:55:54.250 t20082FA68F3E0048CA00
 20:55:54.250 t20184AE08F0EF1F1F17A
 20:55:54.251 t20286A978A3E49F900F9
 20:55:54.251 t2038919F8F2200B7F9FE
 20:55:54.251 t20480000800000000000
 20:55:54.252 t2058D188A2027FFF5000
 20:55:54.350 t20082FA9CF3E0048CA00
 20:55:54.350 t20184AE0CF0EF1F1F17A
 20:55:54.351 t20286A97CA3E49F900F9
 20:55:54.351 t203891CACF220127F9FE
 20:55:54.351 t20480000C00000000000
 20:55:54.351 t2058D188E2027FFF5000
 20:55:54.450 t20082FAC0F3E0048CA00
 20:55:54.451 t20184AE00F0EF1F1F17A
 20:55:54.451 t20286A970A3E49F900F9
 20:55:54.451 t203892060F2200B7FDFF
 20:55:54.451 t20480000000000000000
 20:55:54.452 t2058D18822027FFF5000
 20:55:54.549 t20082FAF4F3E0048CA00
 20:55:54.550 t20184AE04F0EF1F1F17A
 20:55:54.550 t20286A974A3E49F900F9
 20:55:54.550 t203892254F220327FDFF
 20:55:54.551 t20480000400000000000
 20:55:54.551 t2058D18862027FFF5000
 20:55:54.649 t20082FB18F3E0048CA00
 20:55:54.649 t20184AE08F0EF1F1F17A
 20:55:54.650 t20286A978A3E49F900F9
 20:55:54.650 t203892B18F2201C80200
 20:55:54.650 t20480000800000000000
 20:55:54.651 t2058D188A2027FFF5000
 20:55:54.750 t20082FB4CF3E0048CA00
 20:55:54.750 t20184AE0CF0EF1F1F17A
 20:55:54.750 t20286A97CA3E49F900F9
 20:55:54.751 t203892E3CF2200F80601
 20:55:54.751 t20480000C00000000000
 20:55:54.751 t2058D188E2027FFF5000
 20:55:54.850 t20082FB70F3E0048CA00
 20:55:54.850 t20184AE00F0EF1F1F17A
 20:55:54.851 t20286A970A3E49F900F9
 20:55:54.851 t20388F360F220277F9FE
 20:55:54.851 t20480000000000000000
 20:55:54.851 t2058D18822027FFF5000
 20:55:54.949 t20082FBA4F3E0048CA00
 20:55:54.950 t20184AE04F0EF1F1F17A
 20:55:54.951 t20286A974A3E49F900F9
 20:55:54.951 t20388F764F220127F9FE
 20:55:54.951 t20480000400000000000
 20:55:54.951 t2058D18862027FFF5000
 20:55:55.049 t20082FBD8F3E0048CA00
 20:55:55.050 t20184AE08F0EF1F1F17A
 20:55:55.050 t20286A978A3E49F900F9
 20:55:55.051 t20388F9C8F220147F9FE
 20:55:55.051 t20480000800000000000
 20:55:55.051 t2058D188A2027FFF5000
 20:55:55.150 t20082FBFCF3E0048CA00
 20:55:55.150 t20184AE0CF0EF1F1F17A
 20:55:55.151 t20286A97CA3E49F900F9
 20:55:55.151 t20388FC7CF220407F9FE
 20:55:55.151 t20480000C00000000000
 20:55:55.151 t2058D188E2027FFF5000
 20:55:55.249 t20082FC20F3E0048CA00
 20:55:55.249 t20184AE00F0EF1F1F17A
 20:55:55.250 t20286A970A3E49F900F9
 20:55:55.250 t203890200F220C37F9FF
 20:55:55.250 t20480000000000000000
 20:55:55.250 t2058D18822027FFF5000
 20:55:55.349 t20082FC54F3E0048CA00
 20:55:55.349 t20184AE04F0EF1F1F17A
 20:55:55.349 t20286A974A3E49F900F9
 20:55:55.350 t203891594F2201E7FDFF
 20:55:55.350 t20480000400000000000
 20:55:55.350 t2058D18862027FFF5000
 20:55:55.449 t20082FC88F3E0048CA00
 20:55:55.450 t20184AE08F0EF1F1F17A
 20:55:55.451 t20286A978A3E49F900F9
 20:55:55.451 t2038919F8F2200B7F9FE
 20:55:55.451 t20480000800000000000
 20:55:55.451 t2058D188A2027FFF5000
 20:55:55.549 t20082FCACF3E0048CA00
 20:55:55.550 t20184AE0CF0EF1F1F17A
 20:55:55.551 t20286A97CA3E49F900F9
 20:55:55.551 t203891CACF220127F9FE
 20:55:55.551 t20480000C00000000000
 20:55:55.551 t2058D188E2027FFF5000
 20:55:55.649 t20082FCD0F3E0048CA00
 20:55:55.650 t20184AE00F0EF1F1F17A
 20:55:55.650 t20286A970A3E49F900F9
 20:55:55.651 t203892060F2200B7FDFF
 20:55:55.651 t20480000000000000000
 20:55:55.651 t2058D18822027FFF5000
 20:55:55.749 t20082FD04F3E0048CA00
 20:55:55.749 t20184AE04F0EF1F1F17A
 20:55:55.749 t20286A974A3E49F900F9
 20:55:55.750 t203892254F220327FDFF
 20:55:55.750 t20480000400000000000
 20:55:55.750 t2058D18862027FFF5000
 20:55:55.849 t20082FD38F3E0048CA00
 20:55:55.849 t20184AE08F0EF1F1F17A
 20:55:55.850 t20286A978A3E49F900F9
 20:55:55.850 t203892B18F2201C80200
 20:55:55.850 t20480000800000000000
 20:55:55.850 t2058D188A2027FFF5000
 20:55:55.949 t20082FD6CF3E0048CA00
 20:55:55.949 t20184AE0CF0EF1F1F17A
 20:55:55.949 t20286A97CA3E49F900F9
 20:55:55.949 t203892E3CF2200F80601
 20:55:55.950 t20480000C00000000000
 20:55:55.950 t2058D188E2027FFF5000
 20:55:56.049 t20082FD80F3E0048CA00
 20:55:56.049 t20184AE00F0EF1F1F17A
 20:55:56.049 t20286A970A3E49F900F9
 20:55:56.049 t20388F360F220277F9FE
 20:55:56.050 t20480000000000000000
 20:55:56.050 t2058D18822027FFF5000
 20:55:56.149 t20082FDB4F3E0048CA00
 20:55:56.149 t20184AE04F0EF1F1F17A
 20:55:56.149 t20286A974A3E49F900F9
 20:55:56.149 t20388F764F220127F9FE
 20:55:56.150 t20480000400000000000
 20:55:56.150 t2058D18862027FFF5000
 20:55:56.249 t20082FDE8F3E0048CA00
 20:55:56.249 t20184AE08F0EF1F1F17A
 20:55:56.249 t20286A978A3E49F900F9
 20:55:56.250 t20388F9C8F220147F9FE
 20:55:56.250 t20480000800000000000
 20:55:56.250 t2058D188A2027FFF5000
 20:55:56.349 t20082FE1CF3E0048CA00
 20:55:56.349 t20184AE0CF0EF1F1F17A
 20:55:56.349 t20286A97CA3E49F900F9
 20:55:56.350 t20388FC7CF220407F9FE
 20:55:56.350 t20480000C00000000000
 20:55:56.350 t2058D188E2027FFF5000
 20:55:56.449 t20082FE30F3E0048CA00
 20:55:56.449 t20184AE00F0EF1F1F17A
 20:55:56.450 t20286A970A3E49F900F9
 20:55:56.450 t203890200F220C37F9FF
 20:55:56.450 t20480000000000000000
 20:55:56.450 t2058D18822027FFF5000
 20:55:56.549 t20082FE64F3E0048CA00
 20:55:56.549 t20184AE04F0EF1F1F17A
 20:55:56.550 t20286A974A3E49F900F9
 20:55:56.550 t203893524F203FF80BFF
 20:55:56.550 t20480000400000000000
 20:55:56.551 t2058D18862027FFF5000
 20:55:56.650 t20082FE98F3E0048CA00
 20:55:56.650 t20184AE08F0EF1F1F17A
 20:55:56.650 t20286A978A3E49F900F9
 20:55:56.650 t20388F768F220127F9FE
 20:55:56.650 t20480000800000000000
 20:55:56.651 t2058D188A2027FFF5000
 20:55:56.750 t20082FECCF3E0048CA00
 20:55:56.750 t20184AE0CF0EF1F1F17A
 20:55:56.750 t20286A97CA3E49F900F9
 20:55:56.750 t20388F9CCF220147F9FE
 20:55:56.750 t20480000C00000000000
 20:55:56.750 t2058D188E2027FFF5000
 20:55:56.850 t20082FEF0F3E0048CA00
 20:55:56.850 t20184AE00F0EF1F1F17A
 20:55:56.851 t20286A970A3E49F900F9
 20:55:56.851 t20388FC70F220407F9FE
 20:55:56.851 t20480000000000000000
 20:55:56.851 t2058D18822027FFF5000
 20:55:56.950 t20082FF14F3E0048CA00
 20:55:56.950 t20184AE04F0EF1F1F17A
 20:55:56.951 t20286A974A3E49F900F9
 20:55:56.951 t203890204F220C37F9FF
 20:55:56.951 t20480000400000000000
 20:55:56.951 t2058D18862027FFF5000
 20:55:57.050 t20082FF48F3E0048CA00
 20:55:57.051 t20184AE08F0EF1F1F17A
 20:55:57.051 t20286A978A3E49F900F9
 20:55:57.051 t203891598F2201E7FDFF
 20:55:57.051 t20480000800000000000
 20:55:57.051 t2058D188A2027FFF5000
 20:55:57.150 t20082FF7CF3E0048CA00
 20:55:57.150 t20184AE0CF0EF1F1F17A
 20:55:57.150 t20286A97CA3E49F900F9
 20:55:57.150 t2038919FCF2200B7F9FE
 20:55:57.150 t20480000C00000000000
 20:55:57.151 t2058D188E2027FFF5000
 20:55:57.250 t20082FFA0F3E0048CA00
 20:55:57.250 t20184AE00F0EF1F1F17A
 20:55:57.250 t20286A970A3E49F900F9
 20:55:57.250 t203891CA0F220127F9FE
 20:55:57.250 t20480000000000000000
 20:55:57.250 t2058D18822027FFF5000
 20:55:57.350 t20082FFC4F3E0048CA00
 20:55:57.350 t20184AE04F0EF1F1F17A
 20:55:57.350 t20286A974A3E49F900F9
 20:55:57.350 t203892064F2200B7FDFF
 20:55:57.350 t20480000400000000000
 20:55:57.350 t2058D18862027FFF5000
 20:55:57.450 t20082FFF8F3E0048CA00
 20:55:57.451 t20184AE08F0EF1F1F17A
 20:55:57.451 t20286A978A3E49F900F9
 20:55:57.451 t203892258F220327FDFF
 20:55:57.451 t20480000800000000000
 20:55:57.451 t2058D188A2027FFF5000
 20:55:57.550 t20083002CF3E0048CA00
 20:55:57.551 t20184AE0CF0EF1F1F17A
 20:55:57.551 t20286A97CA3E49F900F9
 20:55:57.551 t203892B1CF2201C80200
 20:55:57.551 t20480000C00000000000
 20:55:57.551 t2058D188E2027FFF5000
 20:55:57.650 t200830050F3E0048CA00
 20:55:57.650 t20184AE00F0EF1F1F17A
 20:55:57.650 t20286A970A3E49F900F9
 20:55:57.651 t203892E30F2200F80601
 20:55:57.651 t20480000000000000000
 20:55:57.651 t2058D18822027FFF5000
 20:55:57.749 t200830084F3E0048CA00
 20:55:57.750 t20184AE04F0EF1F1F17A
 20:55:57.750 t20286A974A3E49F900F9
 20:55:57.750 t203893524F223FF80BFF
 20:55:57.750 t20480000400000000000
 20:55:57.750 t2058D18862027FFF5000
 20:55:57.850 t2008300A8F3E0048CA00
 20:55:57.850 t20184AE08F0EF1F1F17A
 20:55:57.850 t20286A978A3E49F900F9
 20:55:57.850 t20388F768F220127F9FE
 20:55:57.851 t20480000800000000000
 20:55:57.851 t2058D188A2027FFF5000
 20:55:57.950 t2008300DCF3E0048CA00
 20:55:57.950 t20184AE0CF0EF1F1F17A
 20:55:57.950 t20286A97CA3E49F900F9
 20:55:57.950 t20389352CF2002B80A02
 20:55:57.950 t20480000C00000000000
 20:55:57.950 t2058D188E2027FFF5000
 20:55:58.049 t200830100F3E0048CA00
 20:55:58.049 t20184AE00F0EF1F1F17A
 20:55:58.050 t20286A970A3E49F900F9
 20:55:58.050 t20388F9C0F220147F9FE
 20:55:58.050 t20480000000000000000
 20:55:58.050 t2058D18822027FFF5000
 20:55:58.150 t200830134F3E0048CA00
 20:55:58.150 t20184AE04F0EF1F1F17A
 20:55:58.150 t20286A974A3E49F900F9
 20:55:58.150 t20388FC74F220407F9FE
 20:55:58.150 t20480000400000000000
 20:55:58.151 t2058D18862027FFF5000
 20:55:58.250 t200830158F3E0048CA00
 20:55:58.250 t20184AE08F0EF1F1F17A
 20:55:58.251 t20286A978A3E49F900F9
 20:55:58.251 t203890208F220C37F9FF
 20:55:58.251 t20480000800000000000
 20:55:58.251 t2058D188A2027FFF5000
 20:55:58.350 t20083018CF3E0048CA00
 20:55:58.350 t20184AE0CF0EF1F1F17A
 20:55:58.351 t20286A97CA3E49F900F9
 20:55:58.351 t20389159CF2201E7FDFF
 20:55:58.351 t20480000C00000000000
 20:55:58.351 t2058D188E2027FFF5000
 20:55:58.450 t2008301B0F3E0048CA00
 20:55:58.450 t20184AE00F0EF1F1F17A
 20:55:58.450 t20286A970A3E49F900F9
 20:55:58.451 t2038919F0F2200B7F9FE
 20:55:58.451 t20480000000000000000
 20:55:58.451 t2058D18822027FFF5000
 20:55:58.550 t2008301E4F3E0048CA00
 20:55:58.550 t20184AE04F0EF1F1F17A
 20:55:58.550 t20286A974A3E49F900F9
 20:55:58.551 t203891CA4F220127F9FE
 20:55:58.552 t20480000400000000000
 20:55:58.552 t2058D18862027FFF5000
 20:55:58.649 t200830218F3E0048CA00
 20:55:58.649 t20184AE08F0EF1F1F17A
 20:55:58.650 t20286A978A3E49F900F9
 20:55:58.650 t203892068F2200B7FDFF
 20:55:58.650 t20480000800000000000
 20:55:58.650 t2058D188A2027FFF5000
 20:55:58.749 t20083023CF3E0048CA00
 20:55:58.749 t20184AE0CF0EF1F1F17A
 20:55:58.750 t20286A97CA3E49F900F9
 20:55:58.750 t20389225CF220327FDFF
 20:55:58.750 t20480000C00000000000
 20:55:58.750 t2058D188E2027FFF5000
 20:55:58.849 t200830260F3E0048CA00
 20:55:58.850 t20184AE00F0EF1F1F17A
 20:55:58.850 t20286A970A3E49F900F9
 20:55:58.850 t203892B10F2201C80200
 20:55:58.850 t20480000000000000000
 20:55:58.850 t2058D18822027FFF5000
 20:55:58.949 t200830294F3E0048CA00
 20:55:58.950 t20184AE04F0EF1F1F17A
 20:55:58.950 t20286A974A3E49F900F9
 20:55:58.950 t203892E34F2200F80601
 20:55:58.950 t20480000400000000000
 20:55:58.950 t2058D18862027FFF5000
 20:55:59.049 t2008302C8F3E0048CA00
 20:55:59.050 t20184AE08F0EF1F1F17A
 20:55:59.050 t20286A978A3E49F900F9
 20:55:59.050 t203893528F2202B80A02
 20:55:59.050 t20480000800000000000
 20:55:59.050 t2058D188A2027FFF5000
 20:55:59.150 t2008302ECF3E0048CA00
 20:55:59.150 t20184AE0CF0EF1F1F17A
 20:55:59.150 t20286A97CA3E49F900F9
 20:55:59.150 t20388F9CCF220147F9FE
 20:55:59.151 t20480000C00000000000
 20:55:59.151 t2058D188E2027FFF5000
 20:55:59.249 t200830310F3E0048CA00
 20:55:59.249 t20184AE00F0EF1F1F17A
 20:55:59.249 t20286A970A3E49F900F9
 20:55:59.249 t20388FC70F220407F9FE
 20:55:59.250 t20480000000000000000
 20:55:59.250 t2058D18822027FFF5000
 20:55:59.349 t200830344F3E0048CA00
 20:55:59.349 t20184AE04F0EF1F1F17A
 20:55:59.349 t20286A974A3E49F900F9
 20:55:59.349 t203890204F220C37F9FF
 20:55:59.350 t20480000400000000000
 20:55:59.350 t2058D18862027FFF5000
 20:55:59.449 t200830378F3E0048CA00
 20:55:59.450 t20184AE08F0EF1F1F17A
 20:55:59.450 t20286A978A3E49F900F9
 20:55:59.450 t203891598F2201E7FDFF
 20:55:59.450 t20480000800000000000
 20:55:59.451 t2058D188A2027FFF5000
 20:55:59.550 t2008303ACF3E0048CA00
 20:55:59.550 t20184AE0CF0EF1F1F17A
 20:55:59.550 t20286A97CA3E49F900F9
 20:55:59.550 t2038919FCF2200B7F9FE
 20:55:59.551 t20480000C00000000000
 20:55:59.551 t2058D188E2027FFF5000
 20:55:59.649 t2008303C0F3E0048CA00
 20:55:59.649 t20184AE00F0EF1F1F17A
 20:55:59.649 t20286A970A3E49F900F9
 20:55:59.650 t203891CA0F220127F9FE
 20:55:59.650 t20480000000000000000
 20:55:59.650 t2058D18822027FFF5000
 20:55:59.749 t2008303F4F3E0048CA00
 20:55:59.749 t20184AE04F0EF1F1F17A
 20:55:59.749 t20286A974A3E49F900F9
 20:55:59.749 t203892064F2200B7FDFF
 20:55:59.750 t20480000400000000000
 20:55:59.750 t2058D18862027FFF5000
 20:55:59.849 t200830428F3E0048CA00
 20:55:59.849 t20184AE08F0EF1F1F17A
 20:55:59.849 t20286A978A3E49F900F9
 20:55:59.849 t203892258F220327FDFF
 20:55:59.849 t20480000800000000000
 20:55:59.850 t2058D188A2027FFF5000
 20:55:59.949 t20083045CF3E0048CA00
 20:55:59.949 t20184AE0CF0EF1F1F17A
 20:55:59.949 t20286A97CA3E49F900F9
 20:55:59.949 t203892B1CF2201C80200
 20:55:59.949 t20480000C00000000000
 20:55:59.949 t2058D188E2027FFF5000
 20:56:00.049 t200830470F3E0048CA00
 20:56:00.049 t20184AE00F0EF1F1F17A
 20:56:00.049 t20286A970A3E49F900F9
 20:56:00.049 t203892E30F2200F80601
 20:56:00.049 t20480000000000000000
 20:56:00.049 t2058D18822027FFF5000
 20:56:00.149 t2008304A4F3E0048CA00
 20:56:00.149 t20184AE04F0EF1F1F17A
 20:56:00.150 t20286A974A3E49F900F9
 20:56:00.150 t203893524F2202B80A02
 20:56:00.150 t20480000400000000000
 20:56:00.150 t2058D18862027FFF5000
 20:56:00.249 t2008304D8F3E0048CA00
 20:56:00.249 t20184AE08F0EF1F1F17A
 20:56:00.249 t20286A978A3E49F900F9
 20:56:00.250 t20388FC78F220407F9FE
 20:56:00.250 t20480000800000000000
 20:56:00.250 t2058D188A2027FFF5000
 20:56:00.349 t20083050CF3E0048CA00
 20:56:00.349 t20184AE0CF0EF1F1F17A
 20:56:00.349 t20286A97CA3E49F900F9
 20:56:00.350 t20389020CF220C37F9FF
 20:56:00.350 t20480000C00000000000
 20:56:00.350 t2058D188E2027FFF5000
 20:56:00.449 t200830530F3E0048CA00
 20:56:00.450 t20184AE00F0EF1F1F17A
 20:56:00.450 t20286A970A3E49F900F9
 20:56:00.450 t203891590F2201E7FDFF
 20:56:00.450 t20480000000000000000
 20:56:00.450 t2058D18822027FFF5000
 20:56:00.549 t200830554F3E0048CA00
 20:56:00.550 t20184AE04F0EF1F1F17A
 20:56:00.550 t20286A974A3E49F900F9
 20:56:00.550 t2038919F4F2200B7F9FE
 20:56:00.550 t20480000400000000000
 20:56:00.550 t2058D18862027FFF5000
 20:56:00.649 t200830588F3E0048CA00
 20:56:00.649 t20184AE08F0EF1F1F17A
 20:56:00.649 t20286A978A3E49F900F9
 20:56:00.649 t203891CA8F220127F9FE
 20:56:00.649 t20480000800000000000
 20:56:00.649 t2058D188A2027FFF5000
 20:56:00.750 t2008305BCF3E0048CA00
 20:56:00.750 t20184AE0CF0EF1F1F17A
 20:56:00.750 t20286A97CA3E49F900F9
 20:56:00.750 t20389206CF2200B7FDFF
 20:56:00.750 t20480000C00000000000
 20:56:00.750 t2058D188E2027FFF5000
 20:56:00.850 t2008305E0F3E0048CA00
 20:56:00.850 t20184AE00F0EF1F1F17A
 20:56:00.850 t20286A970A3E49F900F9
 20:56:00.850 t203892250F220327FDFF
 20:56:00.850 t20480000000000000000
 20:56:00.850 t2058D18822027FFF5000
 20:56:00.950 t200830604F3E0048CA00
 20:56:00.950 t20184AE04F0EF1F1F17A
 20:56:00.950 t20286A974A3E49F900F9
 20:56:00.950 t203892B14F2201C80200
 20:56:00.951 t20480000400000000000
 20:56:00.951 t2058D18862027FFF5000
 20:56:01.050 t200830638F3E0048CA00
 20:56:01.050 t20184AE08F0EF1F1F17A
 20:56:01.050 t20286A978A3E49F900F9
 20:56:01.051 t203892E38F2200F80601
 20:56:01.051 t20480000800000000000
 20:56:01.051 t2058D188A2027FFF5000
 20:56:01.150 t20083066CF3E0048CA00
 20:56:01.150 t20184AE0CF0EF1F1F17A
 20:56:01.150 t20286A97CA3E49F900F9
 20:56:01.150 t20389352CF2202B80A02
 20:56:01.151 t20480000C00000000000
 20:56:01.151 t2058D188E2027FFF5000
 20:56:01.250 t200830690F3E0048CA00
 20:56:01.250 t20184AE00F0EF1F1F17A
 20:56:01.250 t20286A970A3E49F900F9
 20:56:01.250 t20388FC70F220407F9FE
 20:56:01.251 t20480000000000000000
 20:56:01.251 t2058D18822027FFF5000
 20:56:01.349 t2008306C4F3E0048CA00
 20:56:01.350 t20184AE04F0EF1F1F17A
 20:56:01.350 t20286A974A3E49F900F9
 20:56:01.350 t203890204F220C37F9FF
 20:56:01.350 t20480000400000000000
 20:56:01.350 t2058D18862027FFF5000
 20:56:01.449 t2008306E8F3E0048CA00
 20:56:01.450 t20184AE08F0EF1F1F17A
 20:56:01.450 t20286A978A3E49F900F9
 20:56:01.450 t203891598F2201E7FDFF
 20:56:01.450 t20480000800000000000
 20:56:01.450 t2058D188A2027FFF5000
 20:56:01.550 t20083071CF3E0048CA00
 20:56:01.550 t20184AE0CF0EF1F1F17A
 20:56:01.550 t20286A97CA3E49F900F9
 20:56:01.550 t2038919FCF2200B7F9FE
 20:56:01.551 t20480000C00000000000
 20:56:01.551 t2058D188E2027FFF5000
 20:56:01.650 t200830740F3E0048CA00
 20:56:01.650 t20184AE00F0EF1F1F17A
 20:56:01.650 t20286A970A3E49F900F9
 20:56:01.650 t203891CA0F220127F9FE
 20:56:01.651 t20480000000000000000
 20:56:01.651 t2058D18822027FFF5000
 20:56:01.750 t200830774F3E0048CA00
 20:56:01.750 t20184AE04F0EF1F1F17A
 20:56:01.750 t20286A974A3E49F900F9
 20:56:01.750 t203892064F2200B7FDFF
 20:56:01.750 t20480000400000000000
 20:56:01.751 t2058D18862027FFF5000
 20:56:01.850 t200830798F3E0048CA00
 20:56:01.850 t20184AE08F0EF1F1F17A
 20:56:01.850 t20286A978A3E49F900F9
 20:56:01.850 t203892258F220327FDFF
 20:56:01.850 t20480000800000000000
 20:56:01.851 t2058D188A2027FFF5000
 20:56:01.949 t2008307CCF3E0048CA00
 20:56:01.949 t20184AE0CF0EF1F1F17A
 20:56:01.950 t20286A97CA3E49F900F9
 20:56:01.950 t203892B1CF2201C80200
 20:56:01.950 t20480000C00000000000
 20:56:01.950 t2058D188E2027FFF5000
 20:56:02.049 t2008307F0F3E0048CA00
 20:56:02.049 t20184AE00F0EF1F1F17A
 20:56:02.050 t20286A970A3E49F900F9
 20:56:02.050 t203892E30F2200F80601
 20:56:02.050 t20480000000000000000
 20:56:02.050 t2058D18822027FFF5000
 20:56:02.150 t200830824F3E0048CA00
 20:56:02.150 t20184AE04F0EF1F1F17A
 20:56:02.150 t20286A974A3E49F900F9
 20:56:02.150 t203893524F2202B80A02
 20:56:02.150 t20480000400000000000
 20:56:02.151 t2058D18862027FFF5000
 20:56:02.249 t200830858F3E0048CA00
 20:56:02.250 t20184AE08F0EF1F1F17A
 20:56:02.250 t20286A978A3E49F900F9
 20:56:02.250 t20388FC78F220407F9FE
 20:56:02.250 t20480000800000000000
 20:56:02.250 t2058D188A2027FFF5000
 20:56:02.349 t20083087CF3E0048CA00
 20:56:02.350 t20184AE0CF0EF1F1F17A
 20:56:02.350 t20286A97CA3E49F900F9
 20:56:02.350 t20389020CF220C37F9FF
 20:56:02.350 t20480000C00000000000
 20:56:02.350 t2058D188E2027FFF5000
 20:56:02.449 t2008308A0F3E0048CA00
 20:56:02.449 t20184AE00F0EF1F1F17A
 20:56:02.450 t20286A970A3E49F900F9
 20:56:02.450 t203891590F2201E7FDFF
 20:56:02.450 t20480000000000000000
 20:56:02.450 t2058D18822027FFF5000
 20:56:02.549 t2008308D4F3E0048CA00
 20:56:02.550 t20184AE04F0EF1F1F17A
 20:56:02.550 t20286A974A3E49F900F9
 20:56:02.550 t203893E34F2002181606
 20:56:02.550 t20480000400000000000
 20:56:02.550 t2058D18862027FFF5000
 20:56:02.649 t200830908F3E0048CA00
 20:56:02.649 t20184AE08F0EF1F1F17A
 20:56:02.649 t20286A978A3E49F900F9
 20:56:02.650 t203890208F220C37F9FF
 20:56:02.650 t20480000800000000000
 20:56:02.650 t2058D188A2027FFF5000
 20:56:02.749 t20083092CF3E0048CA00
 20:56:02.749 t20184AE0CF0EF1F1F17A
 20:56:02.749 t20286A97CA3E49F900F9
 20:56:02.749 t20389159CF2201E7FDFF
 20:56:02.750 t20480000C00000000000
 20:56:02.750 t2058D188E2027FFF5000
 20:56:02.849 t200830950F3E0048CA00
 20:56:02.849 t20184AE00F0EF1F1F17A
 20:56:02.850 t20286A970A3E49F900F9
 20:56:02.850 t2038919F0F2200B7F9FE
 20:56:02.850 t20480000000000000000
 20:56:02.850 t2058D18822027FFF5000
 20:56:02.949 t200830984F3E0048CA00
 20:56:02.950 t20184AE04F0EF1F1F17A
 20:56:02.950 t20286A974A3E49F900F9
 20:56:02.950 t203891CA4F220127F9FE
 20:56:02.950 t20480000400000000000
 20:56:02.950 t2058D18862027FFF5000
 20:56:03.049 t2008309B8F3E0048CA00
 20:56:03.050 t20184AE08F0EF1F1F17A
 20:56:03.050 t20286A978A3E49F900F9
 20:56:03.050 t203892068F2200B7FDFF
 20:56:03.050 t20480000800000000000
 20:56:03.050 t2058D188A2027FFF5000
 20:56:03.149 t2008309ECF3E0048CA00
 20:56:03.149 t20184AE0CF0EF1F1F17A
 20:56:03.150 t20286A97CA3E49F900F9
 20:56:03.150 t20389225CF220327FDFF
 20:56:03.150 t20480000C00000000000
 20:56:03.150 t2058D188E2027FFF5000
 20:56:03.249 t200830A00F3E0048CA00
 20:56:03.249 t20184AE00F0EF1F1F17A
 20:56:03.250 t20286A970A3E49F900F9
 20:56:03.250 t203892B10F2201C80200
 20:56:03.250 t20480000000000000000
 20:56:03.250 t2058D18822027FFF5000
 20:56:03.349 t200830A34F3E0048CA00
 20:56:03.349 t20184AE04F0EF1F1F17A
 20:56:03.349 t20286A974A3E49F900F9
 20:56:03.349 t203892E34F2200F80601
 20:56:03.349 t20480000400000000000
 20:56:03.350 t2058D18862027FFF5000
 20:56:03.449 t200830A68F3E0048CA00
 20:56:03.449 t20184AE08F0EF1F1F17A
 20:56:03.449 t20286A978A3E49F900F9
 20:56:03.450 t203893528F2202B80A02
 20:56:03.450 t20480000800000000000
 20:56:03.450 t2058D188A2027FFF5000
 20:56:03.549 t200830A9CF3E0048CA00
 20:56:03.549 t20184AE0CF0EF1F1F17A
 20:56:03.550 t20286A97CA3E49F900F9
 20:56:03.550 t203893E3CF2202181606
 20:56:03.550 t20480000C00000000000
 20:56:03.550 t2058D188E2027FFF5000
 20:56:03.649 t200830AB0F3E0048CA00
 20:56:03.649 t20184AE00F0EF1F1F17A
 20:56:03.649 t20286A970A3E49F900F9
 20:56:03.650 t203890200F220C37F9FF
 20:56:03.650 t20480000000000000000
 20:56:03.650 t2058D18822027FFF5000
 20:56:03.749 t200830AE4F3E0048CA00
 20:56:03.749 t20184AE04F0EF1F1F17A
 20:56:03.749 t20286A974A3E49F900F9
 20:56:03.750 t203891594F2201E7FDFF
 20:56:03.750 t20480000400000000000
 20:56:03.750 t2058D18862027FFF5000
 20:56:03.849 t200830B18F3E0048CA00
 20:56:03.849 t20184AE08F0EF1F1F17A
 20:56:03.849 t20286A978A3E49F900F9
 20:56:03.850 t2038919F8F2200B7F9FE
 20:56:03.850 t20480000800000000000
 20:56:03.850 t2058D188A2027FFF5000
 20:56:03.949 t200830B4CF3E0048CA00
 20:56:03.949 t20184AE0CF0EF1F1F17A
 20:56:03.949 t20286A97CA3E49F900F9
 20:56:03.949 t203891CACF220127F9FE
 20:56:03.949 t20480000C00000000000
 20:56:03.949 t2058D188E2027FFF5000
 20:56:04.049 t200830B70F3E0048CA00
 20:56:04.049 t20184AE00F0EF1F1F17A
 20:56:04.049 t20286A970A3E49F900F9
 20:56:04.049 t203892060F2200B7FDFF
 20:56:04.049 t20480000000000000000
 20:56:04.049 t2058D18822027FFF5000
 20:56:04.149 t200830B94F3E0048CA00
 20:56:04.149 t20184AE04F0EF1F1F17A
 20:56:04.149 t20286A974A3E49F900F9
 20:56:04.150 t203892254F220327FDFF
 20:56:04.150 t20480000400000000000
 20:56:04.150 t2058D18862027FFF5000
 20:56:04.249 t200830BC8F3E0048CA00
 20:56:04.249 t20184AE08F0EF1F1F17A
 20:56:04.249 t20286A978A3E49F900F9
 20:56:04.250 t203892B18F2201C80200
 20:56:04.250 t20480000800000000000
 20:56:04.250 t2058D188A2027FFF5000
 20:56:04.349 t200830BFCF3E0048CA00
 20:56:04.349 t20184AE0CF0EF1F1F17A
 20:56:04.349 t20286A97CA3E49F900F9
 20:56:04.349 t203892E3CF2200F80601
 20:56:04.350 t20480000C00000000000
 20:56:04.350 t2058D188E2027FFF5000
 20:56:04.450 t200830C20F3E0048CA00
 20:56:04.450 t20184AE00F0EF1F1F17A
 20:56:04.450 t20286A970A3E49F900F9
 20:56:04.451 t203893520F2202B80A02
 20:56:04.451 t20480000000000000000
 20:56:04.451 t2058D18822027FFF5000
 20:56:04.550 t200830C44F3E0048CA00
 20:56:04.550 t20184AE04F0EF1F1F17A
 20:56:04.550 t20286A974A3E49F900F9
 20:56:04.551 t203893E34F2202181606
 20:56:04.551 t20480000400000000000
 20:56:04.551 t2058D18862027FFF5000
 20:56:04.650 t200830C78F3E0048CA00
 20:56:04.650 t20184AE08F0EF1F1F17A
 20:56:04.650 t20286A978A3E49F900F9
 20:56:04.650 t203890208F220C37F9FF
 20:56:04.650 t20480000800000000000
 20:56:04.650 t2058D188A2027FFF5000
 20:56:04.750 t200830CACF3E0048CA00
 20:56:04.750 t20184AE0CF0EF1F1F17A
 20:56:04.750 t20286A97CA3E49F900F9
 20:56:04.750 t20389159CF2201E7FDFF
 20:56:04.750 t20480000C00000000000
 20:56:04.750 t2058D188E2027FFF5000
 20:56:04.850 t200830CD0F3E0048CA00
 20:56:04.850 t20184AE00F0EF1F1F17A
 20:56:04.850 t20286A970A3E49F900F9
 20:56:04.850 t2038919F0F2200B7F9FE
 20:56:04.851 t20480000000000000000
 20:56:04.851 t2058D18822027FFF5000
 20:56:04.950 t200830D04F3E0048CA00
 20:56:04.950 t20184AE04F0EF1F1F17A
 20:56:04.950 t20286A974A3E49F900F9
 20:56:04.950 t203891CA4F220127F9FE
 20:56:04.950 t20480000400000000000
 20:56:04.951 t2058D18862027FFF5000
 20:56:05.050 t200830D28F3E0048CA00
 20:56:05.050 t20184AE08F0EF1F1F17A
 20:56:05.050 t20286A978A3E49F900F9
 20:56:05.050 t203892068F2200B7FDFF
 20:56:05.051 t20480000800000000000
 20:56:05.051 t2058D188A2027FFF5000
 20:56:05.150 t200830D5CF3E0048CA00
 20:56:05.150 t20184AE0CF0EF1F1F17A
 20:56:05.150 t20286A97CA3E49F900F9
 20:56:05.150 t20389225CF220327FDFF
 20:56:05.150 t20480000C00000000000
 20:56:05.151 t2058D188E2027FFF5000
 20:56:05.250 t200830D80F3E0048CA00
 20:56:05.250 t20184AE00F0EF1F1F17A
 20:56:05.250 t20286A970A3E49F900F9
 20:56:05.250 t203892B10F2201C80200
 20:56:05.250 t20480000000000000000
 20:56:05.251 t2058D18822027FFF5000
 20:56:05.349 t200830DB4F3E0048CA00
 20:56:05.349 t20184AE04F0EF1F1F17A
 20:56:05.350 t20286A974A3E49F900F9
 20:56:05.350 t203892E34F2200F80601
 20:56:05.350 t20480000400000000000
 20:56:05.350 t2058D18862027FFF5000
 20:56:05.449 t200830DD8F3E0048CA00
 20:56:05.450 t20184AE08F0EF1F1F17A
 20:56:05.450 t20286A978A3E49F900F9
 20:56:05.450 t203893528F2202B80A02
 20:56:05.450 t20480000800000000000
 20:56:05.450 t2058D188A2027FFF5000
 20:56:05.550 t200830E0CF3E0048CA00
 20:56:05.550 t20184AE0CF0EF1F1F17A
 20:56:05.550 t20286A97CA3E49F900F9
 20:56:05.550 t203893E3CF2202181606
 20:56:05.550 t20480000C00000000000
 20:56:05.551 t2058D188E2027FFF5000
 20:56:05.650 t200830E30F3E0048CA00
 20:56:05.650 t20184AE00F0EF1F1F17A
 20:56:05.650 t20286A970A3E49F900F9
 20:56:05.650 t203890200F220C37F9FF
 20:56:05.650 t20480000000000000000
 20:56:05.651 t2058D18822027FFF5000
 20:56:05.749 t200830E64F3E0048CA00
 20:56:05.750 t20184AE04F0EF1F1F17A
 20:56:05.750 t20286A974A3E49F900F9
 20:56:05.750 t203891594F2201E7FDFF
 20:56:05.750 t20480000400000000000
 20:56:05.750 t2058D18862027FFF5000
 20:56:05.849 t200830E98F3E0048CA00
 20:56:05.850 t20184AE08F0EF1F1F17A
 20:56:05.850 t20286A978A3E49F900F9
 20:56:05.850 t2038919F8F2200B7F9FE
 20:56:05.850 t20480000800000000000
 20:56:05.850 t2058D188A2027FFF5000
 20:56:05.949 t200830EBCF3E0048CA00
 20:56:05.949 t20184AE0CF0EF1F1F17A
 20:56:05.949 t20286A97CA3E49F900F9
 20:56:05.950 t203891CACF220127F9FE
 20:56:05.950 t20480000C00000000000
 20:56:05.950 t2058D188E2027FFF5000
 20:56:06.049 t200830EE0F3E0048CA00
 20:56:06.049 t20184AE00F0EF1F1F17A
 20:56:06.049 t20286A970A3E49F900F9
 20:56:06.050 t203892060F2200B7FDFF
 20:56:06.050 t20480000000000000000
 20:56:06.050 t2058D18822027FFF5000
 20:56:06.149 t200830F14F3E0048CA00
 20:56:06.150 t20184AE04F0EF1F1F17A
 20:56:06.150 t20286A974A3E49F900F9
 20:56:06.150 t203892254F220327FDFF
 20:56:06.150 t20480000400000000000
 20:56:06.150 t2058D18862027FFF5000
 20:56:06.249 t200830F48F3E0048CA00
 20:56:06.250 t20184AE08F0EF1F1F17A
 20:56:06.250 t20286A978A3E49F900F9
 20:56:06.250 t203892B18F2201C80200
 20:56:06.250 t20480000800000000000
 20:56:06.250 t2058D188A2027FFF5000
 20:56:06.349 t200830F6CF3E0048CA00
 20:56:06.350 t20184AE0CF0EF1F1F17A
 20:56:06.350 t20286A97CA3E49F900F9
 20:56:06.350 t203892E3CF2200F80601
 20:56:06.350 t20480000C00000000000
 20:56:06.350 t2058D188E2027FFF5000
 20:56:06.449 t200830F90F3E0048CA00
 20:56:06.449 t20184AE00F0EF1F1F17A
 20:56:06.450 t20286A970A3E49F900F9
 20:56:06.450 t203893520F2202B80A02
 20:56:06.450 t20480000000000000000
 20:56:06.450 t2058D18822027FFF5000
 20:56:06.549 t200830FC4F3E0048CA00
 20:56:06.550 t20184AE04F0EF1F1F17A
 20:56:06.550 t20286A974A3E49F900F9
 20:56:06.551 t203893E34F2202181606
 20:56:06.551 t20480000400000000000
 20:56:06.551 t2058D18862027FFF5000
 20:56:06.649 t200830FF8F3E0048CA00
 20:56:06.649 t20184AE08F0EF1F1F17A
 20:56:06.650 t20286A978A3E49F900F9
 20:56:06.650 t203890208F220C37F9FF
 20:56:06.650 t20480000800000000000
 20:56:06.650 t2058D188A2027FFF5000
 20:56:06.749 t20083102CF3E0048CA00
 20:56:06.749 t20184AE0CF0EF1F1F17A
 20:56:06.749 t20286A97CA3E49F900F9
 20:56:06.749 t20389159CF2201E7FDFF
 20:56:06.749 t20480000C00000000000
 20:56:06.750 t2058D188E2027FFF5000
 20:56:06.849 t200831040F3E0048CA00
 20:56:06.849 t20184AE00F0EF1F1F17A
 20:56:06.850 t20286A970A3E49F900F9
 20:56:06.850 t2038919F0F2200B7F9FE
 20:56:06.850 t20480000000000000000
 20:56:06.850 t2058D18822027FFF5000
 20:56:06.949 t200831074F3E0048CA00
 20:56:06.949 t20184AE04F0EF1F1F17A
 20:56:06.950 t20286A974A3E49F900F9
 20:56:06.950 t203891CA4F220127F9FE
 20:56:06.950 t20480000400000000000
 20:56:06.950 t2058D18862027FFF5000
 20:56:07.049 t2008310A8F3E0048CA00
 20:56:07.049 t20184AE08F0EF1F1F17A
 20:56:07.049 t20286A978A3E49F900F9
 20:56:07.049 t203892068F2200B7FDFF
 20:56:07.049 t20480000800000000000
 20:56:07.050 t2058D188A2027FFF5000
 20:56:07.149 t2008310DCF3E0048CA00
 20:56:07.149 t20184AE0CF0EF1F1F17A
 20:56:07.150 t20286A97CA3E49F900F9
 20:56:07.150 t20389225CF220327FDFF
 20:56:07.150 t20480000C00000000000
 20:56:07.150 t2058D188E2027FFF5000
 20:56:07.249 t2008310F0F3E0048CA00
 20:56:07.249 t20184AE00F0EF1F1F17A
 20:56:07.250 t20286A970A3E49F900F9
 20:56:07.250 t203892B10F2201C80200
 20:56:07.250 t20480000000000000000
 20:56:07.250 t2058D18822027FFF5000
 20:56:07.349 t200831124F3E0048CA00
 20:56:07.349 t20184AE04F0EF1F1F17A
 20:56:07.349 t20286A974A3E49F900F9
 20:56:07.349 t203892E34F2200F80601
 20:56:07.349 t20480000400000000000
 20:56:07.349 t2058D18862027FFF5000
 20:56:07.449 t200831158F3E0048CA00
 20:56:07.449 t20184AE08F0EF1F1F17A
 20:56:07.449 t20286A978A3E49F900F9
 20:56:07.449 t203893528F2202B80A02
 20:56:07.449 t20480000800000000000
 20:56:07.449 t2058D188A2027FFF5000
 20:56:07.549 t20083118CF3E0048CA00
 20:56:07.549 t20184AE0CF0EF1F1F17A
 20:56:07.549 t20286A97CA3E49F900F9
 20:56:07.550 t203893E3CF2202181606
 20:56:07.550 t20480000C00000000000
 20:56:07.550 t2058D188E2027FFF5000
 20:56:07.649 t2008311B0F3E0048CA00
 20:56:07.649 t20184AE00F0EF1F1F17A
 20:56:07.649 t20286A970A3E49F900F9
 20:56:07.650 t203890200F220C37F9FF
 20:56:07.650 t20480000000000000000
 20:56:07.650 t2058D18822027FFF5000
 20:56:07.749 t2008311D4F3E0048CA00
 20:56:07.749 t20184AE04F0EF1F1F17A
 20:56:07.749 t20286A974A3E49F900F9
 20:56:07.750 t203891594F2201E7FDFF
 20:56:07.750 t20480000400000000000
 20:56:07.750 t2058D18862027FFF5000
 20:56:07.849 t200831208F3E0048CA00
 20:56:07.849 t20184AE08F0EF1F1F17A
 20:56:07.849 t20286A978A3E49F900F9
 20:56:07.850 t2038919F8F2200B7F9FE
 20:56:07.850 t20480000800000000000
 20:56:07.850 t2058D188A2027FFF5000
 20:56:07.949 t20083123CF3E0048CA00
 20:56:07.949 t20184AE0CF0EF1F1F17A
 20:56:07.949 t20286A97CA3E49F900F9
 20:56:07.949 t203891CACF220127F9FE
 20:56:07.949 t20480000C00000000000
 20:56:07.949 t2058D188E2027FFF5000
 20:56:08.050 t200831260F3E0048CA00
 20:56:08.050 t20184AE00F0EF1F1F17A
 20:56:08.050 t20286A970A3E49F900F9
 20:56:08.050 t203892060F2200B7FDFF
 20:56:08.050 t20480000000000000000
 20:56:08.050 t2058D18822027FFF5000
 20:56:08.149 t200831284F3E0048CA00
 20:56:08.149 t20184AE04F0EF1F1F17A
 20:56:08.149 t20286A974A3E49F900F9
 20:56:08.149 t203892254F220327FDFF
 20:56:08.149 t20480000400000000000
 20:56:08.149 t2058D18862027FFF5000
 20:56:08.249 t2008312B8F3E0048CA00
 20:56:08.249 t20184AE08F0EF1F1F17A
 20:56:08.249 t20286A978A3E49F900F9
 20:56:08.250 t203892B18F2201C80200
 20:56:08.250 t20480000800000000000
 20:56:08.250 t2058D188A2027FFF5000
 20:56:08.349 t2008312ECF3E0048CA00
 20:56:08.349 t20184AE0CF0EF1F1F17A
 20:56:08.349 t20286A97CA3E49F900F9
 20:56:08.350 t203892E3CF2200F80601
 20:56:08.350 t20480000C00000000000
 20:56:08.350 t2058D188E2027FFF5000
 20:56:08.450 t200831310F3E0048CA00
 20:56:08.450 t20184AE00F0EF1F1F17A
 20:56:08.450 t20286A970A3E49F900F9
 20:56:08.450 t203893520F2202B80A02
 20:56:08.451 t20480000000000000000
 20:56:08.451 t2058D18822027FFF5000
 20:56:08.550 t200831344F3E0048CA00
 20:56:08.550 t20184AE04F0EF1F1F17A
 20:56:08.550 t20286A974A3E49F900F9
 20:56:08.550 t203893E34F2202181606
 20:56:08.551 t20480000400000000000
 20:56:08.551 t2058D18862027FFF5000
 20:56:08.649 t200831368F3E0048CA00
 20:56:08.650 t20184AE08F0EF1F1F17A
 20:56:08.650 t20286A978A3E49F900F9
 20:56:08.650 t203890208F220C37F9FF
 20:56:08.650 t20480000800000000000
 20:56:08.650 t2058D188A2027FFF5000
 20:56:08.749 t20083139CF3E0048CA00
 20:56:08.750 t20184AE0CF0EF1F1F17A
 20:56:08.750 t20286A97CA3E49F900F9
 20:56:08.750 t20389159CF2201E7FDFF
 20:56:08.750 t20480000C00000000000
 20:56:08.750 t2058D188E2027FFF5000
 20:56:08.850 t2008313C0F3E0048CA00
 20:56:08.850 t20184AE00F0EF1F1F17A
 20:56:08.850 t20286A970A3E49F900F9
 20:56:08.850 t2038919F0F2200B7F9FE
 20:56:08.850 t20480000000000000000
 20:56:08.851 t2058D18822027FFF5000
 20:56:08.950 t2008313F4F3E0048CA00
 20:56:08.950 t20184AE04F0EF1F1F17A
 20:56:08.950 t20286A974A3E49F900F9
 20:56:08.950 t203891CA4F220127F9FE
 20:56:08.950 t20480000400000000000
 20:56:08.951 t2058D18862027FFF5000
 20:56:09.050 t200831418F3E0048CA00
 20:56:09.050 t20184AE08F0EF1F1F17A
 20:56:09.050 t20286A978A3E49F900F9
 20:56:09.050 t203892068F2200B7FDFF
 20:56:09.051 t20480000800000000000
 20:56:09.051 t2058D188A2027FFF5000
 20:56:09.149 t20083144CF3E0048CA00
 20:56:09.149 t20184AE0CF0EF1F1F17A
 20:56:09.150 t20286A97CA3E49F900F9
 20:56:09.150 t20389225CF220327FDFF
 20:56:09.150 t20480000C00000000000
 20:56:09.150 t2058D188E2027FFF5000
 20:56:09.249 t200831470F3E0048CA00
 20:56:09.250 t20184AE00F0EF1F1F17A
 20:56:09.250 t20286A970A3E49F900F9
 20:56:09.250 t203892B10F2201C80200
 20:56:09.250 t20480000000000000000
 20:56:09.250 t2058D18822027FFF5000
 20:56:09.349 t2008314A4F3E0048CA00
 20:56:09.349 t20184AE04F0EF1F1F17A
 20:56:09.350 t20286A974A3E49F900F9
 20:56:09.350 t203892E34F2200F80601
 20:56:09.350 t20480000400000000000
 20:56:09.350 t2058D18862027FFF5000
 20:56:09.449 t2008314D8F3E0048CA00
 20:56:09.449 t20184AE08F0EF1F1F17A
 20:56:09.449 t20286A978A3E49F900F9
 20:56:09.450 t203893528F2202B80A02
 20:56:09.450 t20480000800000000000
 20:56:09.450 t2058D188A2027FFF5000
 20:56:09.549 t2008314FCF3E0048CA00
 20:56:09.549 t20184AE0CF0EF1F1F17A
 20:56:09.549 t20286A97CA3E49F900F9
 20:56:09.550 t203893E3CF2202181606
 20:56:09.550 t20480000C00000000000
 20:56:09.550 t2058D188E2027FFF5000
 20:56:09.649 t200831520F3E0048CA00
 20:56:09.649 t20184AE00F0EF1F1F17A
 20:56:09.650 t20286A970A3E49F900F9
 20:56:09.650 t203890200F220C37F9FF
 20:56:09.650 t20480000000000000000
 20:56:09.650 t2058D18822027FFF5000
 20:56:09.749 t200831554F3E0048CA00
 20:56:09.749 t20184AE04F0EF1F1F17A
 20:56:09.749 t20286A974A3E49F900F9
 20:56:09.750 t203891594F2201E7FDFF
 20:56:09.750 t20480000400000000000
 20:56:09.750 t2058D18862027FFF5000
 20:56:09.849 t200831588F3E0048CA00
 20:56:09.849 t20184AE08F0EF1F1F17A
 20:56:09.849 t20286A978A3E49F900F9
 20:56:09.849 t2038919F8F2200B7F9FE
 20:56:09.850 t20480000800000000000
 20:56:09.850 t2058D188A2027FFF5000
 20:56:09.949 t2008315ACF3E0048CA00
 20:56:09.949 t20184AE0CF0EF1F1F17A
 20:56:09.949 t20286A97CA3E49F900F9
 20:56:09.949 t203891CACF220127F9FE
 20:56:09.950 t20480000C00000000000
 20:56:09.950 t2058D188E2027FFF5000
 20:56:10.049 t2008315D0F3E0048CA00
 20:56:10.049 t20184AE00F0EF1F1F17A
 20:56:10.049 t20286A970A3E49F900F9
 20:56:10.049 t203892060F2200B7FDFF
 20:56:10.050 t20480000000000000000
 20:56:10.050 t2058D18822027FFF5000
 20:56:10.149 t200831604F3E0048CA00
 20:56:10.149 t20184AE04F0EF1F1F17A
 20:56:10.149 t20286A974A3E49F900F9
 20:56:10.149 t203892254F220327FDFF
 20:56:10.149 t20480000400000000000
 20:56:10.150 t2058D18862027FFF5000
 20:56:10.249 t200831638F3E0048CA00
 20:56:10.249 t20184AE08F0EF1F1F17A
 20:56:10.250 t20286A978A3E49F900F9
 20:56:10.250 t203892B18F2201C80200
 20:56:10.250 t20480000800000000000
 20:56:10.250 t2058D188A2027FFF5000
 20:56:10.349 t20083166CF3E0048CA00
 20:56:10.349 t20184AE0CF0EF1F1F17A
 20:56:10.350 t20286A97CA3E49F900F9
 20:56:10.350 t203892E3CF2200F80601
 20:56:10.350 t20480000C00000000000
 20:56:10.350 t2058D188E2027FFF5000
 20:56:10.449 t200831680F3E0048CA00
 20:56:10.449 t20184AE00F0EF1F1F17A
 20:56:10.450 t20286A970A3E49F900F9
 20:56:10.450 t203893520F2202B80A02
 20:56:10.450 t20480000000000000000
 20:56:10.450 t2058D18822027FFF5000
 20:56:10.549 t2008316B4F3E0048CA00
 20:56:10.549 t20184AE04F0EF1F1F17A
 20:56:10.549 t20286A974A3E49F900F9
 20:56:10.550 t203894154F2001F81A06
 20:56:10.550 t20480000400000000000
 20:56:10.550 t2058D18862027FFF5000
 20:56:10.649 t2008316E8F3E0048CA00
 20:56:10.649 t20184AE08F0EF1F1F17A
 20:56:10.649 t20286A978A3E49F900F9
 20:56:10.649 t2038944C8F2003581A06
 20:56:10.649 t20480000800000000000
 20:56:10.650 t2058D188A2027FFF5000
 20:56:10.749 t20083171CF3E0048CA00
 20:56:10.749 t20184AE0CF0EF1F1F17A
 20:56:10.749 t20286A97CA3E49F900F9
 20:56:10.749 t203894A9CF2003181A06
 20:56:10.749 t20480000C00000000000
 20:56:10.749 t2058D188E2027FFF5000
 20:56:10.849 t200831730F3E0048CA00
 20:56:10.849 t20184AE00F0EF1F1F17A
 20:56:10.849 t20286A970A3E49F900F9
 20:56:10.849 t203894E40F2001381A06
 20:56:10.849 t20480000000000000000
 20:56:10.849 t2058D18822027FFF5000
 20:56:10.949 t200831764F3E0048CA00
 20:56:10.949 t20184AE04F0EF1F1F17A
 20:56:10.949 t20286A974A3E49F900F9
 20:56:10.950 t2038952D4F203FF81BFF
 20:56:10.950 t20480000400000000000
 20:56:10.950 t2058D18862027FFF5000
 20:56:11.049 t200831798F3E0048CA00
 20:56:11.049 t20184AE08F0EF1F1F17A
 20:56:11.049 t20286A978A3E49F900F9
 20:56:11.050 t203891598F2201E7FDFF
 20:56:11.050 t20480000800000000000
 20:56:11.050 t2058D188A2027FFF5000
 20:56:11.149 t2008317CCF3E0048CA00
 20:56:11.149 t20184AE0CF0EF1F1F17A
 20:56:11.149 t20286A97CA3E49F900F9
 20:56:11.150 t2038919FCF2200B7F9FE
 20:56:11.150 t20480000C00000000000
 20:56:11.150 t2058D188E2027FFF5000
 20:56:11.249 t2008317F0F3E0048CA00
 20:56:11.249 t20184AE00F0EF1F1F17A
 20:56:11.249 t20286A970A3E49F900F9
 20:56:11.250 t203891CA0F220127F9FE
 20:56:11.250 t20480000000000000000
 20:56:11.250 t2058D18822027FFF5000
 20:56:11.349 t200831814F3E0048CA00
 20:56:11.349 t20184AE04F0EF1F1F17A
 20:56:11.349 t20286A974A3E49F900F9
 20:56:11.349 t203892064F2200B7FDFF
 20:56:11.349 t20480000400000000000
 20:56:11.349 t2058D18862027FFF5000
 20:56:11.449 t200831848F3E0048CA00
 20:56:11.449 t20184AE08F0EF1F1F17A
 20:56:11.449 t20286A978A3E49F900F9
 20:56:11.449 t203892258F220327FDFF
 20:56:11.449 t20480000800000000000
 20:56:11.449 t2058D188A2027FFF5000
 20:56:11.549 t20083187CF3E0048CA00
 20:56:11.549 t20184AE0CF0EF1F1F17A
 20:56:11.549 t20286A97CA3E49F900F9
 20:56:11.550 t203892B1CF2201C80200
 20:56:11.550 t20480000C00000000000
 20:56:11.550 t2058D188E2027FFF5000
 20:56:11.649 t2008318A0F3E0048CA00
 20:56:11.649 t20184AE00F0EF1F1F17A
 20:56:11.649 t20286A970A3E49F900F9
 20:56:11.650 t203892E30F2200F80601
 20:56:11.650 t20480000000000000000
 20:56:11.650 t2058D18822027FFF5000
 20:56:11.749 t2008318C4F3E0048CA00
 20:56:11.749 t20184AE04F0EF1F1F17A
 20:56:11.749 t20286A974A3E49F900F9
 20:56:11.750 t203893524F2202B80A02
 20:56:11.750 t20480000400000000000
 20:56:11.750 t2058D18862027FFF5000
 20:56:11.849 t2008318F8F3E0048CA00
 20:56:11.849 t20184AE08F0EF1F1F17A
 20:56:11.849 t20286A978A3E49F900F9
 20:56:11.849 t203893E38F2202181606
 20:56:11.850 t20480000800000000000
 20:56:11.850 t2058D188A2027FFF5000
 20:56:11.949 t20083192CF3E0048CA00
 20:56:11.949 t20184AE0CF0EF1F1F17A
 20:56:11.949 t20286A97CA3E49F900F9
 20:56:11.950 t20389415CF2201F81A06
 20:56:11.950 t20480000C00000000000
 20:56:11.950 t2058D188E2027FFF5000
 20:56:12.048 t200831950F3E0048CA00
 20:56:12.049 t20184AE00F0EF1F1F17A
 20:56:12.049 t20286A970A3E49F900F9
 20:56:12.049 t2038944C0F2203581A06
 20:56:12.049 t20480000000000000000
 20:56:12.049 t2058D18822027FFF5000
 20:56:12.149 t200831984F3E0048CA00
 20:56:12.150 t20184AE04F0EF1F1F17A
 20:56:12.150 t20286A974A3E49F900F9
 20:56:12.150 t203894A94F2203181A06
 20:56:12.150 t20480000400000000000
 20:56:12.150 t2058D18862027FFF5000
 20:56:12.249 t2008319A8F3E0048CA00
 20:56:12.250 t20184AE08F0EF1F1F17A
 20:56:12.250 t20286A978A3E49F900F9
 20:56:12.250 t203894E48F2201381A06
 20:56:12.250 t20480000800000000000
 20:56:12.250 t2058D188A2027FFF5000
 20:56:12.350 t2008319DCF3E0048CA00
 20:56:12.350 t20184AE0CF0EF1F1F17A
 20:56:12.350 t20286A97CA3E49F900F9
 20:56:12.350 t2038952DCF223FF81BFF
 20:56:12.351 t20480000C00000000000
 20:56:12.351 t2058D188E2027FFF5000
 20:56:12.450 t200831A00F3E0048CA00
 20:56:12.450 t20184AE00F0EF1F1F17A
 20:56:12.450 t20286A970A3E49F900F9
 20:56:12.450 t203891590F2201E7FDFF
 20:56:12.451 t20480000000000000000
 20:56:12.451 t2058D18822027FFF5000
 20:56:12.550 t200831A34F3E0048CA00
 20:56:12.550 t20184AE04F0EF1F1F17A
 20:56:12.550 t20286A974A3E49F900F9
 20:56:12.550 t2038919F4F2200B7F9FE
 20:56:12.550 t20480000400000000000
 20:56:12.551 t2058D18862027FFF5000
 20:56:12.649 t200831A68F3E0048CA00
 20:56:12.650 t20184AE08F0EF1F1F17A
 20:56:12.650 t20286A978A3E49F900F9
 20:56:12.650 t203891CA8F220127F9FE
 20:56:12.650 t20480000800000000000
 20:56:12.650 t2058D188A2027FFF5000
 20:56:12.749 t200831A8CF3E0048CA00
 20:56:12.749 t20184AE0CF0EF1F1F17A
 20:56:12.750 t20286A97CA3E49F900F9
 20:56:12.750 t20389206CF2200B7FDFF
 20:56:12.750 t20480000C00000000000
 20:56:12.750 t2058D188E2027FFF5000
 20:56:12.849 t200831AB0F3E0048CA00
 20:56:12.849 t20184AE00F0EF1F1F17A
 20:56:12.850 t20286A970A3E49F900F9
 20:56:12.850 t203892250F220327FDFF
 20:56:12.850 t20480000000000000000
 20:56:12.850 t2058D18822027FFF5000
 20:56:12.950 t200831AE4F3E0048CA00
 20:56:12.950 t20184AE04F0EF1F1F17A
 20:56:12.950 t20286A974A3E49F900F9
 20:56:12.950 t203892B14F2201C80200
 20:56:12.950 t20480000400000000000
 20:56:12.951 t2058D18862027FFF5000
 20:56:13.050 t200831B18F3E0048CA00
 20:56:13.050 t20184AE08F0EF1F1F17A
 20:56:13.050 t20286A978A3E49F900F9
 20:56:13.050 t203892E38F2200F80601
 20:56:13.050 t20480000800000000000
 20:56:13.051 t2058D188A2027FFF5000
 20:56:13.149 t200831B3CF3E0048CA00
 20:56:13.150 t20184AE0CF0EF1F1F17A
 20:56:13.150 t20286A97CA3E49F900F9
 20:56:13.150 t20389352CF2202B80A02
 20:56:13.150 t20480000C00000000000
 20:56:13.151 t2058D188E2027FFF5000
 20:56:13.249 t200831B60F3E0048CA00
 20:56:13.250 t20184AE00F0EF1F1F17A
 20:56:13.250 t20286A970A3E49F900F9
 20:56:13.250 t203893E30F2202181606
 20:56:13.250 t20480000000000000000
 20:56:13.250 t2058D18822027FFF5000
 20:56:13.349 t200831B94F3E0048CA00
 20:56:13.349 t20184AE04F0EF1F1F17A
 20:56:13.349 t20286A974A3E49F900F9
 20:56:13.350 t203894154F2201F81A06
 20:56:13.350 t20480000400000000000
 20:56:13.350 t2058D18862027FFF5000
 20:56:13.449 t200831BC8F3E0048CA00
 20:56:13.449 t20184AE08F0EF1F1F17A
 20:56:13.450 t20286A978A3E49F900F9
 20:56:13.450 t2038944C8F2203581A06
 20:56:13.450 t20480000800000000000
 20:56:13.450 t2058D188A2027FFF5000
 20:56:13.549 t200831BFCF3E0048CA00
 20:56:13.550 t20184AE0CF0EF1F1F17A
 20:56:13.550 t20286A97CA3E49F900F9
 20:56:13.550 t203894A9CF2203181A06
 20:56:13.550 t20480000C00000000000
 20:56:13.550 t2058D188E2027FFF5000
 20:56:13.649 t200831C10F3E0048CA00
 20:56:13.649 t20184AE00F0EF1F1F17A
 20:56:13.650 t20286A970A3E49F900F9
 20:56:13.650 t203894E40F2201381A06
 20:56:13.650 t20480000000000000000
 20:56:13.650 t2058D18822027FFF5000
 20:56:13.749 t200831C44F3E0048CA00
 20:56:13.749 t20184AE04F0EF1F1F17A
 20:56:13.749 t20286A974A3E49F900F9
 20:56:13.750 t2038952D4F223FF81BFF
 20:56:13.750 t20480000400000000000
 20:56:13.750 t2058D18862027FFF5000
 20:56:13.849 t200831C78F3E0048CA00
 20:56:13.849 t20184AE08F0EF1F1F17A
 20:56:13.850 t20286A978A3E49F900F9
 20:56:13.850 t203891598F2201E7FDFF
 20:56:13.850 t20480000800000000000
 20:56:13.850 t2058D188A2027FFF5000
 20:56:13.949 t200831CACF3E0048CA00
 20:56:13.949 t20184AE0CF0EF1F1F17A
 20:56:13.950 t20286A97CA3E49F900F9
 20:56:13.950 t2038919FCF2200B7F9FE
 20:56:13.950 t20480000C00000000000
 20:56:13.950 t2058D188E2027FFF5000
 20:56:14.049 t200831CC0F3E0048CA00
 20:56:14.049 t20184AE00F0EF1F1F17A
 20:56:14.049 t20286A970A3E49F900F9
 20:56:14.049 t203891CA0F220127F9FE
 20:56:14.049 t20480000000000000000
 20:56:14.050 t2058D18822027FFF5000
 20:56:14.149 t200831CF4F3E0048CA00
 20:56:14.149 t20184AE04F0EF1F1F17A
 20:56:14.149 t20286A974A3E49F900F9
 20:56:14.149 t203892064F2200B7FDFF
 20:56:14.149 t20480000400000000000
 20:56:14.149 t2058D18862027FFF5000
 20:56:14.249 t200831D28F3E0048CA00
 20:56:14.250 t20184AE08F0EF1F1F17A
 20:56:14.250 t20286A978A3E49F900F9
 20:56:14.250 t203892258F220327FDFF
 20:56:14.250 t20480000800000000000
 20:56:14.250 t2058D188A2027FFF5000
 20:56:14.349 t200831D5CF3E0048CA00
 20:56:14.349 t20184AE0CF0EF1F1F17A
 20:56:14.350 t20286A97CA3E49F900F9
 20:56:14.350 t203892B1CF2201C80200
 20:56:14.350 t20480000C00000000000
 20:56:14.350 t2058D188E2027FFF5000
 20:56:14.449 t200831D80F3E0048CA00
 20:56:14.449 t20184AE00F0EF1F1F17A
 20:56:14.450 t20286A970A3E49F900F9
 20:56:14.450 t203892E30F2200F80601
 20:56:14.450 t20480000000000000000
 20:56:14.450 t2058D18822027FFF5000
 20:56:14.549 t200831DA4F3E0048CA00
 20:56:14.549 t20184AE04F0EF1F1F17A
 20:56:14.550 t20286A974A3E49F900F9
 20:56:14.550 t203893524F2202B80A02
 20:56:14.550 t20480000400000000000
 20:56:14.550 t2058D18862027FFF5000
 20:56:14.649 t200831DD8F3E0048CA00
 20:56:14.649 t20184AE08F0EF1F1F17A
 20:56:14.649 t20286A978A3E49F900F9
 20:56:14.649 t203893E38F2202181606
 20:56:14.649 t20480000800000000000
 20:56:14.649 t2058D188A2027FFF5000
 20:56:14.749 t200831E0CF3E0048CA00
 20:56:14.749 t20184AE0CF0EF1F1F17A
 20:56:14.749 t20286A97CA3E49F900F9
 20:56:14.749 t20389415CF2201F81A06
 20:56:14.749 t20480000C00000000000
 20:56:14.749 t2058D188E2027FFF5000
 20:56:14.849 t200831E30F3E0048CA00
 20:56:14.849 t20184AE00F0EF1F1F17A
 20:56:14.849 t20286A970A3E49F900F9
 20:56:14.849 t2038944C0F2203581A06
 20:56:14.850 t20480000000000000000
 20:56:14.850 t2058D18822027FFF5000
 20:56:14.949 t200831E54F3E0048CA00
 20:56:14.949 t20184AE04F0EF1F1F17A
 20:56:14.949 t20286A974A3E49F900F9
 20:56:14.949 t203894A94F2203181A06
 20:56:14.950 t20480000400000000000
 20:56:14.950 t2058D18862027FFF5000
 20:56:15.049 t200831E88F3E0048CA00
 20:56:15.049 t20184AE08F0EF1F1F17A
 20:56:15.049 t20286A978A3E49F900F9
 20:56:15.050 t203894E48F2201381A06
 20:56:15.050 t20480000800000000000
 20:56:15.050 t2058D188A2027FFF5000
 20:56:15.149 t200831EBCF3E0048CA00
 20:56:15.149 t20184AE0CF0EF1F1F17A
 20:56:15.149 t20286A97CA3E49F900F9
 20:56:15.150 t2038952DCF223FF81BFF
 20:56:15.150 t20480000C00000000000
 20:56:15.150 t2058D188E2027FFF5000
 20:56:15.249 t200831EE0F3E0048CA00
 20:56:15.249 t20184AE00F0EF1F1F17A
 20:56:15.249 t20286A970A3E49F900F9
 20:56:15.250 t203891590F2201E7FDFF
 20:56:15.250 t20480000000000000000
 20:56:15.250 t2058D18822027FFF5000
 20:56:15.349 t200831F14F3E0048CA00
 20:56:15.349 t20184AE04F0EF1F1F17A
 20:56:15.349 t20286A974A3E49F900F9
 20:56:15.349 t2038919F4F2200B7F9FE
 20:56:15.349 t20480000400000000000
 20:56:15.349 t2058D18862027FFF5000
 20:56:15.449 t200831F38F3E0048CA00
 20:56:15.449 t20184AE08F0EF1F1F17A
 20:56:15.449 t20286A978A3E49F900F9
 20:56:15.449 t203891CA8F220127F9FE
 20:56:15.449 t20480000800000000000
 20:56:15.449 t2058D188A2027FFF5000
 20:56:15.549 t200831F6CF3E0048CA00
 20:56:15.549 t20184AE0CF0EF1F1F17A
 20:56:15.549 t20286A97CA3E49F900F9
 20:56:15.549 t20389206CF2200B7FDFF
 20:56:15.550 t20480000C00000000000
 20:56:15.550 t2058D188E2027FFF5000
 20:56:15.649 t200831F90F3E0048CA00
 20:56:15.649 t20184AE00F0EF1F1F17A
 20:56:15.649 t20286A970A3E49F900F9
 20:56:15.649 t203892250F220327FDFF
 20:56:15.650 t20480000000000000000
 20:56:15.650 t2058D18822027FFF5000
 20:56:15.749 t200831FC4F3E0048CA00
 20:56:15.749 t20184AE04F0EF1F1F17A
 20:56:15.749 t20286A974A3E49F900F9
 20:56:15.749 t203892B14F2201C80200
 20:56:15.749 t20480000400000000000
 20:56:15.749 t2058D18862027FFF5000
 20:56:15.849 t200831FE8F3E0048CA00
 20:56:15.849 t20184AE08F0EF1F1F17A
 20:56:15.849 t20286A978A3E49F900F9
 20:56:15.849 t203892E38F2200F80601
 20:56:15.849 t20480000800000000000
 20:56:15.850 t2058D188A2027FFF5000
 20:56:15.949 t20083201CF3E0048CA00
 20:56:15.949 t20184AE0CF0EF1F1F17A
 20:56:15.949 t20286A97CA3E49F900F9
 20:56:15.949 t20389352CF2202B80A02
 20:56:15.949 t20480000C00000000000
 20:56:15.950 t2058D188E2027FFF5000
 20:56:16.049 t200832040F3E0048CA00
 20:56:16.049 t20184AE00F0EF1F1F17A
 20:56:16.050 t20286A970A3E49F900F9
 20:56:16.050 t203893E30F2202181606
 20:56:16.050 t20480000000000000000
 20:56:16.050 t2058D18822027FFF5000
 20:56:16.149 t200832074F3E0048CA00
 20:56:16.149 t20184AE04F0EF1F1F17A
 20:56:16.150 t20286A974A3E49F900F9
 20:56:16.150 t203894154F2201F81A06
 20:56:16.150 t20480000400000000000
 20:56:16.150 t2058D18862027FFF5000
 20:56:16.250 t2008320A8F3E0048CA00
 20:56:16.250 t20184AE08F0EF1F1F17A
 20:56:16.250 t20286A978A3E49F900F9
 20:56:16.250 t2038944C8F2203581A06
 20:56:16.250 t20480000800000000000
 20:56:16.251 t2058D188A2027FFF5000
 20:56:16.349 t2008320CCF3E0048CA00
 20:56:16.350 t20184AE0CF0EF1F1F17A
 20:56:16.350 t20286A97CA3E49F900F9
 20:56:16.350 t203894A9CF2203181A06
 20:56:16.350 t20480000C00000000000
 20:56:16.351 t2058D188E2027FFF5000
 20:56:16.450 t2008320F0F3E0048CA00
 20:56:16.450 t20184AE00F0EF1F1F17A
 20:56:16.450 t20286A970A3E49F900F9
 20:56:16.450 t203894E40F2201381A06
 20:56:16.450 t20480000000000000000
 20:56:16.451 t2058D18822027FFF5000
 20:56:16.549 t200832124F3E0048CA00
 20:56:16.550 t20184AE04F0EF1F1F17A
 20:56:16.550 t20286A974A3E49F900F9
 20:56:16.550 t2038952D4F223FF81BFF
 20:56:16.550 t20480000400000000000
 20:56:16.550 t2058D18862027FFF5000
 20:56:16.649 t200832158F3E0048CA00
 20:56:16.649 t20184AE08F0EF1F1F17A
 20:56:16.649 t20286A978A3E49F900F9
 20:56:16.650 t2038919F8F2200B7F9FE
 20:56:16.650 t20480000800000000000
 20:56:16.650 t2058D188A2027FFF5000
 20:56:16.749 t20083217CF3E0048CA00
 20:56:16.749 t20184AE0CF0EF1F1F17A
 20:56:16.749 t20286A97CA3E49F900F9
 20:56:16.750 t203891CACF220127F9FE
 20:56:16.750 t20480000C00000000000
 20:56:16.750 t2058D188E2027FFF5000
 20:56:16.849 t2008321A0F3E0048CA00
 20:56:16.850 t20184AE00F0EF1F1F17A
 20:56:16.850 t20286A970A3E49F900F9
 20:56:16.850 t203892060F2200B7FDFF
 20:56:16.850 t20480000000000000000
 20:56:16.850 t2058D18822027FFF5000
 20:56:16.949 t2008321D4F3E0048CA00
 20:56:16.950 t20184AE04F0EF1F1F17A
 20:56:16.950 t20286A974A3E49F900F9
 20:56:16.950 t203892254F220327FDFF
 20:56:16.950 t20480000400000000000
 20:56:16.951 t2058D18862027FFF5000
 20:56:17.049 t200832208F3E0048CA00
 20:56:17.050 t20184AE08F0EF1F1F17A
 20:56:17.050 t20286A978A3E49F900F9
 20:56:17.050 t203892B18F2201C80200
 20:56:17.050 t20480000800000000000
 20:56:17.050 t2058D188A2027FFF5000
 20:56:17.149 t20083223CF3E0048CA00
 20:56:17.150 t20184AE0CF0EF1F1F17A
 20:56:17.150 t20286A97CA3E49F900F9
 20:56:17.150 t203892E3CF2200F80601
 20:56:17.150 t20480000C00000000000
 20:56:17.150 t2058D188E2027FFF5000
 20:56:17.249 t200832250F3E0048CA00
 20:56:17.250 t20184AE00F0EF1F1F17A
 20:56:17.250 t20286A970A3E49F900F9
 20:56:17.250 t203893520F2202B80A02
 20:56:17.250 t20480000000000000000
 20:56:17.250 t2058D18822027FFF5000
 20:56:17.349 t200832284F3E0048CA00
 20:56:17.349 t20184AE04F0EF1F1F17A
 20:56:17.349 t20286A974A3E49F900F9
 20:56:17.349 t203893E34F2202181606
 20:56:17.350 t20480000400000000000
 20:56:17.350 t2058D18862027FFF5000
 20:56:17.449 t2008322B8F3E0048CA00
 20:56:17.449 t20184AE08F0EF1F1F17A
 20:56:17.449 t20286A978A3E49F900F9
 20:56:17.449 t203894158F2201F81A06
 20:56:17.449 t20480000800000000000
 20:56:17.450 t2058D188A2027FFF5000
 20:56:17.549 t2008322ECF3E0048CA00
 20:56:17.549 t20184AE0CF0EF1F1F17A
 20:56:17.550 t20286A97CA3E49F900F9
 20:56:17.550 t2038952DCF2006881A07
 20:56:17.550 t20480000C00000000000
 20:56:17.550 t2058D188E2027FFF5000
 20:56:17.649 t200832300F3E0048CA00
 20:56:17.649 t20184AE00F0EF1F1F17A
 20:56:17.649 t20286A970A3E49F900F9
 20:56:17.649 t203891CA0F220127F9FE
 20:56:17.650 t20480000000000000000
 20:56:17.650 t2058D18822027FFF5000
 20:56:17.749 t200832334F3E0048CA00
 20:56:17.749 t20184AE04F0EF1F1F17A
 20:56:17.750 t20286A974A3E49F900F9
 20:56:17.750 t203892064F2200B7FDFF
 20:56:17.750 t20480000400000000000
 20:56:17.750 t2058D18862027FFF5000
 20:56:17.849 t200832368F3E0048CA00
 20:56:17.849 t20184AE08F0EF1F1F17A
 20:56:17.850 t20286A978A3E49F900F9
 20:56:17.850 t203892258F220327FDFF
 20:56:17.850 t20480000800000000000
 20:56:17.850 t2058D188A2027FFF5000
 20:56:17.949 t20083239CF3E0048CA00
 20:56:17.949 t20184AE0CF0EF1F1F17A
 20:56:17.950 t20286A97CA3E49F900F9
 20:56:17.950 t203892B1CF2201C80200
 20:56:17.950 t20480000C00000000000
 20:56:17.950 t2058D188E2027FFF5000
 20:56:18.049 t2008323C0F3E0048CA00
 20:56:18.049 t20184AE00F0EF1F1F17A
 20:56:18.049 t20286A970A3E49F900F9
 20:56:18.049 t203892E30F2200F80601
 20:56:18.049 t20480000000000000000
 20:56:18.049 t2058D18822027FFF5000
 20:56:18.149 t2008323E4F3E0048CA00
 20:56:18.149 t20184AE04F0EF1F1F17A
 20:56:18.149 t20286A974A3E49F900F9
 20:56:18.149 t203893524F2202B80A02
 20:56:18.149 t20480000400000000000
 20:56:18.149 t2058D18862027FFF5000
 20:56:18.249 t200832418F3E0048CA00
 20:56:18.249 t20184AE08F0EF1F1F17A
 20:56:18.249 t20286A978A3E49F900F9
 20:56:18.250 t203893E38F2202181606
 20:56:18.250 t20480000800000000000
 20:56:18.250 t2058D188A2027FFF5000
 20:56:18.349 t20083244CF3E0048CA00
 20:56:18.349 t20184AE0CF0EF1F1F17A
 20:56:18.349 t20286A97CA3E49F900F9
 20:56:18.350 t20389415CF2201F81A06
 20:56:18.350 t20480000C00000000000
 20:56:18.350 t2058D188E2027FFF5000
 20:56:18.449 t200832470F3E0048CA00
 20:56:18.449 t20184AE00F0EF1F1F17A
 20:56:18.450 t20286A970A3E49F900F9
 20:56:18.450 t2038944C0F2203581A06
 20:56:18.450 t20480000000000000000
 20:56:18.450 t2058D18822027FFF5000
 20:56:18.549 t200832494F3E0048CA00
 20:56:18.549 t20184AE04F0EF1F1F17A
 20:56:18.549 t20286A974A3E49F900F9
 20:56:18.550 t203894A94F2203181A06
 20:56:18.550 t20480000400000000000
 20:56:18.550 t2058D18862027FFF5000
 20:56:18.649 t2008324C8F3E0048CA00
 20:56:18.649 t20184AE08F0EF1F1F17A
 20:56:18.650 t20286A978A3E49F900F9
 20:56:18.650 t203894E48F2201381A06
 20:56:18.650 t20480000800000000000
 20:56:18.650 t2058D188A2027FFF5000
 20:56:18.749 t2008324FCF3E0048CA00
 20:56:18.749 t20184AE0CF0EF1F1F17A
 20:56:18.749 t20286A97CA3E49F900F9
 20:56:18.749 t2038952DCF2206881A07
 20:56:18.749 t20480000C00000000000
 20:56:18.749 t2058D188E2027FFF5000
 20:56:18.849 t200832520F3E0048CA00
 20:56:18.849 t20184AE00F0EF1F1F17A
 20:56:18.849 t20286A970A3E49F900F9
 20:56:18.849 t203891CA0F220127F9FE
 20:56:18.849 t20480000000000000000
 20:56:18.849 t2058D18822027FFF5000
 20:56:18.949 t200832554F3E0048CA00
 20:56:18.949 t20184AE04F0EF1F1F17A
 20:56:18.949 t20286A974A3E49F900F9
 20:56:18.949 t203892064F2200B7FDFF
 20:56:18.950 t20480000400000000000
 20:56:18.950 t2058D18862027FFF5000
 20:56:19.049 t200832578F3E0048CA00
 20:56:19.049 t20184AE08F0EF1F1F17A
 20:56:19.049 t20286A978A3E49F900F9
 20:56:19.050 t203892258F220327FDFF
 20:56:19.050 t20480000800000000000
 20:56:19.050 t2058D188A2027FFF5000
 20:56:19.149 t2008325ACF3E0048CA00
 20:56:19.149 t20184AE0CF0EF1F1F17A
 20:56:19.149 t20286A97CA3E49F900F9
 20:56:19.150 t203892B1CF2201C80200
 20:56:19.150 t20480000C00000000000
 20:56:19.150 t2058D188E2027FFF5000
 20:56:19.249 t2008325D0F3E0048CA00
 20:56:19.249 t20184AE00F0EF1F1F17A
 20:56:19.249 t20286A970A3E49F900F9
 20:56:19.249 t203892E30F2200F80601
 20:56:19.250 t20480000000000000000
 20:56:19.250 t2058D18822027FFF5000
 20:56:19.348 t200832604F3E0048CA00
 20:56:19.349 t20184AE04F0EF1F1F17A
 20:56:19.349 t20286A974A3E49F900F9
 20:56:19.349 t203893524F2202B80A02
 20:56:19.349 t20480000400000000000
 20:56:19.349 t2058D18862027FFF5000
 20:56:19.448 t200832628F3E0048CA00
 20:56:19.449 t20184AE08F0EF1F1F17A
 20:56:19.449 t20286A978A3E49F900F9
 20:56:19.449 t203893E38F2202181606
 20:56:19.449 t20480000800000000000
 20:56:19.449 t2058D188A2027FFF5000
 20:56:19.549 t20083265CF3E0048CA00
 20:56:19.549 t20184AE0CF0EF1F1F17A
 20:56:19.549 t20286A97CA3E49F900F9
 20:56:19.550 t203895C1CF203FF81FFF
 20:56:19.550 t20480000C00000000000
 20:56:19.550 t2058D188E2027FFF5000
 20:56:19.648 t200832680F3E0048CA00
 20:56:19.649 t20184AE00F0EF1F1F17A
 20:56:19.649 t20286A970A3E49F900F9
 20:56:19.649 t203892060F2200B7FDFF
 20:56:19.649 t20480000000000000000
 20:56:19.649 t2058D18822027FFF5000
 20:56:19.748 t2008326B4F3E0048CA00
 20:56:19.749 t20184AE04F0EF1F1F17A
 20:56:19.749 t20286A974A3E49F900F9
 20:56:19.749 t203892254F220327FDFF
 20:56:19.749 t20480000400000000000
 20:56:19.749 t2058D18862027FFF5000
 20:56:19.848 t2008326E8F3E0048CA00
 20:56:19.848 t20184AE08F0EF1F1F17A
 20:56:19.849 t20286A978A3E49F900F9
 20:56:19.849 t203892B18F2201C80200
 20:56:19.849 t20480000800000000000
 20:56:19.849 t2058D188A2027FFF5000
 20:56:19.949 t20083270CF3E0048CA00
 20:56:19.950 t20184AE0CF0EF1F1F17A
 20:56:19.950 t20286A97CA3E49F900F9
 20:56:19.950 t203892E3CF2200F80601
 20:56:19.950 t20480000C00000000000
 20:56:19.950 t2058D188E2027FFF5000
 20:56:20.049 t200832730F3E0048CA00
 20:56:20.049 t20184AE00F0EF1F1F17A
 20:56:20.050 t20286A970A3E49F900F9
 20:56:20.050 t203893520F2202B80A02
 20:56:20.050 t20480000000000000000
 20:56:20.050 t2058D18822027FFF5000
 20:56:20.149 t200832764F3E0048CA00
 20:56:20.149 t20184AE04F0EF1F1F17A
 20:56:20.149 t20286A974A3E49F900F9
 20:56:20.150 t203893E34F2202181606
 20:56:20.150 t20480000400000000000
 20:56:20.150 t2058D18862027FFF5000
 20:56:20.249 t200832798F3E0048CA00
 20:56:20.250 t20184AE08F0EF1F1F17A
 20:56:20.250 t20286A978A3E49F900F9
 20:56:20.250 t203894158F2201F81A06
 20:56:20.250 t20480000800000000000
 20:56:20.251 t2058D188A2027FFF5000
 20:56:20.349 t2008327BCF3E0048CA00
 20:56:20.350 t20184AE0CF0EF1F1F17A
 20:56:20.350 t20286A97CA3E49F900F9
 20:56:20.350 t2038944CCF2203581A06
 20:56:20.350 t20480000C00000000000
 20:56:20.351 t2058D188E2027FFF5000
 20:56:20.449 t2008327E0F3E0048CA00
 20:56:20.450 t20184AE00F0EF1F1F17A
 20:56:20.450 t20286A970A3E49F900F9
 20:56:20.450 t203894A90F2203181A06
 20:56:20.450 t20480000000000000000
 20:56:20.451 t2058D18822027FFF5000
 20:56:20.550 t200832814F3E0048CA00
 20:56:20.550 t20184AE04F0EF1F1F17A
 20:56:20.550 t20286A974A3E49F900F9
 20:56:20.550 t203894E44F2201381A06
 20:56:20.551 t20480000400000000000
 20:56:20.551 t2058D18862027FFF5000
 20:56:20.649 t200832848F3E0048CA00
 20:56:20.650 t20184AE08F0EF1F1F17A
 20:56:20.650 t20286A978A3E49F900F9
 20:56:20.650 t2038952D8F2206881A07
 20:56:20.650 t20480000800000000000
 20:56:20.650 t2058D188A2027FFF5000
 20:56:20.749 t20083287CF3E0048CA00
 20:56:20.749 t20184AE0CF0EF1F1F17A
 20:56:20.749 t20286A97CA3E49F900F9
 20:56:20.749 t203895C1CF223FF81FFF
 20:56:20.750 t20480000C00000000000
 20:56:20.750 t2058D188E2027FFF5000
 20:56:20.849 t200832890F3E0048CA00
 20:56:20.849 t20184AE00F0EF1F1F17A
 20:56:20.849 t20286A970A3E49F900F9
 20:56:20.849 t203892060F2200B7FDFF
 20:56:20.850 t20480000000000000000
 20:56:20.850 t2058D18822027FFF5000
 20:56:20.949 t2008328C4F3E0048CA00
 20:56:20.949 t20184AE04F0EF1F1F17A
 20:56:20.950 t20286A974A3E49F900F9
 20:56:20.950 t203892254F220327FDFF
 20:56:20.950 t20480000400000000000
 20:56:20.950 t2058D18862027FFF5000
 20:56:21.049 t2008328F8F3E0048CA00
 20:56:21.049 t20184AE08F0EF1F1F17A
 20:56:21.050 t20286A978A3E49F900F9
 20:56:21.050 t203892B18F2201C80200
 20:56:21.050 t20480000800000000000
 20:56:21.050 t2058D188A2027FFF5000
 20:56:21.149 t20083292CF3E0048CA00
 20:56:21.149 t20184AE0CF0EF1F1F17A
 20:56:21.150 t20286A97CA3E49F900F9
 20:56:21.150 t203892E3CF2200F80601
 20:56:21.150 t20480000C00000000000
 20:56:21.150 t2058D188E2027FFF5000
 20:56:21.249 t200832940F3E0048CA00
 20:56:21.249 t20184AE00F0EF1F1F17A
 20:56:21.250 t20286A970A3E49F900F9
 20:56:21.250 t203893520F2202B80A02
 20:56:21.250 t20480000000000000000
 20:56:21.250 t2058D18822027FFF5000
 20:56:21.349 t200832974F3E0048CA00
 20:56:21.349 t20184AE04F0EF1F1F17A
 20:56:21.350 t20286A974A3E49F900F9
 20:56:21.350 t203893E34F2202181606
 20:56:21.350 t20480000400000000000
 20:56:21.350 t2058D18862027FFF5000
 20:56:21.449 t2008329A8F3E0048CA00
 20:56:21.449 t20184AE08F0EF1F1F17A
 20:56:21.449 t20286A978A3E49F900F9
 20:56:21.449 t203894158F2201F81A06
 20:56:21.449 t20480000800000000000
 20:56:21.449 t2058D188A2027FFF5000
 20:56:21.549 t2008329DCF3E0048CA00
 20:56:21.549 t20184AE0CF0EF1F1F17A
 20:56:21.549 t20286A97CA3E49F900F9
 20:56:21.549 t2038944CCF2203581A06
 20:56:21.549 t20480000C00000000000
 20:56:21.549 t2058D188E2027FFF5000
 20:56:21.649 t200832A00F3E0048CA00
 20:56:21.649 t20184AE00F0EF1F1F17A
 20:56:21.650 t20286A970A3E49F900F9
 20:56:21.650 t203894A90F2203181A06
 20:56:21.650 t20480000000000000000
 20:56:21.650 t2058D18822027FFF5000
 20:56:21.749 t200832A24F3E0048CA00
 20:56:21.749 t20184AE04F0EF1F1F17A
 20:56:21.750 t20286A974A3E49F900F9
 20:56:21.750 t203894E44F2201381A06
 20:56:21.750 t20480000400000000000
 20:56:21.750 t2058D18862027FFF5000
 20:56:21.849 t200832A58F3E0048CA00
 20:56:21.849 t20184AE08F0EF1F1F17A
 20:56:21.850 t20286A978A3E49F900F9
 20:56:21.850 t2038952D8F2206881A07
 20:56:21.850 t20480000800000000000
 20:56:21.850 t2058D188A2027FFF5000
 20:56:21.949 t200832A8CF3E0048CA00
 20:56:21.949 t20184AE0CF0EF1F1F17A
 20:56:21.949 t20286A97CA3E49F900F9
 20:56:21.949 t203895C1CF223FF81FFF
 20:56:21.949 t20480000C00000000000
 20:56:21.949 t2058D188E2027FFF5000
 20:56:22.049 t200832AB0F3E0048CA00
 20:56:22.049 t20184AE00F0EF1F1F17A
 20:56:22.049 t20286A970A3E49F900F9
 20:56:22.049 t203892250F220327FDFF
 20:56:22.049 t20480000000000000000
 20:56:22.049 t2058D18822027FFF5000
 20:56:22.149 t200832AD4F3E0048CA00
 20:56:22.149 t20184AE04F0EF1F1F17A
 20:56:22.149 t20286A974A3E49F900F9
 20:56:22.149 t203892B14F2201C80200
 20:56:22.149 t20480000400000000000
 20:56:22.149 t2058D18862027FFF5000
 20:56:22.249 t200832B08F3E0048CA00
 20:56:22.249 t20184AE08F0EF1F1F17A
 20:56:22.249 t20286A978A3E49F900F9
 20:56:22.250 t203892E38F2200F80601
 20:56:22.250 t20480000800000000000
 20:56:22.250 t2058D188A2027FFF5000
 20:56:22.349 t200832B3CF3E0048CA00
 20:56:22.349 t20184AE0CF0EF1F1F17A
 20:56:22.349 t20286A97CA3E49F900F9
 20:56:22.350 t20389352CF2202B80A02
 20:56:22.350 t20480000C00000000000
 20:56:22.350 t2058D188E2027FFF5000
 20:56:22.449 t200832B60F3E0048CA00
 20:56:22.449 t20184AE00F0EF1F1F17A
 20:56:22.449 t20286A970A3E49F900F9
 20:56:22.449 t203893E30F2202181606
 20:56:22.450 t20480000000000000000
 20:56:22.451 t2058D18822027FFF5000
 20:56:22.549 t200832B94F3E0048CA00
 20:56:22.549 t20184AE04F0EF1F1F17A
 20:56:22.549 t20286A974A3E49F900F9
 20:56:22.549 t203894154F2201F81A06
 20:56:22.550 t20480000400000000000
 20:56:22.550 t2058D18862027FFF5000
 20:56:22.649 t200832BB8F3E0048CA00
 20:56:22.649 t20184AE08F0EF1F1F17A
 20:56:22.649 t20286A978A3E49F900F9
 20:56:22.650 t2038944C8F2203581A06
 20:56:22.650 t20480000800000000000
 20:56:22.650 t2058D188A2027FFF5000
 20:56:22.749 t200832BECF3E0048CA00
 20:56:22.749 t20184AE0CF0EF1F1F17A
 20:56:22.749 t20286A97CA3E49F900F9
 20:56:22.749 t203894A9CF2203181A06
 20:56:22.749 t20480000C00000000000
 20:56:22.749 t2058D188E2027FFF5000
 20:56:22.849 t200832C10F3E0048CA00
 20:56:22.849 t20184AE00F0EF1F1F17A
 20:56:22.849 t20286A970A3E49F900F9
 20:56:22.849 t203894E40F2201381A06
 20:56:22.849 t20480000000000000000
 20:56:22.849 t2058D18822027FFF5000
 20:56:22.949 t200832C44F3E0048CA00
 20:56:22.949 t20184AE04F0EF1F1F17A
 20:56:22.949 t20286A974A3E49F900F9
 20:56:22.949 t2038952D4F2206881A07
 20:56:22.949 t20480000400000000000
 20:56:22.949 t2058D18862027FFF5000
 20:56:23.049 t200832C68F3E0048CA00
 20:56:23.049 t20184AE08F0EF1F1F17A
 20:56:23.049 t20286A978A3E49F900F9
 20:56:23.049 t203895C18F223FF81FFF
 20:56:23.050 t20480000800000000000
 20:56:23.050 t2058D188A2027FFF5000
 20:56:23.149 t200832C9CF3E0048CA00
 20:56:23.149 t20184AE0CF0EF1F1F17A
 20:56:23.149 t20286A97CA3E49F900F9
 20:56:23.149 t20389225CF220327FDFF
 20:56:23.150 t20480000C00000000000
 20:56:23.150 t2058D188E2027FFF5000
 20:56:23.249 t200832CC0F3E0048CA00
 20:56:23.249 t20184AE00F0EF1F1F17A
 20:56:23.249 t20286A970A3E49F900F9
 20:56:23.249 t203892B10F2201C80200
 20:56:23.250 t20480000000000000000
 20:56:23.250 t2058D18822027FFF5000
 20:56:23.349 t200832CF4F3E0048CA00
 20:56:23.349 t20184AE04F0EF1F1F17A
 20:56:23.349 t20286A974A3E49F900F9
 20:56:23.349 t203892E34F2200F80601
 20:56:23.349 t20480000400000000000
 20:56:23.350 t2058D18862027FFF5000
 20:56:23.448 t200832D28F3E0048CA00
 20:56:23.449 t20184AE08F0EF1F1F17A
 20:56:23.449 t20286A978A3E49F900F9
 20:56:23.449 t203893528F2202B80A02
 20:56:23.449 t20480000800000000000
 20:56:23.449 t2058D188A2027FFF5000
 20:56:23.549 t200832D4CF3E0048CA00
 20:56:23.549 t20184AE0CF0EF1F1F17A
 20:56:23.549 t20286A97CA3E49F900F9
 20:56:23.549 t203893E3CF2202181606
 20:56:23.549 t20480000C00000000000
 20:56:23.550 t2058D188E2027FFF5000
 20:56:23.649 t200832D70F3E0048CA00
 20:56:23.649 t20184AE00F0EF1F1F17A
 20:56:23.649 t20286A970A3E49F900F9
 20:56:23.649 t203894150F2201F81A06
 20:56:23.650 t20480000000000000000
 20:56:23.650 t2058D18822027FFF5000
 20:56:23.749 t200832DA4F3E0048CA00
 20:56:23.749 t20184AE04F0EF1F1F17A
 20:56:23.749 t20286A974A3E49F900F9
 20:56:23.749 t2038944C4F2203581A06
 20:56:23.749 t20480000400000000000
 20:56:23.749 t2058D18862027FFF5000
 20:56:23.849 t200832DD8F3E0048CA00
 20:56:23.849 t20184AE08F0EF1F1F17A
 20:56:23.849 t20286A978A3E49F900F9
 20:56:23.849 t203894A98F2203181A06
 20:56:23.849 t20480000800000000000
 20:56:23.850 t2058D188A2027FFF5000
 20:56:23.949 t200832DFCF3E0048CA00
 20:56:23.949 t20184AE0CF0EF1F1F17A
 20:56:23.949 t20286A97CA3E49F900F9
 20:56:23.949 t203895C1CF2006681E06
 20:56:23.949 t20480000C00000000000
 20:56:23.950 t2058D188E2027FFF5000
 20:56:24.048 t200832E20F3E0048CA00
 20:56:24.048 t20184AE00F0EF1F1F17A
 20:56:24.049 t20286A970A3E49F900F9
 20:56:24.049 t2038964E0F2002081A06
 20:56:24.049 t20480000000000000000
 20:56:24.049 t2058D18822027FFF5000
 20:56:24.148 t200832E54F3E0048CA00
 20:56:24.148 t20184AE04F0EF1F1F17A
 20:56:24.149 t20286A974A3E49F900F9
 20:56:24.149 t2038967B4F2001D81606
 20:56:24.149 t20480000400000000000
 20:56:24.149 t2058D18862027FFF5000
 20:56:24.248 t200832E88F3E0048CA00
 20:56:24.249 t20184AE08F0EF1F1F17A
 20:56:24.249 t20286A978A3E49F900F9
 20:56:24.249 t203892B18F2201C80200
 20:56:24.249 t20480000800000000000
 20:56:24.250 t2058D188A2027FFF5000
 20:56:24.349 t200832EBCF3E0048CA00
 20:56:24.350 t20184AE0CF0EF1F1F17A
 20:56:24.350 t20286A97CA3E49F900F9
 20:56:24.350 t203892E3CF2200F80601
 20:56:24.350 t20480000C00000000000
 20:56:24.351 t2058D188E2027FFF5000
 20:56:24.450 t200832ED0F3E0048CA00
 20:56:24.450 t20184AE00F0EF1F1F17A
 20:56:24.450 t20286A970A3E49F900F9
 20:56:24.450 t203893520F2202B80A02
 20:56:24.450 t20480000000000000000
 20:56:24.451 t2058D18822027FFF5000
 20:56:24.549 t200832F04F3E0048CA00
 20:56:24.550 t20184AE04F0EF1F1F17A
 20:56:24.550 t20286A974A3E49F900F9
 20:56:24.550 t203893E34F2202181606
 20:56:24.550 t20480000400000000000
 20:56:24.550 t2058D18862027FFF5000
 20:56:24.649 t200832F38F3E0048CA00
 20:56:24.649 t20184AE08F0EF1F1F17A
 20:56:24.649 t20286A978A3E49F900F9
 20:56:24.650 t203894158F2201F81A06
 20:56:24.650 t20480000800000000000
 20:56:24.650 t2058D188A2027FFF5000
 20:56:24.749 t200832F6CF3E0048CA00
 20:56:24.749 t20184AE0CF0EF1F1F17A
 20:56:24.749 t20286A97CA3E49F900F9
 20:56:24.750 t2038944CCF2203581A06
 20:56:24.750 t20480000C00000000000
 20:56:24.750 t2058D188E2027FFF5000
 20:56:24.849 t200832F80F3E0048CA00
 20:56:24.849 t20184AE00F0EF1F1F17A
 20:56:24.849 t20286A970A3E49F900F9
 20:56:24.849 t203894A90F2203181A06
 20:56:24.850 t20480000000000000000
 20:56:24.850 t2058D18822027FFF5000
 20:56:24.949 t200832FB4F3E0048CA00
 20:56:24.950 t20184AE04F0EF1F1F17A
 20:56:24.950 t20286A974A3E49F900F9
 20:56:24.950 t203894E44F2201381A06
 20:56:24.950 t20480000400000000000
 20:56:24.950 t2058D18862027FFF5000
 20:56:25.049 t200832FE8F3E0048CA00
 20:56:25.049 t20184AE08F0EF1F1F17A
 20:56:25.049 t20286A978A3E49F900F9
 20:56:25.050 t2038952D8F2206881A07
 20:56:25.050 t20480000800000000000
 20:56:25.050 t2058D188A2027FFF5000
 20:56:25.149 t20083301CF3E0048CA00
 20:56:25.149 t20184AE0CF0EF1F1F17A
 20:56:25.150 t20286A97CA3E49F900F9
 20:56:25.150 t203895C1CF2206681E06
 20:56:25.150 t20480000C00000000000
 20:56:25.150 t2058D188E2027FFF5000
 20:56:25.249 t200833040F3E0048CA00
 20:56:25.249 t20184AE00F0EF1F1F17A
 20:56:25.250 t20286A970A3E49F900F9
 20:56:25.250 t2038964E0F2202081A06
 20:56:25.250 t20480000000000000000
 20:56:25.250 t2058D18822027FFF5000
 20:56:25.349 t200833064F3E0048CA00
 20:56:25.349 t20184AE04F0EF1F1F17A
 20:56:25.350 t20286A974A3E49F900F9
 20:56:25.350 t2038967B4F2201D81606
 20:56:25.350 t20480000400000000000
 20:56:25.350 t2058D18862027FFF5000
 20:56:25.449 t200833098F3E0048CA00
 20:56:25.449 t20184AE08F0EF1F1F17A
 20:56:25.449 t20286A978A3E49F900F9
 20:56:25.449 t203892B18F2201C80200
 20:56:25.449 t20480000800000000000
 20:56:25.450 t2058D188A2027FFF5000
 20:56:25.549 t2008330CCF3E0048CA00
 20:56:25.549 t20184AE0CF0EF1F1F17A
 20:56:25.550 t20286A97CA3E49F900F9
 20:56:25.550 t203892E3CF2200F80601
 20:56:25.550 t20480000C00000000000
 20:56:25.550 t2058D188E2027FFF5000
 20:56:25.649 t2008330F0F3E0048CA00
 20:56:25.649 t20184AE00F0EF1F1F17A
 20:56:25.649 t20286A970A3E49F900F9
 20:56:25.649 t203893520F2202B80A02
 20:56:25.649 t20480000000000000000
 20:56:25.650 t2058D18822027FFF5000
 20:56:25.749 t200833114F3E0048CA00
 20:56:25.749 t20184AE04F0EF1F1F17A
 20:56:25.749 t20286A974A3E49F900F9
 20:56:25.750 t203893E34F2202181606
 20:56:25.750 t20480000400000000000
 20:56:25.750 t2058D18862027FFF5000
 20:56:25.849 t200833148F3E0048CA00
 20:56:25.849 t20184AE08F0EF1F1F17A
 20:56:25.849 t20286A978A3E49F900F9
 20:56:25.849 t203894158F2201F81A06
 20:56:25.849 t20480000800000000000
 20:56:25.850 t2058D188A2027FFF5000
 20:56:25.949 t20083317CF3E0048CA00
 20:56:25.949 t20184AE0CF0EF1F1F17A
 20:56:25.950 t20286A97CA3E49F900F9
 20:56:25.950 t2038944CCF2203581A06
 20:56:25.950 t20480000C00000000000
 20:56:25.950 t2058D188E2027FFF5000
 20:56:26.049 t2008331A0F3E0048CA00
 20:56:26.049 t20184AE00F0EF1F1F17A
 20:56:26.049 t20286A970A3E49F900F9
 20:56:26.049 t203894A90F2203181A06
 20:56:26.049 t20480000000000000000
 20:56:26.049 t2058D18822027FFF5000
 20:56:26.149 t2008331D4F3E0048CA00
 20:56:26.149 t20184AE04F0EF1F1F17A
 20:56:26.149 t20286A974A3E49F900F9
 20:56:26.149 t203894E44F2201381A06
 20:56:26.149 t20480000400000000000
 20:56:26.149 t2058D18862027FFF5000
 20:56:26.249 t2008331F8F3E0048CA00
 20:56:26.249 t20184AE08F0EF1F1F17A
 20:56:26.249 t20286A978A3E49F900F9
 20:56:26.250 t2038952D8F2206881A07
 20:56:26.250 t20480000800000000000
 20:56:26.250 t2058D188A2027FFF5000
 20:56:26.349 t20083322CF3E0048CA00
 20:56:26.349 t20184AE0CF0EF1F1F17A
 20:56:26.349 t20286A97CA3E49F900F9
 20:56:26.350 t203895C1CF2206681E06
 20:56:26.350 t20480000C00000000000
 20:56:26.350 t2058D188E2027FFF5000
 20:56:26.449 t200833250F3E0048CA00
 20:56:26.449 t20184AE00F0EF1F1F17A
 20:56:26.449 t20286A970A3E49F900F9
 20:56:26.450 t2038964E0F2202081A06
 20:56:26.450 t20480000000000000000
 20:56:26.450 t2058D18822027FFF5000
 20:56:26.549 t200833284F3E0048CA00
 20:56:26.549 t20184AE04F0EF1F1F17A
 20:56:26.549 t20286A974A3E49F900F9
 20:56:26.550 t2038967B4F2201D81606
 20:56:26.550 t20480000400000000000
 20:56:26.550 t2058D18862027FFF5000
 20:56:26.649 t2008332A8F3E0048CA00
 20:56:26.649 t20184AE08F0EF1F1F17A
 20:56:26.649 t20286A978A3E49F900F9
 20:56:26.650 t203892B18F2201C80200
 20:56:26.650 t20480000800000000000
 20:56:26.650 t2058D188A2027FFF5000
 20:56:26.749 t2008332DCF3E0048CA00
 20:56:26.749 t20184AE0CF0EF1F1F17A
 20:56:26.749 t20286A97CA3E49F900F9
 20:56:26.749 t203892E3CF2200F80601
 20:56:26.749 t20480000C00000000000
 20:56:26.749 t2058D188E2027FFF5000
 20:56:26.849 t200833300F3E0048CA00
 20:56:26.849 t20184AE00F0EF1F1F17A
 20:56:26.849 t20286A970A3E49F900F9
 20:56:26.849 t203893520F2202B80A02
 20:56:26.849 t20480000000000000000
 20:56:26.849 t2058D18822027FFF5000
 20:56:26.949 t200833334F3E0048CA00
 20:56:26.949 t20184AE04F0EF1F1F17A
 20:56:26.949 t20286A974A3E49F900F9
 20:56:26.950 t203893E34F2202181606
 20:56:26.950 t20480000400000000000
 20:56:26.950 t2058D18862027FFF5000
 20:56:27.049 t200833368F3E0048CA00
 20:56:27.049 t20184AE08F0EF1F1F17A
 20:56:27.049 t20286A978A3E49F900F9
 20:56:27.049 t203894158F2201F81A06
 20:56:27.050 t20480000800000000000
 20:56:27.050 t2058D188A2027FFF5000
 20:56:27.149 t20083338CF3E0048CA00
 20:56:27.149 t20184AE0CF0EF1F1F17A
 20:56:27.149 t20286A97CA3E49F900F9
 20:56:27.149 t2038944CCF2203581A06
 20:56:27.149 t20480000C00000000000
 20:56:27.149 t2058D188E2027FFF5000
 20:56:27.248 t2008333B0F3E0048CA00
 20:56:27.249 t20184AE00F0EF1F1F17A
 20:56:27.249 t20286A970A3E49F900F9
 20:56:27.249 t203894A90F2203181A06
 20:56:27.249 t20480000000000000000
 20:56:27.249 t2058D18822027FFF5000
 20:56:27.349 t2008333E4F3E0048CA00
 20:56:27.349 t20184AE04F0EF1F1F17A
 20:56:27.349 t20286A974A3E49F900F9
 20:56:27.349 t203894E44F2201381A06
 20:56:27.350 t20480000400000000000
 20:56:27.350 t2058D18862027FFF5000
 20:56:27.448 t200833418F3E0048CA00
 20:56:27.449 t20184AE08F0EF1F1F17A
 20:56:27.449 t20286A978A3E49F900F9
 20:56:27.449 t2038952D8F2206881A07
 20:56:27.449 t20480000800000000000
 20:56:27.449 t2058D188A2027FFF5000
 20:56:27.548 t20083343CF3E0048CA00
 20:56:27.549 t20184AE0CF0EF1F1F17A
 20:56:27.549 t20286A97CA3E49F900F9
 20:56:27.549 t203895C1CF2206681E06
 20:56:27.549 t20480000C00000000000
 20:56:27.550 t2058D188E2027FFF5000
 20:56:27.649 t200833460F3E0048CA00
 20:56:27.649 t20184AE00F0EF1F1F17A
 20:56:27.649 t20286A970A3E49F900F9
 20:56:27.649 t2038964E0F2202081A06
 20:56:27.649 t20480000000000000000
 20:56:27.650 t2058D18822027FFF5000
 20:56:27.749 t200833494F3E0048CA00
 20:56:27.749 t20184AE04F0EF1F1F17A
 20:56:27.749 t20286A974A3E49F900F9
 20:56:27.749 t2038967B4F2201D81606
 20:56:27.749 t20480000400000000000
 20:56:27.750 t2058D18862027FFF5000
 20:56:27.848 t2008334C8F3E0048CA00
 20:56:27.849 t20184AE08F0EF1F1F17A
 20:56:27.849 t20286A978A3E49F900F9
 20:56:27.849 t203892B18F2201C80200
 20:56:27.849 t20480000800000000000
 20:56:27.849 t2058D188A2027FFF5000
 20:56:27.949 t2008334FCF3E0048CA00
 20:56:27.949 t20184AE0CF0EF1F1F17A
 20:56:27.949 t20286A97CA3E49F900F9
 20:56:27.949 t203892E3CF2200F80601
 20:56:27.949 t20480000C00000000000
 20:56:27.950 t2058D188E2027FFF5000
 20:56:28.048 t200833510F3E0048CA00
 20:56:28.048 t20184AE00F0EF1F1F17A
 20:56:28.048 t20286A970A3E49F900F9
 20:56:28.049 t203893520F2202B80A02
 20:56:28.049 t20480000000000000000
 20:56:28.049 t2058D18822027FFF5000
 20:56:28.148 t200833544F3E0048CA00
 20:56:28.148 t20184AE04F0EF1F1F17A
 20:56:28.148 t20286A974A3E49F900F9
 20:56:28.149 t203896B04F203FF81BFF
 20:56:28.149 t20480000400000000000
 20:56:28.149 t2058D18862027FFF5000
 20:56:28.248 t200833578F3E0048CA00
 20:56:28.249 t20184AE08F0EF1F1F17A
 20:56:28.249 t20286A978A3E49F900F9
 20:56:28.249 t203892E38F2200F80601
 20:56:28.249 t20480000800000000000
 20:56:28.249 t2058D188A2027FFF5000
 20:56:28.348 t2008335ACF3E0048CA00
 20:56:28.348 t20184AE0CF0EF1F1F17A
 20:56:28.349 t20286A97CA3E49F900F9
 20:56:28.349 t20389352CF2202B80A02
 20:56:28.349 t20480000C00000000000
 20:56:28.349 t2058D188E2027FFF5000
 20:56:28.449 t2008335C0F3E0048CA00
 20:56:28.450 t20184AE00F0EF1F1F17A
 20:56:28.450 t20286A970A3E49F900F9
 20:56:28.450 t203893E30F2202181606
 20:56:28.450 t20480000000000000000
 20:56:28.450 t2058D18822027FFF5000
 20:56:28.549 t2008335F4F3E0048CA00
 20:56:28.550 t20184AE04F0EF1F1F17A
 20:56:28.550 t20286A974A3E49F900F9
 20:56:28.550 t203894154F2201F81A06
 20:56:28.550 t20480000400000000000
 20:56:28.550 t2058D18862027FFF5000
 20:56:28.649 t200833628F3E0048CA00
 20:56:28.650 t20184AE08F0EF1F1F17A
 20:56:28.650 t20286A978A3E49F900F9
 20:56:28.650 t2038944C8F2203581A06
 20:56:28.650 t20480000800000000000
 20:56:28.650 t2058D188A2027FFF5000
 20:56:28.749 t20083365CF3E0048CA00
 20:56:28.749 t20184AE0CF0EF1F1F17A
 20:56:28.749 t20286A97CA3E49F900F9
 20:56:28.749 t203894A9CF2203181A06
 20:56:28.749 t20480000C00000000000
 20:56:28.750 t2058D188E2027FFF5000
 20:56:28.849 t200833680F3E0048CA00
 20:56:28.849 t20184AE00F0EF1F1F17A
 20:56:28.849 t20286A970A3E49F900F9
 20:56:28.849 t203894E40F2201381A06
 20:56:28.849 t20480000000000000000
 20:56:28.850 t2058D18822027FFF5000
 20:56:28.949 t2008336A4F3E0048CA00
 20:56:28.949 t20184AE04F0EF1F1F17A
 20:56:28.950 t20286A974A3E49F900F9
 20:56:28.950 t2038952D4F2206881A07
 20:56:28.950 t20480000400000000000
 20:56:28.950 t2058D18862027FFF5000
 20:56:29.049 t2008336D8F3E0048CA00
 20:56:29.049 t20184AE08F0EF1F1F17A
 20:56:29.049 t20286A978A3E49F900F9
 20:56:29.050 t203895C18F2206681E06
 20:56:29.050 t20480000800000000000
 20:56:29.050 t2058D188A2027FFF5000
 20:56:29.149 t20083370CF3E0048CA00
 20:56:29.149 t20184AE0CF0EF1F1F17A
 20:56:29.150 t20286A97CA3E49F900F9
 20:56:29.150 t2038964ECF2202081A06
 20:56:29.150 t20480000C00000000000
 20:56:29.150 t2058D188E2027FFF5000
 20:56:29.249 t200833730F3E0048CA00
 20:56:29.249 t20184AE00F0EF1F1F17A
 20:56:29.250 t20286A970A3E49F900F9
 20:56:29.250 t2038967B0F2201D81606
 20:56:29.250 t20480000000000000000
 20:56:29.250 t2058D18822027FFF5000
 20:56:29.349 t200833754F3E0048CA00
 20:56:29.349 t20184AE04F0EF1F1F17A
 20:56:29.349 t20286A974A3E49F900F9
 20:56:29.350 t203896B04F223FF81BFF
 20:56:29.350 t20480000400000000000
 20:56:29.350 t2058D18862027FFF5000
 20:56:29.449 t200833788F3E0048CA00
 20:56:29.449 t20184AE08F0EF1F1F17A
 20:56:29.449 t20286A978A3E49F900F9
 20:56:29.449 t203892E38F2200F80601
 20:56:29.449 t20480000800000000000
 20:56:29.449 t2058D188A2027FFF5000
 20:56:29.549 t2008337BCF3E0048CA00
 20:56:29.549 t20184AE0CF0EF1F1F17A
 20:56:29.549 t20286A97CA3E49F900F9
 20:56:29.549 t203896B0CF2001E81A06
 20:56:29.549 t20480000C00000000000
 20:56:29.549 t2058D188E2027FFF5000
 20:56:29.649 t2008337E0F3E0048CA00
 20:56:29.649 t20184AE00F0EF1F1F17A
 20:56:29.649 t20286A970A3E49F900F9
 20:56:29.649 t203896E70F2004881A04
 20:56:29.649 t20480000000000000000
 20:56:29.649 t2058D18822027FFF5000
 20:56:29.749 t200833814F3E0048CA00
 20:56:29.749 t20184AE04F0EF1F1F17A
 20:56:29.749 t20286A974A3E49F900F9
 20:56:29.750 t203893524F2202B80A02
 20:56:29.750 t20480000400000000000
 20:56:29.750 t2058D18862027FFF5000
 20:56:29.849 t200833838F3E0048CA00
 20:56:29.849 t20184AE08F0EF1F1F17A
 20:56:29.849 t20286A978A3E49F900F9
 20:56:29.849 t203893E38F2202181606
 20:56:29.849 t20480000800000000000
 20:56:29.849 t2058D188A2027FFF5000
 20:56:29.949 t20083386CF3E0048CA00
 20:56:29.949 t20184AE0CF0EF1F1F17A
 20:56:29.949 t20286A97CA3E49F900F9
 20:56:29.949 t20389415CF2201F81A06
 20:56:29.949 t20480000C00000000000
 20:56:29.949 t2058D188E2027FFF5000
 20:56:30.049 t200833890F3E0048CA00
 20:56:30.049 t20184AE00F0EF1F1F17A
 20:56:30.049 t20286A970A3E49F900F9
 20:56:30.049 t2038944C0F2203581A06
 20:56:30.049 t20480000000000000000
 20:56:30.049 t2058D18822027FFF5000
 20:56:30.149 t2008338C4F3E0048CA00
 20:56:30.149 t20184AE04F0EF1F1F17A
 20:56:30.149 t20286A974A3E49F900F9
 20:56:30.149 t203894A94F2203181A06
 20:56:30.149 t20480000400000000000
 20:56:30.149 t2058D18862027FFF5000
 20:56:30.249 t2008338E8F3E0048CA00
 20:56:30.249 t20184AE08F0EF1F1F17A
 20:56:30.249 t20286A978A3E49F900F9
 20:56:30.249 t203894E48F2201381A06
 20:56:30.249 t20480000800000000000
 20:56:30.249 t2058D188A2027FFF5000
 20:56:30.349 t20083391CF3E0048CA00
 20:56:30.349 t20184AE0CF0EF1F1F17A
 20:56:30.349 t20286A97CA3E49F900F9
 20:56:30.350 t2038952DCF2206881A07
 20:56:30.350 t20480000C00000000000
 20:56:30.350 t2058D188E2027FFF5000
 20:56:30.449 t200833940F3E0048CA00
 20:56:30.450 t20184AE00F0EF1F1F17A
 20:56:30.450 t20286A970A3E49F900F9
 20:56:30.450 t203895C10F2206681E06
 20:56:30.450 t20480000000000000000
 20:56:30.450 t2058D18822027FFF5000
 20:56:30.549 t200833974F3E0048CA00
 20:56:30.549 t20184AE04F0EF1F1F17A
 20:56:30.549 t20286A974A3E49F900F9
 20:56:30.549 t2038964E4F2202081A06
 20:56:30.550 t20480000400000000000
 20:56:30.550 t2058D18862027FFF5000
 20:56:30.649 t2008339A8F3E0048CA00
 20:56:30.649 t20184AE08F0EF1F1F17A
 20:56:30.649 t20286A978A3E49F900F9
 20:56:30.649 t2038967B8F2201D81606
 20:56:30.650 t20480000800000000000
 20:56:30.650 t2058D188A2027FFF5000
 20:56:30.748 t2008339CCF3E0048CA00
 20:56:30.749 t20184AE0CF0EF1F1F17A
 20:56:30.749 t20286A97CA3E49F900F9
 20:56:30.749 t203896B0CF2201E81A06
 20:56:30.749 t20480000C00000000000
 20:56:30.749 t2058D188E2027FFF5000
 20:56:30.848 t2008339F0F3E0048CA00
 20:56:30.849 t20184AE00F0EF1F1F17A
 20:56:30.849 t20286A970A3E49F900F9
 20:56:30.849 t203896E70F2204881A04
 20:56:30.849 t20480000000000000000
 20:56:30.849 t2058D18822027FFF5000
 20:56:30.949 t200833A24F3E0048CA00
 20:56:30.949 t20184AE04F0EF1F1F17A
 20:56:30.949 t20286A974A3E49F900F9
 20:56:30.949 t203893524F2202B80A02
 20:56:30.949 t20480000400000000000
 20:56:30.950 t2058D18862027FFF5000
 20:56:31.049 t200833A58F3E0048CA00
 20:56:31.049 t20184AE08F0EF1F1F17A
 20:56:31.049 t20286A978A3E49F900F9
 20:56:31.049 t203893E38F2202181606
 20:56:31.050 t20480000800000000000
 20:56:31.050 t2058D188A2027FFF5000
 20:56:31.149 t200833A7CF3E0048CA00
 20:56:31.149 t20184AE0CF0EF1F1F17A
 20:56:31.149 t20286A97CA3E49F900F9
 20:56:31.149 t20389415CF2201F81A06
 20:56:31.150 t20480000C00000000000
 20:56:31.150 t2058D188E2027FFF5000
 20:56:31.248 t200833AA0F3E0048CA00
 20:56:31.249 t20184AE00F0EF1F1F17A
 20:56:31.249 t20286A970A3E49F900F9
 20:56:31.249 t2038944C0F2203581A06
 20:56:31.249 t20480000000000000000
 20:56:31.249 t2058D18822027FFF5000
 20:56:31.349 t200833AD4F3E0048CA00
 20:56:31.349 t20184AE04F0EF1F1F17A
 20:56:31.349 t20286A974A3E49F900F9
 20:56:31.349 t203894A94F2203181A06
 20:56:31.349 t20480000400000000000
 20:56:31.350 t2058D18862027FFF5000
 20:56:31.448 t200833B08F3E0048CA00
 20:56:31.448 t20184AE08F0EF1F1F17A
 20:56:31.449 t20286A978A3E49F900F9
 20:56:31.449 t203894E48F2201381A06
 20:56:31.449 t20480000800000000000
 20:56:31.449 t2058D188A2027FFF5000
 20:56:31.548 t200833B3CF3E0048CA00
 20:56:31.548 t20184AE0CF0EF1F1F17A
 20:56:31.549 t20286A97CA3E49F900F9
 20:56:31.549 t2038952DCF2206881A07
 20:56:31.549 t20480000C00000000000
 20:56:31.549 t2058D188E2027FFF5000
 20:56:31.649 t200833B50F3E0048CA00
 20:56:31.649 t20184AE00F0EF1F1F17A
 20:56:31.649 t20286A970A3E49F900F9
 20:56:31.649 t203895C10F2206681E06
 20:56:31.649 t20480000000000000000
 20:56:31.650 t2058D18822027FFF5000
 20:56:31.749 t200833B84F3E0048CA00
 20:56:31.749 t20184AE04F0EF1F1F17A
 20:56:31.749 t20286A974A3E49F900F9
 20:56:31.749 t2038964E4F2202081A06
 20:56:31.749 t20480000400000000000
 20:56:31.750 t2058D18862027FFF5000
 20:56:31.848 t200833BB8F3E0048CA00
 20:56:31.849 t20184AE08F0EF1F1F17A
 20:56:31.849 t20286A978A3E49F900F9
 20:56:31.849 t2038967B8F2201D81606
 20:56:31.849 t20480000800000000000
 20:56:31.850 t2058D188A2027FFF5000
 20:56:31.948 t200833BECF3E0048CA00
 20:56:31.949 t20184AE0CF0EF1F1F17A
 20:56:31.949 t20286A97CA3E49F900F9
 20:56:31.949 t203896B0CF2201E81A06
 20:56:31.949 t20480000C00000000000
 20:56:31.949 t2058D188E2027FFF5000
 20:56:32.048 t200833C00F3E0048CA00
 20:56:32.048 t20184AE00F0EF1F1F17A
 20:56:32.049 t20286A970A3E49F900F9
 20:56:32.049 t203896E70F2204881A04
 20:56:32.049 t20480000000000000000
 20:56:32.049 t2058D18822027FFF5000
 20:56:32.148 t200833C34F3E0048CA00
 20:56:32.148 t20184AE04F0EF1F1F17A
 20:56:32.148 t20286A974A3E49F900F9
 20:56:32.148 t203893524F2202B80A02
 20:56:32.149 t20480000400000000000
 20:56:32.149 t2058D18862027FFF5000
 20:56:32.249 t200833C68F3E0048CA00
 20:56:32.249 t20184AE08F0EF1F1F17A
 20:56:32.250 t20286A978A3E49F900F9
 20:56:32.250 t203893E38F2202181606
 20:56:32.250 t20480000800000000000
 20:56:32.250 t2058D188A2027FFF5000
 20:56:32.349 t200833C9CF3E0048CA00
 20:56:32.350 t20184AE0CF0EF1F1F17A
 20:56:32.350 t20286A97CA3E49F900F9
 20:56:32.350 t20389415CF2201F81A06
 20:56:32.350 t20480000C00000000000
 20:56:32.350 t2058D188E2027FFF5000
 20:56:32.449 t200833CC0F3E0048CA00
 20:56:32.449 t20184AE00F0EF1F1F17A
 20:56:32.450 t20286A970A3E49F900F9
 20:56:32.450 t2038944C0F2203581A06
 20:56:32.450 t20480000000000000000
 20:56:32.450 t2058D18822027FFF5000
 20:56:32.549 t200833CE4F3E0048CA00
 20:56:32.549 t20184AE04F0EF1F1F17A
 20:56:32.550 t20286A974A3E49F900F9
 20:56:32.550 t203894A94F2203181A06
 20:56:32.550 t20480000400000000000
 20:56:32.550 t2058D18862027FFF5000
 20:56:32.649 t200833D18F3E0048CA00
 20:56:32.649 t20184AE08F0EF1F1F17A
 20:56:32.650 t20286A978A3E49F900F9
 20:56:32.650 t203894E48F2201381A06
 20:56:32.650 t20480000800000000000
 20:56:32.650 t2058D188A2027FFF5000
 20:56:32.749 t200833D4CF3E0048CA00
 20:56:32.749 t20184AE0CF0EF1F1F17A
 20:56:32.749 t20286A97CA3E49F900F9
 20:56:32.749 t2038952DCF2206881A07
 20:56:32.750 t20480000C00000000000
 20:56:32.750 t2058D188E2027FFF5000
 20:56:32.849 t200833D70F3E0048CA00
 20:56:32.849 t20184AE00F0EF1F1F17A
 20:56:32.849 t20286A970A3E49F900F9
 20:56:32.849 t203895C10F2206681E06
 20:56:32.849 t20480000000000000000
 20:56:32.849 t2058D18822027FFF5000
 20:56:32.949 t200833D94F3E0048CA00
 20:56:32.949 t20184AE04F0EF1F1F17A
 20:56:32.949 t20286A974A3E49F900F9
 20:56:32.950 t2038964E4F2202081A06
 20:56:32.950 t20480000400000000000
 20:56:32.950 t2058D18862027FFF5000
 20:56:33.049 t200833DC8F3E0048CA00
 20:56:33.049 t20184AE08F0EF1F1F17A
 20:56:33.050 t20286A978A3E49F900F9
 20:56:33.050 t2038967B8F2201D81606
 20:56:33.050 t20480000800000000000
 20:56:33.050 t2058D188A2027FFF5000
 20:56:33.149 t200833DFCF3E0048CA00
 20:56:33.149 t20184AE0CF0EF1F1F17A
 20:56:33.149 t20286A97CA3E49F900F9
 20:56:33.150 t203896B0CF2201E81A06
 20:56:33.150 t20480000C00000000000
 20:56:33.150 t2058D188E2027FFF5000
 20:56:33.249 t200833E20F3E0048CA00
 20:56:33.249 t20184AE00F0EF1F1F17A
 20:56:33.249 t20286A970A3E49F900F9
 20:56:33.250 t203896E70F2204881A04
 20:56:33.250 t20480000000000000000
 20:56:33.250 t2058D18822027FFF5000
 20:56:33.349 t200833E54F3E0048CA00
 20:56:33.349 t20184AE04F0EF1F1F17A
 20:56:33.349 t20286A974A3E49F900F9
 20:56:33.350 t203893524F2202B80A02
 20:56:33.350 t20480000400000000000
 20:56:33.350 t2058D18862027FFF5000
 20:56:33.449 t200833E78F3E0048CA00
 20:56:33.449 t20184AE08F0EF1F1F17A
 20:56:33.449 t20286A978A3E49F900F9
 20:56:33.449 t203893E38F2202181606
 20:56:33.449 t20480000800000000000
 20:56:33.449 t2058D188A2027FFF5000
 20:56:33.549 t200833EACF3E0048CA00
 20:56:33.549 t20184AE0CF0EF1F1F17A
 20:56:33.549 t20286A97CA3E49F900F9
 20:56:33.549 t20389415CF2201F81A06
 20:56:33.549 t20480000C00000000000
 20:56:33.549 t2058D188E2027FFF5000
 20:56:33.649 t200833ED0F3E0048CA00
 20:56:33.649 t20184AE00F0EF1F1F17A
 20:56:33.649 t20286A970A3E49F900F9
 20:56:33.650 t2038944C0F2203581A06
 20:56:33.650 t20480000000000000000
 20:56:33.650 t2058D18822027FFF5000
 20:56:33.749 t200833F04F3E0048CA00
 20:56:33.749 t20184AE04F0EF1F1F17A
 20:56:33.749 t20286A974A3E49F900F9
 20:56:33.749 t203894A94F2203181A06
 20:56:33.749 t20480000400000000000
 20:56:33.749 t2058D18862027FFF5000
 20:56:33.849 t200833F38F3E0048CA00
 20:56:33.849 t20184AE08F0EF1F1F17A
 20:56:33.849 t20286A978A3E49F900F9
 20:56:33.850 t203894E48F2201381A06
 20:56:33.850 t20480000800000000000
 20:56:33.850 t2058D188A2027FFF5000
 20:56:33.949 t200833F5CF3E0048CA00
 20:56:33.949 t20184AE0CF0EF1F1F17A
 20:56:33.949 t20286A97CA3E49F900F9
 20:56:33.950 t2038952DCF2206881A07
 20:56:33.950 t20480000C00000000000
 20:56:33.950 t2058D188E2027FFF5000
 20:56:34.049 t200833F80F3E0048CA00
 20:56:34.049 t20184AE00F0EF1F1F17A
 20:56:34.049 t20286A970A3E49F900F9
 20:56:34.049 t203895C10F2206681E06
 20:56:34.049 t20480000000000000000
 20:56:34.049 t2058D18822027FFF5000
 20:56:34.149 t200833FB4F3E0048CA00
 20:56:34.149 t20184AE04F0EF1F1F17A
 20:56:34.149 t20286A974A3E49F900F9
 20:56:34.149 t2038964E4F2202081A06
 20:56:34.149 t20480000400000000000
 20:56:34.149 t2058D18862027FFF5000
 20:56:34.249 t200833FE8F3E0048CA00
 20:56:34.249 t20184AE08F0EF1F1F17A
 20:56:34.249 t20286A978A3E49F900F9
 20:56:34.249 t2038967B8F2201D81606
 20:56:34.249 t20480000800000000000
 20:56:34.249 t2058D188A2027FFF5000
 20:56:34.349 t20083400CF3E0048CA00
 20:56:34.349 t20184AE0CF0EF1F1F17A
 20:56:34.349 t20286A97CA3E49F900F9
 20:56:34.349 t203896B0CF2201E81A06
 20:56:34.350 t20480000C00000000000
 20:56:34.350 t2058D188E2027FFF5000
 20:56:34.449 t200834030F3E0048CA00
 20:56:34.449 t20184AE00F0EF1F1F17A
 20:56:34.449 t20286A970A3E49F900F9
 20:56:34.449 t203896E70F2204881A04
 20:56:34.450 t20480000000000000000
 20:56:34.450 t2058D18822027FFF5000
 20:56:34.549 t200834064F3E0048CA00
 20:56:34.549 t20184AE04F0EF1F1F17A
 20:56:34.549 t20286A974A3E49F900F9
 20:56:34.549 t203897494F20038801FE
 20:56:34.550 t20480000400000000000
 20:56:34.550 t2058D18862027FFF5000
 20:56:34.649 t200834098F3E0048CA00
 20:56:34.649 t20184AE08F0EF1F1F17A
 20:56:34.649 t20286A978A3E49F900F9
 20:56:34.649 t2038978F8F200227F9FF
 20:56:34.650 t20480000800000000000
 20:56:34.650 t2058D188A2027FFF5000
 20:56:34.748 t2008340CCF3E0048CA00
 20:56:34.749 t20184AE0CF0EF1F1F17A
 20:56:34.749 t20286A97CA3E49F900F9
 20:56:34.749 t203893E3CF2202181606
 20:56:34.749 t20480000C00000000000
 20:56:34.749 t2058D188E2027FFF5000
 20:56:34.848 t2008340E0F3E0048CA00
 20:56:34.849 t20184AE00F0EF1F1F17A
 20:56:34.849 t20286A970A3E49F900F9
 20:56:34.849 t203894150F2201F81A06
 20:56:34.849 t20480000000000000000
 20:56:34.849 t2058D18822027FFF5000
 20:56:34.949 t200834114F3E0048CA00
 20:56:34.949 t20184AE04F0EF1F1F17A
 20:56:34.949 t20286A974A3E49F900F9
 20:56:34.949 t2038944C4F2203581A06
 20:56:34.950 t20480000400000000000
 20:56:34.950 t2058D18862027FFF5000
 20:56:35.049 t200834148F3E0048CA00
 20:56:35.049 t20184AE08F0EF1F1F17A
 20:56:35.049 t20286A978A3E49F900F9
 20:56:35.049 t203894A98F2203181A06
 20:56:35.049 t20480000800000000000
 20:56:35.049 t2058D188A2027FFF5000
 20:56:35.149 t20083417CF3E0048CA00
 20:56:35.149 t20184AE0CF0EF1F1F17A
 20:56:35.149 t20286A97CA3E49F900F9
 20:56:35.149 t203894E4CF2201381A06
 20:56:35.149 t20480000C00000000000
 20:56:35.150 t2058D188E2027FFF5000
 20:56:35.249 t200834190F3E0048CA00
 20:56:35.249 t20184AE00F0EF1F1F17A
 20:56:35.249 t20286A970A3E49F900F9
 20:56:35.249 t2038952D0F2206881A07
 20:56:35.249 t20480000000000000000
 20:56:35.250 t2058D18822027FFF5000
 20:56:35.348 t2008341C4F3E0048CA00
 20:56:35.349 t20184AE04F0EF1F1F17A
 20:56:35.349 t20286A974A3E49F900F9
 20:56:35.349 t203895C14F2206681E06
 20:56:35.349 t20480000400000000000
 20:56:35.349 t2058D18862027FFF5000
 20:56:35.448 t2008341F8F3E0048CA00
 20:56:35.448 t20184AE08F0EF1F1F17A
 20:56:35.448 t20286A978A3E49F900F9
 20:56:35.449 t2038964E8F2202081A06
 20:56:35.449 t20480000800000000000
 20:56:35.449 t2058D188A2027FFF5000
 20:56:35.548 t20083422CF3E0048CA00
 20:56:35.549 t20184AE0CF0EF1F1F17A
 20:56:35.549 t20286A97CA3E49F900F9
 20:56:35.549 t2038967BCF2201D81606
 20:56:35.549 t20480000C00000000000
 20:56:35.549 t2058D188E2027FFF5000
 20:56:35.648 t200834250F3E0048CA00
 20:56:35.649 t20184AE00F0EF1F1F17A
 20:56:35.649 t20286A970A3E49F900F9
 20:56:35.649 t203896B00F2201E81A06
 20:56:35.649 t20480000000000000000
 20:56:35.650 t2058D18822027FFF5000
 20:56:35.748 t200834274F3E0048CA00
 20:56:35.749 t20184AE04F0EF1F1F17A
 20:56:35.749 t20286A974A3E49F900F9
 20:56:35.749 t203896E74F2204881A04
 20:56:35.749 t20480000400000000000
 20:56:35.750 t2058D18862027FFF5000
 20:56:35.848 t2008342A8F3E0048CA00
 20:56:35.849 t20184AE08F0EF1F1F17A
 20:56:35.849 t20286A978A3E49F900F9
 20:56:35.849 t203897498F22038801FE
 20:56:35.849 t20480000800000000000
 20:56:35.849 t2058D188A2027FFF5000
 20:56:35.948 t2008342DCF3E0048CA00
 20:56:35.949 t20184AE0CF0EF1F1F17A
 20:56:35.949 t20286A97CA3E49F900F9
 20:56:35.949 t2038978FCF220227F9FF
 20:56:35.949 t20480000C00000000000
 20:56:35.949 t2058D188E2027FFF5000
 20:56:36.048 t200834300F3E0048CA00
 20:56:36.048 t20184AE00F0EF1F1F17A
 20:56:36.049 t20286A970A3E49F900F9
 20:56:36.049 t203893E30F2202181606
 20:56:36.049 t20480000000000000000
 20:56:36.049 t2058D18822027FFF5000
 20:56:36.148 t200834324F3E0048CA00
 20:56:36.148 t20184AE04F0EF1F1F17A
 20:56:36.148 t20286A974A3E49F900F9
 20:56:36.148 t203894154F2201F81A06
 20:56:36.149 t20480000400000000000
 20:56:36.149 t2058D18862027FFF5000
 20:56:36.248 t200834358F3E0048CA00
 20:56:36.248 t20184AE08F0EF1F1F17A
 20:56:36.249 t20286A978A3E49F900F9
 20:56:36.249 t2038944C8F2203581A06
 20:56:36.249 t20480000800000000000
 20:56:36.249 t2058D188A2027FFF5000
 20:56:36.349 t20083438CF3E0048CA00
 20:56:36.349 t20184AE0CF0EF1F1F17A
 20:56:36.350 t20286A97CA3E49F900F9
 20:56:36.350 t203894A9CF2203181A06
 20:56:36.350 t20480000C00000000000
 20:56:36.350 t2058D188E2027FFF5000
 20:56:36.449 t2008343B0F3E0048CA00
 20:56:36.449 t20184AE00F0EF1F1F17A
 20:56:36.450 t20286A970A3E49F900F9
 20:56:36.450 t203894E40F2201381A06
 20:56:36.450 t20480000000000000000
 20:56:36.450 t2058D18822027FFF5000
 20:56:36.549 t2008343E4F3E0048CA00
 20:56:36.549 t20184AE04F0EF1F1F17A
 20:56:36.550 t20286A974A3E49F900F9
 20:56:36.550 t2038952D4F2206881A07
 20:56:36.550 t20480000400000000000
 20:56:36.550 t2058D18862027FFF5000
 20:56:36.649 t200834408F3E0048CA00
 20:56:36.649 t20184AE08F0EF1F1F17A
 20:56:36.650 t20286A978A3E49F900F9
 20:56:36.650 t203895C18F2206681E06
 20:56:36.650 t20480000800000000000
 20:56:36.650 t2058D188A2027FFF5000
 20:56:36.749 t20083443CF3E0048CA00
 20:56:36.749 t20184AE0CF0EF1F1F17A
 20:56:36.749 t20286A97CA3E49F900F9
 20:56:36.749 t2038964ECF2202081A06
 20:56:36.749 t20480000C00000000000
 20:56:36.749 t2058D188E2027FFF5000
 20:56:36.849 t200834460F3E0048CA00
 20:56:36.849 t20184AE00F0EF1F1F17A
 20:56:36.849 t20286A970A3E49F900F9
 20:56:36.849 t2038967B0F2201D81606
 20:56:36.849 t20480000000000000000
 20:56:36.849 t2058D18822027FFF5000
 20:56:36.949 t200834494F3E0048CA00
 20:56:36.949 t20184AE04F0EF1F1F17A
 20:56:36.949 t20286A974A3E49F900F9
 20:56:36.950 t203896B04F2201E81A06
 20:56:36.950 t20480000400000000000
 20:56:36.950 t2058D18862027FFF5000
 20:56:37.049 t2008344B8F3E0048CA00
 20:56:37.049 t20184AE08F0EF1F1F17A
 20:56:37.050 t20286A978A3E49F900F9
 20:56:37.050 t203896E78F2204881A04
 20:56:37.050 t20480000800000000000
 20:56:37.050 t2058D188A2027FFF5000
 20:56:37.149 t2008344ECF3E0048CA00
 20:56:37.149 t20184AE0CF0EF1F1F17A
 20:56:37.149 t20286A97CA3E49F900F9
 20:56:37.149 t20389749CF22038801FE
 20:56:37.149 t20480000C00000000000
 20:56:37.150 t2058D188E2027FFF5000
 20:56:37.249 t200834510F3E0048CA00
 20:56:37.249 t20184AE00F0EF1F1F17A
 20:56:37.249 t20286A970A3E49F900F9
 20:56:37.250 t2038978F0F220227F9FF
 20:56:37.250 t20480000000000000000
 20:56:37.250 t2058D18822027FFF5000
 20:56:37.349 t200834544F3E0048CA00
 20:56:37.349 t20184AE04F0EF1F1F17A
 20:56:37.349 t20286A974A3E49F900F9
 20:56:37.350 t203893E34F2202181606
 20:56:37.350 t20480000400000000000
 20:56:37.350 t2058D18862027FFF5000
 20:56:37.449 t200834578F3E0048CA00
 20:56:37.449 t20184AE08F0EF1F1F17A
 20:56:37.449 t20286A978A3E49F900F9
 20:56:37.449 t203894158F2201F81A06
 20:56:37.449 t20480000800000000000
 20:56:37.449 t2058D188A2027FFF5000
 20:56:37.549 t20083459CF3E0048CA00
 20:56:37.549 t20184AE0CF0EF1F1F17A
 20:56:37.549 t20286A97CA3E49F900F9
 20:56:37.549 t2038944CCF2203581A06
 20:56:37.549 t20480000C00000000000
 20:56:37.549 t2058D188E2027FFF5000
 20:56:37.649 t2008345C0F3E0048CA00
 20:56:37.649 t20184AE00F0EF1F1F17A
 20:56:37.649 t20286A970A3E49F900F9
 20:56:37.650 t203894A90F2203181A06
 20:56:37.650 t20480000000000000000
 20:56:37.650 t2058D18822027FFF5000
 20:56:37.749 t2008345F4F3E0048CA00
 20:56:37.749 t20184AE04F0EF1F1F17A
 20:56:37.749 t20286A974A3E49F900F9
 20:56:37.750 t203894E44F2201381A06
 20:56:37.750 t20480000400000000000
 20:56:37.750 t2058D18862027FFF5000
 20:56:37.849 t200834628F3E0048CA00
 20:56:37.849 t20184AE08F0EF1F1F17A
 20:56:37.849 t20286A978A3E49F900F9
 20:56:37.850 t2038952D8F2206881A07
 20:56:37.850 t20480000800000000000
 20:56:37.850 t2058D188A2027FFF5000
 20:56:37.949 t20083464CF3E0048CA00
 20:56:37.949 t20184AE0CF0EF1F1F17A
 20:56:37.949 t20286A97CA3E49F900F9
 20:56:37.949 t203895C1CF2206681E06
 20:56:37.950 t20480000C00000000000
 20:56:37.950 t2058D188E2027FFF5000
 20:56:38.049 t200834670F3E0048CA00
 20:56:38.049 t20184AE00F0EF1F1F17A
 20:56:38.049 t20286A970A3E49F900F9
 20:56:38.049 t2038964E0F2202081A06
 20:56:38.050 t20480000000000000000
 20:56:38.050 t2058D18822027FFF5000
 20:56:38.148 t2008346A4F3E0048CA00
 20:56:38.149 t20184AE04F0EF1F1F17A
 20:56:38.149 t20286A974A3E49F900F9
 20:56:38.149 t2038967B4F2201D81606
 20:56:38.149 t20480000400000000000
 20:56:38.149 t2058D18862027FFF5000
 20:56:38.249 t2008346D8F3E0048CA00
 20:56:38.249 t20184AE08F0EF1F1F17A
 20:56:38.249 t20286A978A3E49F900F9
 20:56:38.249 t203896B08F2201E81A06
 20:56:38.249 t20480000800000000000
 20:56:38.250 t2058D188A2027FFF5000
 20:56:38.349 t20083470CF3E0048CA00
 20:56:38.349 t20184AE0CF0EF1F1F17A
 20:56:38.349 t20286A97CA3E49F900F9
 20:56:38.349 t203896E7CF2204881A04
 20:56:38.350 t20480000C00000000000
 20:56:38.350 t2058D188E2027FFF5000
 20:56:38.449 t200834720F3E0048CA00
 20:56:38.449 t20184AE00F0EF1F1F17A
 20:56:38.449 t20286A970A3E49F900F9
 20:56:38.449 t203897490F22038801FE
 20:56:38.450 t20480000000000000000
 20:56:38.450 t2058D18822027FFF5000
 20:56:38.549 t200834754F3E0048CA00
 20:56:38.549 t20184AE04F0EF1F1F17A
 20:56:38.549 t20286A974A3E49F900F9
 20:56:38.549 t2038978F4F220227F9FF
 20:56:38.549 t20480000400000000000
 20:56:38.549 t2058D18862027FFF5000
 20:56:38.649 t200834788F3E0048CA00
 20:56:38.649 t20184AE08F0EF1F1F17A
 20:56:38.649 t20286A978A3E49F900F9
 20:56:38.649 t203893E38F2202181606
 20:56:38.649 t20480000800000000000
 20:56:38.650 t2058D188A2027FFF5000
 20:56:38.748 t2008347BCF3E0048CA00
 20:56:38.748 t20184AE0CF0EF1F1F17A
 20:56:38.749 t20286A97CA3E49F900F9
 20:56:38.749 t20389415CF2201F81A06
 20:56:38.749 t20480000C00000000000
 20:56:38.749 t2058D188E2027FFF5000
 20:56:38.848 t2008347D0F3E0048CA00
 20:56:38.848 t20184AE00F0EF1F1F17A
 20:56:38.848 t20286A970A3E49F900F9
 20:56:38.849 t2038944C0F2203581A06
 20:56:38.849 t20480000000000000000
 20:56:38.849 t2058D18822027FFF5000
 20:56:38.948 t200834804F3E0048CA00
 20:56:38.949 t20184AE04F0EF1F1F17A
 20:56:38.949 t20286A974A3E49F900F9
 20:56:38.949 t203894A94F2203181A06
 20:56:38.949 t20480000400000000000
 20:56:38.950 t2058D18862027FFF5000
 20:56:39.048 t200834838F3E0048CA00
 20:56:39.049 t20184AE08F0EF1F1F17A
 20:56:39.049 t20286A978A3E49F900F9
 20:56:39.049 t203894E48F2201381A06
 20:56:39.049 t20480000800000000000
 20:56:39.049 t2058D188A2027FFF5000
 20:56:39.148 t20083486CF3E0048CA00
 20:56:39.149 t20184AE0CF0EF1F1F17A
 20:56:39.149 t20286A97CA3E49F900F9
 20:56:39.149 t2038952DCF2206881A07
 20:56:39.149 t20480000C00000000000
 20:56:39.150 t2058D188E2027FFF5000
 20:56:39.248 t200834890F3E0048CA00
 20:56:39.248 t20184AE00F0EF1F1F17A
 20:56:39.249 t20286A970A3E49F900F9
 20:56:39.249 t203895C10F2206681E06
 20:56:39.249 t20480000000000000000
 20:56:39.249 t2058D18822027FFF5000
 20:56:39.348 t2008348B4F3E0048CA00
 20:56:39.349 t20184AE04F0EF1F1F17A
 20:56:39.349 t20286A974A3E49F900F9
 20:56:39.349 t203897CB4F200187F1F9
 20:56:39.349 t20480000400000000000
 20:56:39.349 t2058D18862027FFF5000
 20:56:39.448 t2008348E8F3E0048CA00
 20:56:39.448 t20184AE08F0EF1F1F17A
 20:56:39.448 t20286A978A3E49F900F9
 20:56:39.448 t203894158F2201F81A06
 20:56:39.449 t20480000800000000000
 20:56:39.449 t2058D188A2027FFF5000
 20:56:39.548 t20083491CF3E0048CA00
 20:56:39.548 t20184AE0CF0EF1F1F17A
 20:56:39.548 t20286A97CA3E49F900F9
 20:56:39.548 t2038944CCF2203581A06
 20:56:39.549 t20480000C00000000000
 20:56:39.549 t2058D188E2027FFF5000
 20:56:39.648 t200834940F3E0048CA00
 20:56:39.648 t20184AE00F0EF1F1F17A
 20:56:39.648 t20286A970A3E49F900F9
 20:56:39.648 t203894A90F2203181A06
 20:56:39.648 t20480000000000000000
 20:56:39.649 t2058D18822027FFF5000
 20:56:39.748 t200834964F3E0048CA00
 20:56:39.748 t20184AE04F0EF1F1F17A
 20:56:39.748 t20286A974A3E49F900F9
 20:56:39.749 t203894E44F2201381A06
 20:56:39.749 t20480000400000000000
 20:56:39.749 t2058D18862027FFF5000
 20:56:39.849 t200834998F3E0048CA00
 20:56:39.849 t20184AE08F0EF1F1F17A
 20:56:39.849 t20286A978A3E49F900F9
 20:56:39.850 t2038952D8F2206881A07
 20:56:39.850 t20480000800000000000
 20:56:39.850 t2058D188A2027FFF5000
 20:56:39.949 t2008349CCF3E0048CA00
 20:56:39.949 t20184AE0CF0EF1F1F17A
 20:56:39.949 t20286A97CA3E49F900F9
 20:56:39.949 t203895C1CF2206681E06
 20:56:39.949 t20480000C00000000000
 20:56:39.950 t2058D188E2027FFF5000
 20:56:40.049 t2008349F0F3E0048CA00
 20:56:40.049 t20184AE00F0EF1F1F17A
 20:56:40.049 t20286A970A3E49F900F9
 20:56:40.049 t2038964E0F2202081A06
 20:56:40.049 t20480000000000000000
 20:56:40.049 t2058D18822027FFF5000
 20:56:40.149 t200834A24F3E0048CA00
 20:56:40.149 t20184AE04F0EF1F1F17A
 20:56:40.149 t20286A974A3E49F900F9
 20:56:40.149 t2038967B4F2201D81606
 20:56:40.149 t20480000400000000000
 20:56:40.149 t2058D18862027FFF5000
 20:56:40.249 t200834A48F3E0048CA00
 20:56:40.249 t20184AE08F0EF1F1F17A
 20:56:40.249 t20286A978A3E49F900F9
 20:56:40.249 t203896B08F2201E81A06
 20:56:40.250 t20480000800000000000
 20:56:40.250 t2058D188A2027FFF5000
 20:56:40.349 t200834A7CF3E0048CA00
 20:56:40.349 t20184AE0CF0EF1F1F17A
 20:56:40.349 t20286A97CA3E49F900F9
 20:56:40.350 t203896E7CF2204881A04
 20:56:40.350 t20480000C00000000000
 20:56:40.350 t2058D188E2027FFF5000
 20:56:40.449 t200834AA0F3E0048CA00
 20:56:40.449 t20184AE00F0EF1F1F17A
 20:56:40.450 t20286A970A3E49F900F9
 20:56:40.450 t203897490F22038801FE
 20:56:40.450 t20480000000000000000
 20:56:40.450 t2058D18822027FFF5000
 20:56:40.549 t200834AD4F3E0048CA00
 20:56:40.549 t20184AE04F0EF1F1F17A
 20:56:40.549 t20286A974A3E49F900F9
 20:56:40.550 t2038978F4F220227F9FF
 20:56:40.550 t20480000400000000000
 20:56:40.550 t2058D18862027FFF5000
 20:56:40.649 t200834AF8F3E0048CA00
 20:56:40.649 t20184AE08F0EF1F1F17A
 20:56:40.649 t20286A978A3E49F900F9
 20:56:40.650 t203897CB8F220187F1F9
 20:56:40.650 t20480000800000000000
 20:56:40.650 t2058D188A2027FFF5000
 20:56:40.749 t200834B2CF3E0048CA00
 20:56:40.749 t20184AE0CF0EF1F1F17A
 20:56:40.749 t20286A97CA3E49F900F9
 20:56:40.750 t20389415CF2201F81A06
 20:56:40.750 t20480000C00000000000
 20:56:40.750 t2058D188E2027FFF5000
 20:56:40.849 t200834B50F3E0048CA00
 20:56:40.849 t20184AE00F0EF1F1F17A
 20:56:40.849 t20286A970A3E49F900F9
 20:56:40.849 t2038944C0F2203581A06
 20:56:40.849 t20480000000000000000
 20:56:40.849 t2058D18822027FFF5000
 20:56:40.949 t200834B84F3E0048CA00
 20:56:40.949 t20184AE04F0EF1F1F17A
 20:56:40.949 t20286A974A3E49F900F9
 20:56:40.949 t203894A94F2203181A06
 20:56:40.949 t20480000400000000000
 20:56:40.949 t2058D18862027FFF5000
 20:56:41.049 t200834BB8F3E0048CA00
 20:56:41.049 t20184AE08F0EF1F1F17A
 20:56:41.049 t20286A978A3E49F900F9
 20:56:41.050 t203894E48F2201381A06
 20:56:41.050 t20480000800000000000
 20:56:41.050 t2058D188A2027FFF5000
 20:56:41.149 t200834BDCF3E0048CA00
 20:56:41.149 t20184AE0CF0EF1F1F17A
 20:56:41.149 t20286A97CA3E49F900F9
 20:56:41.150 t2038952DCF2206881A07
 20:56:41.150 t20480000C00000000000
 20:56:41.150 t2058D188E2027FFF5000
 20:56:41.249 t200834C00F3E0048CA00
 20:56:41.249 t20184AE00F0EF1F1F17A
 20:56:41.249 t20286A970A3E49F900F9
 20:56:41.249 t203895C10F2206681E06
 20:56:41.250 t20480000000000000000
 20:56:41.250 t2058D18822027FFF5000
 20:56:41.349 t200834C34F3E0048CA00
 20:56:41.349 t20184AE04F0EF1F1F17A
 20:56:41.349 t20286A974A3E49F900F9
 20:56:41.349 t2038964E4F2202081A06
 20:56:41.349 t20480000400000000000
 20:56:41.349 t2058D18862027FFF5000
 20:56:41.449 t200834C68F3E0048CA00
 20:56:41.449 t20184AE08F0EF1F1F17A
 20:56:41.449 t20286A978A3E49F900F9
 20:56:41.450 t2038967B8F2201D81606
 20:56:41.450 t20480000800000000000
 20:56:41.450 t2058D188A2027FFF5000
 20:56:41.548 t200834C8CF3E0048CA00
 20:56:41.549 t20184AE0CF0EF1F1F17A
 20:56:41.549 t20286A97CA3E49F900F9
 20:56:41.549 t203896B0CF2201E81A06
 20:56:41.549 t20480000C00000000000
 20:56:41.549 t2058D188E2027FFF5000
 20:56:41.648 t200834CB0F3E0048CA00
 20:56:41.649 t20184AE00F0EF1F1F17A
 20:56:41.649 t20286A970A3E49F900F9
 20:56:41.649 t203896E70F2204881A04
 20:56:41.649 t20480000000000000000
 20:56:41.649 t2058D18822027FFF5000
 20:56:41.749 t200834CE4F3E0048CA00
 20:56:41.749 t20184AE04F0EF1F1F17A
 20:56:41.749 t20286A974A3E49F900F9
 20:56:41.749 t203897494F22038801FE
 20:56:41.749 t20480000400000000000
 20:56:41.749 t2058D18862027FFF5000
 20:56:41.849 t200834D18F3E0048CA00
 20:56:41.849 t20184AE08F0EF1F1F17A
 20:56:41.849 t20286A978A3E49F900F9
 20:56:41.849 t2038978F8F220227F9FF
 20:56:41.850 t20480000800000000000
 20:56:41.850 t2058D188A2027FFF5000
 20:56:41.949 t200834D4CF3E0048CA00
 20:56:41.949 t20184AE0CF0EF1F1F17A
 20:56:41.949 t20286A97CA3E49F900F9
 20:56:41.949 t203897CBCF220187F1F9
 20:56:41.950 t20480000C00000000000
 20:56:41.950 t2058D188E2027FFF5000
 20:56:42.049 t200834D60F3E0048CA00
 20:56:42.049 t20184AE00F0EF1F1F17A
 20:56:42.049 t20286A970A3E49F900F9
 20:56:42.049 t2038944C0F2203581A06
 20:56:42.049 t20480000000000000000
 20:56:42.050 t2058D18822027FFF5000
 20:56:42.149 t200834D94F3E0048CA00
 20:56:42.149 t20184AE04F0EF1F1F17A
 20:56:42.149 t20286A974A3E49F900F9
 20:56:42.149 t203894A94F2203181A06
 20:56:42.149 t20480000400000000000
 20:56:42.150 t2058D18862027FFF5000
 20:56:42.248 t200834DC8F3E0048CA00
 20:56:42.248 t20184AE08F0EF1F1F17A
 20:56:42.249 t20286A978A3E49F900F9
 20:56:42.249 t203894E48F2201381A06
 20:56:42.249 t20480000800000000000
 20:56:42.249 t2058D188A2027FFF5000
 20:56:42.348 t200834DFCF3E0048CA00
 20:56:42.348 t20184AE0CF0EF1F1F17A
 20:56:42.348 t20286A97CA3E49F900F9
 20:56:42.349 t2038952DCF2206881A07
 20:56:42.349 t20480000C00000000000
 20:56:42.349 t2058D188E2027FFF5000
 20:56:42.448 t200834E10F3E0048CA00
 20:56:42.449 t20184AE00F0EF1F1F17A
 20:56:42.449 t20286A970A3E49F900F9
 20:56:42.449 t203895C10F2206681E06
 20:56:42.449 t20480000000000000000
 20:56:42.450 t2058D18822027FFF5000
 20:56:42.548 t200834E44F3E0048CA00
 20:56:42.549 t20184AE04F0EF1F1F17A
 20:56:42.549 t20286A974A3E49F900F9
 20:56:42.549 t2038964E4F2202081A06
 20:56:42.549 t20480000400000000000
 20:56:42.549 t2058D18862027FFF5000
 20:56:42.648 t200834E78F3E0048CA00
 20:56:42.649 t20184AE08F0EF1F1F17A
 20:56:42.649 t20286A978A3E49F900F9
 20:56:42.649 t2038967B8F2201D81606
 20:56:42.649 t20480000800000000000
 20:56:42.649 t2058D188A2027FFF5000
 20:56:42.748 t200834EACF3E0048CA00
 20:56:42.748 t20184AE0CF0EF1F1F17A
 20:56:42.748 t20286A97CA3E49F900F9
 20:56:42.748 t203896B0CF2201E81A06
 20:56:42.749 t20480000C00000000000
 20:56:42.749 t2058D188E2027FFF5000
 20:56:42.848 t200834ED0F3E0048CA00
 20:56:42.848 t20184AE00F0EF1F1F17A
 20:56:42.848 t20286A970A3E49F900F9
 20:56:42.848 t203896E70F2204881A04
 20:56:42.849 t20480000000000000000
 20:56:42.849 t2058D18822027FFF5000
 20:56:42.948 t200834EF4F3E0048CA00
 20:56:42.948 t20184AE04F0EF1F1F17A
 20:56:42.948 t20286A974A3E49F900F9
 20:56:42.948 t203897494F22038801FE
 20:56:42.949 t20480000400000000000
 20:56:42.949 t2058D18862027FFF5000
 20:56:43.048 t200834F28F3E0048CA00
 20:56:43.048 t20184AE08F0EF1F1F17A
 20:56:43.048 t20286A978A3E49F900F9
 20:56:43.048 t2038978F8F220227F9FF
 20:56:43.048 t20480000800000000000
 20:56:43.049 t2058D188A2027FFF5000
 20:56:43.148 t200834F5CF3E0048CA00
 20:56:43.148 t20184AE0CF0EF1F1F17A
 20:56:43.149 t20286A97CA3E49F900F9
 20:56:43.149 t203897CBCF220187F1F9
 20:56:43.149 t20480000C00000000000
 20:56:43.149 t2058D188E2027FFF5000
 20:56:43.248 t200834F80F3E0048CA00
 20:56:43.248 t20184AE00F0EF1F1F17A
 20:56:43.249 t20286A970A3E49F900F9
 20:56:43.249 t2038944C0F2203581A06
 20:56:43.249 t20480000000000000000
 20:56:43.249 t2058D18822027FFF5000
 20:56:43.348 t200834FA4F3E0048CA00
 20:56:43.348 t20184AE04F0EF1F1F17A
 20:56:43.348 t20286A974A3E49F900F9
 20:56:43.348 t203894A94F2203181A06
 20:56:43.348 t20480000400000000000
 20:56:43.349 t2058D18862027FFF5000
 20:56:43.448 t200834FD8F3E0048CA00
 20:56:43.449 t20184AE08F0EF1F1F17A
 20:56:43.449 t20286A978A3E49F900F9
 20:56:43.449 t203894E48F2201381A06
 20:56:43.449 t20480000800000000000
 20:56:43.449 t2058D188A2027FFF5000
 20:56:43.548 t20083500CF3E0048CA00
 20:56:43.548 t20184AE0CF0EF1F1F17A
 20:56:43.549 t20286A97CA3E49F900F9
 20:56:43.549 t2038952DCF2206881A07
 20:56:43.549 t20480000C00000000000
 20:56:43.549 t2058D188E2027FFF5000
 20:56:43.649 t200835030F3E0048CA00
 20:56:43.649 t20184AE00F0EF1F1F17A
 20:56:43.649 t20286A970A3E49F900F9
 20:56:43.649 t203895C10F2206681E06
 20:56:43.649 t20480000000000000000
 20:56:43.649 t2058D18822027FFF5000
 20:56:43.749 t200835064F3E0048CA00
 20:56:43.749 t20184AE04F0EF1F1F17A
 20:56:43.749 t20286A974A3E49F900F9
 20:56:43.749 t2038986A4F203FF7EBFF
 20:56:43.749 t20480000400000000000
 20:56:43.749 t2058D18862027FFF5000
 20:56:43.849 t200835088F3E0048CA00
 20:56:43.849 t20184AE08F0EF1F1F17A
 20:56:43.849 t20286A978A3E49F900F9
 20:56:43.850 t203894A98F2203181A06
 20:56:43.850 t20480000800000000000
 20:56:43.850 t2058D188A2027FFF5000
 20:56:43.949 t2008350BCF3E0048CA00
 20:56:43.949 t20184AE0CF0EF1F1F17A
 20:56:43.950 t20286A97CA3E49F900F9
 20:56:43.950 t203894E4CF2201381A06
 20:56:43.950 t20480000C00000000000
 20:56:43.950 t2058D188E2027FFF5000
 20:56:44.049 t2008350E0F3E0048CA00
 20:56:44.049 t20184AE00F0EF1F1F17A
 20:56:44.049 t20286A970A3E49F900F9
 20:56:44.050 t2038952D0F2206881A07
 20:56:44.050 t20480000000000000000
 20:56:44.050 t2058D18822027FFF5000
 20:56:44.149 t200835114F3E0048CA00
 20:56:44.149 t20184AE04F0EF1F1F17A
 20:56:44.150 t20286A974A3E49F900F9
 20:56:44.150 t203895C14F2206681E06
 20:56:44.150 t20480000400000000000
 20:56:44.151 t2058D18862027FFF5000
 20:56:44.249 t200835138F3E0048CA00
 20:56:44.249 t20184AE08F0EF1F1F17A
 20:56:44.249 t20286A978A3E49F900F9
 20:56:44.249 t2038964E8F2202081A06
 20:56:44.249 t20480000800000000000
 20:56:44.249 t2058D188A2027FFF5000
 20:56:44.349 t20083516CF3E0048CA00
 20:56:44.349 t20184AE0CF0EF1F1F17A
 20:56:44.349 t20286A97CA3E49F900F9
 20:56:44.349 t2038967BCF2201D81606
 20:56:44.349 t20480000C00000000000
 20:56:44.349 t2058D188E2027FFF5000
 20:56:44.449 t200835190F3E0048CA00
 20:56:44.449 t20184AE00F0EF1F1F17A
 20:56:44.449 t20286A970A3E49F900F9
 20:56:44.449 t203896B00F2201E81A06
 20:56:44.450 t20480000000000000000
 20:56:44.450 t2058D18822027FFF5000
 20:56:44.549 t2008351C4F3E0048CA00
 20:56:44.549 t20184AE04F0EF1F1F17A
 20:56:44.549 t20286A974A3E49F900F9
 20:56:44.550 t203896E74F2204881A04
 20:56:44.550 t20480000400000000000
 20:56:44.550 t2058D18862027FFF5000
 20:56:44.649 t2008351F8F3E0048CA00
 20:56:44.649 t20184AE08F0EF1F1F17A
 20:56:44.649 t20286A978A3E49F900F9
 20:56:44.650 t203897498F22038801FE
 20:56:44.650 t20480000800000000000
 20:56:44.650 t2058D188A2027FFF5000
 20:56:44.749 t20083521CF3E0048CA00
 20:56:44.749 t20184AE0CF0EF1F1F17A
 20:56:44.749 t20286A97CA3E49F900F9
 20:56:44.750 t2038978FCF220227F9FF
 20:56:44.750 t20480000C00000000000
 20:56:44.750 t2058D188E2027FFF5000
 20:56:44.849 t200835240F3E0048CA00
 20:56:44.849 t20184AE00F0EF1F1F17A
 20:56:44.849 t20286A970A3E49F900F9
 20:56:44.849 t203897CB0F220187F1F9
 20:56:44.850 t20480000000000000000
 20:56:44.850 t2058D18822027FFF5000
 20:56:44.949 t200835274F3E0048CA00
 20:56:44.949 t20184AE04F0EF1F1F17A
 20:56:44.949 t20286A974A3E49F900F9
 20:56:44.949 t2038986A4F223FF7EBFF
 20:56:44.949 t20480000400000000000
 20:56:44.949 t2058D18862027FFF5000
 20:56:45.049 t2008352A8F3E0048CA00
 20:56:45.049 t20184AE08F0EF1F1F17A
 20:56:45.049 t20286A978A3E49F900F9
 20:56:45.049 t203894A98F2203181A06
 20:56:45.049 t20480000800000000000
 20:56:45.049 t2058D188A2027FFF5000
 20:56:45.149 t2008352DCF3E0048CA00
 20:56:45.149 t20184AE0CF0EF1F1F17A
 20:56:45.149 t20286A97CA3E49F900F9
 20:56:45.149 t203894E4CF2201381A06
 20:56:45.150 t20480000C00000000000
 20:56:45.150 t2058D188E2027FFF5000
 20:56:45.249 t2008352F0F3E0048CA00
 20:56:45.249 t20184AE00F0EF1F1F17A
 20:56:45.249 t20286A970A3E49F900F9
 20:56:45.250 t2038952D0F2206881A07
 20:56:45.250 t20480000000000000000
 20:56:45.250 t2058D18822027FFF5000
 20:56:45.349 t200835324F3E0048CA00
 20:56:45.349 t20184AE04F0EF1F1F17A
 20:56:45.349 t20286A974A3E49F900F9
 20:56:45.349 t203895C14F2206681E06
 20:56:45.350 t20480000400000000000
 20:56:45.350 t2058D18862027FFF5000
 20:56:45.449 t200835358F3E0048CA00
 20:56:45.449 t20184AE08F0EF1F1F17A
 20:56:45.449 t20286A978A3E49F900F9
 20:56:45.449 t2038964E8F2202081A06
 20:56:45.450 t20480000800000000000
 20:56:45.450 t2058D188A2027FFF5000
 20:56:45.548 t20083538CF3E0048CA00
 20:56:45.549 t20184AE0CF0EF1F1F17A
 20:56:45.549 t20286A97CA3E49F900F9
 20:56:45.549 t2038967BCF2201D81606
 20:56:45.549 t20480000C00000000000
 20:56:45.549 t2058D188E2027FFF5000
 20:56:45.648 t2008353A0F3E0048CA00
 20:56:45.648 t20184AE00F0EF1F1F17A
 20:56:45.649 t20286A970A3E49F900F9
 20:56:45.649 t203896B00F2201E81A06
 20:56:45.649 t20480000000000000000
 20:56:45.649 t2058D18822027FFF5000
 20:56:45.748 t2008353D4F3E0048CA00
 20:56:45.749 t20184AE04F0EF1F1F17A
 20:56:45.749 t20286A974A3E49F900F9
 20:56:45.749 t203896E74F2204881A04
 20:56:45.749 t20480000400000000000
 20:56:45.750 t2058D18862027FFF5000
 20:56:45.849 t200835408F3E0048CA00
 20:56:45.849 t20184AE08F0EF1F1F17A
 20:56:45.849 t20286A978A3E49F900F9
 20:56:45.849 t203897498F22038801FE
 20:56:45.850 t20480000800000000000
 20:56:45.850 t2058D188A2027FFF5000
 20:56:45.948 t20083543CF3E0048CA00
 20:56:45.949 t20184AE0CF0EF1F1F17A
 20:56:45.949 t20286A97CA3E49F900F9
 20:56:45.949 t2038978FCF220227F9FF
 20:56:45.949 t20480000C00000000000
 20:56:45.949 t2058D188E2027FFF5000
 20:56:46.048 t200835460F3E0048CA00
 20:56:46.049 t20184AE00F0EF1F1F17A
 20:56:46.049 t20286A970A3E49F900F9
 20:56:46.049 t203897CB0F220187F1F9
 20:56:46.049 t20480000000000000000
 20:56:46.049 t2058D18822027FFF5000
 20:56:46.148 t200835484F3E0048CA00
 20:56:46.149 t20184AE04F0EF1F1F17A
 20:56:46.149 t20286A974A3E49F900F9
 20:56:46.149 t2038986A4F223FF7EBFF
 20:56:46.149 t20480000400000000000
 20:56:46.150 t2058D18862027FFF5000
 20:56:46.248 t2008354B8F3E0048CA00
 20:56:46.248 t20184AE08F0EF1F1F17A
 20:56:46.248 t20286A978A3E49F900F9
 20:56:46.249 t203894A98F2203181A06
 20:56:46.249 t20480000800000000000
 20:56:46.249 t2058D188A2027FFF5000
 20:56:46.348 t2008354ECF3E0048CA00
 20:56:46.348 t20184AE0CF0EF1F1F17A
 20:56:46.348 t20286A97CA3E49F900F9
 20:56:46.349 t203894E4CF2201381A06
 20:56:46.349 t20480000C00000000000
 20:56:46.349 t2058D188E2027FFF5000
 20:56:46.448 t200835510F3E0048CA00
 20:56:46.449 t20184AE00F0EF1F1F17A
 20:56:46.449 t20286A970A3E49F900F9
 20:56:46.449 t2038952D0F2206881A07
 20:56:46.449 t20480000000000000000
 20:56:46.449 t2058D18822027FFF5000
 20:56:46.548 t200835534F3E0048CA00
 20:56:46.549 t20184AE04F0EF1F1F17A
 20:56:46.549 t20286A974A3E49F900F9
 20:56:46.549 t203895C14F2206681E06
 20:56:46.550 t20480000400000000000
 20:56:46.550 t2058D18862027FFF5000
 20:56:46.648 t200835568F3E0048CA00
 20:56:46.649 t20184AE08F0EF1F1F17A
 20:56:46.649 t20286A978A3E49F900F9
 20:56:46.649 t2038964E8F2202081A06
 20:56:46.649 t20480000800000000000
 20:56:46.650 t2058D188A2027FFF5000
 20:56:46.748 t20083559CF3E0048CA00
 20:56:46.749 t20184AE0CF0EF1F1F17A
 20:56:46.749 t20286A97CA3E49F900F9
 20:56:46.749 t2038967BCF2201D81606
 20:56:46.749 t20480000C00000000000
 20:56:46.750 t2058D188E2027FFF5000
 20:56:46.848 t2008355C0F3E0048CA00
 20:56:46.848 t20184AE00F0EF1F1F17A
 20:56:46.849 t20286A970A3E49F900F9
 20:56:46.849 t203896B00F2201E81A06
 20:56:46.849 t20480000000000000000
 20:56:46.849 t2058D18822027FFF5000
 20:56:46.948 t2008355F4F3E0048CA00
 20:56:46.948 t20184AE04F0EF1F1F17A
 20:56:46.948 t20286A974A3E49F900F9
 20:56:46.948 t2038986A4F200417E9FA
 20:56:46.949 t20480000400000000000
 20:56:46.949 t2058D18862027FFF5000
 20:56:47.048 t200835618F3E0048CA00
 20:56:47.048 t20184AE08F0EF1F1F17A
 20:56:47.049 t20286A978A3E49F900F9
 20:56:47.049 t203894E48F2201381A06
 20:56:47.049 t20480000800000000000
 20:56:47.049 t2058D188A2027FFF5000
 20:56:47.148 t20083564CF3E0048CA00
 20:56:47.148 t20184AE0CF0EF1F1F17A
 20:56:47.149 t20286A97CA3E49F900F9
 20:56:47.149 t2038952DCF2206881A07
 20:56:47.149 t20480000C00000000000
 20:56:47.150 t2058D188E2027FFF5000
 20:56:47.248 t200835670F3E0048CA00
 20:56:47.248 t20184AE00F0EF1F1F17A
 20:56:47.249 t20286A970A3E49F900F9
 20:56:47.249 t203895C10F2206681E06
 20:56:47.249 t20480000000000000000
 20:56:47.249 t2058D18822027FFF5000
 20:56:47.348 t2008356A4F3E0048CA00
 20:56:47.348 t20184AE04F0EF1F1F17A
 20:56:47.349 t20286A974A3E49F900F9
 20:56:47.349 t2038964E4F2202081A06
 20:56:47.349 t20480000400000000000
 20:56:47.350 t2058D18862027FFF5000
 20:56:47.448 t2008356C8F3E0048CA00
 20:56:47.448 t20184AE08F0EF1F1F17A
 20:56:47.449 t20286A978A3E49F900F9
 20:56:47.449 t2038967B8F2201D81606
 20:56:47.449 t20480000800000000000
 20:56:47.450 t2058D188A2027FFF5000
 20:56:47.548 t2008356FCF3E0048CA00
 20:56:47.548 t20184AE0CF0EF1F1F17A
 20:56:47.548 t20286A97CA3E49F900F9
 20:56:47.548 t203896B0CF2201E81A06
 20:56:47.548 t20480000C00000000000
 20:56:47.548 t2058D188E2027FFF5000
 20:56:47.648 t200835720F3E0048CA00
 20:56:47.648 t20184AE00F0EF1F1F17A
 20:56:47.648 t20286A970A3E49F900F9
 20:56:47.648 t203896E70F2204881A04
 20:56:47.648 t20480000000000000000
 20:56:47.648 t2058D18822027FFF5000
 20:56:47.749 t200835754F3E0048CA00
 20:56:47.749 t20184AE04F0EF1F1F17A
 20:56:47.750 t20286A974A3E49F900F9
 20:56:47.750 t203897494F22038801FE
 20:56:47.750 t20480000400000000000
 20:56:47.750 t2058D18862027FFF5000
 20:56:47.849 t200835788F3E0048CA00
 20:56:47.849 t20184AE08F0EF1F1F17A
 20:56:47.849 t20286A978A3E49F900F9
 20:56:47.850 t2038978F8F220227F9FF
 20:56:47.850 t20480000800000000000
 20:56:47.850 t2058D188A2027FFF5000
 20:56:47.949 t2008357ACF3E0048CA00
 20:56:47.950 t20184AE0CF0EF1F1F17A
 20:56:47.950 t20286A97CA3E49F900F9
 20:56:47.951 t203897CBCF220187F1F9
 20:56:47.951 t20480000C00000000000
 20:56:47.951 t2058D188E2027FFF5000
 20:56:48.049 t2008357D0F3E0048CA00
 20:56:48.050 t20184AE00F0EF1F1F17A
 20:56:48.050 t20286A970A3E49F900F9
 20:56:48.051 t2038986A0F220417E9FA
 20:56:48.051 t20480000000000000000
 20:56:48.051 t2058D18822027FFF5000
 20:56:48.149 t200835804F3E0048CA00
 20:56:48.150 t20184AE04F0EF1F1F17A
 20:56:48.150 t20286A974A3E49F900F9
 20:56:48.151 t203898EF4F200167E9FA
 20:56:48.151 t20480000400000000000
 20:56:48.151 t2058D18862027FFF5000
 20:56:48.249 t200835838F3E0048CA00
 20:56:48.249 t20184AE08F0EF1F1F17A
 20:56:48.250 t20286A978A3E49F900F9
 20:56:48.250 t2038952D8F2206881A07
 20:56:48.250 t20480000800000000000
 20:56:48.250 t2058D188A2027FFF5000
 20:56:48.349 t20083585CF3E0048CA00
 20:56:48.349 t20184AE0CF0EF1F1F17A
 20:56:48.349 t20286A97CA3E49F900F9
 20:56:48.350 t203895C1CF2206681E06
 20:56:48.350 t20480000C00000000000
 20:56:48.350 t2058D188E2027FFF5000
 20:56:48.449 t200835880F3E0048CA00
 20:56:48.450 t20184AE00F0EF1F1F17A
 20:56:48.450 t20286A970A3E49F900F9
 20:56:48.450 t2038964E0F2202081A06
 20:56:48.451 t20480000000000000000
 20:56:48.451 t2058D18822027FFF5000
 20:56:48.549 t2008358B4F3E0048CA00
 20:56:48.550 t20184AE04F0EF1F1F17A
 20:56:48.550 t20286A974A3E49F900F9
 20:56:48.550 t2038967B4F2201D81606
 20:56:48.551 t20480000400000000000
 20:56:48.551 t2058D18862027FFF5000
 20:56:48.649 t2008358E8F3E0048CA00
 20:56:48.650 t20184AE08F0EF1F1F17A
 20:56:48.650 t20286A978A3E49F900F9
 20:56:48.650 t203896B08F2201E81A06
 20:56:48.651 t20480000800000000000
 20:56:48.651 t2058D188A2027FFF5000
 20:56:48.749 t20083591CF3E0048CA00
 20:56:48.749 t20184AE0CF0EF1F1F17A
 20:56:48.749 t20286A97CA3E49F900F9
 20:56:48.749 t203896E7CF2204881A04
 20:56:48.750 t20480000C00000000000
 20:56:48.750 t2058D188E2027FFF5000
 20:56:48.849 t200835930F3E0048CA00
 20:56:48.849 t20184AE00F0EF1F1F17A
 20:56:48.849 t20286A970A3E49F900F9
 20:56:48.849 t203897490F22038801FE
 20:56:48.850 t20480000000000000000
 20:56:48.850 t2058D18822027FFF5000
 20:56:48.948 t200835964F3E0048CA00
 20:56:48.949 t20184AE04F0EF1F1F17A
 20:56:48.949 t20286A974A3E49F900F9
 20:56:48.949 t2038978F4F220227F9FF
 20:56:48.949 t20480000400000000000
 20:56:48.950 t2058D18862027FFF5000
 20:56:49.049 t200835998F3E0048CA00
 20:56:49.049 t20184AE08F0EF1F1F17A
 20:56:49.049 t20286A978A3E49F900F9
 20:56:49.049 t203897CB8F220187F1F9
 20:56:49.049 t20480000800000000000
 20:56:49.049 t2058D188A2027FFF5000
 20:56:49.149 t2008359CCF3E0048CA00
 20:56:49.150 t20184AE0CF0EF1F1F17A
 20:56:49.150 t20286A97CA3E49F900F9
 20:56:49.150 t2038986ACF220417E9FA
 20:56:49.150 t20480000C00000000000
 20:56:49.150 t2058D188E2027FFF5000
 20:56:49.250 t2008359E0F3E0048CA00
 20:56:49.250 t20184AE00F0EF1F1F17A
 20:56:49.250 t20286A970A3E49F900F9
 20:56:49.250 t203898EF0F220167E9FA
 20:56:49.251 t20480000000000000000
 20:56:49.251 t2058D18822027FFF5000
 20:56:49.349 t200835A14F3E0048CA00
 20:56:49.350 t20184AE04F0EF1F1F17A
 20:56:49.350 t20286A974A3E49F900F9
 20:56:49.350 t2038952D4F2206881A07
 20:56:49.350 t20480000400000000000
 20:56:49.351 t2058D18862027FFF5000
 20:56:49.449 t200835A48F3E0048CA00
 20:56:49.450 t20184AE08F0EF1F1F17A
 20:56:49.450 t20286A978A3E49F900F9
 20:56:49.450 t203895C18F2206681E06
 20:56:49.450 t20480000800000000000
 20:56:49.451 t2058D188A2027FFF5000
 20:56:49.549 t200835A7CF3E0048CA00
 20:56:49.550 t20184AE0CF0EF1F1F17A
 20:56:49.550 t20286A97CA3E49F900F9
 20:56:49.550 t2038964ECF2202081A06
 20:56:49.550 t20480000C00000000000
 20:56:49.550 t2058D188E2027FFF5000
 20:56:49.649 t200835AA0F3E0048CA00
 20:56:49.649 t20184AE00F0EF1F1F17A
 20:56:49.649 t20286A970A3E49F900F9
 20:56:49.650 t2038967B0F2201D81606
 20:56:49.650 t20480000000000000000
 20:56:49.650 t2058D18822027FFF5000
 20:56:49.750 t200835AC4F3E0048CA00
 20:56:49.750 t20184AE04F0EF1F1F17A
 20:56:49.750 t20286A974A3E49F900F9
 20:56:49.750 t203896B04F2201E81A06
 20:56:49.750 t20480000400000000000
 20:56:49.750 t2058D18862027FFF5000
 20:56:49.849 t200835AF8F3E0048CA00
 20:56:49.849 t20184AE08F0EF1F1F17A
 20:56:49.849 t20286A978A3E49F900F9
 20:56:49.849 t203896E78F2204881A04
 20:56:49.850 t20480000800000000000
 20:56:49.850 t2058D188A2027FFF5000
 20:56:49.949 t200835B2CF3E0048CA00
 20:56:49.949 t20184AE0CF0EF1F1F17A
 20:56:49.949 t20286A97CA3E49F900F9
 20:56:49.949 t20389749CF22038801FE
 20:56:49.949 t20480000C00000000000
 20:56:49.950 t2058D188E2027FFF5000
 20:56:50.048 t200835B50F3E0048CA00
 20:56:50.049 t20184AE00F0EF1F1F17A
 20:56:50.049 t20286A970A3E49F900F9
 20:56:50.049 t2038978F0F220227F9FF
 20:56:50.049 t20480000000000000000
 20:56:50.049 t2058D18822027FFF5000
 20:56:50.148 t200835B74F3E0048CA00
 20:56:50.149 t20184AE04F0EF1F1F17A
 20:56:50.149 t20286A974A3E49F900F9
 20:56:50.150 t203897CB4F220187F1F9
 20:56:50.150 t20480000400000000000
 20:56:50.150 t2058D18862027FFF5000
 20:56:50.248 t200835BA8F3E0048CA00
 20:56:50.249 t20184AE08F0EF1F1F17A
 20:56:50.249 t20286A978A3E49F900F9
 20:56:50.250 t2038986A8F220417E9FA
 20:56:50.250 t20480000800000000000
 20:56:50.250 t2058D188A2027FFF5000
 20:56:50.348 t200835BDCF3E0048CA00
 20:56:50.349 t20184AE0CF0EF1F1F17A
 20:56:50.349 t20286A97CA3E49F900F9
 20:56:50.349 t203898EFCF220167E9FA
 20:56:50.349 t20480000C00000000000
 20:56:50.349 t2058D188E2027FFF5000
 20:56:50.448 t200835C00F3E0048CA00
 20:56:50.449 t20184AE00F0EF1F1F17A
 20:56:50.449 t20286A970A3E49F900F9
 20:56:50.449 t2038952D0F2206881A07
 20:56:50.449 t20480000000000000000
 20:56:50.449 t2058D18822027FFF5000
 20:56:50.548 t200835C34F3E0048CA00
 20:56:50.549 t20184AE04F0EF1F1F17A
 20:56:50.550 t20286A974A3E49F900F9
 20:56:50.550 t203895C14F2206681E06
 20:56:50.550 t20480000400000000000
 20:56:50.550 t2058D18862027FFF5000
 20:56:50.648 t200835C58F3E0048CA00
 20:56:50.649 t20184AE08F0EF1F1F17A
 20:56:50.649 t20286A978A3E49F900F9
 20:56:50.650 t2038964E8F2202081A06
 20:56:50.650 t20480000800000000000
 20:56:50.650 t2058D188A2027FFF5000
 20:56:50.749 t200835C8CF3E0048CA00
 20:56:50.749 t20184AE0CF0EF1F1F17A
 20:56:50.749 t20286A97CA3E49F900F9
 20:56:50.750 t2038967BCF2201D81606
 20:56:50.750 t20480000C00000000000
 20:56:50.750 t2058D188E2027FFF5000
 20:56:50.849 t200835CB0F3E0048CA00
 20:56:50.849 t20184AE00F0EF1F1F17A
 20:56:50.849 t20286A970A3E49F900F9
 20:56:50.850 t203896B00F2201E81A06
 20:56:50.850 t20480000000000000000
 20:56:50.850 t2058D18822027FFF5000
 20:56:50.948 t200835CE4F3E0048CA00
 20:56:50.949 t20184AE04F0EF1F1F17A
 20:56:50.950 t20286A974A3E49F900F9
 20:56:50.950 t203896E74F2204881A04
 20:56:50.950 t20480000400000000000
 20:56:50.950 t2058D18862027FFF5000
 20:56:51.048 t200835D08F3E0048CA00
 20:56:51.049 t20184AE08F0EF1F1F17A
 20:56:51.049 t20286A978A3E49F900F9
 20:56:51.049 t203897498F22038801FE
 20:56:51.049 t20480000800000000000
 20:56:51.049 t2058D188A2027FFF5000
 20:56:51.148 t200835D3CF3E0048CA00
 20:56:51.148 t20184AE0CF0EF1F1F17A
 20:56:51.148 t20286A97CA3E49F900F9
 20:56:51.148 t2038978FCF220227F9FF
 20:56:51.149 t20480000C00000000000
 20:56:51.149 t2058D188E2027FFF5000
 20:56:51.248 t200835D60F3E0048CA00
 20:56:51.249 t20184AE00F0EF1F1F17A
 20:56:51.249 t20286A970A3E49F900F9
 20:56:51.249 t203897CB0F220187F1F9
 20:56:51.249 t20480000000000000000
 20:56:51.250 t2058D18822027FFF5000
 20:56:51.349 t200835D94F3E0048CA00
 20:56:51.349 t20184AE04F0EF1F1F17A
 20:56:51.350 t20286A974A3E49F900F9
 20:56:51.350 t2038986A4F220417E9FA
 20:56:51.350 t20480000400000000000
 20:56:51.350 t2058D18862027FFF5000
 20:56:51.449 t200835DC8F3E0048CA00
 20:56:51.449 t20184AE08F0EF1F1F17A
 20:56:51.450 t20286A978A3E49F900F9
 20:56:51.450 t203898EF8F220167E9FA
 20:56:51.450 t20480000800000000000
 20:56:51.450 t2058D188A2027FFF5000
 20:56:51.549 t200835DECF3E0048CA00
 20:56:51.549 t20184AE0CF0EF1F1F17A
 20:56:51.550 t20286A97CA3E49F900F9
 20:56:51.550 t2038952DCF2206881A07
 20:56:51.550 t20480000C00000000000
 20:56:51.550 t2058D188E2027FFF5000
 20:56:51.649 t200835E10F3E0048CA00
 20:56:51.649 t20184AE00F0EF1F1F17A
 20:56:51.649 t20286A970A3E49F900F9
 20:56:51.650 t203895C10F2206681E06
 20:56:51.650 t20480000000000000000
 20:56:51.650 t2058D18822027FFF5000
 20:56:51.749 t200835E44F3E0048CA00
 20:56:51.749 t20184AE04F0EF1F1F17A
 20:56:51.749 t20286A974A3E49F900F9
 20:56:51.749 t2038964E4F2202081A06
 20:56:51.749 t20480000400000000000
 20:56:51.749 t2058D18862027FFF5000
 20:56:51.849 t200835E78F3E0048CA00
 20:56:51.849 t20184AE08F0EF1F1F17A
 20:56:51.849 t20286A978A3E49F900F9
 20:56:51.850 t2038967B8F2201D81606
 20:56:51.850 t20480000800000000000
 20:56:51.850 t2058D188A2027FFF5000
 20:56:51.949 t200835E9CF3E0048CA00
 20:56:51.949 t20184AE0CF0EF1F1F17A
 20:56:51.949 t20286A97CA3E49F900F9
 20:56:51.950 t203896B0CF2201E81A06
 20:56:51.950 t20480000C00000000000
 20:56:51.950 t2058D188E2027FFF5000
 20:56:52.049 t200835EC0F3E0048CA00
 20:56:52.049 t20184AE00F0EF1F1F17A
 20:56:52.049 t20286A970A3E49F900F9
 20:56:52.050 t203896E70F2204881A04
 20:56:52.050 t20480000000000000000
 20:56:52.050 t2058D18822027FFF5000
 20:56:52.149 t200835EF4F3E0048CA00
 20:56:52.150 t20184AE04F0EF1F1F17A
 20:56:52.150 t20286A974A3E49F900F9
 20:56:52.150 t203897494F22038801FE
 20:56:52.150 t20480000400000000000
 20:56:52.151 t2058D18862027FFF5000
 20:56:52.249 t200835F28F3E0048CA00
 20:56:52.250 t20184AE08F0EF1F1F17A
 20:56:52.250 t20286A978A3E49F900F9
 20:56:52.250 t2038978F8F220227F9FF
 20:56:52.250 t20480000800000000000
 20:56:52.250 t2058D188A2027FFF5000
 20:56:52.349 t200835F5CF3E0048CA00
 20:56:52.349 t20184AE0CF0EF1F1F17A
 20:56:52.349 t20286A97CA3E49F900F9
 20:56:52.349 t203897CBCF220187F1F9
 20:56:52.349 t20480000C00000000000
 20:56:52.349 t2058D188E2027FFF5000
 20:56:52.448 t200835F70F3E0048CA00
 20:56:52.449 t20184AE00F0EF1F1F17A
 20:56:52.449 t20286A970A3E49F900F9
 20:56:52.449 t2038986A0F220417E9FA
 20:56:52.449 t20480000000000000000
 20:56:52.449 t2058D18822027FFF5000
 20:56:52.549 t200835FA4F3E0048CA00
 20:56:52.549 t20184AE04F0EF1F1F17A
 20:56:52.549 t20286A974A3E49F900F9
 20:56:52.550 t203898EF4F220167E9FA
 20:56:52.550 t20480000400000000000
 20:56:52.550 t2058D18862027FFF5000
 20:56:52.649 t200835FD8F3E0048CA00
 20:56:52.649 t20184AE08F0EF1F1F17A
 20:56:52.649 t20286A978A3E49F900F9
 20:56:52.649 t2038952D8F2206881A07
 20:56:52.649 t20480000800000000000
 20:56:52.650 t2058D188A2027FFF5000
 20:56:52.748 t20083600CF3E0048CA00
 20:56:52.749 t20184AE0CF0EF1F1F17A
 20:56:52.749 t20286A97CA3E49F900F9
 20:56:52.749 t203895C1CF2206681E06
 20:56:52.749 t20480000C00000000000
 20:56:52.749 t2058D188E2027FFF5000
 20:56:52.849 t200836020F3E0048CA00
 20:56:52.849 t20184AE00F0EF1F1F17A
 20:56:52.849 t20286A970A3E49F900F9
 20:56:52.849 t2038964E0F2202081A06
 20:56:52.849 t20480000000000000000
 20:56:52.850 t2058D18822027FFF5000
 20:56:52.948 t200836054F3E0048CA00
 20:56:52.948 t20184AE04F0EF1F1F17A
 20:56:52.949 t20286A974A3E49F900F9
 20:56:52.949 t2038967B4F2201D81606
 20:56:52.949 t20480000400000000000
 20:56:52.949 t2058D18862027FFF5000
 20:56:53.048 t200836088F3E0048CA00
 20:56:53.048 t20184AE08F0EF1F1F17A
 20:56:53.049 t20286A978A3E49F900F9
 20:56:53.049 t203896B08F2201E81A06
 20:56:53.049 t20480000800000000000
 20:56:53.049 t2058D188A2027FFF5000
 20:56:53.148 t2008360BCF3E0048CA00
 20:56:53.148 t20184AE0CF0EF1F1F17A
 20:56:53.149 t20286A97CA3E49F900F9
 20:56:53.149 t203896E7CF2204881A04
 20:56:53.149 t20480000C00000000000
 20:56:53.149 t2058D188E2027FFF5000
 20:56:53.249 t2008360E0F3E0048CA00
 20:56:53.249 t20184AE00F0EF1F1F17A
 20:56:53.249 t20286A970A3E49F900F9
 20:56:53.249 t203897490F22038801FE
 20:56:53.249 t20480000000000000000
 20:56:53.250 t2058D18822027FFF5000
 20:56:53.349 t200836104F3E0048CA00
 20:56:53.349 t20184AE04F0EF1F1F17A
 20:56:53.349 t20286A974A3E49F900F9
 20:56:53.349 t2038978F4F220227F9FF
 20:56:53.350 t20480000400000000000
 20:56:53.350 t2058D18862027FFF5000
 20:56:53.449 t200836138F3E0048CA00
 20:56:53.449 t20184AE08F0EF1F1F17A
 20:56:53.449 t20286A978A3E49F900F9
 20:56:53.449 t203897CB8F220187F1F9
 20:56:53.450 t20480000800000000000
 20:56:53.450 t2058D188A2027FFF5000
 20:56:53.549 t20083616CF3E0048CA00
 20:56:53.549 t20184AE0CF0EF1F1F17A
 20:56:53.549 t20286A97CA3E49F900F9
 20:56:53.549 t2038986ACF220417E9FA
 20:56:53.550 t20480000C00000000000
 20:56:53.550 t2058D188E2027FFF5000
 20:56:53.648 t200836190F3E0048CA00
 20:56:53.649 t20184AE00F0EF1F1F17A
 20:56:53.649 t20286A970A3E49F900F9
 20:56:53.649 t203898EF0F220167E9FA
 20:56:53.649 t20480000000000000000
 20:56:53.649 t2058D18822027FFF5000
 20:56:53.748 t2008361B4F3E0048CA00
 20:56:53.748 t20184AE04F0EF1F1F17A
 20:56:53.748 t20286A974A3E49F900F9
 20:56:53.748 t203899364F2000C7E9FA
 20:56:53.749 t20480000400000000000
 20:56:53.749 t2058D18862027FFF5000
 20:56:53.848 t2008361E8F3E0048CA00
 20:56:53.848 t20184AE08F0EF1F1F17A
 20:56:53.848 t20286A978A3E49F900F9
 20:56:53.848 t203899918F200147E9FA
 20:56:53.848 t20480000800000000000
 20:56:53.849 t2058D188A2027FFF5000
 20:56:53.948 t20083621CF3E0048CA00
 20:56:53.948 t20184AE0CF0EF1F1F17A
 20:56:53.949 t20286A97CA3E49F900F9
 20:56:53.949 t203895C1CF2206681E06
 20:56:53.949 t20480000C00000000000
 20:56:53.949 t2058D188E2027FFF5000
 20:56:54.048 t200836240F3E0048CA00
 20:56:54.048 t20184AE00F0EF1F1F17A
 20:56:54.049 t20286A970A3E49F900F9
 20:56:54.049 t2038964E0F2202081A06
 20:56:54.049 t20480000000000000000
 20:56:54.049 t2058D18822027FFF5000
 20:56:54.148 t200836274F3E0048CA00
 20:56:54.148 t20184AE04F0EF1F1F17A
 20:56:54.148 t20286A974A3E49F900F9
 20:56:54.148 t2038967B4F2201D81606
 20:56:54.148 t20480000400000000000
 20:56:54.148 t2058D18862027FFF5000
 20:56:54.249 t200836298F3E0048CA00
 20:56:54.249 t20184AE08F0EF1F1F17A
 20:56:54.249 t20286A978A3E49F900F9
 20:56:54.249 t203896B08F2201E81A06
 20:56:54.249 t20480000800000000000
 20:56:54.250 t2058D188A2027FFF5000
 20:56:54.348 t2008362CCF3E0048CA00
 20:56:54.349 t20184AE0CF0EF1F1F17A
 20:56:54.350 t20286A97CA3E49F900F9
 20:56:54.350 t203896E7CF2204881A04
 20:56:54.350 t20480000C00000000000
 20:56:54.350 t2058D188E2027FFF5000
 20:56:54.448 t2008362F0F3E0048CA00
 20:56:54.448 t20184AE00F0EF1F1F17A
 20:56:54.448 t20286A970A3E49F900F9
 20:56:54.448 t203897490F22038801FE
 20:56:54.448 t20480000000000000000
 20:56:54.448 t2058D18822027FFF5000
 20:56:54.548 t200836324F3E0048CA00
 20:56:54.548 t20184AE04F0EF1F1F17A
 20:56:54.549 t20286A974A3E49F900F9
 20:56:54.549 t2038978F4F220227F9FF
 20:56:54.549 t20480000400000000000
 20:56:54.549 t2058D18862027FFF5000
 20:56:54.649 t200836348F3E0048CA00
 20:56:54.649 t20184AE08F0EF1F1F17A
 20:56:54.649 t20286A978A3E49F900F9
 20:56:54.649 t203897CB8F220187F1F9
 20:56:54.650 t20480000800000000000
 20:56:54.650 t2058D188A2027FFF5000
 20:56:54.748 t20083637CF3E0048CA00
 20:56:54.748 t20184AE0CF0EF1F1F17A
 20:56:54.749 t20286A97CA3E49F900F9
 20:56:54.749 t2038986ACF220417E9FA
 20:56:54.749 t20480000C00000000000
 20:56:54.749 t2058D188E2027FFF5000
 20:56:54.848 t2008363A0F3E0048CA00
 20:56:54.848 t20184AE00F0EF1F1F17A
 20:56:54.848 t20286A970A3E49F900F9
 20:56:54.849 t203898EF0F220167E9FA
 20:56:54.849 t20480000000000000000
 20:56:54.849 t2058D18822027FFF5000
 20:56:54.948 t2008363D4F3E0048CA00
 20:56:54.948 t20184AE04F0EF1F1F17A
 20:56:54.949 t20286A974A3E49F900F9
 20:56:54.949 t203899364F2200C7E9FA
 20:56:54.949 t20480000400000000000
 20:56:54.949 t2058D18862027FFF5000
 20:56:55.048 t200836408F3E0048CA00
 20:56:55.048 t20184AE08F0EF1F1F17A
 20:56:55.048 t20286A978A3E49F900F9
 20:56:55.048 t203899918F220147E9FA
 20:56:55.048 t20480000800000000000
 20:56:55.048 t2058D188A2027FFF5000
 20:56:55.148 t20083642CF3E0048CA00
 20:56:55.148 t20184AE0CF0EF1F1F17A
 20:56:55.148 t20286A97CA3E49F900F9
 20:56:55.148 t203895C1CF2206681E06
 20:56:55.148 t20480000C00000000000
 20:56:55.148 t2058D188E2027FFF5000
 20:56:55.249 t200836450F3E0048CA00
 20:56:55.249 t20184AE00F0EF1F1F17A
 20:56:55.249 t20286A970A3E49F900F9
 20:56:55.249 t2038964E0F2202081A06
 20:56:55.249 t20480000000000000000
 20:56:55.249 t2058D18822027FFF5000
 20:56:55.349 t200836484F3E0048CA00
 20:56:55.349 t20184AE04F0EF1F1F17A
 20:56:55.349 t20286A974A3E49F900F9
 20:56:55.350 t2038967B4F2201D81606
 20:56:55.350 t20480000400000000000
 20:56:55.350 t2058D18862027FFF5000
 20:56:55.449 t2008364B8F3E0048CA00
 20:56:55.449 t20184AE08F0EF1F1F17A
 20:56:55.449 t20286A978A3E49F900F9
 20:56:55.449 t203896B08F2201E81A06
 20:56:55.450 t20480000800000000000
 20:56:55.450 t2058D188A2027FFF5000
 20:56:55.549 t2008364DCF3E0048CA00
 20:56:55.549 t20184AE0CF0EF1F1F17A
 20:56:55.549 t20286A97CA3E49F900F9
 20:56:55.549 t203896E7CF2204881A04
 20:56:55.550 t20480000C00000000000
 20:56:55.550 t2058D188E2027FFF5000
 20:56:55.649 t200836500F3E0048CA00
 20:56:55.649 t20184AE00F0EF1F1F17A
 20:56:55.649 t20286A970A3E49F900F9
 20:56:55.649 t203897490F22038801FE
 20:56:55.650 t20480000000000000000
 20:56:55.650 t2058D18822027FFF5000
 20:56:55.749 t200836534F3E0048CA00
 20:56:55.749 t20184AE04F0EF1F1F17A
 20:56:55.749 t20286A974A3E49F900F9
 20:56:55.749 t2038978F4F220227F9FF
 20:56:55.749 t20480000400000000000
 20:56:55.749 t2058D18862027FFF5000
 20:56:55.849 t200836568F3E0048CA00
 20:56:55.849 t20184AE08F0EF1F1F17A
 20:56:55.849 t20286A978A3E49F900F9
 20:56:55.849 t203897CB8F220187F1F9
 20:56:55.849 t20480000800000000000
 20:56:55.849 t2058D188A2027FFF5000
 20:56:55.949 t20083659CF3E0048CA00
 20:56:55.949 t20184AE0CF0EF1F1F17A
 20:56:55.949 t20286A97CA3E49F900F9
 20:56:55.949 t2038986ACF220417E9FA
 20:56:55.949 t20480000C00000000000
 20:56:55.950 t2058D188E2027FFF5000
 20:56:56.049 t2008365B0F3E0048CA00
 20:56:56.049 t20184AE00F0EF1F1F17A
 20:56:56.049 t20286A970A3E49F900F9
 20:56:56.049 t203898EF0F220167E9FA
 20:56:56.050 t20480000000000000000
 20:56:56.050 t2058D18822027FFF5000
 20:56:56.149 t2008365E4F3E0048CA00
 20:56:56.149 t20184AE04F0EF1F1F17A
 20:56:56.149 t20286A974A3E49F900F9
 20:56:56.149 t203899364F2200C7E9FA
 20:56:56.150 t20480000400000000000
 20:56:56.150 t2058D18862027FFF5000
 20:56:56.249 t200836618F3E0048CA00
 20:56:56.249 t20184AE08F0EF1F1F17A
 20:56:56.249 t20286A978A3E49F900F9
 20:56:56.249 t203899918F220147E9FA
 20:56:56.250 t20480000800000000000
 20:56:56.250 t2058D188A2027FFF5000
 20:56:56.348 t20083664CF3E0048CA00
 20:56:56.348 t20184AE0CF0EF1F1F17A
 20:56:56.349 t20286A97CA3E49F900F9
 20:56:56.349 t203895C1CF2206681E06
 20:56:56.349 t20480000C00000000000
 20:56:56.349 t2058D188E2027FFF5000
 20:56:56.448 t200836660F3E0048CA00
 20:56:56.448 t20184AE00F0EF1F1F17A
 20:56:56.449 t20286A970A3E49F900F9
 20:56:56.449 t2038964E0F2202081A06
 20:56:56.449 t20480000000000000000
 20:56:56.449 t2058D18822027FFF5000
 20:56:56.549 t200836694F3E0048CA00
 20:56:56.549 t20184AE04F0EF1F1F17A
 20:56:56.549 t20286A974A3E49F900F9
 20:56:56.549 t2038967B4F2201D81606
 20:56:56.549 t20480000400000000000
 20:56:56.550 t2058D18862027FFF5000
 20:56:56.649 t2008366C8F3E0048CA00
 20:56:56.649 t20184AE08F0EF1F1F17A
 20:56:56.649 t20286A978A3E49F900F9
 20:56:56.649 t203896B08F2201E81A06
 20:56:56.649 t20480000800000000000
 20:56:56.650 t2058D188A2027FFF5000
 20:56:56.749 t2008366FCF3E0048CA00
 20:56:56.749 t20184AE0CF0EF1F1F17A
 20:56:56.749 t20286A97CA3E49F900F9
 20:56:56.749 t203896E7CF2204881A04
 20:56:56.749 t20480000C00000000000
 20:56:56.750 t2058D188E2027FFF5000
 20:56:56.848 t200836720F3E0048CA00
 20:56:56.849 t20184AE00F0EF1F1F17A
 20:56:56.849 t20286A970A3E49F900F9
 20:56:56.849 t203897490F22038801FE
 20:56:56.849 t20480000000000000000
 20:56:56.849 t2058D18822027FFF5000
 20:56:56.948 t200836744F3E0048CA00
 20:56:56.949 t20184AE04F0EF1F1F17A
 20:56:56.949 t20286A974A3E49F900F9
 20:56:56.949 t2038978F4F220227F9FF
 20:56:56.949 t20480000400000000000
 20:56:56.950 t2058D18862027FFF5000
 20:56:57.048 t200836778F3E0048CA00
 20:56:57.048 t20184AE08F0EF1F1F17A
 20:56:57.048 t20286A978A3E49F900F9
 20:56:57.049 t203897CB8F220187F1F9
 20:56:57.049 t20480000800000000000
 20:56:57.049 t2058D188A2027FFF5000
 20:56:57.148 t2008367ACF3E0048CA00
 20:56:57.148 t20184AE0CF0EF1F1F17A
 20:56:57.148 t20286A97CA3E49F900F9
 20:56:57.148 t2038986ACF220417E9FA
 20:56:57.149 t20480000C00000000000
 20:56:57.149 t2058D188E2027FFF5000
 20:56:57.248 t2008367D0F3E0048CA00
 20:56:57.248 t20184AE00F0EF1F1F17A
 20:56:57.249 t20286A970A3E49F900F9
 20:56:57.249 t203898EF0F220167E9FA
 20:56:57.249 t20480000000000000000
 20:56:57.249 t2058D18822027FFF5000
 20:56:57.348 t2008367F4F3E0048CA00
 20:56:57.349 t20184AE04F0EF1F1F17A
 20:56:57.349 t20286A974A3E49F900F9
 20:56:57.349 t203899364F2200C7E9FA
 20:56:57.349 t20480000400000000000
 20:56:57.349 t2058D18862027FFF5000
 20:56:57.448 t200836828F3E0048CA00
 20:56:57.448 t20184AE08F0EF1F1F17A
 20:56:57.449 t20286A978A3E49F900F9
 20:56:57.449 t203899918F220147E9FA
 20:56:57.449 t20480000800000000000
 20:56:57.449 t2058D188A2027FFF5000
 20:56:57.548 t20083685CF3E0048CA00
 20:56:57.548 t20184AE0CF0EF1F1F17A
 20:56:57.549 t20286A97CA3E49F900F9
 20:56:57.549 t203895C1CF2206681E06
 20:56:57.549 t20480000C00000000000
 20:56:57.549 t2058D188E2027FFF5000
 20:56:57.648 t200836880F3E0048CA00
 20:56:57.648 t20184AE00F0EF1F1F17A
 20:56:57.649 t20286A970A3E49F900F9
 20:56:57.649 t2038964E0F2202081A06
 20:56:57.649 t20480000000000000000
 20:56:57.649 t2058D18822027FFF5000
 20:56:57.748 t2008368B4F3E0048CA00
 20:56:57.748 t20184AE04F0EF1F1F17A
 20:56:57.748 t20286A974A3E49F900F9
 20:56:57.748 t2038967B4F2201D81606
 20:56:57.748 t20480000400000000000
 20:56:57.749 t2058D18862027FFF5000
 20:56:57.848 t2008368D8F3E0048CA00
 20:56:57.848 t20184AE08F0EF1F1F17A
 20:56:57.848 t20286A978A3E49F900F9
 20:56:57.849 t203896B08F2201E81A06
 20:56:57.849 t20480000800000000000
 20:56:57.849 t2058D188A2027FFF5000
 20:56:57.948 t20083690CF3E0048CA00
 20:56:57.948 t20184AE0CF0EF1F1F17A
 20:56:57.948 t20286A97CA3E49F900F9
 20:56:57.948 t203896E7CF2204881A04
 20:56:57.948 t20480000C00000000000
 20:56:57.949 t2058D188E2027FFF5000
 20:56:58.048 t200836930F3E0048CA00
 20:56:58.048 t20184AE00F0EF1F1F17A
 20:56:58.048 t20286A970A3E49F900F9
 20:56:58.049 t203897490F22038801FE
 20:56:58.049 t20480000000000000000
 20:56:58.049 t2058D18822027FFF5000
 20:56:58.148 t200836964F3E0048CA00
 20:56:58.148 t20184AE04F0EF1F1F17A
 20:56:58.149 t20286A974A3E49F900F9
 20:56:58.149 t2038978F4F220227F9FF
 20:56:58.149 t20480000400000000000
 20:56:58.149 t2058D18862027FFF5000
 20:56:58.248 t200836988F3E0048CA00
 20:56:58.248 t20184AE08F0EF1F1F17A
 20:56:58.248 t20286A978A3E49F900F9
 20:56:58.249 t203897CB8F220187F1F9
 20:56:58.249 t20480000800000000000
 20:56:58.249 t2058D188A2027FFF5000
 20:56:58.348 t2008369BCF3E0048CA00
 20:56:58.348 t20184AE0CF0EF1F1F17A
 20:56:58.348 t20286A97CA3E49F900F9
 20:56:58.348 t2038986ACF220417E9FA
 20:56:58.348 t20480000C00000000000
 20:56:58.348 t2058D188E2027FFF5000
 20:56:58.448 t2008369E0F3E0048CA00
 20:56:58.448 t20184AE00F0EF1F1F17A
 20:56:58.448 t20286A970A3E49F900F9
 20:56:58.448 t203898EF0F220167E9FA
 20:56:58.448 t20480000000000000000
 20:56:58.448 t2058D18822027FFF5000
 20:56:58.548 t200836A14F3E0048CA00
 20:56:58.548 t20184AE04F0EF1F1F17A
 20:56:58.548 t20286A974A3E49F900F9
 20:56:58.549 t203899364F2200C7E9FA
 20:56:58.549 t20480000400000000000
 20:56:58.549 t2058D18862027FFF5000
 20:56:58.648 t200836A48F3E0048CA00
 20:56:58.648 t20184AE08F0EF1F1F17A
 20:56:58.648 t20286A978A3E49F900F9
 20:56:58.649 t203899918F220147E9FA
 20:56:58.649 t20480000800000000000
 20:56:58.649 t2058D188A2027FFF5000
 20:56:58.749 t200836A6CF3E0048CA00
 20:56:58.749 t20184AE0CF0EF1F1F17A
 20:56:58.749 t20286A97CA3E49F900F9
 20:56:58.750 t203895C1CF2206681E06
 20:56:58.750 t20480000C00000000000
 20:56:58.750 t2058D188E2027FFF5000
 20:56:58.849 t200836A90F3E0048CA00
 20:56:58.849 t20184AE00F0EF1F1F17A
 20:56:58.849 t20286A970A3E49F900F9
 20:56:58.850 t2038964E0F2202081A06
 20:56:58.850 t20480000000000000000
 20:56:58.850 t2058D18822027FFF5000
 20:56:58.949 t200836AC4F3E0048CA00
 20:56:58.949 t20184AE04F0EF1F1F17A
 20:56:58.949 t20286A974A3E49F900F9
 20:56:58.949 t203899D84F200237E9FA
 20:56:58.950 t20480000400000000000
 20:56:58.950 t2058D18862027FFF5000
 20:56:59.049 t200836AF8F3E0048CA00
 20:56:59.049 t20184AE08F0EF1F1F17A
 20:56:59.049 t20286A978A3E49F900F9
 20:56:59.049 t20389A228F200127E9FA
 20:56:59.049 t20480000800000000000
 20:56:59.049 t2058D188A2027FFF5000
 20:56:59.149 t200836B1CF3E0048CA00
 20:56:59.149 t20184AE0CF0EF1F1F17A
 20:56:59.149 t20286A97CA3E49F900F9
 20:56:59.149 t2038964ECF2202081A06
 20:56:59.149 t20480000C00000000000
 20:56:59.149 t2058D188E2027FFF5000
 20:56:59.249 t200836B40F3E0048CA00
 20:56:59.249 t20184AE00F0EF1F1F17A
 20:56:59.249 t20286A970A3E49F900F9
 20:56:59.249 t2038967B0F2201D81606
 20:56:59.250 t20480000000000000000
 20:56:59.250 t2058D18822027FFF5000
 20:56:59.349 t200836B74F3E0048CA00
 20:56:59.349 t20184AE04F0EF1F1F17A
 20:56:59.349 t20286A974A3E49F900F9
 20:56:59.349 t203896B04F2201E81A06
 20:56:59.349 t20480000400000000000
 20:56:59.349 t2058D18862027FFF5000
 20:56:59.449 t200836BA8F3E0048CA00
 20:56:59.449 t20184AE08F0EF1F1F17A
 20:56:59.449 t20286A978A3E49F900F9
 20:56:59.449 t203896E78F2204881A04
 20:56:59.450 t20480000800000000000
 20:56:59.450 t2058D188A2027FFF5000
 20:56:59.549 t200836BDCF3E0048CA00
 20:56:59.549 t20184AE0CF0EF1F1F17A
 20:56:59.549 t20286A97CA3E49F900F9
 20:56:59.549 t20389749CF22038801FE
 20:56:59.549 t20480000C00000000000
 20:56:59.549 t2058D188E2027FFF5000
 20:56:59.649 t200836BF0F3E0048CA00
 20:56:59.649 t20184AE00F0EF1F1F17A
 20:56:59.649 t20286A970A3E49F900F9
 20:56:59.649 t2038978F0F220227F9FF
 20:56:59.649 t20480000000000000000
 20:56:59.649 t2058D18822027FFF5000
 20:56:59.748 t200836C24F3E0048CA00
 20:56:59.749 t20184AE04F0EF1F1F17A
 20:56:59.749 t20286A974A3E49F900F9
 20:56:59.749 t203897CB4F220187F1F9
 20:56:59.749 t20480000400000000000
 20:56:59.749 t2058D18862027FFF5000
 20:56:59.848 t200836C58F3E0048CA00
 20:56:59.849 t20184AE08F0EF1F1F17A
 20:56:59.849 t20286A978A3E49F900F9
 20:56:59.849 t2038986A8F220417E9FA
 20:56:59.849 t20480000800000000000
 20:56:59.849 t2058D188A2027FFF5000
 20:56:59.948 t200836C8CF3E0048CA00
 20:56:59.948 t20184AE0CF0EF1F1F17A
 20:56:59.949 t20286A97CA3E49F900F9
 20:56:59.949 t203898EFCF220167E9FA
 20:56:59.949 t20480000C00000000000
 20:56:59.949 t2058D188E2027FFF5000
 20:57:00.048 t200836CA0F3E0048CA00
 20:57:00.048 t20184AE00F0EF1F1F17A
 20:57:00.049 t20286A970A3E49F900F9
 20:57:00.049 t203899360F2200C7E9FA
 20:57:00.049 t20480000000000000000
 20:57:00.049 t2058D18822027FFF5000
 20:57:00.148 t200836CD4F3E0048CA00
 20:57:00.149 t20184AE04F0EF1F1F17A
 20:57:00.149 t20286A974A3E49F900F9
 20:57:00.149 t203899914F220147E9FA
 20:57:00.149 t20480000400000000000
 20:57:00.150 t2058D18862027FFF5000
 20:57:00.249 t200836D08F3E0048CA00
 20:57:00.249 t20184AE08F0EF1F1F17A
 20:57:00.249 t20286A978A3E49F900F9
 20:57:00.249 t203899D88F220237E9FA
 20:57:00.249 t20480000800000000000
 20:57:00.250 t2058D188A2027FFF5000
 20:57:00.348 t200836D3CF3E0048CA00
 20:57:00.349 t20184AE0CF0EF1F1F17A
 20:57:00.349 t20286A97CA3E49F900F9
 20:57:00.349 t20389A22CF220127E9FA
 20:57:00.349 t20480000C00000000000
 20:57:00.349 t2058D188E2027FFF5000
 20:57:00.448 t200836D60F3E0048CA00
 20:57:00.448 t20184AE00F0EF1F1F17A
 20:57:00.448 t20286A970A3E49F900F9
 20:57:00.449 t2038964E0F2202081A06
 20:57:00.449 t20480000000000000000
 20:57:00.449 t2058D18822027FFF5000
 20:57:00.548 t200836D84F3E0048CA00
 20:57:00.548 t20184AE04F0EF1F1F17A
 20:57:00.548 t20286A974A3E49F900F9
 20:57:00.549 t2038967B4F2201D81606
 20:57:00.549 t20480000400000000000
 20:57:00.549 t2058D18862027FFF5000
 20:57:00.648 t200836DB8F3E0048CA00
 20:57:00.649 t20184AE08F0EF1F1F17A
 20:57:00.649 t20286A978A3E49F900F9
 20:57:00.649 t203896B08F2201E81A06
 20:57:00.649 t20480000800000000000
 20:57:00.649 t2058D188A2027FFF5000
 20:57:00.748 t200836DECF3E0048CA00
 20:57:00.749 t20184AE0CF0EF1F1F17A
 20:57:00.749 t20286A97CA3E49F900F9
 20:57:00.749 t203896E7CF2204881A04
 20:57:00.749 t20480000C00000000000
 20:57:00.749 t2058D188E2027FFF5000
 20:57:00.848 t200836E10F3E0048CA00
 20:57:00.849 t20184AE00F0EF1F1F17A
 20:57:00.849 t20286A970A3E49F900F9
 20:57:00.849 t203897490F22038801FE
 20:57:00.849 t20480000000000000000
 20:57:00.849 t2058D18822027FFF5000
 20:57:00.948 t200836E34F3E0048CA00
 20:57:00.949 t20184AE04F0EF1F1F17A
 20:57:00.949 t20286A974A3E49F900F9
 20:57:00.949 t2038978F4F220227F9FF
 20:57:00.949 t20480000400000000000
 20:57:00.949 t2058D18862027FFF5000
 20:57:01.050 t200836E68F3E0048CA00
 20:57:01.050 t20184AE08F0EF1F1F17A
 20:57:01.050 t20286A978A3E49F900F9
 20:57:01.051 t203897CB8F220187F1F9
 20:57:01.051 t20480000800000000000
 20:57:01.051 t2058D188A2027FFF5000
 20:57:01.148 t200836E9CF3E0048CA00
 20:57:01.148 t20184AE0CF0EF1F1F17A
 20:57:01.148 t20286A97CA3E49F900F9
 20:57:01.148 t2038986ACF220417E9FA
 20:57:01.148 t20480000C00000000000
 20:57:01.155 t2058D188E2027FFF5000
 20:57:01.248 t200836EC0F3E0048CA00
 20:57:01.248 t20184AE00F0EF1F1F17A
 20:57:01.248 t20286A970A3E49F900F9
 20:57:01.248 t203898EF0F220167E9FA
 20:57:01.248 t20480000000000000000
 20:57:01.249 t2058D18822027FFF5000
 20:57:01.348 t200836EF4F3E0048CA00
 20:57:01.348 t20184AE04F0EF1F1F17A
 20:57:01.349 t20286A974A3E49F900F9
 20:57:01.349 t203899364F2200C7E9FA
 20:57:01.349 t20480000400000000000
 20:57:01.349 t2058D18862027FFF5000
 20:57:01.448 t200836F18F3E0048CA00
 20:57:01.448 t20184AE08F0EF1F1F17A
 20:57:01.449 t20286A978A3E49F900F9
 20:57:01.449 t203899918F220147E9FA
 20:57:01.449 t20480000800000000000
 20:57:01.449 t2058D188A2027FFF5000
 20:57:01.548 t200836F4CF3E0048CA00
 20:57:01.548 t20184AE0CF0EF1F1F17A
 20:57:01.549 t20286A97CA3E49F900F9
 20:57:01.549 t20389A4ACF203FF7EBFF
 20:57:01.549 t20480000C00000000000
 20:57:01.549 t2058D188E2027FFF5000
 20:57:01.648 t200836F70F3E0048CA00
 20:57:01.648 t20184AE00F0EF1F1F17A
 20:57:01.648 t20286A970A3E49F900F9
 20:57:01.649 t2038967B0F2201D81606
 20:57:01.649 t20480000000000000000
 20:57:01.649 t2058D18822027FFF5000
 20:57:01.748 t200836FA4F3E0048CA00
 20:57:01.748 t20184AE04F0EF1F1F17A
 20:57:01.748 t20286A974A3E49F900F9
 20:57:01.748 t203896B04F2201E81A06
 20:57:01.748 t20480000400000000000
 20:57:01.748 t2058D18862027FFF5000
 20:57:01.848 t200836FC8F3E0048CA00
 20:57:01.848 t20184AE08F0EF1F1F17A
 20:57:01.848 t20286A978A3E49F900F9
 20:57:01.848 t203896E78F2204881A04
 20:57:01.848 t20480000800000000000
 20:57:01.849 t2058D188A2027FFF5000
 20:57:01.948 t200836FFCF3E0048CA00
 20:57:01.948 t20184AE0CF0EF1F1F17A
 20:57:01.949 t20286A97CA3E49F900F9
 20:57:01.949 t20389749CF22038801FE
 20:57:01.949 t20480000C00000000000
 20:57:01.949 t2058D188E2027FFF5000
 20:57:02.048 t200837020F3E0048CA00
 20:57:02.048 t20184AE00F0EF1F1F17A
 20:57:02.049 t20286A970A3E49F900F9
 20:57:02.049 t2038978F0F220227F9FF
 20:57:02.049 t20480000000000000000
 20:57:02.049 t2058D18822027FFF5000
 20:57:02.148 t200837054F3E0048CA00
 20:57:02.148 t20184AE04F0EF1F1F17A
 20:57:02.148 t20286A974A3E49F900F9
 20:57:02.148 t203897CB4F220187F1F9
 20:57:02.149 t20480000400000000000
 20:57:02.149 t2058D18862027FFF5000
 20:57:02.248 t200837088F3E0048CA00
 20:57:02.248 t20184AE08F0EF1F1F17A
 20:57:02.248 t20286A978A3E49F900F9
 20:57:02.249 t2038986A8F220417E9FA
 20:57:02.249 t20480000800000000000
 20:57:02.250 t2058D188A2027FFF5000
 20:57:02.348 t2008370ACF3E0048CA00
 20:57:02.348 t20184AE0CF0EF1F1F17A
 20:57:02.348 t20286A97CA3E49F900F9
 20:57:02.349 t203898EFCF220167E9FA
 20:57:02.349 t20480000C00000000000
 20:57:02.349 t2058D188E2027FFF5000
 20:57:02.448 t2008370D0F3E0048CA00
 20:57:02.448 t20184AE00F0EF1F1F17A
 20:57:02.448 t20286A970A3E49F900F9
 20:57:02.448 t203899360F2200C7E9FA
 20:57:02.448 t20480000000000000000
 20:57:02.448 t2058D18822027FFF5000
 20:57:02.549 t200837104F3E0048CA00
 20:57:02.549 t20184AE04F0EF1F1F17A
 20:57:02.549 t20286A974A3E49F900F9
 20:57:02.549 t203899914F220147E9FA
 20:57:02.549 t20480000400000000000
 20:57:02.549 t2058D18862027FFF5000
 20:57:02.649 t200837138F3E0048CA00
 20:57:02.649 t20184AE08F0EF1F1F17A
 20:57:02.649 t20286A978A3E49F900F9
 20:57:02.650 t203899D88F220237E9FA
 20:57:02.650 t20480000800000000000
 20:57:02.650 t2058D188A2027FFF5000
 20:57:02.749 t20083715CF3E0048CA00
 20:57:02.749 t20185AA9CF0CF1F1A97A
 20:57:02.749 t20286A97CA3E49F900F9
 20:57:02.749 t20389A22CF220127E9FA
 20:57:02.750 t20480000C00000000000
 20:57:02.750 t2058D188E2027FFF5000
 20:57:02.849 t200837180F3E0048CA00
 20:57:02.849 t20184AE00F0EF1F1F17A
 20:57:02.849 t20286A970A3E49F900F9
 20:57:02.849 t20389A4A0F223FF7EBFF
 20:57:02.850 t20480000000000000000
 20:57:02.850 t2058D18822027FFF5000
 20:57:02.949 t2008371B4F3E0048CA00
 20:57:02.949 t20185AA94F0EF1F1A97A
 20:57:02.949 t20286A974A3E49F900F9
 20:57:02.949 t2038967B4F2201D81606
 20:57:02.950 t20480000400000000000
 20:57:02.950 t2058D18862027FFF5000
 20:57:03.049 t2008371E8F3E0048CA00
 20:57:03.049 t20184AE08F0EF1F1F17A
 20:57:03.049 t20286A978A3E49F900F9
 20:57:03.050 t203896B08F2201E81A06
 20:57:03.050 t20480000800000000000
 20:57:03.050 t2058D188A2027FFF5000
 20:57:03.149 t20083721CF3E0048CA00
 20:57:03.149 t20185AA9CF0EF1F1A97A
 20:57:03.149 t20286A97CA3E49F900F9
 20:57:03.149 t20389A4ACF2002F7E9FA
 20:57:03.149 t20480000C00000000000
 20:57:03.149 t2058D188E2027FFF5000
 20:57:03.249 t200837230F3E0048CA00
 20:57:03.249 t20184AE00F0EF1F1F17A
 20:57:03.249 t20286A970A3E49F900F9
 20:57:03.249 t20389A850F2000B7E9FA
 20:57:03.249 t20480000000000000000
 20:57:03.250 t2058D18822027FFF5000
 20:57:03.349 t200837264F3E0048CA00
 20:57:03.349 t20185AA94F0EF1F1A97A
 20:57:03.349 t20286A974A3E49F900F9
 20:57:03.349 t203896B04F2201E81A06
 20:57:03.349 t20480000400000000000
 20:57:03.350 t2058D18862027FFF5000
 20:57:03.448 t200837298F3E0048CA00
 20:57:03.449 t20184AE08F0EF1F1F17A
 20:57:03.449 t20286A978A3E49F900F9
 20:57:03.449 t203896E78F2204881A04
 20:57:03.449 t20480000800000000000
 20:57:03.450 t2058D188A2027FFF5000
 20:57:03.549 t2008372CCF3E0048CA00
 20:57:03.549 t20185AA9CF0EF1F1A97A
 20:57:03.549 t20286A97CA3E49F900F9
 20:57:03.549 t20389749CF22038801FE
 20:57:03.549 t20480000C00000000000
 20:57:03.550 t2058D188E2027FFF5000
 20:57:03.649 t2008372E0F3E0048CA00
 20:57:03.649 t20184AE00F0EF1F1F17A
 20:57:03.649 t20286A970A3E49F900F9
 20:57:03.649 t2038978F0F220227F9FF
 20:57:03.649 t20480000000000000000
 20:57:03.650 t2058D18822027FFF5000
 20:57:03.748 t200837314F3E0048CA00
 20:57:03.749 t20185AA94F0EF1F1A97A
 20:57:03.749 t20286A974A3E49F900F9
 20:57:03.749 t203897CB4F220187F1F9
 20:57:03.749 t20480000400000000000
 20:57:03.749 t2058D18862027FFF5000
 20:57:03.848 t200837348F3E0048CA00
 20:57:03.848 t20184AE08F0EF1F1F17A
 20:57:03.849 t20286A978A3E49F900F9
 20:57:03.849 t2038986A8F220417E9FA
 20:57:03.849 t20480000800000000000
 20:57:03.849 t2058D188A2027FFF5000
 20:57:03.948 t20083737CF3E0048CA00
 20:57:03.949 t20185AA9CF0EF1F1A97A
 20:57:03.949 t20286A97CA3E49F900F9
 20:57:03.949 t203898EFCF220167E9FA
 20:57:03.949 t20480000C00000000000
 20:57:03.949 t2058D188E2027FFF5000
 20:57:04.048 t2008373A0F3E0048CA00
 20:57:04.049 t20184AE00F0EF1F1F17A
 20:57:04.049 t20286A970A3E49F900F9
 20:57:04.049 t203899360F2200C7E9FA
 20:57:04.049 t20480000000000000000
 20:57:04.049 t2058D18822027FFF5000
 20:57:04.148 t2008373C4F3E0048CA00
 20:57:04.149 t20185AA94F0EF1F1A97A
 20:57:04.149 t20286A974A3E49F900F9
 20:57:04.149 t203899914F220147E9FA
 20:57:04.149 t20480000400000000000
 20:57:04.150 t2058D18862027FFF5000
 20:57:04.248 t2008373F8F3E0048CA00
 20:57:04.249 t20184AE08F0EF1F1F17A
 20:57:04.249 t20286A978A3E49F900F9
 20:57:04.249 t203899D88F220237E9FA
 20:57:04.249 t20480000800000000000
 20:57:04.249 t2058D188A2027FFF5000
 20:57:04.348 t20083742CF3E0048CA00
 20:57:04.349 t20185AA9CF0EF1F1A97A
 20:57:04.349 t20286A97CA3E49F900F9
 20:57:04.349 t20389A22CF220127E9FA
 20:57:04.349 t20480000C00000000000
 20:57:04.350 t2058D188E2027FFF5000
 20:57:04.448 t200837450F3E0048CA00
 20:57:04.448 t20184AE00F0EF1F1F17A
 20:57:04.448 t20286A970A3E49F900F9
 20:57:04.448 t20389A4A0F2202F7E9FA
 20:57:04.449 t20480000000000000000
 20:57:04.449 t2058D18822027FFF5000
 20:57:04.548 t200837474F3E0048CA00
 20:57:04.548 t20185AA94F0EF1F1A97A
 20:57:04.548 t20286A974A3E49F900F9
 20:57:04.548 t20389A854F2200B7E9FA
 20:57:04.548 t20480000400000000000
 20:57:04.549 t2058D18862027FFF5000
 20:57:04.648 t2008374A8F3E0048CA00
 20:57:04.648 t20184AE08F0EF1F1F17A
 20:57:04.649 t20286A978A3E49F900F9
 20:57:04.649 t203896B08F2201E81A06
 20:57:04.649 t20480000800000000000
 20:57:04.649 t2058D188A2027FFF5000
 20:57:04.748 t2008374DCF3E0048CA00
 20:57:04.748 t20185AA9CF0EF1F1A97A
 20:57:04.749 t20286A97CA3E49F900F9
 20:57:04.749 t203896E7CF2204881A04
 20:57:04.749 t20480000C00000000000
 20:57:04.749 t2058D188E2027FFF5000
 20:57:04.848 t200837500F3E0048CA00
 20:57:04.848 t20184AE00F0EF1F1F17A
 20:57:04.849 t20286A970A3E49F900F9
 20:57:04.849 t203897490F22038801FE
 20:57:04.849 t20480000000000000000
 20:57:04.849 t2058D18822027FFF5000
 20:57:04.948 t200837534F3E0048CA00
 20:57:04.948 t20185AA94F0EF1F1A97A
 20:57:04.949 t20286A974A3E49F900F9
 20:57:04.949 t20389A9B4F2000E7E9FA
 20:57:04.949 t20480000400000000000
 20:57:04.949 t2058D18862027FFF5000
 20:57:05.048 t200837558F3E0048CA00
 20:57:05.048 t20184AE08F0EF1F1F17A
 20:57:05.049 t20286A978A3E49F900F9
 20:57:05.049 t20389ABE8F203FF7EBFF
 20:57:05.049 t20480000800000000000
 20:57:05.049 t2058D188A2027FFF5000
 20:57:05.148 t20083758CF3E0048CA00
 20:57:05.148 t20185AA9CF0EF1F1A97A
 20:57:05.148 t20286A97CA3E49F900F9
 20:57:05.148 t203896E7CF2204881A04
 20:57:05.148 t20480000C00000000000
 20:57:05.148 t2058D188E2027FFF5000
 20:57:05.248 t2008375B0F3E0048CA00
 20:57:05.248 t20184AE00F0EF1F1F17A
 20:57:05.248 t20286A970A3E49F900F9
 20:57:05.248 t203897490F22038801FE
 20:57:05.248 t20480000000000000000
 20:57:05.248 t2058D18822027FFF5000
 20:57:05.348 t2008375E4F3E0048CA00
 20:57:05.348 t20185AA94F0EF1F1A97A
 20:57:05.349 t20286A974A3E49F900F9
 20:57:05.349 t2038978F4F220227F9FF
 20:57:05.349 t20480000400000000000
 20:57:05.349 t2058D18862027FFF5000
 20:57:05.448 t200837608F3E0048CA00
 20:57:05.448 t20184AE08F0EF1F1F17A
 20:57:05.448 t20286A978A3E49F900F9
 20:57:05.449 t203897CB8F220187F1F9
 20:57:05.449 t20480000800000000000
 20:57:05.449 t2058D188A2027FFF5000
 20:57:05.548 t20083763CF3E0048CA00
 20:57:05.548 t20185AA9CF0EF1F1A97A
 20:57:05.548 t20286A97CA3E49F900F9
 20:57:05.549 t2038986ACF220417E9FA
 20:57:05.549 t20480000C00000000000
 20:57:05.549 t2058D188E2027FFF5000
 20:57:05.648 t200837660F3E0048CA00
 20:57:05.648 t20184AE00F0EF1F1F17A
 20:57:05.649 t20286A970A3E49F900F9
 20:57:05.649 t203898EF0F220167E9FA
 20:57:05.649 t20480000000000000000
 20:57:05.649 t2058D18822027FFF5000
 20:57:05.748 t200837694F3E0048CA00
 20:57:05.748 t20185AA94F0EF1F1A97A
 20:57:05.749 t20286A974A3E49F900F9
 20:57:05.749 t203899364F2200C7E9FA
 20:57:05.749 t20480000400000000000
 20:57:05.749 t2058D18862027FFF5000
 20:57:05.848 t2008376C8F3E0048CA00
 20:57:05.848 t20184AE08F0EF1F1F17A
 20:57:05.848 t20286A978A3E49F900F9
 20:57:05.848 t203899918F220147E9FA
 20:57:05.848 t20480000800000000000
 20:57:05.848 t2058D188A2027FFF5000
 20:57:05.948 t2008376ECF3E0048CA00
 20:57:05.948 t20185AA9CF0EF1F1A97A
 20:57:05.948 t20286A97CA3E49F900F9
 20:57:05.948 t203899D8CF220237E9FA
 20:57:05.948 t20480000C00000000000
 20:57:05.948 t2058D188E2027FFF5000
 20:57:06.048 t200837710F3E0048CA00
 20:57:06.048 t20184AE00F0EF1F1F17A
 20:57:06.048 t20286A970A3E49F900F9
 20:57:06.049 t20389A220F220127E9FA
 20:57:06.049 t20480000000000000000
 20:57:06.049 t2058D18822027FFF5000
 20:57:06.148 t200837744F3E0048CA00
 20:57:06.148 t20185AA94F0EF1F1A97A
 20:57:06.148 t20286A974A3E49F900F9
 20:57:06.149 t20389A4A4F2202F7E9FA
 20:57:06.149 t20480000400000000000
 20:57:06.149 t2058D18862027FFF5000
 20:57:06.248 t200837778F3E0048CA00
 20:57:06.248 t20184AE08F0EF1F1F17A
 20:57:06.249 t20286A978A3E49F900F9
 20:57:06.249 t20389A858F2200B7E9FA
 20:57:06.249 t20480000800000000000
 20:57:06.249 t2058D188A2027FFF5000
 20:57:06.348 t20083779CF3E0048CA00
 20:57:06.348 t20185AA9CF0EF1F1A97A
 20:57:06.348 t20286A97CA3E49F900F9
 20:57:06.349 t20389A9BCF2200E7E9FA
 20:57:06.349 t20480000C00000000000
 20:57:06.349 t2058D188E2027FFF5000
 20:57:06.448 t2008377C0F3E0048CA00
 20:57:06.448 t20184AE00F0EF1F1F17A
 20:57:06.448 t20286A970A3E49F900F9
 20:57:06.448 t20389ABE0F223FF7EBFF
 20:57:06.448 t20480000000000000000
 20:57:06.448 t2058D18822027FFF5000
 20:57:06.547 t2008377F4F3E0048CA00
 20:57:06.548 t20185AA94F0EF1F1A97A
 20:57:06.548 t20286A974A3E49F900F9
 20:57:06.548 t203896E74F2204881A04
 20:57:06.548 t20480000400000000000
 20:57:06.548 t2058D18862027FFF5000
 20:57:06.648 t200837828F3E0048CA00
 20:57:06.648 t20184AE08F0EF1F1F17A
 20:57:06.648 t20286A978A3E49F900F9
 20:57:06.648 t203897498F22038801FE
 20:57:06.649 t20480000800000000000
 20:57:06.649 t2058D188A2027FFF5000
 20:57:06.749 t20083785CF3E0048CA00
 20:57:06.749 t20185AA9CF0EF1F1A97A
 20:57:06.749 t20286A97CA3E49F900F9
 20:57:06.749 t2038978FCF220227F9FF
 20:57:06.750 t20480000C00000000000
 20:57:06.750 t2058D188E2027FFF5000
 20:57:06.849 t200837870F3E0048CA00
 20:57:06.849 t20184AE00F0EF1F1F17A
 20:57:06.849 t20286A970A3E49F900F9
 20:57:06.849 t203897CB0F220187F1F9
 20:57:06.850 t20480000000000000000
 20:57:06.850 t2058D18822027FFF5000
 20:57:06.949 t2008378A4F3E0048CA00
 20:57:06.949 t20185AA94F0EF1F1A97A
 20:57:06.949 t20286A974A3E49F900F9
 20:57:06.949 t2038986A4F220417E9FA
 20:57:06.950 t20480000400000000000
 20:57:06.950 t2058D18862027FFF5000
 20:57:07.049 t2008378D8F3E0048CA00
 20:57:07.049 t20184AE08F0EF1F1F17A
 20:57:07.049 t20286A978A3E49F900F9
 20:57:07.049 t203898EF8F220167E9FA
 20:57:07.049 t20480000800000000000
 20:57:07.050 t2058D188A2027FFF5000
 20:57:07.148 t20083790CF3E0048CA00
 20:57:07.149 t20185AA9CF0EF1F1A97A
 20:57:07.149 t20286A97CA3E49F900F9
 20:57:07.149 t20389936CF2200C7E9FA
 20:57:07.149 t20480000C00000000000
 20:57:07.149 t2058D188E2027FFF5000
 20:57:07.248 t200837920F3E0048CA00
 20:57:07.249 t20184AE00F0EF1F1F17A
 20:57:07.249 t20286A970A3E49F900F9
 20:57:07.249 t203899910F220147E9FA
 20:57:07.249 t20480000000000000000
 20:57:07.249 t2058D18822027FFF5000
 20:57:07.349 t200837954F3E0048CA00
 20:57:07.349 t20185AA94F0EF1F1A97A
 20:57:07.349 t20286A974A3E49F900F9
 20:57:07.349 t203899D84F220237E9FA
 20:57:07.349 t20480000400000000000
 20:57:07.350 t2058D18862027FFF5000
 20:57:07.449 t200837988F3E0048CA00
 20:57:07.449 t20184AE08F0EF1F1F17A
 20:57:07.449 t20286A978A3E49F900F9
 20:57:07.449 t20389A228F220127E9FA
 20:57:07.449 t20480000800000000000
 20:57:07.450 t2058D188A2027FFF5000
 20:57:07.549 t2008379BCF3E0048CA00
 20:57:07.549 t20185AA9CF0EF1F1A97A
 20:57:07.549 t20286A97CA3E49F900F9
 20:57:07.549 t20389A4ACF2202F7E9FA
 20:57:07.549 t20480000C00000000000
 20:57:07.550 t2058D188E2027FFF5000
 20:57:07.648 t2008379E0F3E0048CA00
 20:57:07.649 t20184AE00F0EF1F1F17A
 20:57:07.649 t20286A970A3E49F900F9
 20:57:07.649 t20389A850F2200B7E9FA
 20:57:07.649 t20480000000000000000
 20:57:07.649 t2058D18822027FFF5000
 20:57:07.748 t200837A04F3E0048CA00
 20:57:07.749 t20185AA94F0EF1F1A97A
 20:57:07.749 t20286A974A3E49F900F9
 20:57:07.749 t20389A9B4F2200E7E9FA
 20:57:07.749 t20480000400000000000
 20:57:07.749 t2058D18862027FFF5000
 20:57:07.848 t200837A38F3E0048CA00
 20:57:07.848 t20184AE08F0EF1F1F17A
 20:57:07.848 t20286A978A3E49F900F9
 20:57:07.849 t20389ABE8F223FF7EBFF
 20:57:07.849 t20480000800000000000
 20:57:07.849 t2058D188A2027FFF5000
 20:57:07.948 t200837A6CF3E0048CA00
 20:57:07.949 t20185AA9CF0EF1F1A97A
 20:57:07.949 t20286A97CA3E49F900F9
 20:57:07.949 t203896E7CF2204881A04
 20:57:07.949 t20480000C00000000000
 20:57:07.950 t2058D188E2027FFF5000
 20:57:08.048 t200837A90F3E0048CA00
 20:57:08.049 t20184AE00F0EF1F1F17A
 20:57:08.049 t20286A970A3E49F900F9
 20:57:08.049 t203897490F22038801FE
 20:57:08.049 t20480000000000000000
 20:57:08.049 t2058D18822027FFF5000
 20:57:08.148 t200837AB4F3E0048CA00
 20:57:08.148 t20185AA94F0EF1F1A97A
 20:57:08.149 t20286A974A3E49F900F9
 20:57:08.149 t2038978F4F220227F9FF
 20:57:08.149 t20480000400000000000
 20:57:08.149 t2058D18862027FFF5000
 20:57:08.248 t200837AE8F3E0048CA00
 20:57:08.249 t20184AE08F0EF1F1F17A
 20:57:08.249 t20286A978A3E49F900F9
 20:57:08.249 t203897CB8F220187F1F9
 20:57:08.249 t20480000800000000000
 20:57:08.249 t2058D188A2027FFF5000
 20:57:08.348 t200837B1CF3E0048CA00
 20:57:08.349 t20185AA9CF0EF1F1A97A
 20:57:08.349 t20286A97CA3E49F900F9
 20:57:08.349 t2038986ACF220417E9FA
 20:57:08.349 t20480000C00000000000
 20:57:08.349 t2058D188E2027FFF5000
 20:57:08.448 t200837B40F3E0048CA00
 20:57:08.448 t20184AE00F0EF1F1F17A
 20:57:08.448 t20286A970A3E49F900F9
 20:57:08.448 t203898EF0F220167E9FA
 20:57:08.449 t20480000000000000000
 20:57:08.449 t2058D18822027FFF5000
 20:57:08.548 t200837B74F3E0048CA00
 20:57:08.548 t20185AA94F0EF1F1A97A
 20:57:08.548 t20286A974A3E49F900F9
 20:57:08.548 t20389ABE4F200267E9FA
 20:57:08.549 t20480000400000000000
 20:57:08.549 t2058D18862027FFF5000
 20:57:08.648 t200837B98F3E0048CA00
 20:57:08.648 t20184AE08F0EF1F1F17A
 20:57:08.648 t20286A978A3E49F900F9
 20:57:08.648 t20389AFC8F2001B7EDFB
 20:57:08.648 t20480000800000000000
 20:57:08.649 t2058D188A2027FFF5000
 20:57:08.748 t200837BCCF3E0048CA00
 20:57:08.748 t20185AA9CF0EF1F1A97A
 20:57:08.749 t20286A97CA3E49F900F9
 20:57:08.749 t20389749CF22038801FE
 20:57:08.749 t20480000C00000000000
 20:57:08.749 t2058D188E2027FFF5000
 20:57:08.848 t200837BF0F3E0048CA00
 20:57:08.848 t20184AE00F0EF1F1F17A
 20:57:08.849 t20286A970A3E49F900F9
 20:57:08.849 t2038978F0F220227F9FF
 20:57:08.849 t20480000000000000000
 20:57:08.849 t2058D18822027FFF5000
 20:57:08.948 t200837C24F3E0048CA00
 20:57:08.948 t20185AA94F0EF1F1A97A
 20:57:08.949 t20286A974A3E49F900F9
 20:57:08.949 t203897CB4F220187F1F9
 20:57:08.949 t20480000400000000000
 20:57:08.949 t2058D18862027FFF5000
 20:57:09.048 t200837C48F3E0048CA00
 20:57:09.048 t20184AE08F0EF1F1F17A
 20:57:09.049 t20286A978A3E49F900F9
 20:57:09.049 t2038986A8F220417E9FA
 20:57:09.049 t20480000800000000000
 20:57:09.049 t2058D188A2027FFF5000
 20:57:09.148 t200837C7CF3E0048CA00
 20:57:09.148 t20185AA9CF0EF1F1A97A
 20:57:09.148 t20286A97CA3E49F900F9
 20:57:09.148 t203898EFCF220167E9FA
 20:57:09.148 t20480000C00000000000
 20:57:09.148 t2058D188E2027FFF5000
 20:57:09.248 t200837CA0F3E0048CA00
 20:57:09.248 t20184AE00F0EF1F1F17A
 20:57:09.248 t20286A970A3E49F900F9
 20:57:09.248 t203899360F2200C7E9FA
 20:57:09.248 t20480000000000000000
 20:57:09.248 t2058D18822027FFF5000
 20:57:09.348 t200837CD4F3E0048CA00
 20:57:09.348 t20185AA94F0EF1F1A97A
 20:57:09.348 t20286A974A3E49F900F9
 20:57:09.349 t203899914F220147E9FA
 20:57:09.349 t20480000400000000000
 20:57:09.349 t2058D18862027FFF5000
 20:57:09.448 t200837D08F3E0048CA00
 20:57:09.448 t20184AE08F0EF1F1F17A
 20:57:09.449 t20286A978A3E49F900F9
 20:57:09.449 t203899D88F220237E9FA
 20:57:09.449 t20480000800000000000
 20:57:09.449 t2058D188A2027FFF5000
 20:57:09.548 t200837D2CF3E0048CA00
 20:57:09.548 t20185AA9CF0EF1F1A97A
 20:57:09.549 t20286A97CA3E49F900F9
 20:57:09.549 t20389A22CF220127E9FA
 20:57:09.549 t20480000C00000000000
 20:57:09.550 t2058D188E2027FFF5000
 20:57:09.648 t200837D50F3E0048CA00
 20:57:09.648 t20184AE00F0EF1F1F17A
 20:57:09.648 t20286A970A3E49F900F9
 20:57:09.649 t20389A4A0F2202F7E9FA
 20:57:09.649 t20480000000000000000
 20:57:09.649 t2058D18822027FFF5000
 20:57:09.748 t200837D84F3E0048CA00
 20:57:09.748 t20185AA94F0EF1F1A97A
 20:57:09.748 t20286A974A3E49F900F9
 20:57:09.748 t20389A854F2200B7E9FA
 20:57:09.748 t20480000400000000000
 20:57:09.748 t2058D18862027FFF5000
 20:57:09.848 t200837DB8F3E0048CA00
 20:57:09.848 t20184AE08F0EF1F1F17A
 20:57:09.848 t20286A978A3E49F900F9
 20:57:09.848 t20389A9B8F2200E7E9FA
 20:57:09.848 t20480000800000000000
 20:57:09.848 t2058D188A2027FFF5000
 20:57:09.948 t200837DDCF3E0048CA00
 20:57:09.948 t20185AA9CF0EF1F1A97A
 20:57:09.948 t20286A97CA3E49F900F9
 20:57:09.949 t20389ABECF220267E9FA
 20:57:09.949 t20480000C00000000000
 20:57:09.949 t2058D188E2027FFF5000
 20:57:10.048 t200837E00F3E0048CA00
 20:57:10.048 t20184AE00F0EF1F1F17A
 20:57:10.048 t20286A970A3E49F900F9
 20:57:10.048 t20389AFC0F2201B7EDFB
 20:57:10.048 t20480000000000000000
 20:57:10.048 t2058D18822027FFF5000
 20:57:10.148 t200837E34F3E0048CA00
 20:57:10.148 t20185AA94F0EF1F1A97A
 20:57:10.148 t20286A974A3E49F900F9
 20:57:10.148 t203897494F22038801FE
 20:57:10.148 t20480000400000000000
 20:57:10.148 t2058D18862027FFF5000
 20:57:10.248 t200837E68F3E0048CA00
 20:57:10.248 t20184AE08F0EF1F1F17A
 20:57:10.249 t20286A978A3E49F900F9
 20:57:10.249 t2038978F8F220227F9FF
 20:57:10.249 t20480000800000000000
 20:57:10.249 t2058D188A2027FFF5000
 20:57:10.348 t200837E9CF3E0048CA00
 20:57:10.348 t20185AA9CF0EF1F1A97A
 20:57:10.348 t20286A97CA3E49F900F9
 20:57:10.348 t203897CBCF220187F1F9
 20:57:10.349 t20480000C00000000000
 20:57:10.349 t2058D188E2027FFF5000
 20:57:10.448 t200837EB0F3E0048CA00
 20:57:10.448 t20184AE00F0EF1F1F17A
 20:57:10.448 t20286A970A3E49F900F9
 20:57:10.448 t2038986A0F220417E9FA
 20:57:10.449 t20480000000000000000
 20:57:10.449 t2058D18822027FFF5000
 20:57:10.547 t200837EE4F3E0048CA00
 20:57:10.548 t20185AA94F0EF1F1A97A
 20:57:10.548 t20286A974A3E49F900F9
 20:57:10.548 t203898EF4F220167E9FA
 20:57:10.548 t20480000400000000000
 20:57:10.548 t2058D18862027FFF5000
 20:57:10.649 t200837F18F3E0048CA00
 20:57:10.649 t20184AE08F0EF1F1F17A
 20:57:10.649 t20286A978A3E49F900F9
 20:57:10.649 t203899368F2200C7E9FA
 20:57:10.649 t20480000800000000000
 20:57:10.650 t2058D188A2027FFF5000
 20:57:10.749 t200837F4CF3E0048CA00
 20:57:10.749 t20185AA9CF0EF1F1A97A
 20:57:10.749 t20286A97CA3E49F900F9
 20:57:10.749 t20389991CF220147E9FA
 20:57:10.749 t20480000C00000000000
 20:57:10.750 t2058D188E2027FFF5000
 20:57:10.849 t200837F60F3E0048CA00
 20:57:10.849 t20184AE00F0EF1F1F17A
 20:57:10.849 t20286A970A3E49F900F9
 20:57:10.849 t203899D80F220237E9FA
 20:57:10.849 t20480000000000000000
 20:57:10.849 t2058D18822027FFF5000
 20:57:10.948 t200837F94F3E0048CA00
 20:57:10.948 t20185AA94F0EF1F1A97A
 20:57:10.949 t20286A974A3E49F900F9
 20:57:10.949 t20389A224F220127E9FA
 20:57:10.949 t20480000400000000000
 20:57:10.949 t2058D18862027FFF5000
 20:57:11.049 t200837FC8F3E0048CA00
 20:57:11.049 t20184AE08F0EF1F1F17A
 20:57:11.049 t20286A978A3E49F900F9
 20:57:11.049 t20389A4A8F2202F7E9FA
 20:57:11.049 t20480000800000000000
 20:57:11.050 t2058D188A2027FFF5000
 20:57:11.148 t200837FFCF3E0048CA00
 20:57:11.148 t20185AA9CF0EF1F1A97A
 20:57:11.149 t20286A97CA3E49F900F9
 20:57:11.149 t20389A85CF2200B7E9FA
 20:57:11.149 t20480000C00000000000
 20:57:11.149 t2058D188E2027FFF5000
 20:57:11.248 t200838020F3E0048CA00
 20:57:11.248 t20184AE00F0EF1F1F17A
 20:57:11.249 t20286A970A3E49F900F9
 20:57:11.249 t20389A9B0F2200E7E9FA
 20:57:11.249 t20480000000000000000
 20:57:11.249 t2058D18822027FFF5000
 20:57:11.348 t200838044F3E0048CA00
 20:57:11.349 t20185AA94F0EF1F1A97A
 20:57:11.349 t20286A974A3E49F900F9
 20:57:11.349 t20389ABE4F220267E9FA
 20:57:11.349 t20480000400000000000
 20:57:11.350 t2058D18862027FFF5000
 20:57:11.448 t200838078F3E0048CA00
 20:57:11.449 t20184AE08F0EF1F1F17A
 20:57:11.449 t20286A978A3E49F900F9
 20:57:11.449 t20389AFC8F2201B7EDFB
 20:57:11.449 t20480000800000000000
 20:57:11.449 t2058D188A2027FFF5000
 20:57:11.548 t2008380ACF3E0048CA00
 20:57:11.549 t20185AA9CF0EF1F1A97A
 20:57:11.549 t20286A97CA3E49F900F9
 20:57:11.549 t20389B37CF2002E7F5FD
 20:57:11.549 t20480000C00000000000
 20:57:11.550 t2058D188E2027FFF5000
 20:57:11.648 t2008380D0F3E0048CA00
 20:57:11.649 t20184AE00F0EF1F1F17A
 20:57:11.649 t20286A970A3E49F900F9
 20:57:11.649 t2038978F0F220227F9FF
 20:57:11.649 t20480000000000000000
 20:57:11.649 t2058D18822027FFF5000
 20:57:11.748 t2008380F4F3E0048CA00
 20:57:11.749 t20185AA94F0EF1F1A97A
 20:57:11.749 t20286A974A3E49F900F9
 20:57:11.749 t203897CB4F220187F1F9
 20:57:11.749 t20480000400000000000
 20:57:11.749 t2058D18862027FFF5000
 20:57:11.848 t200838128F3E0048CA00
 20:57:11.848 t20184AE08F0EF1F1F17A
 20:57:11.849 t20286A978A3E49F900F9
 20:57:11.849 t2038986A8F220417E9FA
 20:57:11.849 t20480000800000000000
 20:57:11.849 t2058D188A2027FFF5000
 20:57:11.948 t20083815CF3E0048CA00
 20:57:11.948 t20185AA9CF0EF1F1A97A
 20:57:11.948 t20286A97CA3E49F900F9
 20:57:11.948 t203898EFCF220167E9FA
 20:57:11.948 t20480000C00000000000
 20:57:11.949 t2058D188E2027FFF5000
 20:57:12.048 t200838180F3E0048CA00
 20:57:12.049 t20184AE00F0EF1F1F17A
 20:57:12.049 t20286A970A3E49F900F9
 20:57:12.049 t203899360F2200C7E9FA
 20:57:12.049 t20480000000000000000
 20:57:12.049 t2058D18822027FFF5000
 20:57:12.148 t2008381B4F3E0048CA00
 20:57:12.148 t20185AA94F0EF1F1A97A
 20:57:12.149 t20286A974A3E49F900F9
 20:57:12.149 t203899914F220147E9FA
 20:57:12.149 t20480000400000000000
 20:57:12.149 t2058D18862027FFF5000
 20:57:12.248 t2008381D8F3E0048CA00
 20:57:12.248 t20184AE08F0EF1F1F17A
 20:57:12.249 t20286A978A3E49F900F9
 20:57:12.249 t203899D88F220237E9FA
 20:57:12.249 t20480000800000000000
 20:57:12.249 t2058D188A2027FFF5000
 20:57:12.348 t20083820CF3E0048CA00
 20:57:12.348 t20185AA9CF0EF1F1A97A
 20:57:12.349 t20286A97CA3E49F900F9
 20:57:12.349 t20389A22CF220127E9FA
 20:57:12.349 t20480000C00000000000
 20:57:12.349 t2058D188E2027FFF5000
 20:57:12.448 t200838230F3E0048CA00
 20:57:12.448 t20184AE00F0EF1F1F17A
 20:57:12.448 t20286A970A3E49F900F9
 20:57:12.448 t20389A4A0F2202F7E9FA
 20:57:12.448 t20480000000000000000
 20:57:12.448 t2058D18822027FFF5000
 20:57:12.548 t200838264F3E0048CA00
 20:57:12.548 t20185AA94F0EF1F1A97A
 20:57:12.548 t20286A974A3E49F900F9
 20:57:12.548 t20389A854F2200B7E9FA
 20:57:12.548 t20480000400000000000
 20:57:12.548 t2058D18862027FFF5000
 20:57:12.648 t200838288F3E0048CA00
 20:57:12.648 t20184AE08F0EF1F1F17A
 20:57:12.649 t20286A978A3E49F900F9
 20:57:12.649 t20389A9B8F2200E7E9FA
 20:57:12.649 t20480000800000000000
 20:57:12.649 t2058D188A2027FFF5000
 20:57:12.748 t2008382BCF3E0048CA00
 20:57:12.748 t20185AA9CF0EF1F1A97A
 20:57:12.748 t20286A97CA3E49F900F9
 20:57:12.749 t20389ABECF220267E9FA
 20:57:12.749 t20480000C00000000000
 20:57:12.749 t2058D188E2027FFF5000
 20:57:12.848 t2008382E0F3E0048CA00
 20:57:12.848 t20184AE00F0EF1F1F17A
 20:57:12.849 t20286A970A3E49F900F9
 20:57:12.849 t20389AFC0F2201B7EDFB
 20:57:12.849 t20480000000000000000
 20:57:12.849 t2058D18822027FFF5000
 20:57:12.948 t200838314F3E0048CA00
 20:57:12.948 t20185AA94F0EF1F1A97A
 20:57:12.949 t20286A974A3E49F900F9
 20:57:12.949 t20389B374F2202E7F5FD
 20:57:12.949 t20480000400000000000
 20:57:12.949 t2058D18862027FFF5000
 20:57:13.048 t200838348F3E0048CA00
 20:57:13.048 t20184AE08F0EF1F1F17A
 20:57:13.048 t20286A978A3E49F900F9
 20:57:13.049 t2038978F8F220227F9FF
 20:57:13.049 t20480000800000000000
 20:57:13.049 t2058D188A2027FFF5000
 20:57:13.148 t20083836CF3E0048CA00
 20:57:13.148 t20185AA9CF0EF1F1A97A
 20:57:13.148 t20286A97CA3E49F900F9
 20:57:13.148 t20389B88CF203FF7FBFF
 20:57:13.148 t20480000C00000000000
 20:57:13.148 t2058D188E2027FFF5000
 20:57:13.248 t200838390F3E0048CA00
 20:57:13.248 t20184AE00F0EF1F1F17A
 20:57:13.248 t20286A970A3E49F900F9
 20:57:13.248 t203897CB0F220187F1F9
 20:57:13.248 t20480000000000000000
 20:57:13.248 t2058D18822027FFF5000
 20:57:13.348 t2008383C4F3E0048CA00
 20:57:13.348 t20185AA94F0EF1F1A97A
 20:57:13.348 t20286A974A3E49F900F9
 20:57:13.348 t2038986A4F220417E9FA
 20:57:13.349 t20480000400000000000
 20:57:13.349 t2058D18862027FFF5000
 20:57:13.448 t2008383F8F3E0048CA00
 20:57:13.448 t20184AE08F0EF1F1F17A
 20:57:13.448 t20286A978A3E49F900F9
 20:57:13.448 t203898EF8F220167E9FA
 20:57:13.449 t20480000800000000000
 20:57:13.449 t2058D188A2027FFF5000
 20:57:13.548 t20083841CF3E0048CA00
 20:57:13.548 t20185AA9CF0EF1F1A97A
 20:57:13.548 t20286A97CA3E49F900F9
 20:57:13.549 t20389936CF2200C7E9FA
 20:57:13.549 t20480000C00000000000
 20:57:13.549 t2058D188E2027FFF5000
 20:57:13.648 t200838440F3E0048CA00
 20:57:13.648 t20184AE00F0EF1F1F17A
 20:57:13.648 t20286A970A3E49F900F9
 20:57:13.649 t203899910F220147E9FA
 20:57:13.649 t20480000000000000000
 20:57:13.649 t2058D18822027FFF5000
 20:57:13.748 t200838474F3E0048CA00
 20:57:13.748 t20185AA94F0EF1F1A97A
 20:57:13.748 t20286A974A3E49F900F9
 20:57:13.749 t203899D84F220237E9FA
 20:57:13.749 t20480000400000000000
 20:57:13.749 t2058D18862027FFF5000
 20:57:13.848 t2008384A8F3E0048CA00
 20:57:13.848 t20184AE08F0EF1F1F17A
 20:57:13.848 t20286A978A3E49F900F9
 20:57:13.848 t20389A228F220127E9FA
 20:57:13.848 t20480000800000000000
 20:57:13.848 t2058D188A2027FFF5000
 20:57:13.948 t2008384DCF3E0048CA00
 20:57:13.948 t20185AA9CF0EF1F1A97A
 20:57:13.948 t20286A97CA3E49F900F9
 20:57:13.948 t20389A4ACF2202F7E9FA
 20:57:13.948 t20480000C00000000000
 20:57:13.948 t2058D188E2027FFF5000
 20:57:14.048 t2008384F0F3E0048CA00
 20:57:14.048 t20184AE00F0EF1F1F17A
 20:57:14.048 t20286A970A3E49F900F9
 20:57:14.048 t20389A850F2200B7E9FA
 20:57:14.049 t20480000000000000000
 20:57:14.049 t2058D18822027FFF5000
 20:57:14.148 t200838524F3E0048CA00
 20:57:14.148 t20185AA94F0EF1F1A97A
 20:57:14.148 t20286A974A3E49F900F9
 20:57:14.148 t20389A9B4F2200E7E9FA
 20:57:14.149 t20480000400000000000
 20:57:14.149 t2058D18862027FFF5000
 20:57:14.248 t200838558F3E0048CA00
 20:57:14.248 t20184AE08F0EF1F1F17A
 20:57:14.248 t20286A978A3E49F900F9
 20:57:14.248 t20389ABE8F220267E9FA
 20:57:14.249 t20480000800000000000
 20:57:14.249 t2058D188A2027FFF5000
 20:57:14.348 t20083858CF3E0048CA00
 20:57:14.348 t20185AA9CF0EF1F1A97A
 20:57:14.348 t20286A97CA3E49F900F9
 20:57:14.348 t20389AFCCF2201B7EDFB
 20:57:14.349 t20480000C00000000000
 20:57:14.349 t2058D188E2027FFF5000
 20:57:14.448 t2008385A0F3E0048CA00
 20:57:14.448 t20184AE00F0EF1F1F17A
 20:57:14.448 t20286A970A3E49F900F9
 20:57:14.448 t20389B370F2202E7F5FD
 20:57:14.448 t20480000000000000000
 20:57:14.449 t2058D18822027FFF5000
 20:57:14.548 t2008385D4F3E0048CA00
 20:57:14.548 t20185AA94F0EF1F1A97A
 20:57:14.549 t20286A974A3E49F900F9
 20:57:14.549 t20389B884F223FF7FBFF
 20:57:14.549 t20480000400000000000
 20:57:14.549 t2058D18862027FFF5000
 20:57:14.648 t200838608F3E0048CA00
 20:57:14.649 t20184AE08F0EF1F1F17A
 20:57:14.649 t20286A978A3E49F900F9
 20:57:14.649 t203897CB8F220187F1F9
 20:57:14.649 t20480000800000000000
 20:57:14.649 t2058D188A2027FFF5000
 20:57:14.749 t20083863CF3E0048CA00
 20:57:14.749 t20185AA9CF0EF1F1A97A
 20:57:14.749 t20286A97CA3E49F900F9
 20:57:14.749 t2038986ACF220417E9FA
 20:57:14.749 t20480000C00000000000
 20:57:14.750 t2058D188E2027FFF5000
 20:57:14.849 t200838660F3E0048CA00
 20:57:14.849 t20184AE00F0EF1F1F17A
 20:57:14.849 t20286A970A3E49F900F9
 20:57:14.849 t203898EF0F220167E9FA
 20:57:14.849 t20480000000000000000
 20:57:14.850 t2058D18822027FFF5000
 20:57:14.949 t200838684F3E0048CA00
 20:57:14.949 t20185AA94F0EF1F1A97A
 20:57:14.949 t20286A974A3E49F900F9
 20:57:14.949 t20389B884F2007B7F9FF
 20:57:14.949 t20480000400000000000
 20:57:14.950 t2058D18862027FFF5000
 20:57:15.048 t2008386B8F3E0048CA00
 20:57:15.049 t20184AE08F0EF1F1F17A
 20:57:15.049 t20286A978A3E49F900F9
 20:57:15.049 t20389C388F203FF7FBFF
 20:57:15.049 t20480000800000000000
 20:57:15.050 t2058D188A2027FFF5000
 20:57:15.148 t2008386ECF3E0048CA00
 20:57:15.148 t20185AA9CF0EF1F1A97A
 20:57:15.148 t20286A97CA3E49F900F9
 20:57:15.149 t2038986ACF220417E9FA
 20:57:15.149 t20480000C00000000000
 20:57:15.149 t2058D188E2027FFF5000
 20:57:15.248 t200838710F3E0048CA00
 20:57:15.248 t20184AE00F0EF1F1F17A
 20:57:15.249 t20286A970A3E49F900F9
 20:57:15.249 t203898EF0F220167E9FA
 20:57:15.249 t20480000000000000000
 20:57:15.249 t2058D18822027FFF5000
 20:57:15.348 t200838744F3E0048CA00
 20:57:15.349 t20185AA94F0EF1F1A97A
 20:57:15.349 t20286A974A3E49F900F9
 20:57:15.349 t203899364F2200C7E9FA
 20:57:15.349 t20480000400000000000
 20:57:15.349 t2058D18862027FFF5000
 20:57:15.448 t200838778F3E0048CA00
 20:57:15.449 t20184AE08F0EF1F1F17A
 20:57:15.449 t20286A978A3E49F900F9
 20:57:15.449 t203899918F220147E9FA
 20:57:15.449 t20480000800000000000
 20:57:15.449 t2058D188A2027FFF5000
 20:57:15.548 t20083879CF3E0048CA00
 20:57:15.548 t20185AA9CF0EF1F1A97A
 20:57:15.549 t20286A97CA3E49F900F9
 20:57:15.549 t203899D8CF220237E9FA
 20:57:15.549 t20480000C00000000000
 20:57:15.549 t2058D188E2027FFF5000
 20:57:15.648 t2008387C0F3E0048CA00
 20:57:15.648 t20184AE00F0EF1F1F17A
 20:57:15.649 t20286A970A3E49F900F9
 20:57:15.649 t20389A220F220127E9FA
 20:57:15.649 t20480000000000000000
 20:57:15.649 t2058D18822027FFF5000
 20:57:15.748 t2008387F4F3E0048CA00
 20:57:15.749 t20185AA94F0EF1F1A97A
 20:57:15.749 t20286A974A3E49F900F9
 20:57:15.749 t20389A4A4F2202F7E9FA
 20:57:15.749 t20480000400000000000
 20:57:15.749 t2058D18862027FFF5000
 20:57:15.848 t200838828F3E0048CA00
 20:57:15.848 t20184AE08F0EF1F1F17A
 20:57:15.848 t20286A978A3E49F900F9
 20:57:15.848 t20389A858F2200B7E9FA
 20:57:15.849 t20480000800000000000
 20:57:15.849 t2058D188A2027FFF5000
 20:57:15.948 t20083884CF3E0048CA00
 20:57:15.948 t20185AA9CF0EF1F1A97A
 20:57:15.948 t20286A97CA3E49F900F9
 20:57:15.948 t20389A9BCF2200E7E9FA
 20:57:15.948 t20480000C00000000000
 20:57:15.949 t2058D188E2027FFF5000
 20:57:16.048 t200838870F3E0048CA00
 20:57:16.048 t20184AE00F0EF1F1F17A
 20:57:16.049 t20286A970A3E49F900F9
 20:57:16.049 t20389ABE0F220267E9FA
 20:57:16.049 t20480000000000000000
 20:57:16.049 t2058D18822027FFF5000
 20:57:16.148 t2008388A4F3E0048CA00
 20:57:16.148 t20185AA94F0EF1F1A97A
 20:57:16.148 t20286A974A3E49F900F9
 20:57:16.148 t20389AFC4F2201B7EDFB
 20:57:16.148 t20480000400000000000
 20:57:16.149 t2058D18862027FFF5000
 20:57:16.248 t2008388D8F3E0048CA00
 20:57:16.248 t20184AE08F0EF1F1F17A
 20:57:16.249 t20286A978A3E49F900F9
 20:57:16.249 t20389B378F2202E7F5FD
 20:57:16.249 t20480000800000000000
 20:57:16.249 t2058D188A2027FFF5000
 20:57:16.348 t20083890CF3E0048CA00
 20:57:16.348 t20185AA9CF0EF1F1A97A
 20:57:16.348 t20286A97CA3E49F900F9
 20:57:16.349 t20389B88CF2207B7F9FF
 20:57:16.349 t20480000C00000000000
 20:57:16.349 t2058D188E2027FFF5000
 20:57:16.448 t200838920F3E0048CA00
 20:57:16.448 t20184AE00F0EF1F1F17A
 20:57:16.448 t20286A970A3E49F900F9
 20:57:16.449 t20389C380F223FF7FBFF
 20:57:16.449 t20480000000000000000
 20:57:16.449 t2058D18822027FFF5000
 20:57:16.548 t200838954F3E0048CA00
 20:57:16.548 t20185AA94F0EF1F1A97A
 20:57:16.548 t20286A974A3E49F900F9
 20:57:16.548 t2038986A4F220417E9FA
 20:57:16.548 t20480000400000000000
 20:57:16.548 t2058D18862027FFF5000
 20:57:16.648 t200838988F3E0048CA00
 20:57:16.648 t20184AE08F0EF1F1F17A
 20:57:16.648 t20286A978A3E49F900F9
 20:57:16.648 t203898EF8F220167E9FA
 20:57:16.648 t20480000800000000000
 20:57:16.648 t2058D188A2027FFF5000
 20:57:16.748 t2008389BCF3E0048CA00
 20:57:16.748 t20185AA9CF0EF1F1A97A
 20:57:16.749 t20286A97CA3E49F900F9
 20:57:16.749 t20389936CF2200C7E9FA
 20:57:16.749 t20480000C00000000000
 20:57:16.749 t2058D188E2027FFF5000
 20:57:16.848 t2008389D0F3E0048CA00
 20:57:16.848 t20184AE00F0EF1F1F17A
 20:57:16.849 t20286A970A3E49F900F9
 20:57:16.849 t203899910F220147E9FA
 20:57:16.849 t20480000000000000000
 20:57:16.849 t2058D18822027FFF5000
 20:57:16.948 t200838A04F3E0048CA00
 20:57:16.948 t20185AA94F0EF1F1A97A
 20:57:16.948 t20286A974A3E49F900F9
 20:57:16.948 t203899D84F220237E9FA
 20:57:16.948 t20480000400000000000
 20:57:16.949 t2058D18862027FFF5000
 20:57:17.048 t200838A38F3E0048CA00
 20:57:17.048 t20184AE08F0EF1F1F17A
 20:57:17.048 t20286A978A3E49F900F9
 20:57:17.048 t20389A228F220127E9FA
 20:57:17.049 t20480000800000000000
 20:57:17.049 t2058D188A2027FFF5000
 20:57:17.148 t200838A6CF3E0048CA00
 20:57:17.148 t20185AA9CF0EF1F1A97A
 20:57:17.149 t20286A97CA3E49F900F9
 20:57:17.149 t20389A4ACF2202F7E9FA
 20:57:17.149 t20480000C00000000000
 20:57:17.149 t2058D188E2027FFF5000
 20:57:17.248 t200838A90F3E0048CA00
 20:57:17.248 t20184AE00F0EF1F1F17A
 20:57:17.248 t20286A970A3E49F900F9
 20:57:17.248 t20389A850F2200B7E9FA
 20:57:17.248 t20480000000000000000
 20:57:17.248 t2058D18822027FFF5000
 20:57:17.348 t200838AB4F3E0048CA00
 20:57:17.348 t20185AA94F0EF1F1A97A
 20:57:17.348 t20286A974A3E49F900F9
 20:57:17.349 t20389A9B4F2200E7E9FA
 20:57:17.349 t20480000400000000000
 20:57:17.349 t2058D18862027FFF5000
 20:57:17.448 t200838AE8F3E0048CA00
 20:57:17.448 t20184AE08F0EF1F1F17A
 20:57:17.448 t20286A978A3E49F900F9
 20:57:17.449 t20389ABE8F220267E9FA
 20:57:17.449 t20480000800000000000
 20:57:17.449 t2058D188A2027FFF5000
 20:57:17.548 t200838B1CF3E0048CA00
 20:57:17.548 t20185AA9CF0EF1F1A97A
 20:57:17.548 t20286A97CA3E49F900F9
 20:57:17.549 t20389AFCCF2201B7EDFB
 20:57:17.549 t20480000C00000000000
 20:57:17.549 t2058D188E2027FFF5000
 20:57:17.648 t200838B40F3E0048CA00
 20:57:17.648 t20184AE00F0EF1F1F17A
 20:57:17.648 t20286A970A3E49F900F9
 20:57:17.648 t20389B370F2202E7F5FD
 20:57:17.649 t20480000000000000000
 20:57:17.649 t2058D18822027FFF5000
 20:57:17.748 t200838B64F3E0048CA00
 20:57:17.748 t20185AA94F0EF1F1A97A
 20:57:17.748 t20286A974A3E49F900F9
 20:57:17.748 t20389B884F2207B7F9FF
 20:57:17.749 t20480000400000000000
 20:57:17.749 t2058D18862027FFF5000
 20:57:17.847 t200838B98F3E0048CA00
 20:57:17.848 t20184AE08F0EF1F1F17A
 20:57:17.848 t20286A978A3E49F900F9
 20:57:17.848 t20389C388F223FF7FBFF
 20:57:17.848 t20480000800000000000
 20:57:17.848 t2058D188A2027FFF5000
 20:57:17.947 t200838BCCF3E0048CA00
 20:57:17.948 t20185AA9CF0EF1F1A97A
 20:57:17.948 t20286A97CA3E49F900F9
 20:57:17.948 t2038986ACF220417E9FA
 20:57:17.948 t20480000C00000000000
 20:57:17.948 t2058D188E2027FFF5000
 20:57:18.048 t200838BF0F3E0048CA00
 20:57:18.048 t20184AE00F0EF1F1F17A
 20:57:18.048 t20286A970A3E49F900F9
 20:57:18.048 t203898EF0F220167E9FA
 20:57:18.048 t20480000000000000000
 20:57:18.049 t2058D18822027FFF5000
 20:57:18.148 t200838C24F3E0048CA00
 20:57:18.148 t20185AA94F0EF1F1A97A
 20:57:18.148 t20286A974A3E49F900F9
 20:57:18.148 t203899364F2200C7E9FA
 20:57:18.149 t20480000400000000000
 20:57:18.149 t2058D18862027FFF5000
 20:57:18.248 t200838C48F3E0048CA00
 20:57:18.248 t20184AE08F0EF1F1F17A
 20:57:18.248 t20286A978A3E49F900F9
 20:57:18.248 t203899918F220147E9FA
 20:57:18.248 t20480000800000000000
 20:57:18.249 t2058D188A2027FFF5000
 20:57:18.348 t200838C7CF3E0048CA00
 20:57:18.348 t20185AA9CF0EF1F1A97A
 20:57:18.348 t20286A97CA3E49F900F9
 20:57:18.348 t203899D8CF220237E9FA
 20:57:18.348 t20480000C00000000000
 20:57:18.349 t2058D188E2027FFF5000
 20:57:18.449 t200838CA0F3E0048CA00
 20:57:18.449 t20184AE00F0EF1F1F17A
 20:57:18.449 t20286A970A3E49F900F9
 20:57:18.449 t20389A220F220127E9FA
 20:57:18.449 t20480000000000000000
 20:57:18.450 t2058D18822027FFF5000
 20:57:18.548 t200838CD4F3E0048CA00
 20:57:18.549 t20185AA94F0EF1F1A97A
 20:57:18.549 t20286A974A3E49F900F9
 20:57:18.549 t20389A4A4F2202F7E9FA
 20:57:18.549 t20480000400000000000
 20:57:18.549 t2058D18862027FFF5000
 20:57:18.648 t200838CF8F3E0048CA00
 20:57:18.648 t20184AE08F0EF1F1F17A
 20:57:18.649 t20286A978A3E49F900F9
 20:57:18.649 t20389A858F2200B7E9FA
 20:57:18.649 t20480000800000000000
 20:57:18.649 t2058D188A2027FFF5000
 20:57:18.748 t200838D2CF3E0048CA00
 20:57:18.748 t20185AA9CF0EF1F1A97A
 20:57:18.748 t20286A97CA3E49F900F9
 20:57:18.749 t20389A9BCF2200E7E9FA
 20:57:18.749 t20480000C00000000000
 20:57:18.749 t2058D188E2027FFF5000
 20:57:18.848 t200838D50F3E0048CA00
 20:57:18.848 t20184AE00F0EF1F1F17A
 20:57:18.849 t20286A970A3E49F900F9
 20:57:18.849 t20389ABE0F220267E9FA
 20:57:18.849 t20480000000000000000
 20:57:18.849 t2058D18822027FFF5000
 20:57:18.948 t200838D84F3E0048CA00
 20:57:18.949 t20185AA94F0EF1F1A97A
 20:57:18.949 t20286A974A3E49F900F9
 20:57:18.949 t20389AFC4F2201B7EDFB
 20:57:18.949 t20480000400000000000
 20:57:18.949 t2058D18862027FFF5000
 20:57:19.048 t200838DB8F3E0048CA00
 20:57:19.049 t20184AE08F0EF1F1F17A
 20:57:19.049 t20286A978A3E49F900F9
 20:57:19.049 t20389B378F2202E7F5FD
 20:57:19.049 t20480000800000000000
 20:57:19.049 t2058D188A2027FFF5000
 20:57:19.148 t200838DDCF3E0048CA00
 20:57:19.149 t20185AA9CF0EF1F1A97A
 20:57:19.149 t20286A97CA3E49F900F9
 20:57:19.149 t20389B88CF2207B7F9FF
 20:57:19.149 t20480000C00000000000
 20:57:19.149 t2058D188E2027FFF5000
 20:57:19.248 t200838E00F3E0048CA00
 20:57:19.248 t20184AE00F0EF1F1F17A
 20:57:19.248 t20286A970A3E49F900F9
 20:57:19.249 t20389C380F223FF7FBFF
 20:57:19.249 t20480000000000000000
 20:57:19.249 t2058D18822027FFF5000
 20:57:19.348 t200838E34F3E0048CA00
 20:57:19.348 t20185AA94F0EF1F1A97A
 20:57:19.348 t20286A974A3E49F900F9
 20:57:19.348 t2038986A4F220417E9FA
 20:57:19.349 t20480000400000000000
 20:57:19.349 t2058D18862027FFF5000
 20:57:19.448 t200838E68F3E0048CA00
 20:57:19.449 t20184AE08F0EF1F1F17A
 20:57:19.449 t20286A978A3E49F900F9
 20:57:19.449 t203898EF8F220167E9FA
 20:57:19.449 t20480000800000000000
 20:57:19.449 t2058D188A2027FFF5000
 20:57:19.549 t200838E8CF3E0048CA00
 20:57:19.549 t20185AA9CF0EF1F1A97A
 20:57:19.549 t20286A97CA3E49F900F9
 20:57:19.549 t20389936CF2200C7E9FA
 20:57:19.549 t20480000C00000000000
 20:57:19.550 t2058D188E2027FFF5000
 20:57:19.648 t200838EB0F3E0048CA00
 20:57:19.648 t20184AE00F0EF1F1F17A
 20:57:19.648 t20286A970A3E49F900F9
 20:57:19.648 t203899910F220147E9FA
 20:57:19.649 t20480000000000000000
 20:57:19.649 t2058D18822027FFF5000
 20:57:19.748 t200838EE4F3E0048CA00
 20:57:19.748 t20185AA94F0EF1F1A97A
 20:57:19.748 t20286A974A3E49F900F9
 20:57:19.749 t203899D84F220237E9FA
 20:57:19.749 t20480000400000000000
 20:57:19.749 t2058D18862027FFF5000
 20:57:19.848 t200838F18F3E0048CA00
 20:57:19.848 t20184AE08F0EF1F1F17A
 20:57:19.848 t20286A978A3E49F900F9
 20:57:19.849 t20389A228F220127E9FA
 20:57:19.849 t20480000800000000000
 20:57:19.849 t2058D188A2027FFF5000
 20:57:19.948 t200838F4CF3E0048CA00
 20:57:19.948 t20185AA9CF0EF1F1A97A
 20:57:19.948 t20286A97CA3E49F900F9
 20:57:19.949 t20389A4ACF2202F7E9FA
 20:57:19.949 t20480000C00000000000
 20:57:19.949 t2058D188E2027FFF5000
 20:57:20.048 t200838F60F3E0048CA00
 20:57:20.048 t20184AE00F0EF1F1F17A
 20:57:20.048 t20286A970A3E49F900F9
 20:57:20.048 t20389A850F2200B7E9FA
 20:57:20.048 t20480000000000000000
 20:57:20.048 t2058D18822027FFF5000
 20:57:20.148 t200838F94F3E0048CA00
 20:57:20.148 t20185AA94F0EF1F1A97A
 20:57:20.148 t20286A974A3E49F900F9
 20:57:20.148 t20389A9B4F2200E7E9FA
 20:57:20.148 t20480000400000000000
 20:57:20.148 t2058D18862027FFF5000
 20:57:20.248 t200838FC8F3E0048CA00
 20:57:20.248 t20184AE08F0EF1F1F17A
 20:57:20.248 t20286A978A3E49F900F9
 20:57:20.248 t20389ABE8F220267E9FA
 20:57:20.248 t20480000800000000000
 20:57:20.248 t2058D188A2027FFF5000
 20:57:20.348 t200838FFCF3E0048CA00
 20:57:20.348 t20185AA9CF0EF1F1A97A
 20:57:20.348 t20286A97CA3E49F900F9
 20:57:20.349 t20389AFCCF2201B7EDFB
 20:57:20.349 t20480000C00000000000
 20:57:20.349 t2058D188E2027FFF5000
 20:57:20.448 t200839010F3E0048CA00
 20:57:20.448 t20184AE00F0EF1F1F17A
 20:57:20.449 t20286A970A3E49F900F9
 20:57:20.449 t20389B370F2202E7F5FD
 20:57:20.449 t20480000000000000000
 20:57:20.449 t2058D18822027FFF5000
 20:57:20.548 t200839044F3E0048CA00
 20:57:20.548 t20185CE94F0CF1F1897A
 20:57:20.548 t20286A974A3E49F900F9
 20:57:20.549 t20389B884F2207B7F9FF
 20:57:20.549 t20480000400000000000
 20:57:20.549 t2058D18862027FFF5000
 20:57:20.648 t200839078F3E0048CA00
 20:57:20.648 t20184AE08F0EF1F1F17A
 20:57:20.648 t20286A978A3E49F900F9
 20:57:20.648 t20389C388F223FF7FBFF
 20:57:20.648 t20480000800000000000
 20:57:20.648 t2058D188A2027FFF5000
 20:57:20.748 t2008390ACF3E0048CA00
 20:57:20.748 t20185AA9CF0EF1F1A97A
 20:57:20.748 t20286A97CA3E49F900F9
 20:57:20.748 t2038986ACF220417E9FA
 20:57:20.748 t20480000C00000000000
 20:57:20.748 t2058D188E2027FFF5000
 20:57:20.848 t2008390D0F3E0048CA00
 20:57:20.848 t20185CE90F0EF1F1897A
 20:57:20.848 t20286A970A3E49F900F9
 20:57:20.848 t203898EF0F220167E9FA
 20:57:20.849 t20480000000000000000
 20:57:20.849 t2058D18822027FFF5000
 20:57:20.948 t2008390F4F3E0048CA00
 20:57:20.948 t20184AE04F0EF1F1F17A
 20:57:20.948 t20286A974A3E49F900F9
 20:57:20.949 t203899364F2200C7E9FA
 20:57:20.949 t20480000400000000000
 20:57:20.949 t2058D18862027FFF5000
 20:57:21.048 t200839128F3E0048CA00
 20:57:21.048 t20185AA98F0EF1F1A97A
 20:57:21.048 t20286A978A3E49F900F9
 20:57:21.049 t203899918F220147E9FA
 20:57:21.049 t20480000800000000000
 20:57:21.049 t2058D188A2027FFF5000
 20:57:21.148 t20083915CF3E0048CA00
 20:57:21.148 t20185CE9CF0EF1F1897A
 20:57:21.148 t20286A97CA3E49F900F9
 20:57:21.148 t203899D8CF220237E9FA
 20:57:21.148 t20480000C00000000000
 20:57:21.148 t2058D188E2027FFF5000
 20:57:21.248 t200839180F3E0048CA00
 20:57:21.248 t20184AE00F0EF1F1F17A
 20:57:21.248 t20286A970A3E49F900F9
 20:57:21.249 t20389A220F220127E9FA
 20:57:21.249 t20480000000000000000
 20:57:21.249 t2058D18822027FFF5000
 20:57:21.348 t2008391A4F3E0048CA00
 20:57:21.348 t20185AA94F0EF1F1A97A
 20:57:21.348 t20286A974A3E49F900F9
 20:57:21.348 t20389A4A4F2202F7E9FA
 20:57:21.348 t20480000400000000000
 20:57:21.348 t2058D18862027FFF5000
 20:57:21.447 t2008391D8F3E0048CA00
 20:57:21.448 t20185CE98F0EF1F1897A
 20:57:21.448 t20286A978A3E49F900F9
 20:57:21.448 t20389A858F2200B7E9FA
 20:57:21.448 t20480000800000000000
 20:57:21.448 t2058D188A2027FFF5000
 20:57:21.548 t20083920CF3E0048CA00
 20:57:21.548 t20184AE0CF0EF1F1F17A
 20:57:21.548 t20286A97CA3E49F900F9
 20:57:21.548 t20389A9BCF2200E7E9FA
 20:57:21.549 t20480000C00000000000
 20:57:21.549 t2058D188E2027FFF5000
 20:57:21.648 t200839230F3E0048CA00
 20:57:21.648 t20185AA90F0EF1F1A97A
 20:57:21.648 t20286A970A3E49F900F9
 20:57:21.648 t20389ABE0F220267E9FA
 20:57:21.649 t20480000000000000000
 20:57:21.649 t2058D18822027FFF5000
 20:57:21.748 t200839264F3E0048CA00
 20:57:21.748 t20185CE94F0EF1F1897A
 20:57:21.748 t20286A974A3E49F900F9
 20:57:21.748 t20389AFC4F2201B7EDFB
 20:57:21.749 t20480000400000000000
 20:57:21.749 t2058D18862027FFF5000
 20:57:21.848 t200839288F3E0048CA00
 20:57:21.848 t20184AE08F0EF1F1F17A
 20:57:21.848 t20286A978A3E49F900F9
 20:57:21.848 t20389B378F2202E7F5FD
 20:57:21.849 t20480000800000000000
 20:57:21.849 t2058D188A2027FFF5000
 20:57:21.947 t2008392BCF3E0048CA00
 20:57:21.948 t20185AA9CF0EF1F1A97A
 20:57:21.948 t20286A97CA3E49F900F9
 20:57:21.948 t20389B88CF2207B7F9FF
 20:57:21.948 t20480000C00000000000
 20:57:21.949 t2058D188E2027FFF5000
 20:57:22.047 t2008392E0F3E0048CA00
 20:57:22.048 t20185CE90F0EF1F1897A
 20:57:22.048 t20286A970A3E49F900F9
 20:57:22.048 t20389C380F223FF7FBFF
 20:57:22.048 t20480000000000000000
 20:57:22.048 t2058D18822027FFF5000
 20:57:22.147 t200839314F3E0048CA00
 20:57:22.147 t20184AE04F0EF1F1F17A
 20:57:22.148 t20286A974A3E49F900F9
 20:57:22.148 t20389C384F200247F9FF
 20:57:22.148 t20480000400000000000
 20:57:22.148 t2058D18862027FFF5000
 20:57:22.247 t200839338F3E0048CA00
 20:57:22.248 t20185AA98F0EF1F1A97A
 20:57:22.248 t20286A978A3E49F900F9
 20:57:22.248 t20389C628F2002E7FDFF
 20:57:22.248 t20480000800000000000
 20:57:22.248 t2058D188A2027FFF5000
 20:57:22.348 t20083936CF3E0048CA00
 20:57:22.349 t20185CE9CF0EF1F1897A
 20:57:22.349 t20286A97CA3E49F900F9
 20:57:22.349 t20389CA8CF200127FDFF
 20:57:22.349 t20480000C00000000000
 20:57:22.350 t2058D188E2027FFF5000
 20:57:22.448 t200839390F3E0048CA00
 20:57:22.449 t20184AE00F0EF1F1F17A
 20:57:22.449 t20286A970A3E49F900F9
 20:57:22.449 t203898EF0F220167E9FA
 20:57:22.449 t20480000000000000000
 20:57:22.450 t2058D18822027FFF5000
 20:57:22.548 t2008393C4F3E0048CA00
 20:57:22.548 t20185AA94F0EF1F1A97A
 20:57:22.548 t20286A974A3E49F900F9
 20:57:22.548 t203899364F2200C7E9FA
 20:57:22.549 t20480000400000000000
 20:57:22.549 t2058D18862027FFF5000
 20:57:22.648 t2008393F8F3E0048CA00
 20:57:22.648 t20185CE98F0EF1F1897A
 20:57:22.649 t20286A978A3E49F900F9
 20:57:22.649 t203899918F220147E9FA
 20:57:22.649 t20480000800000000000
 20:57:22.649 t2058D188A2027FFF5000
 20:57:22.748 t20083941CF3E0048CA00
 20:57:22.748 t20184AE0CF0EF1F1F17A
 20:57:22.748 t20286A97CA3E49F900F9
 20:57:22.748 t203899D8CF220237E9FA
 20:57:22.749 t20480000C00000000000
 20:57:22.749 t2058D188E2027FFF5000
 20:57:22.848 t200839440F3E0048CA00
 20:57:22.848 t20185AA90F0EF1F1A97A
 20:57:22.848 t20286A970A3E49F900F9
 20:57:22.849 t20389A220F220127E9FA
 20:57:22.849 t20480000000000000000
 20:57:22.849 t2058D18822027FFF5000
 20:57:22.948 t200839474F3E0048CA00
 20:57:22.949 t20185CE94F0EF1F1897A
 20:57:22.949 t20286A974A3E49F900F9
 20:57:22.949 t20389A4A4F2202F7E9FA
 20:57:22.949 t20480000400000000000
 20:57:22.949 t2058D18862027FFF5000
 20:57:23.048 t2008394A8F3E0048CA00
 20:57:23.048 t20184AE08F0EF1F1F17A
 20:57:23.049 t20286A978A3E49F900F9
 20:57:23.049 t20389A858F2200B7E9FA
 20:57:23.049 t20480000800000000000
 20:57:23.049 t2058D188A2027FFF5000
 20:57:23.148 t2008394CCF3E0048CA00
 20:57:23.148 t20185AA9CF0EF1F1A97A
 20:57:23.149 t20286A97CA3E49F900F9
 20:57:23.149 t20389A9BCF2200E7E9FA
 20:57:23.149 t20480000C00000000000
 20:57:23.149 t2058D188E2027FFF5000
 20:57:23.248 t2008394F0F3E0048CA00
 20:57:23.248 t20185CE90F0EF1F1897A
 20:57:23.249 t20286A970A3E49F900F9
 20:57:23.249 t20389ABE0F220267E9FA
 20:57:23.249 t20480000000000000000
 20:57:23.249 t2058D18822027FFF5000
 20:57:23.348 t200839524F3E0048CA00
 20:57:23.348 t20184AE04F0EF1F1F17A
 20:57:23.348 t20286A974A3E49F900F9
 20:57:23.348 t20389AFC4F2201B7EDFB
 20:57:23.348 t20480000400000000000
 20:57:23.348 t2058D18862027FFF5000
 20:57:23.448 t200839558F3E0048CA00
 20:57:23.448 t20185AA98F0EF1F1A97A
 20:57:23.448 t20286A978A3E49F900F9
 20:57:23.448 t20389B378F2202E7F5FD
 20:57:23.448 t20480000800000000000
 20:57:23.448 t2058D188A2027FFF5000
 20:57:23.548 t20083958CF3E0048CA00
 20:57:23.548 t20185CE9CF0EF1F1897A
 20:57:23.549 t20286A97CA3E49F900F9
 20:57:23.549 t20389B88CF2207B7F9FF
 20:57:23.549 t20480000C00000000000
 20:57:23.549 t2058D188E2027FFF5000
 20:57:23.648 t2008395A0F3E0048CA00
 20:57:23.648 t20184AE00F0EF1F1F17A
 20:57:23.649 t20286A970A3E49F900F9
 20:57:23.649 t20389C380F220247F9FF
 20:57:23.649 t20480000000000000000
 20:57:23.649 t2058D18822027FFF5000
 20:57:23.748 t2008395D4F3E0048CA00
 20:57:23.748 t20185AA94F0EF1F1A97A
 20:57:23.749 t20286A974A3E49F900F9
 20:57:23.749 t20389C624F2202E7FDFF
 20:57:23.749 t20480000400000000000
 20:57:23.749 t2058D18862027FFF5000
 20:57:23.848 t200839608F3E0048CA00
 20:57:23.848 t20185CE98F0EF1F1897A
 20:57:23.848 t20286A978A3E49F900F9
 20:57:23.849 t20389CA88F220127FDFF
 20:57:23.849 t20480000800000000000
 20:57:23.849 t2058D188A2027FFF5000
 20:57:23.948 t20083963CF3E0048CA00
 20:57:23.948 t20184AE0CF0EF1F1F17A
 20:57:23.948 t20286A97CA3E49F900F9
 20:57:23.948 t203898EFCF220167E9FA
 20:57:23.948 t20480000C00000000000
 20:57:23.948 t2058D188E2027FFF5000
 20:57:24.048 t200839650F3E0048CA00
 20:57:24.048 t20185AA90F0EF1F1A97A
 20:57:24.048 t20286A970A3E49F900F9
 20:57:24.048 t203899360F2200C7E9FA
 20:57:24.048 t20480000000000000000
 20:57:24.048 t2058D18822027FFF5000
 20:57:24.148 t200839684F3E0048CA00
 20:57:24.148 t20185CE94F0EF1F1897A
 20:57:24.148 t20286A974A3E49F900F9
 20:57:24.149 t203899914F220147E9FA
 20:57:24.149 t20480000400000000000
 20:57:24.149 t2058D18862027FFF5000
 20:57:24.248 t2008396B8F3E0048CA00
 20:57:24.248 t20184AE08F0EF1F1F17A
 20:57:24.248 t20286A978A3E49F900F9
 20:57:24.249 t203899D88F220237E9FA
 20:57:24.249 t20480000800000000000
 20:57:24.249 t2058D188A2027FFF5000
 20:57:24.348 t2008396ECF3E0048CA00
 20:57:24.348 t20185AA9CF0EF1F1A97A
 20:57:24.348 t20286A97CA3E49F900F9
 20:57:24.349 t20389A22CF220127E9FA
 20:57:24.349 t20480000C00000000000
 20:57:24.349 t2058D188E2027FFF5000
 20:57:24.448 t200839710F3E0048CA00
 20:57:24.448 t20185CE90F0EF1F1897A
 20:57:24.448 t20286A970A3E49F900F9
 20:57:24.448 t20389A4A0F2202F7E9FA
 20:57:24.448 t20480000000000000000
 20:57:24.448 t2058D18822027FFF5000
 20:57:24.548 t200839734F3E0048CA00
 20:57:24.548 t20184AE04F0EF1F1F17A
 20:57:24.548 t20286A974A3E49F900F9
 20:57:24.549 t20389A854F2200B7E9FA
 20:57:24.549 t20480000400000000000
 20:57:24.549 t2058D18862027FFF5000
 20:57:24.648 t200839768F3E0048CA00
 20:57:24.648 t20185AA98F0EF1F1A97A
 20:57:24.648 t20286A978A3E49F900F9
 20:57:24.648 t20389A9B8F2200E7E9FA
 20:57:24.648 t20480000800000000000
 20:57:24.648 t2058D188A2027FFF5000
 20:57:24.748 t20083979CF3E0048CA00
 20:57:24.748 t20185CE9CF0EF1F1897A
 20:57:24.748 t20286A97CA3E49F900F9
 20:57:24.748 t20389ABECF220267E9FA
 20:57:24.748 t20480000C00000000000
 20:57:24.748 t2058D188E2027FFF5000
 20:57:24.848 t2008397C0F3E0048CA00
 20:57:24.848 t20184AE00F0EF1F1F17A
 20:57:24.848 t20286A970A3E49F900F9
 20:57:24.848 t20389AFC0F2201B7EDFB
 20:57:24.849 t20480000000000000000
 20:57:24.849 t2058D18822027FFF5000
 20:57:24.948 t2008397E4F3E0048CA00
 20:57:24.948 t20185AA94F0EF1F1A97A
 20:57:24.948 t20286A974A3E49F900F9
 20:57:24.948 t20389B374F2202E7F5FD
 20:57:24.949 t20480000400000000000
 20:57:24.949 t2058D18862027FFF5000
 20:57:25.048 t200839818F3E0048CA00
 20:57:25.048 t20185CE98F0EF1F1897A
 20:57:25.048 t20286A978A3E49F900F9
 20:57:25.048 t20389B888F2207B7F9FF
 20:57:25.049 t20480000800000000000
 20:57:25.049 t2058D188A2027FFF5000
 20:57:25.148 t20083984CF3E0048CA00
 20:57:25.148 t20184AE0CF0EF1F1F17A
 20:57:25.148 t20286A97CA3E49F900F9
 20:57:25.148 t20389C38CF220247F9FF
 20:57:25.149 t20480000C00000000000
 20:57:25.149 t2058D188E2027FFF5000
 20:57:25.248 t200839870F3E0048CA00
 20:57:25.248 t20185AA90F0EF1F1A97A
 20:57:25.248 t20286A970A3E49F900F9
 20:57:25.248 t20389C620F2202E7FDFF
 20:57:25.248 t20480000000000000000
 20:57:25.249 t2058D18822027FFF5000
 20:57:25.348 t2008398A4F3E0048CA00
 20:57:25.348 t20185CE94F0EF1F1897A
 20:57:25.348 t20286A974A3E49F900F9
 20:57:25.348 t20389CA84F220127FDFF
 20:57:25.348 t20480000400000000000
 20:57:25.348 t2058D18862027FFF5000
 20:57:25.448 t2008398C8F3E0048CA00
 20:57:25.448 t20184AE08F0EF1F1F17A
 20:57:25.448 t20286A978A3E49F900F9
 20:57:25.448 t203898EF8F220167E9FA
 20:57:25.449 t20480000800000000000
 20:57:25.449 t2058D188A2027FFF5000
 20:57:25.548 t2008398FCF3E0048CA00
 20:57:25.548 t20185AA9CF0EF1F1A97A
 20:57:25.548 t20286A97CA3E49F900F9
 20:57:25.548 t20389CE9CF203FF7FFFF
 20:57:25.548 t20480000C00000000000
 20:57:25.548 t2058D188E2027FFF5000
 20:57:25.648 t200839920F3E0048CA00
 20:57:25.648 t20185CE90F0EF1F1897A
 20:57:25.648 t20286A970A3E49F900F9
 20:57:25.648 t203899360F2200C7E9FA
 20:57:25.648 t20480000000000000000
 20:57:25.649 t2058D18822027FFF5000
 20:57:25.748 t200839954F3E0048CA00
 20:57:25.748 t20184AE04F0EF1F1F17A
 20:57:25.748 t20286A974A3E49F900F9
 20:57:25.748 t203899914F220147E9FA
 20:57:25.748 t20480000400000000000
 20:57:25.749 t2058D18862027FFF5000
 20:57:25.848 t200839978F3E0048CA00
 20:57:25.848 t20185AA98F0EF1F1A97A
 20:57:25.848 t20286A978A3E49F900F9
 20:57:25.848 t203899D88F220237E9FA
 20:57:25.848 t20480000800000000000
 20:57:25.849 t2058D188A2027FFF5000
 20:57:25.947 t2008399ACF3E0048CA00
 20:57:25.947 t20185CE9CF0EF1F1897A
 20:57:25.947 t20286A97CA3E49F900F9
 20:57:25.948 t20389A22CF220127E9FA
 20:57:25.948 t20480000C00000000000
 20:57:25.948 t2058D188E2027FFF5000
 20:57:26.047 t2008399D0F3E0048CA00
 20:57:26.047 t20184AE00F0EF1F1F17A
 20:57:26.047 t20286A970A3E49F900F9
 20:57:26.048 t20389A4A0F2202F7E9FA
 20:57:26.048 t20480000000000000000
 20:57:26.048 t2058D18822027FFF5000
 20:57:26.147 t200839A04F3E0048CA00
 20:57:26.147 t20185AA94F0EF1F1A97A
 20:57:26.148 t20286A974A3E49F900F9
 20:57:26.148 t20389A854F2200B7E9FA
 20:57:26.148 t20480000400000000000
 20:57:26.148 t2058D18862027FFF5000
 20:57:26.248 t200839A38F3E0048CA00
 20:57:26.248 t20185CE98F0EF1F1897A
 20:57:26.248 t20286A978A3E49F900F9
 20:57:26.249 t20389A9B8F2200E7E9FA
 20:57:26.249 t20480000800000000000
 20:57:26.249 t2058D188A2027FFF5000
 20:57:26.348 t200839A5CF3E0048CA00
 20:57:26.348 t20184AE0CF0EF1F1F17A
 20:57:26.349 t20286A97CA3E49F900F9
 20:57:26.349 t20389ABECF220267E9FA
 20:57:26.349 t20480000C00000000000
 20:57:26.349 t2058D188E2027FFF5000
 20:57:26.448 t200839A80F3E0048CA00
 20:57:26.449 t20185AA90F0EF1F1A97A
 20:57:26.449 t20286A970A3E49F900F9
 20:57:26.449 t20389AFC0F2201B7EDFB
 20:57:26.449 t20480000000000000000
 20:57:26.449 t2058D18822027FFF5000
 20:57:26.548 t200839AB4F3E0048CA00
 20:57:26.549 t20185CE94F0EF1F1897A
 20:57:26.549 t20286A974A3E49F900F9
 20:57:26.549 t20389B374F2202E7F5FD
 20:57:26.549 t20480000400000000000
 20:57:26.549 t2058D18862027FFF5000
 20:57:26.648 t200839AE8F3E0048CA00
 20:57:26.648 t20184AE08F0EF1F1F17A
 20:57:26.648 t20286A978A3E49F900F9
 20:57:26.648 t20389B888F2207B7F9FF
 20:57:26.649 t20480000800000000000
 20:57:26.649 t2058D188A2027FFF5000
 20:57:26.748 t200839B0CF3E0048CA00
 20:57:26.748 t20185AA9CF0EF1F1A97A
 20:57:26.748 t20286A97CA3E49F900F9
 20:57:26.748 t20389C38CF220247F9FF
 20:57:26.748 t20480000C00000000000
 20:57:26.749 t2058D188E2027FFF5000
 20:57:26.848 t200839B30F3E0048CA00
 20:57:26.848 t20185CE90F0EF1F1897A
 20:57:26.849 t20286A970A3E49F900F9
 20:57:26.849 t20389C620F2202E7FDFF
 20:57:26.849 t20480000000000000000
 20:57:26.849 t2058D18822027FFF5000
 20:57:26.948 t200839B64F3E0048CA00
 20:57:26.948 t20184AE04F0EF1F1F17A
 20:57:26.949 t20286A974A3E49F900F9
 20:57:26.949 t20389CA84F220127FDFF
 20:57:26.949 t20480000400000000000
 20:57:26.949 t2058D18862027FFF5000
 20:57:27.048 t200839B98F3E0048CA00
 20:57:27.048 t20185AA98F0EF1F1A97A
 20:57:27.049 t20286A978A3E49F900F9
 20:57:27.049 t20389CE98F223FF7FFFF
 20:57:27.049 t20480000800000000000
 20:57:27.049 t2058D188A2027FFF5000
 20:57:27.148 t200839BCCF3E0048CA00
 20:57:27.148 t20185CE9CF0EF1F1897A
 20:57:27.149 t20286A97CA3E49F900F9
 20:57:27.149 t20389936CF2200C7E9FA
 20:57:27.149 t20480000C00000000000
 20:57:27.149 t2058D188E2027FFF5000
 20:57:27.250 t200839BE0F3E0048CA00
 20:57:27.250 t20184AE00F0EF1F1F17A
 20:57:27.250 t20286A970A3E49F900F9
 20:57:27.250 t203899910F220147E9FA
 20:57:27.251 t20480000000000000000
 20:57:27.251 t2058D18822027FFF5000
 20:57:27.348 t200839C14F3E0048CA00
 20:57:27.348 t20185AA94F0EF1F1A97A
 20:57:27.348 t20286A974A3E49F900F9
 20:57:27.348 t203899D84F220237E9FA
 20:57:27.348 t20480000400000000000
 20:57:27.348 t2058D18862027FFF5000
 20:57:27.448 t200839C48F3E0048CA00
 20:57:27.448 t20185CE98F0EF1F1897A
 20:57:27.448 t20286A978A3E49F900F9
 20:57:27.449 t20389A228F220127E9FA
 20:57:27.449 t20480000800000000000
 20:57:27.449 t2058D188A2027FFF5000
 20:57:27.548 t200839C7CF3E0048CA00
 20:57:27.548 t20184AE0CF0EF1F1F17A
 20:57:27.549 t20286A97CA3E49F900F9
 20:57:27.549 t20389A4ACF2202F7E9FA
 20:57:27.549 t20480000C00000000000
 20:57:27.549 t2058D188E2027FFF5000
 20:57:27.648 t200839C90F3E0048CA00
 20:57:27.648 t20185AA90F0EF1F1A97A
 20:57:27.648 t20286A970A3E49F900F9
 20:57:27.649 t20389A850F2200B7E9FA
 20:57:27.649 t20480000000000000000
 20:57:27.649 t2058D18822027FFF5000
 20:57:27.748 t200839CC4F3E0048CA00
 20:57:27.748 t20185CE94F0EF1F1897A
 20:57:27.749 t20286A974A3E49F900F9
 20:57:27.749 t20389CE94F200567FDFF
 20:57:27.749 t20480000400000000000
 20:57:27.749 t2058D18862027FFF5000
 20:57:27.848 t200839CF8F3E0048CA00
 20:57:27.848 t20184AE08F0EF1F1F17A
 20:57:27.849 t20286A978A3E49F900F9
 20:57:27.849 t203899918F220147E9FA
 20:57:27.849 t20480000800000000000
 20:57:27.849 t2058D188A2027FFF5000
 20:57:27.948 t200839D2CF3E0048CA00
 20:57:27.948 t20185AA9CF0EF1F1A97A
 20:57:27.948 t20286A97CA3E49F900F9
 20:57:27.948 t203899D8CF220237E9FA
 20:57:27.948 t20480000C00000000000
 20:57:27.948 t2058D188E2027FFF5000
 20:57:28.048 t200839D50F3E0048CA00
 20:57:28.048 t20185CE90F0EF1F1897A
 20:57:28.048 t20286A970A3E49F900F9
 20:57:28.048 t20389A220F220127E9FA
 20:57:28.048 t20480000000000000000
 20:57:28.048 t2058D18822027FFF5000
 20:57:28.148 t200839D74F3E0048CA00
 20:57:28.148 t20184AE04F0EF1F1F17A
 20:57:28.148 t20286A974A3E49F900F9
 20:57:28.149 t20389A4A4F2202F7E9FA
 20:57:28.149 t20480000400000000000
 20:57:28.149 t2058D18862027FFF5000
 20:57:28.248 t200839DA8F3E0048CA00
 20:57:28.248 t20185AA98F0EF1F1A97A
 20:57:28.248 t20286A978A3E49F900F9
 20:57:28.248 t20389A858F2200B7E9FA
 20:57:28.249 t20480000800000000000
 20:57:28.249 t2058D188A2027FFF5000
 20:57:28.348 t200839DDCF3E0048CA00
 20:57:28.348 t20185CE9CF0EF1F1897A
 20:57:28.348 t20286A97CA3E49F900F9
 20:57:28.348 t20389A9BCF2200E7E9FA
 20:57:28.348 t20480000C00000000000
 20:57:28.348 t2058D188E2027FFF5000
 20:57:28.448 t200839E00F3E0048CA00
 20:57:28.448 t20184AE00F0EF1F1F17A
 20:57:28.448 t20286A970A3E49F900F9
 20:57:28.449 t20389ABE0F220267E9FA
 20:57:28.449 t20480000000000000000
 20:57:28.449 t2058D18822027FFF5000
 20:57:28.548 t200839E24F3E0048CA00
 20:57:28.548 t20185AA94F0EF1F1A97A
 20:57:28.548 t20286A974A3E49F900F9
 20:57:28.548 t20389AFC4F2201B7EDFB
 20:57:28.549 t20480000400000000000
 20:57:28.549 t2058D18862027FFF5000
 20:57:28.648 t200839E58F3E0048CA00
 20:57:28.648 t20185CE98F0EF1F1897A
 20:57:28.648 t20286A978A3E49F900F9
 20:57:28.648 t20389B378F2202E7F5FD
 20:57:28.648 t20480000800000000000
 20:57:28.648 t2058D188A2027FFF5000
 20:57:28.747 t200839E8CF3E0048CA00
 20:57:28.748 t20184AE0CF0EF1F1F17A
 20:57:28.748 t20286A97CA3E49F900F9
 20:57:28.748 t20389B88CF2207B7F9FF
 20:57:28.748 t20480000C00000000000
 20:57:28.748 t2058D188E2027FFF5000
 20:57:28.848 t200839EB0F3E0048CA00
 20:57:28.848 t20185AA90F0EF1F1A97A
 20:57:28.848 t20286A970A3E49F900F9
 20:57:28.848 t20389C380F220247F9FF
 20:57:28.848 t20480000000000000000
 20:57:28.848 t2058D18822027FFF5000
 20:57:28.948 t200839EE4F3E0048CA00
 20:57:28.948 t20185CE94F0EF1F1897A
 20:57:28.948 t20286A974A3E49F900F9
 20:57:28.948 t20389C624F2202E7FDFF
 20:57:28.949 t20480000400000000000
 20:57:28.949 t2058D18862027FFF5000
 20:57:29.048 t200839F08F3E0048CA00
 20:57:29.048 t20184AE08F0EF1F1F17A
 20:57:29.048 t20286A978A3E49F900F9
 20:57:29.048 t20389CA88F220127FDFF
 20:57:29.049 t20480000800000000000
 20:57:29.049 t2058D188A2027FFF5000
 20:57:29.148 t200839F3CF3E0048CA00
 20:57:29.148 t20185AA9CF0EF1F1A97A
 20:57:29.148 t20286A97CA3E49F900F9
 20:57:29.148 t20389CE9CF220567FDFF
 20:57:29.148 t20480000C00000000000
 20:57:29.149 t2058D188E2027FFF5000
 20:57:29.248 t200839F60F3E0048CA00
 20:57:29.248 t20185CE90F0EF1F1897A
 20:57:29.248 t20286A970A3E49F900F9
 20:57:29.248 t203899910F220147E9FA
 20:57:29.248 t20480000000000000000
 20:57:29.249 t2058D18822027FFF5000
 20:57:29.347 t200839F94F3E0048CA00
 20:57:29.347 t20184AE04F0EF1F1F17A
 20:57:29.348 t20286A974A3E49F900F9
 20:57:29.348 t203899D84F220237E9FA
 20:57:29.348 t20480000400000000000
 20:57:29.348 t2058D18862027FFF5000
 20:57:29.447 t200839FB8F3E0048CA00
 20:57:29.447 t20185AA98F0EF1F1A97A
 20:57:29.448 t20286A978A3E49F900F9
 20:57:29.448 t20389A228F220127E9FA
 20:57:29.448 t20480000800000000000
 20:57:29.448 t2058D188A2027FFF5000
 20:57:29.547 t200839FECF3E0048CA00
 20:57:29.548 t20185CE9CF0EF1F1897A
 20:57:29.548 t20286A97CA3E49F900F9
 20:57:29.548 t20389A4ACF2202F7E9FA
 20:57:29.548 t20480000C00000000000
 20:57:29.549 t2058D188E2027FFF5000
 20:57:29.647 t20083A010F3E0048CA00
 20:57:29.648 t20184AE00F0EF1F1F17A
 20:57:29.648 t20286A970A3E49F900F9
 20:57:29.648 t20389A850F2200B7E9FA
 20:57:29.648 t20480000000000000000
 20:57:29.648 t2058D18822027FFF5000
 20:57:29.747 t20083A044F3E0048CA00
 20:57:29.748 t20185AA94F0EF1F1A97A
 20:57:29.748 t20286A974A3E49F900F9
 20:57:29.748 t20389A9B4F2200E7E9FA
 20:57:29.748 t20480000400000000000
 20:57:29.748 t2058D18862027FFF5000
 20:57:29.847 t20083A078F3E0048CA00
 20:57:29.847 t20185CE98F0EF1F1897A
 20:57:29.847 t20286A978A3E49F900F9
 20:57:29.848 t20389ABE8F220267E9FA
 20:57:29.848 t20480000800000000000
 20:57:29.848 t2058D188A2027FFF5000
 20:57:29.947 t20083A09CF3E0048CA00
 20:57:29.947 t20184AE0CF0EF1F1F17A
 20:57:29.947 t20286A97CA3E49F900F9
 20:57:29.948 t20389AFCCF2201B7EDFB
 20:57:29.948 t20480000C00000000000
 20:57:29.948 t2058D188E2027FFF5000
 20:57:30.048 t20083A0C0F3E0048CA00
 20:57:30.048 t20185AA90F0EF1F1A97A
 20:57:30.048 t20286A970A3E49F900F9
 20:57:30.048 t20389B370F2202E7F5FD
 20:57:30.049 t20480000000000000000
 20:57:30.049 t2058D18822027FFF5000
 20:57:30.148 t20083A0F4F3E0048CA00
 20:57:30.148 t20185CE94F0EF1F1897A
 20:57:30.148 t20286A974A3E49F900F9
 20:57:30.148 t20389B884F2207B7F9FF
 20:57:30.149 t20480000400000000000
 20:57:30.149 t2058D18862027FFF5000
 20:57:30.248 t20083A128F3E0048CA00
 20:57:30.248 t20184AE08F0EF1F1F17A
 20:57:30.249 t20286A978A3E49F900F9
 20:57:30.249 t20389C388F220247F9FF
 20:57:30.249 t20480000800000000000
 20:57:30.249 t2058D188A2027FFF5000
 20:57:30.348 t20083A14CF3E0048CA00
 20:57:30.348 t20185AA9CF0EF1F1A97A
 20:57:30.349 t20286A97CA3E49F900F9
 20:57:30.349 t20389C62CF2202E7FDFF
 20:57:30.349 t20480000C00000000000
 20:57:30.349 t2058D188E2027FFF5000
 20:57:30.448 t20083A170F3E0048CA00
 20:57:30.448 t20185CE90F0EF1F1897A
 20:57:30.448 t20286A970A3E49F900F9
 20:57:30.448 t20389CA80F220127FDFF
 20:57:30.448 t20480000000000000000
 20:57:30.449 t2058D18822027FFF5000
 20:57:30.548 t20083A1A4F3E0048CA00
 20:57:30.548 t20184AE04F0EF1F1F17A
 20:57:30.549 t20286A974A3E49F900F9
 20:57:30.549 t20389CE94F220567FDFF
 20:57:30.549 t20480000400000000000
 20:57:30.549 t2058D18862027FFF5000
 20:57:30.648 t20083A1D8F3E0048CA00
 20:57:30.648 t20185AA98F0EF1F1A97A
 20:57:30.649 t20286A978A3E49F900F9
 20:57:30.649 t203899918F220147E9FA
 20:57:30.649 t20480000800000000000
 20:57:30.649 t2058D188A2027FFF5000
 20:57:30.748 t20083A20CF3E0048CA00
 20:57:30.748 t20185CE9CF0EF1F1897A
 20:57:30.748 t20286A97CA3E49F900F9
 20:57:30.748 t203899D8CF220237E9FA
 20:57:30.749 t20480000C00000000000
 20:57:30.749 t2058D188E2027FFF5000
 20:57:30.848 t20083A220F3E0048CA00
 20:57:30.848 t20184AE00F0EF1F1F17A
 20:57:30.848 t20286A970A3E49F900F9
 20:57:30.848 t20389A220F220127E9FA
 20:57:30.848 t20480000000000000000
 20:57:30.848 t2058D18822027FFF5000
 20:57:30.948 t20083A254F3E0048CA00
 20:57:30.948 t20185AA94F0EF1F1A97A
 20:57:30.949 t20286A974A3E49F900F9
 20:57:30.949 t20389A4A4F2202F7E9FA
 20:57:30.949 t20480000400000000000
 20:57:30.949 t2058D18862027FFF5000
 20:57:31.048 t20083A288F3E0048CA00
 20:57:31.049 t20185CE98F0EF1F1897A
 20:57:31.049 t20286A978A3E49F900F9
 20:57:31.049 t20389A858F2200B7E9FA
 20:57:31.049 t20480000800000000000
 20:57:31.049 t2058D188A2027FFF5000
 20:57:31.148 t20083A2BCF3E0048CA00
 20:57:31.149 t20184AE0CF0EF1F1F17A
 20:57:31.149 t20286A97CA3E49F900F9
 20:57:31.149 t20389D82CF2000D7FDFF
 20:57:31.149 t20480000C00000000000
 20:57:31.149 t2058D188E2027FFF5000
 20:57:31.248 t20083A2D0F3E0048CA00
 20:57:31.248 t20185AA90F0EF1F1A97A
 20:57:31.249 t20286A970A3E49F900F9
 20:57:31.249 t203899D80F220237E9FA
 20:57:31.249 t20480000000000000000
 20:57:31.249 t2058D18822027FFF5000
 20:57:31.348 t20083A304F3E0048CA00
 20:57:31.348 t20185CE94F0EF1F1897A
 20:57:31.348 t20286A974A3E49F900F9
 20:57:31.349 t20389A224F220127E9FA
 20:57:31.349 t20480000400000000000
 20:57:31.349 t2058D18862027FFF5000
 20:57:31.448 t20083A338F3E0048CA00
 20:57:31.448 t20184AE08F0EF1F1F17A
 20:57:31.448 t20286A978A3E49F900F9
 20:57:31.448 t20389A4A8F2202F7E9FA
 20:57:31.448 t20480000800000000000
 20:57:31.448 t2058D188A2027FFF5000
 20:57:31.548 t20083A36CF3E0048CA00
 20:57:31.548 t20185AA9CF0EF1F1A97A
 20:57:31.548 t20286A97CA3E49F900F9
 20:57:31.548 t20389A85CF2200B7E9FA
 20:57:31.548 t20480000C00000000000
 20:57:31.548 t2058D188E2027FFF5000
 20:57:31.648 t20083A390F3E0048CA00
 20:57:31.648 t20185CE90F0EF1F1897A
 20:57:31.649 t20286A970A3E49F900F9
 20:57:31.649 t20389A9B0F2200E7E9FA
 20:57:31.649 t20480000000000000000
 20:57:31.649 t2058D18822027FFF5000
 20:57:31.748 t20083A3B4F3E0048CA00
 20:57:31.748 t20184AE04F0EF1F1F17A
 20:57:31.748 t20286A974A3E49F900F9
 20:57:31.749 t20389ABE4F220267E9FA
 20:57:31.749 t20480000400000000000
 20:57:31.749 t2058D18862027FFF5000
 20:57:31.848 t20083A3E8F3E0048CA00
 20:57:31.848 t20185AA98F0EF1F1A97A
 20:57:31.848 t20286A978A3E49F900F9
 20:57:31.849 t20389AFC8F2201B7EDFB
 20:57:31.849 t20480000800000000000
 20:57:31.849 t2058D188A2027FFF5000
 20:57:31.948 t20083A41CF3E0048CA00
 20:57:31.948 t20185CE9CF0EF1F1897A
 20:57:31.948 t20286A97CA3E49F900F9
 20:57:31.948 t20389B37CF2202E7F5FD
 20:57:31.949 t20480000C00000000000
 20:57:31.949 t2058D188E2027FFF5000
 20:57:32.047 t20083A440F3E0048CA00
 20:57:32.048 t20184AE00F0EF1F1F17A
 20:57:32.048 t20286A970A3E49F900F9
 20:57:32.048 t20389B880F2207B7F9FF
 20:57:32.048 t20480000000000000000
 20:57:32.048 t2058D18822027FFF5000
 20:57:32.148 t20083A464F3E0048CA00
 20:57:32.148 t20185AA94F0EF1F1A97A
 20:57:32.148 t20286A974A3E49F900F9
 20:57:32.148 t20389C384F220247F9FF
 20:57:32.148 t20480000400000000000
 20:57:32.148 t2058D18862027FFF5000
 20:57:32.248 t20083A498F3E0048CA00
 20:57:32.248 t20185CE98F0EF1F1897A
 20:57:32.248 t20286A978A3E49F900F9
 20:57:32.248 t20389C628F2202E7FDFF
 20:57:32.248 t20480000800000000000
 20:57:32.249 t2058D188A2027FFF5000
 20:57:32.348 t20083A4CCF3E0048CA00
 20:57:32.348 t20184AE0CF0EF1F1F17A
 20:57:32.348 t20286A97CA3E49F900F9
 20:57:32.348 t20389CA8CF220127FDFF
 20:57:32.349 t20480000C00000000000
 20:57:32.349 t2058D188E2027FFF5000
 20:57:32.448 t20083A4F0F3E0048CA00
 20:57:32.448 t20185AA90F0EF1F1A97A
 20:57:32.448 t20286A970A3E49F900F9
 20:57:32.448 t20389CE90F220567FDFF
 20:57:32.449 t20480000000000000000
 20:57:32.449 t2058D18822027FFF5000
 20:57:32.547 t20083A524F3E0048CA00
 20:57:32.548 t20185CE94F0EF1F1897A
 20:57:32.548 t20286A974A3E49F900F9
 20:57:32.548 t20389D824F2200D7FDFF
 20:57:32.548 t20480000400000000000
 20:57:32.548 t2058D18862027FFF5000
 20:57:32.648 t20083A548F3E0048CA00
 20:57:32.648 t20184AE08F0EF1F1F17A
 20:57:32.648 t20286A978A3E49F900F9
 20:57:32.648 t203899D88F220237E9FA
 20:57:32.648 t20480000800000000000
 20:57:32.648 t2058D188A2027FFF5000
 20:57:32.747 t20083A57CF3E0048CA00
 20:57:32.747 t20185E3ECF0CF1F1897B
 20:57:32.748 t20286A97CA3E49F900F9
 20:57:32.748 t20389A22CF220127E9FA
 20:57:32.748 t20480000C00000000000
 20:57:32.748 t2058D188E2027FFF5000
 20:57:32.847 t20083A5A0F3E0048CA00
 20:57:32.847 t20184AE00F0EF1F1F17A
 20:57:32.848 t20286A970A3E49F900F9
 20:57:32.848 t20389A4A0F2202F7E9FA
 20:57:32.848 t20480000000000000000
 20:57:32.848 t2058D18822027FFF5000
 20:57:32.948 t20083A5D4F3E0048CA00
 20:57:32.948 t20185AA94F0EF1F1A97A
 20:57:32.948 t20286A974A3E49F900F9
 20:57:32.948 t20389A854F2200B7E9FA
 20:57:32.948 t20480000400000000000
 20:57:32.949 t2058D18862027FFF5000
 20:57:33.048 t20083A5F8F3E0048CA00
 20:57:33.048 t20185CE98F0EF1F1897A
 20:57:33.048 t20286A978A3E49F900F9
 20:57:33.048 t20389A9B8F2200E7E9FA
 20:57:33.048 t20480000800000000000
 20:57:33.049 t2058D188A2027FFF5000
 20:57:33.147 t20083A62CF3E0048CA00
 20:57:33.147 t20185E3ECF0EF1F1897B
 20:57:33.148 t20286A97CA3E49F900F9
 20:57:33.148 t20389ABECF220267E9FA
 20:57:33.148 t20480000C00000000000
 20:57:33.148 t2058D188E2027FFF5000
 20:57:33.247 t20083A650F3E0048CA00
 20:57:33.248 t20184AE00F0EF1F1F17A
 20:57:33.248 t20286A970A3E49F900F9
 20:57:33.248 t20389AFC0F2201B7EDFB
 20:57:33.248 t20480000000000000000
 20:57:33.248 t2058D18822027FFF5000
 20:57:33.348 t20083A684F3E0048CA00
 20:57:33.348 t20185AA94F0EF1F1A97A
 20:57:33.348 t20286A974A3E49F900F9
 20:57:33.348 t20389B374F2202E7F5FD
 20:57:33.349 t20480000400000000000
 20:57:33.349 t2058D18862027FFF5000
 20:57:33.447 t20083A6B8F3E0048CA00
 20:57:33.447 t20185CE98F0EF1F1897A
 20:57:33.447 t20286A978A3E49F900F9
 20:57:33.448 t20389B888F2207B7F9FF
 20:57:33.448 t20480000800000000000
 20:57:33.448 t2058D188A2027FFF5000
 20:57:33.547 t20083A6DCF3E0048CA00
 20:57:33.548 t20185E3ECF0EF1F1897B
 20:57:33.548 t20286A97CA3E49F900F9
 20:57:33.548 t20389C38CF220247F9FF
 20:57:33.548 t20480000C00000000000
 20:57:33.548 t2058D188E2027FFF5000
 20:57:33.647 t20083A700F3E0048CA00
 20:57:33.648 t20184AE00F0EF1F1F17A
 20:57:33.648 t20286A970A3E49F900F9
 20:57:33.648 t20389C620F2202E7FDFF
 20:57:33.648 t20480000000000000000
 20:57:33.648 t2058D18822027FFF5000
 20:57:33.747 t20083A734F3E0048CA00
 20:57:33.748 t20185AA94F0EF1F1A97A
 20:57:33.748 t20286A974A3E49F900F9
 20:57:33.748 t20389CA84F220127FDFF
 20:57:33.748 t20480000400000000000
 20:57:33.748 t2058D18862027FFF5000
 20:57:33.847 t20083A768F3E0048CA00
 20:57:33.848 t20185CE98F0EF1F1897A
 20:57:33.848 t20286A978A3E49F900F9
 20:57:33.848 t20389CE98F220567FDFF
 20:57:33.848 t20480000800000000000
 20:57:33.848 t2058D188A2027FFF5000
 20:57:33.947 t20083A78CF3E0048CA00
 20:57:33.948 t20185E3ECF0EF1F1897B
 20:57:33.948 t20286A97CA3E49F900F9
 20:57:33.948 t20389D82CF2200D7FDFF
 20:57:33.948 t20480000C00000000000
 20:57:33.948 t2058D188E2027FFF5000
 20:57:34.047 t20083A7B0F3E0048CA00
 20:57:34.047 t20184AE00F0EF1F1F17A
 20:57:34.047 t20286A970A3E49F900F9
 20:57:34.047 t203899D80F220237E9FA
 20:57:34.048 t20480000000000000000
 20:57:34.048 t2058D18822027FFF5000
 20:57:34.148 t20083A7E4F3E0048CA00
 20:57:34.148 t20185AA94F0EF1F1A97A
 20:57:34.148 t20286A974A3E49F900F9
 20:57:34.148 t20389A224F220127E9FA
 20:57:34.148 t20480000400000000000
 20:57:34.149 t2058D18862027FFF5000
 20:57:34.248 t20083A818F3E0048CA00
 20:57:34.248 t20185CE98F0EF1F1897A
 20:57:34.248 t20286A978A3E49F900F9
 20:57:34.248 t20389A4A8F2202F7E9FA
 20:57:34.249 t20480000800000000000
 20:57:34.249 t2058D188A2027FFF5000
 20:57:34.348 t20083A84CF3E0048CA00
 20:57:34.348 t20185E3ECF0EF1F1897B
 20:57:34.349 t20286A97CA3E49F900F9
 20:57:34.349 t20389DFCCF203FF803FF
 20:57:34.349 t20480000C00000000000
 20:57:34.349 t2058D188E2027FFF5000
 20:57:34.448 t20083A860F3E0048CA00
 20:57:34.448 t20184AE00F0EF1F1F17A
 20:57:34.449 t20286A970A3E49F900F9
 20:57:34.449 t20389A220F220127E9FA
 20:57:34.449 t20480000000000000000
 20:57:34.449 t2058D18822027FFF5000
 20:57:34.548 t20083A894F3E0048CA00
 20:57:34.548 t20185AA94F0EF1F1A97A
 20:57:34.549 t20286A974A3E49F900F9
 20:57:34.549 t20389A4A4F2202F7E9FA
 20:57:34.549 t20480000400000000000
 20:57:34.549 t2058D18862027FFF5000
 20:57:34.648 t20083A8C8F3E0048CA00
 20:57:34.648 t20185CE98F0EF1F1897A
 20:57:34.648 t20286A978A3E49F900F9
 20:57:34.649 t20389A858F2200B7E9FA
 20:57:34.649 t20480000800000000000
 20:57:34.649 t2058D188A2027FFF5000
 20:57:34.748 t20083A8FCF3E0048CA00
 20:57:34.748 t20185E3ECF0EF1F1897B
 20:57:34.748 t20286A97CA3E49F900F9
 20:57:34.748 t20389A9BCF2200E7E9FA
 20:57:34.748 t20480000C00000000000
 20:57:34.748 t2058D188E2027FFF5000
 20:57:34.848 t20083A910F3E0048CA00
 20:57:34.848 t20184AE00F0EF1F1F17A
 20:57:34.848 t20286A970A3E49F900F9
 20:57:34.848 t20389ABE0F220267E9FA
 20:57:34.848 t20480000000000000000
 20:57:34.848 t2058D18822027FFF5000
 20:57:34.948 t20083A944F3E0048CA00
 20:57:34.948 t20185AA94F0EF1F1A97A
 20:57:34.949 t20286A974A3E49F900F9
 20:57:34.949 t20389AFC4F2201B7EDFB
 20:57:34.949 t20480000400000000000
 20:57:34.949 t2058D18862027FFF5000
 20:57:35.048 t20083A978F3E0048CA00
 20:57:35.048 t20185CE98F0EF1F1897A
 20:57:35.049 t20286A978A3E49F900F9
 20:57:35.049 t20389B378F2202E7F5FD
 20:57:35.049 t20480000800000000000
 20:57:35.049 t2058D188A2027FFF5000
 20:57:35.148 t20083A9ACF3E0048CA00
 20:57:35.148 t20185E3ECF0EF1F1897B
 20:57:35.149 t20286A97CA3E49F900F9
 20:57:35.149 t20389B88CF2207B7F9FF
 20:57:35.149 t20480000C00000000000
 20:57:35.149 t2058D188E2027FFF5000
 20:57:35.248 t20083A9D0F3E0048CA00
 20:57:35.248 t20184AE00F0EF1F1F17A
 20:57:35.248 t20286A970A3E49F900F9
 20:57:35.249 t20389C380F220247F9FF
 20:57:35.249 t20480000000000000000
 20:57:35.249 t2058D18822027FFF5000
 20:57:35.348 t20083A9F4F3E0048CA00
 20:57:35.348 t20185AA94F0EF1F1A97A
 20:57:35.348 t20286A974A3E49F900F9
 20:57:35.348 t20389C624F2202E7FDFF
 20:57:35.348 t20480000400000000000
 20:57:35.348 t2058D18862027FFF5000
 20:57:35.448 t20083AA28F3E0048CA00
 20:57:35.448 t20185CE98F0EF1F1897A
 20:57:35.448 t20286A978A3E49F900F9
 20:57:35.448 t20389CA88F220127FDFF
 20:57:35.448 t20480000800000000000
 20:57:35.448 t2058D188A2027FFF5000
 20:57:35.548 t20083AA5CF3E0048CA00
 20:57:35.548 t20185E3ECF0EF1F1897B
 20:57:35.548 t20286A97CA3E49F900F9
 20:57:35.549 t20389CE9CF220567FDFF
 20:57:35.549 t20480000C00000000000
 20:57:35.549 t2058D188E2027FFF5000
 20:57:35.648 t20083AA80F3E0048CA00
 20:57:35.648 t20184AE00F0EF1F1F17A
 20:57:35.648 t20286A970A3E49F900F9
 20:57:35.649 t20389D820F2200D7FDFF
 20:57:35.649 t20480000000000000000
 20:57:35.649 t2058D18822027FFF5000
 20:57:35.748 t20083AAA4F3E0048CA00
 20:57:35.748 t20185AA94F0EF1F1A97A
 20:57:35.748 t20286A974A3E49F900F9
 20:57:35.749 t20389DFC4F223FF803FF
 20:57:35.749 t20480000400000000000
 20:57:35.749 t2058D18862027FFF5000
 20:57:35.848 t20083AAD8F3E0048CA00
 20:57:35.848 t20185CE98F0EF1F1897A
 20:57:35.848 t20286A978A3E49F900F9
 20:57:35.848 t20389A228F220127E9FA
 20:57:35.849 t20480000800000000000
 20:57:35.849 t2058D188A2027FFF5000
 20:57:35.948 t20083AB0CF3E0048CA00
 20:57:35.948 t20185E3ECF0EF1F1897B
 20:57:35.948 t20286A97CA3E49F900F9
 20:57:35.948 t20389A4ACF2202F7E9FA
 20:57:35.949 t20480000C00000000000
 20:57:35.949 t2058D188E2027FFF5000
 20:57:36.047 t20083AB20F3E0048CA00
 20:57:36.048 t20184AE00F0EF1F1F17A
 20:57:36.048 t20286A970A3E49F900F9
 20:57:36.048 t20389A850F2200B7E9FA
 20:57:36.048 t20480000000000000000
 20:57:36.048 t2058D18822027FFF5000
 20:57:36.147 t20083AB54F3E0048CA00
 20:57:36.148 t20185AA94F0EF1F1A97A
 20:57:36.148 t20286A974A3E49F900F9
 20:57:36.148 t20389A9B4F2200E7E9FA
 20:57:36.148 t20480000400000000000
 20:57:36.148 t2058D18862027FFF5000
 20:57:36.248 t20083AB88F3E0048CA00
 20:57:36.248 t20185CE98F0EF1F1897A
 20:57:36.248 t20286A978A3E49F900F9
 20:57:36.248 t20389ABE8F220267E9FA
 20:57:36.249 t20480000800000000000
 20:57:36.249 t2058D188A2027FFF5000
 20:57:36.348 t20083ABBCF3E0048CA00
 20:57:36.348 t20185E3ECF0EF1F1897B
 20:57:36.348 t20286A97CA3E49F900F9
 20:57:36.348 t20389DFCCF20013801FF
 20:57:36.348 t20480000C00000000000
 20:57:36.349 t2058D188E2027FFF5000
 20:57:36.448 t20083ABE0F3E0048CA00
 20:57:36.448 t20184AE00F0EF1F1F17A
 20:57:36.448 t20286A970A3E49F900F9
 20:57:36.448 t20389A4A0F2202F7E9FA
 20:57:36.449 t20480000000000000000
 20:57:36.449 t2058D18822027FFF5000
 20:57:36.548 t20083AC04F3E0048CA00
 20:57:36.548 t20185AA94F0EF1F1A97A
 20:57:36.548 t20286A974A3E49F900F9
 20:57:36.548 t20389A854F2200B7E9FA
 20:57:36.549 t20480000400000000000
 20:57:36.549 t2058D18862027FFF5000
 20:57:36.648 t20083AC38F3E0048CA00
 20:57:36.648 t20185CE98F0EF1F1897A
 20:57:36.648 t20286A978A3E49F900F9
 20:57:36.648 t20389A9B8F2200E7E9FA
 20:57:36.649 t20480000800000000000
 20:57:36.649 t2058D188A2027FFF5000
 20:57:36.747 t20083AC6CF3E0048CA00
 20:57:36.747 t20185E3ECF0EF1F1897B
 20:57:36.748 t20286A97CA3E49F900F9
 20:57:36.748 t20389ABECF220267E9FA
 20:57:36.748 t20480000C00000000000
 20:57:36.748 t2058D188E2027FFF5000
 20:57:36.847 t20083AC90F3E0048CA00
 20:57:36.848 t20184AE00F0EF1F1F17A
 20:57:36.848 t20286A970A3E49F900F9
 20:57:36.848 t20389AFC0F2201B7EDFB
 20:57:36.848 t20480000000000000000
 20:57:36.849 t2058D18822027FFF5000
 20:57:36.948 t20083ACB4F3E0048CA00
 20:57:36.948 t20185AA94F0EF1F1A97A
 20:57:36.948 t20286A974A3E49F900F9
 20:57:36.948 t20389B374F2202E7F5FD
 20:57:36.948 t20480000400000000000
 20:57:36.949 t2058D18862027FFF5000
 20:57:37.048 t20083ACE8F3E0048CA00
 20:57:37.048 t20185CE98F0EF1F1897A
 20:57:37.048 t20286A978A3E49F900F9
 20:57:37.048 t20389B888F2207B7F9FF
 20:57:37.049 t20480000800000000000
 20:57:37.049 t2058D188A2027FFF5000
 20:57:37.148 t20083AD1CF3E0048CA00
 20:57:37.148 t20185E3ECF0EF1F1897B
 20:57:37.148 t20286A97CA3E49F900F9
 20:57:37.148 t20389C38CF220247F9FF
 20:57:37.148 t20480000C00000000000
 20:57:37.149 t2058D188E2027FFF5000
 20:57:37.247 t20083AD40F3E0048CA00
 20:57:37.248 t20184AE00F0EF1F1F17A
 20:57:37.248 t20286A970A3E49F900F9
 20:57:37.248 t20389C620F2202E7FDFF
 20:57:37.248 t20480000000000000000
 20:57:37.249 t2058D18822027FFF5000
 20:57:37.348 t20083AD74F3E0048CA00
 20:57:37.348 t20185AA94F0EF1F1A97A
 20:57:37.348 t20286A974A3E49F900F9
 20:57:37.348 t20389CA84F220127FDFF
 20:57:37.348 t20480000400000000000
 20:57:37.349 t2058D18862027FFF5000
 20:57:37.447 t20083AD98F3E0048CA00
 20:57:37.447 t20185CE98F0EF1F1897A
 20:57:37.447 t20286A978A3E49F900F9
 20:57:37.447 t20389CE98F220567FDFF
 20:57:37.448 t20480000800000000000
 20:57:37.448 t2058D188A2027FFF5000
 20:57:37.547 t20083ADCCF3E0048CA00
 20:57:37.547 t20185E3ECF0EF1F1897B
 20:57:37.548 t20286A97CA3E49F900F9
 20:57:37.548 t20389D82CF2200D7FDFF
 20:57:37.548 t20480000C00000000000
 20:57:37.548 t2058D188E2027FFF5000
 20:57:37.647 t20083ADF0F3E0048CA00
 20:57:37.648 t20184AE00F0EF1F1F17A
 20:57:37.648 t20286A970A3E49F900F9
 20:57:37.648 t20389DFC0F22013801FF
 20:57:37.648 t20480000000000000000
 20:57:37.648 t2058D18822027FFF5000
 20:57:37.747 t20083AE24F3E0048CA00
 20:57:37.747 t20185AA94F0EF1F1A97A
 20:57:37.748 t20286A974A3E49F900F9
 20:57:37.748 t20389A4A4F2202F7E9FA
 20:57:37.748 t20480000400000000000
 20:57:37.748 t2058D18862027FFF5000
 20:57:37.847 t20083AE48F3E0048CA00
 20:57:37.848 t20185CE98F0EF1F1897A
 20:57:37.848 t20286A978A3E49F900F9
 20:57:37.848 t20389A858F2200B7E9FA
 20:57:37.848 t20480000800000000000
 20:57:37.848 t2058D188A2027FFF5000
 20:57:37.947 t20083AE7CF3E0048CA00
 20:57:37.947 t20185E3ECF0EF1F1897B
 20:57:37.948 t20286A97CA3E49F900F9
 20:57:37.948 t20389A9BCF2200E7E9FA
 20:57:37.948 t20480000C00000000000
 20:57:37.948 t2058D188E2027FFF5000
 20:57:38.047 t20083AEA0F3E0048CA00
 20:57:38.047 t20184AE00F0EF1F1F17A
 20:57:38.047 t20286A970A3E49F900F9
 20:57:38.047 t20389ABE0F220267E9FA
 20:57:38.048 t20480000000000000000
 20:57:38.048 t2058D18822027FFF5000
 20:57:38.147 t20083AED4F3E0048CA00
 20:57:38.147 t20185AA94F0EF1F1A97A
 20:57:38.147 t20286A974A3E49F900F9
 20:57:38.147 t20389AFC4F2201B7EDFB
 20:57:38.147 t20480000400000000000
 20:57:38.147 t2058D18862027FFF5000
 20:57:38.247 t20083AF08F3E0048CA00
 20:57:38.247 t20185CE98F0EF1F1897A
 20:57:38.248 t20286A978A3E49F900F9
 20:57:38.248 t20389B378F2202E7F5FD
 20:57:38.248 t20480000800000000000
 20:57:38.248 t2058D188A2027FFF5000
 20:57:38.348 t20083AF2CF3E0048CA00
 20:57:38.348 t20185E3ECF0EF1F1897B
 20:57:38.348 t20286A97CA3E49F900F9
 20:57:38.349 t20389B88CF2207B7F9FF
 20:57:38.349 t20480000C00000000000
 20:57:38.349 t2058D188E2027FFF5000
 20:57:38.448 t20083AF50F3E0048CA00
 20:57:38.448 t20184AE00F0EF1F1F17A
 20:57:38.448 t20286A970A3E49F900F9
 20:57:38.448 t20389C380F220247F9FF
 20:57:38.448 t20480000000000000000
 20:57:38.449 t2058D18822027FFF5000
 20:57:38.548 t20083AF84F3E0048CA00
 20:57:38.548 t20185AA94F0EF1F1A97A
 20:57:38.548 t20286A974A3E49F900F9
 20:57:38.548 t20389C624F2202E7FDFF
 20:57:38.548 t20480000400000000000
 20:57:38.549 t2058D18862027FFF5000
 20:57:38.648 t20083AFB8F3E0048CA00
 20:57:38.648 t20185CE98F0EF1F1897A
 20:57:38.648 t20286A978A3E49F900F9
 20:57:38.649 t20389CA88F220127FDFF
 20:57:38.649 t20480000800000000000
 20:57:38.649 t2058D188A2027FFF5000
 20:57:38.748 t20083AFDCF3E0048CA00
 20:57:38.748 t20185E3ECF0EF1F1897B
 20:57:38.748 t20286A97CA3E49F900F9
 20:57:38.748 t20389E3FCF2000B7F9FE
 20:57:38.748 t20480000C00000000000
 20:57:38.748 t2058D188E2027FFF5000
 20:57:38.848 t20083B000F3E0048CA00
 20:57:38.848 t20184AE00F0EF1F1F17A
 20:57:38.848 t20286A970A3E49F900F9
 20:57:38.848 t20389A850F2200B7E9FA
 20:57:38.848 t20480000000000000000
 20:57:38.848 t2058D18822027FFF5000
 20:57:38.948 t20083B034F3E0048CA00
 20:57:38.948 t20185AA94F0EF1F1A97A
 20:57:38.949 t20286A974A3E49F900F9
 20:57:38.949 t20389A9B4F2200E7E9FA
 20:57:38.949 t20480000400000000000
 20:57:38.950 t2058D18862027FFF5000
 20:57:39.048 t20083B068F3E0048CA00
 20:57:39.048 t20185CE98F0EF1F1897A
 20:57:39.048 t20286A978A3E49F900F9
 20:57:39.049 t20389ABE8F220267E9FA
 20:57:39.049 t20480000800000000000
 20:57:39.049 t2058D188A2027FFF5000
 20:57:39.148 t20083B09CF3E0048CA00
 20:57:39.148 t20185E3ECF0EF1F1897B
 20:57:39.148 t20286A97CA3E49F900F9
 20:57:39.149 t20389AFCCF2201B7EDFB
 20:57:39.149 t20480000C00000000000
 20:57:39.149 t2058D188E2027FFF5000
 20:57:39.248 t20083B0B0F3E0048CA00
 20:57:39.248 t20184AE00F0EF1F1F17A
 20:57:39.249 t20286A970A3E49F900F9
 20:57:39.249 t20389B370F2202E7F5FD
 20:57:39.249 t20480000000000000000
 20:57:39.249 t2058D18822027FFF5000
 20:57:39.348 t20083B0E4F3E0048CA00
 20:57:39.348 t20185AA94F0EF1F1A97A
 20:57:39.349 t20286A974A3E49F900F9
 20:57:39.349 t20389B884F2207B7F9FF
 20:57:39.349 t20480000400000000000
 20:57:39.350 t2058D18862027FFF5000
 20:57:39.448 t20083B118F3E0048CA00
 20:57:39.448 t20185CE98F0EF1F1897A
 20:57:39.448 t20286A978A3E49F900F9
 20:57:39.448 t20389C388F220247F9FF
 20:57:39.448 t20480000800000000000
 20:57:39.448 t2058D188A2027FFF5000
 20:57:39.548 t20083B14CF3E0048CA00
 20:57:39.548 t20185E3ECF0EF1F1897B
 20:57:39.548 t20286A97CA3E49F900F9
 20:57:39.549 t20389C62CF2202E7FDFF
 20:57:39.549 t20480000C00000000000
 20:57:39.549 t2058D188E2027FFF5000
 20:57:39.648 t20083B160F3E0048CA00
 20:57:39.648 t20185AA90F0EF1F1A97A
 20:57:39.648 t20286A970A3E49F900F9
 20:57:39.648 t20389CA80F220127FDFF
 20:57:39.648 t20480000000000000000
 20:57:39.648 t2058D18822027FFF5000
 20:57:39.748 t20083B194F3E0048CA00
 20:57:39.748 t20185CE94F0EF1F1897A
 20:57:39.748 t20286A974A3E49F900F9
 20:57:39.748 t20389E804F203FF7FBFF
 20:57:39.748 t20480000400000000000
 20:57:39.748 t2058D18862027FFF5000
 20:57:39.848 t20083B1C8F3E0048CA00
 20:57:39.848 t20185E3E8F0EF1F1897B
 20:57:39.848 t20286A978A3E49F900F9
 20:57:39.848 t20389A9B8F2200E7E9FA
 20:57:39.849 t20480000800000000000
 20:57:39.849 t2058D188A2027FFF5000
 20:57:39.948 t20083B1FCF3E0048CA00
 20:57:39.948 t20185AA9CF0EF1F1A97A
 20:57:39.948 t20286A97CA3E49F900F9
 20:57:39.948 t20389ABECF220267E9FA
 20:57:39.949 t20480000C00000000000
 20:57:39.949 t2058D188E2027FFF5000
 20:57:40.047 t20083B220F3E0048CA00
 20:57:40.048 t20185CE90F0EF1F1897A
 20:57:40.048 t20286A970A3E49F900F9
 20:57:40.048 t20389AFC0F2201B7EDFB
 20:57:40.048 t20480000000000000000
 20:57:40.048 t2058D18822027FFF5000
 20:57:40.147 t20083B244F3E0048CA00
 20:57:40.148 t20185E3E4F0EF1F1897B
 20:57:40.148 t20286A974A3E49F900F9
 20:57:40.148 t20389B374F2202E7F5FD
 20:57:40.148 t20480000400000000000
 20:57:40.148 t2058D18862027FFF5000
 20:57:40.248 t20083B278F3E0048CA00
 20:57:40.248 t20185AA98F0EF1F1A97A
 20:57:40.248 t20286A978A3E49F900F9
 20:57:40.248 t20389B888F2207B7F9FF
 20:57:40.249 t20480000800000000000
 20:57:40.249 t2058D188A2027FFF5000
 20:57:40.348 t20083B2ACF3E0048CA00
 20:57:40.348 t20185CE9CF0EF1F1897A
 20:57:40.348 t20286A97CA3E49F900F9
 20:57:40.348 t20389C38CF220247F9FF
 20:57:40.349 t20480000C00000000000
 20:57:40.349 t2058D188E2027FFF5000
 20:57:40.448 t20083B2D0F3E0048CA00
 20:57:40.448 t20185E3E0F0EF1F1897B
 20:57:40.448 t20286A970A3E49F900F9
 20:57:40.448 t20389C620F2202E7FDFF
 20:57:40.449 t20480000000000000000
 20:57:40.450 t2058D18822027FFF5000
 20:57:40.548 t20083B2F4F3E0048CA00
 20:57:40.548 t20185AA94F0EF1F1A97A
 20:57:40.548 t20286A974A3E49F900F9
 20:57:40.549 t20389CA84F220127FDFF
 20:57:40.549 t20480000400000000000
 20:57:40.549 t2058D18862027FFF5000
 20:57:40.648 t20083B328F3E0048CA00
 20:57:40.648 t20185CE98F0EF1F1897A
 20:57:40.648 t20286A978A3E49F900F9
 20:57:40.649 t20389CE98F220567FDFF
 20:57:40.649 t20480000800000000000
 20:57:40.649 t2058D188A2027FFF5000
 20:57:40.747 t20083B35CF3E0048CA00
 20:57:40.747 t20185E3ECF0EF1F1897B
 20:57:40.748 t20286A97CA3E49F900F9
 20:57:40.748 t20389D82CF2200D7FDFF
 20:57:40.748 t20480000C00000000000
 20:57:40.748 t2058D188E2027FFF5000
 20:57:40.847 t20083B380F3E0048CA00
 20:57:40.847 t20185AA90F0EF1F1A97A
 20:57:40.847 t20286A970A3E49F900F9
 20:57:40.848 t20389DFC0F22013801FF
 20:57:40.848 t20480000000000000000
 20:57:40.848 t2058D18822027FFF5000
 20:57:40.947 t20083B3B4F3E0048CA00
 20:57:40.948 t20185CE94F0EF1F1897A
 20:57:40.948 t20286A974A3E49F900F9
 20:57:40.948 t20389E3F4F2200B7F9FE
 20:57:40.949 t20480000400000000000
 20:57:40.949 t2058D18862027FFF5000
 20:57:41.047 t20083B3D8F3E0048CA00
 20:57:41.048 t20185E3E8F0EF1F1897B
 20:57:41.048 t20286A978A3E49F900F9
 20:57:41.048 t20389E808F223FF7FBFF
 20:57:41.049 t20480000800000000000
 20:57:41.049 t2058D188A2027FFF5000
 20:57:41.147 t20083B40CF3E0048CA00
 20:57:41.148 t20185AA9CF0EF1F1A97A
 20:57:41.148 t20286A97CA3E49F900F9
 20:57:41.148 t20389ABECF220267E9FA
 20:57:41.149 t20480000C00000000000
 20:57:41.149 t2058D188E2027FFF5000
 20:57:41.247 t20083B430F3E0048CA00
 20:57:41.248 t20185CE90F0EF1F1897A
 20:57:41.248 t20286A970A3E49F900F9
 20:57:41.248 t20389AFC0F2201B7EDFB
 20:57:41.249 t20480000000000000000
 20:57:41.249 t2058D18822027FFF5000
 20:57:41.347 t20083B464F3E0048CA00
 20:57:41.348 t20184000520C49F18979
 20:57:41.348 t20287F2A4F4849F100F9
 20:57:41.348 t20389B374F2202E7F5FD
 20:57:41.348 t20480000400000000000
 20:57:41.349 t2058D18862027FFF5000
 20:57:41.447 t20083B488F3E0048CA00
 20:57:41.447 t20185AA98F0EF1F1A97A
 20:57:41.447 t20287F2A8F18A9F100FA
 20:57:41.448 t20389B888F2207B7F9FF
 20:57:41.448 t20480000800000000000
 20:57:41.448 t2058D188A2027FFF5000
 20:57:41.547 t20083B4BCF3E0048CA00
 20:57:41.547 t20185CE9CF0EF1F1897A
 20:57:41.548 t20286A97CA3E49F900F9
 20:57:41.548 t20389C38CF220247F9FF
 20:57:41.548 t20480000C00000000000
 20:57:41.548 t2058D188E2027FFF5000
 20:57:41.647 t20083B4E0F3E0048CA00
 20:57:41.647 t20185E3E0F0EF1F1897B
 20:57:41.647 t20287F2A0F4A49F100F9
 20:57:41.647 t20389C620F2202E7FDFF
 20:57:41.648 t20480000000000000000
 20:57:41.648 t2058D18822027FFF5000
 20:57:41.747 t20083B514F3E0048CA00
 20:57:41.747 t20184000520E49F18979
 20:57:41.748 t20287F2A4F1AA9F100FA
 20:57:41.748 t20389CA84F220127FDFF
 20:57:41.749 t20480000400000000000
 20:57:41.749 t2058D18862027FFF5000
 20:57:41.847 t20083B548F3E0048CA00
 20:57:41.847 t20185AA98F0EF1F1A97A
 20:57:41.848 t20286A978A3E49F900F9
 20:57:41.848 t20389CE98F220567FDFF
 20:57:41.849 t20480000800000000000
 20:57:41.849 t2058D188A2027FFF5000
 20:57:41.947 t20083B56CF3E0048CA00
 20:57:41.947 t20185CE9CF0EF1F1897A
 20:57:41.948 t20287F2ACF4A49F100F9
 20:57:41.948 t20389D82CF2200D7FDFF
 20:57:41.948 t20480000C00000000000
 20:57:41.949 t2058D188E2027FFF5000
 20:57:42.047 t20083B590F3E0048CA00
 20:57:42.047 t20185E3E0F0EF1F1897B
 20:57:42.048 t20287F2A0F1AA9F100FA
 20:57:42.048 t20389DFC0F22013801FF
 20:57:42.048 t20480000000000000000
 20:57:42.049 t2058D18822027FFF5000
 20:57:42.147 t20083B5C4F3E0048CA00
 20:57:42.147 t20184000520E49F18979
 20:57:42.147 t20286A974A3E49F900F9
 20:57:42.147 t20389E3F4F2200B7F9FE
 20:57:42.147 t20480000400000000000
 20:57:42.148 t2058D18862027FFF5000
 20:57:42.247 t20083B5F8F3E0048CA00
 20:57:42.247 t20185AA98F0EF1F1A97A
 20:57:42.247 t20287F2A8F4A49F100F9
 20:57:42.247 t20389E808F223FF7FBFF
 20:57:42.247 t20480000800000000000
 20:57:42.248 t2058D188A2027FFF5000
 20:57:42.348 t20083B61CF3E0048CA00
 20:57:42.349 t20185CE9CF0EF1F1897A
 20:57:42.349 t20287F2ACF1AA9F100FA
 20:57:42.349 t20389ABECF220267E9FA
 20:57:42.349 t20480000C00000000000
 20:57:42.349 t2058D188E2027FFF5000
 20:57:42.449 t20083B640F3E0048CA00
 20:57:42.449 t20185E3E0F0EF1F1897B
 20:57:42.449 t20286A970A3E49F900F9
 20:57:42.449 t20389AFC0F2201B7EDFB
 20:57:42.450 t20480000000000000000
 20:57:42.450 t2058D18822027FFF5000
 20:57:42.548 t20083B674F3E0048CA00
 20:57:42.549 t20184000520E49F18979
 20:57:42.549 t20287F2A4F4A49F100F9
 20:57:42.549 t20389B374F2202E7F5FD
 20:57:42.549 t20480000400000000000
 20:57:42.550 t2058D18862027FFF5000
 20:57:42.648 t20083B6A8F3E0048CA00
 20:57:42.649 t20185AA98F0EF1F1A97A
 20:57:42.649 t20287F2A8F1AA9F100FA
 20:57:42.649 t20389B888F2207B7F9FF
 20:57:42.650 t20480000800000000000
 20:57:42.650 t2058D188A2027FFF5000
 20:57:42.748 t20083B6DCF3E0048CA00
 20:57:42.749 t20185CE9CF0EF1F1897A
 20:57:42.749 t20286A97CA3E49F900F9
 20:57:42.749 t20389C38CF220247F9FF
 20:57:42.749 t20480000C00000000000
 20:57:42.750 t2058D188E2027FFF5000
 20:57:42.848 t20083B6F0F3E0048CA00
 20:57:42.849 t20185E3E0F0EF1F1897B
 20:57:42.849 t20287F2A0F4A49F100F9
 20:57:42.849 t20389C620F2202E7FDFF
 20:57:42.849 t20480000000000000000
 20:57:42.849 t2058D18822027FFF5000
 20:57:42.948 t20083B724F3E0048CA00
 20:57:42.948 t20184000520E49F18979
 20:57:42.949 t20287F2A4F1AA9F100FA
 20:57:42.949 t20389CA84F220127FDFF
 20:57:42.949 t20480000400000000000
 20:57:42.949 t2058D18862027FFF5000
 20:57:43.049 t20083B758F3E0048CA00
 20:57:43.049 t20185AA98F0EF1F1A97A
 20:57:43.049 t20286A978A3E49F900F9
 20:57:43.049 t20389CE98F220567FDFF
 20:57:43.049 t20480000800000000000
 20:57:43.050 t2058D188A2027FFF5000
 20:57:43.149 t20083B78CF3E0048CA00
 20:57:43.149 t20185CE9CF0EF1F1897A
 20:57:43.149 t20287F2ACF4A49F100F9
 20:57:43.149 t20389D82CF2200D7FDFF
 20:57:43.150 t20480000C00000000000
 20:57:43.150 t2058D188E2027FFF5000
 20:57:43.249 t20083B7A0F3E0048CA00
 20:57:43.249 t20185E3E0F0EF1F1897B
 20:57:43.249 t20287F2A0F1AA9F100FA
 20:57:43.249 t20389DFC0F22013801FF
 20:57:43.249 t20480000000000000000
 20:57:43.250 t2058D18822027FFF5000
 20:57:43.348 t20083B7D4F3E0048CA00
 20:57:43.348 t20184000520E49F18979
 20:57:43.349 t20286A974A3E49F900F9
 20:57:43.349 t20389E3F4F2200B7F9FE
 20:57:43.349 t20480000400000000000
 20:57:43.349 t2058D18862027FFF5000
 20:57:43.449 t20083B808F3E0048CA00
 20:57:43.449 t20185AA98F0EF1F1A97A
 20:57:43.449 t20287F2A8F4A49F100F9
 20:57:43.449 t20389E808F223FF7FBFF
 20:57:43.449 t20480000800000000000
 20:57:43.450 t2058D188A2027FFF5000
 20:57:43.548 t20083B83CF3E0048CA00
 20:57:43.548 t20185CE9CF0EF1F1897A
 20:57:43.548 t20287F2ACF1AA9F100FA
 20:57:43.548 t20389AFCCF2201B7EDFB
 20:57:43.549 t20480000C00000000000
 20:57:43.549 t2058D188E2027FFF5000
 20:57:43.649 t20083B860F3E0048CA00
 20:57:43.649 t20185E3E0F0EF1F1897B
 20:57:43.649 t20286A970A3E49F900F9
 20:57:43.649 t20389B370F2202E7F5FD
 20:57:43.649 t20480000000000000000
 20:57:43.650 t2058D18822027FFF5000
 20:57:43.749 t20083B884F3E0048CA00
 20:57:43.749 t20184000520E49F18979
 20:57:43.749 t20287F2A4F4A49F100F9
 20:57:43.749 t20389B884F2207B7F9FF
 20:57:43.749 t20480000400000000000
 20:57:43.750 t2058D18862027FFF5000
 20:57:43.848 t20083B8B8F3E0048CA00
 20:57:43.849 t20185AA98F0EF1F1A97A
 20:57:43.849 t20287F2A8F1AA9F100FA
 20:57:43.849 t20389C388F220247F9FF
 20:57:43.849 t20480000800000000000
 20:57:43.849 t2058D188A2027FFF5000
 20:57:43.948 t20083B8ECF3E0048CA00
 20:57:43.949 t20185CE9CF0EF1F1897A
 20:57:43.949 t20286A97CA3E49F900F9
 20:57:43.949 t20389C62CF2202E7FDFF
 20:57:43.949 t20480000C00000000000
 20:57:43.949 t2058D188E2027FFF5000
 20:57:44.048 t20083B910F3E0048CA00
 20:57:44.049 t20185E3E0F0EF1F1897B
 20:57:44.049 t20287F2A0F4A49F100F9
 20:57:44.049 t20389CA80F220127FDFF
 20:57:44.049 t20480000000000000000
 20:57:44.049 t2058D18822027FFF5000
 20:57:44.148 t20083B934F3E0048CA00
 20:57:44.148 t20184000520E49F18979
 20:57:44.148 t20287F2A4F1AA9F100FA
 20:57:44.148 t20389CE94F220567FDFF
 20:57:44.148 t20480000400000000000
 20:57:44.149 t2058D18862027FFF5000
 20:57:44.248 t20083B968F3E0048CA00
 20:57:44.248 t20185AA98F0EF1F1A97A
 20:57:44.248 t20286A978A3E49F900F9
 20:57:44.248 t20389D828F2200D7FDFF
 20:57:44.248 t20480000800000000000
 20:57:44.249 t2058D188A2027FFF5000
 20:57:44.348 t20083B99CF3E0048CA00
 20:57:44.349 t20185CE9CF0EF1F1897A
 20:57:44.349 t20287F2ACF4A49F100F9
 20:57:44.349 t20389DFCCF22013801FF
 20:57:44.349 t20480000C00000000000
 20:57:44.349 t2058D188E2027FFF5000
 20:57:44.448 t20083B9C0F3E0048CA00
 20:57:44.449 t20185E3E0F0EF1F1897B
 20:57:44.449 t20287F2A0F1AA9F100FA
 20:57:44.449 t20389E3F0F2200B7F9FE
 20:57:44.449 t20480000000000000000
 20:57:44.450 t2058D18822027FFF5000
 20:57:44.548 t20083B9F4F3E0048CA00
 20:57:44.549 t20184000520E49F18979
 20:57:44.549 t20286A974A3E49F900F9
 20:57:44.549 t20389E804F2007A7F9FE
 20:57:44.549 t20480000400000000000
 20:57:44.549 t2058D18862027FFF5000
 20:57:44.648 t20083BA18F3E0048CA00
 20:57:44.648 t20185AA98F0EF1F1A97A
 20:57:44.649 t20287F2A8F4A49F100F9
 20:57:44.649 t20389B378F2202E7F5FD
 20:57:44.649 t20480000800000000000
 20:57:44.649 t2058D188A2027FFF5000
 20:57:44.748 t20083BA4CF3E0048CA00
 20:57:44.749 t20185CE9CF0EF1F1897A
 20:57:44.749 t20287F2ACF1AA9F100FA
 20:57:44.749 t20389B88CF2207B7F9FF
 20:57:44.749 t20480000C00000000000
 20:57:44.750 t2058D188E2027FFF5000
 20:57:44.848 t20083BA70F3E0048CA00
 20:57:44.848 t20185E3E0F0EF1F1897B
 20:57:44.848 t20286A970A3E49F900F9
 20:57:44.848 t20389C380F220247F9FF
 20:57:44.848 t20480000000000000000
 20:57:44.848 t2058D18822027FFF5000
 20:57:44.948 t20083BAA4F3E0048CA00
 20:57:44.948 t20184000520E49F18979
 20:57:44.948 t20287F2A4F4A49F100F9
 20:57:44.948 t20389C624F2202E7FDFF
 20:57:44.948 t20480000400000000000
 20:57:44.948 t2058D18862027FFF5000
 20:57:45.048 t20083BAC8F3E0048CA00
 20:57:45.048 t20185AA98F0EF1F1A97A
 20:57:45.048 t20287F2A8F1AA9F100FA
 20:57:45.048 t20389CA88F220127FDFF
 20:57:45.049 t20480000800000000000
 20:57:45.049 t2058D188A2027FFF5000
 20:57:45.148 t20083BAFCF3E0048CA00
 20:57:45.148 t20185CE9CF0EF1F1897A
 20:57:45.148 t20286A97CA3E49F900F9
 20:57:45.149 t20389CE9CF220567FDFF
 20:57:45.149 t20480000C00000000000
 20:57:45.149 t2058D188E2027FFF5000
 20:57:45.248 t20083BB20F3E0048CA00
 20:57:45.248 t20185E3E0F0EF1F1897B
 20:57:45.248 t20287F2A0F4A49F100F9
 20:57:45.249 t20389D820F2200D7FDFF
 20:57:45.249 t20480000000000000000
 20:57:45.249 t2058D18822027FFF5000
 20:57:45.348 t20083BB54F3E0048CA00
 20:57:45.348 t20184000520E49F18979
 20:57:45.348 t20287F2A4F1AA9F100FA
 20:57:45.349 t20389DFC4F22013801FF
 20:57:45.349 t20480000400000000000
 20:57:45.349 t2058D18862027FFF5000
 20:57:45.447 t20083BB88F3E0048CA00
 20:57:45.448 t20185AA98F0EF1F1A97A
 20:57:45.448 t20286A978A3E49F900F9
 20:57:45.448 t20389E3F8F2200B7F9FE
 20:57:45.448 t20480000800000000000
 20:57:45.448 t2058D188A2027FFF5000
 20:57:45.547 t20083BBACF3E0048CA00
 20:57:45.548 t20185CE9CF0EF1F1897A
 20:57:45.548 t20287F2ACF4A49F100F9
 20:57:45.548 t20389E80CF2207A7F9FE
 20:57:45.548 t20480000C00000000000
 20:57:45.548 t2058D188E2027FFF5000
 20:57:45.648 t20083BBD0F3E0048CA00
 20:57:45.648 t20185E3E0F0EF1F1897B
 20:57:45.648 t20287F2A0F1AA9F100FA
 20:57:45.648 t20389B370F2202E7F5FD
 20:57:45.649 t20480000000000000000
 20:57:45.649 t2058D18822027FFF5000
 20:57:45.747 t20083BC04F3E0048CA00
 20:57:45.748 t20184000520E49F18979
 20:57:45.748 t20286A974A3E49F900F9
 20:57:45.748 t20389B884F2207B7F9FF
 20:57:45.748 t20480000400000000000
 20:57:45.749 t2058D18862027FFF5000
 20:57:45.848 t20083BC38F3E0048CA00
 20:57:45.848 t20185AA98F0EF1F1A97A
 20:57:45.849 t20287F2A8F4A49F100F9
 20:57:45.849 t20389C388F220247F9FF
 20:57:45.849 t20480000800000000000
 20:57:45.849 t2058D188A2027FFF5000
 20:57:45.948 t20083BC5CF3E0048CA00
 20:57:45.948 t20185CE9CF0EF1F1897A
 20:57:45.948 t20287F2ACF1AA9F100FA
 20:57:45.948 t20389C62CF2202E7FDFF
 20:57:45.949 t20480000C00000000000
 20:57:45.949 t2058D188E2027FFF5000
 20:57:46.047 t20083BC80F3E0048CA00
 20:57:46.047 t20185E3E0F0EF1F1897B
 20:57:46.048 t20286A970A3E49F900F9
 20:57:46.048 t20389CA80F220127FDFF
 20:57:46.048 t20480000000000000000
 20:57:46.048 t2058D18822027FFF5000
 20:57:46.147 t20083BCB4F3E0048CA00
 20:57:46.147 t20184000520E49F18979
 20:57:46.148 t20287F2A4F4A49F100F9
 20:57:46.148 t2038800052200097F5FE
 20:57:46.148 t20480000400000000000
 20:57:46.148 t2058D18862027FFF5000
 20:57:46.247 t20083BCE8F3E0048CA00
 20:57:46.247 t20185AA98F0EF1F1A97A
 20:57:46.247 t20287F2A8F1AA9F100FA
 20:57:46.248 t2038802692203FF7FFFF
 20:57:46.248 t20480000800000000000
 20:57:46.248 t2058D188A2027FFF5000
 20:57:46.348 t20083BD1CF3E0048CA00
 20:57:46.348 t20185F2ACF0CA9F1897A
 20:57:46.348 t20286A97CA3E49F900F9
 20:57:46.348 t20389B37CF2202E7F5FD
 20:57:46.348 t20480000C00000000000
 20:57:46.349 t2058D188E2027FFF5000
 20:57:46.448 t20083BD30F3E0048CA00
 20:57:46.448 t20185AA90F0EF1F1A97A
 20:57:46.449 t20287F2A0F4A49F100F9
 20:57:46.449 t20389B880F2207B7F9FF
 20:57:46.449 t20480000000000000000
 20:57:46.449 t2058D18822027FFF5000
 20:57:46.548 t20083BD64F3E0048CA00
 20:57:46.548 t20185CE94F0EF1F1897A
 20:57:46.548 t20287F2A4F1AA9F100FA
 20:57:46.549 t20389C384F220247F9FF
 20:57:46.549 t20480000400000000000
 20:57:46.549 t2058D18862027FFF5000
 20:57:46.648 t20083BD98F3E0048CA00
 20:57:46.648 t20185E3E8F0EF1F1897B
 20:57:46.648 t20286A978A3E49F900F9
 20:57:46.648 t20389C628F2202E7FDFF
 20:57:46.649 t20480000800000000000
 20:57:46.649 t2058D188A2027FFF5000
 20:57:46.748 t20083BDCCF3E0048CA00
 20:57:46.748 t20185F2ACF0EA9F1897A
 20:57:46.748 t20287F2ACF4A49F100F9
 20:57:46.748 t20389CA8CF220127FDFF
 20:57:46.748 t20480000C00000000000
 20:57:46.748 t2058D188E2027FFF5000
 20:57:46.848 t20083BDE0F3E0048CA00
 20:57:46.848 t20184000120E49F18979
 20:57:46.848 t20287F2A0F1AA9F100FA
 20:57:46.848 t20389CE90F220567FDFF
 20:57:46.848 t20480000000000000000
 20:57:46.848 t2058D18822027FFF5000
 20:57:46.948 t20083BE14F3E0048CA00
 20:57:46.948 t20185AA94F0EF1F1A97A
 20:57:46.948 t20286A974A3E49F900F9
 20:57:46.949 t20389D824F2200D7FDFF
 20:57:46.949 t20480000400000000000
 20:57:46.949 t2058D18862027FFF5000
 20:57:47.048 t20083BE48F3E0048CA00
 20:57:47.048 t20185CE98F0EF1F1897A
 20:57:47.048 t20287F2A8F4A49F100F9
 20:57:47.049 t20389DFC8F22013801FF
 20:57:47.049 t20480000800000000000
 20:57:47.049 t2058D188A2027FFF5000
 20:57:47.148 t20083BE7CF3E0048CA00
 20:57:47.148 t20185E3ECF0EF1F1897B
 20:57:47.148 t20287F2ACF1AA9F100FA
 20:57:47.148 t20389E3FCF2200B7F9FE
 20:57:47.149 t20480000C00000000000
 20:57:47.149 t2058D188E2027FFF5000
 20:57:47.248 t20083BEA0F3E0048CA00
 20:57:47.248 t20185F2A0F0EA9F1897A
 20:57:47.248 t20286A970A3E49F900F9
 20:57:47.248 t20389E800F2207A7F9FE
 20:57:47.249 t20480000000000000000
 20:57:47.249 t2058D18822027FFF5000
 20:57:47.348 t20083BEC4F3E0048CA00
 20:57:47.348 t20184000520E49F18979
 20:57:47.349 t20287F2A4F4A49F100F9
 20:57:47.349 t20389F2B4F203FF813FF
 20:57:47.349 t20480000400000000000
 20:57:47.349 t2058D18862027FFF5000
 20:57:47.448 t20083BEF8F3E0048CA00
 20:57:47.448 t20185AA98F0EF1F1A97A
 20:57:47.448 t20287F2A8F1AA9F100FA
 20:57:47.448 t20389B888F2207B7F9FF
 20:57:47.448 t20480000800000000000
 20:57:47.448 t2058D188A2027FFF5000
 20:57:47.548 t20083BF2CF3E0048CA00
 20:57:47.548 t20185CE9CF0EF1F1897A
 20:57:47.548 t20286A97CA3E49F900F9
 20:57:47.548 t20389C38CF220247F9FF
 20:57:47.548 t20480000C00000000000
 20:57:47.548 t2058D188E2027FFF5000
 20:57:47.648 t20083BF50F3E0048CA00
 20:57:47.648 t20185E3E0F0EF1F1897B
 20:57:47.648 t20287F2A0F4A49F100F9
 20:57:47.648 t20389C620F2202E7FDFF
 20:57:47.649 t20480000000000000000
 20:57:47.649 t2058D18822027FFF5000
 20:57:47.748 t20083BF74F3E0048CA00
 20:57:47.748 t20185F2A4F0EA9F1897A
 20:57:47.748 t20287F2A4F1AA9F100FA
 20:57:47.748 t20389CA84F220127FDFF
 20:57:47.749 t20480000400000000000
 20:57:47.749 t2058D18862027FFF5000
 20:57:47.848 t20083BFA8F3E0048CA00
 20:57:47.848 t20184000920E49F18979
 20:57:47.848 t20286A978A3E49F900F9
 20:57:47.848 t20389CE98F220567FDFF
 20:57:47.848 t20480000800000000000
 20:57:47.849 t2058D188A2027FFF5000
 20:57:47.948 t20083BFDCF3E0048CA00
 20:57:47.948 t20185AA9CF0EF1F1A97A
 20:57:47.948 t20287F2ACF4A49F100F9
 20:57:47.948 t20389D82CF2200D7FDFF
 20:57:47.948 t20480000C00000000000
 20:57:47.949 t2058D188E2027FFF5000
 20:57:48.048 t20083C000F3E0048CA00
 20:57:48.048 t20185CE90F0EF1F1897A
 20:57:48.048 t20287F2A0F1AA9F100FA
 20:57:48.048 t20389DFC0F22013801FF
 20:57:48.049 t20480000000000000000
 20:57:48.049 t2058D18822027FFF5000
 20:57:48.147 t20083C034F3E0048CA00
 20:57:48.147 t20185E3E4F0EF1F1897B
 20:57:48.148 t20286A974A3E49F900F9
 20:57:48.148 t20389E3F4F2200B7F9FE
 20:57:48.148 t20480000400000000000
 20:57:48.148 t2058D18862027FFF5000
 20:57:48.247 t20083C058F3E0048CA00
 20:57:48.247 t20185F2A8F0EA9F1897A
 20:57:48.248 t20287F2A8F4A49F100F9
 20:57:48.248 t20389E808F2207A7F9FE
 20:57:48.248 t20480000800000000000
 20:57:48.248 t2058D188A2027FFF5000
 20:57:48.347 t20083C08CF3E0048CA00
 20:57:48.348 t20184000D20E49F18979
 20:57:48.348 t20287F2ACF1AA9F100FA
 20:57:48.348 t20389F2BCF223FF813FF
 20:57:48.348 t20480000C00000000000
 20:57:48.348 t2058D188E2027FFF5000
 20:57:48.447 t20083C0B0F3E0048CA00
 20:57:48.448 t20185AA90F0EF1F1A97A
 20:57:48.448 t20286A970A3E49F900F9
 20:57:48.448 t2038800012220097F5FE
 20:57:48.448 t20480000000000000000
 20:57:48.448 t2058D18822027FFF5000
 20:57:48.547 t20083C0E4F3E0048CA00
 20:57:48.548 t20185CE94F0EF1F1897A
 20:57:48.548 t20287F2A4F4A49F100F9
 20:57:48.548 t2038802652223FF7FFFF
 20:57:48.548 t20480000400000000000
 20:57:48.548 t2058D18862027FFF5000
 20:57:48.647 t20083C108F3E0048CA00
 20:57:48.648 t20185E3E8F0EF1F1897B
 20:57:48.648 t20287F2A8F1AA9F100FA
 20:57:48.648 t20389B888F2207B7F9FF
 20:57:48.648 t20480000800000000000
 20:57:48.648 t2058D188A2027FFF5000
 20:57:48.747 t20083C13CF3E0048CA00
 20:57:48.747 t20185F2ACF0EA9F1897A
 20:57:48.747 t20286A97CA3E49F900F9
 20:57:48.747 t20389C38CF220247F9FF
 20:57:48.748 t20480000C00000000000
 20:57:48.748 t2058D188E2027FFF5000
 20:57:48.848 t20083C160F3E0048CA00
 20:57:48.848 t20184000120E49F18979
 20:57:48.848 t20287F2A0F4A49F100F9
 20:57:48.848 t20389C620F2202E7FDFF
 20:57:48.848 t20480000000000000000
 20:57:48.848 t2058D18822027FFF5000
 20:57:48.947 t20083C194F3E0048CA00
 20:57:48.948 t20185AA94F0EF1F1A97A
 20:57:48.948 t20287F2A4F1AA9F100FA
 20:57:48.948 t20389CA84F220127FDFF
 20:57:48.948 t20480000400000000000
 20:57:48.948 t2058D18862027FFF5000
 20:57:49.047 t20083C1C8F3E0048CA00
 20:57:49.048 t20185CE98F0EF1F1897A
 20:57:49.048 t20286A978A3E49F900F9
 20:57:49.048 t20389CE98F220567FDFF
 20:57:49.048 t20480000800000000000
 20:57:49.048 t2058D188A2027FFF5000
 20:57:49.147 t20083C1ECF3E0048CA00
 20:57:49.147 t20185F74CF1CF1F1897A
 20:57:49.148 t20287F2ACF4A49F100F9
 20:57:49.148 t20389D82CF2200D7FDFF
 20:57:49.148 t20480000C00000000000
 20:57:49.148 t2058D188E2027FFF5000
 20:57:49.247 t20083C210F3E0048CA00
 20:57:49.247 t20185AA90F0EF1F1A97A
 20:57:49.248 t20287F2A0F1AA9F100FA
 20:57:49.248 t20389DFC0F22013801FF
 20:57:49.248 t20480000000000000000
 20:57:49.248 t2058D18822027FFF5000
 20:57:49.347 t20083C244F3E0048CA00
 20:57:49.347 t20185CE94F0EF1F1897A
 20:57:49.348 t20286A974A3E49F900F9
 20:57:49.348 t20389E3F4F2200B7F9FE
 20:57:49.348 t20480000400000000000
 20:57:49.348 t2058D18862027FFF5000
 20:57:49.447 t20083C278F3E0048CA00
 20:57:49.447 t20185E3E8F0EF1F1897B
 20:57:49.447 t20287F2A8F4A49F100F9
 20:57:49.447 t20389E808F2207A7F9FE
 20:57:49.447 t20480000800000000000
 20:57:49.448 t2058D188A2027FFF5000
 20:57:49.547 t20083C29CF3E0048CA00
 20:57:49.547 t20185F2ACF0EA9F1897A
 20:57:49.547 t20287F2ACF1AA9F100FA
 20:57:49.547 t20389F2BCF223FF813FF
 20:57:49.547 t20480000C00000000000
 20:57:49.548 t2058D188E2027FFF5000
 20:57:49.647 t20083C2C0F3E0048CA00
 20:57:49.647 t20185F740F1EF1F1897A
 20:57:49.647 t20286A970A3E49F900F9
 20:57:49.647 t2038800012220097F5FE
 20:57:49.647 t20480000000000000000
 20:57:49.647 t2058D18822027FFF5000
 20:57:49.747 t20083C2F4F3E0048CA00
 20:57:49.747 t20184000520E49F18979
 20:57:49.747 t20287F2A4F4A49F100F9
 20:57:49.747 t2038802652223FF7FFFF
 20:57:49.747 t20480000400000000000
 20:57:49.748 t2058D18862027FFF5000
 20:57:49.847 t20083C328F3E0048CA00
 20:57:49.847 t20185AA98F0EF1F1A97A
 20:57:49.847 t20287F2A8F1AA9F100FA
 20:57:49.847 t20389B888F2207B7F9FF
 20:57:49.848 t20480000800000000000
 20:57:49.848 t2058D188A2027FFF5000
 20:57:49.947 t20083C35CF3E0048CA00
 20:57:49.947 t20185CE9CF0EF1F1897A
 20:57:49.947 t20286A97CA3E49F900F9
 20:57:49.948 t20389C38CF220247F9FF
 20:57:49.948 t20480000C00000000000
 20:57:49.948 t2058D188E2027FFF5000
 20:57:50.047 t20083C370F3E0048CA00
 20:57:50.047 t20185E3E0F0EF1F1897B
 20:57:50.047 t20287F2A0F4A49F100F9
 20:57:50.047 t20389C620F2202E7FDFF
 20:57:50.048 t20480000000000000000
 20:57:50.048 t2058D18822027FFF5000
 20:57:50.147 t20083C3A4F3E0048CA00
 20:57:50.147 t20185F2A4F0EA9F1897A
 20:57:50.147 t20287F2A4F1AA9F100FA
 20:57:50.147 t20389CA84F220127FDFF
 20:57:50.147 t20480000400000000000
 20:57:50.147 t2058D18862027FFF5000
 20:57:50.247 t20083C3D8F3E0048CA00
 20:57:50.247 t20185F748F1EF1F1897A
 20:57:50.247 t20286A978A3E49F900F9
 20:57:50.247 t20389CE98F220567FDFF
 20:57:50.247 t20480000800000000000
 20:57:50.247 t2058D188A2027FFF5000
 20:57:50.347 t20083C40CF3E0048CA00
 20:57:50.347 t20184000D20E49F18979
 20:57:50.347 t20287F2ACF4A49F100F9
 20:57:50.347 t20389D82CF2200D7FDFF
 20:57:50.347 t20480000C00000000000
 20:57:50.347 t2058D188E2027FFF5000
 20:57:50.447 t20083C420F3E0048CA00
 20:57:50.447 t20185AA90F0EF1F1A97A
 20:57:50.447 t20287F2A0F1AA9F100FA
 20:57:50.447 t20389DFC0F22013801FF
 20:57:50.447 t20480000000000000000
 20:57:50.447 t2058D18822027FFF5000
 20:57:50.548 t20083C454F3E0048CA00
 20:57:50.548 t20185CE94F0EF1F1897A
 20:57:50.548 t20286A974A3E49F900F9
 20:57:50.549 t20389E3F4F2200B7F9FE
 20:57:50.549 t20480000400000000000
 20:57:50.549 t2058D18862027FFF5000
 20:57:50.648 t20083C488F3E0048CA00
 20:57:50.648 t20185E3E8F0EF1F1897B
 20:57:50.648 t20287F2A8F4A49F100F9
 20:57:50.649 t20389E808F2207A7F9FE
 20:57:50.649 t20480000800000000000
 20:57:50.649 t2058D188A2027FFF5000
 20:57:50.748 t20083C4BCF3E0048CA00
 20:57:50.748 t20185F2ACF0EA9F1897A
 20:57:50.748 t20287F2ACF1AA9F100FA
 20:57:50.748 t20389F2BCF223FF813FF
 20:57:50.748 t20480000C00000000000
 20:57:50.748 t2058D188E2027FFF5000
 20:57:50.848 t20083C4E0F3E0048CA00
 20:57:50.848 t20185F740F1EF1F1897A
 20:57:50.848 t20286A970A3E49F900F9
 20:57:50.848 t2038800012220097F5FE
 20:57:50.848 t20480000000000000000
 20:57:50.848 t2058D18822027FFF5000
 20:57:50.948 t20083C504F3E0048CA00
 20:57:50.948 t20184000520E49F18979
 20:57:50.948 t20287F2A4F4A49F100F9
 20:57:50.948 t2038802652223FF7FFFF
 20:57:50.948 t20480000400000000000
 20:57:50.948 t2058D18862027FFF5000
 20:57:51.048 t20083C538F3E0048CA00
 20:57:51.048 t20185AA98F0EF1F1A97A
 20:57:51.048 t20287F2A8F1AA9F100FA
 20:57:51.048 t20389B888F2207B7F9FF
 20:57:51.048 t20480000800000000000
 20:57:51.048 t2058D188A2027FFF5000
 20:57:51.148 t20083C56CF3E0048CA00
 20:57:51.148 t20185CE9CF0EF1F1897A
 20:57:51.149 t20286A97CA3E49F900F9
 20:57:51.149 t20389C38CF220247F9FF
 20:57:51.149 t20480000C00000000000
 20:57:51.149 t2058D188E2027FFF5000
 20:57:51.248 t20083C590F3E0048CA00
 20:57:51.248 t20185E3E0F0EF1F1897B
 20:57:51.248 t20287F2A0F4A49F100F9
 20:57:51.248 t20389C620F2202E7FDFF
 20:57:51.248 t20480000000000000000
 20:57:51.249 t2058D18822027FFF5000
 20:57:51.348 t20083C5B4F3E0048CA00
 20:57:51.348 t20185F2A4F0EA9F1897A
 20:57:51.348 t20287F2A4F1AA9F100FA
 20:57:51.348 t20389CA84F220127FDFF
 20:57:51.349 t20480000400000000000
 20:57:51.349 t2058D18862027FFF5000
 20:57:51.448 t20083C5E8F3E0048CA00
 20:57:51.448 t20185F748F1EF1F1897A
 20:57:51.448 t20286A978A3E49F900F9
 20:57:51.448 t20389CE98F220567FDFF
 20:57:51.449 t20480000800000000000
 20:57:51.449 t2058D188A2027FFF5000
 20:57:51.547 t20083C61CF3E0048CA00
 20:57:51.548 t20184000D20E49F18979
 20:57:51.548 t20287F2ACF4A49F100F9
 20:57:51.548 t20389D82CF2200D7FDFF
 20:57:51.548 t20480000C00000000000
 20:57:51.548 t2058D188E2027FFF5000
 20:57:51.647 t20083C640F3E0048CA00
 20:57:51.647 t20185AA90F0EF1F1A97A
 20:57:51.648 t20287F2A0F1AA9F100FA
 20:57:51.648 t20389DFC0F22013801FF
 20:57:51.648 t20480000000000000000
 20:57:51.648 t2058D18822027FFF5000
 20:57:51.748 t20083C674F3E0048CA00
 20:57:51.748 t20185CE94F0EF1F1897A
 20:57:51.748 t20286A974A3E49F900F9
 20:57:51.748 t20389E3F4F2200B7F9FE
 20:57:51.749 t20480000400000000000
 20:57:51.749 t2058D18862027FFF5000
 20:57:51.848 t20083C698F3E0048CA00
 20:57:51.848 t20185E3E8F0EF1F1897B
 20:57:51.848 t20287F2A8F4A49F100F9
 20:57:51.848 t20389E808F2207A7F9FE
 20:57:51.848 t20480000800000000000
 20:57:51.849 t2058D188A2027FFF5000
 20:57:51.947 t20083C6CCF3E0048CA00
 20:57:51.948 t20185F2ACF0EA9F1897A
 20:57:51.948 t20287F2ACF1AA9F100FA
 20:57:51.948 t20389F2BCF223FF813FF
 20:57:51.948 t20480000C00000000000
 20:57:51.949 t2058D188E2027FFF5000
 20:57:52.047 t20083C6F0F3E0048CA00
 20:57:52.048 t20185F740F1EF1F1897A
 20:57:52.048 t20286A970A3E49F900F9
 20:57:52.048 t2038800012220097F5FE
 20:57:52.048 t20480000000000000000
 20:57:52.048 t2058D18822027FFF5000
 20:57:52.147 t20083C724F3E0048CA00
 20:57:52.148 t20184000520E49F18979
 20:57:52.148 t20287F2A4F4A49F100F9
 20:57:52.148 t2038802652223FF7FFFF
 20:57:52.148 t20480000400000000000
 20:57:52.149 t2058D18862027FFF5000
 20:57:52.247 t20083C748F3E0048CA00
 20:57:52.248 t20185AA98F0EF1F1A97A
 20:57:52.248 t20287F2A8F1AA9F100FA
 20:57:52.248 t20389B888F2207B7F9FF
 20:57:52.248 t20480000800000000000
 20:57:52.248 t2058D188A2027FFF5000
 20:57:52.347 t20083C77CF3E0048CA00
 20:57:52.347 t20185CE9CF0EF1F1897A
 20:57:52.347 t20286A97CA3E49F900F9
 20:57:52.347 t20389C38CF220247F9FF
 20:57:52.348 t20480000C00000000000
 20:57:52.348 t2058D188E2027FFF5000
 20:57:52.447 t20083C7A0F3E0048CA00
 20:57:52.448 t20185E3E0F0EF1F1897B
 20:57:52.448 t20287F2A0F4A49F100F9
 20:57:52.448 t20389C620F2202E7FDFF
 20:57:52.448 t20480000000000000000
 20:57:52.448 t2058D18822027FFF5000
 20:57:52.547 t20083C7D4F3E0048CA00
 20:57:52.548 t20185F2A4F0EA9F1897A
 20:57:52.548 t20287F2A4F1AA9F100FA
 20:57:52.548 t20389CA84F220127FDFF
 20:57:52.548 t20480000400000000000
 20:57:52.548 t2058D18862027FFF5000
 20:57:52.647 t20083C808F3E0048CA00
 20:57:52.648 t20185F748F1EF1F1897A
 20:57:52.648 t20286A978A3E49F900F9
 20:57:52.648 t20389CE98F220567FDFF
 20:57:52.648 t20480000800000000000
 20:57:52.648 t2058D188A2027FFF5000
 20:57:52.747 t20083C82CF3E0048CA00
 20:57:52.748 t20184000D20E49F18979
 20:57:52.748 t20287F2ACF4A49F100F9
 20:57:52.748 t20389D82CF2200D7FDFF
 20:57:52.748 t20480000C00000000000
 20:57:52.748 t2058D188E2027FFF5000
 20:57:52.847 t20083C850F3E0048CA00
 20:57:52.847 t20185AA90F0EF1F1A97A
 20:57:52.848 t20287F2A0F1AA9F100FA
 20:57:52.848 t20389DFC0F22013801FF
 20:57:52.848 t20480000000000000000
 20:57:52.848 t2058D18822027FFF5000
 20:57:52.947 t20083C884F3E0048CA00
 20:57:52.947 t20185CE94F0EF1F1897A
 20:57:52.947 t20286A974A3E49F900F9
 20:57:52.947 t20389F2B4F2004A811F3
 20:57:52.947 t20480000400000000000
 20:57:52.948 t2058D18862027FFF5000
 20:57:53.047 t20083C8B8F3E0048CA00
 20:57:53.047 t20185E3E8F0EF1F1897B
 20:57:53.048 t20287F2A8F4A49F100F9
 20:57:53.048 t2038800B8F203FF7CFFF
 20:57:53.048 t20480000800000000000
 20:57:53.048 t2058D188A2027FFF5000
 20:57:53.147 t20083C8DCF3E0048CA00
 20:57:53.147 t20185F2ACF0EA9F1897A
 20:57:53.148 t20287F2ACF1AA9F100FA
 20:57:53.148 t20389C38CF220247F9FF
 20:57:53.148 t20480000C00000000000
 20:57:53.148 t2058D188E2027FFF5000
 20:57:53.247 t20083C900F3E0048CA00
 20:57:53.247 t20185F740F1EF1F1897A
 20:57:53.248 t20286A970A3E49F900F9
 20:57:53.248 t20389C620F2202E7FDFF
 20:57:53.248 t20480000000000000000
 20:57:53.248 t2058D18822027FFF5000
 20:57:53.347 t20083C934F3E0048CA00
 20:57:53.347 t20184000520E49F18979
 20:57:53.347 t20287F2A4F4A49F100F9
 20:57:53.348 t20389CA84F220127FDFF
 20:57:53.348 t20480000400000000000
 20:57:53.348 t2058D18862027FFF5000
 20:57:53.447 t20083C968F3E0048CA00
 20:57:53.447 t20185AA98F0EF1F1A97A
 20:57:53.448 t20287F2A8F1AA9F100FA
 20:57:53.448 t20389CE98F220567FDFF
 20:57:53.448 t20480000800000000000
 20:57:53.448 t2058D188A2027FFF5000
 20:57:53.547 t20083C99CF3E0048CA00
 20:57:53.547 t20185CE9CF0EF1F1897A
 20:57:53.547 t20286A97CA3E49F900F9
 20:57:53.547 t20389D82CF2200D7FDFF
 20:57:53.547 t20480000C00000000000
 20:57:53.547 t2058D188E2027FFF5000
 20:57:53.647 t20083C9B0F3E0048CA00
 20:57:53.647 t20185E3E0F0EF1F1897B
 20:57:53.647 t20287F2A0F4A49F100F9
 20:57:53.647 t20389DFC0F22013801FF
 20:57:53.647 t20480000000000000000
 20:57:53.647 t2058D18822027FFF5000
 20:57:53.747 t20083C9E4F3E0048CA00
 20:57:53.747 t20185F2A4F0EA9F1897A
 20:57:53.747 t20287F2A4F1AA9F100FA
 20:57:53.748 t20389E3F4F2200B7F9FE
 20:57:53.748 t20480000400000000000
 20:57:53.748 t2058D18862027FFF5000
 20:57:53.847 t20083CA18F3E0048CA00
 20:57:53.847 t20185F748F1EF1F1897A
 20:57:53.847 t20286A978A3E49F900F9
 20:57:53.848 t20389E808F2207A7F9FE
 20:57:53.848 t20480000800000000000
 20:57:53.848 t2058D188A2027FFF5000
 20:57:53.947 t20083CA4CF3E0048CA00
 20:57:53.947 t20184000D20E49F18979
 20:57:53.947 t20287F2ACF4A49F100F9
 20:57:53.948 t20389F2BCF2204A811F3
 20:57:53.948 t20480000C00000000000
 20:57:53.948 t2058D188E2027FFF5000
 20:57:54.047 t20083CA60F3E0048CA00
 20:57:54.047 t20185AA90F0EF1F1A97A
 20:57:54.047 t20287F2A0F1AA9F100FA
 20:57:54.048 t2038800B0F223FF7CFFF
 20:57:54.048 t20480000000000000000
 20:57:54.048 t2058D18822027FFF5000
 20:57:54.147 t20083CA94F3E0048CA00
 20:57:54.147 t20185CE94F0EF1F1897A
 20:57:54.147 t20286A974A3E49F900F9
 20:57:54.148 t2038800052220097F5FE
 20:57:54.148 t20480000400000000000
 20:57:54.148 t2058D18862027FFF5000
 20:57:54.248 t20083CAC8F3E0048CA00
 20:57:54.248 t20185E3E8F0EF1F1897B
 20:57:54.248 t20287F2A8F4A49F100F9
 20:57:54.248 t2038802692223FF7FFFF
 20:57:54.248 t20480000800000000000
 20:57:54.248 t2058D188A2027FFF5000
 20:57:54.348 t20083CAFCF3E0048CA00
 20:57:54.348 t20185F2ACF0EA9F1897A
 20:57:54.348 t20287F2ACF1AA9F100FA
 20:57:54.348 t20389C38CF220247F9FF
 20:57:54.348 t20480000C00000000000
 20:57:54.348 t2058D188E2027FFF5000
 20:57:54.448 t20083CB20F3E0048CA00
 20:57:54.448 t20185F740F1EF1F1897A
 20:57:54.448 t20286A970A3E49F900F9
 20:57:54.449 t20389C620F2202E7FDFF
 20:57:54.449 t20480000000000000000
 20:57:54.449 t2058D18822027FFF5000
 20:57:54.548 t20083CB44F3E0048CA00
 20:57:54.548 t20184000520E49F18979
 20:57:54.548 t20287F2A4F4A49F100F9
 20:57:54.549 t20389CA84F220127FDFF
 20:57:54.549 t20480000400000000000
 20:57:54.549 t2058D18862027FFF5000
 20:57:54.648 t20083CB78F3E0048CA00
 20:57:54.648 t20185AA98F0EF1F1A97A
 20:57:54.648 t20287F2A8F1AA9F100FA
 20:57:54.648 t20389CE98F220567FDFF
 20:57:54.649 t20480000800000000000
 20:57:54.649 t2058D188A2027FFF5000
 20:57:54.748 t20083CBACF3E0048CA00
 20:57:54.748 t20185CE9CF0EF1F1897A
 20:57:54.748 t20286A97CA3E49F900F9
 20:57:54.748 t20389D82CF2200D7FDFF
 20:57:54.748 t20480000C00000000000
 20:57:54.748 t2058D188E2027FFF5000
 20:57:54.847 t20083CBD0F3E0048CA00
 20:57:54.848 t20185E3E0F0EF1F1897B
 20:57:54.848 t20287F2A0F4A49F100F9
 20:57:54.848 t20389DFC0F22013801FF
 20:57:54.848 t20480000000000000000
 20:57:54.848 t2058D18822027FFF5000
 20:57:54.947 t20083CBF4F3E0048CA00
 20:57:54.948 t20185F2A4F0EA9F1897A
 20:57:54.948 t20287F2A4F1AA9F100FA
 20:57:54.948 t20389E3F4F2200B7F9FE
 20:57:54.948 t20480000400000000000
 20:57:54.948 t2058D18862027FFF5000
 20:57:55.048 t20083CC28F3E0048CA00
 20:57:55.048 t20185F748F1EF1F1897A
 20:57:55.048 t20286A978A3E49F900F9
 20:57:55.048 t20389E808F2207A7F9FE
 20:57:55.048 t20480000800000000000
 20:57:55.049 t2058D188A2027FFF5000
 20:57:55.148 t20083CC5CF3E0048CA00
 20:57:55.148 t20184000D20E49F18979
 20:57:55.148 t20287F2ACF4A49F100F9
 20:57:55.148 t20389F2BCF2204A811F3
 20:57:55.149 t20480000C00000000000
 20:57:55.149 t2058D188E2027FFF5000
 20:57:55.248 t20083CC80F3E0048CA00
 20:57:55.248 t20185AA90F0EF1F1A97A
 20:57:55.248 t20287F2A0F1AA9F100FA
 20:57:55.248 t2038800B0F223FF7CFFF
 20:57:55.248 t20480000000000000000
 20:57:55.249 t2058D18822027FFF5000
 20:57:55.348 t20083CCB4F3E0048CA00
 20:57:55.348 t20185CE94F0EF1F1897A
 20:57:55.348 t20286A974A3E49F900F9
 20:57:55.348 t2038800052220097F5FE
 20:57:55.348 t20480000400000000000
 20:57:55.349 t2058D18862027FFF5000
 20:57:55.448 t20083CCD8F3E0048CA00
 20:57:55.448 t20185E3E8F0EF1F1897B
 20:57:55.448 t20287F2A8F4A49F100F9
 20:57:55.448 t2038802692223FF7FFFF
 20:57:55.448 t20480000800000000000
 20:57:55.449 t2058D188A2027FFF5000
 20:57:55.547 t20083CD0CF3E0048CA00
 20:57:55.547 t20185F2ACF0EA9F1897A
 20:57:55.548 t20287F2ACF1AA9F100FA
 20:57:55.548 t20389C38CF220247F9FF
 20:57:55.548 t20480000C00000000000
 20:57:55.548 t2058D188E2027FFF5000
 20:57:55.647 t20083CD30F3E0048CA00
 20:57:55.647 t20185F740F1EF1F1897A
 20:57:55.648 t20286A970A3E49F900F9
 20:57:55.648 t20389C620F2202E7FDFF
 20:57:55.648 t20480000000000000000
 20:57:55.648 t2058D18822027FFF5000
 20:57:55.747 t20083CD64F3E0048CA00
 20:57:55.747 t20184000520E49F18979
 20:57:55.747 t20287F2A4F4A49F100F9
 20:57:55.748 t20389CA84F220127FDFF
 20:57:55.748 t20480000400000000000
 20:57:55.748 t2058D18862027FFF5000
 20:57:55.847 t20083CD88F3E0048CA00
 20:57:55.847 t20185AA98F0EF1F1A97A
 20:57:55.847 t20287F2A8F1AA9F100FA
 20:57:55.848 t20389CE98F220567FDFF
 20:57:55.848 t20480000800000000000
 20:57:55.848 t2058D188A2027FFF5000
 20:57:55.947 t20083CDBCF3E0048CA00
 20:57:55.948 t20185CE9CF0EF1F1897A
 20:57:55.948 t20286A97CA3E49F900F9
 20:57:55.948 t20389D82CF2200D7FDFF
 20:57:55.948 t20480000C00000000000
 20:57:55.949 t2058D188E2027FFF5000
 20:57:56.047 t20083CDE0F3E0048CA00
 20:57:56.048 t20185E3E0F0EF1F1897B
 20:57:56.048 t20287F2A0F4A49F100F9
 20:57:56.048 t20389DFC0F22013801FF
 20:57:56.048 t20480000000000000000
 20:57:56.048 t2058D18822027FFF5000
 20:57:56.147 t20083CE14F3E0048CA00
 20:57:56.148 t20185F2A4F0EA9F1897A
 20:57:56.148 t20287F2A4F1AA9F100FA
 20:57:56.148 t20389E3F4F2200B7F9FE
 20:57:56.148 t20480000400000000000
 20:57:56.148 t2058D18862027FFF5000
 20:57:56.247 t20083CE48F3E0048CA00
 20:57:56.247 t20185F748F1EF1F1897A
 20:57:56.247 t20286A978A3E49F900F9
 20:57:56.247 t20389E808F2207A7F9FE
 20:57:56.248 t20480000800000000000
 20:57:56.248 t2058D188A2027FFF5000
 20:57:56.347 t20083CE6CF3E0048CA00
 20:57:56.347 t20184000D20E49F18979
 20:57:56.347 t20287F2ACF4A49F100F9
 20:57:56.347 t20389F2BCF2204A811F3
 20:57:56.348 t20480000C00000000000
 20:57:56.348 t2058D188E2027FFF5000
 20:57:56.447 t20083CEA0F3E0048CA00
 20:57:56.448 t20185AA90F0EF1F1A97A
 20:57:56.448 t20287F2A0F1AA9F100FA
 20:57:56.448 t2038800B0F223FF7CFFF
 20:57:56.448 t20480000000000000000
 20:57:56.448 t2058D18822027FFF5000
 20:57:56.547 t20083CEC4F3E0048CA00
 20:57:56.548 t20185CE94F0EF1F1897A
 20:57:56.548 t20286A974A3E49F900F9
 20:57:56.548 t2038800052220097F5FE
 20:57:56.548 t20480000400000000000
 20:57:56.548 t2058D18862027FFF5000
 20:57:56.647 t20083CEF8F3E0048CA00
 20:57:56.648 t20185E3E8F0EF1F1897B
 20:57:56.648 t20287F2A8F4A49F100F9
 20:57:56.648 t2038802692223FF7FFFF
 20:57:56.648 t20480000800000000000
 20:57:56.648 t2058D188A2027FFF5000
 20:57:56.747 t20083CF2CF3E0048CA00
 20:57:56.747 t20185F2ACF0EA9F1897A
 20:57:56.748 t20287F2ACF1AA9F100FA
 20:57:56.748 t20389C62CF2202E7FDFF
 20:57:56.748 t20480000C00000000000
 20:57:56.748 t2058D188E2027FFF5000
 20:57:56.847 t20083CF50F3E0048CA00
 20:57:56.847 t20185F740F1EF1F1897A
 20:57:56.847 t20286A970A3E49F900F9
 20:57:56.847 t20389CA80F220127FDFF
 20:57:56.848 t20480000000000000000
 20:57:56.848 t2058D18822027FFF5000
 20:57:56.948 t20083CF84F3E0048CA00
 20:57:56.949 t20184000520E49F18979
 20:57:56.949 t20287F2A4F4A49F100F9
 20:57:56.949 t20389CE94F220567FDFF
 20:57:56.949 t20480000400000000000
 20:57:56.949 t2058D18862027FFF5000
 20:57:57.047 t20083CFA8F3E0048CA00
 20:57:57.047 t20185AA98F0EF1F1A97A
 20:57:57.047 t20287F2A8F1AA9F100FA
 20:57:57.047 t20389D828F2200D7FDFF
 20:57:57.047 t20480000800000000000
 20:57:57.048 t2058D188A2027FFF5000
 20:57:57.147 t20083CFDCF3E0048CA00
 20:57:57.147 t20185CE9CF0EF1F1897A
 20:57:57.147 t20286A97CA3E49F900F9
 20:57:57.147 t20389DFCCF22013801FF
 20:57:57.147 t20480000C00000000000
 20:57:57.148 t2058D188E2027FFF5000
 20:57:57.247 t20083D000F3E0048CA00
 20:57:57.247 t20185E3E0F0EF1F1897B
 20:57:57.248 t20287F2A0F4A49F100F9
 20:57:57.248 t20389E3F0F2200B7F9FE
 20:57:57.248 t20480000000000000000
 20:57:57.248 t2058D18822027FFF5000
 20:57:57.347 t20083D034F3E0048CA00
 20:57:57.347 t20185F2A4F0EA9F1897A
 20:57:57.348 t20287F2A4F1AA9F100FA
 20:57:57.348 t20389E804F2207A7F9FE
 20:57:57.348 t20480000400000000000
 20:57:57.348 t2058D18862027FFF5000
 20:57:57.447 t20083D058F3E0048CA00
 20:57:57.447 t20185F748F1EF1F1897A
 20:57:57.447 t20286A978A3E49F900F9
 20:57:57.447 t20389F2B8F2204A811F3
 20:57:57.447 t20480000800000000000
 20:57:57.447 t2058D188A2027FFF5000
 20:57:57.547 t20083D08CF3E0048CA00
 20:57:57.547 t20184000D20E49F18979
 20:57:57.548 t20287F2ACF4A49F100F9
 20:57:57.548 t2038800BCF223FF7CFFF
 20:57:57.548 t20480000C00000000000
 20:57:57.548 t2058D188E2027FFF5000
 20:57:57.647 t20083D0B0F3E0048CA00
 20:57:57.647 t20185AA90F0EF1F1A97A
 20:57:57.647 t20287F2A0F1AA9F100FA
 20:57:57.647 t2038800012220097F5FE
 20:57:57.647 t20480000000000000000
 20:57:57.647 t2058D18822027FFF5000
 20:57:57.747 t20083D0E4F3E0048CA00
 20:57:57.747 t20185CE94F0EF1F1897A
 20:57:57.747 t20286A974A3E49F900F9
 20:57:57.747 t2038802652223FF7FFFF
 20:57:57.747 t20480000400000000000
 20:57:57.747 t2058D18862027FFF5000
 20:57:57.847 t20083D118F3E0048CA00
 20:57:57.847 t20185E3E8F0EF1F1897B
 20:57:57.847 t20287F2A8F4A49F100F9
 20:57:57.848 t20389C628F2202E7FDFF
 20:57:57.848 t20480000800000000000
 20:57:57.848 t2058D188A2027FFF5000
 20:57:57.947 t20083D13CF3E0048CA00
 20:57:57.947 t20185F2ACF0EA9F1897A
 20:57:57.947 t20287F2ACF1AA9F100FA
 20:57:57.948 t20389CA8CF220127FDFF
 20:57:57.948 t20480000C00000000000
 20:57:57.948 t2058D188E2027FFF5000
 20:57:58.047 t20083D160F3E0048CA00
 20:57:58.047 t20185F740F1EF1F1897A
 20:57:58.047 t20286A970A3E49F900F9
 20:57:58.048 t20389CE90F220567FDFF
 20:57:58.048 t20480000000000000000
 20:57:58.048 t2058D18822027FFF5000
 20:57:58.148 t20083D194F3E0048CA00
 20:57:58.148 t20184000520E49F18979
 20:57:58.148 t20287F2A4F4A49F100F9
 20:57:58.149 t2038800B4F200707CDF6
 20:57:58.149 t20480000400000000000
 20:57:58.149 t2058D18862027FFF5000
 20:57:58.248 t20083D1C8F3E0048CA00
 20:57:58.248 t20185AA98F0EF1F1A97A
 20:57:58.248 t20287F2A8F1AA9F100FA
 20:57:58.248 t20389CA88F220127FDFF
 20:57:58.249 t20480000800000000000
 20:57:58.249 t2058D188A2027FFF5000
 20:57:58.348 t20083D1ECF3E0048CA00
 20:57:58.348 t20185CE9CF0EF1F1897A
 20:57:58.348 t20286A97CA3E49F900F9
 20:57:58.348 t20389CE9CF220567FDFF
 20:57:58.348 t20480000C00000000000
 20:57:58.348 t2058D188E2027FFF5000
 20:57:58.448 t20083D210F3E0048CA00
 20:57:58.448 t20185E3E0F0EF1F1897B
 20:57:58.448 t20287F2A0F4A49F100F9
 20:57:58.448 t20389D820F2200D7FDFF
 20:57:58.448 t20480000000000000000
 20:57:58.449 t2058D18822027FFF5000
 20:57:58.548 t20083D244F3E0048CA00
 20:57:58.548 t20185F2A4F0EA9F1897A
 20:57:58.548 t20287F2A4F1AA9F100FA
 20:57:58.548 t20389DFC4F22013801FF
 20:57:58.548 t20480000400000000000
 20:57:58.548 t2058D18862027FFF5000
 20:57:58.648 t20083D278F3E0048CA00
 20:57:58.648 t20185F748F1EF1F1897A
 20:57:58.648 t20286A978A3E49F900F9
 20:57:58.648 t20389E3F8F2200B7F9FE
 20:57:58.649 t20480000800000000000
 20:57:58.649 t2058D188A2027FFF5000
 20:57:58.748 t20083D2ACF3E0048CA00
 20:57:58.748 t20184000D20E49F18979
 20:57:58.748 t20287F2ACF4A49F100F9
 20:57:58.748 t20389E80CF2207A7F9FE
 20:57:58.749 t20480000C00000000000
 20:57:58.749 t2058D188E2027FFF5000
 20:57:58.848 t20083D2C0F3E0048CA00
 20:57:58.848 t20185AA90F0EF1F1A97A
 20:57:58.848 t20287F2A0F1AA9F100FA
 20:57:58.848 t20389F2B0F2204A811F3
 20:57:58.848 t20480000000000000000
 20:57:58.849 t2058D18822027FFF5000
 20:57:58.947 t20083D2F4F3E0048CA00
 20:57:58.948 t20185CE94F0EF1F1897A
 20:57:58.948 t20286A974A3E49F900F9
 20:57:58.948 t2038800B4F220707CDF6
 20:57:58.948 t20480000400000000000
 20:57:58.948 t2058D18862027FFF5000
 20:57:59.047 t20083D328F3E0048CA00
 20:57:59.048 t20185E3E8F0EF1F1897B
 20:57:59.048 t20287F2A8F4A49F100F9
 20:57:59.048 t2038800092220097F5FE
 20:57:59.048 t20480000800000000000
 20:57:59.048 t2058D188A2027FFF5000
 20:57:59.148 t20083D35CF3E0048CA00
 20:57:59.148 t20185F2ACF0EA9F1897A
 20:57:59.148 t20287F2ACF1AA9F100FA
 20:57:59.148 t20388026D2223FF7FFFF
 20:57:59.148 t20480000C00000000000
 20:57:59.149 t2058D188E2027FFF5000
 20:57:59.248 t20083D370F3E0048CA00
 20:57:59.248 t20185F740F1EF1F1897A
 20:57:59.248 t20286A970A3E49F900F9
 20:57:59.248 t20389CA80F220127FDFF
 20:57:59.248 t20480000000000000000
 20:57:59.249 t2058D18822027FFF5000
 20:57:59.348 t20083D3A4F3E0048CA00
 20:57:59.348 t20184000520E49F18979
 20:57:59.348 t20287F2A4F4A49F100F9
 20:57:59.348 t20389CE94F220567FDFF
 20:57:59.348 t20480000400000000000
 20:57:59.349 t2058D18862027FFF5000
 20:57:59.448 t20083D3D8F3E0048CA00
 20:57:59.448 t20185AA98F0EF1F1A97A
 20:57:59.448 t20287F2A8F1AA9F100FA
 20:57:59.448 t20389D828F2200D7FDFF
 20:57:59.448 t20480000800000000000
 20:57:59.449 t2058D188A2027FFF5000
 20:57:59.547 t20083D40CF3E0048CA00
 20:57:59.547 t20185CE9CF0EF1F1897A
 20:57:59.547 t20286A97CA3E49F900F9
 20:57:59.548 t20389DFCCF22013801FF
 20:57:59.548 t20480000C00000000000
 20:57:59.548 t2058D188E2027FFF5000
 20:57:59.648 t20083D430F3E0048CA00
 20:57:59.648 t20185E3E0F0EF1F1897B
 20:57:59.648 t20287F2A0F4A49F100F9
 20:57:59.648 t20389E3F0F2200B7F9FE
 20:57:59.648 t20480000000000000000
 20:57:59.648 t2058D18822027FFF5000
 20:57:59.747 t20083D454F3E0048CA00
 20:57:59.748 t20185F2A4F0EA9F1897A
 20:57:59.748 t20287F2A4F1AA9F100FA
 20:57:59.748 t20389E804F2207A7F9FE
 20:57:59.748 t20480000400000000000
 20:57:59.748 t2058D18862027FFF5000
 20:57:59.847 t20083D488F3E0048CA00
 20:57:59.847 t20185F748F1EF1F1897A
 20:57:59.847 t20286A978A3E49F900F9
 20:57:59.848 t20389F2B8F2204A811F3
 20:57:59.848 t20480000800000000000
 20:57:59.848 t2058D188A2027FFF5000
 20:57:59.947 t20083D4BCF3E0048CA00
 20:57:59.947 t20184000D20E49F18979
 20:57:59.948 t20287F2ACF4A49F100F9
 20:57:59.948 t2038800BCF220707CDF6
 20:57:59.948 t20480000C00000000000
 20:57:59.948 t2058D188E2027FFF5000
 20:58:00.047 t20083D4E0F3E0048CA00
 20:58:00.047 t20185AA90F0EF1F1A97A
 20:58:00.047 t20287F2A0F1AA9F100FA
 20:58:00.048 t2038800012220097F5FE
 20:58:00.048 t20480000000000000000
 20:58:00.048 t2058D18822027FFF5000
 20:58:00.147 t20083D504F3E0048CA00
 20:58:00.147 t20185CE94F0EF1F1897A
 20:58:00.148 t20286A974A3E49F900F9
 20:58:00.148 t2038802652223FF7FFFF
 20:58:00.148 t20480000400000000000
 20:58:00.148 t2058D18862027FFF5000
 20:58:00.247 t20083D538F3E0048CA00
 20:58:00.247 t20185E3E8F0EF1F1897B
 20:58:00.248 t20287F2A8F4A49F100F9
 20:58:00.248 t20389CE98F220567FDFF
 20:58:00.248 t20480000800000000000
 20:58:00.248 t2058D188A2027FFF5000
 20:58:00.347 t20083D56CF3E0048CA00
 20:58:00.347 t20185F2ACF0EA9F1897A
 20:58:00.348 t20287F2ACF1AA9F100FA
 20:58:00.348 t20389D82CF2200D7FDFF
 20:58:00.348 t20480000C00000000000
 20:58:00.348 t2058D188E2027FFF5000
 20:58:00.447 t20083D590F3E0048CA00
 20:58:00.447 t20185F740F1EF1F1897A
 20:58:00.447 t20286A970A3E49F900F9
 20:58:00.448 t20389DFC0F22013801FF
 20:58:00.448 t20480000000000000000
 20:58:00.448 t2058D18822027FFF5000
 20:58:00.547 t20083D5C4F3E0048CA00
 20:58:00.547 t20184000520E49F18979
 20:58:00.547 t20287F2A4F4A49F100F9
 20:58:00.547 t20389E3F4F2200B7F9FE
 20:58:00.547 t20480000400000000000
 20:58:00.548 t2058D18862027FFF5000
 20:58:00.647 t20083D5E8F3E0048CA00
 20:58:00.647 t20185CE98F0EF1F1897A
 20:58:00.648 t20287F2A8F1AA9F100FA
 20:58:00.648 t20389E808F2207A7F9FE
 20:58:00.648 t20480000800000000000
 20:58:00.648 t2058D188A2027FFF5000
 20:58:00.747 t20083D61CF3E0048CA00
 20:58:00.747 t20185E3ECF0EF1F1897B
 20:58:00.748 t20286A97CA3E49F900F9
 20:58:00.748 t20389F2BCF2204A811F3
 20:58:00.748 t20480000C00000000000
 20:58:00.748 t2058D188E2027FFF5000
 20:58:00.847 t20083D640F3E0048CA00
 20:58:00.847 t20185F2A0F0EA9F1897A
 20:58:00.848 t20287F2A0F4A49F100F9
 20:58:00.848 t2038800B0F220707CDF6
 20:58:00.848 t20480000000000000000
 20:58:00.848 t2058D18822027FFF5000
 20:58:00.947 t20083D674F3E0048CA00
 20:58:00.947 t20185F744F1EF1F1897A
 20:58:00.948 t20287F2A4F1AA9F100FA
 20:58:00.948 t2038800052220097F5FE
 20:58:00.948 t20480000400000000000
 20:58:00.948 t2058D18862027FFF5000
 20:58:01.047 t20083D698F3E0048CA00
 20:58:01.047 t20184000920E49F18979
 20:58:01.047 t20286A978A3E49F900F9
 20:58:01.047 t2038802692223FF7FFFF
 20:58:01.047 t20480000800000000000
 20:58:01.047 t2058D188A2027FFF5000
 20:58:01.147 t20083D6CCF3E0048CA00
 20:58:01.147 t20185CE9CF0EF1F1897A
 20:58:01.147 t20287F2ACF4A49F100F9
 20:58:01.147 t20389CE9CF220567FDFF
 20:58:01.147 t20480000C00000000000
 20:58:01.148 t2058D188E2027FFF5000
 20:58:01.247 t20083D6F0F3E0048CA00
 20:58:01.247 t20185E3E0F0EF1F1897B
 20:58:01.247 t20287F2A0F1AA9F100FA
 20:58:01.247 t20389D820F2200D7FDFF
 20:58:01.247 t20480000000000000000
 20:58:01.247 t2058D18822027FFF5000
 20:58:01.347 t20083D724F3E0048CA00
 20:58:01.347 t20185F2A4F0EA9F1897A
 20:58:01.348 t20286A974A3E49F900F9
 20:58:01.348 t20389DFC4F22013801FF
 20:58:01.348 t20480000400000000000
 20:58:01.348 t2058D18862027FFF5000
 20:58:01.447 t20083D758F3E0048CA00
 20:58:01.447 t20185F748F1EF1F1897A
 20:58:01.447 t20287F2A8F4A49F100F9
 20:58:01.448 t20389E3F8F2200B7F9FE
 20:58:01.448 t20480000800000000000
 20:58:01.448 t2058D188A2027FFF5000
 20:58:01.547 t20083D77CF3E0048CA00
 20:58:01.547 t20184000D20E49F18979
 20:58:01.547 t20287F2ACF1AA9F100FA
 20:58:01.548 t20389E80CF2207A7F9FE
 20:58:01.548 t20480000C00000000000
 20:58:01.548 t2058D188E2027FFF5000
 20:58:01.647 t20083D7A0F3E0048CA00
 20:58:01.647 t20185CE90F0EF1F1897A
 20:58:01.647 t20286A970A3E49F900F9
 20:58:01.648 t20389F2B0F2204A811F3
 20:58:01.648 t20480000000000000000
 20:58:01.648 t2058D18822027FFF5000
 20:58:01.747 t20083D7D4F3E0048CA00
 20:58:01.747 t20185E3E4F0EF1F1897B
 20:58:01.747 t20287F2A4F4A49F100F9
 20:58:01.747 t2038800B4F220707CDF6
 20:58:01.747 t20480000400000000000
 20:58:01.747 t2058D18862027FFF5000
 20:58:01.847 t20083D808F3E0048CA00
 20:58:01.847 t20185F2A8F0EA9F1897A
 20:58:01.847 t20287F2A8F1AA9F100FA
 20:58:01.847 t2038800092220097F5FE
 20:58:01.847 t20480000800000000000
 20:58:01.847 t2058D188A2027FFF5000
 20:58:01.948 t20083D82CF3E0048CA00
 20:58:01.948 t20185F74CF1EF1F1897A
 20:58:01.948 t20286A97CA3E49F900F9
 20:58:01.948 t20388026D2223FF7FFFF
 20:58:01.949 t20480000C00000000000
 20:58:01.949 t2058D188E2027FFF5000
 20:58:02.048 t20083D850F3E0048CA00
 20:58:02.048 t20184000120E49F18979
 20:58:02.048 t20287F2A0F4A49F100F9
 20:58:02.049 t20389CE90F220567FDFF
 20:58:02.049 t20480000000000000000
 20:58:02.049 t2058D18822027FFF5000
 20:58:02.148 t20083D884F3E0048CA00
 20:58:02.148 t20185CE94F0EF1F1897A
 20:58:02.148 t20287F2A4F1AA9F100FA
 20:58:02.149 t20389D824F2200D7FDFF
 20:58:02.149 t20480000400000000000
 20:58:02.149 t2058D18862027FFF5000
 20:58:02.248 t20083D8B8F3E0048CA00
 20:58:02.248 t20185E3E8F0EF1F1897B
 20:58:02.248 t20286A978A3E49F900F9
 20:58:02.248 t20389DFC8F22013801FF
 20:58:02.249 t20480000800000000000
 20:58:02.249 t2058D188A2027FFF5000
 20:58:02.348 t20083D8ECF3E0048CA00
 20:58:02.348 t20185F2ACF0EA9F1897A
 20:58:02.348 t20287F2ACF4A49F100F9
 20:58:02.348 t20389E3FCF2200B7F9FE
 20:58:02.348 t20480000C00000000000
 20:58:02.348 t2058D188E2027FFF5000
 20:58:02.447 t20083D900F3E0048CA00
 20:58:02.448 t20185F740F1EF1F1897A
 20:58:02.448 t20287F2A0F1AA9F100FA
 20:58:02.448 t20389E800F2207A7F9FE
 20:58:02.448 t20480000000000000000
 20:58:02.448 t2058D18822027FFF5000
 20:58:02.548 t20083D934F3E0048CA00
 20:58:02.548 t20184000520E49F18979
 20:58:02.548 t20286A974A3E49F900F9
 20:58:02.548 t20389F2B4F2204A811F3
 20:58:02.548 t20480000400000000000
 20:58:02.549 t2058D18862027FFF5000
 20:58:02.647 t20083D968F3E0048CA00
 20:58:02.648 t20185CE98F0EF1F1897A
 20:58:02.648 t20287F2A8F4A49F100F9
 20:58:02.648 t2038800B8F220707CDF6
 20:58:02.648 t20480000800000000000
 20:58:02.648 t2058D188A2027FFF5000
 20:58:02.748 t20083D99CF3E0048CA00
 20:58:02.748 t20185E3ECF0EF1F1897B
 20:58:02.748 t20287F2ACF1AA9F100FA
 20:58:02.748 t20388000D2220097F5FE
 20:58:02.748 t20480000C00000000000
 20:58:02.749 t2058D188E2027FFF5000
 20:58:02.847 t20083D9B0F3E0048CA00
 20:58:02.847 t20185F2A0F0EA9F1897A
 20:58:02.848 t20286A970A3E49F900F9
 20:58:02.848 t2038802612223FF7FFFF
 20:58:02.848 t20480000000000000000
 20:58:02.848 t2058D18822027FFF5000
 20:58:02.948 t20083D9E4F3E0048CA00
 20:58:02.948 t20185F744F1EF1F1897A
 20:58:02.948 t20287F2A4F4A49F100F9
 20:58:02.948 t20389CE94F220567FDFF
 20:58:02.948 t20480000400000000000
 20:58:02.949 t2058D18862027FFF5000
 20:58:03.047 t20083DA18F3E0048CA00
 20:58:03.047 t20184000920E49F18979
 20:58:03.048 t20287F2A8F1AA9F100FA
 20:58:03.048 t20389D828F2200D7FDFF
 20:58:03.048 t20480000800000000000
 20:58:03.048 t2058D188A2027FFF5000
 20:58:03.147 t20083DA4CF3E0048CA00
 20:58:03.147 t20185CE9CF0EF1F1897A
 20:58:03.148 t20286A97CA3E49F900F9
 20:58:03.148 t20389DFCCF22013801FF
 20:58:03.148 t20480000C00000000000
 20:58:03.148 t2058D188E2027FFF5000
 20:58:03.247 t20083DA70F3E0048CA00
 20:58:03.248 t20185E3E0F0EF1F1897B
 20:58:03.248 t20287F2A0F4A49F100F9
 20:58:03.248 t20389E3F0F2200B7F9FE
 20:58:03.248 t20480000000000000000
 20:58:03.248 t2058D18822027FFF5000
 20:58:03.347 t20083DA94F3E0048CA00
 20:58:03.347 t20185F2A4F0EA9F1897A
 20:58:03.348 t20287F2A4F1AA9F100FA
 20:58:03.348 t20389E804F2207A7F9FE
 20:58:03.348 t20480000400000000000
 20:58:03.348 t2058D18862027FFF5000
 20:58:03.447 t20083DAC8F3E0048CA00
 20:58:03.448 t20185F748F1EF1F1897A
 20:58:03.448 t20286A978A3E49F900F9
 20:58:03.448 t20389F2B8F2204A811F3
 20:58:03.448 t20480000800000000000
 20:58:03.448 t2058D188A2027FFF5000
 20:58:03.547 t20083DAFCF3E0048CA00
 20:58:03.548 t20184000D20E49F18979
 20:58:03.548 t20287F2ACF4A49F100F9
 20:58:03.548 t2038800BCF220707CDF6
 20:58:03.548 t20480000C00000000000
 20:58:03.548 t2058D188E2027FFF5000
 20:58:03.647 t20083DB20F3E0048CA00
 20:58:03.648 t20185CE90F0EF1F1897A
 20:58:03.648 t20287F2A0F1AA9F100FA
 20:58:03.648 t2038800012220097F5FE
 20:58:03.648 t20480000000000000000
 20:58:03.648 t2058D18822027FFF5000
 20:58:03.747 t20083DB44F3E0048CA00
 20:58:03.748 t20185E3E4F0EF1F1897B
 20:58:03.748 t20286A974A3E49F900F9
 20:58:03.748 t2038802652223FF7FFFF
 20:58:03.748 t20480000400000000000
 20:58:03.748 t2058D18862027FFF5000
 20:58:03.847 t20083DB78F3E0048CA00
 20:58:03.847 t20185F2A8F0EA9F1897A
 20:58:03.847 t20287F2A8F4A49F100F9
 20:58:03.847 t20389CE98F220567FDFF
 20:58:03.847 t20480000800000000000
 20:58:03.847 t2058D188A2027FFF5000
 20:58:03.947 t20083DBACF3E0048CA00
 20:58:03.947 t20185F74CF1EF1F1897A
 20:58:03.948 t20287F2ACF1AA9F100FA
 20:58:03.948 t20389D82CF2200D7FDFF
 20:58:03.948 t20480000C00000000000
 20:58:03.948 t2058D188E2027FFF5000
 20:58:04.047 t20083DBD0F3E0048CA00
 20:58:04.047 t20184000120E49F18979
 20:58:04.048 t20286A970A3E49F900F9
 20:58:04.048 t20389DFC0F22013801FF
 20:58:04.048 t20480000000000000000
 20:58:04.048 t2058D18822027FFF5000
 20:58:04.147 t20083DC04F3E0048CA00
 20:58:04.147 t20185CE94F0EF1F1897A
 20:58:04.148 t20287F2A4F4A49F100F9
 20:58:04.148 t20389E3F4F2200B7F9FE
 20:58:04.148 t20480000400000000000
 20:58:04.148 t2058D18862027FFF5000
 20:58:04.247 t20083DC28F3E0048CA00
 20:58:04.247 t20185E3E8F0EF1F1897B
 20:58:04.248 t20287F2A8F1AA9F100FA
 20:58:04.248 t20389E808F2207A7F9FE
 20:58:04.248 t20480000800000000000
 20:58:04.248 t2058D188A2027FFF5000
 20:58:04.347 t20083DC5CF3E0048CA00
 20:58:04.347 t20185F2ACF0EA9F1897A
 20:58:04.347 t20286A97CA3E49F900F9
 20:58:04.347 t203880F0CF2005C7EA04
 20:58:04.348 t20480000C00000000000
 20:58:04.348 t2058D188E2027FFF5000
 20:58:04.447 t20083DC80F3E0048CA00
 20:58:04.447 t20185F740F1EF1F1897A
 20:58:04.447 t20287F2A0F4A49F100F9
 20:58:04.447 t20389D820F2200D7FDFF
 20:58:04.447 t20480000000000000000
 20:58:04.447 t2058D18822027FFF5000
 20:58:04.547 t20083DCB4F3E0048CA00
 20:58:04.547 t20184000520E49F18979
 20:58:04.547 t20287F2A4F1AA9F100FA
 20:58:04.547 t20389DFC4F22013801FF
 20:58:04.547 t20480000400000000000
 20:58:04.547 t2058D18862027FFF5000
 20:58:04.647 t20083DCD8F3E0048CA00
 20:58:04.647 t20185CE98F0EF1F1897A
 20:58:04.648 t20286A978A3E49F900F9
 20:58:04.648 t20389E3F8F2200B7F9FE
 20:58:04.648 t20480000800000000000
 20:58:04.648 t2058D188A2027FFF5000
 20:58:04.747 t20083DD0CF3E0048CA00
 20:58:04.747 t20185E3ECF0EF1F1897B
 20:58:04.748 t20287F2ACF4A49F100F9
 20:58:04.748 t20389E80CF2207A7F9FE
 20:58:04.748 t20480000C00000000000
 20:58:04.748 t2058D188E2027FFF5000
 20:58:04.847 t20083DD30F3E0048CA00
 20:58:04.847 t20185F2A0F0EA9F1897A
 20:58:04.848 t20287F2A0F1AA9F100FA
 20:58:04.848 t20389F2B0F2204A811F3
 20:58:04.848 t20480000000000000000
 20:58:04.848 t2058D18822027FFF5000
 20:58:04.947 t20083DD64F3E0048CA00
 20:58:04.947 t20185F744F1EF1F1897A
 20:58:04.947 t20286A974A3E49F900F9
 20:58:04.948 t2038800B4F220707CDF6
 20:58:04.948 t20480000400000000000
 20:58:04.948 t2058D18862027FFF5000
 20:58:05.047 t20083DD98F3E0048CA00
 20:58:05.047 t20184000920E49F18979
 20:58:05.047 t20287F2A8F4A49F100F9
 20:58:05.047 t203880F08F2205C7EA04
 20:58:05.047 t20480000800000000000
 20:58:05.047 t2058D188A2027FFF5000
 20:58:05.147 t20083DDBCF3E0048CA00
 20:58:05.147 t20185CE9CF0EF1F1897A
 20:58:05.147 t20287F2ACF1AA9F100FA
 20:58:05.147 t20388000D2220097F5FE
 20:58:05.147 t20480000C00000000000
 20:58:05.147 t2058D188E2027FFF5000
 20:58:05.247 t20083DDE0F3E0048CA00
 20:58:05.247 t20185E3E0F0EF1F1897B
 20:58:05.247 t20286A970A3E49F900F9
 20:58:05.248 t2038802612223FF7FFFF
 20:58:05.248 t20480000000000000000
 20:58:05.248 t2058D18822027FFF5000
 20:58:05.347 t20083DE14F3E0048CA00
 20:58:05.347 t20185F2A4F0EA9F1897A
 20:58:05.347 t20287F2A4F4A49F100F9
 20:58:05.348 t20389D824F2200D7FDFF
 20:58:05.348 t20480000400000000000
 20:58:05.348 t2058D18862027FFF5000
 20:58:05.447 t20083DE48F3E0048CA00
 20:58:05.447 t20185F748F1EF1F1897A
 20:58:05.447 t20287F2A8F1AA9F100FA
 20:58:05.448 t20389DFC8F22013801FF
 20:58:05.448 t20480000800000000000
 20:58:05.448 t2058D188A2027FFF5000
 20:58:05.547 t20083DE6CF3E0048CA00
 20:58:05.547 t20184000D20E49F18979
 20:58:05.547 t20286A97CA3E49F900F9
 20:58:05.548 t20389E3FCF2200B7F9FE
 20:58:05.548 t20480000C00000000000
 20:58:05.548 t2058D188E2027FFF5000
 20:58:05.647 t20083DE90F3E0048CA00
 20:58:05.647 t20185CE90F0EF1F1897A
 20:58:05.647 t20287F2A0F4A49F100F9
 20:58:05.647 t20389E800F2207A7F9FE
 20:58:05.648 t20480000000000000000
 20:58:05.648 t2058D18822027FFF5000
 20:58:05.746 t20083DEC4F3E0048CA00
 20:58:05.747 t20185E3E4F0EF1F1897B
 20:58:05.747 t20287F2A4F1AA9F100FA
 20:58:05.747 t20389F2B4F2204A811F3
 20:58:05.747 t20480000400000000000
 20:58:05.747 t2058D18862027FFF5000
 20:58:05.848 t20083DEF8F3E0048CA00
 20:58:05.848 t20185F2A8F0EA9F1897A
 20:58:05.848 t20286A978A3E49F900F9
 20:58:05.848 t2038800B8F220707CDF6
 20:58:05.849 t20480000800000000000
 20:58:05.849 t2058D188A2027FFF5000
 20:58:05.948 t20083DF2CF3E0048CA00
 20:58:05.948 t20185F74CF1EF1F1897A
 20:58:05.948 t20287F2ACF4A49F100F9
 20:58:05.948 t203880F0CF2205C7EA04
 20:58:05.949 t20480000C00000000000
 20:58:05.949 t2058D188E2027FFF5000
 20:58:06.048 t20083DF40F3E0048CA00
 20:58:06.048 t20184000120E49F18979
 20:58:06.048 t20287F2A0F1AA9F100FA
 20:58:06.048 t2038800012220097F5FE
 20:58:06.048 t20480000000000000000
 20:58:06.048 t2058D18822027FFF5000
 20:58:06.148 t20083DF74F3E0048CA00
 20:58:06.148 t201841E04F0CF1F1897A
 20:58:06.148 t20286A974A3E49F900F9
 20:58:06.148 t2038802652223FF7FFFF
 20:58:06.149 t20480000400000000000
 20:58:06.149 t2058D18862027FFF5000
 20:58:06.248 t20083DFA8F3E0048CA00
 20:58:06.248 t20185CE98F0EF1F1897A
 20:58:06.248 t20287F2A8F4A49F100F9
 20:58:06.248 t20389D828F2200D7FDFF
 20:58:06.248 t20480000800000000000
 20:58:06.249 t2058D188A2027FFF5000
 20:58:06.347 t20083DFDCF3E0048CA00
 20:58:06.347 t20185E3ECF0EF1F1897B
 20:58:06.348 t20287F2ACF1AA9F100FA
 20:58:06.348 t20389DFCCF22013801FF
 20:58:06.348 t20480000C00000000000
 20:58:06.348 t2058D188E2027FFF5000
 20:58:06.447 t20083DFF0F3E0048CA00
 20:58:06.447 t20185F2A0F0EA9F1897A
 20:58:06.448 t20286A970A3E49F900F9
 20:58:06.448 t20389E3F0F2200B7F9FE
 20:58:06.448 t20480000000000000000
 20:58:06.448 t2058D18822027FFF5000
 20:58:06.547 t20083E024F3E0048CA00
 20:58:06.548 t20185F744F1EF1F1897A
 20:58:06.548 t20287F2A4F4A49F100F9
 20:58:06.548 t20389E804F2207A7F9FE
 20:58:06.548 t20480000400000000000
 20:58:06.549 t2058D18862027FFF5000
 20:58:06.647 t20083E058F3E0048CA00
 20:58:06.648 t201841E08F0EF1F1897A
 20:58:06.648 t20287F2A8F1AA9F100FA
 20:58:06.648 t20389F2B8F2204A811F3
 20:58:06.648 t20480000800000000000
 20:58:06.649 t2058D188A2027FFF5000
 20:58:06.747 t20083E08CF3E0048CA00
 20:58:06.748 t20184000D20E49F18979
 20:58:06.748 t20286A97CA3E49F900F9
 20:58:06.748 t2038800BCF220707CDF6
 20:58:06.749 t20480000C00000000000
 20:58:06.749 t2058D188E2027FFF5000
 20:58:06.847 t20083E0B0F3E0048CA00
 20:58:06.848 t20185CE90F0EF1F1897A
 20:58:06.848 t20287F2A0F4A49F100F9
 20:58:06.848 t203880F00F2205C7EA04
 20:58:06.848 t20480000000000000000
 20:58:06.849 t2058D18822027FFF5000
 20:58:06.947 t20083E0D4F3E0048CA00
 20:58:06.948 t20185E3E4F0EF1F1897B
 20:58:06.948 t20287F2A4F1AA9F100FA
 20:58:06.948 t2038800052220097F5FE
 20:58:06.948 t20480000400000000000
 20:58:06.949 t2058D18862027FFF5000
 20:58:07.047 t20083E108F3E0048CA00
 20:58:07.047 t20185F2A8F0EA9F1897A
 20:58:07.047 t20286A978A3E49F900F9
 20:58:07.048 t2038802692223FF7FFFF
 20:58:07.048 t20480000800000000000
 20:58:07.048 t2058D188A2027FFF5000
 20:58:07.147 t20083E13CF3E0048CA00
 20:58:07.147 t20185F74CF1EF1F1897A
 20:58:07.147 t20287F2ACF4A49F100F9
 20:58:07.148 t20389D82CF2200D7FDFF
 20:58:07.148 t20480000C00000000000
 20:58:07.148 t2058D188E2027FFF5000
 20:58:07.247 t20083E160F3E0048CA00
 20:58:07.247 t201841E00F0EF1F1897A
 20:58:07.247 t20287F2A0F1AA9F100FA
 20:58:07.248 t20389DFC0F22013801FF
 20:58:07.248 t20480000000000000000
 20:58:07.248 t2058D18822027FFF5000
 20:58:07.347 t20083E184F3E0048CA00
 20:58:07.348 t20184000520E49F18979
 20:58:07.348 t20286A974A3E49F900F9
 20:58:07.348 t203881E04F203FF847FF
 20:58:07.348 t20480000400000000000
 20:58:07.348 t2058D18862027FFF5000
 20:58:07.447 t20083E1B8F3E0048CA00
 20:58:07.448 t20185CE98F0EF1F1897A
 20:58:07.448 t20287F2A8F4A49F100F9
 20:58:07.448 t20389DFC8F22013801FF
 20:58:07.448 t20480000800000000000
 20:58:07.448 t2058D188A2027FFF5000
 20:58:07.547 t20083E1ECF3E0048CA00
 20:58:07.548 t20185E3ECF0EF1F1897B
 20:58:07.548 t20287F2ACF1AA9F100FA
 20:58:07.548 t20389E3FCF2200B7F9FE
 20:58:07.548 t20480000C00000000000
 20:58:07.548 t2058D188E2027FFF5000
 20:58:07.647 t20083E210F3E0048CA00
 20:58:07.647 t20185F2A0F0EA9F1897A
 20:58:07.648 t20286A970A3E49F900F9
 20:58:07.648 t20389E800F2207A7F9FE
 20:58:07.648 t20480000000000000000
 20:58:07.648 t2058D18822027FFF5000
 20:58:07.747 t20083E244F3E0048CA00
 20:58:07.747 t20185F744F1EF1F1897A
 20:58:07.747 t20287F2A4F4A49F100F9
 20:58:07.747 t20389F2B4F2204A811F3
 20:58:07.747 t20480000400000000000
 20:58:07.748 t2058D18862027FFF5000
 20:58:07.847 t20083E268F3E0048CA00
 20:58:07.847 t201841E08F0EF1F1897A
 20:58:07.847 t20287F2A8F1AA9F100FA
 20:58:07.847 t2038800B8F220707CDF6
 20:58:07.847 t20480000800000000000
 20:58:07.847 t2058D188A2027FFF5000
 20:58:07.947 t20083E29CF3E0048CA00
 20:58:07.947 t20184000D20E49F18979
 20:58:07.948 t20286212CF1401F100FB
 20:58:07.948 t203880F0CF2205C7EA04
 20:58:07.948 t20480000C00000000000
 20:58:07.948 t2058D188E2027FFF5000
 20:58:08.047 t20083E2C0F3E0048CA00
 20:58:08.047 t20185CE90F0EF1F1897A
 20:58:08.048 t202862120F18F1F101FB
 20:58:08.048 t203881E00F223FF847FF
 20:58:08.048 t20480000000000000000
 20:58:08.048 t2058D18822027FFF5000
 20:58:08.147 t20083E2F4F3E0048CA00
 20:58:08.147 t20185E3E4F0EF1F1897B
 20:58:08.148 t20286A974A3E49F900F9
 20:58:08.148 t2038800052220097F5FE
 20:58:08.148 t20480000400000000000
 20:58:08.148 t2058D18862027FFF5000
 20:58:08.247 t20083E318F3E0048CA00
 20:58:08.247 t20185F2A8F0EA9F1897A
 20:58:08.247 t20287F2A8F4A49F100F9
 20:58:08.248 t2038802692223FF7FFFF
 20:58:08.248 t20480000800000000000
 20:58:08.248 t2058D188A2027FFF5000
 20:58:08.347 t20083E34CF3E0048CA00
 20:58:08.347 t20185F74CF1EF1F1897A
 20:58:08.347 t20287F2ACF1AA9F100FA
 20:58:08.347 t20389DFCCF22013801FF
 20:58:08.347 t20480000C00000000000
 20:58:08.348 t2058D188E2027FFF5000
 20:58:08.447 t20083E370F3E0048CA00
 20:58:08.447 t201841E00F0EF1F1897A
 20:58:08.447 t202862120F1601F100FB
 20:58:08.447 t20389E3F0F2200B7F9FE
 20:58:08.447 t20480000000000000000
 20:58:08.447 t2058D18822027FFF5000
 20:58:08.547 t20083E3A4F3E0048CA00
 20:58:08.547 t20184000520E49F18979
 20:58:08.547 t202862124F1AF1F101FB
 20:58:08.548 t20389E804F2207A7F9FE
 20:58:08.548 t20480000400000000000
 20:58:08.548 t2058D18862027FFF5000
 20:58:08.647 t20083E3D8F3E0048CA00
 20:58:08.647 t20185CE98F0EF1F1897A
 20:58:08.647 t20286A978A3E49F900F9
 20:58:08.648 t20389F2B8F2204A811F3
 20:58:08.648 t20480000800000000000
 20:58:08.648 t2058D188A2027FFF5000
 20:58:08.747 t20083E3FCF3E004ACA00
 20:58:08.747 t20184212CF0CF1F1897B
 20:58:08.747 t20287F2ACF4A49F100F9
 20:58:08.747 t2038800BCF220707CDF6
 20:58:08.747 t20480000C00000000000
 20:58:08.747 t2058D188E2027FFF5000
 20:58:08.847 t20083E420F3E004ACA00
 20:58:08.847 t20185CE90F0EF1F1897A
 20:58:08.847 t20287F2A0F1AA9F100FA
 20:58:08.847 t203880F00F2205C7EA04
 20:58:08.847 t20480000000000000000
 20:58:08.847 t2058D18822027FFF5000
 20:58:08.947 t20083E444F3E004ACA00
 20:58:08.947 t20185E3E4F0EF1F1897B
 20:58:08.947 t202862124F1601F100FB
 20:58:08.948 t203881E04F223FF847FF
 20:58:08.948 t20480000400000000000
 20:58:08.948 t2058D18862027FFF5000
 20:58:09.047 t20083E478F3E004ACA00
 20:58:09.047 t20185F2A8F0EA9F1897A
 20:58:09.047 t202862128F1AF1F101FB
 20:58:09.047 t2038800092220097F5FE
 20:58:09.047 t20480000800000000000
 20:58:09.047 t2058D188A2027FFF5000
 20:58:09.147 t20083E4ACF3E004ACA00
 20:58:09.147 t20185F74CF1EF1F1897A
 20:58:09.147 t20286A97CA3E49F900F9
 20:58:09.147 t20388026D2223FF7FFFF
 20:58:09.147 t20480000C00000000000
 20:58:09.147 t2058D188E2027FFF5000
 20:58:09.247 t20083E4D0F3E004ACA00
 20:58:09.247 t201841E00F0EF1F1897A
 20:58:09.247 t20287F2A0F4A49F100F9
 20:58:09.248 t20389DFC0F22013801FF
 20:58:09.248 t20480000000000000000
 20:58:09.248 t2058D18822027FFF5000
 20:58:09.347 t20083E4F4F3E004ACA00
 20:58:09.347 t201842124F0EF1F1897B
 20:58:09.347 t20287F2A4F1AA9F100FA
 20:58:09.347 t20389E3F4F2200B7F9FE
 20:58:09.348 t20480000400000000000
 20:58:09.348 t2058D18862027FFF5000
 20:58:09.447 t20083E528F3E004ACA00
 20:58:09.447 t20184000920E49F18979
 20:58:09.447 t202862128F1601F100FB
 20:58:09.447 t20389E808F2207A7F9FE
 20:58:09.448 t20480000800000000000
 20:58:09.448 t2058D188A2027FFF5000
 20:58:09.547 t20083E55CF3E004ACA00
 20:58:09.547 t20185CE9CF0EF1F1897A
 20:58:09.547 t20286212CF1AF1F101FB
 20:58:09.547 t20389F2BCF2204A811F3
 20:58:09.547 t20480000C00000000000
 20:58:09.547 t2058D188E2027FFF5000
 20:58:09.646 t20083E580F3E004ACA00
 20:58:09.647 t20185E3E0F0EF1F1897B
 20:58:09.647 t20286A970A3E49F900F9
 20:58:09.647 t2038800B0F220707CDF6
 20:58:09.647 t20480000000000000000
 20:58:09.647 t2058D18822027FFF5000
 20:58:09.747 t20083E5B4F3E004ACA00
 20:58:09.748 t20185F2A4F0EA9F1897A
 20:58:09.748 t20287F2A4F4A49F100F9
 20:58:09.748 t203880F04F2205C7EA04
 20:58:09.748 t20480000400000000000
 20:58:09.748 t2058D18862027FFF5000
 20:58:09.847 t20083E5D8F3E004ACA00
 20:58:09.848 t20185F748F1EF1F1897A
 20:58:09.848 t20287F2A8F1AA9F100FA
 20:58:09.848 t203881E08F223FF847FF
 20:58:09.848 t20480000800000000000
 20:58:09.848 t2058D188A2027FFF5000
 20:58:09.947 t20083E60CF3E004ACA00
 20:58:09.948 t201841E0CF0EF1F1897A
 20:58:09.948 t20286212CF1601F100FB
 20:58:09.948 t20388000D2220097F5FE
 20:58:09.948 t20480000C00000000000
 20:58:09.948 t2058D188E2027FFF5000
 20:58:10.047 t20083E630F3E004ACA00
 20:58:10.048 t201842120F0EF1F1897B
 20:58:10.048 t202862120F1AF1F101FB
 20:58:10.048 t2038802612223FF7FFFF
 20:58:10.048 t20480000000000000000
 20:58:10.048 t2058D18822027FFF5000
 20:58:10.148 t20083E664F3E004ACA00
 20:58:10.148 t20184000520E49F18979
 20:58:10.148 t20286A974A3E49F900F9
 20:58:10.148 t20389DFC4F22013801FF
 20:58:10.148 t20480000400000000000
 20:58:10.149 t2058D18862027FFF5000
 20:58:10.248 t20083E688F3E004ACA00
 20:58:10.248 t20185CE98F0EF1F1897A
 20:58:10.248 t20287F2A8F4A49F100F9
 20:58:10.248 t20389E3F8F2200B7F9FE
 20:58:10.248 t20480000800000000000
 20:58:10.249 t2058D188A2027FFF5000
 20:58:10.347 t20083E6BCF3E004ACA00
 20:58:10.348 t20185E3ECF0EF1F1897B
 20:58:10.348 t20287F2ACF1AA9F100FA
 20:58:10.348 t20389E80CF2207A7F9FE
 20:58:10.348 t20480000C00000000000
 20:58:10.349 t2058D188E2027FFF5000
 20:58:10.447 t20083E6E0F3E004ACA00
 20:58:10.447 t20185F2A0F0EA9F1897A
 20:58:10.447 t202862120F1601F100FB
 20:58:10.448 t20389F2B0F2204A811F3
 20:58:10.448 t20480000000000000000
 20:58:10.448 t2058D18822027FFF5000
 20:58:10.547 t20083E714F3E004ACA00
 20:58:10.547 t20185F744F1EF1F1897A
 20:58:10.547 t202862124F1AF1F101FB
 20:58:10.548 t2038800B4F220707CDF6
 20:58:10.548 t20480000400000000000
 20:58:10.548 t2058D18862027FFF5000
 20:58:10.647 t20083E748F3E004ACA00
 20:58:10.648 t201841E08F0EF1F1897A
 20:58:10.648 t20286A978A3E49F900F9
 20:58:10.648 t203880F08F2205C7EA04
 20:58:10.648 t20480000800000000000
 20:58:10.649 t2058D188A2027FFF5000
 20:58:10.747 t20083E76CF3E004ACA00
 20:58:10.748 t20184212CF0EF1F1897B
 20:58:10.748 t20287F2ACF4A49F100F9
 20:58:10.748 t203881E0CF223FF847FF
 20:58:10.748 t20480000C00000000000
 20:58:10.748 t2058D188E2027FFF5000
 20:58:10.847 t20083E790F3E004ACA00
 20:58:10.848 t20184000120E49F18979
 20:58:10.848 t20287F2A0F1AA9F100FA
 20:58:10.848 t2038800012220097F5FE
 20:58:10.848 t20480000000000000000
 20:58:10.848 t2058D18822027FFF5000
 20:58:10.947 t20083E7C4F3E004ACA00
 20:58:10.947 t20185CE94F0EF1F1897A
 20:58:10.947 t202862124F1601F100FB
 20:58:10.948 t2038802652223FF7FFFF
 20:58:10.948 t20480000400000000000
 20:58:10.948 t2058D18862027FFF5000
 20:58:11.047 t20083E7F8F3E004ACA00
 20:58:11.047 t20185E3E8F0EF1F1897B
 20:58:11.048 t202862128F1AF1F101FB
 20:58:11.048 t20389DFC8F22013801FF
 20:58:11.048 t20480000800000000000
 20:58:11.048 t2058D188A2027FFF5000
 20:58:11.147 t20083E82CF3E004ACA00
 20:58:11.147 t20185F2ACF0EA9F1897A
 20:58:11.147 t20286A97CA3E49F900F9
 20:58:11.147 t20389E3FCF2200B7F9FE
 20:58:11.147 t20480000C00000000000
 20:58:11.148 t2058D188E2027FFF5000
 20:58:11.247 t20083E850F3E004ACA00
 20:58:11.247 t20185F740F1EF1F1897A
 20:58:11.248 t20287F2A0F4A49F100F9
 20:58:11.248 t20389E800F2207A7F9FE
 20:58:11.248 t20480000000000000000
 20:58:11.248 t2058D18822027FFF5000
 20:58:11.347 t20083E874F3E004ACA00
 20:58:11.347 t201841E04F0EF1F1897A
 20:58:11.348 t20287F2A4F1AA9F100FA
 20:58:11.348 t20389F2B4F2204A811F3
 20:58:11.348 t20480000400000000000
 20:58:11.348 t2058D18862027FFF5000
 20:58:11.447 t20083E8A8F3E004ACA00
 20:58:11.447 t201842128F0EF1F1897B
 20:58:11.447 t202862128F1601F100FB
 20:58:11.448 t2038800B8F220707CDF6
 20:58:11.448 t20480000800000000000
 20:58:11.448 t2058D188A2027FFF5000
 20:58:11.547 t20083E8DCF3E004ACA00
 20:58:11.547 t20184000D20E49F18979
 20:58:11.548 t20286212CF1AF1F101FB
 20:58:11.548 t203880F0CF2205C7EA04
 20:58:11.548 t20480000C00000000000
 20:58:11.548 t2058D188E2027FFF5000
 20:58:11.647 t20083E900F3E004ACA00
 20:58:11.647 t20185CE90F0EF1F1897A
 20:58:11.648 t20286A970A3E49F900F9
 20:58:11.648 t203881E00F223FF847FF
 20:58:11.648 t20480000000000000000
 20:58:11.648 t2058D18822027FFF5000
 20:58:11.747 t20083E934F3E004ACA00
 20:58:11.747 t20185E3E4F0EF1F1897B
 20:58:11.747 t20287F2A4F4A49F100F9
 20:58:11.747 t2038800052220097F5FE
 20:58:11.747 t20480000400000000000
 20:58:11.748 t2058D18862027FFF5000
 20:58:11.847 t20083E958F3E004ACA00
 20:58:11.847 t20185F2A8F0EA9F1897A
 20:58:11.847 t20287F2A8F1AA9F100FA
 20:58:11.847 t2038802692223FF7FFFF
 20:58:11.847 t20480000800000000000
 20:58:11.847 t2058D188A2027FFF5000
 20:58:11.947 t20083E98CF3E004ACA00
 20:58:11.947 t20185F74CF1EF1F1897A
 20:58:11.947 t20286212CF1601F100FB
 20:58:11.948 t203881E0CF2002784611
 20:58:11.948 t20480000C00000000000
 20:58:11.948 t2058D188E2027FFF5000
 20:58:12.047 t20083E9B0F3E004ACA00
 20:58:12.047 t201841E00F0EF1F1897A
 20:58:12.048 t202862120F1AF1F101FB
 20:58:12.048 t203882130F203FF7EFFF
 20:58:12.048 t20480000000000000000
 20:58:12.048 t2058D18822027FFF5000
 20:58:12.147 t20083E9E4F3E004ACA00
 20:58:12.148 t201842124F0EF1F1897B
 20:58:12.148 t20286A974A3E49F900F9
 20:58:12.148 t20389E3F4F2200B7F9FE
 20:58:12.148 t20480000400000000000
 20:58:12.148 t2058D18862027FFF5000
 20:58:12.247 t20083EA08F3E004ACA00
 20:58:12.247 t20184000920E49F18979
 20:58:12.248 t20287F2A8F4A49F100F9
 20:58:12.248 t20389E808F2207A7F9FE
 20:58:12.248 t20480000800000000000
 20:58:12.248 t2058D188A2027FFF5000
 20:58:12.347 t20083EA3CF3E004ACA00
 20:58:12.347 t20185CE9CF0EF1F1897A
 20:58:12.347 t20287F2ACF1AA9F100FA
 20:58:12.348 t20389F2BCF2204A811F3
 20:58:12.348 t20480000C00000000000
 20:58:12.348 t2058D188E2027FFF5000
 20:58:12.447 t20083EA60F3E004ACA00
 20:58:12.447 t20185E3E0F0EF1F1897B
 20:58:12.447 t202862120F1601F100FB
 20:58:12.447 t2038800B0F220707CDF6
 20:58:12.447 t20480000000000000000
 20:58:12.447 t2058D18822027FFF5000
 20:58:12.547 t20083EA94F3E004ACA00
 20:58:12.547 t20185F2A4F0EA9F1897A
 20:58:12.547 t202862124F1AF1F101FB
 20:58:12.547 t203880F04F2205C7EA04
 20:58:12.547 t20480000400000000000
 20:58:12.547 t2058D18862027FFF5000
 20:58:12.647 t20083EAC8F3E004ACA00
 20:58:12.647 t20185F748F1EF1F1897A
 20:58:12.647 t20286A978A3E49F900F9
 20:58:12.647 t203881E08F2202784611
 20:58:12.648 t20480000800000000000
 20:58:12.648 t2058D188A2027FFF5000
 20:58:12.747 t20083EAECF3E004ACA00
 20:58:12.747 t201841E0CF0EF1F1897A
 20:58:12.747 t20287F2ACF4A49F100F9
 20:58:12.748 t20388213CF223FF7EFFF
 20:58:12.748 t20480000C00000000000
 20:58:12.748 t2058D188E2027FFF5000
 20:58:12.847 t20083EB10F3E004ACA00
 20:58:12.847 t201842120F0EF1F1897B
 20:58:12.847 t20287F2A0F1AA9F100FA
 20:58:12.848 t2038800012220097F5FE
 20:58:12.848 t20480000000000000000
 20:58:12.848 t2058D18822027FFF5000
 20:58:12.947 t20083EB44F3E004ACA00
 20:58:12.947 t20184000520E49F18979
 20:58:12.947 t202862124F1601F100FB
 20:58:12.948 t2038802652223FF7FFFF
 20:58:12.948 t20480000400000000000
 20:58:12.948 t2058D18862027FFF5000
 20:58:13.047 t20083EB78F3E004ACA00
 20:58:13.047 t20185E3E8F0EF1F1897B
 20:58:13.047 t202862128F1AF1F101FB
 20:58:13.047 t20389E3F8F2200B7F9FE
 20:58:13.047 t20480000800000000000
 20:58:13.048 t2058D188A2027FFF5000
 20:58:13.147 t20083EB9CF3E004ACA00
 20:58:13.147 t20185F2ACF0EA9F1897A
 20:58:13.147 t20286A97CA3E49F900F9
 20:58:13.147 t20389E80CF2207A7F9FE
 20:58:13.147 t20480000C00000000000
 20:58:13.147 t2058D188E2027FFF5000
 20:58:13.246 t20083EBC0F3E004ACA00
 20:58:13.247 t20185F740F1EF1F1897A
 20:58:13.247 t20287F2A0F4A49F100F9
 20:58:13.247 t20389F2B0F2204A811F3
 20:58:13.247 t20480000000000000000
 20:58:13.247 t2058D18822027FFF5000
 20:58:13.347 t20083EBF4F3E004ACA00
 20:58:13.347 t201841E04F0EF1F1897A
 20:58:13.347 t20287F2A4F1AA9F100FA
 20:58:13.347 t2038800B4F220707CDF6
 20:58:13.348 t20480000400000000000
 20:58:13.348 t2058D18862027FFF5000
 20:58:13.447 t20083EC28F3E004ACA00
 20:58:13.447 t201842128F0EF1F1897B
 20:58:13.447 t202862128F1601F100FB
 20:58:13.447 t203880F08F2205C7EA04
 20:58:13.448 t20480000800000000000
 20:58:13.448 t2058D188A2027FFF5000
 20:58:13.547 t20083EC5CF3E004ACA00
 20:58:13.547 t20184000D20E49F18979
 20:58:13.547 t20286212CF1AF1F101FB
 20:58:13.547 t203881E0CF2202784611
 20:58:13.547 t20480000C00000000000
 20:58:13.548 t2058D188E2027FFF5000
 20:58:13.647 t20083EC70F3E004ACA00
 20:58:13.648 t20185E3E0F0EF1F1897B
 20:58:13.648 t20286A970A3E49F900F9
 20:58:13.648 t203882130F223FF7EFFF
 20:58:13.648 t20480000000000000000
 20:58:13.648 t2058D18822027FFF5000
 20:58:13.747 t20083ECA4F3E004ACA00
 20:58:13.747 t20185F2A4F0EA9F1897A
 20:58:13.748 t20287F2A4F4A49F100F9
 20:58:13.748 t2038800052220097F5FE
 20:58:13.748 t20480000400000000000
 20:58:13.748 t2058D18862027FFF5000
 20:58:13.847 t20083ECD8F3E004ACA00
 20:58:13.847 t20185F748F1EF1F1897A
 20:58:13.847 t20287F2A8F1AA9F100FA
 20:58:13.848 t2038802692223FF7FFFF
 20:58:13.848 t20480000800000000000
 20:58:13.848 t2058D188A2027FFF5000
 20:58:13.947 t20083ED0CF3E004ACA00
 20:58:13.948 t201841E0CF0EF1F1897A
 20:58:13.948 t20286212CF1601F100FB
 20:58:13.948 t20389E80CF2207A7F9FE
 20:58:13.948 t20480000C00000000000
 20:58:13.948 t2058D188E2027FFF5000
 20:58:14.047 t20083ED20F3E004ACA00
 20:58:14.047 t201842120F0EF1F1897B
 20:58:14.047 t202862120F1AF1F101FB
 20:58:14.048 t20389F2B0F2204A811F3
 20:58:14.048 t20480000000000000000
 20:58:14.048 t2058D18822027FFF5000
 20:58:14.147 t20083ED54F3E004ACA00
 20:58:14.147 t20184000520E49F18979
 20:58:14.147 t20286A974A3E49F900F9
 20:58:14.148 t2038800B4F220707CDF6
 20:58:14.148 t20480000400000000000
 20:58:14.148 t2058D18862027FFF5000
 20:58:14.247 t20083ED88F3E004ACA00
 20:58:14.248 t20185E3E8F0EF1F1897B
 20:58:14.248 t20287F2A8F4A49F100F9
 20:58:14.248 t203880F08F2205C7EA04
 20:58:14.248 t20480000800000000000
 20:58:14.248 t2058D188A2027FFF5000
 20:58:14.347 t20083EDBCF3E004ACA00
 20:58:14.348 t20185F2ACF0EA9F1897A
 20:58:14.348 t20287F2ACF1AA9F100FA
 20:58:14.348 t203881E0CF2202784611
 20:58:14.348 t20480000C00000000000
 20:58:14.348 t2058D188E2027FFF5000
 20:58:14.447 t20083EDE0F3E004ACA00
 20:58:14.447 t20185F740F1EF1F1897A
 20:58:14.447 t202862120F1601F100FB
 20:58:14.448 t203882130F223FF7EFFF
 20:58:14.448 t20480000000000000000
 20:58:14.448 t2058D18822027FFF5000
 20:58:14.547 t20083EE04F3E004ACA00
 20:58:14.547 t201841E04F0EF1F1897A
 20:58:14.547 t202862124F1AF1F101FB
 20:58:14.547 t2038800052220097F5FE
 20:58:14.547 t20480000400000000000
 20:58:14.548 t2058D18862027FFF5000
 20:58:14.647 t20083EE38F3E004ACA00
 20:58:14.648 t201842128F0EF1F1897B
 20:58:14.648 t20286A978A3E49F900F9
 20:58:14.648 t2038802692223FF7FFFF
 20:58:14.648 t20480000800000000000
 20:58:14.648 t2058D188A2027FFF5000
 20:58:14.747 t20083EE6CF3E004ACA00
 20:58:14.748 t20184000D20E49F18979
 20:58:14.748 t20287F2ACF4A49F100F9
 20:58:14.748 t20389E80CF2207A7F9FE
 20:58:14.748 t20480000C00000000000
 20:58:14.748 t2058D188E2027FFF5000
 20:58:14.847 t20083EE90F3E004ACA00
 20:58:14.847 t20185E3E0F0EF1F1897B
 20:58:14.848 t20287F2A0F1AA9F100FA
 20:58:14.848 t20389F2B0F2204A811F3
 20:58:14.848 t20480000000000000000
 20:58:14.848 t2058D18822027FFF5000
 20:58:14.947 t20083EEB4F3E004ACA00
 20:58:14.947 t20185F2A4F0EA9F1897A
 20:58:14.948 t202862124F1601F100FB
 20:58:14.948 t2038800B4F220707CDF6
 20:58:14.948 t20480000400000000000
 20:58:14.948 t2058D18862027FFF5000
 20:58:15.047 t20083EEE8F3E004ACA00
 20:58:15.048 t20185F748F1EF1F1897A
 20:58:15.048 t202862128F1AF1F101FB
 20:58:15.048 t203880F08F2205C7EA04
 20:58:15.048 t20480000800000000000
 20:58:15.048 t2058D188A2027FFF5000
 20:58:15.147 t20083EF1CF3E004ACA00
 20:58:15.147 t201841E0CF0EF1F1897A
 20:58:15.147 t20286A97CA3E49F900F9
 20:58:15.148 t203881E0CF2202784611
 20:58:15.151 t20480000C00000000000
 20:58:15.151 t2058D188E2027FFF5000
 20:58:15.247 t20083EF40F3E004ACA00
 20:58:15.247 t201842120F0EF1F1897B
 20:58:15.247 t20287F2A0F4A49F100F9
 20:58:15.247 t203882130F223FF7EFFF
 20:58:15.247 t20480000000000000000
 20:58:15.247 t2058D18822027FFF5000
 20:58:15.347 t20083EF74F3E004ACA00
 20:58:15.347 t20184000520E49F18979
 20:58:15.348 t20287F2A4F1AA9F100FA
 20:58:15.348 t2038800052220097F5FE
 20:58:15.348 t20480000400000000000
 20:58:15.348 t2058D18862027FFF5000
 20:58:15.447 t20083EF98F3E004ACA00
 20:58:15.447 t20185E3E8F0EF1F1897B
 20:58:15.448 t202862128F1601F100FB
 20:58:15.448 t2038802692223FF7FFFF
 20:58:15.448 t20480000800000000000
 20:58:15.448 t2058D188A2027FFF5000
 20:58:15.547 t20083EFCCF3E004ACA00
 20:58:15.547 t20185F2ACF0EA9F1897A
 20:58:15.547 t20286212CF1AF1F101FB
 20:58:15.548 t20389E80CF2207A7F9FE
 20:58:15.548 t20480000C00000000000
 20:58:15.548 t2058D188E2027FFF5000
 20:58:15.647 t20083EFF0F3E004ACA00
 20:58:15.647 t20185F740F1EF1F1897A
 20:58:15.648 t20286A970A3E49F900F9
 20:58:15.648 t20389F2B0F2204A811F3
 20:58:15.648 t20480000000000000000
 20:58:15.648 t2058D18822027FFF5000
 20:58:15.747 t20083F024F3E004ACA00
 20:58:15.747 t201841E04F0EF1F1897A
 20:58:15.747 t20287F2A4F4A49F100F9
 20:58:15.747 t2038800B4F220707CDF6
 20:58:15.747 t20480000400000000000
 20:58:15.747 t2058D18862027FFF5000
 20:58:15.847 t20083F048F3E004ACA00
 20:58:15.847 t201842128F0EF1F1897B
 20:58:15.847 t20287F2A8F1AA9F100FA
 20:58:15.847 t203880F08F2205C7EA04
 20:58:15.847 t20480000800000000000
 20:58:15.847 t2058D188A2027FFF5000
 20:58:15.947 t20083F07CF3E004ACA00
 20:58:15.947 t20184000D20E49F18979
 20:58:15.947 t20286212CF1601F100FB
 20:58:15.948 t203881E0CF2202784611
 20:58:15.948 t20480000C00000000000
 20:58:15.948 t2058D188E2027FFF5000
 20:58:16.047 t20083F0A0F3E004ACA00
 20:58:16.047 t20185E3E0F0EF1F1897B
 20:58:16.047 t202862120F1AF1F101FB
 20:58:16.048 t203882130F223FF7EFFF
 20:58:16.048 t20480000000000000000
 20:58:16.048 t2058D18822027FFF5000
 20:58:16.147 t20083F0D4F3E004ACA00
 20:58:16.147 t20185F2A4F0EA9F1897A
 20:58:16.147 t20286A974A3E49F900F9
 20:58:16.148 t2038800052220097F5FE
 20:58:16.148 t20480000400000000000
 20:58:16.148 t2058D18862027FFF5000
 20:58:16.247 t20083F108F3E004ACA00
 20:58:16.247 t20185F748F1EF1F1897A
 20:58:16.247 t20287F2A8F4A49F100F9
 20:58:16.248 t2038802692223FF7FFFF
 20:58:16.248 t20480000800000000000
 20:58:16.248 t2058D188A2027FFF5000
 20:58:16.347 t20083F12CF3E004ACA00
 20:58:16.347 t201841E0CF0EF1F1897A
 20:58:16.347 t20287F2ACF1AA9F100FA
 20:58:16.347 t20389E80CF2207A7F9FE
 20:58:16.348 t20480000C00000000000
 20:58:16.348 t2058D188E2027FFF5000
 20:58:16.447 t20083F150F3E004ACA00
 20:58:16.447 t201842120F0EF1F1897B
 20:58:16.447 t202862120F1601F100FB
 20:58:16.447 t20389F2B0F2204A811F3
 20:58:16.447 t20480000000000000000
 20:58:16.447 t2058D18822027FFF5000
 20:58:16.546 t20083F184F3E004ACA00
 20:58:16.547 t20184000520E49F18979
 20:58:16.547 t202862124F1AF1F101FB
 20:58:16.547 t2038800B4F220707CDF6
 20:58:16.547 t20480000400000000000
 20:58:16.547 t2058D18862027FFF5000
 20:58:16.647 t20083F1B8F3E004ACA00
 20:58:16.647 t20185E3E8F0EF1F1897B
 20:58:16.647 t20286A978A3E49F900F9
 20:58:16.647 t203880F08F2205C7EA04
 20:58:16.648 t20480000800000000000
 20:58:16.648 t2058D188A2027FFF5000
 20:58:16.747 t20083F1DCF3E004ACA00
 20:58:16.747 t20185F2ACF0EA9F1897A
 20:58:16.747 t20287F2ACF4A49F100F9
 20:58:16.747 t203881E0CF2202784611
 20:58:16.748 t20480000C00000000000
 20:58:16.748 t2058D188E2027FFF5000
 20:58:16.847 t20083F200F3E004ACA00
 20:58:16.847 t20185F740F1EF1F1897A
 20:58:16.847 t20287F2A0F1AA9F100FA
 20:58:16.847 t203882130F223FF7EFFF
 20:58:16.847 t20480000000000000000
 20:58:16.848 t2058D18822027FFF5000
 20:58:16.947 t20083F234F3E004ACA00
 20:58:16.947 t201841E04F0EF1F1897A
 20:58:16.947 t202862124F1601F100FB
 20:58:16.947 t2038800052220097F5FE
 20:58:16.947 t20480000400000000000
 20:58:16.948 t2058D18862027FFF5000
 20:58:17.046 t20083F268F3E004ACA00
 20:58:17.047 t201842128F0EF1F1897B
 20:58:17.047 t202862128F1AF1F101FB
 20:58:17.047 t2038802692223FF7FFFF
 20:58:17.047 t20480000800000000000
 20:58:17.047 t2058D188A2027FFF5000
 20:58:17.147 t20083F29CF3E004ACA00
 20:58:17.147 t20184000D20E49F18979
 20:58:17.147 t20286A97CA3E49F900F9
 20:58:17.148 t20389E80CF2207A7F9FE
 20:58:17.148 t20480000C00000000000
 20:58:17.148 t2058D188E2027FFF5000
 20:58:17.247 t20083F2B0F3E0048CA00
 20:58:17.247 t20185E3E0F0EF1F1897B
 20:58:17.247 t20287F2A0F4A49F100F9
 20:58:17.248 t20389F2B0F2204A811F3
 20:58:17.248 t20480000000000000000
 20:58:17.248 t2058D18822027FFF5000
 20:58:17.347 t20083F2E4F3E0048CA00
 20:58:17.348 t20185F2A4F0EA9F1897A
 20:58:17.348 t20287F2A4F1AA9F100FA
 20:58:17.348 t2038800B4F220707CDF6
 20:58:17.348 t20480000400000000000
 20:58:17.349 t2058D18862027FFF5000
 20:58:17.447 t20083F308F3E0048CA00
 20:58:17.448 t20185F748F1EF1F1897A
 20:58:17.448 t202862128F1601F100FB
 20:58:17.448 t203880F08F2205C7EA04
 20:58:17.448 t20480000800000000000
 20:58:17.448 t2058D188A2027FFF5000
 20:58:17.547 t20083F33CF3E0048CA00
 20:58:17.548 t201841E0CF0EF1F1897A
 20:58:17.548 t20286212CF1AF1F101FB
 20:58:17.548 t203881E0CF2202784611
 20:58:17.548 t20480000C00000000000
 20:58:17.548 t2058D188E2027FFF5000
 20:58:17.647 t20083F360F3E0048CA00
 20:58:17.647 t201842120F0EF1F1897B
 20:58:17.648 t20286A970A3E49F900F9
 20:58:17.648 t203882130F223FF7EFFF
 20:58:17.648 t20480000000000000000
 20:58:17.648 t2058D18822027FFF5000
 20:58:17.747 t20083F394F3E0048CA00
 20:58:17.747 t20185E3E4F0EF1F1897B
 20:58:17.748 t20287F2A4F4A49F100F9
 20:58:17.748 t2038800052220097F5FE
 20:58:17.748 t20480000400000000000
 20:58:17.748 t2058D18862027FFF5000
 20:58:17.847 t20083F3C8F3E0048CA00
 20:58:17.847 t20185F2A8F0EA9F1897A
 20:58:17.847 t20287F2A8F1AA9F100FA
 20:58:17.847 t2038802692223FF7FFFF
 20:58:17.847 t20480000800000000000
 20:58:17.848 t2058D188A2027FFF5000
 20:58:17.947 t20083F3ECF3E0048CA00
 20:58:17.947 t20185F74CF1EF1F1897A
 20:58:17.947 t20286212CF1601F100FB
 20:58:17.948 t20389E80CF2207A7F9FE
 20:58:17.948 t20480000C00000000000
 20:58:17.948 t2058D188E2027FFF5000
 20:58:18.047 t20083F410F3E0048CA00
 20:58:18.047 t201841E00F0EF1F1897A
 20:58:18.048 t202862120F1AF1F101FB
 20:58:18.048 t20389F2B0F2204A811F3
 20:58:18.048 t20480000000000000000
 20:58:18.048 t2058D18822027FFF5000
 20:58:18.147 t20083F444F3E0048CA00
 20:58:18.147 t201842124F0EF1F1897B
 20:58:18.148 t20286A974A3E49F900F9
 20:58:18.148 t2038800B4F220707CDF6
 20:58:18.148 t20480000400000000000
 20:58:18.148 t2058D18862027FFF5000
 20:58:18.247 t20083F478F3E0048CA00
 20:58:18.247 t20185E3E8F0EF1F1897B
 20:58:18.247 t20287F2A8F4A49F100F9
 20:58:18.248 t203880F08F2205C7EA04
 20:58:18.248 t20480000800000000000
 20:58:18.248 t2058D188A2027FFF5000
 20:58:18.347 t20083F49CF3E0048CA00
 20:58:18.347 t20185F2ACF0EA9F1897A
 20:58:18.348 t20287F2ACF1AA9F100FA
 20:58:18.348 t203881E0CF2202784611
 20:58:18.348 t20480000C00000000000
 20:58:18.348 t2058D188E2027FFF5000
 20:58:18.447 t20083F4C0F3E0048CA00
 20:58:18.447 t20185F740F1EF1F1897A
 20:58:18.447 t202862120F1601F100FB
 20:58:18.447 t203882130F223FF7EFFF
 20:58:18.447 t20480000000000000000
 20:58:18.447 t2058D18822027FFF5000
 20:58:18.547 t20083F4F4F3E0048CA00
 20:58:18.547 t201841E04F0EF1F1897A
 20:58:18.547 t202862124F1AF1F101FB
 20:58:18.547 t2038800052220097F5FE
 20:58:18.547 t20480000400000000000
 20:58:18.547 t2058D18862027FFF5000
 20:58:18.647 t20083F528F3E0048CA00
 20:58:18.647 t201842128F0EF1F1897B
 20:58:18.647 t20286A978A3E49F900F9
 20:58:18.648 t2038802692223FF7FFFF
 20:58:18.648 t20480000800000000000
 20:58:18.648 t2058D188A2027FFF5000
 20:58:18.747 t20083F55CF3E0048CA00
 20:58:18.747 t20185E3ECF0EF1F1897B
 20:58:18.748 t20287F2ACF4A49F100F9
 20:58:18.748 t20389E80CF2207A7F9FE
 20:58:18.748 t20480000C00000000000
 20:58:18.748 t2058D188E2027FFF5000
 20:58:18.847 t20083F570F3E0048CA00
 20:58:18.847 t20185F2A0F0EA9F1897A
 20:58:18.847 t20287F2A0F1AA9F100FA
 20:58:18.848 t20389F2B0F2204A811F3
 20:58:18.848 t20480000000000000000
 20:58:18.848 t2058D18822027FFF5000
 20:58:18.947 t20083F5A4F3E0048CA00
 20:58:18.947 t20185F744F1EF1F1897A
 20:58:18.947 t202862124F1601F100FB
 20:58:18.948 t2038800B4F220707CDF6
 20:58:18.948 t20480000400000000000
 20:58:18.948 t2058D18862027FFF5000
 20:58:19.047 t20083F5D8F3E0048CA00
 20:58:19.047 t201841E08F0EF1F1897A
 20:58:19.047 t202862128F1AF1F101FB
 20:58:19.048 t203880F08F2205C7EA04
 20:58:19.048 t20480000800000000000
 20:58:19.048 t2058D188A2027FFF5000
 20:58:19.147 t20083F60CF3E0048CA00
 20:58:19.147 t20184212CF0EF1F1897B
 20:58:19.147 t20286A97CA3E49F900F9
 20:58:19.147 t203881E0CF2202784611
 20:58:19.147 t20480000C00000000000
 20:58:19.147 t2058D188E2027FFF5000
 20:58:19.247 t20083F620F3E0048CA00
 20:58:19.247 t20185E3E0F0EF1F1897B
 20:58:19.247 t20287F2A0F4A49F100F9
 20:58:19.247 t203882130F223FF7EFFF
 20:58:19.247 t20480000000000000000
 20:58:19.247 t2058D18822027FFF5000
 20:58:19.347 t20083F654F3E0048CA00
 20:58:19.347 t2018434D4F0CF1F1897A
 20:58:19.347 t20287F2A4F1AA9F100FA
 20:58:19.348 t2038800052220097F5FE
 20:58:19.348 t20480000400000000000
 20:58:19.348 t2058D18862027FFF5000
 20:58:19.447 t20083F688F3E0048CA00
 20:58:19.447 t20185E3E8F0EF1F1897B
 20:58:19.447 t202862128F1601F100FB
 20:58:19.448 t2038802692223FF7FFFF
 20:58:19.448 t20480000800000000000
 20:58:19.448 t2058D188A2027FFF5000
 20:58:19.547 t20083F6BCF3E0048CA00
 20:58:19.547 t20185F2ACF0EA9F1897A
 20:58:19.547 t20286212CF1AF1F101FB
 20:58:19.547 t20389E80CF2207A7F9FE
 20:58:19.548 t20480000C00000000000
 20:58:19.548 t2058D188E2027FFF5000
 20:58:19.647 t20083F6E0F3E0048CA00
 20:58:19.647 t20185F740F1EF1F1897A
 20:58:19.647 t20286A970A3E49F900F9
 20:58:19.647 t20389F2B0F2204A811F3
 20:58:19.647 t20480000000000000000
 20:58:19.647 t2058D18822027FFF5000
 20:58:19.747 t20083F704F3E0048CA00
 20:58:19.747 t201841E04F0EF1F1897A
 20:58:19.747 t20287F2A4F4A49F100F9
 20:58:19.747 t2038800B4F220707CDF6
 20:58:19.747 t20480000400000000000
 20:58:19.747 t2058D18862027FFF5000
 20:58:19.846 t20083F738F3E0048CA00
 20:58:19.847 t201842128F0EF1F1897B
 20:58:19.847 t20287F2A8F1AA9F100FA
 20:58:19.847 t203880F08F2205C7EA04
 20:58:19.847 t20480000800000000000
 20:58:19.847 t2058D188A2027FFF5000
 20:58:19.946 t20083F76CF3E0048CA00
 20:58:19.947 t2018434DCF0EF1F1897A
 20:58:19.947 t20286212CF1601F100FB
 20:58:19.947 t203881E0CF2202784611
 20:58:19.947 t20480000C00000000000
 20:58:19.947 t2058D188E2027FFF5000
 20:58:20.046 t20083F790F3E0048CA00
 20:58:20.047 t20185E3E0F0EF1F1897B
 20:58:20.047 t202862120F1AF1F101FB
 20:58:20.047 t203882130F223FF7EFFF
 20:58:20.047 t20480000000000000000
 20:58:20.047 t2058D18822027FFF5000
 20:58:20.146 t20083F7C4F3E0048CA00
 20:58:20.147 t20185F2A4F0EA9F1897A
 20:58:20.147 t20286A974A3E49F900F9
 20:58:20.147 t2038800052220097F5FE
 20:58:20.147 t20480000400000000000
 20:58:20.147 t2058D18862027FFF5000
 20:58:20.246 t20083F7F8F3E0048CA00
 20:58:20.247 t20185F748F1EF1F1897A
 20:58:20.247 t20287F2A8F4A49F100F9
 20:58:20.247 t2038802692223FF7FFFF
 20:58:20.247 t20480000800000000000
 20:58:20.248 t2058D188A2027FFF5000
 20:58:20.347 t20083F81CF3E0048CA00
 20:58:20.347 t201841E0CF0EF1F1897A
 20:58:20.347 t20287F2ACF1AA9F100FA
 20:58:20.347 t20388213CF200BE7EE09
 20:58:20.347 t20480000C00000000000
 20:58:20.348 t2058D188E2027FFF5000
 20:58:20.447 t20083F840F3E0048CA00
 20:58:20.447 t201842120F0EF1F1897B
 20:58:20.447 t202862120F1601F100FB
 20:58:20.448 t20389F2B0F2204A811F3
 20:58:20.448 t20480000000000000000
 20:58:20.448 t2058D18822027FFF5000
 20:58:20.546 t20083F874F3E0048CA00
 20:58:20.546 t2018434D4F0EF1F1897A
 20:58:20.547 t202862124F1AF1F101FB
 20:58:20.547 t2038800B4F220707CDF6
 20:58:20.547 t20480000400000000000
 20:58:20.547 t2058D18862027FFF5000
 20:58:20.647 t20083F8A8F3E0048CA00
 20:58:20.647 t20185E3E8F0EF1F1897B
 20:58:20.647 t20286A978A3E49F900F9
 20:58:20.648 t203880F08F2205C7EA04
 20:58:20.648 t20480000800000000000
 20:58:20.648 t2058D188A2027FFF5000
 20:58:20.747 t20083F8CCF3E0048CA00
 20:58:20.748 t20185F2ACF0EA9F1897A
 20:58:20.748 t20287F2ACF4A49F100F9
 20:58:20.748 t203881E0CF2202784611
 20:58:20.748 t20480000C00000000000
 20:58:20.748 t2058D188E2027FFF5000
 20:58:20.847 t20083F8F0F3E0048CA00
 20:58:20.848 t20185F740F1EF1F1897A
 20:58:20.848 t20287F2A0F1AA9F100FA
 20:58:20.848 t203882130F220BE7EE09
 20:58:20.848 t20480000000000000000
 20:58:20.848 t2058D18822027FFF5000
 20:58:20.947 t20083F924F3E0048CA00
 20:58:20.948 t201841E04F0EF1F1897A
 20:58:20.948 t20286A974A3E49F900F9
 20:58:20.948 t2038800052220097F5FE
 20:58:20.948 t20480000400000000000
 20:58:20.949 t2058D18862027FFF5000
 20:58:21.047 t20083F958F3E0048CA00
 20:58:21.048 t201842128F0EF1F1897B
 20:58:21.048 t202862128F1601F100FB
 20:58:21.048 t2038802692223FF7FFFF
 20:58:21.048 t20480000800000000000
 20:58:21.048 t2058D188A2027FFF5000
 20:58:21.147 t20083F98CF3E0048CA00
 20:58:21.147 t2018434DCF0EF1F1897A
 20:58:21.147 t20286212CF1AF1F101FB
 20:58:21.147 t20389F2BCF2204A811F3
 20:58:21.148 t20480000C00000000000
 20:58:21.148 t2058D188E2027FFF5000
 20:58:21.247 t20083F9A0F3E0048CA00
 20:58:21.247 t20185F2A0F0EA9F1897A
 20:58:21.247 t20286A970A3E49F900F9
 20:58:21.248 t2038800B0F220707CDF6
 20:58:21.248 t20480000000000000000
 20:58:21.248 t2058D18822027FFF5000
 20:58:21.347 t20083F9D4F3E0048CA00
 20:58:21.348 t20185F744F1EF1F1897A
 20:58:21.348 t202862124F1601F100FB
 20:58:21.348 t203880F04F2205C7EA04
 20:58:21.348 t20480000400000000000
 20:58:21.349 t2058D18862027FFF5000
 20:58:21.447 t20083FA08F3E0048CA00
 20:58:21.447 t201841E08F0EF1F1897A
 20:58:21.448 t202862128F1AF1F101FB
 20:58:21.448 t203881E08F2202784611
 20:58:21.448 t20480000800000000000
 20:58:21.448 t2058D188A2027FFF5000
 20:58:21.547 t20083FA3CF3E0048CA00
 20:58:21.547 t20184212CF0EF1F1897B
 20:58:21.548 t20286A97CA3E49F900F9
 20:58:21.548 t20388213CF220BE7EE09
 20:58:21.548 t20480000C00000000000
 20:58:21.548 t2058D188E2027FFF5000
 20:58:21.647 t20083FA50F3E0048CA00
 20:58:21.647 t2018434D0F0EF1F1897A
 20:58:21.648 t202862120F1601F100FB
 20:58:21.648 t2038800012220097F5FE
 20:58:21.648 t20480000000000000000
 20:58:21.648 t2058D18822027FFF5000
 20:58:21.747 t20083FA84F3E0048CA00
 20:58:21.747 t20185F2A4F0EA9F1897A
 20:58:21.748 t202862124F1AF1F101FB
 20:58:21.748 t2038802652223FF7FFFF
 20:58:21.749 t20480000400000000000
 20:58:21.749 t2058D18862027FFF5000
 20:58:21.847 t20083FAB8F3E0048CA00
 20:58:21.847 t20185F748F1EF1F1897A
 20:58:21.847 t20286A978A3E49F900F9
 20:58:21.847 t20389F2B8F2204A811F3
 20:58:21.847 t20480000800000000000
 20:58:21.848 t2058D188A2027FFF5000
 20:58:21.947 t20083FAECF3E0048CA00
 20:58:21.947 t201841E0CF0EF1F1897A
 20:58:21.947 t20286212CF1601F100FB
 20:58:21.947 t2038800BCF220707CDF6
 20:58:21.947 t20480000C00000000000
 20:58:21.947 t2058D188E2027FFF5000
 20:58:22.047 t20083FB10F3E0048CA00
 20:58:22.047 t201842120F0EF1F1897B
 20:58:22.048 t202862120F1AF1F101FB
 20:58:22.048 t203880F00F2205C7EA04
 20:58:22.048 t20480000000000000000
 20:58:22.048 t2058D18822027FFF5000
 20:58:22.147 t20083FB34F3E0048CA00
 20:58:22.147 t2018434D4F0EF1F1897A
 20:58:22.148 t20286A974A3E49F900F9
 20:58:22.148 t203881E04F2202784611
 20:58:22.148 t20480000400000000000
 20:58:22.148 t2058D18862027FFF5000
 20:58:22.247 t20083FB68F3E0048CA00
 20:58:22.247 t20185F2A8F0EA9F1897A
 20:58:22.247 t202862128F1601F100FB
 20:58:22.247 t203882138F220BE7EE09
 20:58:22.247 t20480000800000000000
 20:58:22.248 t2058D188A2027FFF5000
 20:58:22.347 t20083FB9CF3E0048CA00
 20:58:22.347 t20185F74CF1EF1F1897A
 20:58:22.348 t20286212CF1AF1F101FB
 20:58:22.348 t20389F2BCF2204A811F3
 20:58:22.348 t20480000C00000000000
 20:58:22.348 t2058D188E2027FFF5000
 20:58:22.447 t20083FBC0F3E0048CA00
 20:58:22.447 t201841E00F0EF1F1897A
 20:58:22.448 t20286A970A3E49F900F9
 20:58:22.448 t2038800B0F220707CDF6
 20:58:22.448 t20480000000000000000
 20:58:22.448 t2058D18822027FFF5000
 20:58:22.547 t20083FBE4F3E0048CA00
 20:58:22.547 t201842124F0EF1F1897B
 20:58:22.547 t202862124F1601F100FB
 20:58:22.547 t203880F04F2205C7EA04
 20:58:22.547 t20480000400000000000
 20:58:22.547 t2058D18862027FFF5000
 20:58:22.647 t20083FC18F3E0048CA00
 20:58:22.647 t2018434D8F0EF1F1897A
 20:58:22.647 t202862128F1AF1F101FB
 20:58:22.647 t203881E08F2202784611
 20:58:22.647 t20480000800000000000
 20:58:22.647 t2058D188A2027FFF5000
 20:58:22.747 t20083FC4CF3E0048CA00
 20:58:22.747 t201843A8CF0CF1F1A97B
 20:58:22.747 t202863A8CF1401F101FB
 20:58:22.747 t20388213CF220BE7EE09
 20:58:22.748 t20480000C00000000000
 20:58:22.748 t2058D188E2027FFF5000
 20:58:22.847 t20083FC70F3E0048CA00
 20:58:22.847 t20185F2A0F0EA9F1897A
 20:58:22.847 t202863A80F18F1F100FB
 20:58:22.848 t20389F2B0F2204A811F3
 20:58:22.848 t20480000000000000000
 20:58:22.848 t2058D18822027FFF5000
 20:58:22.947 t20083FCA4F3E0048CA00
 20:58:22.947 t20185F744F1EF1F1897A
 20:58:22.947 t20286A974A3E49F900F9
 20:58:22.948 t2038800B4F220707CDF6
 20:58:22.948 t20480000400000000000
 20:58:22.948 t2058D18862027FFF5000
 20:58:23.047 t20083FCC8F3E0048CA00
 20:58:23.047 t201841E08F0EF1F1897A
 20:58:23.047 t202862128F1601F100FB
 20:58:23.048 t203880F08F2205C7EA04
 20:58:23.048 t20480000800000000000
 20:58:23.048 t2058D188A2027FFF5000
 20:58:23.147 t20083FCFCF3E0048CA00
 20:58:23.147 t20184212CF0EF1F1897B
 20:58:23.147 t20286212CF1AF1F101FB
 20:58:23.147 t203881E0CF2202784611
 20:58:23.148 t20480000C00000000000
 20:58:23.148 t2058D188E2027FFF5000
 20:58:23.247 t20083FD20F3E0048CA00
 20:58:23.247 t2018434D0F0EF1F1897A
 20:58:23.247 t202863A80F1601F101FB
 20:58:23.247 t203882130F220BE7EE09
 20:58:23.247 t20480000000000000000
 20:58:23.247 t2058D18822027FFF5000
 20:58:23.347 t20083FD54F3E0048CA00
 20:58:23.347 t201843A84F0EF1F1A97B
 20:58:23.347 t202863A84F1AF1F100FB
 20:58:23.347 t20389F2B4F2204A811F3
 20:58:23.347 t20480000400000000000
 20:58:23.348 t2058D18862027FFF5000
 20:58:23.447 t20083FD78F3E0048CA00
 20:58:23.447 t20185F2A8F0EA9F1897A
 20:58:23.447 t20286A978A3E49F900F9
 20:58:23.447 t2038800B8F220707CDF6
 20:58:23.448 t20480000800000000000
 20:58:23.448 t2058D188A2027FFF5000
 20:58:23.547 t20083FDACF3E0048CA00
 20:58:23.547 t20185F74CF1EF1F1897A
 20:58:23.547 t20286212CF1601F100FB
 20:58:23.547 t203880F0CF2205C7EA04
 20:58:23.548 t20480000C00000000000
 20:58:23.548 t2058D188E2027FFF5000
 20:58:23.647 t20083FDD0F3E0048CA00
 20:58:23.647 t201841E00F0EF1F1897A
 20:58:23.647 t202862120F1AF1F101FB
 20:58:23.647 t203881E00F2202784611
 20:58:23.648 t20480000000000000000
 20:58:23.648 t2058D18822027FFF5000
 20:58:23.747 t20083FE04F3E0048CA00
 20:58:23.747 t201842124F0EF1F1897B
 20:58:23.747 t202863A84F1601F101FB
 20:58:23.747 t203882134F220BE7EE09
 20:58:23.748 t20480000400000000000
 20:58:23.748 t2058D18862027FFF5000
 20:58:23.846 t20083FE38F3E0048CA00
 20:58:23.846 t2018434D8F0EF1F1897A
 20:58:23.847 t202863A88F1AF1F100FB
 20:58:23.847 t20389F2B8F2204A811F3
 20:58:23.847 t20480000800000000000
 20:58:23.847 t2058D188A2027FFF5000
 20:58:23.946 t20083FE5CF3E0048CA00
 20:58:23.946 t201843A8CF0EF1F1A97B
 20:58:23.947 t20286A97CA3E49F900F9
 20:58:23.947 t2038800BCF220707CDF6
 20:58:23.947 t20480000C00000000000
 20:58:23.947 t2058D188E2027FFF5000
 20:58:24.046 t20083FE80F3E0048CA00
 20:58:24.047 t20185F740F1EF1F1897A
 20:58:24.047 t202862120F1601F100FB
 20:58:24.047 t203880F00F2205C7EA04
 20:58:24.047 t20480000000000000000
 20:58:24.047 t2058D18822027FFF5000
 20:58:24.147 t20083FEB4F3E0048CA00
 20:58:24.147 t201841E04F0EF1F1897A
 20:58:24.147 t202862124F1AF1F101FB
 20:58:24.147 t203881E04F2202784611
 20:58:24.147 t20480000400000000000
 20:58:24.148 t2058D18862027FFF5000
 20:58:24.246 t20083FEE8F3E0048CA00
 20:58:24.247 t201842128F0EF1F1897B
 20:58:24.247 t202863A88F1601F101FB
 20:58:24.247 t203882138F220BE7EE09
 20:58:24.247 t20480000800000000000
 20:58:24.248 t2058D188A2027FFF5000
 20:58:24.346 t20083FF0CF3E0048CA00
 20:58:24.347 t2018434DCF0EF1F1897A
 20:58:24.347 t202863A8CF1AF1F100FB
 20:58:24.347 t20389F2BCF2204A811F3
 20:58:24.347 t20480000C00000000000
 20:58:24.347 t2058D188E2027FFF5000
 20:58:24.446 t20083FF30F3E0048CA00
 20:58:24.447 t201843A80F0EF1F1A97B
 20:58:24.447 t20286A970A3E49F900F9
 20:58:24.447 t2038800B0F220707CDF6
 20:58:24.447 t20480000000000000000
 20:58:24.447 t2058D18822027FFF5000
 20:58:24.547 t20083FF64F3E0048CA00
 20:58:24.547 t20185F744F1EF1F1897A
 20:58:24.547 t202862124F1601F100FB
 20:58:24.548 t203880F04F2205C7EA04
 20:58:24.548 t20480000400000000000
 20:58:24.548 t2058D18862027FFF5000
 20:58:24.647 t20083FF98F3E0048CA00
 20:58:24.647 t201841E08F0EF1F1897A
 20:58:24.647 t202862128F1AF1F101FB
 20:58:24.647 t203881E08F2202784611
 20:58:24.648 t20480000800000000000
 20:58:24.648 t2058D188A2027FFF5000
 20:58:24.747 t20083FFCCF3E0048CA00
 20:58:24.748 t20184212CF0EF1F1897B
 20:58:24.748 t202863A8CF1601F101FB
 20:58:24.748 t2038834ECF2001F7FDFF
 20:58:24.748 t20480000C00000000000
 20:58:24.748 t2058D188E2027FFF5000
 20:58:24.847 t20083FFE0F3E0048CA00
 20:58:24.847 t2018434D0F0EF1F1897A
 20:58:24.848 t202863A80F1AF1F100FB
 20:58:24.848 t203883870F2002280202
 20:58:24.848 t20480000000000000000
 20:58:24.848 t2058D18822027FFF5000
 20:58:24.947 t200820024F3E0048CA00
 20:58:24.947 t201843A84F0EF1F1A97B
 20:58:24.947 t20286A974A3E49F900F9
 20:58:24.948 t203883C14F2000F80E04
 20:58:24.948 t20480000400000000000
 20:58:24.948 t2058D18862027FFF5000
 20:58:25.047 t200820058F3E0048CA00
 20:58:25.047 t20185F748F1EF1F1897A
 20:58:25.048 t202862128F1601F100FB
 20:58:25.048 t203883EA8F2000781606
 20:58:25.048 t20480000800000000000
 20:58:25.048 t2058D188A2027FFF5000
 20:58:25.147 t20082008CF3E0048CA00
 20:58:25.147 t201841E0CF0EF1F1897A
 20:58:25.147 t20286212CF1AF1F101FB
 20:58:25.148 t2038800BCF220707CDF6
 20:58:25.148 t20480000C00000000000
 20:58:25.148 t2058D188E2027FFF5000
 20:58:25.247 t2008200A0F3E0048CA00
 20:58:25.247 t201842120F0EF1F1897B
 20:58:25.247 t202863A80F1601F101FB
 20:58:25.247 t203880F00F2205C7EA04
 20:58:25.247 t20480000000000000000
 20:58:25.247 t2058D18822027FFF5000
 20:58:25.347 t2008200D4F3E0048CA00
 20:58:25.347 t2018434D4F0EF1F1897A
 20:58:25.347 t202863A84F1AF1F100FB
 20:58:25.348 t203881E04F2202784611
 20:58:25.348 t20480000400000000000
 20:58:25.348 t2058D18862027FFF5000
 20:58:25.447 t200820108F3E0048CA00
 20:58:25.447 t201843A88F0EF1F1A97B
 20:58:25.447 t20286A978A3E49F900F9
 20:58:25.447 t203882138F220BE7EE09
 20:58:25.447 t20480000800000000000
 20:58:25.448 t2058D188A2027FFF5000
 20:58:25.547 t20082013CF3E0048CA00
 20:58:25.547 t20185F74CF1EF1F1897A
 20:58:25.547 t20286212CF1601F100FB
 20:58:25.548 t2038834ECF2201F7FDFF
 20:58:25.548 t20480000C00000000000
 20:58:25.548 t2058D188E2027FFF5000
 20:58:25.647 t200820160F3E0048CA00
 20:58:25.647 t201841E00F0EF1F1897A
 20:58:25.648 t202862120F1AF1F101FB
 20:58:25.648 t203883870F2202280202
 20:58:25.648 t20480000000000000000
 20:58:25.648 t2058D18822027FFF5000
 20:58:25.747 t200820184F3E0048CA00
 20:58:25.748 t201842124F0EF1F1897B
 20:58:25.748 t202863A84F1601F101FB
 20:58:25.748 t203883C14F2200F80E04
 20:58:25.748 t20480000400000000000
 20:58:25.748 t2058D18862027FFF5000
 20:58:25.847 t2008201B8F3E0048CA00
 20:58:25.847 t2018434D8F0EF1F1897A
 20:58:25.847 t202863A88F1AF1F100FB
 20:58:25.847 t203883EA8F2200781606
 20:58:25.847 t20480000800000000000
 20:58:25.847 t2058D188A2027FFF5000
 20:58:25.947 t2008201ECF3E0048CA00
 20:58:25.947 t201843A8CF0EF1F1A97B
 20:58:25.947 t20286A97CA3E49F900F9
 20:58:25.947 t2038800BCF220707CDF6
 20:58:25.947 t20480000C00000000000
 20:58:25.947 t2058D188E2027FFF5000
 20:58:26.047 t200820210F3E0048CA00
 20:58:26.047 t20185F740F1EF1F1897A
 20:58:26.047 t202862120F1601F100FB
 20:58:26.048 t203880F00F2205C7EA04
 20:58:26.048 t20480000000000000000
 20:58:26.048 t2058D18822027FFF5000
 20:58:26.147 t200820234F3E0048CA00
 20:58:26.147 t201841E04F0EF1F1897A
 20:58:26.147 t202862124F1AF1F101FB
 20:58:26.148 t203881E04F2202784611
 20:58:26.148 t20480000400000000000
 20:58:26.148 t2058D18862027FFF5000
 20:58:26.247 t200820268F3E0048CA00
 20:58:26.247 t201842128F0EF1F1897B
 20:58:26.247 t202863A88F1601F101FB
 20:58:26.248 t203882138F220BE7EE09
 20:58:26.248 t20480000800000000000
 20:58:26.248 t2058D188A2027FFF5000
 20:58:26.347 t20082029CF3E0048CA00
 20:58:26.347 t2018434DCF0EF1F1897A
 20:58:26.347 t202863A8CF1AF1F100FB
 20:58:26.348 t2038834ECF2201F7FDFF
 20:58:26.348 t20480000C00000000000
 20:58:26.348 t2058D188E2027FFF5000
 20:58:26.447 t2008202C0F3E0048CA00
 20:58:26.447 t201843A80F0EF1F1A97B
 20:58:26.447 t20286A970A3E49F900F9
 20:58:26.447 t203883870F2202280202
 20:58:26.448 t20480000000000000000
 20:58:26.448 t2058D18822027FFF5000
 20:58:26.547 t2008202F4F3E0048CA00
 20:58:26.547 t20185F744F1EF1F1897A
 20:58:26.547 t202862124F1601F100FB
 20:58:26.547 t203883C14F2200F80E04
 20:58:26.547 t20480000400000000000
 20:58:26.547 t2058D18862027FFF5000
 20:58:26.647 t200820318F3E0048CA00
 20:58:26.647 t201841E08F0EF1F1897A
 20:58:26.647 t202862128F1AF1F101FB
 20:58:26.647 t203883EA8F2200781606
 20:58:26.647 t20480000800000000000
 20:58:26.647 t2058D188A2027FFF5000
 20:58:26.747 t20082034CF3E0048CA00
 20:58:26.747 t20184212CF0EF1F1897B
 20:58:26.747 t202863A8CF1601F101FB
 20:58:26.748 t2038800BCF220707CDF6
 20:58:26.748 t20480000C00000000000
 20:58:26.748 t2058D188E2027FFF5000
 20:58:26.847 t200820370F3E0048CA00
 20:58:26.847 t2018434D0F0EF1F1897A
 20:58:26.847 t202863A80F1AF1F100FB
 20:58:26.847 t203880F00F2205C7EA04
 20:58:26.848 t20480000000000000000
 20:58:26.848 t2058D18822027FFF5000
 20:58:26.947 t2008203A4F3E0048CA00
 20:58:26.947 t201843A84F0EF1F1A97B
 20:58:26.947 t20286A974A3E49F900F9
 20:58:26.947 t203881E04F2202784611
 20:58:26.948 t20480000400000000000
 20:58:26.948 t2058D18862027FFF5000
 20:58:27.047 t2008203C8F3E0048CA00
 20:58:27.047 t20185F748F1EF1F1897A
 20:58:27.047 t202862128F1601F100FB
 20:58:27.047 t203882138F220BE7EE09
 20:58:27.047 t20480000800000000000
 20:58:27.048 t2058D188A2027FFF5000
 20:58:27.147 t2008203FCF3E0048CA00
 20:58:27.147 t201841E0CF0EF1F1897A
 20:58:27.147 t20286212CF1AF1F101FB
 20:58:27.147 t2038834ECF2201F7FDFF
 20:58:27.147 t20480000C00000000000
 20:58:27.147 t2058D188E2027FFF5000
 20:58:27.246 t200820420F3E0048CA00
 20:58:27.247 t201842120F0EF1F1897B
 20:58:27.247 t202863A80F1601F101FB
 20:58:27.247 t203883870F2202280202
 20:58:27.247 t20480000000000000000
 20:58:27.247 t2058D18822027FFF5000
 20:58:27.347 t200820454F3E0048CA00
 20:58:27.347 t2018434D4F0EF1F1897A
 20:58:27.347 t202863A84F1AF1F100FB
 20:58:27.347 t203883C14F2200F80E04
 20:58:27.347 t20480000400000000000
 20:58:27.348 t2058D18862027FFF5000
 20:58:27.447 t200820488F3E0048CA00
 20:58:27.447 t201843A88F0EF1F1A97B
 20:58:27.447 t20286A978A3E49F900F9
 20:58:27.447 t203883EA8F2200781606
 20:58:27.447 t20480000800000000000
 20:58:27.448 t2058D188A2027FFF5000
 20:58:27.546 t2008204ACF3E0048CA00
 20:58:27.547 t20185F74CF1EF1F1897A
 20:58:27.547 t20286212CF1601F100FB
 20:58:27.547 t2038800BCF220707CDF6
 20:58:27.547 t20480000C00000000000
 20:58:27.547 t2058D188E2027FFF5000
 20:58:27.646 t2008204D0F3E0048CA00
 20:58:27.646 t201841E00F0EF1F1897A
 20:58:27.647 t202862120F1AF1F101FB
 20:58:27.647 t203880F00F2205C7EA04
 20:58:27.647 t20480000000000000000
 20:58:27.647 t2058D18822027FFF5000
 20:58:27.746 t200820504F3E0048CA00
 20:58:27.747 t201842124F0EF1F1897B
 20:58:27.747 t202863A84F1601F101FB
 20:58:27.747 t203881E04F2202784611
 20:58:27.747 t20480000400000000000
 20:58:27.747 t2058D18862027FFF5000
 20:58:27.846 t200820538F3E0048CA00
 20:58:27.846 t2018434D8F0EF1F1897A
 20:58:27.847 t202863A88F1AF1F100FB
 20:58:27.847 t203882138F220BE7EE09
 20:58:27.847 t20480000800000000000
 20:58:27.847 t2058D188A2027FFF5000
 20:58:27.946 t20082055CF3E0048CA00
 20:58:27.947 t201843A8CF0EF1F1A97B
 20:58:27.947 t20286A97CA3E49F900F9
 20:58:27.947 t2038834ECF2201F7FDFF
 20:58:27.947 t20480000C00000000000
 20:58:27.947 t2058D188E2027FFF5000
 20:58:28.046 t200820580F3E0048CA00
 20:58:28.047 t20185F740F1EF1F1897A
 20:58:28.047 t202862120F1601F100FB
 20:58:28.047 t203883870F2202280202
 20:58:28.047 t20480000000000000000
 20:58:28.047 t2058D18822027FFF5000
 20:58:28.146 t2008205B4F3E0048CA00
 20:58:28.147 t201841E04F0EF1F1897A
 20:58:28.147 t202862124F1AF1F101FB
 20:58:28.147 t203883C14F2200F80E04
 20:58:28.147 t20480000400000000000
 20:58:28.147 t2058D18862027FFF5000
 20:58:28.246 t2008205E8F3E0048CA00
 20:58:28.246 t201842128F0EF1F1897B
 20:58:28.247 t202863A88F1601F101FB
 20:58:28.247 t203883EA8F2200781606
 20:58:28.247 t20480000800000000000
 20:58:28.247 t2058D188A2027FFF5000
 20:58:28.346 t20082061CF3E0048CA00
 20:58:28.347 t2018434DCF0EF1F1897A
 20:58:28.347 t202863A8CF1AF1F100FB
 20:58:28.347 t2038800BCF220707CDF6
 20:58:28.347 t20480000C00000000000
 20:58:28.347 t2058D188E2027FFF5000
 20:58:28.446 t200820630F3E0048CA00
 20:58:28.447 t201843A80F0EF1F1A97B
 20:58:28.447 t20286A970A3E49F900F9
 20:58:28.447 t203880F00F2205C7EA04
 20:58:28.447 t20480000000000000000
 20:58:28.447 t2058D18822027FFF5000
 20:58:28.546 t200820664F3E0048CA00
 20:58:28.546 t20185F744F1EF1F1897A
 20:58:28.546 t202862124F1601F100FB
 20:58:28.546 t203881E04F2202784611
 20:58:28.547 t20480000400000000000
 20:58:28.547 t2058D18862027FFF5000
 20:58:28.647 t200820698F3E0048CA00
 20:58:28.647 t201841E08F0EF1F1897A
 20:58:28.647 t202862128F1AF1F101FB
 20:58:28.647 t203882138F220BE7EE09
 20:58:28.648 t20480000800000000000
 20:58:28.648 t2058D188A2027FFF5000
 20:58:28.747 t2008206CCF3E0048CA00
 20:58:28.747 t20184212CF0EF1F1897B
 20:58:28.748 t202863A8CF1601F101FB
 20:58:28.748 t2038834ECF2201F7FDFF
 20:58:28.748 t20480000C00000000000
 20:58:28.748 t2058D188E2027FFF5000
 20:58:28.847 t2008206E0F3E0048CA00
 20:58:28.847 t2018434D0F0EF1F1897A
 20:58:28.848 t202863A80F1AF1F100FB
 20:58:28.848 t203883870F2202280202
 20:58:28.848 t20480000000000000000
 20:58:28.848 t2058D18822027FFF5000
 20:58:28.947 t200820714F3E0048CA00
 20:58:28.947 t201843A84F0EF1F1A97B
 20:58:28.948 t20286A974A3E49F900F9
 20:58:28.948 t203883C14F2200F80E04
 20:58:28.948 t20480000400000000000
 20:58:28.948 t2058D18862027FFF5000
 20:58:29.047 t200820748F3E0048CA00
 20:58:29.047 t20185F748F1EF1F1897A
 20:58:29.048 t202862128F1601F100FB
 20:58:29.048 t203883EA8F2200781606
 20:58:29.048 t20480000800000000000
 20:58:29.048 t2058D188A2027FFF5000
 20:58:29.147 t20082077CF3E0048CA00
 20:58:29.147 t201841E0CF0EF1F1897A
 20:58:29.147 t20286212CF1AF1F101FB
 20:58:29.148 t2038800BCF220707CDF6
 20:58:29.148 t20480000C00000000000
 20:58:29.148 t2058D188E2027FFF5000
 20:58:29.247 t2008207A0F3E0048CA00
 20:58:29.247 t201842120F0EF1F1897B
 20:58:29.247 t202863A80F1601F101FB
 20:58:29.247 t203880F00F2205C7EA04
 20:58:29.247 t20480000000000000000
 20:58:29.248 t2058D18822027FFF5000
 20:58:29.347 t2008207C4F3E0048CA00
 20:58:29.347 t2018434D4F0EF1F1897A
 20:58:29.347 t202863A84F1AF1F100FB
 20:58:29.347 t203881E04F2202784611
 20:58:29.347 t20480000400000000000
 20:58:29.347 t2058D18862027FFF5000
 20:58:29.447 t2008207F8F3E0048CA00
 20:58:29.447 t201843A88F0EF1F1A97B
 20:58:29.447 t20286A978A3E49F900F9
 20:58:29.448 t203882138F220BE7EE09
 20:58:29.448 t20480000800000000000
 20:58:29.448 t2058D188A2027FFF5000
 20:58:29.547 t20082082CF3E0048CA00
 20:58:29.547 t20185F74CF1EF1F1897A
 20:58:29.548 t20286212CF1601F100FB
 20:58:29.548 t2038834ECF2201F7FDFF
 20:58:29.548 t20480000C00000000000
 20:58:29.548 t2058D188E2027FFF5000
 20:58:29.647 t200820850F3E0048CA00
 20:58:29.647 t201841E00F0EF1F1897A
 20:58:29.647 t202862120F1AF1F101FB
 20:58:29.647 t203883870F2202280202
 20:58:29.647 t20480000000000000000
 20:58:29.647 t2058D18822027FFF5000
 20:58:29.747 t200820874F3E0048CA00
 20:58:29.747 t201842124F0EF1F1897B
 20:58:29.747 t202863A84F1601F101FB
 20:58:29.747 t203883C14F2200F80E04
 20:58:29.747 t20480000400000000000
 20:58:29.747 t2058D18862027FFF5000
 20:58:29.847 t2008208A8F3E0048CA00
 20:58:29.847 t2018434D8F0EF1F1897A
 20:58:29.847 t202863A88F1AF1F100FB
 20:58:29.847 t203883EA8F2200781606
 20:58:29.847 t20480000800000000000
 20:58:29.847 t2058D188A2027FFF5000
 20:58:29.947 t2008208DCF3E0048CA00
 20:58:29.947 t201843A8CF0EF1F1A97B
 20:58:29.947 t20286A97CA3E49F900F9
 20:58:29.947 t2038800BCF220707CDF6
 20:58:29.947 t20480000C00000000000
 20:58:29.947 t2058D188E2027FFF5000
 20:58:30.047 t200820900F3E0048CA00
 20:58:30.047 t20185F740F1EF1F1897A
 20:58:30.047 t202862120F1601F100FB
 20:58:30.047 t203880F00F2205C7EA04
 20:58:30.047 t20480000000000000000
 20:58:30.047 t2058D18822027FFF5000
 20:58:30.147 t200820934F3E0048CA00
 20:58:30.147 t201841E04F0EF1F1897A
 20:58:30.147 t202862124F1AF1F101FB
 20:58:30.148 t203881E04F2202784611
 20:58:30.148 t20480000400000000000
 20:58:30.148 t2058D18862027FFF5000
 20:58:30.247 t200820958F3E0048CA00
 20:58:30.247 t201842128F0EF1F1897B
 20:58:30.247 t202863A88F1601F101FB
 20:58:30.247 t203882138F220BE7EE09
 20:58:30.248 t20480000800000000000
 20:58:30.248 t2058D188A2027FFF5000
 20:58:30.347 t20082098CF3E0048CA00
 20:58:30.347 t2018434DCF0EF1F1897A
 20:58:30.347 t202863A8CF1AF1F100FB
 20:58:30.347 t2038834ECF2201F7FDFF
 20:58:30.348 t20480000C00000000000
 20:58:30.348 t2058D188E2027FFF5000
 20:58:30.447 t2008209B0F3E0048CA00
 20:58:30.447 t201843A80F0EF1F1A97B
 20:58:30.447 t20286A970A3E49F900F9
 20:58:30.447 t203883870F2202280202
 20:58:30.448 t20480000000000000000
 20:58:30.448 t2058D18822027FFF5000
 20:58:30.547 t2008209E4F3E0048CA00
 20:58:30.547 t20185F744F1EF1F1897A
 20:58:30.547 t202862124F1601F100FB
 20:58:30.547 t203883C14F2200F80E04
 20:58:30.548 t20480000400000000000
 20:58:30.548 t2058D18862027FFF5000
 20:58:30.646 t200820A08F3E0048CA00
 20:58:30.647 t201841E08F0EF1F1897A
 20:58:30.647 t202862128F1AF1F101FB
 20:58:30.647 t203883EA8F2200781606
 20:58:30.647 t20480000800000000000
 20:58:30.647 t2058D188A2027FFF5000
 20:58:30.746 t200820A3CF3E0048CA00
 20:58:30.747 t20184212CF0EF1F1897B
 20:58:30.747 t202863A8CF1601F101FB
 20:58:30.747 t2038800BCF220707CDF6
 20:58:30.747 t20480000C00000000000
 20:58:30.747 t2058D188E2027FFF5000
 20:58:30.847 t200820A60F3E0048CA00
 20:58:30.847 t2018434D0F0EF1F1897A
 20:58:30.847 t202863A80F1AF1F100FB
 20:58:30.847 t203880F00F2205C7EA04
 20:58:30.847 t20480000000000000000
 20:58:30.848 t2058D18822027FFF5000
 20:58:30.947 t200820A94F3E0048CA00
 20:58:30.947 t2018448E4F0CF1F1A97A
 20:58:30.947 t20286A974A3E49F900F9
 20:58:30.947 t203881E04F2202784611
 20:58:30.947 t20480000400000000000
 20:58:30.948 t2058D18862027FFF5000
 20:58:31.047 t200820AC8F3E0048CA00
 20:58:31.047 t20185F748F1EF1F1897A
 20:58:31.047 t202862128F1601F100FB
 20:58:31.047 t203882138F220BE7EE09
 20:58:31.048 t20480000800000000000
 20:58:31.048 t2058D188A2027FFF5000
 20:58:31.147 t200820AECF3E0048CA00
 20:58:31.147 t201841E0CF0EF1F1897A
 20:58:31.147 t20286212CF1AF1F101FB
 20:58:31.147 t2038834ECF2201F7FDFF
 20:58:31.148 t20480000C00000000000
 20:58:31.148 t2058D188E2027FFF5000
 20:58:31.247 t200820B10F3E0048CA00
 20:58:31.247 t201842120F0EF1F1897B
 20:58:31.247 t202863A80F1601F101FB
 20:58:31.247 t203883870F2202280202
 20:58:31.247 t20480000000000000000
 20:58:31.248 t2058D18822027FFF5000
 20:58:31.346 t200820B44F3E0048CA00
 20:58:31.346 t2018434D4F0EF1F1897A
 20:58:31.347 t202863A84F1AF1F100FB
 20:58:31.347 t203883C14F2200F80E04
 20:58:31.347 t20480000400000000000
 20:58:31.347 t2058D18862027FFF5000
 20:58:31.446 t200820B78F3E0048CA00
 20:58:31.446 t201843A88F0EF1F1A97B
 20:58:31.446 t20286A978A3E49F900F9
 20:58:31.449 t203883EA8F2200781606
 20:58:31.454 t20480000800000000000
 20:58:31.455 t2058D188A2027FFF5000
 20:58:31.546 t200820B9CF3E0048CA00
 20:58:31.547 t2018448ECF0EF1F1A97A
 20:58:31.547 t20286212CF1601F100FB
 20:58:31.547 t2038800BCF220707CDF6
 20:58:31.547 t20480000C00000000000
 20:58:31.548 t2058D188E2027FFF5000
 20:58:31.646 t200820BC0F3E0048CA00
 20:58:31.647 t20185F740F1EF1F1897A
 20:58:31.647 t202862120F1AF1F101FB
 20:58:31.647 t203880F00F2205C7EA04
 20:58:31.647 t20480000000000000000
 20:58:31.648 t2058D18822027FFF5000
 20:58:31.746 t200820BF4F3E0048CA00
 20:58:31.747 t201841E04F0EF1F1897A
 20:58:31.747 t202863A84F1601F101FB
 20:58:31.747 t203881E04F2202784611
 20:58:31.747 t20480000400000000000
 20:58:31.748 t2058D18862027FFF5000
 20:58:31.846 t200820C28F3E0048CA00
 20:58:31.847 t201842128F0EF1F1897B
 20:58:31.847 t202863A88F1AF1F100FB
 20:58:31.847 t203882138F220BE7EE09
 20:58:31.847 t20480000800000000000
 20:58:31.848 t2058D188A2027FFF5000
 20:58:31.946 t200820C5CF3E0048CA00
 20:58:31.947 t2018434DCF0EF1F1897A
 20:58:31.947 t20286A97CA3E49F900F9
 20:58:31.947 t2038834ECF2201F7FDFF
 20:58:31.947 t20480000C00000000000
 20:58:31.947 t2058D188E2027FFF5000
 20:58:32.046 t200820C70F3E0048CA00
 20:58:32.046 t201843A80F0EF1F1A97B
 20:58:32.047 t202862120F1601F100FB
 20:58:32.047 t203883870F2202280202
 20:58:32.047 t20480000000000000000
 20:58:32.047 t2058D18822027FFF5000
 20:58:32.146 t200820CA4F3E0048CA00
 20:58:32.146 t2018448E4F0EF1F1A97A
 20:58:32.146 t202862124F1AF1F101FB
 20:58:32.146 t203883C14F2200F80E04
 20:58:32.146 t20480000400000000000
 20:58:32.147 t2058D18862027FFF5000
 20:58:32.246 t200820CD8F3E0048CA00
 20:58:32.247 t20185F748F1EF1F1897A
 20:58:32.247 t202863A88F1601F101FB
 20:58:32.247 t203883EA8F2200781606
 20:58:32.247 t20480000800000000000
 20:58:32.247 t2058D188A2027FFF5000
 20:58:32.346 t200820D0CF3E0048CA00
 20:58:32.346 t201841E0CF0EF1F1897A
 20:58:32.347 t202863A8CF1AF1F100FB
 20:58:32.347 t2038800BCF220707CDF6
 20:58:32.347 t20480000C00000000000
 20:58:32.347 t2058D188E2027FFF5000
 20:58:32.447 t200820D20F3E0048CA00
 20:58:32.447 t201842120F0EF1F1897B
 20:58:32.448 t20286A970A3E49F900F9
 20:58:32.448 t203880F00F2205C7EA04
 20:58:32.449 t20480000000000000000
 20:58:32.449 t2058D18822027FFF5000
 20:58:32.547 t200820D54F3E0048CA00
 20:58:32.547 t2018434D4F0EF1F1897A
 20:58:32.548 t202862124F1601F100FB
 20:58:32.548 t203881E04F2202784611
 20:58:32.548 t20480000400000000000
 20:58:32.549 t2058D18862027FFF5000
 20:58:32.647 t200820D88F3E0048CA00
 20:58:32.647 t201843A88F0EF1F1A97B
 20:58:32.647 t202862128F1AF1F101FB
 20:58:32.647 t203882138F220BE7EE09
 20:58:32.647 t20480000800000000000
 20:58:32.647 t2058D188A2027FFF5000
 20:58:32.747 t200820DBCF3E0048CA00
 20:58:32.747 t2018448ECF0EF1F1A97A
 20:58:32.747 t202863A8CF1601F101FB
 20:58:32.747 t2038834ECF2201F7FDFF
 20:58:32.747 t20480000C00000000000
 20:58:32.747 t2058D188E2027FFF5000
 20:58:32.847 t200820DE0F3E0048CA00
 20:58:32.847 t20185F740F1EF1F1897A
 20:58:32.848 t202863A80F1AF1F100FB
 20:58:32.848 t203883870F2202280202
 20:58:32.848 t20480000000000000000
 20:58:32.849 t2058D18822027FFF5000
 20:58:32.947 t200820E04F3E0048CA00
 20:58:32.947 t201841E04F0EF1F1897A
 20:58:32.948 t20286A974A3E49F900F9
 20:58:32.948 t203883C14F2200F80E04
 20:58:32.948 t20480000400000000000
 20:58:32.949 t2058D18862027FFF5000
 20:58:33.047 t200820E38F3E0048CA00
 20:58:33.047 t201842128F0EF1F1897B
 20:58:33.048 t202862128F1601F100FB
 20:58:33.048 t203883EA8F2200781606
 20:58:33.049 t20480000800000000000
 20:58:33.049 t2058D188A2027FFF5000
 20:58:33.147 t200820E6CF3E0048CA00
 20:58:33.147 t2018434DCF0EF1F1897A
 20:58:33.148 t20286212CF1AF1F101FB
 20:58:33.148 t2038800BCF220707CDF6
 20:58:33.148 t20480000C00000000000
 20:58:33.149 t2058D188E2027FFF5000
 20:58:33.247 t200820E90F3E0048CA00
 20:58:33.247 t201843A80F0EF1F1A97B
 20:58:33.248 t202863A80F1601F101FB
 20:58:33.248 t203880F00F2205C7EA04
 20:58:33.248 t20480000000000000000
 20:58:33.249 t2058D18822027FFF5000
 20:58:33.347 t200820EB4F3E0048CA00
 20:58:33.347 t2018448E4F0EF1F1A97A
 20:58:33.347 t202863A84F1AF1F100FB
 20:58:33.347 t203881E04F2202784611
 20:58:33.347 t20480000400000000000
 20:58:33.347 t2058D18862027FFF5000
 20:58:33.447 t200820EE8F3E0048CA00
 20:58:33.447 t20185F748F1EF1F1897A
 20:58:33.447 t20286A978A3E49F900F9
 20:58:33.447 t203882138F220BE7EE09
 20:58:33.447 t20480000800000000000
 20:58:33.447 t2058D188A2027FFF5000
 20:58:33.547 t200820F1CF3E0048CA00
 20:58:33.547 t201841E0CF0EF1F1897A
 20:58:33.547 t20286212CF1601F100FB
 20:58:33.548 t2038834ECF2201F7FDFF
 20:58:33.548 t20480000C00000000000
 20:58:33.549 t2058D188E2027FFF5000
 20:58:33.647 t200820F40F3E0048CA00
 20:58:33.647 t201842120F0EF1F1897B
 20:58:33.648 t202862120F1AF1F101FB
 20:58:33.648 t203883870F2202280202
 20:58:33.648 t20480000000000000000
 20:58:33.649 t2058D18822027FFF5000
 20:58:33.747 t200820F74F3E0048CA00
 20:58:33.749 t2018434D4F0EF1F1897A
 20:58:33.749 t202863A84F1601F101FB
 20:58:33.749 t203883C14F2200F80E04
 20:58:33.749 t20480000400000000000
 20:58:33.749 t2058D18862027FFF5000
 20:58:33.847 t200820F98F3E0048CA00
 20:58:33.847 t201843A88F0EF1F1A97B
 20:58:33.848 t202863A88F1AF1F100FB
 20:58:33.849 t203883EA8F2200781606
 20:58:33.849 t20480000800000000000
 20:58:33.849 t2058D188A2027FFF5000
 20:58:33.947 t200820FCCF3E0048CA00
 20:58:33.947 t2018448ECF0EF1F1A97A
 20:58:33.947 t20286A97CA3E49F900F9
 20:58:33.947 t2038800BCF220707CDF6
 20:58:33.947 t20480000C00000000000
 20:58:33.948 t2058D188E2027FFF5000
 20:58:34.047 t200820FF0F3E0048CA00
 20:58:34.047 t20185F740F1EF1F1897A
 20:58:34.047 t202862120F1601F100FB
 20:58:34.047 t203880F00F2205C7EA04
 20:58:34.047 t20480000000000000000
 20:58:34.047 t2058D18822027FFF5000
 20:58:34.147 t200821024F3E0048CA00
 20:58:34.147 t201841E04F0EF1F1897A
 20:58:34.147 t202862124F1AF1F101FB
 20:58:34.147 t203884154F2001A82208
 20:58:34.147 t20480000400000000000
 20:58:34.147 t2058D18862027FFF5000
 20:58:34.247 t200821048F3E0048CA00
 20:58:34.247 t201842128F0EF1F1897B
 20:58:34.247 t202863A88F1601F101FB
 20:58:34.248 t2038845D8F20027801FF
 20:58:34.248 t20480000800000000000
 20:58:34.248 t2058D188A2027FFF5000
 20:58:34.347 t20082107CF3E0048CA00
 20:58:34.347 t2018434DCF0EF1F1897A
 20:58:34.347 t202863A8CF1AF1F100FB
 20:58:34.348 t2038848CCF2000280A05
 20:58:34.348 t20480000C00000000000
 20:58:34.348 t2058D188E2027FFF5000
 20:58:34.447 t2008210A0F3E0048CA00
 20:58:34.447 t201843A80F0EF1F1A97B
 20:58:34.447 t20286A970A3E49F900F9
 20:58:34.447 t203880F00F2205C7EA04
 20:58:34.447 t20480000000000000000
 20:58:34.447 t2058D18822027FFF5000
 20:58:34.547 t2008210D4F3E0048CA00
 20:58:34.547 t2018448E4F0EF1F1A97A
 20:58:34.547 t202862124F1601F100FB
 20:58:34.548 t203881E04F2202784611
 20:58:34.548 t20480000400000000000
 20:58:34.548 t2058D18862027FFF5000
 20:58:34.646 t200821108F3E0048CA00
 20:58:34.647 t20185F748F1EF1F1897A
 20:58:34.647 t202862128F1AF1F101FB
 20:58:34.647 t203882138F220BE7EE09
 20:58:34.647 t20480000800000000000
 20:58:34.647 t2058D188A2027FFF5000
 20:58:34.746 t20082112CF3E0048CA00
 20:58:34.747 t201841E0CF0EF1F1897A
 20:58:34.747 t202863A8CF1601F101FB
 20:58:34.747 t2038834ECF2201F7FDFF
 20:58:34.747 t20480000C00000000000
 20:58:34.747 t2058D188E2027FFF5000
 20:58:34.846 t200821150F3E0048CA00
 20:58:34.847 t201842120F0EF1F1897B
 20:58:34.847 t202863A80F1AF1F100FB
 20:58:34.847 t203883870F2202280202
 20:58:34.847 t20480000000000000000
 20:58:34.847 t2058D18822027FFF5000
 20:58:34.947 t200821184F3E0048CA00
 20:58:34.947 t2018434D4F0EF1F1897A
 20:58:34.947 t20286A974A3E49F900F9
 20:58:34.948 t203883C14F2200F80E04
 20:58:34.948 t20480000400000000000
 20:58:34.948 t2058D18862027FFF5000
 20:58:35.047 t2008211B8F3E0048CA00
 20:58:35.047 t201843A88F0EF1F1A97B
 20:58:35.047 t202862128F1601F100FB
 20:58:35.048 t203883EA8F2200781606
 20:58:35.048 t20480000800000000000
 20:58:35.048 t2058D188A2027FFF5000
 20:58:35.147 t2008211DCF3E0048CA00
 20:58:35.147 t2018448ECF0EF1F1A97A
 20:58:35.148 t20286212CF1AF1F101FB
 20:58:35.148 t20388415CF2201A82208
 20:58:35.148 t20480000C00000000000
 20:58:35.148 t2058D188E2027FFF5000
 20:58:35.247 t200821200F3E0048CA00
 20:58:35.247 t20185F740F1EF1F1897A
 20:58:35.247 t202863A80F1601F101FB
 20:58:35.248 t2038845D0F22027801FF
 20:58:35.248 t20480000000000000000
 20:58:35.248 t2058D18822027FFF5000
 20:58:35.346 t200821234F3E0048CA00
 20:58:35.346 t201841E04F0EF1F1897A
 20:58:35.347 t202863A84F1AF1F100FB
 20:58:35.347 t2038848C4F2200280A05
 20:58:35.347 t20480000400000000000
 20:58:35.347 t2058D18862027FFF5000
 20:58:35.446 t200821268F3E0048CA00
 20:58:35.446 t201842128F0EF1F1897B
 20:58:35.447 t20286A978A3E49F900F9
 20:58:35.447 t203880F08F2205C7EA04
 20:58:35.447 t20480000800000000000
 20:58:35.447 t2058D188A2027FFF5000
 20:58:35.546 t20082129CF3E0048CA00
 20:58:35.547 t2018434DCF0EF1F1897A
 20:58:35.547 t20286212CF1601F100FB
 20:58:35.548 t203881E0CF2202784611
 20:58:35.548 t20480000C00000000000
 20:58:35.548 t2058D188E2027FFF5000
 20:58:35.646 t2008212B0F3E0048CA00
 20:58:35.647 t201843A80F0EF1F1A97B
 20:58:35.647 t202862120F1AF1F101FB
 20:58:35.648 t203882130F220BE7EE09
 20:58:35.648 t20480000000000000000
 20:58:35.648 t2058D18822027FFF5000
 20:58:35.746 t2008212E4F3E0048CA00
 20:58:35.747 t2018448E4F0EF1F1A97A
 20:58:35.747 t202863A84F1601F101FB
 20:58:35.747 t2038834E4F2201F7FDFF
 20:58:35.748 t20480000400000000000
 20:58:35.748 t2058D18862027FFF5000
 20:58:35.846 t200821318F3E0048CA00
 20:58:35.846 t20185F748F1EF1F1897A
 20:58:35.847 t202863A88F1AF1F100FB
 20:58:35.847 t203883878F2202280202
 20:58:35.848 t20480000800000000000
 20:58:35.848 t2058D188A2027FFF5000
 20:58:35.946 t20082134CF3E0048CA00
 20:58:35.947 t201841E0CF0EF1F1897A
 20:58:35.947 t20286A97CA3E49F900F9
 20:58:35.947 t203883C1CF2200F80E04
 20:58:35.948 t20480000C00000000000
 20:58:35.948 t2058D188E2027FFF5000
 20:58:36.046 t200821360F3E0048CA00
 20:58:36.046 t201842120F0EF1F1897B
 20:58:36.046 t202862120F1601F100FB
 20:58:36.047 t203883EA0F2200781606
 20:58:36.047 t20480000000000000000
 20:58:36.047 t2058D18822027FFF5000
 20:58:36.146 t200821394F3E0048CA00
 20:58:36.146 t2018434D4F0EF1F1897A
 20:58:36.146 t202862124F1AF1F101FB
 20:58:36.146 t203884154F2201A82208
 20:58:36.147 t20480000400000000000
 20:58:36.147 t2058D18862027FFF5000
 20:58:36.246 t2008213C8F3E0048CA00
 20:58:36.247 t201843A88F0EF1F1A97B
 20:58:36.247 t202863A88F1601F101FB
 20:58:36.247 t2038845D8F22027801FF
 20:58:36.247 t20480000800000000000
 20:58:36.248 t2058D188A2027FFF5000
 20:58:36.346 t2008213FCF3E0048CA00
 20:58:36.347 t2018448ECF0EF1F1A97A
 20:58:36.347 t202863A8CF1AF1F100FB
 20:58:36.348 t2038848CCF2200280A05
 20:58:36.348 t20480000C00000000000
 20:58:36.348 t2058D188E2027FFF5000
 20:58:36.446 t200821420F3E0048CA00
 20:58:36.447 t20185F740F1EF1F1897A
 20:58:36.447 t20286A970A3E49F900F9
 20:58:36.447 t203880F00F2205C7EA04
 20:58:36.447 t20480000000000000000
 20:58:36.448 t2058D18822027FFF5000
 20:58:36.546 t200821444F3E0048CA00
 20:58:36.546 t201841E04F0EF1F1897A
 20:58:36.547 t202862124F1601F100FB
 20:58:36.547 t203881E04F2202784611
 20:58:36.548 t20480000400000000000
 20:58:36.548 t2058D18862027FFF5000
 20:58:36.646 t200821478F3E0048CA00
 20:58:36.646 t201842128F0EF1F1897B
 20:58:36.647 t202862128F1AF1F101FB
 20:58:36.648 t203882138F220BE7EE09
 20:58:36.648 t20480000800000000000
 20:58:36.648 t2058D188A2027FFF5000
 20:58:36.748 t2008214ACF3E0048CA00
 20:58:36.748 t2018434DCF0EF1F1897A
 20:58:36.748 t202863A8CF1601F101FB
 20:58:36.748 t2038834ECF2201F7FDFF
 20:58:36.748 t20480000C00000000000
 20:58:36.748 t2058D188E2027FFF5000
 20:58:36.847 t2008214D0F3E0048CA00
 20:58:36.847 t201843A80F0EF1F1A97B
 20:58:36.848 t202863A80F1AF1F100FB
 20:58:36.848 t203883870F2202280202
 20:58:36.848 t20480000000000000000
 20:58:36.848 t2058D18822027FFF5000
 20:58:36.948 t2008214F4F3E0048CA00
 20:58:36.948 t2018448E4F0EF1F1A97A
 20:58:36.948 t20286A974A3E49F900F9
 20:58:36.949 t203883C14F2200F80E04
 20:58:36.949 t20480000400000000000
 20:58:36.949 t2058D18862027FFF5000
 20:58:37.048 t200821528F3E0048CA00
 20:58:37.049 t20185F748F1EF1F1897A
 20:58:37.049 t202862128F1601F100FB
 20:58:37.049 t203883EA8F2200781606
 20:58:37.049 t20480000800000000000
 20:58:37.049 t2058D188A2027FFF5000
 20:58:37.147 t20082155CF3E0048CA00
 20:58:37.148 t201841E0CF0EF1F1897A
 20:58:37.148 t20286212CF1AF1F101FB
 20:58:37.149 t20388415CF2201A82208
 20:58:37.149 t20480000C00000000000
 20:58:37.149 t2058D188E2027FFF5000
 20:58:37.247 t200821580F3E0048CA00
 20:58:37.248 t201842120F0EF1F1897B
 20:58:37.248 t202863A80F1601F101FB
 20:58:37.248 t2038845D0F22027801FF
 20:58:37.249 t20480000000000000000
 20:58:37.249 t2058D18822027FFF5000
 20:58:37.347 t2008215B4F3E0048CA00
 20:58:37.347 t2018434D4F0EF1F1897A
 20:58:37.347 t202863A84F1AF1F100FB
 20:58:37.348 t2038848C4F2200280A05
 20:58:37.348 t20480000400000000000
 20:58:37.348 t2058D18862027FFF5000
 20:58:37.447 t2008215D8F3E0048CA00
 20:58:37.447 t201843A88F0EF1F1A97B
 20:58:37.447 t20286A978A3E49F900F9
 20:58:37.447 t203880F08F2205C7EA04
 20:58:37.447 t20480000800000000000
 20:58:37.447 t2058D188A2027FFF5000
 20:58:37.547 t20082160CF3E0048CA00
End TriggerBlock
